Overriding config with config/train_baby_baseline.py:
# Baby GPT baseline with AdamW optimizer
# Based on CIFAR-10 experiments, this is for comparison with Grassmann Muon

out_dir = '/net/scratch2/junyuren/nanoGPT-manifold/out-baby-baseline'
eval_interval = 500
eval_iters = 200
log_interval = 10
always_save_checkpoint = True

wandb_log = False  # set to True if using wandb
wandb_project = 'nanogpt-manifold'
wandb_run_name = 'baby-adamw-baseline'

# dataset
dataset = 'shakespeare_char'  # use 'wikitext-2' for larger experiments
gradient_accumulation_steps = 1
batch_size = 64
block_size = 256

# Baby GPT model
n_layer = 6
n_head = 6
n_embd = 384
dropout = 0.2  # nanoGPT standard for Shakespeare (small dataset)
bias = False

# AdamW optimizer
learning_rate = 1e-3
max_iters = 5000
lr_decay_iters = 5000
min_lr = 1e-4
weight_decay = 1e-1
beta1 = 0.9
beta2 = 0.99  # nanoGPT standard (bigger for small token count)
grad_clip = 1.0

# learning rate schedule (cosine with warmup)
decay_lr = True
warmup_iters = 100

# system
device = 'cuda'
dtype = 'bfloat16'
compile = True

# Grassmann disabled for baseline
use_grassmann = False

tokens per iteration will be: 16,384
found vocab_size = 65 (inside data/shakespeare_char/meta.pkl)
Initializing a new model from scratch
number of parameters: 10.65M
num decayed parameter tensors: 26, with 10,740,096 parameters
num non-decayed parameter tensors: 13, with 4,992 parameters
using fused AdamW: True
compiling the model... (takes a ~minute)
step 0: train loss 4.2874, val loss 4.2823
iter 0: loss 4.2654, time 25182.87ms, mfu -100.00%
iter 10: loss 3.1462, time 16.00ms, mfu 23.30%
iter 20: loss 2.7310, time 16.22ms, mfu 23.26%
iter 30: loss 2.6176, time 16.02ms, mfu 23.26%
iter 40: loss 2.5754, time 15.26ms, mfu 23.38%
iter 50: loss 2.5250, time 14.73ms, mfu 23.57%
iter 60: loss 2.5141, time 14.53ms, mfu 23.78%
iter 70: loss 2.4946, time 15.33ms, mfu 23.83%
iter 80: loss 2.4935, time 13.75ms, mfu 24.16%
iter 90: loss 2.4702, time 14.15ms, mfu 24.37%
iter 100: loss 2.4766, time 15.06ms, mfu 24.41%
iter 110: loss 2.4612, time 19.34ms, mfu 23.90%
iter 120: loss 2.4269, time 19.99ms, mfu 23.37%
iter 130: loss 2.4096, time 20.35ms, mfu 22.86%
iter 140: loss 2.4028, time 11.86ms, mfu 23.72%
iter 150: loss 2.4101, time 16.21ms, mfu 23.65%
iter 160: loss 2.3650, time 16.17ms, mfu 23.59%
iter 170: loss 2.3821, time 15.89ms, mfu 23.57%
iter 180: loss 2.3220, time 16.08ms, mfu 23.53%
iter 190: loss 2.2583, time 16.27ms, mfu 23.47%
iter 200: loss 2.2091, time 15.89ms, mfu 23.47%
iter 210: loss 2.1384, time 16.49ms, mfu 23.38%
iter 220: loss 2.1492, time 15.83ms, mfu 23.40%
iter 230: loss 2.0751, time 16.33ms, mfu 23.34%
iter 240: loss 2.0771, time 16.24ms, mfu 23.30%
iter 250: loss 2.0340, time 16.34ms, mfu 23.25%
iter 260: loss 2.0118, time 16.67ms, mfu 23.16%
iter 270: loss 1.9932, time 16.27ms, mfu 23.13%
iter 280: loss 1.9602, time 22.18ms, mfu 22.50%
iter 290: loss 1.9490, time 16.33ms, mfu 22.53%
iter 300: loss 1.8872, time 16.68ms, mfu 22.51%
iter 310: loss 1.8848, time 16.27ms, mfu 22.55%
iter 320: loss 1.8507, time 15.69ms, mfu 22.67%
iter 330: loss 1.8407, time 16.24ms, mfu 22.70%
iter 340: loss 1.8158, time 16.42ms, mfu 22.70%
iter 350: loss 1.7989, time 16.18ms, mfu 22.73%
iter 360: loss 1.7813, time 15.99ms, mfu 22.79%
iter 370: loss 1.7639, time 16.28ms, mfu 22.80%
iter 380: loss 1.7347, time 15.92ms, mfu 22.86%
iter 390: loss 1.7088, time 15.93ms, mfu 22.91%
iter 400: loss 1.7228, time 16.37ms, mfu 22.90%
iter 410: loss 1.7036, time 16.19ms, mfu 22.91%
iter 420: loss 1.6966, time 15.90ms, mfu 22.96%
iter 430: loss 1.6546, time 16.93ms, mfu 22.87%
iter 440: loss 1.6808, time 15.79ms, mfu 22.94%
iter 450: loss 1.6745, time 15.63ms, mfu 23.03%
iter 460: loss 1.6750, time 15.78ms, mfu 23.09%
iter 470: loss 1.6575, time 15.96ms, mfu 23.11%
iter 480: loss 1.6222, time 15.73ms, mfu 23.17%
iter 490: loss 1.6201, time 16.08ms, mfu 23.17%
step 500: train loss 1.5301, val loss 1.7215
saving checkpoint to /net/scratch2/junyuren/nanoGPT-manifold/out-baby-baseline
iter 500: loss 1.6155, time 4619.16ms, mfu 20.86%
iter 510: loss 1.6010, time 24.45ms, mfu 20.30%
iter 520: loss 1.5632, time 24.46ms, mfu 19.79%
iter 530: loss 1.5987, time 24.30ms, mfu 19.35%
iter 540: loss 1.5528, time 24.41ms, mfu 18.94%
iter 550: loss 1.5700, time 24.83ms, mfu 18.55%
iter 560: loss 1.5539, time 24.30ms, mfu 18.22%
iter 570: loss 1.5776, time 24.80ms, mfu 17.91%
iter 580: loss 1.5512, time 24.94ms, mfu 17.61%
iter 590: loss 1.5063, time 16.55ms, mfu 18.10%
iter 600: loss 1.5328, time 15.96ms, mfu 18.62%
iter 610: loss 1.4831, time 15.93ms, mfu 19.10%
iter 620: loss 1.5059, time 16.15ms, mfu 19.50%
iter 630: loss 1.4879, time 19.86ms, mfu 19.42%
iter 640: loss 1.4784, time 20.03ms, mfu 19.34%
iter 650: loss 1.5158, time 19.82ms, mfu 19.29%
iter 660: loss 1.5197, time 20.04ms, mfu 19.22%
iter 670: loss 1.4310, time 19.86ms, mfu 19.17%
iter 680: loss 1.5011, time 19.93ms, mfu 19.13%
iter 690: loss 1.4808, time 20.05ms, mfu 19.07%
iter 700: loss 1.4866, time 19.81ms, mfu 19.05%
iter 710: loss 1.4520, time 19.91ms, mfu 19.01%
iter 720: loss 1.4323, time 19.73ms, mfu 19.00%
iter 730: loss 1.4289, time 19.93ms, mfu 18.97%
iter 740: loss 1.4422, time 20.00ms, mfu 18.94%
iter 750: loss 1.4412, time 20.24ms, mfu 18.88%
iter 760: loss 1.4059, time 21.50ms, mfu 18.73%
iter 770: loss 1.4097, time 21.90ms, mfu 18.56%
iter 780: loss 1.3965, time 23.10ms, mfu 18.31%
iter 790: loss 1.4025, time 23.07ms, mfu 18.10%
iter 800: loss 1.4336, time 22.80ms, mfu 17.92%
iter 810: loss 1.4224, time 23.19ms, mfu 17.74%
iter 820: loss 1.4048, time 22.58ms, mfu 17.61%
iter 830: loss 1.3879, time 22.88ms, mfu 17.48%
iter 840: loss 1.3774, time 24.48ms, mfu 17.26%
iter 850: loss 1.3968, time 24.66ms, mfu 17.04%
iter 860: loss 1.4028, time 24.47ms, mfu 16.86%
iter 870: loss 1.3894, time 24.67ms, mfu 16.68%
iter 880: loss 1.3354, time 16.80ms, mfu 17.23%
iter 890: loss 1.4055, time 14.31ms, mfu 18.11%
iter 900: loss 1.3634, time 15.60ms, mfu 18.69%
iter 910: loss 1.3810, time 16.16ms, mfu 19.13%
iter 920: loss 1.3738, time 15.98ms, mfu 19.55%
iter 930: loss 1.3480, time 16.17ms, mfu 19.90%
iter 940: loss 1.4075, time 16.04ms, mfu 20.23%
iter 950: loss 1.3682, time 15.91ms, mfu 20.55%
iter 960: loss 1.3667, time 16.08ms, mfu 20.81%
iter 970: loss 1.3589, time 15.81ms, mfu 21.09%
iter 980: loss 1.3308, time 16.11ms, mfu 21.29%
iter 990: loss 1.3086, time 16.10ms, mfu 21.48%
step 1000: train loss 1.2730, val loss 1.5322
saving checkpoint to /net/scratch2/junyuren/nanoGPT-manifold/out-baby-baseline
iter 1000: loss 1.3311, time 9511.03ms, mfu 19.33%
iter 1010: loss 1.3202, time 24.71ms, mfu 18.91%
iter 1020: loss 1.3360, time 24.99ms, mfu 18.51%
iter 1030: loss 1.3284, time 24.71ms, mfu 18.17%
iter 1040: loss 1.3240, time 24.22ms, mfu 17.89%
iter 1050: loss 1.3395, time 21.62ms, mfu 17.82%
iter 1060: loss 1.3323, time 23.18ms, mfu 17.65%
iter 1070: loss 1.3260, time 22.92ms, mfu 17.51%
iter 1080: loss 1.2936, time 23.23ms, mfu 17.36%
iter 1090: loss 1.3159, time 23.05ms, mfu 17.24%
iter 1100: loss 1.3330, time 23.03ms, mfu 17.14%
iter 1110: loss 1.3182, time 22.96ms, mfu 17.04%
iter 1120: loss 1.3288, time 22.76ms, mfu 16.98%
iter 1130: loss 1.3118, time 22.72ms, mfu 16.92%
iter 1140: loss 1.3079, time 22.67ms, mfu 16.87%
iter 1150: loss 1.3042, time 23.04ms, mfu 16.80%
iter 1160: loss 1.3132, time 22.71ms, mfu 16.76%
iter 1170: loss 1.2921, time 23.00ms, mfu 16.71%
iter 1180: loss 1.2927, time 22.99ms, mfu 16.66%
iter 1190: loss 1.2847, time 22.82ms, mfu 16.62%
iter 1200: loss 1.2966, time 23.02ms, mfu 16.58%
iter 1210: loss 1.2811, time 22.66ms, mfu 16.57%
iter 1220: loss 1.2820, time 22.74ms, mfu 16.55%
iter 1230: loss 1.2644, time 22.99ms, mfu 16.51%
iter 1240: loss 1.2872, time 22.91ms, mfu 16.49%
iter 1250: loss 1.2794, time 23.14ms, mfu 16.45%
iter 1260: loss 1.2769, time 22.87ms, mfu 16.43%
iter 1270: loss 1.2814, time 22.95ms, mfu 16.41%
iter 1280: loss 1.2551, time 22.94ms, mfu 16.40%
iter 1290: loss 1.2718, time 23.10ms, mfu 16.37%
iter 1300: loss 1.2556, time 22.88ms, mfu 16.36%
iter 1310: loss 1.2200, time 22.68ms, mfu 16.37%
iter 1320: loss 1.2506, time 22.66ms, mfu 16.38%
iter 1330: loss 1.2577, time 21.97ms, mfu 16.43%
iter 1340: loss 1.2418, time 22.45ms, mfu 16.45%
iter 1350: loss 1.2470, time 22.45ms, mfu 16.47%
iter 1360: loss 1.2623, time 22.42ms, mfu 16.48%
iter 1370: loss 1.2521, time 22.30ms, mfu 16.50%
iter 1380: loss 1.2515, time 22.35ms, mfu 16.52%
iter 1390: loss 1.2342, time 22.23ms, mfu 16.54%
iter 1400: loss 1.2433, time 22.02ms, mfu 16.58%
iter 1410: loss 1.2420, time 22.31ms, mfu 16.59%
iter 1420: loss 1.2379, time 25.50ms, mfu 16.40%
iter 1430: loss 1.2445, time 23.90ms, mfu 16.32%
iter 1440: loss 1.2430, time 23.83ms, mfu 16.25%
iter 1450: loss 1.2487, time 24.05ms, mfu 16.17%
iter 1460: loss 1.2248, time 24.15ms, mfu 16.10%
iter 1470: loss 1.2188, time 24.15ms, mfu 16.03%
iter 1480: loss 1.2258, time 23.76ms, mfu 16.00%
iter 1490: loss 1.2539, time 23.80ms, mfu 15.96%
step 1500: train loss 1.1502, val loss 1.4761
saving checkpoint to /net/scratch2/junyuren/nanoGPT-manifold/out-baby-baseline
iter 1500: loss 1.2318, time 8205.32ms, mfu 14.37%
iter 1510: loss 1.2154, time 24.12ms, mfu 14.48%
iter 1520: loss 1.2091, time 23.75ms, mfu 14.60%
iter 1530: loss 1.2101, time 23.55ms, mfu 14.72%
iter 1540: loss 1.2109, time 23.73ms, mfu 14.82%
iter 1550: loss 1.2222, time 23.58ms, mfu 14.92%
iter 1560: loss 1.2374, time 23.43ms, mfu 15.02%
iter 1570: loss 1.2104, time 23.64ms, mfu 15.09%
iter 1580: loss 1.2412, time 23.88ms, mfu 15.14%
iter 1590: loss 1.1840, time 23.72ms, mfu 15.20%
iter 1600: loss 1.2090, time 23.57ms, mfu 15.26%
iter 1610: loss 1.1794, time 23.79ms, mfu 15.30%
iter 1620: loss 1.2236, time 23.47ms, mfu 15.36%
iter 1630: loss 1.2121, time 23.64ms, mfu 15.40%
iter 1640: loss 1.2213, time 23.66ms, mfu 15.43%
iter 1650: loss 1.1932, time 23.65ms, mfu 15.47%
iter 1660: loss 1.1999, time 23.42ms, mfu 15.51%
iter 1670: loss 1.2039, time 23.55ms, mfu 15.54%
iter 1680: loss 1.1971, time 23.50ms, mfu 15.57%
iter 1690: loss 1.2252, time 23.43ms, mfu 15.61%
iter 1700: loss 1.2006, time 23.48ms, mfu 15.63%
iter 1710: loss 1.1714, time 23.50ms, mfu 15.66%
iter 1720: loss 1.1792, time 23.64ms, mfu 15.67%
iter 1730: loss 1.1890, time 23.64ms, mfu 15.68%
iter 1740: loss 1.1782, time 23.69ms, mfu 15.68%
iter 1750: loss 1.1706, time 23.72ms, mfu 15.68%
iter 1760: loss 1.1836, time 23.60ms, mfu 15.69%
iter 1770: loss 1.1694, time 23.59ms, mfu 15.70%
iter 1780: loss 1.1833, time 23.78ms, mfu 15.70%
iter 1790: loss 1.1914, time 23.56ms, mfu 15.71%
iter 1800: loss 1.1482, time 23.69ms, mfu 15.71%
iter 1810: loss 1.1876, time 23.64ms, mfu 15.72%
iter 1820: loss 1.1586, time 23.62ms, mfu 15.72%
iter 1830: loss 1.1620, time 23.78ms, mfu 15.72%
iter 1840: loss 1.1379, time 23.88ms, mfu 15.71%
iter 1850: loss 1.1797, time 23.95ms, mfu 15.69%
iter 1860: loss 1.1621, time 23.66ms, mfu 15.70%
iter 1870: loss 1.1613, time 23.56ms, mfu 15.71%
iter 1880: loss 1.2071, time 23.47ms, mfu 15.73%
iter 1890: loss 1.1405, time 23.61ms, mfu 15.73%
iter 1900: loss 1.1823, time 23.78ms, mfu 15.73%
iter 1910: loss 1.1844, time 23.69ms, mfu 15.73%
iter 1920: loss 1.1457, time 23.56ms, mfu 15.74%
iter 1930: loss 1.1797, time 23.62ms, mfu 15.74%
iter 1940: loss 1.1402, time 23.74ms, mfu 15.74%
iter 1950: loss 1.1624, time 23.52ms, mfu 15.75%
iter 1960: loss 1.1585, time 23.70ms, mfu 15.74%
iter 1970: loss 1.1269, time 21.31ms, mfu 15.92%
iter 1980: loss 1.1503, time 21.20ms, mfu 16.08%
iter 1990: loss 1.1217, time 21.18ms, mfu 16.23%
step 2000: train loss 1.0543, val loss 1.4596
saving checkpoint to /net/scratch2/junyuren/nanoGPT-manifold/out-baby-baseline
iter 2000: loss 1.1714, time 9006.20ms, mfu 14.61%
iter 2010: loss 1.1517, time 24.23ms, mfu 14.69%
iter 2020: loss 1.1590, time 23.98ms, mfu 14.78%
iter 2030: loss 1.1356, time 24.20ms, mfu 14.84%
iter 2040: loss 1.1484, time 24.22ms, mfu 14.89%
iter 2050: loss 1.1317, time 24.14ms, mfu 14.95%
iter 2060: loss 1.1181, time 24.16ms, mfu 15.00%
iter 2070: loss 1.1576, time 24.35ms, mfu 15.03%
iter 2080: loss 1.1368, time 24.12ms, mfu 15.07%
iter 2090: loss 1.1303, time 24.22ms, mfu 15.10%
iter 2100: loss 1.1135, time 24.48ms, mfu 15.11%
iter 2110: loss 1.1276, time 24.83ms, mfu 15.10%
iter 2120: loss 1.1230, time 24.22ms, mfu 15.13%
iter 2130: loss 1.1496, time 24.44ms, mfu 15.14%
iter 2140: loss 1.1112, time 21.63ms, mfu 15.35%
iter 2150: loss 1.1010, time 19.64ms, mfu 15.71%
iter 2160: loss 1.1053, time 22.73ms, mfu 15.78%
iter 2170: loss 1.1182, time 23.13ms, mfu 15.81%
iter 2180: loss 1.1206, time 22.73ms, mfu 15.87%
iter 2190: loss 1.1551, time 24.55ms, mfu 15.80%
iter 2200: loss 1.1250, time 24.38ms, mfu 15.75%
iter 2210: loss 1.1017, time 22.64ms, mfu 15.82%
iter 2220: loss 1.1110, time 22.85ms, mfu 15.87%
iter 2230: loss 1.1123, time 22.76ms, mfu 15.92%
iter 2240: loss 1.1341, time 23.02ms, mfu 15.95%
iter 2250: loss 1.0894, time 22.74ms, mfu 15.99%
iter 2260: loss 1.1160, time 18.75ms, mfu 16.38%
iter 2270: loss 1.1081, time 19.84ms, mfu 16.62%
iter 2280: loss 1.1303, time 19.75ms, mfu 16.84%
iter 2290: loss 1.0994, time 19.75ms, mfu 17.05%
iter 2300: loss 1.1125, time 19.70ms, mfu 17.23%
iter 2310: loss 1.1111, time 19.71ms, mfu 17.40%
iter 2320: loss 1.0867, time 19.88ms, mfu 17.53%
iter 2330: loss 1.1068, time 19.61ms, mfu 17.68%
iter 2340: loss 1.0652, time 19.95ms, mfu 17.78%
iter 2350: loss 1.1013, time 19.88ms, mfu 17.88%
iter 2360: loss 1.0816, time 19.75ms, mfu 17.98%
iter 2370: loss 1.1068, time 19.73ms, mfu 18.07%
iter 2380: loss 1.0731, time 19.75ms, mfu 18.15%
iter 2390: loss 1.0618, time 19.46ms, mfu 18.25%
iter 2400: loss 1.0737, time 19.66ms, mfu 18.32%
iter 2410: loss 1.1020, time 19.67ms, mfu 18.38%
iter 2420: loss 1.0606, time 19.55ms, mfu 18.45%
iter 2430: loss 1.0799, time 19.49ms, mfu 18.52%
iter 2440: loss 1.0795, time 20.54ms, mfu 18.48%
iter 2450: loss 1.0539, time 21.43ms, mfu 18.37%
iter 2460: loss 1.0913, time 21.27ms, mfu 18.28%
iter 2470: loss 1.0763, time 21.35ms, mfu 18.20%
iter 2480: loss 1.0651, time 21.53ms, mfu 18.11%
iter 2490: loss 1.0798, time 13.76ms, mfu 19.01%
step 2500: train loss 0.9595, val loss 1.5026
saving checkpoint to /net/scratch2/junyuren/nanoGPT-manifold/out-baby-baseline
iter 2500: loss 1.0624, time 9524.51ms, mfu 17.11%
iter 2510: loss 1.0744, time 24.59ms, mfu 16.92%
iter 2520: loss 1.0772, time 24.68ms, mfu 16.73%
iter 2530: loss 1.0464, time 24.39ms, mfu 16.59%
iter 2540: loss 1.0964, time 24.65ms, mfu 16.44%
iter 2550: loss 1.0639, time 24.50ms, mfu 16.32%
iter 2560: loss 1.0581, time 24.85ms, mfu 16.19%
iter 2570: loss 1.0730, time 24.65ms, mfu 16.08%
iter 2580: loss 1.0667, time 24.26ms, mfu 16.01%
iter 2590: loss 1.0719, time 24.22ms, mfu 15.94%
iter 2600: loss 1.0535, time 24.49ms, mfu 15.87%
iter 2610: loss 1.0437, time 24.78ms, mfu 15.79%
iter 2620: loss 1.0353, time 11.36ms, mfu 17.49%
iter 2630: loss 1.0381, time 16.01ms, mfu 18.07%
iter 2640: loss 1.0374, time 15.83ms, mfu 18.61%
iter 2650: loss 1.0336, time 15.86ms, mfu 19.10%
iter 2660: loss 1.0547, time 15.99ms, mfu 19.52%
iter 2670: loss 1.0297, time 16.24ms, mfu 19.87%
iter 2680: loss 1.0563, time 15.96ms, mfu 20.21%
iter 2690: loss 1.0530, time 15.98ms, mfu 20.53%
iter 2700: loss 1.0142, time 15.96ms, mfu 20.81%
iter 2710: loss 1.0474, time 16.16ms, mfu 21.03%
iter 2720: loss 1.0525, time 16.10ms, mfu 21.24%
iter 2730: loss 1.0190, time 16.25ms, mfu 21.41%
iter 2740: loss 0.9978, time 15.98ms, mfu 21.60%
iter 2750: loss 1.0216, time 15.98ms, mfu 21.77%
iter 2760: loss 1.0307, time 16.00ms, mfu 21.93%
iter 2770: loss 1.0243, time 15.89ms, mfu 22.08%
iter 2780: loss 1.0327, time 15.91ms, mfu 22.21%
iter 2790: loss 1.0339, time 15.96ms, mfu 22.33%
iter 2800: loss 1.0009, time 16.03ms, mfu 22.42%
iter 2810: loss 0.9967, time 15.88ms, mfu 22.52%
iter 2820: loss 1.0051, time 15.90ms, mfu 22.61%
iter 2830: loss 1.0365, time 15.89ms, mfu 22.70%
iter 2840: loss 1.0376, time 15.82ms, mfu 22.78%
iter 2850: loss 0.9934, time 15.96ms, mfu 22.84%
iter 2860: loss 0.9954, time 15.93ms, mfu 22.89%
iter 2870: loss 1.0346, time 16.04ms, mfu 22.93%
iter 2880: loss 1.0201, time 18.69ms, mfu 22.63%
iter 2890: loss 1.0220, time 15.91ms, mfu 22.71%
iter 2900: loss 1.0132, time 15.96ms, mfu 22.77%
iter 2910: loss 1.0147, time 15.85ms, mfu 22.84%
iter 2920: loss 0.9988, time 15.96ms, mfu 22.89%
iter 2930: loss 1.0146, time 16.04ms, mfu 22.93%
iter 2940: loss 0.9890, time 15.87ms, mfu 22.98%
iter 2950: loss 1.0110, time 15.65ms, mfu 23.07%
iter 2960: loss 1.0187, time 15.70ms, mfu 23.13%
iter 2970: loss 0.9764, time 15.63ms, mfu 23.20%
iter 2980: loss 0.9937, time 15.94ms, mfu 23.22%
iter 2990: loss 1.0070, time 15.58ms, mfu 23.29%
step 3000: train loss 0.8657, val loss 1.5258
saving checkpoint to /net/scratch2/junyuren/nanoGPT-manifold/out-baby-baseline
iter 3000: loss 0.9974, time 9001.75ms, mfu 20.96%
iter 3010: loss 0.9871, time 24.42ms, mfu 20.39%
iter 3020: loss 1.0124, time 24.20ms, mfu 19.89%
iter 3030: loss 0.9960, time 24.15ms, mfu 19.45%
iter 3040: loss 1.0166, time 24.19ms, mfu 19.04%
iter 3050: loss 0.9807, time 23.97ms, mfu 18.69%
iter 3060: loss 1.0091, time 24.11ms, mfu 18.37%
iter 3070: loss 1.0067, time 24.03ms, mfu 18.08%
iter 3080: loss 0.9818, time 24.13ms, mfu 17.82%
iter 3090: loss 0.9696, time 24.07ms, mfu 17.58%
iter 3100: loss 0.9757, time 24.31ms, mfu 17.36%
iter 3110: loss 0.9664, time 24.17ms, mfu 17.16%
iter 3120: loss 0.9673, time 24.27ms, mfu 16.98%
iter 3130: loss 0.9657, time 24.15ms, mfu 16.83%
iter 3140: loss 0.9840, time 24.46ms, mfu 16.67%
iter 3150: loss 0.9646, time 23.48ms, mfu 16.59%
iter 3160: loss 1.0000, time 24.24ms, mfu 16.47%
iter 3170: loss 0.9476, time 24.26ms, mfu 16.36%
iter 3180: loss 0.9712, time 24.25ms, mfu 16.26%
iter 3190: loss 0.9678, time 23.11ms, mfu 16.24%
iter 3200: loss 0.9852, time 24.33ms, mfu 16.15%
iter 3210: loss 0.9722, time 24.34ms, mfu 16.07%
iter 3220: loss 0.9542, time 24.30ms, mfu 15.99%
iter 3230: loss 0.9789, time 24.19ms, mfu 15.94%
iter 3240: loss 0.9830, time 24.16ms, mfu 15.88%
iter 3250: loss 0.9510, time 24.47ms, mfu 15.82%
iter 3260: loss 0.9728, time 24.66ms, mfu 15.75%
iter 3270: loss 0.9648, time 24.29ms, mfu 15.71%
iter 3280: loss 0.9925, time 24.32ms, mfu 15.67%
iter 3290: loss 0.9770, time 24.15ms, mfu 15.64%
iter 3300: loss 0.9449, time 24.46ms, mfu 15.60%
iter 3310: loss 0.9672, time 24.19ms, mfu 15.58%
iter 3320: loss 0.9578, time 24.21ms, mfu 15.56%
iter 3330: loss 0.9573, time 24.30ms, mfu 15.54%
iter 3340: loss 0.9460, time 24.20ms, mfu 15.53%
iter 3350: loss 0.9550, time 24.72ms, mfu 15.48%
iter 3360: loss 0.9475, time 24.18ms, mfu 15.47%
iter 3370: loss 0.9512, time 24.72ms, mfu 15.43%
iter 3380: loss 0.9596, time 24.27ms, mfu 15.43%
iter 3390: loss 0.9242, time 24.29ms, mfu 15.42%
iter 3400: loss 0.9201, time 24.26ms, mfu 15.41%
iter 3410: loss 0.9277, time 24.83ms, mfu 15.37%
iter 3420: loss 0.9462, time 24.17ms, mfu 15.38%
iter 3430: loss 0.9620, time 24.18ms, mfu 15.38%
iter 3440: loss 0.9425, time 24.22ms, mfu 15.38%
iter 3450: loss 0.9205, time 24.16ms, mfu 15.38%
iter 3460: loss 0.9354, time 24.12ms, mfu 15.39%
iter 3470: loss 0.9561, time 24.53ms, mfu 15.37%
iter 3480: loss 0.9297, time 24.61ms, mfu 15.35%
iter 3490: loss 0.9568, time 24.31ms, mfu 15.35%
step 3500: train loss 0.7761, val loss 1.5725
saving checkpoint to /net/scratch2/junyuren/nanoGPT-manifold/out-baby-baseline
iter 3500: loss 0.9347, time 9048.91ms, mfu 13.82%
iter 3510: loss 0.9197, time 24.14ms, mfu 13.98%
iter 3520: loss 0.9254, time 24.24ms, mfu 14.12%
iter 3530: loss 0.9103, time 24.32ms, mfu 14.24%
iter 3540: loss 0.9119, time 24.29ms, mfu 14.35%
iter 3550: loss 0.9216, time 22.86ms, mfu 14.54%
iter 3560: loss 0.9209, time 16.10ms, mfu 15.40%
iter 3570: loss 0.9157, time 16.01ms, mfu 16.19%
iter 3580: loss 0.9181, time 16.04ms, mfu 16.89%
iter 3590: loss 0.9144, time 16.05ms, mfu 17.53%
iter 3600: loss 0.8962, time 16.32ms, mfu 18.06%
iter 3610: loss 0.9138, time 16.33ms, mfu 18.53%
iter 3620: loss 0.9283, time 16.00ms, mfu 19.01%
iter 3630: loss 0.9276, time 16.10ms, mfu 19.42%
iter 3640: loss 0.9481, time 15.98ms, mfu 19.81%
iter 3650: loss 0.9230, time 16.00ms, mfu 20.16%
iter 3660: loss 0.9064, time 15.94ms, mfu 20.48%
iter 3670: loss 0.9002, time 16.11ms, mfu 20.75%
iter 3680: loss 0.8945, time 15.94ms, mfu 21.01%
iter 3690: loss 0.8936, time 16.32ms, mfu 21.19%
iter 3700: loss 0.9033, time 16.03ms, mfu 21.40%
iter 3710: loss 0.9240, time 16.03ms, mfu 21.58%
iter 3720: loss 0.9112, time 15.94ms, mfu 21.76%
iter 3730: loss 0.9005, time 15.98ms, mfu 21.92%
iter 3740: loss 0.8859, time 24.42ms, mfu 21.25%
iter 3750: loss 0.9141, time 16.15ms, mfu 21.44%
iter 3760: loss 0.9055, time 16.24ms, mfu 21.59%
iter 3770: loss 0.9076, time 15.97ms, mfu 21.76%
iter 3780: loss 0.9231, time 16.04ms, mfu 21.91%
iter 3790: loss 0.9112, time 16.30ms, mfu 22.00%
iter 3800: loss 0.9017, time 16.07ms, mfu 22.12%
iter 3810: loss 0.8876, time 16.09ms, mfu 22.23%
iter 3820: loss 0.8957, time 16.00ms, mfu 22.33%
iter 3830: loss 0.8628, time 16.37ms, mfu 22.38%
iter 3840: loss 0.8774, time 16.14ms, mfu 22.45%
iter 3850: loss 0.9105, time 16.30ms, mfu 22.49%
iter 3860: loss 0.8816, time 16.17ms, mfu 22.54%
iter 3870: loss 0.8742, time 16.00ms, mfu 22.62%
iter 3880: loss 0.8869, time 16.18ms, mfu 22.66%
iter 3890: loss 0.8940, time 16.24ms, mfu 22.69%
iter 3900: loss 0.8676, time 15.98ms, mfu 22.75%
iter 3910: loss 0.8937, time 16.34ms, mfu 22.76%
iter 3920: loss 0.8882, time 16.30ms, mfu 22.77%
iter 3930: loss 0.9108, time 16.10ms, mfu 22.80%
iter 3940: loss 0.8662, time 16.49ms, mfu 22.78%
iter 3950: loss 0.8823, time 16.18ms, mfu 22.81%
iter 3960: loss 0.8907, time 16.28ms, mfu 22.82%
iter 3970: loss 0.8880, time 16.16ms, mfu 22.84%
iter 3980: loss 0.8734, time 16.38ms, mfu 22.83%
iter 3990: loss 0.8783, time 16.32ms, mfu 22.83%
step 4000: train loss 0.7057, val loss 1.6306
saving checkpoint to /net/scratch2/junyuren/nanoGPT-manifold/out-baby-baseline
iter 4000: loss 0.8734, time 8778.58ms, mfu 20.55%
iter 4010: loss 0.9016, time 24.32ms, mfu 20.03%
iter 4020: loss 0.8665, time 23.74ms, mfu 19.60%
iter 4030: loss 0.8856, time 23.75ms, mfu 19.21%
iter 4040: loss 0.8513, time 23.75ms, mfu 18.85%
iter 4050: loss 0.8781, time 24.10ms, mfu 18.51%
iter 4060: loss 0.8882, time 24.00ms, mfu 18.22%
iter 4070: loss 0.8666, time 23.75ms, mfu 17.96%
iter 4080: loss 0.8877, time 23.62ms, mfu 17.74%
iter 4090: loss 0.8729, time 23.51ms, mfu 17.55%
iter 4100: loss 0.8535, time 24.03ms, mfu 17.35%
iter 4110: loss 0.8989, time 24.83ms, mfu 17.12%
iter 4120: loss 0.8660, time 20.67ms, mfu 17.21%
iter 4130: loss 0.8472, time 20.67ms, mfu 17.29%
iter 4140: loss 0.8631, time 20.68ms, mfu 17.36%
iter 4150: loss 0.8851, time 20.72ms, mfu 17.42%
iter 4160: loss 0.8576, time 20.66ms, mfu 17.49%
iter 4170: loss 0.8560, time 20.32ms, mfu 17.57%
iter 4180: loss 0.8522, time 21.08ms, mfu 17.58%
iter 4190: loss 0.8431, time 20.46ms, mfu 17.64%
iter 4200: loss 0.8526, time 20.64ms, mfu 17.68%
iter 4210: loss 0.8618, time 20.38ms, mfu 17.75%
iter 4220: loss 0.8491, time 20.67ms, mfu 17.77%
iter 4230: loss 0.8563, time 20.29ms, mfu 17.83%
iter 4240: loss 0.8466, time 22.73ms, mfu 17.69%
iter 4250: loss 0.8692, time 23.16ms, mfu 17.53%
iter 4260: loss 0.8641, time 22.73ms, mfu 17.42%
iter 4270: loss 0.8509, time 22.94ms, mfu 17.30%
iter 4280: loss 0.8595, time 23.00ms, mfu 17.19%
iter 4290: loss 0.8636, time 23.09ms, mfu 17.08%
iter 4300: loss 0.8563, time 24.68ms, mfu 16.88%
iter 4310: loss 0.8658, time 24.64ms, mfu 16.71%
iter 4320: loss 0.8357, time 24.55ms, mfu 16.56%
iter 4330: loss 0.8417, time 24.66ms, mfu 16.41%
iter 4340: loss 0.8302, time 24.13ms, mfu 16.31%
iter 4350: loss 0.8505, time 24.24ms, mfu 16.22%
iter 4360: loss 0.8536, time 25.42ms, mfu 16.06%
iter 4370: loss 0.8789, time 23.12ms, mfu 16.07%
iter 4380: loss 0.8397, time 21.68ms, mfu 16.18%
iter 4390: loss 0.8376, time 21.65ms, mfu 16.28%
iter 4400: loss 0.8389, time 21.46ms, mfu 16.39%
iter 4410: loss 0.8372, time 22.72ms, mfu 16.39%
iter 4420: loss 0.8558, time 22.68ms, mfu 16.40%
iter 4430: loss 0.8350, time 22.71ms, mfu 16.40%
iter 4440: loss 0.8444, time 22.61ms, mfu 16.41%
iter 4450: loss 0.8571, time 23.10ms, mfu 16.38%
iter 4460: loss 0.8425, time 23.06ms, mfu 16.36%
iter 4470: loss 0.8292, time 22.96ms, mfu 16.34%
iter 4480: loss 0.8328, time 22.76ms, mfu 16.35%
iter 4490: loss 0.8352, time 24.28ms, mfu 16.25%
step 4500: train loss 0.6508, val loss 1.6683
saving checkpoint to /net/scratch2/junyuren/nanoGPT-manifold/out-baby-baseline
iter 4500: loss 0.8647, time 5458.84ms, mfu 14.63%
iter 4510: loss 0.8279, time 24.42ms, mfu 14.69%
iter 4520: loss 0.8323, time 24.47ms, mfu 14.75%
iter 4530: loss 0.8627, time 24.50ms, mfu 14.79%
iter 4540: loss 0.8546, time 24.78ms, mfu 14.82%
iter 4550: loss 0.8173, time 24.43ms, mfu 14.86%
iter 4560: loss 0.8529, time 24.71ms, mfu 14.88%
iter 4570: loss 0.8365, time 24.24ms, mfu 14.93%
iter 4580: loss 0.8361, time 24.22ms, mfu 14.98%
iter 4590: loss 0.8321, time 24.65ms, mfu 14.99%
iter 4600: loss 0.8502, time 24.72ms, mfu 15.00%
iter 4610: loss 0.8525, time 24.34ms, mfu 15.03%
iter 4620: loss 0.8280, time 24.56ms, mfu 15.04%
iter 4630: loss 0.8254, time 24.33ms, mfu 15.07%
iter 4640: loss 0.8194, time 24.70ms, mfu 15.07%
iter 4650: loss 0.8277, time 24.69ms, mfu 15.07%
iter 4660: loss 0.8431, time 24.66ms, mfu 15.08%
iter 4670: loss 0.8437, time 24.56ms, mfu 15.09%
iter 4680: loss 0.8288, time 24.30ms, mfu 15.11%
iter 4690: loss 0.8439, time 14.46ms, mfu 16.18%
iter 4700: loss 0.8187, time 16.21ms, mfu 16.86%
iter 4710: loss 0.8122, time 15.98ms, mfu 17.51%
iter 4720: loss 0.8393, time 16.02ms, mfu 18.08%
iter 4730: loss 0.8473, time 16.12ms, mfu 18.58%
iter 4740: loss 0.7944, time 15.86ms, mfu 19.08%
iter 4750: loss 0.8605, time 16.31ms, mfu 19.45%
iter 4760: loss 0.8176, time 15.75ms, mfu 19.87%
iter 4770: loss 0.8409, time 15.83ms, mfu 20.24%
iter 4780: loss 0.8276, time 15.81ms, mfu 20.57%
iter 4790: loss 0.8105, time 15.81ms, mfu 20.87%
iter 4800: loss 0.8124, time 15.83ms, mfu 21.14%
iter 4810: loss 0.8298, time 15.78ms, mfu 21.39%
iter 4820: loss 0.8278, time 19.74ms, mfu 21.14%
iter 4830: loss 0.8016, time 19.86ms, mfu 20.90%
iter 4840: loss 0.8155, time 19.77ms, mfu 20.70%
iter 4850: loss 0.8239, time 19.56ms, mfu 20.53%
iter 4860: loss 0.8251, time 19.82ms, mfu 20.36%
iter 4870: loss 0.8406, time 19.78ms, mfu 20.21%
iter 4880: loss 0.8146, time 19.85ms, mfu 20.06%
iter 4890: loss 0.8045, time 19.73ms, mfu 19.94%
iter 4900: loss 0.8224, time 19.88ms, mfu 19.82%
iter 4910: loss 0.8144, time 19.52ms, mfu 19.75%
iter 4920: loss 0.8288, time 19.70ms, mfu 19.67%
iter 4930: loss 0.8176, time 19.83ms, mfu 19.58%
iter 4940: loss 0.8057, time 19.56ms, mfu 19.53%
iter 4950: loss 0.8220, time 19.80ms, mfu 19.46%
iter 4960: loss 0.8029, time 19.75ms, mfu 19.40%
iter 4970: loss 0.8180, time 19.79ms, mfu 19.34%
iter 4980: loss 0.8220, time 20.51ms, mfu 19.22%
iter 4990: loss 0.8172, time 19.92ms, mfu 19.17%
step 5000: train loss 0.6165, val loss 1.6874
saving checkpoint to /net/scratch2/junyuren/nanoGPT-manifold/out-baby-baseline
iter 5000: loss 0.8157, time 9008.53ms, mfu 17.26%
