/home/junyuren/nanoGPT/train.py:207: FutureWarning: `torch.cuda.amp.GradScaler(args...)` is deprecated. Please use `torch.amp.GradScaler('cuda', args...)` instead.
  scaler = torch.cuda.amp.GradScaler(enabled=(dtype == 'float16'))
Traceback (most recent call last):
  File "/home/junyuren/nanoGPT/train.py", line 322, in <module>
    losses = estimate_loss()
             ^^^^^^^^^^^^^^^
  File "/home/junyuren/.conda/envs/manifold_muon/lib/python3.12/site-packages/torch/utils/_contextlib.py", line 116, in decorate_context
    return func(*args, **kwargs)
           ^^^^^^^^^^^^^^^^^^^^^
  File "/home/junyuren/nanoGPT/train.py", line 282, in estimate_loss
    logits, loss = model(X, Y)
                   ^^^^^^^^^^^
  File "/home/junyuren/.conda/envs/manifold_muon/lib/python3.12/site-packages/torch/nn/modules/module.py", line 1736, in _wrapped_call_impl
    return self._call_impl(*args, **kwargs)
           ^^^^^^^^^^^^^^^^^^^^^^^^^^^^^^^^
  File "/home/junyuren/.conda/envs/manifold_muon/lib/python3.12/site-packages/torch/nn/modules/module.py", line 1747, in _call_impl
    return forward_call(*args, **kwargs)
           ^^^^^^^^^^^^^^^^^^^^^^^^^^^^^
  File "/home/junyuren/.conda/envs/manifold_muon/lib/python3.12/site-packages/torch/_dynamo/eval_frame.py", line 465, in _fn
    return fn(*args, **kwargs)
           ^^^^^^^^^^^^^^^^^^^
  File "/home/junyuren/.conda/envs/manifold_muon/lib/python3.12/site-packages/torch/nn/modules/module.py", line 1736, in _wrapped_call_impl
    return self._call_impl(*args, **kwargs)
           ^^^^^^^^^^^^^^^^^^^^^^^^^^^^^^^^
  File "/home/junyuren/.conda/envs/manifold_muon/lib/python3.12/site-packages/torch/nn/modules/module.py", line 1747, in _call_impl
    return forward_call(*args, **kwargs)
           ^^^^^^^^^^^^^^^^^^^^^^^^^^^^^
  File "/home/junyuren/.conda/envs/manifold_muon/lib/python3.12/site-packages/torch/_dynamo/convert_frame.py", line 1269, in __call__
    return self._torchdynamo_orig_callable(
           ^^^^^^^^^^^^^^^^^^^^^^^^^^^^^^^^
  File "/home/junyuren/.conda/envs/manifold_muon/lib/python3.12/site-packages/torch/_dynamo/convert_frame.py", line 1064, in __call__
    result = self._inner_convert(
             ^^^^^^^^^^^^^^^^^^^^
  File "/home/junyuren/.conda/envs/manifold_muon/lib/python3.12/site-packages/torch/_dynamo/convert_frame.py", line 526, in __call__
    return _compile(
           ^^^^^^^^^
  File "/home/junyuren/.conda/envs/manifold_muon/lib/python3.12/site-packages/torch/_dynamo/convert_frame.py", line 924, in _compile
    guarded_code = compile_inner(code, one_graph, hooks, transform)
                   ^^^^^^^^^^^^^^^^^^^^^^^^^^^^^^^^^^^^^^^^^^^^^^^^
  File "/home/junyuren/.conda/envs/manifold_muon/lib/python3.12/site-packages/torch/_dynamo/convert_frame.py", line 666, in compile_inner
    return _compile_inner(code, one_graph, hooks, transform)
           ^^^^^^^^^^^^^^^^^^^^^^^^^^^^^^^^^^^^^^^^^^^^^^^^^
  File "/home/junyuren/.conda/envs/manifold_muon/lib/python3.12/site-packages/torch/_utils_internal.py", line 87, in wrapper_function
    return function(*args, **kwargs)
           ^^^^^^^^^^^^^^^^^^^^^^^^^
  File "/home/junyuren/.conda/envs/manifold_muon/lib/python3.12/site-packages/torch/_dynamo/convert_frame.py", line 699, in _compile_inner
    out_code = transform_code_object(code, transform)
               ^^^^^^^^^^^^^^^^^^^^^^^^^^^^^^^^^^^^^^
  File "/home/junyuren/.conda/envs/manifold_muon/lib/python3.12/site-packages/torch/_dynamo/bytecode_transformation.py", line 1322, in transform_code_object
    transformations(instructions, code_options)
  File "/home/junyuren/.conda/envs/manifold_muon/lib/python3.12/site-packages/torch/_dynamo/convert_frame.py", line 219, in _fn
    return fn(*args, **kwargs)
           ^^^^^^^^^^^^^^^^^^^
  File "/home/junyuren/.conda/envs/manifold_muon/lib/python3.12/site-packages/torch/_dynamo/convert_frame.py", line 634, in transform
    tracer.run()
  File "/home/junyuren/.conda/envs/manifold_muon/lib/python3.12/site-packages/torch/_dynamo/symbolic_convert.py", line 2796, in run
    super().run()
  File "/home/junyuren/.conda/envs/manifold_muon/lib/python3.12/site-packages/torch/_dynamo/symbolic_convert.py", line 983, in run
    while self.step():
          ^^^^^^^^^^^
  File "/home/junyuren/.conda/envs/manifold_muon/lib/python3.12/site-packages/torch/_dynamo/symbolic_convert.py", line 895, in step
    self.dispatch_table[inst.opcode](self, inst)
  File "/home/junyuren/.conda/envs/manifold_muon/lib/python3.12/site-packages/torch/_dynamo/symbolic_convert.py", line 582, in wrapper
    return inner_fn(self, inst)
           ^^^^^^^^^^^^^^^^^^^^
  File "/home/junyuren/.conda/envs/manifold_muon/lib/python3.12/site-packages/torch/_dynamo/symbolic_convert.py", line 2279, in CALL
    self._call(inst)
  File "/home/junyuren/.conda/envs/manifold_muon/lib/python3.12/site-packages/torch/_dynamo/symbolic_convert.py", line 2273, in _call
    self.call_function(fn, args, kwargs)
  File "/home/junyuren/.conda/envs/manifold_muon/lib/python3.12/site-packages/torch/_dynamo/symbolic_convert.py", line 830, in call_function
    self.push(fn.call_function(self, args, kwargs))  # type: ignore[arg-type]
              ^^^^^^^^^^^^^^^^^^^^^^^^^^^^^^^^^^^^
  File "/home/junyuren/.conda/envs/manifold_muon/lib/python3.12/site-packages/torch/_dynamo/variables/nn_module.py", line 899, in call_function
    return variables.UserFunctionVariable(fn, source=source).call_function(
           ^^^^^^^^^^^^^^^^^^^^^^^^^^^^^^^^^^^^^^^^^^^^^^^^^^^^^^^^^^^^^^^^
  File "/home/junyuren/.conda/envs/manifold_muon/lib/python3.12/site-packages/torch/_dynamo/variables/functions.py", line 324, in call_function
    return super().call_function(tx, args, kwargs)
           ^^^^^^^^^^^^^^^^^^^^^^^^^^^^^^^^^^^^^^^
  File "/home/junyuren/.conda/envs/manifold_muon/lib/python3.12/site-packages/torch/_dynamo/variables/functions.py", line 111, in call_function
    return tx.inline_user_function_return(self, [*self.self_args(), *args], kwargs)
           ^^^^^^^^^^^^^^^^^^^^^^^^^^^^^^^^^^^^^^^^^^^^^^^^^^^^^^^^^^^^^^^^^^^^^^^^
  File "/home/junyuren/.conda/envs/manifold_muon/lib/python3.12/site-packages/torch/_dynamo/symbolic_convert.py", line 836, in inline_user_function_return
    return InliningInstructionTranslator.inline_call(self, fn, args, kwargs)
           ^^^^^^^^^^^^^^^^^^^^^^^^^^^^^^^^^^^^^^^^^^^^^^^^^^^^^^^^^^^^^^^^^
  File "/home/junyuren/.conda/envs/manifold_muon/lib/python3.12/site-packages/torch/_dynamo/symbolic_convert.py", line 3011, in inline_call
    return cls.inline_call_(parent, func, args, kwargs)
           ^^^^^^^^^^^^^^^^^^^^^^^^^^^^^^^^^^^^^^^^^^^^
  File "/home/junyuren/.conda/envs/manifold_muon/lib/python3.12/site-packages/torch/_dynamo/symbolic_convert.py", line 3139, in inline_call_
    tracer.run()
  File "/home/junyuren/.conda/envs/manifold_muon/lib/python3.12/site-packages/torch/_dynamo/symbolic_convert.py", line 983, in run
    while self.step():
          ^^^^^^^^^^^
  File "/home/junyuren/.conda/envs/manifold_muon/lib/python3.12/site-packages/torch/_dynamo/symbolic_convert.py", line 895, in step
    self.dispatch_table[inst.opcode](self, inst)
  File "/home/junyuren/.conda/envs/manifold_muon/lib/python3.12/site-packages/torch/_dynamo/symbolic_convert.py", line 582, in wrapper
    return inner_fn(self, inst)
           ^^^^^^^^^^^^^^^^^^^^
  File "/home/junyuren/.conda/envs/manifold_muon/lib/python3.12/site-packages/torch/_dynamo/symbolic_convert.py", line 2279, in CALL
    self._call(inst)
  File "/home/junyuren/.conda/envs/manifold_muon/lib/python3.12/site-packages/torch/_dynamo/symbolic_convert.py", line 2273, in _call
    self.call_function(fn, args, kwargs)
  File "/home/junyuren/.conda/envs/manifold_muon/lib/python3.12/site-packages/torch/_dynamo/symbolic_convert.py", line 830, in call_function
    self.push(fn.call_function(self, args, kwargs))  # type: ignore[arg-type]
              ^^^^^^^^^^^^^^^^^^^^^^^^^^^^^^^^^^^^
  File "/home/junyuren/.conda/envs/manifold_muon/lib/python3.12/site-packages/torch/_dynamo/variables/lazy.py", line 156, in realize_and_forward
    return getattr(self.realize(), name)(*args, **kwargs)
           ^^^^^^^^^^^^^^^^^^^^^^^^^^^^^^^^^^^^^^^^^^^^^^
  File "/home/junyuren/.conda/envs/manifold_muon/lib/python3.12/site-packages/torch/_dynamo/variables/nn_module.py", line 899, in call_function
    return variables.UserFunctionVariable(fn, source=source).call_function(
           ^^^^^^^^^^^^^^^^^^^^^^^^^^^^^^^^^^^^^^^^^^^^^^^^^^^^^^^^^^^^^^^^
  File "/home/junyuren/.conda/envs/manifold_muon/lib/python3.12/site-packages/torch/_dynamo/variables/functions.py", line 324, in call_function
    return super().call_function(tx, args, kwargs)
           ^^^^^^^^^^^^^^^^^^^^^^^^^^^^^^^^^^^^^^^
  File "/home/junyuren/.conda/envs/manifold_muon/lib/python3.12/site-packages/torch/_dynamo/variables/functions.py", line 111, in call_function
    return tx.inline_user_function_return(self, [*self.self_args(), *args], kwargs)
           ^^^^^^^^^^^^^^^^^^^^^^^^^^^^^^^^^^^^^^^^^^^^^^^^^^^^^^^^^^^^^^^^^^^^^^^^
  File "/home/junyuren/.conda/envs/manifold_muon/lib/python3.12/site-packages/torch/_dynamo/symbolic_convert.py", line 836, in inline_user_function_return
    return InliningInstructionTranslator.inline_call(self, fn, args, kwargs)
           ^^^^^^^^^^^^^^^^^^^^^^^^^^^^^^^^^^^^^^^^^^^^^^^^^^^^^^^^^^^^^^^^^
  File "/home/junyuren/.conda/envs/manifold_muon/lib/python3.12/site-packages/torch/_dynamo/symbolic_convert.py", line 3011, in inline_call
    return cls.inline_call_(parent, func, args, kwargs)
           ^^^^^^^^^^^^^^^^^^^^^^^^^^^^^^^^^^^^^^^^^^^^
  File "/home/junyuren/.conda/envs/manifold_muon/lib/python3.12/site-packages/torch/_dynamo/symbolic_convert.py", line 3139, in inline_call_
    tracer.run()
  File "/home/junyuren/.conda/envs/manifold_muon/lib/python3.12/site-packages/torch/_dynamo/symbolic_convert.py", line 983, in run
    while self.step():
          ^^^^^^^^^^^
  File "/home/junyuren/.conda/envs/manifold_muon/lib/python3.12/site-packages/torch/_dynamo/symbolic_convert.py", line 895, in step
    self.dispatch_table[inst.opcode](self, inst)
  File "/home/junyuren/.conda/envs/manifold_muon/lib/python3.12/site-packages/torch/_dynamo/symbolic_convert.py", line 582, in wrapper
    return inner_fn(self, inst)
           ^^^^^^^^^^^^^^^^^^^^
  File "/home/junyuren/.conda/envs/manifold_muon/lib/python3.12/site-packages/torch/_dynamo/symbolic_convert.py", line 2279, in CALL
    self._call(inst)
  File "/home/junyuren/.conda/envs/manifold_muon/lib/python3.12/site-packages/torch/_dynamo/symbolic_convert.py", line 2273, in _call
    self.call_function(fn, args, kwargs)
  File "/home/junyuren/.conda/envs/manifold_muon/lib/python3.12/site-packages/torch/_dynamo/symbolic_convert.py", line 830, in call_function
    self.push(fn.call_function(self, args, kwargs))  # type: ignore[arg-type]
              ^^^^^^^^^^^^^^^^^^^^^^^^^^^^^^^^^^^^
  File "/home/junyuren/.conda/envs/manifold_muon/lib/python3.12/site-packages/torch/_dynamo/variables/lazy.py", line 156, in realize_and_forward
    return getattr(self.realize(), name)(*args, **kwargs)
           ^^^^^^^^^^^^^^^^^^^^^^^^^^^^^^^^^^^^^^^^^^^^^^
  File "/home/junyuren/.conda/envs/manifold_muon/lib/python3.12/site-packages/torch/_dynamo/variables/nn_module.py", line 899, in call_function
    return variables.UserFunctionVariable(fn, source=source).call_function(
           ^^^^^^^^^^^^^^^^^^^^^^^^^^^^^^^^^^^^^^^^^^^^^^^^^^^^^^^^^^^^^^^^
  File "/home/junyuren/.conda/envs/manifold_muon/lib/python3.12/site-packages/torch/_dynamo/variables/functions.py", line 324, in call_function
    return super().call_function(tx, args, kwargs)
           ^^^^^^^^^^^^^^^^^^^^^^^^^^^^^^^^^^^^^^^
  File "/home/junyuren/.conda/envs/manifold_muon/lib/python3.12/site-packages/torch/_dynamo/variables/functions.py", line 111, in call_function
    return tx.inline_user_function_return(self, [*self.self_args(), *args], kwargs)
           ^^^^^^^^^^^^^^^^^^^^^^^^^^^^^^^^^^^^^^^^^^^^^^^^^^^^^^^^^^^^^^^^^^^^^^^^
  File "/home/junyuren/.conda/envs/manifold_muon/lib/python3.12/site-packages/torch/_dynamo/symbolic_convert.py", line 836, in inline_user_function_return
    return InliningInstructionTranslator.inline_call(self, fn, args, kwargs)
           ^^^^^^^^^^^^^^^^^^^^^^^^^^^^^^^^^^^^^^^^^^^^^^^^^^^^^^^^^^^^^^^^^
  File "/home/junyuren/.conda/envs/manifold_muon/lib/python3.12/site-packages/torch/_dynamo/symbolic_convert.py", line 3011, in inline_call
    return cls.inline_call_(parent, func, args, kwargs)
           ^^^^^^^^^^^^^^^^^^^^^^^^^^^^^^^^^^^^^^^^^^^^
  File "/home/junyuren/.conda/envs/manifold_muon/lib/python3.12/site-packages/torch/_dynamo/symbolic_convert.py", line 3139, in inline_call_
    tracer.run()
  File "/home/junyuren/.conda/envs/manifold_muon/lib/python3.12/site-packages/torch/_dynamo/symbolic_convert.py", line 983, in run
    while self.step():
          ^^^^^^^^^^^
  File "/home/junyuren/.conda/envs/manifold_muon/lib/python3.12/site-packages/torch/_dynamo/symbolic_convert.py", line 895, in step
    self.dispatch_table[inst.opcode](self, inst)
  File "/home/junyuren/.conda/envs/manifold_muon/lib/python3.12/site-packages/torch/_dynamo/symbolic_convert.py", line 582, in wrapper
    return inner_fn(self, inst)
           ^^^^^^^^^^^^^^^^^^^^
  File "/home/junyuren/.conda/envs/manifold_muon/lib/python3.12/site-packages/torch/_dynamo/symbolic_convert.py", line 2279, in CALL
    self._call(inst)
  File "/home/junyuren/.conda/envs/manifold_muon/lib/python3.12/site-packages/torch/_dynamo/symbolic_convert.py", line 2273, in _call
    self.call_function(fn, args, kwargs)
  File "/home/junyuren/.conda/envs/manifold_muon/lib/python3.12/site-packages/torch/_dynamo/symbolic_convert.py", line 830, in call_function
    self.push(fn.call_function(self, args, kwargs))  # type: ignore[arg-type]
              ^^^^^^^^^^^^^^^^^^^^^^^^^^^^^^^^^^^^
  File "/home/junyuren/.conda/envs/manifold_muon/lib/python3.12/site-packages/torch/_dynamo/variables/torch.py", line 897, in call_function
    tensor_variable = wrap_fx_proxy(
                      ^^^^^^^^^^^^^^
  File "/home/junyuren/.conda/envs/manifold_muon/lib/python3.12/site-packages/torch/_dynamo/variables/builder.py", line 2037, in wrap_fx_proxy
    return wrap_fx_proxy_cls(target_cls=TensorVariable, **kwargs)
           ^^^^^^^^^^^^^^^^^^^^^^^^^^^^^^^^^^^^^^^^^^^^^^^^^^^^^^
  File "/home/junyuren/.conda/envs/manifold_muon/lib/python3.12/site-packages/torch/_dynamo/variables/builder.py", line 2124, in wrap_fx_proxy_cls
    example_value = get_fake_value(proxy.node, tx, allow_non_graph_fake=True)
                    ^^^^^^^^^^^^^^^^^^^^^^^^^^^^^^^^^^^^^^^^^^^^^^^^^^^^^^^^^
  File "/home/junyuren/.conda/envs/manifold_muon/lib/python3.12/site-packages/torch/_dynamo/utils.py", line 2082, in get_fake_value
    raise TorchRuntimeError(str(e)).with_traceback(e.__traceback__) from None
  File "/home/junyuren/.conda/envs/manifold_muon/lib/python3.12/site-packages/torch/_dynamo/utils.py", line 2017, in get_fake_value
    ret_val = wrap_fake_exception(
              ^^^^^^^^^^^^^^^^^^^^
  File "/home/junyuren/.conda/envs/manifold_muon/lib/python3.12/site-packages/torch/_dynamo/utils.py", line 1574, in wrap_fake_exception
    return fn()
           ^^^^
  File "/home/junyuren/.conda/envs/manifold_muon/lib/python3.12/site-packages/torch/_dynamo/utils.py", line 2018, in <lambda>
    lambda: run_node(tx.output, node, args, kwargs, nnmodule)
            ^^^^^^^^^^^^^^^^^^^^^^^^^^^^^^^^^^^^^^^^^^^^^^^^^
  File "/home/junyuren/.conda/envs/manifold_muon/lib/python3.12/site-packages/torch/_dynamo/utils.py", line 2150, in run_node
    raise RuntimeError(make_error_message(e)).with_traceback(
  File "/home/junyuren/.conda/envs/manifold_muon/lib/python3.12/site-packages/torch/_dynamo/utils.py", line 2132, in run_node
    return node.target(*args, **kwargs)
           ^^^^^^^^^^^^^^^^^^^^^^^^^^^^
  File "/home/junyuren/.conda/envs/manifold_muon/lib/python3.12/site-packages/torch/_prims_common/wrappers.py", line 271, in _fn
    result = fn(*args, is_out=(out is not None), **kwargs)  # type: ignore[arg-type]
             ^^^^^^^^^^^^^^^^^^^^^^^^^^^^^^^^^^^^^^^^^^^^^
  File "/home/junyuren/.conda/envs/manifold_muon/lib/python3.12/site-packages/torch/_decomp/decompositions.py", line 4364, in matmul
    output = t1_folded.mm(t2).view(output_shape)
             ^^^^^^^^^^^^^^^^
  File "/home/junyuren/.conda/envs/manifold_muon/lib/python3.12/site-packages/torch/utils/_stats.py", line 21, in wrapper
    return fn(*args, **kwargs)
           ^^^^^^^^^^^^^^^^^^^
  File "/home/junyuren/.conda/envs/manifold_muon/lib/python3.12/site-packages/torch/_subclasses/fake_tensor.py", line 1238, in __torch_dispatch__
    return self.dispatch(func, types, args, kwargs)
           ^^^^^^^^^^^^^^^^^^^^^^^^^^^^^^^^^^^^^^^^
  File "/home/junyuren/.conda/envs/manifold_muon/lib/python3.12/site-packages/torch/_subclasses/fake_tensor.py", line 1692, in dispatch
    return self._cached_dispatch_impl(func, types, args, kwargs)
           ^^^^^^^^^^^^^^^^^^^^^^^^^^^^^^^^^^^^^^^^^^^^^^^^^^^^^
  File "/home/junyuren/.conda/envs/manifold_muon/lib/python3.12/site-packages/torch/_subclasses/fake_tensor.py", line 1339, in _cached_dispatch_impl
    output = self._dispatch_impl(func, types, args, kwargs)
             ^^^^^^^^^^^^^^^^^^^^^^^^^^^^^^^^^^^^^^^^^^^^^^
  File "/home/junyuren/.conda/envs/manifold_muon/lib/python3.12/site-packages/torch/_subclasses/fake_tensor.py", line 2021, in _dispatch_impl
    self.wrap_meta_outputs_with_default_device_logic(
  File "/home/junyuren/.conda/envs/manifold_muon/lib/python3.12/site-packages/torch/_subclasses/fake_tensor.py", line 2143, in wrap_meta_outputs_with_default_device_logic
    return tree_map(wrap, r)
           ^^^^^^^^^^^^^^^^^
  File "/home/junyuren/.conda/envs/manifold_muon/lib/python3.12/site-packages/torch/utils/_pytree.py", line 964, in tree_map
    return treespec.unflatten(map(func, *flat_args))
           ^^^^^^^^^^^^^^^^^^^^^^^^^^^^^^^^^^^^^^^^^
  File "/home/junyuren/.conda/envs/manifold_muon/lib/python3.12/site-packages/torch/utils/_pytree.py", line 803, in unflatten
    leaves = list(leaves)
             ^^^^^^^^^^^^
  File "/home/junyuren/.conda/envs/manifold_muon/lib/python3.12/site-packages/torch/_subclasses/fake_tensor.py", line 2121, in wrap
    ) = FakeTensor._find_common_device(func, flat_args)
        ^^^^^^^^^^^^^^^^^^^^^^^^^^^^^^^^^^^^^^^^^^^^^^^
  File "/home/junyuren/.conda/envs/manifold_muon/lib/python3.12/site-packages/torch/_subclasses/fake_tensor.py", line 872, in _find_common_device
    merge_devices(arg)
  File "/home/junyuren/.conda/envs/manifold_muon/lib/python3.12/site-packages/torch/_subclasses/fake_tensor.py", line 867, in merge_devices
    raise RuntimeError(
torch._dynamo.exc.TorchRuntimeError: Failed running call_function <built-in function linear>(*(FakeTensor(..., device='cuda:0', size=(64, 256, 1536), dtype=torch.bfloat16), Parameter(FakeTensor(..., size=(1536, 1536))), None), **{}):
Unhandled FakeTensor Device Propagation for aten.mm.default, found two different devices cuda:0, cpu

from user code:
   File "/home/junyuren/nanoGPT/model.py", line 372, in forward
    x = block(x)
  File "/home/junyuren/nanoGPT/model.py", line 121, in forward
    x = x + self.mlp(self.ln_2(x))
  File "/home/junyuren/nanoGPT/model.py", line 99, in forward
    x = self.c_fc_scale(x)
  File "/home/junyuren/.conda/envs/manifold_muon/lib/python3.12/site-packages/torch/nn/modules/linear.py", line 125, in forward
    return F.linear(input, self.weight, self.bias)

Set TORCH_LOGS="+dynamo" and TORCHDYNAMO_VERBOSE=1 for more information


You can suppress this exception and fall back to eager by setting:
    import torch._dynamo
    torch._dynamo.config.suppress_errors = True

