Overriding config with config/phase4_full_mlp.py:
# Phase 4: Full MLP with Skip-Compatible Projection
# Coverage: ~62% of parameters (same as Phase 3, but mlp.c_proj now Grassmann)
# Test if mlp.c_proj needs manifold constraint despite skip

out_dir = '/net/scratch2/junyuren/nanoGPT-manifold/out-phase4-full-mlp'
eval_interval = 500
eval_iters = 200
log_interval = 10
always_save_checkpoint = True

wandb_log = False
wandb_project = 'nanogpt-manifold'
wandb_run_name = 'phase4-full-mlp'

# Dataset
dataset = 'shakespeare_char'
gradient_accumulation_steps = 1
batch_size = 64
block_size = 256

# Baby GPT architecture
n_layer = 6
n_head = 6
n_embd = 384
dropout = 0.2  # Match baseline (nanoGPT standard for Shakespeare)
bias = False

# AdamW for non-Grassmann params
learning_rate = 1e-3
max_iters = 15000
lr_decay_iters = 15000
min_lr = 1e-4
weight_decay = 1e-1  # Match baseline
beta1 = 0.9
beta2 = 0.99  # Match baseline (standard for small token count)
grad_clip = 1.0

decay_lr = True
warmup_iters = 100

# Grassmann config
use_grassmann = True
grassmann_phase = 'phase4'

# Legacy params
grass_lr = 1e-3  # Note: mlp.c_proj uses 1e-3 (skip-compatible), others use 8e-3
grass_a = 0.0  # mlp.c_proj uses G_{0,-1,r}
grass_b = -1.0
grass_rank = 192
grass_alpha = 0.01
grass_steps = 10
grass_tol = 1e-6

# System
device = 'cuda'
dtype = 'bfloat16'
compile = True

tokens per iteration will be: 16,384
found vocab_size = 65 (inside data/shakespeare_char/meta.pkl)
Initializing a new model from scratch
number of parameters: 10.65M

=== Phase phase4 Grassmann Configuration ===
Grassmann Muon parameters: 18 weight matrices, 9,732,096 params
AdamW decay parameters: 8 tensors, 1,008,000 params
AdamW no-decay parameters: 13 tensors, 4,992 params
  transformer.h.0.attn.c_attn.weight: k=3, G_{1.0,0.0,192}, lr=0.008, scale=1.0, type=vertical
  transformer.h.0.mlp.c_fc.weight: k=4, G_{1.0,0.0,192}, lr=0.008, scale=1.0, type=vertical
  transformer.h.0.mlp.c_proj.weight: k=4, G_{0.0,-1.0,192}, lr=0.001, scale=0.5, type=horizontal
  transformer.h.1.attn.c_attn.weight: k=3, G_{1.0,0.0,192}, lr=0.008, scale=1.0, type=vertical
  transformer.h.1.mlp.c_fc.weight: k=4, G_{1.0,0.0,192}, lr=0.008, scale=1.0, type=vertical
  transformer.h.1.mlp.c_proj.weight: k=4, G_{0.0,-1.0,192}, lr=0.001, scale=0.5, type=horizontal
  transformer.h.2.attn.c_attn.weight: k=3, G_{1.0,0.0,192}, lr=0.008, scale=1.0, type=vertical
  transformer.h.2.mlp.c_fc.weight: k=4, G_{1.0,0.0,192}, lr=0.008, scale=1.0, type=vertical
  transformer.h.2.mlp.c_proj.weight: k=4, G_{0.0,-1.0,192}, lr=0.001, scale=0.5, type=horizontal
  transformer.h.3.attn.c_attn.weight: k=3, G_{1.0,0.0,192}, lr=0.008, scale=1.0, type=vertical
  transformer.h.3.mlp.c_fc.weight: k=4, G_{1.0,0.0,192}, lr=0.008, scale=1.0, type=vertical
  transformer.h.3.mlp.c_proj.weight: k=4, G_{0.0,-1.0,192}, lr=0.001, scale=0.5, type=horizontal
  transformer.h.4.attn.c_attn.weight: k=3, G_{1.0,0.0,192}, lr=0.008, scale=1.0, type=vertical
  transformer.h.4.mlp.c_fc.weight: k=4, G_{1.0,0.0,192}, lr=0.008, scale=1.0, type=vertical
  transformer.h.4.mlp.c_proj.weight: k=4, G_{0.0,-1.0,192}, lr=0.001, scale=0.5, type=horizontal
  transformer.h.5.attn.c_attn.weight: k=3, G_{1.0,0.0,192}, lr=0.008, scale=1.0, type=vertical
  transformer.h.5.mlp.c_fc.weight: k=4, G_{1.0,0.0,192}, lr=0.008, scale=1.0, type=vertical
  transformer.h.5.mlp.c_proj.weight: k=4, G_{0.0,-1.0,192}, lr=0.001, scale=0.5, type=horizontal
using fused AdamW: True

=== Initializing Grassmann Weights (Block Decomposition) ===
Number of weight types to initialize: 18

Initializing attn.c_attn.: k=3, G_{1.0,0.0,192}, type=vertical
  Initialized transformer.h.0.attn.c_attn.weight (1152, 384) as 3 blocks of (384, 384) on G_{1.0,0.0,192}
  Initialized transformer.h.1.attn.c_attn.weight (1152, 384) as 3 blocks of (384, 384) on G_{1.0,0.0,192}
  Initialized transformer.h.2.attn.c_attn.weight (1152, 384) as 3 blocks of (384, 384) on G_{1.0,0.0,192}
  Initialized transformer.h.3.attn.c_attn.weight (1152, 384) as 3 blocks of (384, 384) on G_{1.0,0.0,192}
  Initialized transformer.h.4.attn.c_attn.weight (1152, 384) as 3 blocks of (384, 384) on G_{1.0,0.0,192}
  Initialized transformer.h.5.attn.c_attn.weight (1152, 384) as 3 blocks of (384, 384) on G_{1.0,0.0,192}

Initializing mlp.c_fc.: k=4, G_{1.0,0.0,192}, type=vertical
  Initialized transformer.h.0.mlp.c_fc.weight (1536, 384) as 4 blocks of (384, 384) on G_{1.0,0.0,192}
  Initialized transformer.h.1.mlp.c_fc.weight (1536, 384) as 4 blocks of (384, 384) on G_{1.0,0.0,192}
  Initialized transformer.h.2.mlp.c_fc.weight (1536, 384) as 4 blocks of (384, 384) on G_{1.0,0.0,192}
  Initialized transformer.h.3.mlp.c_fc.weight (1536, 384) as 4 blocks of (384, 384) on G_{1.0,0.0,192}
  Initialized transformer.h.4.mlp.c_fc.weight (1536, 384) as 4 blocks of (384, 384) on G_{1.0,0.0,192}
  Initialized transformer.h.5.mlp.c_fc.weight (1536, 384) as 4 blocks of (384, 384) on G_{1.0,0.0,192}

Initializing mlp.c_proj.: k=4, G_{0.0,-1.0,192}, type=horizontal
  Initialized transformer.h.0.mlp.c_proj.weight (384, 1536) as 4 blocks of (384, 384) on G_{0.0,-1.0,192}
  Initialized transformer.h.1.mlp.c_proj.weight (384, 1536) as 4 blocks of (384, 384) on G_{0.0,-1.0,192}
  Initialized transformer.h.2.mlp.c_proj.weight (384, 1536) as 4 blocks of (384, 384) on G_{0.0,-1.0,192}
  Initialized transformer.h.3.mlp.c_proj.weight (384, 1536) as 4 blocks of (384, 384) on G_{0.0,-1.0,192}
  Initialized transformer.h.4.mlp.c_proj.weight (384, 1536) as 4 blocks of (384, 384) on G_{0.0,-1.0,192}
  Initialized transformer.h.5.mlp.c_proj.weight (384, 1536) as 4 blocks of (384, 384) on G_{0.0,-1.0,192}

Initializing transformer.h.1.attn.c_attn.: k=3, G_{1.0,0.0,192}, type=vertical
  Initialized transformer.h.1.attn.c_attn.weight (1152, 384) as 3 blocks of (384, 384) on G_{1.0,0.0,192}

Initializing transformer.h.1.mlp.c_fc.: k=4, G_{1.0,0.0,192}, type=vertical
  Initialized transformer.h.1.mlp.c_fc.weight (1536, 384) as 4 blocks of (384, 384) on G_{1.0,0.0,192}

Initializing transformer.h.1.mlp.c_proj.: k=4, G_{0.0,-1.0,192}, type=horizontal
  Initialized transformer.h.1.mlp.c_proj.weight (384, 1536) as 4 blocks of (384, 384) on G_{0.0,-1.0,192}

Initializing transformer.h.2.attn.c_attn.: k=3, G_{1.0,0.0,192}, type=vertical
  Initialized transformer.h.2.attn.c_attn.weight (1152, 384) as 3 blocks of (384, 384) on G_{1.0,0.0,192}

Initializing transformer.h.2.mlp.c_fc.: k=4, G_{1.0,0.0,192}, type=vertical
  Initialized transformer.h.2.mlp.c_fc.weight (1536, 384) as 4 blocks of (384, 384) on G_{1.0,0.0,192}

Initializing transformer.h.2.mlp.c_proj.: k=4, G_{0.0,-1.0,192}, type=horizontal
  Initialized transformer.h.2.mlp.c_proj.weight (384, 1536) as 4 blocks of (384, 384) on G_{0.0,-1.0,192}

Initializing transformer.h.3.attn.c_attn.: k=3, G_{1.0,0.0,192}, type=vertical
  Initialized transformer.h.3.attn.c_attn.weight (1152, 384) as 3 blocks of (384, 384) on G_{1.0,0.0,192}

Initializing transformer.h.3.mlp.c_fc.: k=4, G_{1.0,0.0,192}, type=vertical
  Initialized transformer.h.3.mlp.c_fc.weight (1536, 384) as 4 blocks of (384, 384) on G_{1.0,0.0,192}

Initializing transformer.h.3.mlp.c_proj.: k=4, G_{0.0,-1.0,192}, type=horizontal
  Initialized transformer.h.3.mlp.c_proj.weight (384, 1536) as 4 blocks of (384, 384) on G_{0.0,-1.0,192}

Initializing transformer.h.4.attn.c_attn.: k=3, G_{1.0,0.0,192}, type=vertical
  Initialized transformer.h.4.attn.c_attn.weight (1152, 384) as 3 blocks of (384, 384) on G_{1.0,0.0,192}

Initializing transformer.h.4.mlp.c_fc.: k=4, G_{1.0,0.0,192}, type=vertical
  Initialized transformer.h.4.mlp.c_fc.weight (1536, 384) as 4 blocks of (384, 384) on G_{1.0,0.0,192}

Initializing transformer.h.4.mlp.c_proj.: k=4, G_{0.0,-1.0,192}, type=horizontal
  Initialized transformer.h.4.mlp.c_proj.weight (384, 1536) as 4 blocks of (384, 384) on G_{0.0,-1.0,192}

Initializing transformer.h.5.attn.c_attn.: k=3, G_{1.0,0.0,192}, type=vertical
  Initialized transformer.h.5.attn.c_attn.weight (1152, 384) as 3 blocks of (384, 384) on G_{1.0,0.0,192}

Initializing transformer.h.5.mlp.c_fc.: k=4, G_{1.0,0.0,192}, type=vertical
  Initialized transformer.h.5.mlp.c_fc.weight (1536, 384) as 4 blocks of (384, 384) on G_{1.0,0.0,192}

Initializing transformer.h.5.mlp.c_proj.: k=4, G_{0.0,-1.0,192}, type=horizontal
  Initialized transformer.h.5.mlp.c_proj.weight (384, 1536) as 4 blocks of (384, 384) on G_{0.0,-1.0,192}

Grassmann block initialization complete.

=== Setting up component-specific dropout ===
AdamW components: dropout = 0.2
Grassmann components: dropout = 0.1
Component-specific dropout setup complete.

=== Setting up norm-preserving scaling (Phase phase4) ===
  Added frozen 0.5×I scaling after mlp.c_fc
  Added frozen 0.5×I scaling after mlp.c_fc
  Added frozen 0.5×I scaling after mlp.c_fc
  Added frozen 0.5×I scaling after mlp.c_fc
  Added frozen 0.5×I scaling after mlp.c_fc
  Added frozen 0.5×I scaling after mlp.c_fc
Norm-preserving scaling setup complete.
compiling the model... (takes a ~minute)
