Overriding config with config/phase1.5_mlp_adamw.py:
# Phase 1.5: mlp.c_fc only (derived from phase2, attn.c_proj uses AdamW)
# Coverage: ~30% of parameters (mlp.c_fc Grassmann, attn.c_proj AdamW)
# Test if MLP expansion benefits from manifold while keeping attn.c_proj standard

out_dir = '/net/scratch2/junyuren/nanoGPT-manifold/out-phase1.5-mlp-adamw'
eval_interval = 500
eval_iters = 200
log_interval = 10
always_save_checkpoint = True

wandb_log = False
wandb_project = 'nanogpt-manifold'
wandb_run_name = 'phase1.5-mlp-adamw'

# Dataset
dataset = 'shakespeare_char'
gradient_accumulation_steps = 1
batch_size = 64
block_size = 256

# Baby GPT architecture
n_layer = 6
n_head = 6
n_embd = 384
dropout = 0.2  # Match baseline (nanoGPT standard for Shakespeare)
bias = False

# AdamW for non-Grassmann params
learning_rate = 1e-3
max_iters = 15000
lr_decay_iters = 15000
min_lr = 1e-4
weight_decay = 1e-1  # Match baseline
beta1 = 0.9
beta2 = 0.99  # Match baseline (standard for small token count)
grad_clip = 1.0

decay_lr = True
warmup_iters = 100

# Grassmann config
use_grassmann = True
grassmann_phase = 'phase1.5'  # .5 = skip attn.c_proj (use AdamW)

# Legacy params
grass_lr = 8e-3
grass_a = 1.0
grass_b = 0.0
grass_rank = 192
grass_alpha = 0.01
grass_steps = 10
grass_tol = 1e-6

# System
device = 'cuda'
dtype = 'bfloat16'
compile = True

tokens per iteration will be: 16,384
found vocab_size = 65 (inside data/shakespeare_char/meta.pkl)
Initializing a new model from scratch
number of parameters: 10.65M

=== Phase phase1.5 Grassmann Configuration ===
  Variant .5: attn.c_proj uses AdamW (not Grassmann)
Grassmann Muon parameters: 6 weight matrices, 2,654,208 params
AdamW decay parameters: 20 tensors, 8,085,888 params
AdamW no-decay parameters: 13 tensors, 4,992 params
  transformer.h.0.attn.c_attn.weight: k=3, G_{1.0,0.0,192}, lr=0.008, scale=1.0, type=vertical
  transformer.h.1.attn.c_attn.weight: k=3, G_{1.0,0.0,192}, lr=0.008, scale=1.0, type=vertical
  transformer.h.2.attn.c_attn.weight: k=3, G_{1.0,0.0,192}, lr=0.008, scale=1.0, type=vertical
  transformer.h.3.attn.c_attn.weight: k=3, G_{1.0,0.0,192}, lr=0.008, scale=1.0, type=vertical
  transformer.h.4.attn.c_attn.weight: k=3, G_{1.0,0.0,192}, lr=0.008, scale=1.0, type=vertical
  transformer.h.5.attn.c_attn.weight: k=3, G_{1.0,0.0,192}, lr=0.008, scale=1.0, type=vertical
using fused AdamW: True

=== Initializing Grassmann Weights (Block Decomposition) ===
Number of weight types to initialize: 6

Initializing attn.c_attn.: k=3, G_{1.0,0.0,192}, type=vertical
  Initialized transformer.h.0.attn.c_attn.weight (1152, 384) as 3 blocks of (384, 384) on G_{1.0,0.0,192}
  Initialized transformer.h.1.attn.c_attn.weight (1152, 384) as 3 blocks of (384, 384) on G_{1.0,0.0,192}
  Initialized transformer.h.2.attn.c_attn.weight (1152, 384) as 3 blocks of (384, 384) on G_{1.0,0.0,192}
  Initialized transformer.h.3.attn.c_attn.weight (1152, 384) as 3 blocks of (384, 384) on G_{1.0,0.0,192}
  Initialized transformer.h.4.attn.c_attn.weight (1152, 384) as 3 blocks of (384, 384) on G_{1.0,0.0,192}
  Initialized transformer.h.5.attn.c_attn.weight (1152, 384) as 3 blocks of (384, 384) on G_{1.0,0.0,192}

Initializing transformer.h.1.attn.c_attn.: k=3, G_{1.0,0.0,192}, type=vertical
  Initialized transformer.h.1.attn.c_attn.weight (1152, 384) as 3 blocks of (384, 384) on G_{1.0,0.0,192}

Initializing transformer.h.2.attn.c_attn.: k=3, G_{1.0,0.0,192}, type=vertical
  Initialized transformer.h.2.attn.c_attn.weight (1152, 384) as 3 blocks of (384, 384) on G_{1.0,0.0,192}

Initializing transformer.h.3.attn.c_attn.: k=3, G_{1.0,0.0,192}, type=vertical
  Initialized transformer.h.3.attn.c_attn.weight (1152, 384) as 3 blocks of (384, 384) on G_{1.0,0.0,192}

Initializing transformer.h.4.attn.c_attn.: k=3, G_{1.0,0.0,192}, type=vertical
  Initialized transformer.h.4.attn.c_attn.weight (1152, 384) as 3 blocks of (384, 384) on G_{1.0,0.0,192}

Initializing transformer.h.5.attn.c_attn.: k=3, G_{1.0,0.0,192}, type=vertical
  Initialized transformer.h.5.attn.c_attn.weight (1152, 384) as 3 blocks of (384, 384) on G_{1.0,0.0,192}

Grassmann block initialization complete.

=== Setting up component-specific dropout ===
AdamW components: dropout = 0.2
Grassmann components: dropout = 0.1
Component-specific dropout setup complete.

=== Setting up norm-preserving scaling (Phase phase1.5) ===
Norm-preserving scaling setup complete.
compiling the model... (takes a ~minute)
step 0: train loss 4.2868, val loss 4.2858
iter 0: loss 4.2758, time 13365.01ms, mfu -100.00%
iter 10: loss 3.2679, time 395.09ms, mfu 0.94%
iter 20: loss 2.8268, time 390.43ms, mfu 0.94%
iter 30: loss 2.6687, time 386.78ms, mfu 0.95%
iter 40: loss 2.5924, time 385.25ms, mfu 0.95%
iter 50: loss 2.5376, time 389.44ms, mfu 0.95%
iter 60: loss 2.5241, time 383.79ms, mfu 0.95%
iter 70: loss 2.5093, time 382.53ms, mfu 0.95%
iter 80: loss 2.5084, time 386.08ms, mfu 0.95%
iter 90: loss 2.4866, time 379.75ms, mfu 0.96%
iter 100: loss 2.4803, time 381.45ms, mfu 0.96%
iter 110: loss 2.4696, time 381.73ms, mfu 0.96%
iter 120: loss 2.4508, time 381.92ms, mfu 0.96%
iter 130: loss 2.4417, time 382.33ms, mfu 0.96%
iter 140: loss 2.4382, time 382.25ms, mfu 0.96%
iter 150: loss 2.4451, time 382.16ms, mfu 0.97%
iter 160: loss 2.4203, time 374.45ms, mfu 0.97%
iter 170: loss 2.4081, time 377.53ms, mfu 0.97%
iter 180: loss 2.4007, time 378.01ms, mfu 0.97%
iter 190: loss 2.3593, time 378.45ms, mfu 0.97%
iter 200: loss 2.3264, time 382.88ms, mfu 0.97%
iter 210: loss 2.2557, time 383.53ms, mfu 0.97%
iter 220: loss 2.2549, time 383.45ms, mfu 0.97%
iter 230: loss 2.2004, time 381.03ms, mfu 0.97%
iter 240: loss 2.1978, time 379.73ms, mfu 0.97%
iter 250: loss 2.1515, time 378.49ms, mfu 0.98%
iter 260: loss 2.1338, time 376.24ms, mfu 0.98%
iter 270: loss 2.1095, time 382.87ms, mfu 0.98%
iter 280: loss 2.0875, time 374.74ms, mfu 0.98%
iter 290: loss 2.0685, time 384.02ms, mfu 0.98%
iter 300: loss 2.0174, time 381.24ms, mfu 0.98%
iter 310: loss 2.0162, time 380.05ms, mfu 0.98%
iter 320: loss 1.9924, time 380.70ms, mfu 0.98%
iter 330: loss 1.9857, time 380.28ms, mfu 0.98%
iter 340: loss 1.9518, time 381.00ms, mfu 0.98%
iter 350: loss 1.9344, time 380.78ms, mfu 0.98%
iter 360: loss 1.9188, time 378.04ms, mfu 0.98%
iter 370: loss 1.8996, time 378.89ms, mfu 0.98%
iter 380: loss 1.8682, time 377.88ms, mfu 0.98%
iter 390: loss 1.8532, time 382.06ms, mfu 0.98%
iter 400: loss 1.8594, time 378.66ms, mfu 0.98%
iter 410: loss 1.8296, time 380.89ms, mfu 0.98%
iter 420: loss 1.8287, time 382.01ms, mfu 0.98%
iter 430: loss 1.7986, time 378.22ms, mfu 0.98%
iter 440: loss 1.8244, time 378.89ms, mfu 0.98%
iter 450: loss 1.8040, time 377.98ms, mfu 0.98%
iter 460: loss 1.8172, time 381.26ms, mfu 0.98%
iter 470: loss 1.7935, time 382.16ms, mfu 0.98%
iter 480: loss 1.7598, time 380.69ms, mfu 0.98%
iter 490: loss 1.7606, time 379.48ms, mfu 0.98%
step 500: train loss 1.6325, val loss 1.8099
saving checkpoint to /net/scratch2/junyuren/nanoGPT-manifold/out-phase1.5-mlp-adamw
iter 500: loss 1.7499, time 4675.90ms, mfu 0.89%
iter 510: loss 1.7440, time 379.17ms, mfu 0.90%
iter 520: loss 1.7115, time 378.59ms, mfu 0.91%
iter 530: loss 1.7432, time 380.82ms, mfu 0.91%
iter 540: loss 1.6955, time 379.35ms, mfu 0.92%
iter 550: loss 1.7031, time 378.88ms, mfu 0.93%
iter 560: loss 1.6835, time 379.66ms, mfu 0.93%
iter 570: loss 1.7066, time 378.65ms, mfu 0.94%
iter 580: loss 1.6972, time 377.20ms, mfu 0.94%
iter 590: loss 1.6535, time 379.84ms, mfu 0.95%
iter 600: loss 1.6796, time 380.05ms, mfu 0.95%
iter 610: loss 1.6305, time 378.91ms, mfu 0.95%
iter 620: loss 1.6654, time 377.68ms, mfu 0.96%
iter 630: loss 1.6377, time 378.97ms, mfu 0.96%
iter 640: loss 1.6259, time 378.27ms, mfu 0.96%
iter 650: loss 1.6522, time 379.59ms, mfu 0.96%
iter 660: loss 1.6587, time 377.59ms, mfu 0.97%
iter 670: loss 1.5741, time 378.92ms, mfu 0.97%
iter 680: loss 1.6519, time 378.90ms, mfu 0.97%
iter 690: loss 1.6192, time 374.95ms, mfu 0.97%
iter 700: loss 1.6106, time 375.58ms, mfu 0.97%
iter 710: loss 1.5865, time 379.85ms, mfu 0.97%
iter 720: loss 1.5738, time 377.15ms, mfu 0.98%
iter 730: loss 1.5654, time 376.29ms, mfu 0.98%
iter 740: loss 1.5882, time 375.97ms, mfu 0.98%
iter 750: loss 1.5759, time 376.81ms, mfu 0.98%
iter 760: loss 1.5364, time 376.52ms, mfu 0.98%
iter 770: loss 1.5426, time 378.45ms, mfu 0.98%
iter 780: loss 1.5365, time 374.92ms, mfu 0.98%
iter 790: loss 1.5421, time 374.68ms, mfu 0.98%
iter 800: loss 1.5661, time 373.60ms, mfu 0.99%
iter 810: loss 1.5542, time 375.31ms, mfu 0.99%
iter 820: loss 1.5261, time 372.93ms, mfu 0.99%
iter 830: loss 1.5164, time 374.00ms, mfu 0.99%
iter 840: loss 1.5048, time 375.43ms, mfu 0.99%
iter 850: loss 1.5325, time 374.69ms, mfu 0.99%
iter 860: loss 1.5415, time 374.85ms, mfu 0.99%
iter 870: loss 1.5216, time 373.99ms, mfu 0.99%
iter 880: loss 1.4616, time 373.46ms, mfu 0.99%
iter 890: loss 1.5299, time 375.00ms, mfu 0.99%
iter 900: loss 1.4891, time 373.60ms, mfu 0.99%
iter 910: loss 1.5123, time 374.86ms, mfu 0.99%
iter 920: loss 1.4963, time 371.82ms, mfu 0.99%
iter 930: loss 1.4666, time 371.17ms, mfu 0.99%
iter 940: loss 1.5314, time 374.93ms, mfu 0.99%
iter 950: loss 1.4881, time 373.32ms, mfu 0.99%
iter 960: loss 1.4886, time 372.99ms, mfu 1.00%
iter 970: loss 1.4906, time 372.73ms, mfu 1.00%
iter 980: loss 1.4495, time 375.28ms, mfu 1.00%
iter 990: loss 1.4239, time 372.49ms, mfu 1.00%
step 1000: train loss 1.3655, val loss 1.5985
saving checkpoint to /net/scratch2/junyuren/nanoGPT-manifold/out-phase1.5-mlp-adamw
iter 1000: loss 1.4550, time 3767.25ms, mfu 0.91%
iter 1010: loss 1.4367, time 375.94ms, mfu 0.91%
iter 1020: loss 1.4530, time 374.26ms, mfu 0.92%
iter 1030: loss 1.4532, time 370.03ms, mfu 0.93%
iter 1040: loss 1.4375, time 371.99ms, mfu 0.94%
iter 1050: loss 1.4462, time 374.22ms, mfu 0.94%
iter 1060: loss 1.4520, time 375.10ms, mfu 0.95%
iter 1070: loss 1.4442, time 371.74ms, mfu 0.95%
iter 1080: loss 1.4064, time 373.25ms, mfu 0.96%
iter 1090: loss 1.4239, time 372.91ms, mfu 0.96%
iter 1100: loss 1.4474, time 370.35ms, mfu 0.97%
iter 1110: loss 1.4340, time 370.75ms, mfu 0.97%
iter 1120: loss 1.4409, time 373.46ms, mfu 0.97%
iter 1130: loss 1.4236, time 373.11ms, mfu 0.98%
iter 1140: loss 1.4145, time 374.13ms, mfu 0.98%
iter 1150: loss 1.4085, time 370.94ms, mfu 0.98%
iter 1160: loss 1.4159, time 370.71ms, mfu 0.98%
iter 1170: loss 1.3975, time 370.35ms, mfu 0.99%
iter 1180: loss 1.3923, time 370.22ms, mfu 0.99%
iter 1190: loss 1.3841, time 373.22ms, mfu 0.99%
iter 1200: loss 1.4068, time 373.27ms, mfu 0.99%
iter 1210: loss 1.3782, time 369.53ms, mfu 0.99%
iter 1220: loss 1.3902, time 370.98ms, mfu 0.99%
iter 1230: loss 1.3716, time 369.30ms, mfu 0.99%
iter 1240: loss 1.3803, time 366.35ms, mfu 1.00%
iter 1250: loss 1.3673, time 373.17ms, mfu 1.00%
iter 1260: loss 1.3837, time 371.69ms, mfu 1.00%
iter 1270: loss 1.3801, time 372.95ms, mfu 1.00%
iter 1280: loss 1.3549, time 369.16ms, mfu 1.00%
iter 1290: loss 1.3757, time 367.76ms, mfu 1.00%
iter 1300: loss 1.3526, time 372.74ms, mfu 1.00%
iter 1310: loss 1.3052, time 370.47ms, mfu 1.00%
iter 1320: loss 1.3497, time 370.52ms, mfu 1.00%
iter 1330: loss 1.3537, time 368.19ms, mfu 1.00%
iter 1340: loss 1.3432, time 370.51ms, mfu 1.00%
iter 1350: loss 1.3466, time 369.65ms, mfu 1.00%
iter 1360: loss 1.3560, time 372.00ms, mfu 1.00%
iter 1370: loss 1.3488, time 370.70ms, mfu 1.00%
iter 1380: loss 1.3408, time 369.17ms, mfu 1.00%
iter 1390: loss 1.3250, time 370.80ms, mfu 1.00%
iter 1400: loss 1.3273, time 368.86ms, mfu 1.00%
iter 1410: loss 1.3380, time 368.20ms, mfu 1.01%
iter 1420: loss 1.3254, time 368.62ms, mfu 1.01%
iter 1430: loss 1.3283, time 369.31ms, mfu 1.01%
iter 1440: loss 1.3316, time 369.57ms, mfu 1.01%
iter 1450: loss 1.3307, time 369.11ms, mfu 1.01%
iter 1460: loss 1.3186, time 368.13ms, mfu 1.01%
iter 1470: loss 1.3207, time 367.63ms, mfu 1.01%
iter 1480: loss 1.3081, time 369.99ms, mfu 1.01%
iter 1490: loss 1.3426, time 368.27ms, mfu 1.01%
step 1500: train loss 1.2259, val loss 1.5081
saving checkpoint to /net/scratch2/junyuren/nanoGPT-manifold/out-phase1.5-mlp-adamw
iter 1500: loss 1.3260, time 3759.32ms, mfu 0.92%
iter 1510: loss 1.3050, time 368.70ms, mfu 0.93%
iter 1520: loss 1.2924, time 369.13ms, mfu 0.93%
iter 1530: loss 1.2995, time 370.94ms, mfu 0.94%
iter 1540: loss 1.3005, time 367.27ms, mfu 0.95%
iter 1550: loss 1.3101, time 368.72ms, mfu 0.96%
iter 1560: loss 1.3216, time 367.72ms, mfu 0.96%
iter 1570: loss 1.3022, time 369.73ms, mfu 0.97%
iter 1580: loss 1.3212, time 366.59ms, mfu 0.97%
iter 1590: loss 1.2731, time 364.88ms, mfu 0.98%
iter 1600: loss 1.2909, time 368.64ms, mfu 0.98%
iter 1610: loss 1.2673, time 368.92ms, mfu 0.98%
iter 1620: loss 1.3086, time 369.05ms, mfu 0.99%
iter 1630: loss 1.2995, time 365.62ms, mfu 0.99%
iter 1640: loss 1.3087, time 368.64ms, mfu 0.99%
iter 1650: loss 1.2727, time 366.42ms, mfu 0.99%
iter 1660: loss 1.2812, time 369.03ms, mfu 1.00%
iter 1670: loss 1.2902, time 367.71ms, mfu 1.00%
iter 1680: loss 1.2779, time 367.36ms, mfu 1.00%
iter 1690: loss 1.3048, time 370.31ms, mfu 1.00%
iter 1700: loss 1.2802, time 367.49ms, mfu 1.00%
iter 1710: loss 1.2500, time 364.53ms, mfu 1.00%
iter 1720: loss 1.2664, time 367.25ms, mfu 1.00%
iter 1730: loss 1.2678, time 366.92ms, mfu 1.01%
iter 1740: loss 1.2639, time 364.73ms, mfu 1.01%
iter 1750: loss 1.2525, time 366.62ms, mfu 1.01%
iter 1760: loss 1.2730, time 368.76ms, mfu 1.01%
iter 1770: loss 1.2490, time 369.26ms, mfu 1.01%
iter 1780: loss 1.2623, time 367.17ms, mfu 1.01%
iter 1790: loss 1.2619, time 366.80ms, mfu 1.01%
iter 1800: loss 1.2314, time 366.07ms, mfu 1.01%
iter 1810: loss 1.2795, time 366.15ms, mfu 1.01%
iter 1820: loss 1.2361, time 368.28ms, mfu 1.01%
iter 1830: loss 1.2366, time 368.49ms, mfu 1.01%
iter 1840: loss 1.2210, time 365.11ms, mfu 1.01%
iter 1850: loss 1.2618, time 368.83ms, mfu 1.01%
iter 1860: loss 1.2407, time 367.33ms, mfu 1.01%
iter 1870: loss 1.2430, time 365.74ms, mfu 1.01%
iter 1880: loss 1.2876, time 368.22ms, mfu 1.01%
iter 1890: loss 1.2345, time 365.91ms, mfu 1.01%
iter 1900: loss 1.2684, time 366.34ms, mfu 1.01%
iter 1910: loss 1.2689, time 365.76ms, mfu 1.01%
iter 1920: loss 1.2270, time 367.14ms, mfu 1.01%
iter 1930: loss 1.2668, time 365.27ms, mfu 1.01%
iter 1940: loss 1.2275, time 363.88ms, mfu 1.02%
iter 1950: loss 1.2397, time 365.03ms, mfu 1.02%
iter 1960: loss 1.2332, time 365.01ms, mfu 1.02%
iter 1970: loss 1.2096, time 367.51ms, mfu 1.02%
iter 1980: loss 1.2346, time 364.76ms, mfu 1.02%
iter 1990: loss 1.2000, time 365.17ms, mfu 1.02%
step 2000: train loss 1.1379, val loss 1.4955
saving checkpoint to /net/scratch2/junyuren/nanoGPT-manifold/out-phase1.5-mlp-adamw
iter 2000: loss 1.2552, time 3777.74ms, mfu 0.93%
iter 2010: loss 1.2367, time 367.85ms, mfu 0.93%
iter 2020: loss 1.2413, time 365.90ms, mfu 0.94%
iter 2030: loss 1.2136, time 365.89ms, mfu 0.95%
iter 2040: loss 1.2195, time 366.31ms, mfu 0.96%
iter 2050: loss 1.2045, time 365.39ms, mfu 0.96%
iter 2060: loss 1.1957, time 368.24ms, mfu 0.97%
iter 2070: loss 1.2373, time 364.62ms, mfu 0.97%
iter 2080: loss 1.2186, time 363.89ms, mfu 0.98%
iter 2090: loss 1.2172, time 366.82ms, mfu 0.98%
iter 2100: loss 1.1846, time 366.12ms, mfu 0.99%
iter 2110: loss 1.2155, time 363.71ms, mfu 0.99%
iter 2120: loss 1.2140, time 366.69ms, mfu 0.99%
iter 2130: loss 1.2338, time 365.03ms, mfu 1.00%
iter 2140: loss 1.1926, time 365.84ms, mfu 1.00%
iter 2150: loss 1.1828, time 367.55ms, mfu 1.00%
iter 2160: loss 1.1897, time 364.96ms, mfu 1.00%
iter 2170: loss 1.2044, time 365.49ms, mfu 1.00%
iter 2180: loss 1.2020, time 365.42ms, mfu 1.00%
iter 2190: loss 1.2409, time 365.31ms, mfu 1.01%
iter 2200: loss 1.2095, time 365.30ms, mfu 1.01%
iter 2210: loss 1.1813, time 366.66ms, mfu 1.01%
iter 2220: loss 1.1878, time 364.37ms, mfu 1.01%
iter 2230: loss 1.1975, time 365.75ms, mfu 1.01%
iter 2240: loss 1.2162, time 364.94ms, mfu 1.01%
iter 2250: loss 1.1673, time 364.54ms, mfu 1.01%
iter 2260: loss 1.1922, time 363.50ms, mfu 1.01%
iter 2270: loss 1.1966, time 361.11ms, mfu 1.02%
iter 2280: loss 1.2077, time 363.28ms, mfu 1.02%
iter 2290: loss 1.1805, time 364.70ms, mfu 1.02%
iter 2300: loss 1.1898, time 364.65ms, mfu 1.02%
iter 2310: loss 1.2030, time 364.45ms, mfu 1.02%
iter 2320: loss 1.1805, time 363.22ms, mfu 1.02%
iter 2330: loss 1.1969, time 365.28ms, mfu 1.02%
iter 2340: loss 1.1510, time 365.41ms, mfu 1.02%
iter 2350: loss 1.1882, time 364.90ms, mfu 1.02%
iter 2360: loss 1.1626, time 365.86ms, mfu 1.02%
iter 2370: loss 1.1942, time 363.84ms, mfu 1.02%
iter 2380: loss 1.1635, time 365.56ms, mfu 1.02%
iter 2390: loss 1.1441, time 364.22ms, mfu 1.02%
iter 2400: loss 1.1570, time 363.93ms, mfu 1.02%
iter 2410: loss 1.1843, time 364.53ms, mfu 1.02%
iter 2420: loss 1.1439, time 362.61ms, mfu 1.02%
iter 2430: loss 1.1622, time 361.71ms, mfu 1.02%
iter 2440: loss 1.1623, time 364.32ms, mfu 1.02%
iter 2450: loss 1.1294, time 363.11ms, mfu 1.02%
iter 2460: loss 1.1820, time 362.06ms, mfu 1.02%
iter 2470: loss 1.1618, time 361.63ms, mfu 1.02%
iter 2480: loss 1.1555, time 362.26ms, mfu 1.02%
iter 2490: loss 1.1561, time 363.54ms, mfu 1.02%
step 2500: train loss 1.0569, val loss 1.4985
saving checkpoint to /net/scratch2/junyuren/nanoGPT-manifold/out-phase1.5-mlp-adamw
iter 2500: loss 1.1339, time 3751.02ms, mfu 0.93%
iter 2510: loss 1.1617, time 365.92ms, mfu 0.94%
iter 2520: loss 1.1640, time 364.53ms, mfu 0.95%
iter 2530: loss 1.1350, time 362.28ms, mfu 0.96%
iter 2540: loss 1.1842, time 364.60ms, mfu 0.96%
iter 2550: loss 1.1423, time 362.16ms, mfu 0.97%
iter 2560: loss 1.1459, time 363.86ms, mfu 0.98%
iter 2570: loss 1.1614, time 363.36ms, mfu 0.98%
iter 2580: loss 1.1488, time 361.71ms, mfu 0.99%
iter 2590: loss 1.1674, time 362.48ms, mfu 0.99%
iter 2600: loss 1.1492, time 363.75ms, mfu 0.99%
iter 2610: loss 1.1287, time 363.48ms, mfu 1.00%
iter 2620: loss 1.1316, time 363.65ms, mfu 1.00%
iter 2630: loss 1.1296, time 365.10ms, mfu 1.00%
iter 2640: loss 1.1237, time 363.89ms, mfu 1.00%
iter 2650: loss 1.1296, time 362.96ms, mfu 1.01%
iter 2660: loss 1.1364, time 361.96ms, mfu 1.01%
iter 2670: loss 1.0930, time 363.73ms, mfu 1.01%
iter 2680: loss 1.1505, time 363.19ms, mfu 1.01%
iter 2690: loss 1.1403, time 360.68ms, mfu 1.01%
iter 2700: loss 1.0956, time 361.84ms, mfu 1.02%
iter 2710: loss 1.1342, time 362.73ms, mfu 1.02%
iter 2720: loss 1.1467, time 364.57ms, mfu 1.02%
iter 2730: loss 1.1120, time 363.35ms, mfu 1.02%
iter 2740: loss 1.0836, time 362.57ms, mfu 1.02%
iter 2750: loss 1.0988, time 361.71ms, mfu 1.02%
iter 2760: loss 1.1200, time 362.19ms, mfu 1.02%
iter 2770: loss 1.1178, time 363.19ms, mfu 1.02%
iter 2780: loss 1.1292, time 362.34ms, mfu 1.02%
iter 2790: loss 1.1257, time 364.25ms, mfu 1.02%
iter 2800: loss 1.0876, time 362.34ms, mfu 1.02%
iter 2810: loss 1.0860, time 363.52ms, mfu 1.02%
iter 2820: loss 1.1002, time 361.49ms, mfu 1.02%
iter 2830: loss 1.1240, time 362.61ms, mfu 1.02%
iter 2840: loss 1.1406, time 361.11ms, mfu 1.02%
iter 2850: loss 1.0862, time 362.36ms, mfu 1.03%
iter 2860: loss 1.0819, time 360.18ms, mfu 1.03%
iter 2870: loss 1.1326, time 361.68ms, mfu 1.03%
iter 2880: loss 1.1102, time 364.02ms, mfu 1.03%
iter 2890: loss 1.1113, time 364.07ms, mfu 1.03%
iter 2900: loss 1.1088, time 361.05ms, mfu 1.03%
iter 2910: loss 1.0984, time 362.60ms, mfu 1.03%
iter 2920: loss 1.0989, time 362.82ms, mfu 1.03%
iter 2930: loss 1.1118, time 361.12ms, mfu 1.03%
iter 2940: loss 1.0811, time 361.88ms, mfu 1.03%
iter 2950: loss 1.1017, time 362.61ms, mfu 1.03%
iter 2960: loss 1.1023, time 362.40ms, mfu 1.03%
iter 2970: loss 1.0688, time 360.54ms, mfu 1.03%
iter 2980: loss 1.0918, time 361.28ms, mfu 1.03%
iter 2990: loss 1.0959, time 362.09ms, mfu 1.03%
step 3000: train loss 0.9779, val loss 1.5218
saving checkpoint to /net/scratch2/junyuren/nanoGPT-manifold/out-phase1.5-mlp-adamw
iter 3000: loss 1.0984, time 3797.75ms, mfu 0.94%
iter 3010: loss 1.0864, time 397.99ms, mfu 0.94%
iter 3020: loss 1.1140, time 359.57ms, mfu 0.95%
iter 3030: loss 1.0889, time 361.49ms, mfu 0.95%
iter 3040: loss 1.1046, time 362.89ms, mfu 0.96%
iter 3050: loss 1.0742, time 360.46ms, mfu 0.97%
iter 3060: loss 1.1089, time 358.34ms, mfu 0.98%
iter 3070: loss 1.0999, time 360.01ms, mfu 0.98%
iter 3080: loss 1.0903, time 361.95ms, mfu 0.99%
iter 3090: loss 1.0601, time 365.13ms, mfu 0.99%
iter 3100: loss 1.0744, time 361.08ms, mfu 0.99%
iter 3110: loss 1.0668, time 361.94ms, mfu 1.00%
iter 3120: loss 1.0513, time 360.32ms, mfu 1.00%
iter 3130: loss 1.0669, time 362.14ms, mfu 1.00%
iter 3140: loss 1.0801, time 363.22ms, mfu 1.01%
iter 3150: loss 1.0579, time 360.99ms, mfu 1.01%
iter 3160: loss 1.1020, time 361.68ms, mfu 1.01%
iter 3170: loss 1.0415, time 360.44ms, mfu 1.01%
iter 3180: loss 1.0807, time 360.66ms, mfu 1.02%
iter 3190: loss 1.0647, time 362.74ms, mfu 1.02%
iter 3200: loss 1.0728, time 362.67ms, mfu 1.02%
iter 3210: loss 1.0626, time 358.66ms, mfu 1.02%
iter 3220: loss 1.0532, time 360.79ms, mfu 1.02%
iter 3230: loss 1.0865, time 359.82ms, mfu 1.02%
iter 3240: loss 1.0798, time 358.98ms, mfu 1.02%
iter 3250: loss 1.0420, time 358.67ms, mfu 1.03%
iter 3260: loss 1.0799, time 358.53ms, mfu 1.03%
iter 3270: loss 1.0692, time 361.02ms, mfu 1.03%
iter 3280: loss 1.0859, time 360.40ms, mfu 1.03%
iter 3290: loss 1.0851, time 361.52ms, mfu 1.03%
iter 3300: loss 1.0304, time 360.13ms, mfu 1.03%
iter 3310: loss 1.0756, time 362.28ms, mfu 1.03%
iter 3320: loss 1.0601, time 361.74ms, mfu 1.03%
iter 3330: loss 1.0572, time 358.66ms, mfu 1.03%
iter 3340: loss 1.0261, time 359.67ms, mfu 1.03%
iter 3350: loss 1.0607, time 359.62ms, mfu 1.03%
iter 3360: loss 1.0448, time 360.75ms, mfu 1.03%
iter 3370: loss 1.0446, time 359.35ms, mfu 1.03%
iter 3380: loss 1.0621, time 357.41ms, mfu 1.03%
iter 3390: loss 1.0238, time 359.36ms, mfu 1.03%
iter 3400: loss 1.0167, time 358.31ms, mfu 1.03%
iter 3410: loss 1.0335, time 358.42ms, mfu 1.03%
iter 3420: loss 1.0437, time 361.85ms, mfu 1.03%
iter 3430: loss 1.0636, time 360.01ms, mfu 1.03%
iter 3440: loss 1.0623, time 360.11ms, mfu 1.03%
iter 3450: loss 1.0135, time 359.28ms, mfu 1.03%
iter 3460: loss 1.0318, time 359.99ms, mfu 1.03%
iter 3470: loss 1.0629, time 360.00ms, mfu 1.03%
iter 3480: loss 1.0241, time 359.62ms, mfu 1.03%
iter 3490: loss 1.0579, time 358.89ms, mfu 1.04%
step 3500: train loss 0.9046, val loss 1.5606
saving checkpoint to /net/scratch2/junyuren/nanoGPT-manifold/out-phase1.5-mlp-adamw
iter 3500: loss 1.0465, time 3741.79ms, mfu 0.94%
iter 3510: loss 1.0149, time 357.96ms, mfu 0.95%
iter 3520: loss 1.0140, time 358.28ms, mfu 0.96%
iter 3530: loss 1.0122, time 359.76ms, mfu 0.97%
iter 3540: loss 1.0107, time 360.30ms, mfu 0.97%
iter 3550: loss 1.0229, time 359.57ms, mfu 0.98%
iter 3560: loss 1.0288, time 360.40ms, mfu 0.99%
iter 3570: loss 1.0260, time 357.15ms, mfu 0.99%
iter 3580: loss 1.0233, time 357.27ms, mfu 1.00%
iter 3590: loss 1.0112, time 358.82ms, mfu 1.00%
iter 3600: loss 0.9902, time 360.15ms, mfu 1.00%
iter 3610: loss 1.0116, time 359.76ms, mfu 1.01%
iter 3620: loss 1.0238, time 360.84ms, mfu 1.01%
iter 3630: loss 1.0292, time 359.45ms, mfu 1.01%
iter 3640: loss 1.0416, time 360.21ms, mfu 1.01%
iter 3650: loss 1.0151, time 359.71ms, mfu 1.02%
iter 3660: loss 1.0157, time 358.77ms, mfu 1.02%
iter 3670: loss 1.0054, time 356.95ms, mfu 1.02%
iter 3680: loss 0.9809, time 357.54ms, mfu 1.02%
iter 3690: loss 0.9836, time 358.01ms, mfu 1.03%
iter 3700: loss 0.9974, time 361.80ms, mfu 1.03%
iter 3710: loss 1.0155, time 359.54ms, mfu 1.03%
iter 3720: loss 1.0042, time 358.52ms, mfu 1.03%
iter 3730: loss 0.9891, time 358.92ms, mfu 1.03%
iter 3740: loss 0.9942, time 357.50ms, mfu 1.03%
iter 3750: loss 1.0062, time 359.73ms, mfu 1.03%
iter 3760: loss 0.9961, time 359.41ms, mfu 1.03%
iter 3770: loss 1.0142, time 356.22ms, mfu 1.03%
iter 3780: loss 1.0262, time 355.41ms, mfu 1.03%
iter 3790: loss 1.0026, time 357.27ms, mfu 1.04%
iter 3800: loss 0.9974, time 362.29ms, mfu 1.03%
iter 3810: loss 0.9840, time 359.95ms, mfu 1.03%
iter 3820: loss 0.9698, time 362.16ms, mfu 1.03%
iter 3830: loss 0.9624, time 356.05ms, mfu 1.04%
iter 3840: loss 0.9750, time 359.16ms, mfu 1.04%
iter 3850: loss 1.0074, time 359.59ms, mfu 1.04%
iter 3860: loss 0.9657, time 358.85ms, mfu 1.04%
iter 3870: loss 0.9563, time 358.02ms, mfu 1.04%
iter 3880: loss 0.9883, time 360.53ms, mfu 1.04%
iter 3890: loss 0.9919, time 358.56ms, mfu 1.04%
iter 3900: loss 0.9642, time 357.91ms, mfu 1.04%
iter 3910: loss 1.0004, time 355.91ms, mfu 1.04%
iter 3920: loss 0.9873, time 357.66ms, mfu 1.04%
iter 3930: loss 1.0070, time 357.96ms, mfu 1.04%
iter 3940: loss 0.9638, time 357.78ms, mfu 1.04%
iter 3950: loss 0.9680, time 356.75ms, mfu 1.04%
iter 3960: loss 0.9969, time 362.22ms, mfu 1.04%
iter 3970: loss 0.9725, time 358.82ms, mfu 1.04%
iter 3980: loss 0.9549, time 355.34ms, mfu 1.04%
iter 3990: loss 0.9690, time 358.64ms, mfu 1.04%
step 4000: train loss 0.8274, val loss 1.6195
saving checkpoint to /net/scratch2/junyuren/nanoGPT-manifold/out-phase1.5-mlp-adamw
iter 4000: loss 0.9665, time 3766.13ms, mfu 0.95%
iter 4010: loss 0.9949, time 357.82ms, mfu 0.95%
iter 4020: loss 0.9506, time 357.13ms, mfu 0.96%
iter 4030: loss 0.9901, time 356.39ms, mfu 0.97%
iter 4040: loss 0.9431, time 356.67ms, mfu 0.98%
iter 4050: loss 0.9712, time 358.83ms, mfu 0.99%
iter 4060: loss 0.9776, time 358.33ms, mfu 0.99%
iter 4070: loss 0.9575, time 359.50ms, mfu 1.00%
iter 4080: loss 0.9871, time 357.97ms, mfu 1.00%
iter 4090: loss 0.9766, time 359.60ms, mfu 1.00%
iter 4100: loss 0.9424, time 358.30ms, mfu 1.01%
iter 4110: loss 0.9977, time 359.61ms, mfu 1.01%
iter 4120: loss 0.9662, time 357.91ms, mfu 1.01%
iter 4130: loss 0.9364, time 357.56ms, mfu 1.02%
iter 4140: loss 0.9468, time 358.26ms, mfu 1.02%
iter 4150: loss 0.9712, time 356.48ms, mfu 1.02%
iter 4160: loss 0.9519, time 357.45ms, mfu 1.02%
iter 4170: loss 0.9499, time 359.30ms, mfu 1.02%
iter 4180: loss 0.9479, time 357.65ms, mfu 1.03%
iter 4190: loss 0.9350, time 360.62ms, mfu 1.03%
iter 4200: loss 0.9326, time 360.86ms, mfu 1.03%
iter 4210: loss 0.9489, time 358.74ms, mfu 1.03%
iter 4220: loss 0.9491, time 358.16ms, mfu 1.03%
iter 4230: loss 0.9369, time 360.53ms, mfu 1.03%
iter 4240: loss 0.9454, time 357.36ms, mfu 1.03%
iter 4250: loss 0.9612, time 360.88ms, mfu 1.03%
iter 4260: loss 0.9501, time 360.06ms, mfu 1.03%
iter 4270: loss 0.9454, time 357.53ms, mfu 1.03%
iter 4280: loss 0.9521, time 357.05ms, mfu 1.03%
iter 4290: loss 0.9563, time 358.00ms, mfu 1.03%
iter 4300: loss 0.9307, time 357.37ms, mfu 1.04%
iter 4310: loss 0.9610, time 356.84ms, mfu 1.04%
iter 4320: loss 0.9173, time 358.09ms, mfu 1.04%
iter 4330: loss 0.9170, time 354.03ms, mfu 1.04%
iter 4340: loss 0.9172, time 357.65ms, mfu 1.04%
iter 4350: loss 0.9384, time 358.41ms, mfu 1.04%
iter 4360: loss 0.9465, time 359.21ms, mfu 1.04%
iter 4370: loss 0.9574, time 356.76ms, mfu 1.04%
iter 4380: loss 0.9295, time 356.32ms, mfu 1.04%
iter 4390: loss 0.9268, time 357.75ms, mfu 1.04%
iter 4400: loss 0.9082, time 356.74ms, mfu 1.04%
iter 4410: loss 0.9124, time 359.26ms, mfu 1.04%
iter 4420: loss 0.9259, time 354.83ms, mfu 1.04%
iter 4430: loss 0.9073, time 357.01ms, mfu 1.04%
iter 4440: loss 0.9221, time 357.85ms, mfu 1.04%
iter 4450: loss 0.9326, time 359.90ms, mfu 1.04%
iter 4460: loss 0.9155, time 358.80ms, mfu 1.04%
iter 4470: loss 0.9242, time 357.72ms, mfu 1.04%
iter 4480: loss 0.8973, time 357.33ms, mfu 1.04%
iter 4490: loss 0.9113, time 355.25ms, mfu 1.04%
step 4500: train loss 0.7491, val loss 1.6733
saving checkpoint to /net/scratch2/junyuren/nanoGPT-manifold/out-phase1.5-mlp-adamw
iter 4500: loss 0.9429, time 3741.68ms, mfu 0.95%
iter 4510: loss 0.9033, time 357.66ms, mfu 0.96%
iter 4520: loss 0.9129, time 360.51ms, mfu 0.96%
iter 4530: loss 0.9344, time 355.05ms, mfu 0.97%
iter 4540: loss 0.9516, time 358.85ms, mfu 0.98%
iter 4550: loss 0.8862, time 359.32ms, mfu 0.99%
iter 4560: loss 0.9318, time 356.50ms, mfu 0.99%
iter 4570: loss 0.9048, time 357.84ms, mfu 1.00%
iter 4580: loss 0.9040, time 359.89ms, mfu 1.00%
iter 4590: loss 0.8909, time 356.87ms, mfu 1.00%
iter 4600: loss 0.9371, time 356.71ms, mfu 1.01%
iter 4610: loss 0.9232, time 359.33ms, mfu 1.01%
iter 4620: loss 0.8990, time 357.14ms, mfu 1.01%
iter 4630: loss 0.9067, time 356.20ms, mfu 1.02%
iter 4640: loss 0.8721, time 359.15ms, mfu 1.02%
iter 4650: loss 0.8867, time 356.90ms, mfu 1.02%
iter 4660: loss 0.9275, time 356.06ms, mfu 1.02%
iter 4670: loss 0.9008, time 357.36ms, mfu 1.03%
iter 4680: loss 0.8808, time 355.78ms, mfu 1.03%
iter 4690: loss 0.9011, time 358.72ms, mfu 1.03%
iter 4700: loss 0.8959, time 356.15ms, mfu 1.03%
iter 4710: loss 0.8831, time 358.60ms, mfu 1.03%
iter 4720: loss 0.9053, time 357.83ms, mfu 1.03%
iter 4730: loss 0.9079, time 359.22ms, mfu 1.03%
iter 4740: loss 0.8451, time 356.01ms, mfu 1.03%
iter 4750: loss 0.9435, time 357.66ms, mfu 1.04%
iter 4760: loss 0.8748, time 358.28ms, mfu 1.04%
iter 4770: loss 0.9078, time 354.86ms, mfu 1.04%
iter 4780: loss 0.8930, time 357.55ms, mfu 1.04%
iter 4790: loss 0.8614, time 359.75ms, mfu 1.04%
iter 4800: loss 0.8709, time 356.74ms, mfu 1.04%
iter 4810: loss 0.8942, time 358.00ms, mfu 1.04%
iter 4820: loss 0.8857, time 356.19ms, mfu 1.04%
iter 4830: loss 0.8512, time 357.00ms, mfu 1.04%
iter 4840: loss 0.8748, time 357.41ms, mfu 1.04%
iter 4850: loss 0.8793, time 356.85ms, mfu 1.04%
iter 4860: loss 0.8764, time 357.17ms, mfu 1.04%
iter 4870: loss 0.8870, time 358.19ms, mfu 1.04%
iter 4880: loss 0.8644, time 356.08ms, mfu 1.04%
iter 4890: loss 0.8406, time 356.14ms, mfu 1.04%
iter 4900: loss 0.8684, time 353.93ms, mfu 1.04%
iter 4910: loss 0.8742, time 360.31ms, mfu 1.04%
iter 4920: loss 0.8878, time 356.45ms, mfu 1.04%
iter 4930: loss 0.8757, time 355.59ms, mfu 1.04%
iter 4940: loss 0.8656, time 357.21ms, mfu 1.04%
iter 4950: loss 0.8736, time 357.50ms, mfu 1.04%
iter 4960: loss 0.8392, time 357.90ms, mfu 1.04%
iter 4970: loss 0.8921, time 357.62ms, mfu 1.04%
iter 4980: loss 0.8707, time 358.32ms, mfu 1.04%
iter 4990: loss 0.8612, time 356.53ms, mfu 1.04%
step 5000: train loss 0.6794, val loss 1.7169
saving checkpoint to /net/scratch2/junyuren/nanoGPT-manifold/out-phase1.5-mlp-adamw
iter 5000: loss 0.8570, time 3755.68ms, mfu 0.95%
iter 5010: loss 0.8602, time 358.08ms, mfu 0.96%
iter 5020: loss 0.8542, time 358.82ms, mfu 0.97%
iter 5030: loss 0.8837, time 357.07ms, mfu 0.97%
iter 5040: loss 0.8309, time 354.65ms, mfu 0.98%
iter 5050: loss 0.8610, time 358.77ms, mfu 0.99%
iter 5060: loss 0.8591, time 356.85ms, mfu 0.99%
iter 5070: loss 0.8508, time 357.75ms, mfu 1.00%
iter 5080: loss 0.8805, time 358.96ms, mfu 1.00%
iter 5090: loss 0.8390, time 356.04ms, mfu 1.01%
iter 5100: loss 0.8867, time 353.70ms, mfu 1.01%
iter 5110: loss 0.8236, time 358.85ms, mfu 1.01%
iter 5120: loss 0.8358, time 357.27ms, mfu 1.02%
iter 5130: loss 0.8826, time 357.74ms, mfu 1.02%
iter 5140: loss 0.8455, time 359.57ms, mfu 1.02%
iter 5150: loss 0.8433, time 359.48ms, mfu 1.02%
iter 5160: loss 0.8666, time 355.71ms, mfu 1.02%
iter 5170: loss 0.8493, time 358.36ms, mfu 1.03%
iter 5180: loss 0.8452, time 356.47ms, mfu 1.03%
iter 5190: loss 0.8381, time 356.98ms, mfu 1.03%
iter 5200: loss 0.8461, time 355.02ms, mfu 1.03%
iter 5210: loss 0.8415, time 357.72ms, mfu 1.03%
iter 5220: loss 0.8321, time 358.54ms, mfu 1.03%
iter 5230: loss 0.8315, time 357.42ms, mfu 1.03%
iter 5240: loss 0.8477, time 357.09ms, mfu 1.04%
iter 5250: loss 0.8146, time 358.24ms, mfu 1.04%
iter 5260: loss 0.8570, time 357.93ms, mfu 1.04%
iter 5270: loss 0.8490, time 356.41ms, mfu 1.04%
iter 5280: loss 0.8364, time 357.14ms, mfu 1.04%
iter 5290: loss 0.8428, time 358.93ms, mfu 1.04%
iter 5300: loss 0.8079, time 356.27ms, mfu 1.04%
iter 5310: loss 0.8006, time 357.42ms, mfu 1.04%
iter 5320: loss 0.8222, time 358.76ms, mfu 1.04%
iter 5330: loss 0.8260, time 356.45ms, mfu 1.04%
iter 5340: loss 0.8168, time 356.95ms, mfu 1.04%
iter 5350: loss 0.8238, time 358.62ms, mfu 1.04%
iter 5360: loss 0.8283, time 356.51ms, mfu 1.04%
iter 5370: loss 0.8131, time 356.78ms, mfu 1.04%
iter 5380: loss 0.8121, time 358.46ms, mfu 1.04%
iter 5390: loss 0.8224, time 357.53ms, mfu 1.04%
iter 5400: loss 0.8381, time 355.40ms, mfu 1.04%
iter 5410: loss 0.8411, time 357.25ms, mfu 1.04%
iter 5420: loss 0.8095, time 356.14ms, mfu 1.04%
iter 5430: loss 0.8288, time 358.09ms, mfu 1.04%
iter 5440: loss 0.7987, time 357.39ms, mfu 1.04%
iter 5450: loss 0.7712, time 358.18ms, mfu 1.04%
iter 5460: loss 0.8100, time 359.91ms, mfu 1.04%
iter 5470: loss 0.8219, time 357.00ms, mfu 1.04%
iter 5480: loss 0.8054, time 356.59ms, mfu 1.04%
iter 5490: loss 0.7970, time 353.45ms, mfu 1.04%
step 5500: train loss 0.6178, val loss 1.7775
saving checkpoint to /net/scratch2/junyuren/nanoGPT-manifold/out-phase1.5-mlp-adamw
iter 5500: loss 0.8235, time 3822.03ms, mfu 0.95%
iter 5510: loss 0.8506, time 429.06ms, mfu 0.94%
iter 5520: loss 0.8068, time 358.26ms, mfu 0.95%
iter 5530: loss 0.8091, time 355.19ms, mfu 0.96%
iter 5540: loss 0.8032, time 355.24ms, mfu 0.97%
iter 5550: loss 0.8229, time 357.57ms, mfu 0.98%
iter 5560: loss 0.8301, time 357.27ms, mfu 0.98%
iter 5570: loss 0.8096, time 357.93ms, mfu 0.99%
iter 5580: loss 0.8336, time 357.69ms, mfu 0.99%
iter 5590: loss 0.7981, time 358.66ms, mfu 1.00%
iter 5600: loss 0.7703, time 358.73ms, mfu 1.00%
iter 5610: loss 0.8084, time 356.32ms, mfu 1.01%
iter 5620: loss 0.7664, time 358.92ms, mfu 1.01%
iter 5630: loss 0.8021, time 356.52ms, mfu 1.01%
iter 5640: loss 0.8376, time 356.36ms, mfu 1.02%
iter 5650: loss 0.7965, time 355.78ms, mfu 1.02%
iter 5660: loss 0.7803, time 356.81ms, mfu 1.02%
iter 5670: loss 0.7913, time 355.00ms, mfu 1.03%
iter 5680: loss 0.8155, time 358.43ms, mfu 1.03%
iter 5690: loss 0.7956, time 356.65ms, mfu 1.03%
iter 5700: loss 0.7805, time 357.03ms, mfu 1.03%
iter 5710: loss 0.8031, time 356.49ms, mfu 1.03%
iter 5720: loss 0.8152, time 356.11ms, mfu 1.03%
iter 5730: loss 0.7893, time 357.20ms, mfu 1.03%
iter 5740: loss 0.7986, time 354.66ms, mfu 1.04%
iter 5750: loss 0.8138, time 354.96ms, mfu 1.04%
iter 5760: loss 0.7684, time 355.60ms, mfu 1.04%
iter 5770: loss 0.8110, time 357.80ms, mfu 1.04%
iter 5780: loss 0.7714, time 356.39ms, mfu 1.04%
iter 5790: loss 0.7956, time 357.20ms, mfu 1.04%
iter 5800: loss 0.7565, time 357.02ms, mfu 1.04%
iter 5810: loss 0.7655, time 357.38ms, mfu 1.04%
iter 5820: loss 0.7637, time 360.52ms, mfu 1.04%
iter 5830: loss 0.7812, time 357.76ms, mfu 1.04%
iter 5840: loss 0.7514, time 358.26ms, mfu 1.04%
iter 5850: loss 0.7524, time 359.02ms, mfu 1.04%
iter 5860: loss 0.7690, time 356.02ms, mfu 1.04%
iter 5870: loss 0.7629, time 358.55ms, mfu 1.04%
iter 5880: loss 0.8097, time 356.81ms, mfu 1.04%
iter 5890: loss 0.7691, time 359.28ms, mfu 1.04%
iter 5900: loss 0.7691, time 357.47ms, mfu 1.04%
iter 5910: loss 0.7475, time 355.84ms, mfu 1.04%
iter 5920: loss 0.7818, time 357.05ms, mfu 1.04%
iter 5930: loss 0.7691, time 356.47ms, mfu 1.04%
iter 5940: loss 0.7751, time 357.57ms, mfu 1.04%
iter 5950: loss 0.7738, time 355.71ms, mfu 1.04%
iter 5960: loss 0.7694, time 356.69ms, mfu 1.04%
iter 5970: loss 0.7741, time 359.52ms, mfu 1.04%
iter 5980: loss 0.7517, time 354.04ms, mfu 1.04%
iter 5990: loss 0.7699, time 358.20ms, mfu 1.04%
step 6000: train loss 0.5575, val loss 1.8422
saving checkpoint to /net/scratch2/junyuren/nanoGPT-manifold/out-phase1.5-mlp-adamw
iter 6000: loss 0.7611, time 3811.81ms, mfu 0.95%
iter 6010: loss 0.7464, time 428.02ms, mfu 0.94%
iter 6020: loss 0.7543, time 357.49ms, mfu 0.95%
iter 6030: loss 0.7731, time 356.91ms, mfu 0.96%
iter 6040: loss 0.7788, time 357.52ms, mfu 0.97%
iter 6050: loss 0.8169, time 358.43ms, mfu 0.98%
iter 6060: loss 0.8003, time 358.40ms, mfu 0.98%
iter 6070: loss 0.7619, time 358.67ms, mfu 0.99%
iter 6080: loss 0.7512, time 358.80ms, mfu 0.99%
iter 6090: loss 0.7506, time 358.15ms, mfu 1.00%
iter 6100: loss 0.7686, time 357.58ms, mfu 1.00%
iter 6110: loss 0.7427, time 358.90ms, mfu 1.01%
iter 6120: loss 0.7566, time 358.83ms, mfu 1.01%
iter 6130: loss 0.7604, time 356.70ms, mfu 1.01%
iter 6140: loss 0.7526, time 358.78ms, mfu 1.02%
iter 6150: loss 0.7390, time 359.56ms, mfu 1.02%
iter 6160: loss 0.7680, time 357.35ms, mfu 1.02%
iter 6170: loss 0.7754, time 359.20ms, mfu 1.02%
iter 6180: loss 0.7740, time 356.48ms, mfu 1.02%
iter 6190: loss 0.7601, time 361.55ms, mfu 1.02%
iter 6200: loss 0.7412, time 357.38ms, mfu 1.03%
iter 6210: loss 0.7496, time 359.50ms, mfu 1.03%
iter 6220: loss 0.7614, time 359.84ms, mfu 1.03%
iter 6230: loss 0.7205, time 356.91ms, mfu 1.03%
iter 6240: loss 0.7657, time 358.98ms, mfu 1.03%
iter 6250: loss 0.7570, time 358.25ms, mfu 1.03%
iter 6260: loss 0.7242, time 356.64ms, mfu 1.03%
iter 6270: loss 0.7342, time 357.49ms, mfu 1.03%
iter 6280: loss 0.7275, time 356.42ms, mfu 1.03%
iter 6290: loss 0.7333, time 357.93ms, mfu 1.04%
iter 6300: loss 0.7104, time 358.32ms, mfu 1.04%
iter 6310: loss 0.7254, time 357.86ms, mfu 1.04%
iter 6320: loss 0.7142, time 358.73ms, mfu 1.04%
iter 6330: loss 0.7428, time 357.00ms, mfu 1.04%
iter 6340: loss 0.7152, time 359.90ms, mfu 1.04%
iter 6350: loss 0.7159, time 356.66ms, mfu 1.04%
iter 6360: loss 0.7296, time 358.95ms, mfu 1.04%
iter 6370: loss 0.7367, time 359.67ms, mfu 1.04%
iter 6380: loss 0.7115, time 357.95ms, mfu 1.04%
iter 6390: loss 0.7461, time 358.24ms, mfu 1.04%
iter 6400: loss 0.7126, time 360.35ms, mfu 1.04%
iter 6410: loss 0.7466, time 358.31ms, mfu 1.04%
iter 6420: loss 0.7458, time 355.09ms, mfu 1.04%
iter 6430: loss 0.7379, time 360.04ms, mfu 1.04%
iter 6440: loss 0.7311, time 355.91ms, mfu 1.04%
iter 6450: loss 0.7341, time 359.28ms, mfu 1.04%
iter 6460: loss 0.7213, time 356.96ms, mfu 1.04%
iter 6470: loss 0.7301, time 355.91ms, mfu 1.04%
iter 6480: loss 0.7208, time 357.34ms, mfu 1.04%
iter 6490: loss 0.7254, time 357.27ms, mfu 1.04%
step 6500: train loss 0.4949, val loss 1.9118
saving checkpoint to /net/scratch2/junyuren/nanoGPT-manifold/out-phase1.5-mlp-adamw
iter 6500: loss 0.7680, time 3757.08ms, mfu 0.95%
iter 6510: loss 0.7283, time 358.06ms, mfu 0.96%
iter 6520: loss 0.7062, time 359.40ms, mfu 0.96%
iter 6530: loss 0.7325, time 359.84ms, mfu 0.97%
iter 6540: loss 0.7321, time 356.32ms, mfu 0.98%
iter 6550: loss 0.7410, time 357.11ms, mfu 0.99%
iter 6560: loss 0.7122, time 360.42ms, mfu 0.99%
iter 6570: loss 0.7218, time 358.15ms, mfu 1.00%
iter 6580: loss 0.7287, time 359.34ms, mfu 1.00%
iter 6590: loss 0.7236, time 358.23ms, mfu 1.00%
iter 6600: loss 0.7086, time 356.56ms, mfu 1.01%
iter 6610: loss 0.7372, time 356.51ms, mfu 1.01%
iter 6620: loss 0.7102, time 359.07ms, mfu 1.01%
iter 6630: loss 0.6906, time 358.54ms, mfu 1.02%
iter 6640: loss 0.7353, time 359.42ms, mfu 1.02%
iter 6650: loss 0.7308, time 358.52ms, mfu 1.02%
iter 6660: loss 0.7293, time 357.06ms, mfu 1.02%
iter 6670: loss 0.7233, time 358.62ms, mfu 1.02%
iter 6680: loss 0.7352, time 357.33ms, mfu 1.03%
iter 6690: loss 0.7246, time 358.70ms, mfu 1.03%
iter 6700: loss 0.6993, time 359.66ms, mfu 1.03%
iter 6710: loss 0.6731, time 358.97ms, mfu 1.03%
iter 6720: loss 0.7416, time 356.62ms, mfu 1.03%
iter 6730: loss 0.6812, time 356.44ms, mfu 1.03%
iter 6740: loss 0.7165, time 356.12ms, mfu 1.03%
iter 6750: loss 0.6766, time 357.27ms, mfu 1.03%
iter 6760: loss 0.7110, time 357.96ms, mfu 1.04%
iter 6770: loss 0.6833, time 357.35ms, mfu 1.04%
iter 6780: loss 0.7272, time 355.36ms, mfu 1.04%
iter 6790: loss 0.7093, time 356.02ms, mfu 1.04%
iter 6800: loss 0.6710, time 354.94ms, mfu 1.04%
iter 6810: loss 0.7080, time 353.24ms, mfu 1.04%
iter 6820: loss 0.6804, time 359.30ms, mfu 1.04%
iter 6830: loss 0.7086, time 357.57ms, mfu 1.04%
iter 6840: loss 0.7079, time 360.16ms, mfu 1.04%
iter 6850: loss 0.7273, time 359.81ms, mfu 1.04%
iter 6860: loss 0.6948, time 360.03ms, mfu 1.04%
iter 6870: loss 0.7006, time 355.25ms, mfu 1.04%
iter 6880: loss 0.6823, time 356.67ms, mfu 1.04%
iter 6890: loss 0.6846, time 356.13ms, mfu 1.04%
iter 6900: loss 0.6926, time 356.67ms, mfu 1.04%
iter 6910: loss 0.6651, time 357.10ms, mfu 1.04%
iter 6920: loss 0.6832, time 357.61ms, mfu 1.04%
iter 6930: loss 0.6963, time 360.65ms, mfu 1.04%
iter 6940: loss 0.7002, time 357.83ms, mfu 1.04%
iter 6950: loss 0.6854, time 358.94ms, mfu 1.04%
iter 6960: loss 0.6999, time 358.76ms, mfu 1.04%
iter 6970: loss 0.7138, time 357.26ms, mfu 1.04%
iter 6980: loss 0.6589, time 358.13ms, mfu 1.04%
iter 6990: loss 0.6551, time 358.23ms, mfu 1.04%
step 7000: train loss 0.4504, val loss 1.9669
saving checkpoint to /net/scratch2/junyuren/nanoGPT-manifold/out-phase1.5-mlp-adamw
iter 7000: loss 0.7074, time 3743.85ms, mfu 0.95%
iter 7010: loss 0.6785, time 357.90ms, mfu 0.96%
iter 7020: loss 0.6853, time 358.19ms, mfu 0.96%
iter 7030: loss 0.6784, time 358.51ms, mfu 0.97%
iter 7040: loss 0.6990, time 359.74ms, mfu 0.98%
iter 7050: loss 0.6580, time 362.04ms, mfu 0.98%
iter 7060: loss 0.6919, time 359.24ms, mfu 0.99%
iter 7070: loss 0.6767, time 357.52ms, mfu 0.99%
iter 7080: loss 0.6618, time 359.40ms, mfu 1.00%
iter 7090: loss 0.6903, time 355.26ms, mfu 1.00%
iter 7100: loss 0.6757, time 361.36ms, mfu 1.01%
iter 7110: loss 0.6860, time 360.29ms, mfu 1.01%
iter 7120: loss 0.6758, time 356.46ms, mfu 1.01%
iter 7130: loss 0.6944, time 358.12ms, mfu 1.02%
iter 7140: loss 0.6904, time 356.97ms, mfu 1.02%
iter 7150: loss 0.6778, time 356.60ms, mfu 1.02%
iter 7160: loss 0.6757, time 358.99ms, mfu 1.02%
iter 7170: loss 0.6547, time 358.15ms, mfu 1.02%
iter 7180: loss 0.6649, time 360.39ms, mfu 1.03%
iter 7190: loss 0.6664, time 357.65ms, mfu 1.03%
iter 7200: loss 0.6751, time 357.60ms, mfu 1.03%
iter 7210: loss 0.7003, time 356.18ms, mfu 1.03%
iter 7220: loss 0.6530, time 359.16ms, mfu 1.03%
iter 7230: loss 0.6635, time 359.44ms, mfu 1.03%
iter 7240: loss 0.6796, time 360.00ms, mfu 1.03%
iter 7250: loss 0.6642, time 356.95ms, mfu 1.03%
iter 7260: loss 0.6852, time 360.22ms, mfu 1.03%
iter 7270: loss 0.6910, time 358.64ms, mfu 1.03%
iter 7280: loss 0.6590, time 358.39ms, mfu 1.03%
iter 7290: loss 0.6576, time 359.73ms, mfu 1.03%
iter 7300: loss 0.6555, time 360.37ms, mfu 1.03%
iter 7310: loss 0.6499, time 357.03ms, mfu 1.04%
iter 7320: loss 0.6929, time 362.70ms, mfu 1.03%
iter 7330: loss 0.6658, time 360.43ms, mfu 1.03%
iter 7340: loss 0.6686, time 357.16ms, mfu 1.04%
iter 7350: loss 0.6764, time 357.56ms, mfu 1.04%
iter 7360: loss 0.6526, time 360.56ms, mfu 1.04%
iter 7370: loss 0.6529, time 360.16ms, mfu 1.04%
iter 7380: loss 0.6702, time 358.47ms, mfu 1.04%
iter 7390: loss 0.6397, time 360.47ms, mfu 1.04%
iter 7400: loss 0.6559, time 359.41ms, mfu 1.04%
iter 7410: loss 0.6714, time 362.23ms, mfu 1.04%
iter 7420: loss 0.6500, time 360.77ms, mfu 1.03%
iter 7430: loss 0.6728, time 360.57ms, mfu 1.03%
iter 7440: loss 0.6719, time 356.68ms, mfu 1.04%
iter 7450: loss 0.6756, time 361.33ms, mfu 1.04%
iter 7460: loss 0.6280, time 361.92ms, mfu 1.03%
iter 7470: loss 0.6650, time 360.66ms, mfu 1.03%
iter 7480: loss 0.6553, time 360.35ms, mfu 1.03%
iter 7490: loss 0.6463, time 360.20ms, mfu 1.03%
step 7500: train loss 0.4016, val loss 2.0274
saving checkpoint to /net/scratch2/junyuren/nanoGPT-manifold/out-phase1.5-mlp-adamw
iter 7500: loss 0.6154, time 3770.38ms, mfu 0.94%
iter 7510: loss 0.6515, time 360.92ms, mfu 0.95%
iter 7520: loss 0.6345, time 357.78ms, mfu 0.96%
iter 7530: loss 0.6603, time 360.13ms, mfu 0.97%
iter 7540: loss 0.6549, time 362.40ms, mfu 0.97%
iter 7550: loss 0.6366, time 359.78ms, mfu 0.98%
iter 7560: loss 0.6457, time 358.93ms, mfu 0.99%
iter 7570: loss 0.6395, time 358.67ms, mfu 0.99%
iter 7580: loss 0.6517, time 359.86ms, mfu 0.99%
iter 7590: loss 0.6167, time 362.60ms, mfu 1.00%
iter 7600: loss 0.6357, time 358.53ms, mfu 1.00%
iter 7610: loss 0.6233, time 360.15ms, mfu 1.01%
iter 7620: loss 0.6638, time 361.22ms, mfu 1.01%
iter 7630: loss 0.6618, time 360.45ms, mfu 1.01%
iter 7640: loss 0.6325, time 359.50ms, mfu 1.01%
iter 7650: loss 0.6439, time 360.17ms, mfu 1.02%
iter 7660: loss 0.6334, time 359.87ms, mfu 1.02%
iter 7670: loss 0.6273, time 361.02ms, mfu 1.02%
iter 7680: loss 0.6361, time 358.77ms, mfu 1.02%
iter 7690: loss 0.6291, time 360.77ms, mfu 1.02%
iter 7700: loss 0.6385, time 358.82ms, mfu 1.02%
iter 7710: loss 0.6388, time 358.31ms, mfu 1.03%
iter 7720: loss 0.6157, time 360.95ms, mfu 1.03%
iter 7730: loss 0.6528, time 358.56ms, mfu 1.03%
iter 7740: loss 0.6316, time 359.72ms, mfu 1.03%
iter 7750: loss 0.6169, time 360.27ms, mfu 1.03%
iter 7760: loss 0.6269, time 361.41ms, mfu 1.03%
iter 7770: loss 0.6328, time 355.59ms, mfu 1.03%
iter 7780: loss 0.6505, time 358.84ms, mfu 1.03%
iter 7790: loss 0.6194, time 360.23ms, mfu 1.03%
iter 7800: loss 0.6367, time 357.70ms, mfu 1.03%
iter 7810: loss 0.6168, time 360.55ms, mfu 1.03%
iter 7820: loss 0.6257, time 373.58ms, mfu 1.03%
iter 7830: loss 0.6374, time 361.38ms, mfu 1.03%
iter 7840: loss 0.6349, time 360.83ms, mfu 1.03%
iter 7850: loss 0.6258, time 362.26ms, mfu 1.03%
iter 7860: loss 0.6386, time 359.63ms, mfu 1.03%
iter 7870: loss 0.6234, time 360.93ms, mfu 1.03%
iter 7880: loss 0.6208, time 358.56ms, mfu 1.03%
iter 7890: loss 0.6208, time 362.80ms, mfu 1.03%
iter 7900: loss 0.6489, time 362.44ms, mfu 1.03%
iter 7910: loss 0.6107, time 363.79ms, mfu 1.03%
iter 7920: loss 0.6122, time 363.98ms, mfu 1.03%
iter 7930: loss 0.5991, time 361.94ms, mfu 1.03%
iter 7940: loss 0.6220, time 361.79ms, mfu 1.03%
iter 7950: loss 0.6359, time 359.93ms, mfu 1.03%
iter 7960: loss 0.6099, time 360.93ms, mfu 1.03%
iter 7970: loss 0.6217, time 363.06ms, mfu 1.03%
iter 7980: loss 0.6312, time 362.46ms, mfu 1.03%
iter 7990: loss 0.6165, time 360.15ms, mfu 1.03%
step 8000: train loss 0.3651, val loss 2.0774
saving checkpoint to /net/scratch2/junyuren/nanoGPT-manifold/out-phase1.5-mlp-adamw
iter 8000: loss 0.5883, time 3758.43ms, mfu 0.94%
iter 8010: loss 0.6130, time 361.85ms, mfu 0.95%
iter 8020: loss 0.6109, time 363.22ms, mfu 0.95%
iter 8030: loss 0.6165, time 360.10ms, mfu 0.96%
iter 8040: loss 0.6213, time 360.95ms, mfu 0.97%
iter 8050: loss 0.5932, time 360.89ms, mfu 0.98%
iter 8060: loss 0.6371, time 359.90ms, mfu 0.98%
iter 8070: loss 0.5946, time 360.69ms, mfu 0.99%
iter 8080: loss 0.5981, time 361.83ms, mfu 0.99%
iter 8090: loss 0.6029, time 362.83ms, mfu 0.99%
iter 8100: loss 0.5809, time 362.43ms, mfu 1.00%
iter 8110: loss 0.6389, time 361.06ms, mfu 1.00%
iter 8120: loss 0.5838, time 362.00ms, mfu 1.00%
iter 8130: loss 0.6069, time 361.68ms, mfu 1.01%
iter 8140: loss 0.6037, time 361.46ms, mfu 1.01%
iter 8150: loss 0.6091, time 362.97ms, mfu 1.01%
iter 8160: loss 0.6270, time 359.96ms, mfu 1.01%
iter 8170: loss 0.6214, time 362.48ms, mfu 1.01%
iter 8180: loss 0.6152, time 363.34ms, mfu 1.02%
iter 8190: loss 0.5965, time 359.52ms, mfu 1.02%
iter 8200: loss 0.5785, time 364.63ms, mfu 1.02%
iter 8210: loss 0.6029, time 363.39ms, mfu 1.02%
iter 8220: loss 0.6155, time 363.03ms, mfu 1.02%
iter 8230: loss 0.5992, time 361.30ms, mfu 1.02%
iter 8240: loss 0.6398, time 362.47ms, mfu 1.02%
iter 8250: loss 0.6315, time 364.05ms, mfu 1.02%
iter 8260: loss 0.5980, time 363.15ms, mfu 1.02%
iter 8270: loss 0.6127, time 364.26ms, mfu 1.02%
iter 8280: loss 0.6045, time 358.99ms, mfu 1.02%
iter 8290: loss 0.5994, time 363.39ms, mfu 1.02%
iter 8300: loss 0.5945, time 363.00ms, mfu 1.02%
iter 8310: loss 0.6069, time 361.81ms, mfu 1.02%
iter 8320: loss 0.5965, time 361.40ms, mfu 1.03%
iter 8330: loss 0.5831, time 360.14ms, mfu 1.03%
iter 8340: loss 0.5861, time 361.96ms, mfu 1.03%
iter 8350: loss 0.5996, time 360.89ms, mfu 1.03%
iter 8360: loss 0.5984, time 360.86ms, mfu 1.03%
iter 8370: loss 0.5831, time 362.69ms, mfu 1.03%
iter 8380: loss 0.5922, time 361.98ms, mfu 1.03%
iter 8390: loss 0.5783, time 363.35ms, mfu 1.03%
iter 8400: loss 0.6035, time 361.74ms, mfu 1.03%
iter 8410: loss 0.5880, time 361.74ms, mfu 1.03%
iter 8420: loss 0.6012, time 364.51ms, mfu 1.03%
iter 8430: loss 0.5877, time 364.57ms, mfu 1.03%
iter 8440: loss 0.5777, time 363.92ms, mfu 1.03%
iter 8450: loss 0.5939, time 360.39ms, mfu 1.03%
iter 8460: loss 0.6166, time 361.32ms, mfu 1.03%
iter 8470: loss 0.5955, time 362.21ms, mfu 1.03%
iter 8480: loss 0.6151, time 362.32ms, mfu 1.03%
iter 8490: loss 0.5735, time 361.80ms, mfu 1.03%
step 8500: train loss 0.3284, val loss 2.1316
saving checkpoint to /net/scratch2/junyuren/nanoGPT-manifold/out-phase1.5-mlp-adamw
iter 8500: loss 0.5694, time 3765.98ms, mfu 0.94%
iter 8510: loss 0.5795, time 363.71ms, mfu 0.94%
iter 8520: loss 0.5731, time 363.90ms, mfu 0.95%
iter 8530: loss 0.5838, time 363.33ms, mfu 0.96%
iter 8540: loss 0.5873, time 361.06ms, mfu 0.97%
iter 8550: loss 0.5833, time 363.88ms, mfu 0.97%
iter 8560: loss 0.5793, time 363.50ms, mfu 0.98%
iter 8570: loss 0.5771, time 361.48ms, mfu 0.98%
iter 8580: loss 0.5817, time 361.33ms, mfu 0.99%
iter 8590: loss 0.5604, time 364.92ms, mfu 0.99%
iter 8600: loss 0.5546, time 361.63ms, mfu 1.00%
iter 8610: loss 0.5788, time 363.22ms, mfu 1.00%
iter 8620: loss 0.5990, time 363.88ms, mfu 1.00%
iter 8630: loss 0.5770, time 363.88ms, mfu 1.00%
iter 8640: loss 0.5704, time 361.02ms, mfu 1.01%
iter 8650: loss 0.5514, time 362.96ms, mfu 1.01%
iter 8660: loss 0.5798, time 363.76ms, mfu 1.01%
iter 8670: loss 0.5544, time 364.13ms, mfu 1.01%
iter 8680: loss 0.5674, time 365.06ms, mfu 1.01%
iter 8690: loss 0.5820, time 362.22ms, mfu 1.01%
iter 8700: loss 0.5561, time 364.95ms, mfu 1.01%
iter 8710: loss 0.5661, time 364.04ms, mfu 1.02%
iter 8720: loss 0.5625, time 363.94ms, mfu 1.02%
iter 8730: loss 0.5602, time 364.56ms, mfu 1.02%
iter 8740: loss 0.5914, time 364.36ms, mfu 1.02%
iter 8750: loss 0.5568, time 364.86ms, mfu 1.02%
iter 8760: loss 0.5495, time 363.47ms, mfu 1.02%
iter 8770: loss 0.5720, time 359.60ms, mfu 1.02%
iter 8780: loss 0.5759, time 363.44ms, mfu 1.02%
iter 8790: loss 0.5610, time 362.49ms, mfu 1.02%
iter 8800: loss 0.5604, time 361.76ms, mfu 1.02%
iter 8810: loss 0.5623, time 364.14ms, mfu 1.02%
iter 8820: loss 0.5666, time 363.60ms, mfu 1.02%
iter 8830: loss 0.5663, time 362.47ms, mfu 1.02%
iter 8840: loss 0.5524, time 363.77ms, mfu 1.02%
iter 8850: loss 0.5469, time 362.57ms, mfu 1.02%
iter 8860: loss 0.5559, time 361.20ms, mfu 1.02%
iter 8870: loss 0.5789, time 364.83ms, mfu 1.02%
iter 8880: loss 0.5549, time 362.13ms, mfu 1.02%
iter 8890: loss 0.5620, time 362.11ms, mfu 1.03%
iter 8900: loss 0.5722, time 366.74ms, mfu 1.02%
iter 8910: loss 0.5700, time 364.61ms, mfu 1.02%
iter 8920: loss 0.5381, time 365.01ms, mfu 1.02%
iter 8930: loss 0.5757, time 363.30ms, mfu 1.02%
iter 8940: loss 0.5651, time 364.04ms, mfu 1.02%
iter 8950: loss 0.5680, time 363.04ms, mfu 1.02%
iter 8960: loss 0.5621, time 365.05ms, mfu 1.02%
iter 8970: loss 0.5508, time 364.97ms, mfu 1.02%
iter 8980: loss 0.5345, time 362.05ms, mfu 1.02%
iter 8990: loss 0.5518, time 364.55ms, mfu 1.02%
step 9000: train loss 0.2987, val loss 2.1786
saving checkpoint to /net/scratch2/junyuren/nanoGPT-manifold/out-phase1.5-mlp-adamw
iter 9000: loss 0.5630, time 3790.29ms, mfu 0.93%
iter 9010: loss 0.5551, time 364.53ms, mfu 0.94%
iter 9020: loss 0.5556, time 360.92ms, mfu 0.95%
iter 9030: loss 0.5412, time 365.22ms, mfu 0.96%
iter 9040: loss 0.5474, time 362.76ms, mfu 0.96%
iter 9050: loss 0.5670, time 363.56ms, mfu 0.97%
iter 9060: loss 0.5529, time 360.92ms, mfu 0.98%
iter 9070: loss 0.5676, time 363.34ms, mfu 0.98%
iter 9080: loss 0.5330, time 363.11ms, mfu 0.99%
iter 9090: loss 0.5543, time 362.50ms, mfu 0.99%
iter 9100: loss 0.5730, time 365.14ms, mfu 0.99%
iter 9110: loss 0.5601, time 365.10ms, mfu 1.00%
iter 9120: loss 0.5338, time 362.96ms, mfu 1.00%
iter 9130: loss 0.5454, time 365.33ms, mfu 1.00%
iter 9140: loss 0.5473, time 362.46ms, mfu 1.00%
iter 9150: loss 0.5512, time 360.38ms, mfu 1.01%
iter 9160: loss 0.5454, time 362.51ms, mfu 1.01%
iter 9170: loss 0.5501, time 363.65ms, mfu 1.01%
iter 9180: loss 0.5392, time 364.54ms, mfu 1.01%
iter 9190: loss 0.5642, time 363.62ms, mfu 1.01%
iter 9200: loss 0.5548, time 364.66ms, mfu 1.01%
iter 9210: loss 0.5586, time 364.29ms, mfu 1.01%
iter 9220: loss 0.5438, time 363.79ms, mfu 1.02%
iter 9230: loss 0.5186, time 366.06ms, mfu 1.02%
iter 9240: loss 0.5524, time 362.46ms, mfu 1.02%
iter 9250: loss 0.5360, time 363.92ms, mfu 1.02%
iter 9260: loss 0.5434, time 362.91ms, mfu 1.02%
iter 9270: loss 0.5257, time 365.59ms, mfu 1.02%
iter 9280: loss 0.5299, time 364.50ms, mfu 1.02%
iter 9290: loss 0.5518, time 364.42ms, mfu 1.02%
iter 9300: loss 0.5432, time 364.54ms, mfu 1.02%
iter 9310: loss 0.5490, time 363.70ms, mfu 1.02%
iter 9320: loss 0.5319, time 362.15ms, mfu 1.02%
iter 9330: loss 0.5181, time 364.42ms, mfu 1.02%
iter 9340: loss 0.5219, time 362.98ms, mfu 1.02%
iter 9350: loss 0.5415, time 360.53ms, mfu 1.02%
iter 9360: loss 0.5458, time 363.02ms, mfu 1.02%
iter 9370: loss 0.5502, time 362.99ms, mfu 1.02%
iter 9380: loss 0.5180, time 362.64ms, mfu 1.02%
iter 9390: loss 0.5433, time 361.80ms, mfu 1.02%
iter 9400: loss 0.5297, time 366.91ms, mfu 1.02%
iter 9410: loss 0.5435, time 364.61ms, mfu 1.02%
iter 9420: loss 0.5348, time 364.40ms, mfu 1.02%
iter 9430: loss 0.5247, time 366.43ms, mfu 1.02%
iter 9440: loss 0.5152, time 363.06ms, mfu 1.02%
iter 9450: loss 0.5425, time 363.69ms, mfu 1.02%
iter 9460: loss 0.5241, time 365.49ms, mfu 1.02%
iter 9470: loss 0.5158, time 364.51ms, mfu 1.02%
iter 9480: loss 0.5313, time 363.68ms, mfu 1.02%
iter 9490: loss 0.5173, time 361.39ms, mfu 1.02%
step 9500: train loss 0.2697, val loss 2.2346
saving checkpoint to /net/scratch2/junyuren/nanoGPT-manifold/out-phase1.5-mlp-adamw
iter 9500: loss 0.5149, time 3763.37ms, mfu 0.93%
iter 9510: loss 0.5293, time 366.86ms, mfu 0.94%
iter 9520: loss 0.5323, time 364.91ms, mfu 0.95%
iter 9530: loss 0.5232, time 366.60ms, mfu 0.95%
iter 9540: loss 0.5090, time 366.46ms, mfu 0.96%
iter 9550: loss 0.5362, time 364.80ms, mfu 0.97%
iter 9560: loss 0.5268, time 366.26ms, mfu 0.97%
iter 9570: loss 0.5288, time 365.17ms, mfu 0.98%
iter 9580: loss 0.5127, time 365.93ms, mfu 0.98%
iter 9590: loss 0.5333, time 365.51ms, mfu 0.98%
iter 9600: loss 0.5195, time 365.75ms, mfu 0.99%
iter 9610: loss 0.5075, time 366.01ms, mfu 0.99%
iter 9620: loss 0.5096, time 365.85ms, mfu 0.99%
iter 9630: loss 0.5028, time 363.01ms, mfu 1.00%
iter 9640: loss 0.5208, time 364.52ms, mfu 1.00%
iter 9650: loss 0.5096, time 365.08ms, mfu 1.00%
iter 9660: loss 0.5414, time 365.11ms, mfu 1.00%
iter 9670: loss 0.5197, time 365.80ms, mfu 1.01%
iter 9680: loss 0.4993, time 364.11ms, mfu 1.01%
iter 9690: loss 0.5158, time 365.68ms, mfu 1.01%
iter 9700: loss 0.5071, time 367.90ms, mfu 1.01%
iter 9710: loss 0.4998, time 364.31ms, mfu 1.01%
iter 9720: loss 0.5059, time 369.41ms, mfu 1.01%
iter 9730: loss 0.5057, time 364.23ms, mfu 1.01%
iter 9740: loss 0.5223, time 362.25ms, mfu 1.01%
iter 9750: loss 0.5004, time 366.50ms, mfu 1.01%
iter 9760: loss 0.5225, time 367.23ms, mfu 1.01%
iter 9770: loss 0.5015, time 364.67ms, mfu 1.01%
iter 9780: loss 0.5082, time 365.76ms, mfu 1.01%
iter 9790: loss 0.5135, time 366.40ms, mfu 1.01%
iter 9800: loss 0.5175, time 363.61ms, mfu 1.02%
iter 9810: loss 0.4962, time 365.82ms, mfu 1.02%
iter 9820: loss 0.5061, time 366.88ms, mfu 1.02%
iter 9830: loss 0.5071, time 365.28ms, mfu 1.02%
iter 9840: loss 0.5072, time 366.10ms, mfu 1.02%
iter 9850: loss 0.5109, time 364.90ms, mfu 1.02%
iter 9860: loss 0.5146, time 364.21ms, mfu 1.02%
iter 9870: loss 0.5293, time 366.84ms, mfu 1.02%
iter 9880: loss 0.4862, time 364.66ms, mfu 1.02%
iter 9890: loss 0.5185, time 365.75ms, mfu 1.02%
iter 9900: loss 0.4956, time 365.38ms, mfu 1.02%
iter 9910: loss 0.5140, time 366.08ms, mfu 1.02%
iter 9920: loss 0.5059, time 365.43ms, mfu 1.02%
iter 9930: loss 0.5061, time 364.69ms, mfu 1.02%
iter 9940: loss 0.5069, time 366.48ms, mfu 1.02%
iter 9950: loss 0.5075, time 365.70ms, mfu 1.02%
iter 9960: loss 0.5041, time 365.67ms, mfu 1.02%
iter 9970: loss 0.4938, time 365.16ms, mfu 1.02%
iter 9980: loss 0.5194, time 366.88ms, mfu 1.02%
iter 9990: loss 0.4897, time 367.47ms, mfu 1.02%
step 10000: train loss 0.2468, val loss 2.2648
saving checkpoint to /net/scratch2/junyuren/nanoGPT-manifold/out-phase1.5-mlp-adamw
iter 10000: loss 0.4986, time 3768.48ms, mfu 0.93%
iter 10010: loss 0.4849, time 367.40ms, mfu 0.93%
iter 10020: loss 0.5133, time 366.94ms, mfu 0.94%
iter 10030: loss 0.4936, time 366.87ms, mfu 0.95%
iter 10040: loss 0.4906, time 366.23ms, mfu 0.96%
iter 10050: loss 0.4933, time 367.44ms, mfu 0.96%
iter 10060: loss 0.5058, time 366.75ms, mfu 0.97%
iter 10070: loss 0.5126, time 366.30ms, mfu 0.97%
iter 10080: loss 0.5005, time 366.92ms, mfu 0.98%
iter 10090: loss 0.4988, time 368.07ms, mfu 0.98%
iter 10100: loss 0.5092, time 367.00ms, mfu 0.98%
iter 10110: loss 0.4940, time 365.75ms, mfu 0.99%
iter 10120: loss 0.4763, time 366.24ms, mfu 0.99%
iter 10130: loss 0.4919, time 367.32ms, mfu 0.99%
iter 10140: loss 0.4859, time 367.30ms, mfu 1.00%
iter 10150: loss 0.4928, time 366.93ms, mfu 1.00%
iter 10160: loss 0.4957, time 366.04ms, mfu 1.00%
iter 10170: loss 0.4872, time 366.08ms, mfu 1.00%
iter 10180: loss 0.5155, time 368.22ms, mfu 1.00%
iter 10190: loss 0.4967, time 366.73ms, mfu 1.00%
iter 10200: loss 0.5143, time 367.07ms, mfu 1.00%
iter 10210: loss 0.4857, time 366.73ms, mfu 1.01%
iter 10220: loss 0.5113, time 366.79ms, mfu 1.01%
iter 10230: loss 0.4884, time 367.71ms, mfu 1.01%
iter 10240: loss 0.4957, time 367.16ms, mfu 1.01%
iter 10250: loss 0.4882, time 366.40ms, mfu 1.01%
iter 10260: loss 0.4974, time 368.67ms, mfu 1.01%
iter 10270: loss 0.4963, time 367.10ms, mfu 1.01%
iter 10280: loss 0.4783, time 367.91ms, mfu 1.01%
iter 10290: loss 0.4977, time 366.06ms, mfu 1.01%
iter 10300: loss 0.4993, time 367.68ms, mfu 1.01%
iter 10310: loss 0.4999, time 366.39ms, mfu 1.01%
iter 10320: loss 0.4738, time 367.60ms, mfu 1.01%
iter 10330: loss 0.4858, time 367.39ms, mfu 1.01%
iter 10340: loss 0.4806, time 367.08ms, mfu 1.01%
iter 10350: loss 0.4845, time 367.22ms, mfu 1.01%
iter 10360: loss 0.4829, time 366.08ms, mfu 1.01%
iter 10370: loss 0.4800, time 365.87ms, mfu 1.01%
iter 10380: loss 0.4630, time 365.79ms, mfu 1.01%
iter 10390: loss 0.4754, time 366.79ms, mfu 1.01%
iter 10400: loss 0.4740, time 366.47ms, mfu 1.01%
iter 10410: loss 0.4929, time 366.89ms, mfu 1.01%
iter 10420: loss 0.4854, time 367.93ms, mfu 1.01%
iter 10430: loss 0.4965, time 367.39ms, mfu 1.01%
iter 10440: loss 0.4819, time 366.45ms, mfu 1.01%
iter 10450: loss 0.4791, time 365.72ms, mfu 1.02%
iter 10460: loss 0.4883, time 367.07ms, mfu 1.02%
iter 10470: loss 0.4797, time 366.91ms, mfu 1.02%
iter 10480: loss 0.4749, time 368.37ms, mfu 1.01%
iter 10490: loss 0.4792, time 367.28ms, mfu 1.01%
step 10500: train loss 0.2245, val loss 2.3385
saving checkpoint to /net/scratch2/junyuren/nanoGPT-manifold/out-phase1.5-mlp-adamw
iter 10500: loss 0.4684, time 3769.31ms, mfu 0.92%
iter 10510: loss 0.4740, time 367.39ms, mfu 0.93%
iter 10520: loss 0.4775, time 365.88ms, mfu 0.94%
iter 10530: loss 0.4909, time 366.81ms, mfu 0.95%
iter 10540: loss 0.4791, time 368.25ms, mfu 0.95%
iter 10550: loss 0.4782, time 364.74ms, mfu 0.96%
iter 10560: loss 0.4749, time 368.68ms, mfu 0.97%
iter 10570: loss 0.4682, time 367.79ms, mfu 0.97%
iter 10580: loss 0.4704, time 369.29ms, mfu 0.97%
iter 10590: loss 0.4713, time 365.88ms, mfu 0.98%
iter 10600: loss 0.5055, time 368.53ms, mfu 0.98%
iter 10610: loss 0.4712, time 366.63ms, mfu 0.99%
iter 10620: loss 0.4682, time 367.60ms, mfu 0.99%
iter 10630: loss 0.4476, time 368.39ms, mfu 0.99%
iter 10640: loss 0.4779, time 366.87ms, mfu 0.99%
iter 10650: loss 0.4650, time 367.98ms, mfu 1.00%
iter 10660: loss 0.4905, time 368.36ms, mfu 1.00%
iter 10670: loss 0.4600, time 369.24ms, mfu 1.00%
iter 10680: loss 0.4725, time 368.02ms, mfu 1.00%
iter 10690: loss 0.4699, time 369.22ms, mfu 1.00%
iter 10700: loss 0.4590, time 367.14ms, mfu 1.00%
iter 10710: loss 0.4716, time 369.41ms, mfu 1.00%
iter 10720: loss 0.4738, time 367.20ms, mfu 1.00%
iter 10730: loss 0.4732, time 367.27ms, mfu 1.00%
iter 10740: loss 0.4668, time 368.81ms, mfu 1.01%
iter 10750: loss 0.4757, time 366.58ms, mfu 1.01%
iter 10760: loss 0.4673, time 368.48ms, mfu 1.01%
iter 10770: loss 0.4593, time 367.38ms, mfu 1.01%
iter 10780: loss 0.4681, time 367.79ms, mfu 1.01%
iter 10790: loss 0.4556, time 366.98ms, mfu 1.01%
iter 10800: loss 0.4730, time 369.04ms, mfu 1.01%
iter 10810: loss 0.4714, time 369.87ms, mfu 1.01%
iter 10820: loss 0.4620, time 366.42ms, mfu 1.01%
iter 10830: loss 0.4657, time 368.91ms, mfu 1.01%
iter 10840: loss 0.4657, time 368.10ms, mfu 1.01%
iter 10850: loss 0.4601, time 369.31ms, mfu 1.01%
iter 10860: loss 0.4757, time 366.54ms, mfu 1.01%
iter 10870: loss 0.4519, time 368.47ms, mfu 1.01%
iter 10880: loss 0.4509, time 368.78ms, mfu 1.01%
iter 10890: loss 0.4647, time 368.67ms, mfu 1.01%
iter 10900: loss 0.4708, time 367.93ms, mfu 1.01%
iter 10910: loss 0.4585, time 368.36ms, mfu 1.01%
iter 10920: loss 0.4617, time 367.02ms, mfu 1.01%
iter 10930: loss 0.4637, time 370.16ms, mfu 1.01%
iter 10940: loss 0.4685, time 368.99ms, mfu 1.01%
iter 10950: loss 0.4764, time 367.54ms, mfu 1.01%
iter 10960: loss 0.4576, time 367.05ms, mfu 1.01%
iter 10970: loss 0.4375, time 368.88ms, mfu 1.01%
iter 10980: loss 0.4627, time 370.33ms, mfu 1.01%
iter 10990: loss 0.4724, time 366.42ms, mfu 1.01%
step 11000: train loss 0.2072, val loss 2.3727
saving checkpoint to /net/scratch2/junyuren/nanoGPT-manifold/out-phase1.5-mlp-adamw
iter 11000: loss 0.4563, time 3774.10ms, mfu 0.92%
iter 11010: loss 0.4446, time 368.27ms, mfu 0.93%
iter 11020: loss 0.4557, time 368.33ms, mfu 0.94%
iter 11030: loss 0.4704, time 367.00ms, mfu 0.95%
iter 11040: loss 0.4479, time 369.37ms, mfu 0.95%
iter 11050: loss 0.4488, time 369.51ms, mfu 0.96%
iter 11060: loss 0.4583, time 369.25ms, mfu 0.96%
iter 11070: loss 0.4491, time 369.44ms, mfu 0.97%
iter 11080: loss 0.4571, time 370.62ms, mfu 0.97%
iter 11090: loss 0.4699, time 369.13ms, mfu 0.97%
iter 11100: loss 0.4547, time 370.20ms, mfu 0.98%
iter 11110: loss 0.4554, time 368.72ms, mfu 0.98%
iter 11120: loss 0.4529, time 367.77ms, mfu 0.98%
iter 11130: loss 0.4800, time 369.43ms, mfu 0.99%
iter 11140: loss 0.4467, time 369.36ms, mfu 0.99%
iter 11150: loss 0.4590, time 368.00ms, mfu 0.99%
iter 11160: loss 0.4558, time 368.11ms, mfu 0.99%
iter 11170: loss 0.4299, time 369.78ms, mfu 0.99%
iter 11180: loss 0.4836, time 368.13ms, mfu 1.00%
iter 11190: loss 0.4585, time 368.45ms, mfu 1.00%
iter 11200: loss 0.4453, time 369.95ms, mfu 1.00%
iter 11210: loss 0.4397, time 366.96ms, mfu 1.00%
iter 11220: loss 0.4330, time 369.83ms, mfu 1.00%
iter 11230: loss 0.4203, time 368.95ms, mfu 1.00%
iter 11240: loss 0.4542, time 372.10ms, mfu 1.00%
iter 11250: loss 0.4389, time 370.77ms, mfu 1.00%
iter 11260: loss 0.4280, time 371.33ms, mfu 1.00%
iter 11270: loss 0.4518, time 368.81ms, mfu 1.00%
iter 11280: loss 0.4398, time 369.03ms, mfu 1.00%
iter 11290: loss 0.4508, time 371.18ms, mfu 1.00%
iter 11300: loss 0.4490, time 370.26ms, mfu 1.00%
iter 11310: loss 0.4468, time 370.29ms, mfu 1.00%
iter 11320: loss 0.4473, time 370.95ms, mfu 1.00%
iter 11330: loss 0.4493, time 370.96ms, mfu 1.00%
iter 11340: loss 0.4516, time 371.51ms, mfu 1.00%
iter 11350: loss 0.4481, time 369.21ms, mfu 1.00%
iter 11360: loss 0.4608, time 371.17ms, mfu 1.00%
iter 11370: loss 0.4516, time 370.23ms, mfu 1.00%
iter 11380: loss 0.4441, time 370.03ms, mfu 1.01%
iter 11390: loss 0.4528, time 370.98ms, mfu 1.01%
iter 11400: loss 0.4556, time 368.45ms, mfu 1.01%
iter 11410: loss 0.4344, time 370.18ms, mfu 1.01%
iter 11420: loss 0.4232, time 371.65ms, mfu 1.01%
iter 11430: loss 0.4362, time 369.92ms, mfu 1.01%
iter 11440: loss 0.4358, time 372.12ms, mfu 1.01%
iter 11450: loss 0.4438, time 371.72ms, mfu 1.00%
iter 11460: loss 0.4396, time 369.82ms, mfu 1.01%
iter 11470: loss 0.4375, time 370.09ms, mfu 1.01%
iter 11480: loss 0.4495, time 370.73ms, mfu 1.01%
iter 11490: loss 0.4376, time 370.98ms, mfu 1.01%
step 11500: train loss 0.1928, val loss 2.4182
saving checkpoint to /net/scratch2/junyuren/nanoGPT-manifold/out-phase1.5-mlp-adamw
iter 11500: loss 0.4535, time 3794.84ms, mfu 0.91%
iter 11510: loss 0.4429, time 369.83ms, mfu 0.92%
iter 11520: loss 0.4294, time 371.61ms, mfu 0.93%
iter 11530: loss 0.4424, time 370.29ms, mfu 0.94%
iter 11540: loss 0.4438, time 367.94ms, mfu 0.95%
iter 11550: loss 0.4509, time 368.95ms, mfu 0.95%
iter 11560: loss 0.4514, time 371.91ms, mfu 0.96%
iter 11570: loss 0.4343, time 369.68ms, mfu 0.96%
iter 11580: loss 0.4313, time 369.81ms, mfu 0.97%
iter 11590: loss 0.4417, time 371.75ms, mfu 0.97%
iter 11600: loss 0.4430, time 370.66ms, mfu 0.97%
iter 11610: loss 0.4329, time 370.97ms, mfu 0.98%
iter 11620: loss 0.4378, time 371.94ms, mfu 0.98%
iter 11630: loss 0.4294, time 368.40ms, mfu 0.98%
iter 11640: loss 0.4406, time 371.24ms, mfu 0.98%
iter 11650: loss 0.4325, time 372.09ms, mfu 0.99%
iter 11660: loss 0.4264, time 372.55ms, mfu 0.99%
iter 11670: loss 0.4216, time 371.75ms, mfu 0.99%
iter 11680: loss 0.4328, time 371.46ms, mfu 0.99%
iter 11690: loss 0.4380, time 372.01ms, mfu 0.99%
iter 11700: loss 0.4472, time 371.55ms, mfu 0.99%
iter 11710: loss 0.4306, time 372.36ms, mfu 0.99%
iter 11720: loss 0.4343, time 368.15ms, mfu 1.00%
iter 11730: loss 0.4307, time 370.49ms, mfu 1.00%
iter 11740: loss 0.4205, time 371.69ms, mfu 1.00%
iter 11750: loss 0.4357, time 372.16ms, mfu 1.00%
iter 11760: loss 0.4386, time 371.55ms, mfu 1.00%
iter 11770: loss 0.4345, time 371.32ms, mfu 1.00%
iter 11780: loss 0.4379, time 372.91ms, mfu 1.00%
iter 11790: loss 0.4300, time 369.67ms, mfu 1.00%
iter 11800: loss 0.4313, time 369.67ms, mfu 1.00%
iter 11810: loss 0.4425, time 374.21ms, mfu 1.00%
iter 11820: loss 0.4355, time 373.26ms, mfu 1.00%
iter 11830: loss 0.4080, time 373.47ms, mfu 1.00%
iter 11840: loss 0.4209, time 371.43ms, mfu 1.00%
iter 11850: loss 0.4364, time 374.73ms, mfu 1.00%
iter 11860: loss 0.4325, time 372.76ms, mfu 1.00%
iter 11870: loss 0.4282, time 371.90ms, mfu 1.00%
iter 11880: loss 0.4232, time 372.56ms, mfu 1.00%
iter 11890: loss 0.4143, time 373.32ms, mfu 1.00%
iter 11900: loss 0.4103, time 371.25ms, mfu 1.00%
iter 11910: loss 0.4332, time 370.15ms, mfu 1.00%
iter 11920: loss 0.4258, time 373.02ms, mfu 1.00%
iter 11930: loss 0.4271, time 373.46ms, mfu 1.00%
iter 11940: loss 0.4362, time 369.86ms, mfu 1.00%
iter 11950: loss 0.4139, time 373.22ms, mfu 1.00%
iter 11960: loss 0.4225, time 374.22ms, mfu 1.00%
iter 11970: loss 0.4222, time 373.46ms, mfu 1.00%
iter 11980: loss 0.4119, time 373.60ms, mfu 1.00%
iter 11990: loss 0.4520, time 372.56ms, mfu 1.00%
step 12000: train loss 0.1799, val loss 2.4449
saving checkpoint to /net/scratch2/junyuren/nanoGPT-manifold/out-phase1.5-mlp-adamw
iter 12000: loss 0.4275, time 5517.78ms, mfu 0.91%
iter 12010: loss 0.4277, time 374.02ms, mfu 0.92%
iter 12020: loss 0.4301, time 370.92ms, mfu 0.92%
iter 12030: loss 0.4276, time 373.21ms, mfu 0.93%
iter 12040: loss 0.4248, time 372.96ms, mfu 0.94%
iter 12050: loss 0.4160, time 374.97ms, mfu 0.94%
iter 12060: loss 0.4241, time 371.94ms, mfu 0.95%
iter 12070: loss 0.4233, time 374.05ms, mfu 0.95%
iter 12080: loss 0.4121, time 372.18ms, mfu 0.96%
iter 12090: loss 0.4269, time 370.55ms, mfu 0.96%
iter 12100: loss 0.4412, time 372.47ms, mfu 0.97%
iter 12110: loss 0.4050, time 374.21ms, mfu 0.97%
iter 12120: loss 0.4306, time 372.99ms, mfu 0.97%
iter 12130: loss 0.4232, time 372.60ms, mfu 0.98%
iter 12140: loss 0.4120, time 374.17ms, mfu 0.98%
iter 12150: loss 0.4178, time 371.46ms, mfu 0.98%
iter 12160: loss 0.4108, time 370.74ms, mfu 0.98%
iter 12170: loss 0.4271, time 370.64ms, mfu 0.99%
iter 12180: loss 0.4140, time 373.84ms, mfu 0.99%
iter 12190: loss 0.4232, time 372.51ms, mfu 0.99%
iter 12200: loss 0.4196, time 370.59ms, mfu 0.99%
iter 12210: loss 0.4292, time 374.05ms, mfu 0.99%
iter 12220: loss 0.4253, time 371.60ms, mfu 0.99%
iter 12230: loss 0.4234, time 374.30ms, mfu 0.99%
iter 12240: loss 0.4276, time 375.33ms, mfu 0.99%
iter 12250: loss 0.4038, time 370.18ms, mfu 0.99%
iter 12260: loss 0.3967, time 371.17ms, mfu 0.99%
iter 12270: loss 0.4235, time 373.38ms, mfu 0.99%
iter 12280: loss 0.4212, time 371.90ms, mfu 1.00%
iter 12290: loss 0.4105, time 371.51ms, mfu 1.00%
iter 12300: loss 0.4184, time 373.34ms, mfu 1.00%
iter 12310: loss 0.4207, time 373.35ms, mfu 1.00%
iter 12320: loss 0.4247, time 374.45ms, mfu 1.00%
iter 12330: loss 0.4103, time 371.94ms, mfu 1.00%
iter 12340: loss 0.4118, time 377.46ms, mfu 1.00%
iter 12350: loss 0.4265, time 373.90ms, mfu 1.00%
iter 12360: loss 0.4137, time 371.52ms, mfu 1.00%
iter 12370: loss 0.4025, time 371.82ms, mfu 1.00%
iter 12380: loss 0.4247, time 373.94ms, mfu 1.00%
iter 12390: loss 0.4158, time 373.23ms, mfu 1.00%
iter 12400: loss 0.4080, time 375.48ms, mfu 1.00%
iter 12410: loss 0.4132, time 376.13ms, mfu 1.00%
iter 12420: loss 0.4097, time 375.93ms, mfu 1.00%
iter 12430: loss 0.4159, time 371.96ms, mfu 1.00%
iter 12440: loss 0.4163, time 374.91ms, mfu 1.00%
iter 12450: loss 0.4173, time 373.84ms, mfu 1.00%
iter 12460: loss 0.4134, time 375.15ms, mfu 1.00%
iter 12470: loss 0.3883, time 372.78ms, mfu 1.00%
iter 12480: loss 0.4100, time 374.47ms, mfu 1.00%
iter 12490: loss 0.4120, time 375.09ms, mfu 1.00%
step 12500: train loss 0.1699, val loss 2.4899
saving checkpoint to /net/scratch2/junyuren/nanoGPT-manifold/out-phase1.5-mlp-adamw
iter 12500: loss 0.4018, time 3773.64ms, mfu 0.91%
iter 12510: loss 0.4004, time 371.54ms, mfu 0.92%
iter 12520: loss 0.4021, time 374.31ms, mfu 0.92%
iter 12530: loss 0.4101, time 372.54ms, mfu 0.93%
iter 12540: loss 0.4122, time 374.22ms, mfu 0.94%
iter 12550: loss 0.4177, time 373.25ms, mfu 0.94%
iter 12560: loss 0.4226, time 375.55ms, mfu 0.95%
iter 12570: loss 0.4185, time 372.87ms, mfu 0.95%
iter 12580: loss 0.4036, time 375.24ms, mfu 0.96%
iter 12590: loss 0.3920, time 373.86ms, mfu 0.96%
iter 12600: loss 0.4097, time 373.99ms, mfu 0.97%
iter 12610: loss 0.4262, time 373.92ms, mfu 0.97%
iter 12620: loss 0.4112, time 373.50ms, mfu 0.97%
iter 12630: loss 0.4105, time 376.96ms, mfu 0.97%
iter 12640: loss 0.4054, time 373.78ms, mfu 0.98%
iter 12650: loss 0.4041, time 377.96ms, mfu 0.98%
iter 12660: loss 0.4268, time 373.92ms, mfu 0.98%
iter 12670: loss 0.4126, time 373.00ms, mfu 0.98%
iter 12680: loss 0.3999, time 374.30ms, mfu 0.98%
iter 12690: loss 0.4001, time 373.70ms, mfu 0.98%
iter 12700: loss 0.3924, time 375.09ms, mfu 0.98%
iter 12710: loss 0.4004, time 375.61ms, mfu 0.99%
iter 12720: loss 0.4164, time 376.77ms, mfu 0.99%
iter 12730: loss 0.4038, time 375.42ms, mfu 0.99%
iter 12740: loss 0.3962, time 376.81ms, mfu 0.99%
iter 12750: loss 0.4105, time 378.78ms, mfu 0.99%
iter 12760: loss 0.4072, time 376.52ms, mfu 0.99%
iter 12770: loss 0.3852, time 376.07ms, mfu 0.99%
iter 12780: loss 0.4004, time 375.55ms, mfu 0.99%
iter 12790: loss 0.4103, time 373.35ms, mfu 0.99%
iter 12800: loss 0.4069, time 375.44ms, mfu 0.99%
iter 12810: loss 0.4119, time 374.64ms, mfu 0.99%
iter 12820: loss 0.4095, time 376.79ms, mfu 0.99%
iter 12830: loss 0.4006, time 375.34ms, mfu 0.99%
iter 12840: loss 0.4023, time 375.09ms, mfu 0.99%
iter 12850: loss 0.4103, time 373.97ms, mfu 0.99%
iter 12860: loss 0.3974, time 375.80ms, mfu 0.99%
iter 12870: loss 0.4076, time 375.25ms, mfu 0.99%
iter 12880: loss 0.3970, time 376.02ms, mfu 0.99%
iter 12890: loss 0.4044, time 375.96ms, mfu 0.99%
iter 12900: loss 0.3993, time 374.30ms, mfu 0.99%
iter 12910: loss 0.4135, time 376.51ms, mfu 0.99%
iter 12920: loss 0.4128, time 375.88ms, mfu 0.99%
iter 12930: loss 0.4001, time 375.78ms, mfu 0.99%
iter 12940: loss 0.4054, time 373.91ms, mfu 0.99%
iter 12950: loss 0.4020, time 373.59ms, mfu 0.99%
iter 12960: loss 0.4105, time 376.36ms, mfu 0.99%
iter 12970: loss 0.4046, time 378.66ms, mfu 0.99%
iter 12980: loss 0.4025, time 375.91ms, mfu 0.99%
iter 12990: loss 0.4057, time 378.57ms, mfu 0.99%
step 13000: train loss 0.1619, val loss 2.5171
saving checkpoint to /net/scratch2/junyuren/nanoGPT-manifold/out-phase1.5-mlp-adamw
iter 13000: loss 0.3903, time 3791.67ms, mfu 0.90%
iter 13010: loss 0.4083, time 375.94ms, mfu 0.91%
iter 13020: loss 0.4082, time 378.31ms, mfu 0.92%
iter 13030: loss 0.3965, time 374.78ms, mfu 0.93%
iter 13040: loss 0.3918, time 379.46ms, mfu 0.93%
iter 13050: loss 0.3969, time 377.33ms, mfu 0.94%
iter 13060: loss 0.4012, time 378.10ms, mfu 0.94%
iter 13070: loss 0.3930, time 374.51ms, mfu 0.95%
iter 13080: loss 0.3923, time 378.26ms, mfu 0.95%
iter 13090: loss 0.3957, time 374.26ms, mfu 0.96%
iter 13100: loss 0.4185, time 379.63ms, mfu 0.96%
iter 13110: loss 0.4087, time 375.49ms, mfu 0.96%
iter 13120: loss 0.3907, time 379.95ms, mfu 0.96%
iter 13130: loss 0.3801, time 376.13ms, mfu 0.97%
iter 13140: loss 0.4017, time 377.15ms, mfu 0.97%
iter 13150: loss 0.3955, time 378.63ms, mfu 0.97%
iter 13160: loss 0.3883, time 375.99ms, mfu 0.97%
iter 13170: loss 0.3784, time 375.56ms, mfu 0.97%
iter 13180: loss 0.4056, time 373.64ms, mfu 0.98%
iter 13190: loss 0.3948, time 379.24ms, mfu 0.98%
iter 13200: loss 0.3810, time 379.81ms, mfu 0.98%
iter 13210: loss 0.4056, time 379.04ms, mfu 0.98%
iter 13220: loss 0.3884, time 374.70ms, mfu 0.98%
iter 13230: loss 0.3956, time 376.76ms, mfu 0.98%
iter 13240: loss 0.3920, time 376.77ms, mfu 0.98%
iter 13250: loss 0.3856, time 375.38ms, mfu 0.98%
iter 13260: loss 0.3897, time 377.65ms, mfu 0.98%
iter 13270: loss 0.4030, time 378.20ms, mfu 0.98%
iter 13280: loss 0.3840, time 378.23ms, mfu 0.98%
iter 13290: loss 0.4014, time 376.22ms, mfu 0.98%
iter 13300: loss 0.3890, time 376.20ms, mfu 0.98%
iter 13310: loss 0.3763, time 376.59ms, mfu 0.99%
iter 13320: loss 0.3919, time 377.66ms, mfu 0.99%
iter 13330: loss 0.3828, time 377.41ms, mfu 0.99%
iter 13340: loss 0.4130, time 378.68ms, mfu 0.99%
iter 13350: loss 0.3897, time 377.87ms, mfu 0.99%
iter 13360: loss 0.3909, time 378.58ms, mfu 0.99%
iter 13370: loss 0.3968, time 378.48ms, mfu 0.99%
iter 13380: loss 0.3897, time 373.15ms, mfu 0.99%
iter 13390: loss 0.3944, time 374.12ms, mfu 0.99%
iter 13400: loss 0.3903, time 377.83ms, mfu 0.99%
iter 13410: loss 0.3970, time 378.57ms, mfu 0.99%
iter 13420: loss 0.3877, time 377.03ms, mfu 0.99%
iter 13430: loss 0.3944, time 378.44ms, mfu 0.99%
iter 13440: loss 0.3948, time 379.13ms, mfu 0.99%
iter 13450: loss 0.3991, time 379.48ms, mfu 0.99%
iter 13460: loss 0.3741, time 377.52ms, mfu 0.99%
iter 13470: loss 0.3920, time 377.61ms, mfu 0.99%
iter 13480: loss 0.3857, time 375.93ms, mfu 0.99%
iter 13490: loss 0.3863, time 379.83ms, mfu 0.99%
step 13500: train loss 0.1554, val loss 2.5384
saving checkpoint to /net/scratch2/junyuren/nanoGPT-manifold/out-phase1.5-mlp-adamw
iter 13500: loss 0.3940, time 3802.83ms, mfu 0.90%
iter 13510: loss 0.4038, time 379.35ms, mfu 0.91%
iter 13520: loss 0.3937, time 378.58ms, mfu 0.91%
iter 13530: loss 0.3984, time 377.55ms, mfu 0.92%
iter 13540: loss 0.3845, time 376.10ms, mfu 0.93%
iter 13550: loss 0.3856, time 377.88ms, mfu 0.93%
iter 13560: loss 0.3660, time 379.42ms, mfu 0.94%
iter 13570: loss 0.4032, time 379.05ms, mfu 0.94%
iter 13580: loss 0.3992, time 378.45ms, mfu 0.95%
iter 13590: loss 0.3808, time 379.80ms, mfu 0.95%
iter 13600: loss 0.3863, time 380.68ms, mfu 0.95%
iter 13610: loss 0.3850, time 377.46ms, mfu 0.96%
iter 13620: loss 0.3835, time 377.03ms, mfu 0.96%
iter 13630: loss 0.3813, time 376.64ms, mfu 0.96%
iter 13640: loss 0.3840, time 379.81ms, mfu 0.96%
iter 13650: loss 0.3915, time 379.88ms, mfu 0.97%
iter 13660: loss 0.3781, time 376.94ms, mfu 0.97%
iter 13670: loss 0.3743, time 377.20ms, mfu 0.97%
iter 13680: loss 0.3862, time 378.56ms, mfu 0.97%
iter 13690: loss 0.3924, time 377.28ms, mfu 0.97%
iter 13700: loss 0.3875, time 378.30ms, mfu 0.97%
iter 13710: loss 0.3812, time 377.96ms, mfu 0.98%
iter 13720: loss 0.3877, time 375.33ms, mfu 0.98%
iter 13730: loss 0.3814, time 377.42ms, mfu 0.98%
iter 13740: loss 0.3959, time 379.10ms, mfu 0.98%
iter 13750: loss 0.3828, time 377.11ms, mfu 0.98%
iter 13760: loss 0.3910, time 375.78ms, mfu 0.98%
iter 13770: loss 0.3849, time 377.01ms, mfu 0.98%
iter 13780: loss 0.3877, time 380.60ms, mfu 0.98%
iter 13790: loss 0.3887, time 377.21ms, mfu 0.98%
iter 13800: loss 0.3697, time 377.85ms, mfu 0.98%
iter 13810: loss 0.3666, time 378.02ms, mfu 0.98%
iter 13820: loss 0.3861, time 379.56ms, mfu 0.98%
iter 13830: loss 0.3833, time 378.37ms, mfu 0.98%
iter 13840: loss 0.4036, time 381.11ms, mfu 0.98%
iter 13850: loss 0.3948, time 379.06ms, mfu 0.98%
iter 13860: loss 0.3779, time 380.82ms, mfu 0.98%
iter 13870: loss 0.3875, time 380.79ms, mfu 0.98%
iter 13880: loss 0.3728, time 377.38ms, mfu 0.98%
iter 13890: loss 0.3779, time 380.14ms, mfu 0.98%
iter 13900: loss 0.3677, time 379.46ms, mfu 0.98%
iter 13910: loss 0.3877, time 379.49ms, mfu 0.98%
iter 13920: loss 0.3884, time 377.34ms, mfu 0.98%
iter 13930: loss 0.3796, time 379.02ms, mfu 0.98%
iter 13940: loss 0.3903, time 378.14ms, mfu 0.98%
iter 13950: loss 0.3711, time 376.97ms, mfu 0.98%
iter 13960: loss 0.3724, time 378.48ms, mfu 0.98%
iter 13970: loss 0.3804, time 376.83ms, mfu 0.98%
iter 13980: loss 0.3715, time 378.33ms, mfu 0.98%
iter 13990: loss 0.3676, time 379.52ms, mfu 0.98%
step 14000: train loss 0.1497, val loss 2.5752
saving checkpoint to /net/scratch2/junyuren/nanoGPT-manifold/out-phase1.5-mlp-adamw
iter 14000: loss 0.3747, time 3789.89ms, mfu 0.90%
iter 14010: loss 0.3989, time 380.15ms, mfu 0.90%
iter 14020: loss 0.3736, time 378.66ms, mfu 0.91%
iter 14030: loss 0.3882, time 380.10ms, mfu 0.92%
iter 14040: loss 0.3711, time 379.59ms, mfu 0.93%
iter 14050: loss 0.3851, time 382.33ms, mfu 0.93%
iter 14060: loss 0.3730, time 378.62ms, mfu 0.94%
iter 14070: loss 0.3753, time 378.60ms, mfu 0.94%
iter 14080: loss 0.3773, time 380.18ms, mfu 0.94%
iter 14090: loss 0.3684, time 378.29ms, mfu 0.95%
iter 14100: loss 0.3737, time 377.53ms, mfu 0.95%
iter 14110: loss 0.3622, time 380.89ms, mfu 0.95%
iter 14120: loss 0.3684, time 377.86ms, mfu 0.96%
iter 14130: loss 0.3724, time 381.41ms, mfu 0.96%
iter 14140: loss 0.3726, time 377.56ms, mfu 0.96%
iter 14150: loss 0.3651, time 381.89ms, mfu 0.96%
iter 14160: loss 0.3764, time 380.63ms, mfu 0.97%
iter 14170: loss 0.3795, time 378.91ms, mfu 0.97%
iter 14180: loss 0.3909, time 380.09ms, mfu 0.97%
iter 14190: loss 0.3955, time 378.06ms, mfu 0.97%
iter 14200: loss 0.3754, time 378.75ms, mfu 0.97%
iter 14210: loss 0.3860, time 375.35ms, mfu 0.97%
iter 14220: loss 0.3668, time 378.33ms, mfu 0.97%
iter 14230: loss 0.3784, time 377.56ms, mfu 0.98%
iter 14240: loss 0.3971, time 378.86ms, mfu 0.98%
iter 14250: loss 0.3702, time 381.13ms, mfu 0.98%
iter 14260: loss 0.3953, time 377.75ms, mfu 0.98%
iter 14270: loss 0.3777, time 378.55ms, mfu 0.98%
iter 14280: loss 0.3752, time 378.48ms, mfu 0.98%
iter 14290: loss 0.3707, time 377.10ms, mfu 0.98%
iter 14300: loss 0.3663, time 380.03ms, mfu 0.98%
iter 14310: loss 0.3771, time 379.00ms, mfu 0.98%
iter 14320: loss 0.3666, time 380.79ms, mfu 0.98%
iter 14330: loss 0.3761, time 377.76ms, mfu 0.98%
iter 14340: loss 0.3785, time 376.76ms, mfu 0.98%
iter 14350: loss 0.3838, time 381.84ms, mfu 0.98%
iter 14360: loss 0.3636, time 378.79ms, mfu 0.98%
iter 14370: loss 0.3796, time 382.93ms, mfu 0.98%
iter 14380: loss 0.3685, time 380.79ms, mfu 0.98%
iter 14390: loss 0.3875, time 379.70ms, mfu 0.98%
iter 14400: loss 0.3737, time 379.21ms, mfu 0.98%
iter 14410: loss 0.3746, time 377.76ms, mfu 0.98%
iter 14420: loss 0.3711, time 376.38ms, mfu 0.98%
iter 14430: loss 0.3668, time 377.86ms, mfu 0.98%
iter 14440: loss 0.3790, time 378.29ms, mfu 0.98%
iter 14450: loss 0.3634, time 381.50ms, mfu 0.98%
iter 14460: loss 0.3633, time 379.38ms, mfu 0.98%
iter 14470: loss 0.3794, time 381.02ms, mfu 0.98%
iter 14480: loss 0.3901, time 380.25ms, mfu 0.98%
iter 14490: loss 0.3883, time 378.94ms, mfu 0.98%
step 14500: train loss 0.1458, val loss 2.6021
saving checkpoint to /net/scratch2/junyuren/nanoGPT-manifold/out-phase1.5-mlp-adamw
iter 14500: loss 0.3758, time 3777.59ms, mfu 0.89%
iter 14510: loss 0.3829, time 380.16ms, mfu 0.90%
iter 14520: loss 0.3688, time 381.32ms, mfu 0.91%
iter 14530: loss 0.3684, time 380.49ms, mfu 0.92%
iter 14540: loss 0.3832, time 380.88ms, mfu 0.92%
iter 14550: loss 0.3737, time 378.04ms, mfu 0.93%
iter 14560: loss 0.3770, time 376.24ms, mfu 0.94%
iter 14570: loss 0.3801, time 377.30ms, mfu 0.94%
iter 14580: loss 0.3669, time 380.87ms, mfu 0.94%
iter 14590: loss 0.3779, time 379.86ms, mfu 0.95%
iter 14600: loss 0.3709, time 375.80ms, mfu 0.95%
iter 14610: loss 0.3651, time 378.91ms, mfu 0.96%
iter 14620: loss 0.3780, time 379.69ms, mfu 0.96%
iter 14630: loss 0.3666, time 379.16ms, mfu 0.96%
iter 14640: loss 0.3670, time 379.96ms, mfu 0.96%
iter 14650: loss 0.3885, time 381.42ms, mfu 0.96%
iter 14660: loss 0.3758, time 383.25ms, mfu 0.96%
iter 14670: loss 0.3731, time 378.83ms, mfu 0.97%
iter 14680: loss 0.3792, time 377.90ms, mfu 0.97%
iter 14690: loss 0.3800, time 382.26ms, mfu 0.97%
iter 14700: loss 0.3747, time 381.04ms, mfu 0.97%
iter 14710: loss 0.3753, time 379.42ms, mfu 0.97%
iter 14720: loss 0.3666, time 380.52ms, mfu 0.97%
iter 14730: loss 0.3707, time 377.97ms, mfu 0.97%
iter 14740: loss 0.3633, time 383.22ms, mfu 0.97%
iter 14750: loss 0.3824, time 381.42ms, mfu 0.97%
iter 14760: loss 0.3658, time 379.84ms, mfu 0.97%
iter 14770: loss 0.3628, time 384.29ms, mfu 0.97%
iter 14780: loss 0.3794, time 379.28ms, mfu 0.97%
iter 14790: loss 0.3811, time 383.23ms, mfu 0.97%
iter 14800: loss 0.3639, time 383.07ms, mfu 0.97%
iter 14810: loss 0.3694, time 377.20ms, mfu 0.98%
iter 14820: loss 0.3641, time 380.53ms, mfu 0.98%
iter 14830: loss 0.3642, time 380.28ms, mfu 0.98%
iter 14840: loss 0.3508, time 381.94ms, mfu 0.98%
iter 14850: loss 0.3814, time 378.67ms, mfu 0.98%
iter 14860: loss 0.3827, time 379.67ms, mfu 0.98%
iter 14870: loss 0.3592, time 378.86ms, mfu 0.98%
iter 14880: loss 0.3711, time 378.54ms, mfu 0.98%
iter 14890: loss 0.3855, time 376.29ms, mfu 0.98%
iter 14900: loss 0.3620, time 381.24ms, mfu 0.98%
iter 14910: loss 0.3759, time 380.93ms, mfu 0.98%
iter 14920: loss 0.3638, time 380.30ms, mfu 0.98%
iter 14930: loss 0.3694, time 377.58ms, mfu 0.98%
iter 14940: loss 0.3646, time 378.50ms, mfu 0.98%
iter 14950: loss 0.3486, time 378.45ms, mfu 0.98%
iter 14960: loss 0.3725, time 380.45ms, mfu 0.98%
iter 14970: loss 0.3606, time 381.07ms, mfu 0.98%
iter 14980: loss 0.3698, time 378.22ms, mfu 0.98%
iter 14990: loss 0.3734, time 378.42ms, mfu 0.98%
step 15000: train loss 0.1423, val loss 2.6160
saving checkpoint to /net/scratch2/junyuren/nanoGPT-manifold/out-phase1.5-mlp-adamw
iter 15000: loss 0.3838, time 3802.65ms, mfu 0.89%
