Overriding config with config/phase2.5_qkv_mlp_adamw.py:
# Phase 2.5: c_attn + mlp.c_fc (derived from phase3, attn.c_proj uses AdamW)
# Coverage: ~58% of parameters (c_attn + mlp.c_fc Grassmann, attn.c_proj AdamW)
# Test if combined benefits persist while keeping attn.c_proj standard

out_dir = '/net/scratch2/junyuren/nanoGPT-manifold/out-phase2.5-qkv-mlp-adamw'
eval_interval = 500
eval_iters = 200
log_interval = 10
always_save_checkpoint = True

wandb_log = False
wandb_project = 'nanogpt-manifold'
wandb_run_name = 'phase2.5-qkv-mlp-adamw'

# Dataset
dataset = 'shakespeare_char'
gradient_accumulation_steps = 1
batch_size = 64
block_size = 256

# Baby GPT architecture
n_layer = 6
n_head = 6
n_embd = 384
dropout = 0.2  # Match baseline (nanoGPT standard for Shakespeare)
bias = False

# AdamW for non-Grassmann params
learning_rate = 1e-3
max_iters = 15000
lr_decay_iters = 15000
min_lr = 1e-4
weight_decay = 1e-1  # Match baseline
beta1 = 0.9
beta2 = 0.99  # Match baseline (standard for small token count)
grad_clip = 1.0

decay_lr = True
warmup_iters = 100

# Grassmann config
use_grassmann = True
grassmann_phase = 'phase2.5'  # .5 = skip attn.c_proj (use AdamW)

# Legacy params
grass_lr = 8e-3
grass_a = 1.0
grass_b = 0.0
grass_rank = 192
grass_alpha = 0.01
grass_steps = 10
grass_tol = 1e-6

# System
device = 'cuda'
dtype = 'bfloat16'
compile = True

tokens per iteration will be: 16,384
found vocab_size = 65 (inside data/shakespeare_char/meta.pkl)
Initializing a new model from scratch
number of parameters: 10.65M

=== Phase phase2.5 Grassmann Configuration ===
  Variant .5: attn.c_proj uses AdamW (not Grassmann)
Grassmann Muon parameters: 6 weight matrices, 3,538,944 params
AdamW decay parameters: 20 tensors, 7,201,152 params
AdamW no-decay parameters: 13 tensors, 4,992 params
  transformer.h.0.mlp.c_fc.weight: k=4, G_{1.0,0.0,192}, lr=0.008, scale=1.0, type=vertical
  transformer.h.1.mlp.c_fc.weight: k=4, G_{1.0,0.0,192}, lr=0.008, scale=1.0, type=vertical
  transformer.h.2.mlp.c_fc.weight: k=4, G_{1.0,0.0,192}, lr=0.008, scale=1.0, type=vertical
  transformer.h.3.mlp.c_fc.weight: k=4, G_{1.0,0.0,192}, lr=0.008, scale=1.0, type=vertical
  transformer.h.4.mlp.c_fc.weight: k=4, G_{1.0,0.0,192}, lr=0.008, scale=1.0, type=vertical
  transformer.h.5.mlp.c_fc.weight: k=4, G_{1.0,0.0,192}, lr=0.008, scale=1.0, type=vertical
using fused AdamW: True

=== Initializing Grassmann Weights (Block Decomposition) ===
Number of weight types to initialize: 6

Initializing mlp.c_fc.: k=4, G_{1.0,0.0,192}, type=vertical
  Initialized transformer.h.0.mlp.c_fc.weight (1536, 384) as 4 blocks of (384, 384) on G_{1.0,0.0,192}
  Initialized transformer.h.1.mlp.c_fc.weight (1536, 384) as 4 blocks of (384, 384) on G_{1.0,0.0,192}
  Initialized transformer.h.2.mlp.c_fc.weight (1536, 384) as 4 blocks of (384, 384) on G_{1.0,0.0,192}
  Initialized transformer.h.3.mlp.c_fc.weight (1536, 384) as 4 blocks of (384, 384) on G_{1.0,0.0,192}
  Initialized transformer.h.4.mlp.c_fc.weight (1536, 384) as 4 blocks of (384, 384) on G_{1.0,0.0,192}
  Initialized transformer.h.5.mlp.c_fc.weight (1536, 384) as 4 blocks of (384, 384) on G_{1.0,0.0,192}

Initializing transformer.h.1.mlp.c_fc.: k=4, G_{1.0,0.0,192}, type=vertical
  Initialized transformer.h.1.mlp.c_fc.weight (1536, 384) as 4 blocks of (384, 384) on G_{1.0,0.0,192}

Initializing transformer.h.2.mlp.c_fc.: k=4, G_{1.0,0.0,192}, type=vertical
  Initialized transformer.h.2.mlp.c_fc.weight (1536, 384) as 4 blocks of (384, 384) on G_{1.0,0.0,192}

Initializing transformer.h.3.mlp.c_fc.: k=4, G_{1.0,0.0,192}, type=vertical
  Initialized transformer.h.3.mlp.c_fc.weight (1536, 384) as 4 blocks of (384, 384) on G_{1.0,0.0,192}

Initializing transformer.h.4.mlp.c_fc.: k=4, G_{1.0,0.0,192}, type=vertical
  Initialized transformer.h.4.mlp.c_fc.weight (1536, 384) as 4 blocks of (384, 384) on G_{1.0,0.0,192}

Initializing transformer.h.5.mlp.c_fc.: k=4, G_{1.0,0.0,192}, type=vertical
  Initialized transformer.h.5.mlp.c_fc.weight (1536, 384) as 4 blocks of (384, 384) on G_{1.0,0.0,192}

Grassmann block initialization complete.

=== Setting up component-specific dropout ===
AdamW components: dropout = 0.2
Grassmann components: dropout = 0.1
Component-specific dropout setup complete.

=== Setting up norm-preserving scaling (Phase phase2.5) ===
  Added frozen 0.5×I scaling after mlp.c_fc (device=cuda:0)
  Added frozen 0.5×I scaling after mlp.c_fc (device=cuda:0)
  Added frozen 0.5×I scaling after mlp.c_fc (device=cuda:0)
  Added frozen 0.5×I scaling after mlp.c_fc (device=cuda:0)
  Added frozen 0.5×I scaling after mlp.c_fc (device=cuda:0)
  Added frozen 0.5×I scaling after mlp.c_fc (device=cuda:0)
Norm-preserving scaling setup complete.
compiling the model... (takes a ~minute)
step 0: train loss 4.2106, val loss 4.2111
iter 0: loss 4.2274, time 12422.67ms, mfu -100.00%
iter 10: loss 3.1957, time 602.86ms, mfu 1.36%
iter 20: loss 2.7717, time 506.43ms, mfu 1.38%
iter 30: loss 2.5934, time 509.85ms, mfu 1.41%
iter 40: loss 2.5247, time 512.25ms, mfu 1.43%
iter 50: loss 2.4990, time 510.90ms, mfu 1.44%
iter 60: loss 2.5061, time 511.65ms, mfu 1.46%
iter 70: loss 2.4885, time 509.08ms, mfu 1.47%
iter 80: loss 2.4634, time 512.74ms, mfu 1.49%
iter 90: loss 2.4623, time 510.85ms, mfu 1.50%
iter 100: loss 2.4608, time 523.73ms, mfu 1.50%
iter 110: loss 2.4160, time 513.06ms, mfu 1.51%
iter 120: loss 2.4254, time 504.05ms, mfu 1.52%
iter 130: loss 2.4032, time 519.17ms, mfu 1.53%
iter 140: loss 2.3904, time 507.80ms, mfu 1.54%
iter 150: loss 2.3670, time 510.65ms, mfu 1.54%
iter 160: loss 2.3452, time 514.03ms, mfu 1.55%
iter 170: loss 2.3174, time 507.55ms, mfu 1.56%
iter 180: loss 2.3031, time 508.63ms, mfu 1.56%
iter 190: loss 2.2448, time 505.79ms, mfu 1.57%
iter 200: loss 2.1964, time 508.52ms, mfu 1.57%
iter 210: loss 2.2227, time 510.14ms, mfu 1.57%
iter 220: loss 2.1497, time 513.46ms, mfu 1.58%
iter 230: loss 2.1427, time 508.44ms, mfu 1.58%
iter 240: loss 2.0465, time 507.63ms, mfu 1.58%
iter 250: loss 2.0638, time 507.34ms, mfu 1.59%
iter 260: loss 2.0404, time 508.13ms, mfu 1.59%
iter 270: loss 2.0203, time 508.47ms, mfu 1.59%
iter 280: loss 2.0123, time 511.58ms, mfu 1.59%
iter 290: loss 1.9617, time 507.57ms, mfu 1.59%
iter 300: loss 1.9836, time 509.57ms, mfu 1.60%
iter 310: loss 1.9303, time 505.66ms, mfu 1.60%
iter 320: loss 1.9012, time 509.72ms, mfu 1.60%
iter 330: loss 1.8881, time 504.93ms, mfu 1.60%
iter 340: loss 1.8620, time 502.79ms, mfu 1.60%
iter 350: loss 1.8634, time 506.43ms, mfu 1.60%
iter 360: loss 1.8894, time 504.06ms, mfu 1.61%
iter 370: loss 1.8278, time 500.60ms, mfu 1.61%
iter 380: loss 1.8069, time 504.34ms, mfu 1.61%
iter 390: loss 1.8725, time 499.61ms, mfu 1.61%
iter 400: loss 1.8323, time 503.13ms, mfu 1.61%
iter 410: loss 1.8283, time 499.76ms, mfu 1.62%
iter 420: loss 1.7706, time 502.98ms, mfu 1.62%
iter 430: loss 1.7394, time 502.26ms, mfu 1.62%
iter 440: loss 1.7684, time 504.96ms, mfu 1.62%
iter 450: loss 1.7425, time 498.67ms, mfu 1.62%
iter 460: loss 1.7383, time 496.09ms, mfu 1.62%
iter 470: loss 1.7339, time 495.46ms, mfu 1.63%
iter 480: loss 1.7347, time 500.78ms, mfu 1.63%
iter 490: loss 1.7440, time 496.50ms, mfu 1.63%
step 500: train loss 1.6052, val loss 1.7824
saving checkpoint to /net/scratch2/junyuren/nanoGPT-manifold/out-phase2.5-qkv-mlp-adamw
iter 500: loss 1.7279, time 5097.91ms, mfu 1.48%
iter 510: loss 1.7234, time 495.84ms, mfu 1.50%
iter 520: loss 1.6852, time 498.33ms, mfu 1.51%
iter 530: loss 1.6737, time 499.04ms, mfu 1.53%
iter 540: loss 1.6714, time 495.71ms, mfu 1.54%
iter 550: loss 1.7031, time 493.46ms, mfu 1.55%
iter 560: loss 1.6752, time 494.81ms, mfu 1.56%
iter 570: loss 1.6722, time 499.14ms, mfu 1.57%
iter 580: loss 1.6476, time 494.18ms, mfu 1.58%
iter 590: loss 1.6394, time 496.28ms, mfu 1.59%
iter 600: loss 1.6064, time 498.66ms, mfu 1.59%
iter 610: loss 1.6294, time 502.48ms, mfu 1.59%
iter 620: loss 1.6145, time 501.48ms, mfu 1.60%
iter 630: loss 1.6512, time 495.25ms, mfu 1.60%
iter 640: loss 1.6320, time 497.99ms, mfu 1.61%
iter 650: loss 1.6019, time 496.63ms, mfu 1.61%
iter 660: loss 1.6114, time 497.57ms, mfu 1.62%
iter 670: loss 1.5936, time 495.26ms, mfu 1.62%
iter 680: loss 1.6055, time 492.07ms, mfu 1.62%
iter 690: loss 1.6012, time 487.74ms, mfu 1.63%
iter 700: loss 1.6017, time 488.83ms, mfu 1.63%
iter 710: loss 1.6014, time 489.51ms, mfu 1.64%
iter 720: loss 1.5730, time 490.86ms, mfu 1.64%
iter 730: loss 1.5691, time 491.00ms, mfu 1.64%
iter 740: loss 1.5877, time 490.03ms, mfu 1.65%
iter 750: loss 1.5839, time 492.86ms, mfu 1.65%
iter 760: loss 1.5478, time 491.94ms, mfu 1.65%
iter 770: loss 1.5757, time 489.78ms, mfu 1.65%
iter 780: loss 1.5443, time 487.91ms, mfu 1.65%
iter 790: loss 1.5534, time 488.71ms, mfu 1.66%
iter 800: loss 1.5364, time 487.88ms, mfu 1.66%
iter 810: loss 1.5098, time 490.70ms, mfu 1.66%
iter 820: loss 1.5659, time 489.69ms, mfu 1.66%
iter 830: loss 1.5687, time 486.06ms, mfu 1.66%
iter 840: loss 1.5542, time 486.54ms, mfu 1.66%
iter 850: loss 1.5341, time 483.06ms, mfu 1.67%
iter 860: loss 1.5353, time 484.19ms, mfu 1.67%
iter 870: loss 1.5282, time 489.79ms, mfu 1.67%
iter 880: loss 1.5514, time 486.05ms, mfu 1.67%
iter 890: loss 1.5446, time 485.23ms, mfu 1.67%
iter 900: loss 1.5067, time 489.02ms, mfu 1.67%
iter 910: loss 1.5456, time 489.28ms, mfu 1.67%
iter 920: loss 1.4880, time 485.83ms, mfu 1.67%
iter 930: loss 1.5234, time 485.14ms, mfu 1.68%
iter 940: loss 1.5234, time 488.45ms, mfu 1.68%
iter 950: loss 1.5028, time 483.62ms, mfu 1.68%
iter 960: loss 1.5032, time 485.95ms, mfu 1.68%
iter 970: loss 1.5261, time 486.75ms, mfu 1.68%
iter 980: loss 1.4855, time 490.22ms, mfu 1.68%
iter 990: loss 1.5015, time 485.18ms, mfu 1.68%
step 1000: train loss 1.3898, val loss 1.6044
saving checkpoint to /net/scratch2/junyuren/nanoGPT-manifold/out-phase2.5-qkv-mlp-adamw
iter 1000: loss 1.4842, time 5066.21ms, mfu 1.53%
iter 1010: loss 1.4868, time 484.64ms, mfu 1.54%
iter 1020: loss 1.4470, time 485.46ms, mfu 1.56%
iter 1030: loss 1.4735, time 484.31ms, mfu 1.57%
iter 1040: loss 1.4815, time 485.30ms, mfu 1.58%
iter 1050: loss 1.4219, time 480.10ms, mfu 1.59%
iter 1060: loss 1.4637, time 488.23ms, mfu 1.60%
iter 1070: loss 1.4724, time 485.59ms, mfu 1.61%
iter 1080: loss 1.4939, time 485.31ms, mfu 1.62%
iter 1090: loss 1.4833, time 481.52ms, mfu 1.63%
iter 1100: loss 1.4665, time 482.61ms, mfu 1.63%
iter 1110: loss 1.4349, time 482.51ms, mfu 1.64%
iter 1120: loss 1.4859, time 484.17ms, mfu 1.65%
iter 1130: loss 1.4913, time 480.67ms, mfu 1.65%
iter 1140: loss 1.4391, time 483.79ms, mfu 1.66%
iter 1150: loss 1.4282, time 487.75ms, mfu 1.66%
iter 1160: loss 1.4794, time 483.48ms, mfu 1.66%
iter 1170: loss 1.4728, time 483.08ms, mfu 1.66%
iter 1180: loss 1.4335, time 483.98ms, mfu 1.67%
iter 1190: loss 1.4432, time 483.16ms, mfu 1.67%
iter 1200: loss 1.4579, time 483.91ms, mfu 1.67%
iter 1210: loss 1.4358, time 490.30ms, mfu 1.67%
iter 1220: loss 1.4414, time 481.51ms, mfu 1.67%
iter 1230: loss 1.4148, time 481.27ms, mfu 1.68%
iter 1240: loss 1.4845, time 481.66ms, mfu 1.68%
iter 1250: loss 1.4010, time 483.55ms, mfu 1.68%
iter 1260: loss 1.4396, time 483.06ms, mfu 1.68%
iter 1270: loss 1.4488, time 478.65ms, mfu 1.69%
iter 1280: loss 1.4135, time 484.50ms, mfu 1.69%
iter 1290: loss 1.4339, time 482.80ms, mfu 1.69%
iter 1300: loss 1.4331, time 485.99ms, mfu 1.69%
iter 1310: loss 1.4296, time 482.93ms, mfu 1.69%
iter 1320: loss 1.4452, time 481.31ms, mfu 1.69%
iter 1330: loss 1.4423, time 480.12ms, mfu 1.69%
iter 1340: loss 1.4102, time 478.79ms, mfu 1.69%
iter 1350: loss 1.3953, time 483.81ms, mfu 1.69%
iter 1360: loss 1.4028, time 482.15ms, mfu 1.69%
iter 1370: loss 1.4572, time 480.39ms, mfu 1.69%
iter 1380: loss 1.4098, time 484.68ms, mfu 1.69%
iter 1390: loss 1.3990, time 484.44ms, mfu 1.69%
iter 1400: loss 1.4280, time 477.86ms, mfu 1.70%
iter 1410: loss 1.3961, time 480.30ms, mfu 1.70%
iter 1420: loss 1.3883, time 486.04ms, mfu 1.69%
iter 1430: loss 1.4034, time 484.99ms, mfu 1.69%
iter 1440: loss 1.3765, time 480.33ms, mfu 1.70%
iter 1450: loss 1.3905, time 481.53ms, mfu 1.70%
iter 1460: loss 1.3984, time 483.96ms, mfu 1.70%
iter 1470: loss 1.3557, time 483.46ms, mfu 1.70%
iter 1480: loss 1.4087, time 482.31ms, mfu 1.70%
iter 1490: loss 1.4001, time 485.21ms, mfu 1.69%
step 1500: train loss 1.2955, val loss 1.5363
saving checkpoint to /net/scratch2/junyuren/nanoGPT-manifold/out-phase2.5-qkv-mlp-adamw
iter 1500: loss 1.4171, time 5099.39ms, mfu 1.54%
iter 1510: loss 1.4069, time 481.28ms, mfu 1.56%
iter 1520: loss 1.3521, time 483.34ms, mfu 1.57%
iter 1530: loss 1.3727, time 479.04ms, mfu 1.58%
iter 1540: loss 1.4008, time 480.19ms, mfu 1.60%
iter 1550: loss 1.4026, time 482.04ms, mfu 1.61%
iter 1560: loss 1.3805, time 480.97ms, mfu 1.62%
iter 1570: loss 1.3402, time 480.49ms, mfu 1.63%
iter 1580: loss 1.3837, time 481.38ms, mfu 1.63%
iter 1590: loss 1.3600, time 478.62ms, mfu 1.64%
iter 1600: loss 1.3835, time 481.06ms, mfu 1.65%
iter 1610: loss 1.4006, time 481.28ms, mfu 1.65%
iter 1620: loss 1.3854, time 482.80ms, mfu 1.66%
iter 1630: loss 1.4189, time 481.10ms, mfu 1.66%
iter 1640: loss 1.3893, time 479.78ms, mfu 1.67%
iter 1650: loss 1.3589, time 480.92ms, mfu 1.67%
iter 1660: loss 1.3526, time 482.18ms, mfu 1.67%
iter 1670: loss 1.3656, time 476.82ms, mfu 1.68%
iter 1680: loss 1.3871, time 477.94ms, mfu 1.68%
iter 1690: loss 1.3652, time 479.15ms, mfu 1.68%
iter 1700: loss 1.3727, time 482.49ms, mfu 1.68%
iter 1710: loss 1.3921, time 477.11ms, mfu 1.69%
iter 1720: loss 1.3523, time 478.91ms, mfu 1.69%
iter 1730: loss 1.3637, time 482.13ms, mfu 1.69%
iter 1740: loss 1.3679, time 477.21ms, mfu 1.69%
iter 1750: loss 1.3673, time 477.53ms, mfu 1.70%
iter 1760: loss 1.3812, time 477.03ms, mfu 1.70%
iter 1770: loss 1.3608, time 479.42ms, mfu 1.70%
iter 1780: loss 1.3620, time 477.17ms, mfu 1.70%
iter 1790: loss 1.3402, time 475.17ms, mfu 1.70%
iter 1800: loss 1.3515, time 481.48ms, mfu 1.70%
iter 1810: loss 1.3668, time 480.56ms, mfu 1.70%
iter 1820: loss 1.3600, time 479.01ms, mfu 1.70%
iter 1830: loss 1.3405, time 478.89ms, mfu 1.70%
iter 1840: loss 1.3414, time 477.48ms, mfu 1.70%
iter 1850: loss 1.3530, time 478.72ms, mfu 1.71%
iter 1860: loss 1.3522, time 480.54ms, mfu 1.71%
iter 1870: loss 1.3333, time 477.13ms, mfu 1.71%
iter 1880: loss 1.3633, time 478.29ms, mfu 1.71%
iter 1890: loss 1.3595, time 485.03ms, mfu 1.70%
iter 1900: loss 1.3380, time 475.91ms, mfu 1.71%
iter 1910: loss 1.3124, time 477.82ms, mfu 1.71%
iter 1920: loss 1.3506, time 480.95ms, mfu 1.71%
iter 1930: loss 1.3517, time 484.46ms, mfu 1.70%
iter 1940: loss 1.3343, time 481.01ms, mfu 1.70%
iter 1950: loss 1.3667, time 488.54ms, mfu 1.70%
iter 1960: loss 1.3185, time 484.54ms, mfu 1.70%
iter 1970: loss 1.3475, time 479.36ms, mfu 1.70%
iter 1980: loss 1.3374, time 477.34ms, mfu 1.70%
iter 1990: loss 1.3139, time 479.24ms, mfu 1.70%
step 2000: train loss 1.2317, val loss 1.5045
saving checkpoint to /net/scratch2/junyuren/nanoGPT-manifold/out-phase2.5-qkv-mlp-adamw
iter 2000: loss 1.3232, time 5100.28ms, mfu 1.55%
iter 2010: loss 1.3281, time 480.83ms, mfu 1.56%
iter 2020: loss 1.3601, time 476.87ms, mfu 1.58%
iter 2030: loss 1.3444, time 478.51ms, mfu 1.59%
iter 2040: loss 1.3313, time 479.48ms, mfu 1.60%
iter 2050: loss 1.3227, time 474.64ms, mfu 1.62%
iter 2060: loss 1.3304, time 481.69ms, mfu 1.62%
iter 2070: loss 1.3301, time 480.65ms, mfu 1.63%
iter 2080: loss 1.3046, time 481.93ms, mfu 1.64%
iter 2090: loss 1.3257, time 479.10ms, mfu 1.65%
iter 2100: loss 1.3050, time 480.15ms, mfu 1.65%
iter 2110: loss 1.2943, time 481.21ms, mfu 1.66%
iter 2120: loss 1.3262, time 480.77ms, mfu 1.66%
iter 2130: loss 1.2991, time 481.73ms, mfu 1.67%
iter 2140: loss 1.2867, time 479.59ms, mfu 1.67%
iter 2150: loss 1.3185, time 478.20ms, mfu 1.67%
iter 2160: loss 1.3117, time 477.04ms, mfu 1.68%
iter 2170: loss 1.3053, time 475.08ms, mfu 1.68%
iter 2180: loss 1.3233, time 475.84ms, mfu 1.69%
iter 2190: loss 1.2853, time 480.49ms, mfu 1.69%
iter 2200: loss 1.3240, time 479.50ms, mfu 1.69%
iter 2210: loss 1.3215, time 480.52ms, mfu 1.69%
iter 2220: loss 1.3052, time 478.86ms, mfu 1.69%
iter 2230: loss 1.2935, time 479.72ms, mfu 1.69%
iter 2240: loss 1.3156, time 478.25ms, mfu 1.70%
iter 2250: loss 1.3048, time 482.32ms, mfu 1.70%
iter 2260: loss 1.2535, time 482.61ms, mfu 1.70%
iter 2270: loss 1.2659, time 480.04ms, mfu 1.70%
iter 2280: loss 1.2726, time 480.77ms, mfu 1.70%
iter 2290: loss 1.3039, time 476.82ms, mfu 1.70%
iter 2300: loss 1.3058, time 488.85ms, mfu 1.70%
iter 2310: loss 1.3205, time 483.77ms, mfu 1.70%
iter 2320: loss 1.3153, time 481.61ms, mfu 1.70%
iter 2330: loss 1.3183, time 477.25ms, mfu 1.70%
iter 2340: loss 1.2940, time 479.08ms, mfu 1.70%
iter 2350: loss 1.3096, time 473.61ms, mfu 1.70%
iter 2360: loss 1.3094, time 479.84ms, mfu 1.70%
iter 2370: loss 1.2777, time 480.30ms, mfu 1.70%
iter 2380: loss 1.3150, time 475.96ms, mfu 1.70%
iter 2390: loss 1.2975, time 477.63ms, mfu 1.71%
iter 2400: loss 1.3065, time 482.13ms, mfu 1.70%
iter 2410: loss 1.2609, time 481.19ms, mfu 1.70%
iter 2420: loss 1.2962, time 476.04ms, mfu 1.71%
iter 2430: loss 1.2797, time 480.56ms, mfu 1.71%
iter 2440: loss 1.2881, time 484.13ms, mfu 1.70%
iter 2450: loss 1.2796, time 485.52ms, mfu 1.70%
iter 2460: loss 1.2877, time 478.65ms, mfu 1.70%
iter 2470: loss 1.2969, time 481.25ms, mfu 1.70%
iter 2480: loss 1.2942, time 480.83ms, mfu 1.70%
iter 2490: loss 1.2936, time 478.48ms, mfu 1.70%
step 2500: train loss 1.1881, val loss 1.4760
saving checkpoint to /net/scratch2/junyuren/nanoGPT-manifold/out-phase2.5-qkv-mlp-adamw
iter 2500: loss 1.2671, time 5114.29ms, mfu 1.55%
iter 2510: loss 1.2772, time 476.41ms, mfu 1.57%
iter 2520: loss 1.2724, time 481.05ms, mfu 1.58%
iter 2530: loss 1.2654, time 479.67ms, mfu 1.59%
iter 2540: loss 1.2829, time 482.58ms, mfu 1.60%
iter 2550: loss 1.2442, time 472.43ms, mfu 1.62%
iter 2560: loss 1.2883, time 478.63ms, mfu 1.63%
iter 2570: loss 1.2805, time 475.57ms, mfu 1.63%
iter 2580: loss 1.2570, time 483.32ms, mfu 1.64%
iter 2590: loss 1.2658, time 481.74ms, mfu 1.65%
iter 2600: loss 1.2906, time 478.70ms, mfu 1.65%
iter 2610: loss 1.2757, time 477.05ms, mfu 1.66%
iter 2620: loss 1.2426, time 478.96ms, mfu 1.66%
iter 2630: loss 1.3139, time 474.17ms, mfu 1.67%
iter 2640: loss 1.2791, time 477.44ms, mfu 1.67%
iter 2650: loss 1.2809, time 479.24ms, mfu 1.68%
iter 2660: loss 1.2672, time 477.38ms, mfu 1.68%
iter 2670: loss 1.2851, time 478.62ms, mfu 1.68%
iter 2680: loss 1.2845, time 478.45ms, mfu 1.69%
iter 2690: loss 1.2639, time 477.57ms, mfu 1.69%
iter 2700: loss 1.2806, time 482.88ms, mfu 1.69%
iter 2710: loss 1.2545, time 478.63ms, mfu 1.69%
iter 2720: loss 1.2675, time 478.06ms, mfu 1.69%
iter 2730: loss 1.3088, time 477.97ms, mfu 1.70%
iter 2740: loss 1.2377, time 474.80ms, mfu 1.70%
iter 2750: loss 1.2705, time 480.02ms, mfu 1.70%
iter 2760: loss 1.2826, time 475.19ms, mfu 1.70%
iter 2770: loss 1.2204, time 476.31ms, mfu 1.70%
iter 2780: loss 1.2719, time 475.39ms, mfu 1.71%
iter 2790: loss 1.2589, time 477.69ms, mfu 1.71%
iter 2800: loss 1.2569, time 477.80ms, mfu 1.71%
iter 2810: loss 1.2640, time 475.86ms, mfu 1.71%
iter 2820: loss 1.2250, time 478.89ms, mfu 1.71%
iter 2830: loss 1.2265, time 477.85ms, mfu 1.71%
iter 2840: loss 1.2553, time 484.06ms, mfu 1.71%
iter 2850: loss 1.2496, time 478.02ms, mfu 1.71%
iter 2860: loss 1.2426, time 473.65ms, mfu 1.71%
iter 2870: loss 1.2423, time 471.97ms, mfu 1.71%
iter 2880: loss 1.2645, time 473.67ms, mfu 1.71%
iter 2890: loss 1.2349, time 474.64ms, mfu 1.71%
iter 2900: loss 1.2606, time 474.95ms, mfu 1.72%
iter 2910: loss 1.2540, time 477.70ms, mfu 1.72%
iter 2920: loss 1.2605, time 472.65ms, mfu 1.72%
iter 2930: loss 1.2281, time 476.80ms, mfu 1.72%
iter 2940: loss 1.2219, time 472.89ms, mfu 1.72%
iter 2950: loss 1.2470, time 478.76ms, mfu 1.72%
iter 2960: loss 1.2469, time 469.94ms, mfu 1.72%
iter 2970: loss 1.2408, time 474.36ms, mfu 1.72%
iter 2980: loss 1.2375, time 470.44ms, mfu 1.72%
iter 2990: loss 1.2487, time 471.69ms, mfu 1.72%
step 3000: train loss 1.1459, val loss 1.4633
saving checkpoint to /net/scratch2/junyuren/nanoGPT-manifold/out-phase2.5-qkv-mlp-adamw
iter 3000: loss 1.2343, time 10441.48ms, mfu 1.56%
iter 3010: loss 1.2397, time 476.68ms, mfu 1.58%
iter 3020: loss 1.2246, time 473.52ms, mfu 1.59%
iter 3030: loss 1.2433, time 468.97ms, mfu 1.61%
iter 3040: loss 1.2233, time 470.48ms, mfu 1.62%
iter 3050: loss 1.2524, time 474.83ms, mfu 1.63%
iter 3060: loss 1.2417, time 477.48ms, mfu 1.64%
iter 3070: loss 1.2258, time 473.37ms, mfu 1.65%
iter 3080: loss 1.2199, time 477.61ms, mfu 1.65%
iter 3090: loss 1.2689, time 475.86ms, mfu 1.66%
iter 3100: loss 1.2236, time 474.70ms, mfu 1.67%
iter 3110: loss 1.2301, time 477.33ms, mfu 1.67%
iter 3120: loss 1.2234, time 475.66ms, mfu 1.68%
iter 3130: loss 1.2451, time 474.43ms, mfu 1.68%
iter 3140: loss 1.2368, time 476.46ms, mfu 1.69%
iter 3150: loss 1.2192, time 487.65ms, mfu 1.68%
iter 3160: loss 1.2124, time 475.37ms, mfu 1.69%
iter 3170: loss 1.2352, time 473.71ms, mfu 1.69%
iter 3180: loss 1.2489, time 474.81ms, mfu 1.70%
iter 3190: loss 1.2284, time 478.89ms, mfu 1.70%
iter 3200: loss 1.2406, time 481.07ms, mfu 1.70%
iter 3210: loss 1.2411, time 473.55ms, mfu 1.70%
iter 3220: loss 1.2314, time 472.30ms, mfu 1.70%
iter 3230: loss 1.2232, time 477.77ms, mfu 1.70%
iter 3240: loss 1.2297, time 481.56ms, mfu 1.70%
iter 3250: loss 1.2064, time 476.93ms, mfu 1.71%
iter 3260: loss 1.1857, time 472.31ms, mfu 1.71%
iter 3270: loss 1.2478, time 474.32ms, mfu 1.71%
iter 3280: loss 1.2289, time 476.94ms, mfu 1.71%
iter 3290: loss 1.2240, time 479.46ms, mfu 1.71%
iter 3300: loss 1.2065, time 475.39ms, mfu 1.71%
iter 3310: loss 1.2415, time 471.65ms, mfu 1.71%
iter 3320: loss 1.2075, time 473.12ms, mfu 1.72%
iter 3330: loss 1.1892, time 477.57ms, mfu 1.72%
iter 3340: loss 1.1947, time 475.18ms, mfu 1.72%
iter 3350: loss 1.2108, time 473.66ms, mfu 1.72%
iter 3360: loss 1.2141, time 477.65ms, mfu 1.72%
iter 3370: loss 1.2031, time 475.35ms, mfu 1.72%
iter 3380: loss 1.2020, time 486.88ms, mfu 1.71%
iter 3390: loss 1.2488, time 481.01ms, mfu 1.71%
iter 3400: loss 1.2713, time 476.42ms, mfu 1.71%
iter 3410: loss 1.1972, time 473.28ms, mfu 1.71%
iter 3420: loss 1.2091, time 478.80ms, mfu 1.71%
iter 3430: loss 1.1978, time 475.33ms, mfu 1.72%
iter 3440: loss 1.1741, time 475.08ms, mfu 1.72%
iter 3450: loss 1.2080, time 478.86ms, mfu 1.72%
iter 3460: loss 1.2078, time 477.15ms, mfu 1.72%
iter 3470: loss 1.2116, time 474.11ms, mfu 1.72%
iter 3480: loss 1.2063, time 471.53ms, mfu 1.72%
iter 3490: loss 1.1969, time 472.26ms, mfu 1.72%
step 3500: train loss 1.1056, val loss 1.4666
saving checkpoint to /net/scratch2/junyuren/nanoGPT-manifold/out-phase2.5-qkv-mlp-adamw
iter 3500: loss 1.2209, time 5207.29ms, mfu 1.56%
iter 3510: loss 1.1962, time 474.93ms, mfu 1.58%
iter 3520: loss 1.1977, time 472.49ms, mfu 1.59%
iter 3530: loss 1.2318, time 476.34ms, mfu 1.61%
iter 3540: loss 1.1931, time 476.92ms, mfu 1.62%
iter 3550: loss 1.2130, time 475.81ms, mfu 1.63%
iter 3560: loss 1.2068, time 474.58ms, mfu 1.64%
iter 3570: loss 1.1884, time 474.33ms, mfu 1.65%
iter 3580: loss 1.1978, time 474.72ms, mfu 1.65%
iter 3590: loss 1.2133, time 478.53ms, mfu 1.66%
iter 3600: loss 1.2055, time 477.44ms, mfu 1.67%
iter 3610: loss 1.2073, time 476.05ms, mfu 1.67%
iter 3620: loss 1.2156, time 474.12ms, mfu 1.68%
iter 3630: loss 1.1860, time 477.28ms, mfu 1.68%
iter 3640: loss 1.1805, time 472.64ms, mfu 1.69%
iter 3650: loss 1.1984, time 477.70ms, mfu 1.69%
iter 3660: loss 1.2078, time 474.43ms, mfu 1.69%
iter 3670: loss 1.1895, time 482.16ms, mfu 1.69%
iter 3680: loss 1.2095, time 477.85ms, mfu 1.69%
iter 3690: loss 1.1813, time 475.36ms, mfu 1.70%
iter 3700: loss 1.1433, time 470.41ms, mfu 1.70%
iter 3710: loss 1.2095, time 473.66ms, mfu 1.70%
iter 3720: loss 1.2060, time 475.86ms, mfu 1.71%
iter 3730: loss 1.1984, time 474.26ms, mfu 1.71%
iter 3740: loss 1.1903, time 479.15ms, mfu 1.71%
iter 3750: loss 1.2156, time 476.83ms, mfu 1.71%
iter 3760: loss 1.1935, time 471.29ms, mfu 1.71%
iter 3770: loss 1.1963, time 473.71ms, mfu 1.71%
iter 3780: loss 1.1904, time 467.95ms, mfu 1.72%
iter 3790: loss 1.1999, time 475.87ms, mfu 1.72%
iter 3800: loss 1.2098, time 472.91ms, mfu 1.72%
iter 3810: loss 1.1913, time 472.44ms, mfu 1.72%
iter 3820: loss 1.2032, time 472.05ms, mfu 1.72%
iter 3830: loss 1.1758, time 473.26ms, mfu 1.72%
iter 3840: loss 1.2034, time 475.38ms, mfu 1.72%
iter 3850: loss 1.1683, time 478.73ms, mfu 1.72%
iter 3860: loss 1.1566, time 477.47ms, mfu 1.72%
iter 3870: loss 1.1828, time 472.51ms, mfu 1.72%
iter 3880: loss 1.2007, time 473.81ms, mfu 1.72%
iter 3890: loss 1.2010, time 478.15ms, mfu 1.72%
iter 3900: loss 1.2018, time 476.35ms, mfu 1.72%
iter 3910: loss 1.1967, time 478.09ms, mfu 1.72%
iter 3920: loss 1.1723, time 472.88ms, mfu 1.72%
iter 3930: loss 1.2012, time 470.44ms, mfu 1.72%
iter 3940: loss 1.1611, time 477.96ms, mfu 1.72%
iter 3950: loss 1.1800, time 473.64ms, mfu 1.72%
iter 3960: loss 1.1532, time 470.81ms, mfu 1.72%
iter 3970: loss 1.1623, time 475.68ms, mfu 1.72%
iter 3980: loss 1.1770, time 472.57ms, mfu 1.72%
iter 3990: loss 1.1852, time 471.58ms, mfu 1.73%
step 4000: train loss 1.0666, val loss 1.4638
saving checkpoint to /net/scratch2/junyuren/nanoGPT-manifold/out-phase2.5-qkv-mlp-adamw
iter 4000: loss 1.1876, time 9850.11ms, mfu 1.56%
iter 4010: loss 1.1960, time 471.48ms, mfu 1.58%
iter 4020: loss 1.1817, time 474.76ms, mfu 1.59%
iter 4030: loss 1.1895, time 479.75ms, mfu 1.60%
iter 4040: loss 1.1746, time 469.85ms, mfu 1.62%
iter 4050: loss 1.2247, time 468.82ms, mfu 1.63%
iter 4060: loss 1.1985, time 469.15ms, mfu 1.64%
iter 4070: loss 1.1796, time 473.05ms, mfu 1.65%
iter 4080: loss 1.1577, time 472.64ms, mfu 1.66%
iter 4090: loss 1.1804, time 471.09ms, mfu 1.67%
iter 4100: loss 1.1789, time 472.82ms, mfu 1.67%
iter 4110: loss 1.1631, time 478.85ms, mfu 1.68%
iter 4120: loss 1.1487, time 470.89ms, mfu 1.68%
iter 4130: loss 1.1549, time 471.98ms, mfu 1.69%
iter 4140: loss 1.1698, time 474.22ms, mfu 1.69%
iter 4150: loss 1.1733, time 472.94ms, mfu 1.70%
iter 4160: loss 1.1982, time 471.54ms, mfu 1.70%
iter 4170: loss 1.1559, time 473.72ms, mfu 1.70%
iter 4180: loss 1.1449, time 471.48ms, mfu 1.71%
iter 4190: loss 1.1503, time 475.23ms, mfu 1.71%
iter 4200: loss 1.1686, time 475.20ms, mfu 1.71%
iter 4210: loss 1.1915, time 475.04ms, mfu 1.71%
iter 4220: loss 1.1221, time 476.51ms, mfu 1.71%
iter 4230: loss 1.1667, time 472.80ms, mfu 1.71%
iter 4240: loss 1.1475, time 468.53ms, mfu 1.72%
iter 4250: loss 1.1603, time 471.97ms, mfu 1.72%
iter 4260: loss 1.1360, time 471.25ms, mfu 1.72%
iter 4270: loss 1.1894, time 471.08ms, mfu 1.72%
iter 4280: loss 1.1690, time 473.88ms, mfu 1.72%
iter 4290: loss 1.1666, time 472.49ms, mfu 1.72%
iter 4300: loss 1.1399, time 466.48ms, mfu 1.73%
iter 4310: loss 1.1524, time 469.64ms, mfu 1.73%
iter 4320: loss 1.1621, time 471.20ms, mfu 1.73%
iter 4330: loss 1.1806, time 470.29ms, mfu 1.73%
iter 4340: loss 1.1533, time 475.80ms, mfu 1.73%
iter 4350: loss 1.1546, time 474.70ms, mfu 1.73%
iter 4360: loss 1.1725, time 475.07ms, mfu 1.73%
iter 4370: loss 1.1436, time 472.74ms, mfu 1.73%
iter 4380: loss 1.1588, time 473.09ms, mfu 1.73%
iter 4390: loss 1.1201, time 473.19ms, mfu 1.73%
iter 4400: loss 1.1496, time 471.62ms, mfu 1.73%
iter 4410: loss 1.1451, time 473.44ms, mfu 1.73%
iter 4420: loss 1.1788, time 475.20ms, mfu 1.73%
iter 4430: loss 1.1274, time 476.14ms, mfu 1.73%
iter 4440: loss 1.1843, time 470.81ms, mfu 1.73%
iter 4450: loss 1.1566, time 480.78ms, mfu 1.73%
iter 4460: loss 1.1555, time 478.60ms, mfu 1.72%
iter 4470: loss 1.1407, time 474.43ms, mfu 1.72%
iter 4480: loss 1.1473, time 472.64ms, mfu 1.73%
iter 4490: loss 1.1843, time 476.54ms, mfu 1.72%
step 4500: train loss 1.0333, val loss 1.4636
saving checkpoint to /net/scratch2/junyuren/nanoGPT-manifold/out-phase2.5-qkv-mlp-adamw
iter 4500: loss 1.1729, time 5086.13ms, mfu 1.57%
iter 4510: loss 1.1091, time 472.27ms, mfu 1.58%
iter 4520: loss 1.1272, time 471.72ms, mfu 1.60%
iter 4530: loss 1.1695, time 475.94ms, mfu 1.61%
iter 4540: loss 1.1503, time 474.86ms, mfu 1.62%
iter 4550: loss 1.1787, time 472.38ms, mfu 1.63%
iter 4560: loss 1.1612, time 476.65ms, mfu 1.64%
iter 4570: loss 1.1278, time 470.29ms, mfu 1.65%
iter 4580: loss 1.1526, time 475.95ms, mfu 1.66%
iter 4590: loss 1.1454, time 474.08ms, mfu 1.67%
iter 4600: loss 1.1362, time 475.41ms, mfu 1.67%
iter 4610: loss 1.1370, time 475.78ms, mfu 1.68%
iter 4620: loss 1.1241, time 468.30ms, mfu 1.68%
iter 4630: loss 1.1293, time 472.49ms, mfu 1.69%
iter 4640: loss 1.1536, time 469.70ms, mfu 1.69%
iter 4650: loss 1.1374, time 475.62ms, mfu 1.70%
iter 4660: loss 1.1368, time 473.88ms, mfu 1.70%
iter 4670: loss 1.1121, time 472.17ms, mfu 1.70%
iter 4680: loss 1.1496, time 474.48ms, mfu 1.71%
iter 4690: loss 1.1659, time 476.39ms, mfu 1.71%
iter 4700: loss 1.1324, time 469.98ms, mfu 1.71%
iter 4710: loss 1.1368, time 479.08ms, mfu 1.71%
iter 4720: loss 1.1336, time 470.00ms, mfu 1.71%
iter 4730: loss 1.1326, time 473.02ms, mfu 1.71%
iter 4740: loss 1.1451, time 471.15ms, mfu 1.72%
iter 4750: loss 1.1279, time 475.12ms, mfu 1.72%
iter 4760: loss 1.1155, time 470.96ms, mfu 1.72%
iter 4770: loss 1.1353, time 469.19ms, mfu 1.72%
iter 4780: loss 1.1115, time 474.74ms, mfu 1.72%
iter 4790: loss 1.1276, time 470.33ms, mfu 1.72%
iter 4800: loss 1.1248, time 475.42ms, mfu 1.72%
iter 4810: loss 1.1216, time 477.22ms, mfu 1.72%
iter 4820: loss 1.1232, time 472.16ms, mfu 1.72%
iter 4830: loss 1.1177, time 473.41ms, mfu 1.72%
iter 4840: loss 1.1312, time 476.75ms, mfu 1.72%
iter 4850: loss 1.1406, time 472.59ms, mfu 1.72%
iter 4860: loss 1.1105, time 468.66ms, mfu 1.73%
iter 4870: loss 1.1008, time 477.20ms, mfu 1.73%
iter 4880: loss 1.1182, time 470.79ms, mfu 1.73%
iter 4890: loss 1.1142, time 473.66ms, mfu 1.73%
iter 4900: loss 1.1212, time 473.89ms, mfu 1.73%
iter 4910: loss 1.1661, time 471.51ms, mfu 1.73%
iter 4920: loss 1.1475, time 474.63ms, mfu 1.73%
iter 4930: loss 1.0875, time 472.59ms, mfu 1.73%
iter 4940: loss 1.1176, time 473.59ms, mfu 1.73%
iter 4950: loss 1.1572, time 474.84ms, mfu 1.73%
iter 4960: loss 1.1163, time 469.28ms, mfu 1.73%
iter 4970: loss 1.1176, time 469.79ms, mfu 1.73%
iter 4980: loss 1.1042, time 471.59ms, mfu 1.73%
iter 4990: loss 1.1212, time 477.78ms, mfu 1.73%
step 5000: train loss 1.0012, val loss 1.4703
saving checkpoint to /net/scratch2/junyuren/nanoGPT-manifold/out-phase2.5-qkv-mlp-adamw
iter 5000: loss 1.1135, time 5170.71ms, mfu 1.57%
iter 5010: loss 1.0997, time 474.12ms, mfu 1.59%
iter 5020: loss 1.0796, time 477.44ms, mfu 1.60%
iter 5030: loss 1.1379, time 472.22ms, mfu 1.61%
iter 5040: loss 1.1004, time 473.60ms, mfu 1.63%
iter 5050: loss 1.1034, time 474.13ms, mfu 1.64%
iter 5060: loss 1.1043, time 473.88ms, mfu 1.64%
iter 5070: loss 1.1197, time 480.59ms, mfu 1.65%
iter 5080: loss 1.1104, time 473.68ms, mfu 1.66%
iter 5090: loss 1.1110, time 472.53ms, mfu 1.67%
iter 5100: loss 1.0954, time 469.12ms, mfu 1.67%
iter 5110: loss 1.1124, time 470.86ms, mfu 1.68%
iter 5120: loss 1.0862, time 472.88ms, mfu 1.69%
iter 5130: loss 1.1184, time 466.14ms, mfu 1.69%
iter 5140: loss 1.1141, time 472.40ms, mfu 1.70%
iter 5150: loss 1.1187, time 469.23ms, mfu 1.70%
iter 5160: loss 1.1375, time 467.29ms, mfu 1.71%
iter 5170: loss 1.1162, time 465.27ms, mfu 1.71%
iter 5180: loss 1.1144, time 465.53ms, mfu 1.72%
iter 5190: loss 1.1208, time 465.80ms, mfu 1.72%
iter 5200: loss 1.1081, time 471.28ms, mfu 1.72%
iter 5210: loss 1.0769, time 472.55ms, mfu 1.72%
iter 5220: loss 1.1268, time 466.59ms, mfu 1.73%
iter 5230: loss 1.0972, time 474.78ms, mfu 1.73%
iter 5240: loss 1.0827, time 470.92ms, mfu 1.73%
iter 5250: loss 1.1030, time 471.23ms, mfu 1.73%
iter 5260: loss 1.0974, time 474.88ms, mfu 1.73%
iter 5270: loss 1.1230, time 475.67ms, mfu 1.73%
iter 5280: loss 1.0903, time 473.82ms, mfu 1.73%
iter 5290: loss 1.1156, time 473.31ms, mfu 1.73%
iter 5300: loss 1.0971, time 470.31ms, mfu 1.73%
iter 5310: loss 1.1073, time 472.50ms, mfu 1.73%
iter 5320: loss 1.0903, time 472.78ms, mfu 1.73%
iter 5330: loss 1.1043, time 471.66ms, mfu 1.73%
iter 5340: loss 1.0944, time 475.26ms, mfu 1.73%
iter 5350: loss 1.1325, time 471.14ms, mfu 1.73%
iter 5360: loss 1.1298, time 474.72ms, mfu 1.73%
iter 5370: loss 1.1278, time 471.82ms, mfu 1.73%
iter 5380: loss 1.0986, time 469.12ms, mfu 1.73%
iter 5390: loss 1.1126, time 473.37ms, mfu 1.73%
iter 5400: loss 1.1153, time 473.58ms, mfu 1.73%
iter 5410: loss 1.1199, time 475.56ms, mfu 1.73%
iter 5420: loss 1.1168, time 472.85ms, mfu 1.73%
iter 5430: loss 1.0887, time 473.33ms, mfu 1.73%
iter 5440: loss 1.0931, time 478.26ms, mfu 1.73%
iter 5450: loss 1.1185, time 474.07ms, mfu 1.73%
iter 5460: loss 1.1051, time 474.02ms, mfu 1.73%
iter 5470: loss 1.0889, time 474.20ms, mfu 1.73%
iter 5480: loss 1.0984, time 477.50ms, mfu 1.73%
iter 5490: loss 1.1087, time 476.00ms, mfu 1.73%
step 5500: train loss 0.9632, val loss 1.4896
saving checkpoint to /net/scratch2/junyuren/nanoGPT-manifold/out-phase2.5-qkv-mlp-adamw
iter 5500: loss 1.0854, time 5392.16ms, mfu 1.57%
iter 5510: loss 1.1054, time 472.40ms, mfu 1.58%
iter 5520: loss 1.0899, time 473.93ms, mfu 1.60%
iter 5530: loss 1.0969, time 471.74ms, mfu 1.61%
iter 5540: loss 1.0686, time 471.44ms, mfu 1.63%
iter 5550: loss 1.1104, time 472.82ms, mfu 1.64%
iter 5560: loss 1.1008, time 479.22ms, mfu 1.64%
iter 5570: loss 1.1116, time 481.06ms, mfu 1.65%
iter 5580: loss 1.0635, time 473.28ms, mfu 1.66%
iter 5590: loss 1.0929, time 472.22ms, mfu 1.66%
iter 5600: loss 1.0888, time 465.86ms, mfu 1.67%
iter 5610: loss 1.0942, time 473.80ms, mfu 1.68%
iter 5620: loss 1.1059, time 471.94ms, mfu 1.68%
iter 5630: loss 1.0621, time 472.61ms, mfu 1.69%
iter 5640: loss 1.0888, time 475.14ms, mfu 1.69%
iter 5650: loss 1.1163, time 471.94ms, mfu 1.70%
iter 5660: loss 1.0726, time 476.72ms, mfu 1.70%
iter 5670: loss 1.0672, time 470.66ms, mfu 1.70%
iter 5680: loss 1.0943, time 473.20ms, mfu 1.71%
iter 5690: loss 1.0807, time 473.75ms, mfu 1.71%
iter 5700: loss 1.1070, time 474.62ms, mfu 1.71%
iter 5710: loss 1.0909, time 470.57ms, mfu 1.71%
iter 5720: loss 1.0392, time 473.75ms, mfu 1.71%
iter 5730: loss 1.0937, time 476.43ms, mfu 1.71%
iter 5740: loss 1.0978, time 469.96ms, mfu 1.72%
iter 5750: loss 1.0803, time 472.88ms, mfu 1.72%
iter 5760: loss 1.0873, time 470.17ms, mfu 1.72%
iter 5770: loss 1.0670, time 472.60ms, mfu 1.72%
iter 5780: loss 1.1059, time 476.44ms, mfu 1.72%
iter 5790: loss 1.0820, time 476.10ms, mfu 1.72%
iter 5800: loss 1.0600, time 476.28ms, mfu 1.72%
iter 5810: loss 1.0686, time 475.70ms, mfu 1.72%
iter 5820: loss 1.0843, time 470.56ms, mfu 1.72%
iter 5830: loss 1.0703, time 471.03ms, mfu 1.72%
iter 5840: loss 1.1056, time 467.98ms, mfu 1.73%
iter 5850: loss 1.0662, time 474.53ms, mfu 1.73%
iter 5860: loss 1.0635, time 472.84ms, mfu 1.73%
iter 5870: loss 1.0273, time 471.09ms, mfu 1.73%
iter 5880: loss 1.0712, time 473.70ms, mfu 1.73%
iter 5890: loss 1.0688, time 470.49ms, mfu 1.73%
iter 5900: loss 1.0708, time 471.59ms, mfu 1.73%
iter 5910: loss 1.0641, time 481.07ms, mfu 1.73%
iter 5920: loss 1.0542, time 474.83ms, mfu 1.73%
iter 5930: loss 1.0882, time 476.11ms, mfu 1.73%
iter 5940: loss 1.0825, time 468.84ms, mfu 1.73%
iter 5950: loss 1.0257, time 478.55ms, mfu 1.73%
iter 5960: loss 1.1022, time 472.07ms, mfu 1.73%
iter 5970: loss 1.0796, time 471.48ms, mfu 1.73%
iter 5980: loss 1.0736, time 469.70ms, mfu 1.73%
iter 5990: loss 1.0403, time 473.81ms, mfu 1.73%
step 6000: train loss 0.9252, val loss 1.4968
saving checkpoint to /net/scratch2/junyuren/nanoGPT-manifold/out-phase2.5-qkv-mlp-adamw
iter 6000: loss 1.0639, time 5217.78ms, mfu 1.57%
iter 6010: loss 1.0683, time 475.51ms, mfu 1.59%
iter 6020: loss 1.0472, time 471.35ms, mfu 1.60%
iter 6030: loss 1.0447, time 476.65ms, mfu 1.61%
iter 6040: loss 1.0902, time 471.61ms, mfu 1.63%
iter 6050: loss 1.0469, time 471.81ms, mfu 1.64%
iter 6060: loss 1.0756, time 470.27ms, mfu 1.65%
iter 6070: loss 1.0747, time 474.52ms, mfu 1.65%
iter 6080: loss 1.0610, time 472.04ms, mfu 1.66%
iter 6090: loss 1.0587, time 473.67ms, mfu 1.67%
iter 6100: loss 1.0654, time 476.67ms, mfu 1.67%
iter 6110: loss 1.0568, time 467.74ms, mfu 1.68%
iter 6120: loss 1.0656, time 468.34ms, mfu 1.69%
iter 6130: loss 1.0526, time 469.73ms, mfu 1.69%
iter 6140: loss 1.0735, time 472.02ms, mfu 1.70%
iter 6150: loss 1.0341, time 471.05ms, mfu 1.70%
iter 6160: loss 1.0430, time 473.10ms, mfu 1.70%
iter 6170: loss 1.0438, time 470.86ms, mfu 1.71%
iter 6180: loss 1.0462, time 468.01ms, mfu 1.71%
iter 6190: loss 1.0357, time 473.90ms, mfu 1.71%
iter 6200: loss 1.0704, time 469.57ms, mfu 1.72%
iter 6210: loss 1.0412, time 470.50ms, mfu 1.72%
iter 6220: loss 1.0507, time 471.38ms, mfu 1.72%
iter 6230: loss 1.0848, time 469.51ms, mfu 1.72%
iter 6240: loss 1.0356, time 475.90ms, mfu 1.72%
iter 6250: loss 1.0443, time 471.63ms, mfu 1.72%
iter 6260: loss 1.0545, time 475.29ms, mfu 1.72%
iter 6270: loss 1.0544, time 471.49ms, mfu 1.73%
iter 6280: loss 1.0606, time 468.02ms, mfu 1.73%
iter 6290: loss 1.0890, time 472.35ms, mfu 1.73%
iter 6300: loss 1.0426, time 476.31ms, mfu 1.73%
iter 6310: loss 1.0507, time 473.39ms, mfu 1.73%
iter 6320: loss 1.0697, time 474.71ms, mfu 1.73%
iter 6330: loss 1.0491, time 472.24ms, mfu 1.73%
iter 6340: loss 1.0366, time 475.18ms, mfu 1.73%
iter 6350: loss 1.0421, time 475.24ms, mfu 1.73%
iter 6360: loss 1.0644, time 472.60ms, mfu 1.73%
iter 6370: loss 1.0327, time 468.81ms, mfu 1.73%
iter 6380: loss 1.0591, time 469.81ms, mfu 1.73%
iter 6390: loss 1.0358, time 467.43ms, mfu 1.73%
iter 6400: loss 1.0832, time 474.93ms, mfu 1.73%
iter 6410: loss 1.0287, time 472.51ms, mfu 1.73%
iter 6420: loss 1.0551, time 468.05ms, mfu 1.73%
iter 6430: loss 1.0347, time 467.63ms, mfu 1.74%
iter 6440: loss 1.0346, time 475.60ms, mfu 1.73%
iter 6450: loss 1.0533, time 471.73ms, mfu 1.73%
iter 6460: loss 1.0390, time 471.33ms, mfu 1.73%
iter 6470: loss 1.0090, time 471.41ms, mfu 1.73%
iter 6480: loss 1.0518, time 476.06ms, mfu 1.73%
iter 6490: loss 1.0307, time 478.29ms, mfu 1.73%
step 6500: train loss 0.8886, val loss 1.5151
saving checkpoint to /net/scratch2/junyuren/nanoGPT-manifold/out-phase2.5-qkv-mlp-adamw
iter 6500: loss 1.0387, time 5061.69ms, mfu 1.57%
iter 6510: loss 1.0376, time 472.08ms, mfu 1.59%
iter 6520: loss 1.0413, time 474.28ms, mfu 1.60%
iter 6530: loss 1.0429, time 479.04ms, mfu 1.61%
iter 6540: loss 1.0578, time 471.23ms, mfu 1.63%
iter 6550: loss 1.0508, time 473.00ms, mfu 1.64%
iter 6560: loss 1.0579, time 474.17ms, mfu 1.65%
iter 6570: loss 1.0473, time 473.08ms, mfu 1.65%
iter 6580: loss 1.0414, time 476.96ms, mfu 1.66%
iter 6590: loss 1.0435, time 473.53ms, mfu 1.67%
iter 6600: loss 1.0537, time 479.39ms, mfu 1.67%
iter 6610: loss 1.0426, time 477.44ms, mfu 1.68%
iter 6620: loss 1.0437, time 477.10ms, mfu 1.68%
iter 6630: loss 1.0458, time 471.24ms, mfu 1.69%
iter 6640: loss 1.0062, time 474.85ms, mfu 1.69%
iter 6650: loss 1.0223, time 477.59ms, mfu 1.69%
iter 6660: loss 1.0495, time 474.55ms, mfu 1.70%
iter 6670: loss 1.0256, time 472.33ms, mfu 1.70%
iter 6680: loss 1.0157, time 473.46ms, mfu 1.70%
iter 6690: loss 1.0311, time 476.19ms, mfu 1.70%
iter 6700: loss 1.0496, time 481.73ms, mfu 1.70%
iter 6710: loss 1.0304, time 474.01ms, mfu 1.71%
iter 6720: loss 1.0368, time 475.52ms, mfu 1.71%
iter 6730: loss 1.0305, time 480.07ms, mfu 1.71%
iter 6740: loss 1.0283, time 476.17ms, mfu 1.71%
iter 6750: loss 1.0100, time 476.42ms, mfu 1.71%
iter 6760: loss 1.0287, time 473.47ms, mfu 1.71%
iter 6770: loss 1.0266, time 474.22ms, mfu 1.71%
iter 6780: loss 1.0192, time 471.38ms, mfu 1.72%
iter 6790: loss 1.0301, time 474.49ms, mfu 1.72%
iter 6800: loss 1.0321, time 479.97ms, mfu 1.72%
iter 6810: loss 1.0458, time 468.62ms, mfu 1.72%
iter 6820: loss 1.0400, time 479.01ms, mfu 1.72%
iter 6830: loss 1.0044, time 472.12ms, mfu 1.72%
iter 6840: loss 0.9852, time 472.98ms, mfu 1.72%
iter 6850: loss 1.0240, time 470.80ms, mfu 1.72%
iter 6860: loss 1.0142, time 476.88ms, mfu 1.72%
iter 6870: loss 1.0309, time 475.80ms, mfu 1.72%
iter 6880: loss 1.0040, time 477.03ms, mfu 1.72%
iter 6890: loss 1.0138, time 475.99ms, mfu 1.72%
iter 6900: loss 1.0121, time 475.65ms, mfu 1.72%
iter 6910: loss 1.0339, time 474.78ms, mfu 1.72%
iter 6920: loss 1.0219, time 474.97ms, mfu 1.72%
iter 6930: loss 1.0265, time 475.68ms, mfu 1.72%
iter 6940: loss 1.0122, time 472.52ms, mfu 1.72%
iter 6950: loss 1.0045, time 477.01ms, mfu 1.72%
iter 6960: loss 1.0180, time 477.15ms, mfu 1.72%
iter 6970: loss 1.0151, time 474.35ms, mfu 1.72%
iter 6980: loss 1.0177, time 473.01ms, mfu 1.72%
iter 6990: loss 0.9966, time 474.22ms, mfu 1.72%
step 7000: train loss 0.8557, val loss 1.5232
saving checkpoint to /net/scratch2/junyuren/nanoGPT-manifold/out-phase2.5-qkv-mlp-adamw
iter 7000: loss 1.0194, time 5133.70ms, mfu 1.57%
iter 7010: loss 1.0289, time 475.24ms, mfu 1.58%
iter 7020: loss 0.9996, time 475.25ms, mfu 1.60%
iter 7030: loss 1.0059, time 475.37ms, mfu 1.61%
iter 7040: loss 0.9733, time 475.19ms, mfu 1.62%
iter 7050: loss 0.9954, time 477.17ms, mfu 1.63%
iter 7060: loss 1.0194, time 475.70ms, mfu 1.64%
iter 7070: loss 0.9901, time 473.97ms, mfu 1.65%
iter 7080: loss 1.0061, time 474.55ms, mfu 1.66%
iter 7090: loss 1.0167, time 476.32ms, mfu 1.66%
iter 7100: loss 0.9856, time 478.25ms, mfu 1.67%
iter 7110: loss 1.0164, time 472.09ms, mfu 1.67%
iter 7120: loss 1.0133, time 472.78ms, mfu 1.68%
iter 7130: loss 1.0038, time 473.47ms, mfu 1.68%
iter 7140: loss 1.0053, time 473.52ms, mfu 1.69%
iter 7150: loss 1.0088, time 471.86ms, mfu 1.69%
iter 7160: loss 1.0015, time 478.79ms, mfu 1.69%
iter 7170: loss 0.9876, time 474.19ms, mfu 1.70%
iter 7180: loss 1.0111, time 477.52ms, mfu 1.70%
iter 7190: loss 1.0042, time 474.54ms, mfu 1.70%
iter 7200: loss 1.0115, time 476.07ms, mfu 1.70%
iter 7210: loss 0.9916, time 477.03ms, mfu 1.71%
iter 7220: loss 1.0077, time 474.42ms, mfu 1.71%
iter 7230: loss 1.0035, time 476.96ms, mfu 1.71%
iter 7240: loss 1.0233, time 475.80ms, mfu 1.71%
iter 7250: loss 0.9887, time 473.07ms, mfu 1.71%
iter 7260: loss 0.9900, time 477.13ms, mfu 1.71%
iter 7270: loss 0.9791, time 477.15ms, mfu 1.71%
iter 7280: loss 1.0142, time 477.24ms, mfu 1.71%
iter 7290: loss 0.9754, time 476.00ms, mfu 1.71%
iter 7300: loss 0.9956, time 472.65ms, mfu 1.72%
iter 7310: loss 1.0201, time 472.47ms, mfu 1.72%
iter 7320: loss 1.0092, time 474.90ms, mfu 1.72%
iter 7330: loss 1.0134, time 474.45ms, mfu 1.72%
iter 7340: loss 0.9936, time 471.33ms, mfu 1.72%
iter 7350: loss 0.9932, time 473.73ms, mfu 1.72%
iter 7360: loss 0.9722, time 477.91ms, mfu 1.72%
iter 7370: loss 0.9885, time 478.04ms, mfu 1.72%
iter 7380: loss 0.9988, time 477.13ms, mfu 1.72%
iter 7390: loss 0.9699, time 474.95ms, mfu 1.72%
iter 7400: loss 1.0039, time 474.44ms, mfu 1.72%
iter 7410: loss 1.0196, time 475.26ms, mfu 1.72%
iter 7420: loss 1.0306, time 475.30ms, mfu 1.72%
iter 7430: loss 0.9867, time 475.25ms, mfu 1.72%
iter 7440: loss 0.9918, time 470.37ms, mfu 1.72%
iter 7450: loss 1.0040, time 473.46ms, mfu 1.72%
iter 7460: loss 1.0031, time 473.77ms, mfu 1.72%
iter 7470: loss 1.0028, time 475.53ms, mfu 1.72%
iter 7480: loss 0.9862, time 476.33ms, mfu 1.72%
iter 7490: loss 0.9820, time 468.70ms, mfu 1.73%
step 7500: train loss 0.8220, val loss 1.5373
saving checkpoint to /net/scratch2/junyuren/nanoGPT-manifold/out-phase2.5-qkv-mlp-adamw
iter 7500: loss 0.9932, time 5063.81ms, mfu 1.57%
iter 7510: loss 0.9823, time 474.92ms, mfu 1.58%
iter 7520: loss 0.9748, time 477.12ms, mfu 1.60%
iter 7530: loss 1.0077, time 473.92ms, mfu 1.61%
iter 7540: loss 0.9961, time 473.58ms, mfu 1.62%
iter 7550: loss 0.9962, time 471.29ms, mfu 1.63%
iter 7560: loss 1.0025, time 472.44ms, mfu 1.64%
iter 7570: loss 0.9895, time 473.12ms, mfu 1.65%
iter 7580: loss 0.9860, time 473.30ms, mfu 1.66%
iter 7590: loss 1.0106, time 477.49ms, mfu 1.67%
iter 7600: loss 1.0030, time 475.96ms, mfu 1.67%
iter 7610: loss 0.9774, time 475.93ms, mfu 1.68%
iter 7620: loss 0.9815, time 474.72ms, mfu 1.68%
iter 7630: loss 0.9658, time 486.29ms, mfu 1.68%
iter 7640: loss 0.9939, time 474.83ms, mfu 1.69%
iter 7650: loss 0.9765, time 477.18ms, mfu 1.69%
iter 7660: loss 0.9806, time 475.48ms, mfu 1.69%
iter 7670: loss 0.9685, time 475.32ms, mfu 1.69%
iter 7680: loss 0.9602, time 476.19ms, mfu 1.70%
iter 7690: loss 1.0136, time 476.71ms, mfu 1.70%
iter 7700: loss 0.9917, time 476.12ms, mfu 1.70%
iter 7710: loss 1.0021, time 477.04ms, mfu 1.70%
iter 7720: loss 0.9818, time 480.26ms, mfu 1.70%
iter 7730: loss 0.9933, time 481.86ms, mfu 1.70%
iter 7740: loss 0.9585, time 483.41ms, mfu 1.70%
iter 7750: loss 0.9724, time 480.63ms, mfu 1.70%
iter 7760: loss 0.9445, time 473.68ms, mfu 1.70%
iter 7770: loss 0.9580, time 477.04ms, mfu 1.71%
iter 7780: loss 0.9775, time 472.26ms, mfu 1.71%
iter 7790: loss 0.9782, time 478.21ms, mfu 1.71%
iter 7800: loss 0.9414, time 478.32ms, mfu 1.71%
iter 7810: loss 0.9681, time 477.61ms, mfu 1.71%
iter 7820: loss 0.9727, time 477.12ms, mfu 1.71%
iter 7830: loss 0.9785, time 478.11ms, mfu 1.71%
iter 7840: loss 0.9760, time 476.21ms, mfu 1.71%
iter 7850: loss 0.9775, time 476.61ms, mfu 1.71%
iter 7860: loss 0.9732, time 474.16ms, mfu 1.71%
iter 7870: loss 0.9972, time 479.04ms, mfu 1.71%
iter 7880: loss 0.9798, time 473.82ms, mfu 1.71%
iter 7890: loss 0.9674, time 475.11ms, mfu 1.72%
iter 7900: loss 0.9653, time 475.19ms, mfu 1.72%
iter 7910: loss 0.9587, time 479.45ms, mfu 1.72%
iter 7920: loss 0.9713, time 473.02ms, mfu 1.72%
iter 7930: loss 0.9610, time 477.47ms, mfu 1.72%
iter 7940: loss 0.9712, time 479.04ms, mfu 1.72%
iter 7950: loss 0.9566, time 476.96ms, mfu 1.72%
iter 7960: loss 0.9473, time 479.65ms, mfu 1.71%
iter 7970: loss 0.9605, time 479.37ms, mfu 1.71%
iter 7980: loss 0.9576, time 478.31ms, mfu 1.71%
iter 7990: loss 0.9636, time 478.05ms, mfu 1.71%
step 8000: train loss 0.7879, val loss 1.5606
saving checkpoint to /net/scratch2/junyuren/nanoGPT-manifold/out-phase2.5-qkv-mlp-adamw
iter 8000: loss 0.9771, time 5114.41ms, mfu 1.56%
iter 8010: loss 0.9919, time 477.39ms, mfu 1.57%
iter 8020: loss 0.9677, time 477.27ms, mfu 1.59%
iter 8030: loss 0.9723, time 478.21ms, mfu 1.60%
iter 8040: loss 0.9638, time 479.27ms, mfu 1.61%
iter 8050: loss 0.9713, time 477.48ms, mfu 1.62%
iter 8060: loss 0.9526, time 475.57ms, mfu 1.63%
iter 8070: loss 0.9791, time 475.54ms, mfu 1.64%
iter 8080: loss 0.9734, time 480.67ms, mfu 1.65%
iter 8090: loss 0.9633, time 478.77ms, mfu 1.65%
iter 8100: loss 0.9505, time 478.42ms, mfu 1.66%
iter 8110: loss 0.9592, time 476.10ms, mfu 1.66%
iter 8120: loss 0.9699, time 478.55ms, mfu 1.67%
iter 8130: loss 0.9659, time 482.03ms, mfu 1.67%
iter 8140: loss 0.9701, time 481.21ms, mfu 1.68%
iter 8150: loss 0.9667, time 481.64ms, mfu 1.68%
iter 8160: loss 0.9619, time 482.17ms, mfu 1.68%
iter 8170: loss 0.9568, time 484.30ms, mfu 1.68%
iter 8180: loss 0.9645, time 474.89ms, mfu 1.69%
iter 8190: loss 0.9501, time 481.27ms, mfu 1.69%
iter 8200: loss 0.9512, time 480.51ms, mfu 1.69%
iter 8210: loss 0.9366, time 481.17ms, mfu 1.69%
iter 8220: loss 0.9716, time 476.65ms, mfu 1.69%
iter 8230: loss 0.9150, time 474.43ms, mfu 1.70%
iter 8240: loss 0.9347, time 480.90ms, mfu 1.70%
iter 8250: loss 0.9521, time 480.68ms, mfu 1.70%
iter 8260: loss 0.9166, time 478.34ms, mfu 1.70%
iter 8270: loss 0.9576, time 479.21ms, mfu 1.70%
iter 8280: loss 0.9651, time 480.25ms, mfu 1.70%
iter 8290: loss 0.9388, time 474.82ms, mfu 1.70%
iter 8300: loss 0.9322, time 476.94ms, mfu 1.70%
iter 8310: loss 0.9341, time 475.95ms, mfu 1.71%
iter 8320: loss 0.9451, time 478.38ms, mfu 1.71%
iter 8330: loss 0.9458, time 478.88ms, mfu 1.71%
iter 8340: loss 0.9487, time 482.58ms, mfu 1.71%
iter 8350: loss 0.9877, time 476.85ms, mfu 1.71%
iter 8360: loss 0.9539, time 485.26ms, mfu 1.70%
iter 8370: loss 0.9670, time 478.60ms, mfu 1.71%
iter 8380: loss 0.9177, time 477.89ms, mfu 1.71%
iter 8390: loss 0.9546, time 479.03ms, mfu 1.71%
iter 8400: loss 0.9283, time 480.29ms, mfu 1.71%
iter 8410: loss 0.9596, time 478.90ms, mfu 1.71%
iter 8420: loss 0.9363, time 477.26ms, mfu 1.71%
iter 8430: loss 0.9480, time 483.43ms, mfu 1.71%
iter 8440: loss 0.9936, time 480.54ms, mfu 1.71%
iter 8450: loss 0.9139, time 478.61ms, mfu 1.71%
iter 8460: loss 0.9311, time 478.95ms, mfu 1.71%
iter 8470: loss 0.9576, time 483.91ms, mfu 1.70%
iter 8480: loss 0.9422, time 480.65ms, mfu 1.70%
iter 8490: loss 0.9485, time 472.97ms, mfu 1.71%
step 8500: train loss 0.7536, val loss 1.5926
saving checkpoint to /net/scratch2/junyuren/nanoGPT-manifold/out-phase2.5-qkv-mlp-adamw
iter 8500: loss 0.9488, time 5112.73ms, mfu 1.55%
iter 8510: loss 0.9213, time 481.62ms, mfu 1.57%
iter 8520: loss 0.9336, time 478.29ms, mfu 1.58%
iter 8530: loss 0.9260, time 480.32ms, mfu 1.59%
iter 8540: loss 0.9211, time 479.53ms, mfu 1.61%
iter 8550: loss 0.9287, time 482.80ms, mfu 1.61%
iter 8560: loss 0.9244, time 484.33ms, mfu 1.62%
iter 8570: loss 0.9340, time 479.55ms, mfu 1.63%
iter 8580: loss 0.9192, time 478.91ms, mfu 1.64%
iter 8590: loss 0.9125, time 475.38ms, mfu 1.65%
iter 8600: loss 0.9386, time 478.95ms, mfu 1.65%
iter 8610: loss 0.9272, time 475.23ms, mfu 1.66%
iter 8620: loss 0.9418, time 477.73ms, mfu 1.67%
iter 8630: loss 0.9040, time 476.18ms, mfu 1.67%
iter 8640: loss 0.9164, time 476.50ms, mfu 1.68%
iter 8650: loss 0.9376, time 482.52ms, mfu 1.68%
iter 8660: loss 0.9472, time 478.56ms, mfu 1.68%
iter 8670: loss 0.9153, time 482.23ms, mfu 1.68%
iter 8680: loss 0.9060, time 479.94ms, mfu 1.68%
iter 8690: loss 0.9486, time 477.95ms, mfu 1.69%
iter 8700: loss 0.9403, time 479.95ms, mfu 1.69%
iter 8710: loss 0.9425, time 475.78ms, mfu 1.69%
iter 8720: loss 0.9283, time 480.12ms, mfu 1.69%
iter 8730: loss 0.9284, time 486.32ms, mfu 1.69%
iter 8740: loss 0.9142, time 482.71ms, mfu 1.69%
iter 8750: loss 0.9380, time 478.74ms, mfu 1.69%
iter 8760: loss 0.9176, time 482.09ms, mfu 1.70%
iter 8770: loss 0.9318, time 479.62ms, mfu 1.70%
iter 8780: loss 0.9126, time 481.17ms, mfu 1.70%
iter 8790: loss 0.9151, time 482.43ms, mfu 1.70%
iter 8800: loss 0.9369, time 481.86ms, mfu 1.70%
iter 8810: loss 0.9160, time 485.57ms, mfu 1.70%
iter 8820: loss 0.9318, time 482.18ms, mfu 1.70%
iter 8830: loss 0.9379, time 481.47ms, mfu 1.70%
iter 8840: loss 0.9241, time 483.70ms, mfu 1.70%
iter 8850: loss 0.9549, time 483.87ms, mfu 1.70%
iter 8860: loss 0.9264, time 486.16ms, mfu 1.69%
iter 8870: loss 0.9174, time 479.16ms, mfu 1.70%
iter 8880: loss 0.9319, time 481.95ms, mfu 1.70%
iter 8890: loss 0.9076, time 486.44ms, mfu 1.69%
iter 8900: loss 0.9015, time 485.90ms, mfu 1.69%
iter 8910: loss 0.9490, time 482.56ms, mfu 1.69%
iter 8920: loss 0.9405, time 480.77ms, mfu 1.69%
iter 8930: loss 0.9087, time 482.79ms, mfu 1.70%
iter 8940: loss 0.9249, time 480.91ms, mfu 1.70%
iter 8950: loss 0.9368, time 483.90ms, mfu 1.70%
iter 8960: loss 0.9221, time 481.46ms, mfu 1.70%
iter 8970: loss 0.9077, time 481.91ms, mfu 1.70%
iter 8980: loss 0.9229, time 479.62ms, mfu 1.70%
iter 8990: loss 0.9237, time 476.87ms, mfu 1.70%
step 9000: train loss 0.7219, val loss 1.6042
saving checkpoint to /net/scratch2/junyuren/nanoGPT-manifold/out-phase2.5-qkv-mlp-adamw
iter 9000: loss 0.9280, time 5142.61ms, mfu 1.55%
iter 9010: loss 0.9080, time 480.87ms, mfu 1.56%
iter 9020: loss 0.9215, time 482.25ms, mfu 1.57%
iter 9030: loss 0.9188, time 485.51ms, mfu 1.59%
iter 9040: loss 0.9218, time 483.32ms, mfu 1.60%
iter 9050: loss 0.9060, time 481.52ms, mfu 1.61%
iter 9060: loss 0.8979, time 481.71ms, mfu 1.62%
iter 9070: loss 0.9189, time 483.71ms, mfu 1.62%
iter 9080: loss 0.8762, time 486.66ms, mfu 1.63%
iter 9090: loss 0.8987, time 486.83ms, mfu 1.63%
iter 9100: loss 0.9235, time 484.04ms, mfu 1.64%
iter 9110: loss 0.9346, time 485.13ms, mfu 1.65%
iter 9120: loss 0.9116, time 484.71ms, mfu 1.65%
iter 9130: loss 0.8842, time 484.52ms, mfu 1.65%
iter 9140: loss 0.8875, time 479.12ms, mfu 1.66%
iter 9150: loss 0.8941, time 482.80ms, mfu 1.66%
iter 9160: loss 0.9059, time 482.12ms, mfu 1.67%
iter 9170: loss 0.9100, time 478.85ms, mfu 1.67%
iter 9180: loss 0.9007, time 482.71ms, mfu 1.67%
iter 9190: loss 0.9283, time 487.92ms, mfu 1.67%
iter 9200: loss 0.9336, time 478.14ms, mfu 1.68%
iter 9210: loss 0.9094, time 485.60ms, mfu 1.68%
iter 9220: loss 0.8984, time 480.82ms, mfu 1.68%
iter 9230: loss 0.8929, time 485.03ms, mfu 1.68%
iter 9240: loss 0.9067, time 481.59ms, mfu 1.68%
iter 9250: loss 0.9224, time 486.78ms, mfu 1.68%
iter 9260: loss 0.8971, time 483.65ms, mfu 1.68%
iter 9270: loss 0.8989, time 483.64ms, mfu 1.68%
iter 9280: loss 0.9417, time 482.18ms, mfu 1.69%
iter 9290: loss 0.9012, time 482.22ms, mfu 1.69%
iter 9300: loss 0.9044, time 482.83ms, mfu 1.69%
iter 9310: loss 0.9306, time 484.35ms, mfu 1.69%
iter 9320: loss 0.9049, time 485.58ms, mfu 1.69%
iter 9330: loss 0.9036, time 485.64ms, mfu 1.69%
iter 9340: loss 0.9285, time 484.90ms, mfu 1.69%
iter 9350: loss 0.9041, time 482.18ms, mfu 1.69%
iter 9360: loss 0.8988, time 481.39ms, mfu 1.69%
iter 9370: loss 0.8876, time 482.69ms, mfu 1.69%
iter 9380: loss 0.9302, time 483.74ms, mfu 1.69%
iter 9390: loss 0.9075, time 484.06ms, mfu 1.69%
iter 9400: loss 0.8631, time 484.18ms, mfu 1.69%
iter 9410: loss 0.9092, time 482.08ms, mfu 1.69%
iter 9420: loss 0.9034, time 483.57ms, mfu 1.69%
iter 9430: loss 0.8916, time 485.95ms, mfu 1.69%
iter 9440: loss 0.9058, time 485.26ms, mfu 1.69%
iter 9450: loss 0.9138, time 484.04ms, mfu 1.69%
iter 9460: loss 0.8706, time 480.25ms, mfu 1.69%
iter 9470: loss 0.9098, time 482.76ms, mfu 1.69%
iter 9480: loss 0.9121, time 486.44ms, mfu 1.69%
iter 9490: loss 0.8809, time 486.63ms, mfu 1.69%
step 9500: train loss 0.6913, val loss 1.6233
saving checkpoint to /net/scratch2/junyuren/nanoGPT-manifold/out-phase2.5-qkv-mlp-adamw
iter 9500: loss 0.9076, time 5140.97ms, mfu 1.54%
iter 9510: loss 0.8859, time 484.54ms, mfu 1.55%
iter 9520: loss 0.8993, time 486.85ms, mfu 1.57%
iter 9530: loss 0.8786, time 487.27ms, mfu 1.58%
iter 9540: loss 0.9107, time 487.22ms, mfu 1.59%
iter 9550: loss 0.8840, time 484.50ms, mfu 1.60%
iter 9560: loss 0.8979, time 482.75ms, mfu 1.61%
iter 9570: loss 0.8931, time 482.36ms, mfu 1.62%
iter 9580: loss 0.8891, time 486.33ms, mfu 1.62%
iter 9590: loss 0.8994, time 487.03ms, mfu 1.63%
iter 9600: loss 0.9111, time 486.49ms, mfu 1.63%
iter 9610: loss 0.8950, time 482.97ms, mfu 1.64%
iter 9620: loss 0.8836, time 481.08ms, mfu 1.65%
iter 9630: loss 0.8891, time 480.46ms, mfu 1.65%
iter 9640: loss 0.8858, time 483.68ms, mfu 1.66%
iter 9650: loss 0.8946, time 483.60ms, mfu 1.66%
iter 9660: loss 0.8946, time 484.20ms, mfu 1.66%
iter 9670: loss 0.9027, time 484.43ms, mfu 1.67%
iter 9680: loss 0.8916, time 482.97ms, mfu 1.67%
iter 9690: loss 0.8787, time 485.39ms, mfu 1.67%
iter 9700: loss 0.8819, time 484.94ms, mfu 1.67%
iter 9710: loss 0.8691, time 483.82ms, mfu 1.67%
iter 9720: loss 0.9082, time 482.63ms, mfu 1.68%
iter 9730: loss 0.8678, time 480.41ms, mfu 1.68%
iter 9740: loss 0.8893, time 483.98ms, mfu 1.68%
iter 9750: loss 0.8994, time 484.58ms, mfu 1.68%
iter 9760: loss 0.9030, time 484.68ms, mfu 1.68%
iter 9770: loss 0.8763, time 481.06ms, mfu 1.68%
iter 9780: loss 0.8831, time 485.81ms, mfu 1.68%
iter 9790: loss 0.8815, time 482.77ms, mfu 1.69%
iter 9800: loss 0.8933, time 483.43ms, mfu 1.69%
iter 9810: loss 0.8817, time 484.23ms, mfu 1.69%
iter 9820: loss 0.8607, time 487.07ms, mfu 1.69%
iter 9830: loss 0.8876, time 485.71ms, mfu 1.69%
iter 9840: loss 0.8820, time 486.73ms, mfu 1.69%
iter 9850: loss 0.8902, time 484.79ms, mfu 1.69%
iter 9860: loss 0.8940, time 485.40ms, mfu 1.69%
iter 9870: loss 0.8726, time 483.74ms, mfu 1.69%
iter 9880: loss 0.8784, time 484.66ms, mfu 1.69%
iter 9890: loss 0.8634, time 484.25ms, mfu 1.69%
iter 9900: loss 0.8821, time 481.81ms, mfu 1.69%
iter 9910: loss 0.8876, time 481.24ms, mfu 1.69%
iter 9920: loss 0.8787, time 487.16ms, mfu 1.69%
iter 9930: loss 0.8620, time 485.03ms, mfu 1.69%
iter 9940: loss 0.9032, time 484.66ms, mfu 1.69%
iter 9950: loss 0.8545, time 478.34ms, mfu 1.69%
iter 9960: loss 0.8855, time 481.73ms, mfu 1.69%
iter 9970: loss 0.8970, time 486.48ms, mfu 1.69%
iter 9980: loss 0.8854, time 483.23ms, mfu 1.69%
iter 9990: loss 0.8696, time 484.45ms, mfu 1.69%
step 10000: train loss 0.6633, val loss 1.6396
saving checkpoint to /net/scratch2/junyuren/nanoGPT-manifold/out-phase2.5-qkv-mlp-adamw
iter 10000: loss 0.8616, time 5057.96ms, mfu 1.54%
iter 10010: loss 0.8785, time 485.55ms, mfu 1.55%
iter 10020: loss 0.8936, time 481.44ms, mfu 1.57%
iter 10030: loss 0.8541, time 481.26ms, mfu 1.58%
iter 10040: loss 0.8586, time 489.12ms, mfu 1.59%
iter 10050: loss 0.8764, time 485.29ms, mfu 1.60%
iter 10060: loss 0.8627, time 483.59ms, mfu 1.61%
iter 10070: loss 0.8756, time 486.99ms, mfu 1.62%
iter 10080: loss 0.8715, time 484.87ms, mfu 1.62%
iter 10090: loss 0.8558, time 487.73ms, mfu 1.63%
iter 10100: loss 0.8621, time 485.22ms, mfu 1.63%
iter 10110: loss 0.8812, time 485.90ms, mfu 1.64%
iter 10120: loss 0.8809, time 485.59ms, mfu 1.64%
iter 10130: loss 0.8847, time 484.84ms, mfu 1.65%
iter 10140: loss 0.8651, time 485.81ms, mfu 1.65%
iter 10150: loss 0.8765, time 487.48ms, mfu 1.66%
iter 10160: loss 0.8617, time 485.37ms, mfu 1.66%
iter 10170: loss 0.8484, time 482.53ms, mfu 1.66%
iter 10180: loss 0.8566, time 488.22ms, mfu 1.66%
iter 10190: loss 0.8617, time 483.83ms, mfu 1.67%
iter 10200: loss 0.8633, time 485.61ms, mfu 1.67%
iter 10210: loss 0.8784, time 481.11ms, mfu 1.67%
iter 10220: loss 0.8570, time 485.84ms, mfu 1.67%
iter 10230: loss 0.8659, time 485.75ms, mfu 1.67%
iter 10240: loss 0.8770, time 484.36ms, mfu 1.68%
iter 10250: loss 0.8652, time 483.15ms, mfu 1.68%
iter 10260: loss 0.8397, time 483.39ms, mfu 1.68%
iter 10270: loss 0.8587, time 483.63ms, mfu 1.68%
iter 10280: loss 0.8747, time 487.44ms, mfu 1.68%
iter 10290: loss 0.8637, time 484.12ms, mfu 1.68%
iter 10300: loss 0.8670, time 481.64ms, mfu 1.68%
iter 10310: loss 0.8849, time 484.57ms, mfu 1.68%
iter 10320: loss 0.8580, time 488.58ms, mfu 1.68%
iter 10330: loss 0.8654, time 483.18ms, mfu 1.68%
iter 10340: loss 0.8707, time 484.58ms, mfu 1.68%
iter 10350: loss 0.8586, time 485.71ms, mfu 1.68%
iter 10360: loss 0.8547, time 489.47ms, mfu 1.68%
iter 10370: loss 0.8728, time 489.35ms, mfu 1.68%
iter 10380: loss 0.8640, time 488.76ms, mfu 1.68%
iter 10390: loss 0.8552, time 487.18ms, mfu 1.68%
iter 10400: loss 0.8664, time 484.63ms, mfu 1.68%
iter 10410: loss 0.8281, time 484.63ms, mfu 1.68%
iter 10420: loss 0.8778, time 483.24ms, mfu 1.68%
iter 10430: loss 0.8533, time 488.09ms, mfu 1.68%
iter 10440: loss 0.8397, time 485.48ms, mfu 1.68%
iter 10450: loss 0.8689, time 484.12ms, mfu 1.68%
iter 10460: loss 0.8387, time 485.65ms, mfu 1.68%
iter 10470: loss 0.8670, time 487.86ms, mfu 1.68%
iter 10480: loss 0.8629, time 487.98ms, mfu 1.68%
iter 10490: loss 0.8639, time 484.78ms, mfu 1.68%
step 10500: train loss 0.6349, val loss 1.6582
saving checkpoint to /net/scratch2/junyuren/nanoGPT-manifold/out-phase2.5-qkv-mlp-adamw
iter 10500: loss 0.8589, time 5093.26ms, mfu 1.53%
iter 10510: loss 0.8274, time 488.58ms, mfu 1.55%
iter 10520: loss 0.8457, time 486.21ms, mfu 1.56%
iter 10530: loss 0.8373, time 487.09ms, mfu 1.57%
iter 10540: loss 0.8597, time 486.90ms, mfu 1.58%
iter 10550: loss 0.8647, time 488.31ms, mfu 1.59%
iter 10560: loss 0.8534, time 489.65ms, mfu 1.60%
iter 10570: loss 0.8487, time 488.64ms, mfu 1.61%
iter 10580: loss 0.8313, time 488.21ms, mfu 1.61%
iter 10590: loss 0.8674, time 486.65ms, mfu 1.62%
iter 10600: loss 0.8434, time 489.75ms, mfu 1.63%
iter 10610: loss 0.8447, time 492.78ms, mfu 1.63%
iter 10620: loss 0.8632, time 483.97ms, mfu 1.64%
iter 10630: loss 0.8637, time 490.43ms, mfu 1.64%
iter 10640: loss 0.8496, time 491.46ms, mfu 1.64%
iter 10650: loss 0.8646, time 489.36ms, mfu 1.65%
iter 10660: loss 0.8339, time 488.87ms, mfu 1.65%
iter 10670: loss 0.8484, time 485.56ms, mfu 1.65%
iter 10680: loss 0.8498, time 490.42ms, mfu 1.65%
iter 10690: loss 0.8710, time 486.11ms, mfu 1.66%
iter 10700: loss 0.8583, time 488.15ms, mfu 1.66%
iter 10710: loss 0.8560, time 487.46ms, mfu 1.66%
iter 10720: loss 0.8623, time 484.40ms, mfu 1.66%
iter 10730: loss 0.8391, time 487.61ms, mfu 1.67%
iter 10740: loss 0.8671, time 489.81ms, mfu 1.67%
iter 10750: loss 0.8388, time 488.30ms, mfu 1.67%
iter 10760: loss 0.8338, time 488.38ms, mfu 1.67%
iter 10770: loss 0.8541, time 487.87ms, mfu 1.67%
iter 10780: loss 0.8528, time 488.36ms, mfu 1.67%
iter 10790: loss 0.8562, time 486.37ms, mfu 1.67%
iter 10800: loss 0.8677, time 489.75ms, mfu 1.67%
iter 10810: loss 0.8415, time 488.39ms, mfu 1.67%
iter 10820: loss 0.8216, time 487.99ms, mfu 1.67%
iter 10830: loss 0.8467, time 489.34ms, mfu 1.67%
iter 10840: loss 0.8432, time 488.62ms, mfu 1.67%
iter 10850: loss 0.8470, time 489.95ms, mfu 1.67%
iter 10860: loss 0.8396, time 487.69ms, mfu 1.67%
iter 10870: loss 0.8294, time 489.38ms, mfu 1.67%
iter 10880: loss 0.8167, time 488.16ms, mfu 1.67%
iter 10890: loss 0.8618, time 488.28ms, mfu 1.67%
iter 10900: loss 0.8387, time 486.99ms, mfu 1.67%
iter 10910: loss 0.8501, time 489.14ms, mfu 1.67%
iter 10920: loss 0.8495, time 485.84ms, mfu 1.68%
iter 10930: loss 0.8474, time 488.40ms, mfu 1.68%
iter 10940: loss 0.8479, time 486.64ms, mfu 1.68%
iter 10950: loss 0.8319, time 492.05ms, mfu 1.67%
iter 10960: loss 0.8245, time 487.31ms, mfu 1.68%
iter 10970: loss 0.8342, time 490.40ms, mfu 1.67%
iter 10980: loss 0.8367, time 487.73ms, mfu 1.68%
iter 10990: loss 0.8228, time 488.88ms, mfu 1.68%
step 11000: train loss 0.6109, val loss 1.6772
saving checkpoint to /net/scratch2/junyuren/nanoGPT-manifold/out-phase2.5-qkv-mlp-adamw
iter 11000: loss 0.8344, time 5076.83ms, mfu 1.52%
iter 11010: loss 0.8380, time 485.28ms, mfu 1.54%
iter 11020: loss 0.8531, time 490.59ms, mfu 1.55%
iter 11030: loss 0.8254, time 488.73ms, mfu 1.57%
iter 11040: loss 0.8427, time 487.62ms, mfu 1.58%
iter 11050: loss 0.8410, time 489.10ms, mfu 1.59%
iter 11060: loss 0.8445, time 488.92ms, mfu 1.60%
iter 11070: loss 0.8438, time 488.15ms, mfu 1.60%
iter 11080: loss 0.8222, time 489.83ms, mfu 1.61%
iter 11090: loss 0.8264, time 488.27ms, mfu 1.62%
iter 11100: loss 0.8118, time 488.05ms, mfu 1.62%
iter 11110: loss 0.8303, time 490.58ms, mfu 1.63%
iter 11120: loss 0.8373, time 489.08ms, mfu 1.63%
iter 11130: loss 0.8597, time 488.88ms, mfu 1.64%
iter 11140: loss 0.8148, time 490.91ms, mfu 1.64%
iter 11150: loss 0.8504, time 493.12ms, mfu 1.64%
iter 11160: loss 0.8539, time 490.42ms, mfu 1.64%
iter 11170: loss 0.8283, time 486.43ms, mfu 1.65%
iter 11180: loss 0.8017, time 487.86ms, mfu 1.65%
iter 11190: loss 0.8281, time 491.87ms, mfu 1.65%
iter 11200: loss 0.8126, time 491.49ms, mfu 1.65%
iter 11210: loss 0.8406, time 488.48ms, mfu 1.66%
iter 11220: loss 0.8305, time 487.74ms, mfu 1.66%
iter 11230: loss 0.8339, time 489.06ms, mfu 1.66%
iter 11240: loss 0.8568, time 490.30ms, mfu 1.66%
iter 11250: loss 0.8214, time 489.38ms, mfu 1.66%
iter 11260: loss 0.8193, time 487.31ms, mfu 1.66%
iter 11270: loss 0.8388, time 489.88ms, mfu 1.66%
iter 11280: loss 0.8513, time 491.08ms, mfu 1.66%
iter 11290: loss 0.8027, time 491.72ms, mfu 1.66%
iter 11300: loss 0.8407, time 496.12ms, mfu 1.66%
iter 11310: loss 0.8325, time 490.81ms, mfu 1.66%
iter 11320: loss 0.8448, time 490.51ms, mfu 1.66%
iter 11330: loss 0.7966, time 493.47ms, mfu 1.66%
iter 11340: loss 0.8362, time 487.96ms, mfu 1.67%
iter 11350: loss 0.8286, time 496.20ms, mfu 1.66%
iter 11360: loss 0.8224, time 489.02ms, mfu 1.66%
iter 11370: loss 0.8209, time 493.72ms, mfu 1.66%
iter 11380: loss 0.8298, time 487.79ms, mfu 1.67%
iter 11390: loss 0.8189, time 491.28ms, mfu 1.67%
iter 11400: loss 0.8054, time 492.62ms, mfu 1.67%
iter 11410: loss 0.8210, time 491.09ms, mfu 1.67%
iter 11420: loss 0.8034, time 492.99ms, mfu 1.66%
iter 11430: loss 0.8128, time 486.90ms, mfu 1.67%
iter 11440: loss 0.8283, time 489.43ms, mfu 1.67%
iter 11450: loss 0.8269, time 488.62ms, mfu 1.67%
iter 11460: loss 0.8093, time 490.53ms, mfu 1.67%
iter 11470: loss 0.8291, time 488.24ms, mfu 1.67%
iter 11480: loss 0.8275, time 491.06ms, mfu 1.67%
iter 11490: loss 0.8426, time 490.01ms, mfu 1.67%
step 11500: train loss 0.5865, val loss 1.6935
saving checkpoint to /net/scratch2/junyuren/nanoGPT-manifold/out-phase2.5-qkv-mlp-adamw
iter 11500: loss 0.8090, time 5084.83ms, mfu 1.52%
iter 11510: loss 0.7967, time 492.49ms, mfu 1.53%
iter 11520: loss 0.8132, time 487.54ms, mfu 1.55%
iter 11530: loss 0.8342, time 493.04ms, mfu 1.56%
iter 11540: loss 0.8178, time 493.44ms, mfu 1.57%
iter 11550: loss 0.8162, time 487.48ms, mfu 1.58%
iter 11560: loss 0.8191, time 491.31ms, mfu 1.59%
iter 11570: loss 0.8376, time 488.05ms, mfu 1.60%
iter 11580: loss 0.8142, time 489.78ms, mfu 1.60%
iter 11590: loss 0.8203, time 491.43ms, mfu 1.61%
iter 11600: loss 0.8085, time 493.10ms, mfu 1.62%
iter 11610: loss 0.8113, time 486.97ms, mfu 1.62%
iter 11620: loss 0.8108, time 485.51ms, mfu 1.63%
iter 11630: loss 0.8116, time 489.53ms, mfu 1.63%
iter 11640: loss 0.8187, time 491.63ms, mfu 1.64%
iter 11650: loss 0.8230, time 495.21ms, mfu 1.64%
iter 11660: loss 0.8288, time 490.24ms, mfu 1.64%
iter 11670: loss 0.8131, time 492.49ms, mfu 1.64%
iter 11680: loss 0.8116, time 496.88ms, mfu 1.64%
iter 11690: loss 0.8113, time 488.95ms, mfu 1.65%
iter 11700: loss 0.8135, time 491.24ms, mfu 1.65%
iter 11710: loss 0.8091, time 491.79ms, mfu 1.65%
iter 11720: loss 0.8236, time 494.31ms, mfu 1.65%
iter 11730: loss 0.8190, time 499.55ms, mfu 1.65%
iter 11740: loss 0.8231, time 490.85ms, mfu 1.65%
iter 11750: loss 0.8387, time 494.65ms, mfu 1.65%
iter 11760: loss 0.8081, time 494.44ms, mfu 1.65%
iter 11770: loss 0.8081, time 491.48ms, mfu 1.65%
iter 11780: loss 0.8191, time 499.99ms, mfu 1.65%
iter 11790: loss 0.7988, time 493.81ms, mfu 1.65%
iter 11800: loss 0.8064, time 491.43ms, mfu 1.65%
iter 11810: loss 0.8110, time 489.78ms, mfu 1.66%
iter 11820: loss 0.8012, time 498.39ms, mfu 1.65%
iter 11830: loss 0.8355, time 493.06ms, mfu 1.65%
iter 11840: loss 0.8096, time 493.02ms, mfu 1.66%
iter 11850: loss 0.8169, time 492.18ms, mfu 1.66%
iter 11860: loss 0.8190, time 493.43ms, mfu 1.66%
iter 11870: loss 0.8119, time 494.21ms, mfu 1.66%
iter 11880: loss 0.8088, time 492.07ms, mfu 1.66%
iter 11890: loss 0.8069, time 491.68ms, mfu 1.66%
iter 11900: loss 0.8012, time 492.29ms, mfu 1.66%
iter 11910: loss 0.8055, time 496.09ms, mfu 1.66%
iter 11920: loss 0.8269, time 493.55ms, mfu 1.66%
iter 11930: loss 0.8152, time 499.39ms, mfu 1.66%
iter 11940: loss 0.7994, time 496.72ms, mfu 1.66%
iter 11950: loss 0.7818, time 490.01ms, mfu 1.66%
iter 11960: loss 0.7845, time 492.06ms, mfu 1.66%
iter 11970: loss 0.7881, time 491.87ms, mfu 1.66%
iter 11980: loss 0.8139, time 486.24ms, mfu 1.66%
iter 11990: loss 0.7959, time 496.49ms, mfu 1.66%
step 12000: train loss 0.5659, val loss 1.7109
saving checkpoint to /net/scratch2/junyuren/nanoGPT-manifold/out-phase2.5-qkv-mlp-adamw
iter 12000: loss 0.7976, time 5080.38ms, mfu 1.51%
iter 12010: loss 0.8239, time 495.05ms, mfu 1.52%
iter 12020: loss 0.8019, time 492.66ms, mfu 1.54%
iter 12030: loss 0.7955, time 490.53ms, mfu 1.55%
iter 12040: loss 0.7993, time 492.82ms, mfu 1.56%
iter 12050: loss 0.8096, time 495.75ms, mfu 1.57%
iter 12060: loss 0.8150, time 492.03ms, mfu 1.58%
iter 12070: loss 0.8092, time 493.94ms, mfu 1.59%
iter 12080: loss 0.8138, time 494.64ms, mfu 1.59%
iter 12090: loss 0.8223, time 493.02ms, mfu 1.60%
iter 12100: loss 0.8009, time 494.99ms, mfu 1.61%
iter 12110: loss 0.8029, time 493.78ms, mfu 1.61%
iter 12120: loss 0.7903, time 494.29ms, mfu 1.62%
iter 12130: loss 0.8078, time 491.45ms, mfu 1.62%
iter 12140: loss 0.7941, time 490.61ms, mfu 1.63%
iter 12150: loss 0.7935, time 495.47ms, mfu 1.63%
iter 12160: loss 0.7981, time 492.62ms, mfu 1.63%
iter 12170: loss 0.7999, time 490.82ms, mfu 1.64%
iter 12180: loss 0.7963, time 492.47ms, mfu 1.64%
iter 12190: loss 0.8076, time 493.20ms, mfu 1.64%
iter 12200: loss 0.7834, time 491.83ms, mfu 1.64%
iter 12210: loss 0.7825, time 493.41ms, mfu 1.64%
iter 12220: loss 0.8166, time 495.02ms, mfu 1.65%
iter 12230: loss 0.7900, time 492.25ms, mfu 1.65%
iter 12240: loss 0.7997, time 495.22ms, mfu 1.65%
iter 12250: loss 0.7820, time 492.84ms, mfu 1.65%
iter 12260: loss 0.7894, time 490.90ms, mfu 1.65%
iter 12270: loss 0.7888, time 493.56ms, mfu 1.65%
iter 12280: loss 0.7921, time 493.00ms, mfu 1.65%
iter 12290: loss 0.7816, time 498.25ms, mfu 1.65%
iter 12300: loss 0.7909, time 495.77ms, mfu 1.65%
iter 12310: loss 0.7799, time 491.93ms, mfu 1.65%
iter 12320: loss 0.7829, time 499.03ms, mfu 1.65%
iter 12330: loss 0.7970, time 493.59ms, mfu 1.65%
iter 12340: loss 0.7967, time 494.13ms, mfu 1.65%
iter 12350: loss 0.7653, time 492.62ms, mfu 1.65%
iter 12360: loss 0.7863, time 487.72ms, mfu 1.66%
iter 12370: loss 0.7915, time 496.04ms, mfu 1.66%
iter 12380: loss 0.7852, time 495.60ms, mfu 1.66%
iter 12390: loss 0.7989, time 499.05ms, mfu 1.65%
iter 12400: loss 0.7852, time 495.92ms, mfu 1.65%
iter 12410: loss 0.8009, time 495.11ms, mfu 1.65%
iter 12420: loss 0.7850, time 495.13ms, mfu 1.65%
iter 12430: loss 0.7967, time 493.30ms, mfu 1.65%
iter 12440: loss 0.8002, time 492.78ms, mfu 1.65%
iter 12450: loss 0.7713, time 492.89ms, mfu 1.66%
iter 12460: loss 0.7945, time 496.96ms, mfu 1.65%
iter 12470: loss 0.8058, time 493.70ms, mfu 1.65%
iter 12480: loss 0.7646, time 499.21ms, mfu 1.65%
iter 12490: loss 0.8029, time 493.95ms, mfu 1.65%
step 12500: train loss 0.5441, val loss 1.7321
saving checkpoint to /net/scratch2/junyuren/nanoGPT-manifold/out-phase2.5-qkv-mlp-adamw
iter 12500: loss 0.7895, time 5063.06ms, mfu 1.50%
iter 12510: loss 0.8066, time 491.15ms, mfu 1.52%
iter 12520: loss 0.8104, time 496.51ms, mfu 1.53%
iter 12530: loss 0.8028, time 491.89ms, mfu 1.55%
iter 12540: loss 0.7707, time 490.74ms, mfu 1.56%
iter 12550: loss 0.8019, time 496.05ms, mfu 1.57%
iter 12560: loss 0.7733, time 498.26ms, mfu 1.58%
iter 12570: loss 0.7811, time 496.53ms, mfu 1.58%
iter 12580: loss 0.7830, time 492.30ms, mfu 1.59%
iter 12590: loss 0.7998, time 495.43ms, mfu 1.60%
iter 12600: loss 0.7620, time 497.17ms, mfu 1.60%
iter 12610: loss 0.7858, time 497.80ms, mfu 1.61%
iter 12620: loss 0.7827, time 497.76ms, mfu 1.61%
iter 12630: loss 0.7907, time 496.57ms, mfu 1.61%
iter 12640: loss 0.7920, time 492.38ms, mfu 1.62%
iter 12650: loss 0.7799, time 494.43ms, mfu 1.62%
iter 12660: loss 0.7779, time 496.14ms, mfu 1.63%
iter 12670: loss 0.7834, time 501.12ms, mfu 1.63%
iter 12680: loss 0.8026, time 494.50ms, mfu 1.63%
iter 12690: loss 0.7566, time 497.30ms, mfu 1.63%
iter 12700: loss 0.7824, time 491.29ms, mfu 1.63%
iter 12710: loss 0.8028, time 501.13ms, mfu 1.63%
iter 12720: loss 0.7875, time 496.85ms, mfu 1.64%
iter 12730: loss 0.7775, time 495.29ms, mfu 1.64%
iter 12740: loss 0.7917, time 496.97ms, mfu 1.64%
iter 12750: loss 0.7751, time 492.54ms, mfu 1.64%
iter 12760: loss 0.7732, time 496.02ms, mfu 1.64%
iter 12770: loss 0.7713, time 495.22ms, mfu 1.64%
iter 12780: loss 0.7922, time 495.04ms, mfu 1.64%
iter 12790: loss 0.8017, time 494.60ms, mfu 1.64%
iter 12800: loss 0.8144, time 494.92ms, mfu 1.65%
iter 12810: loss 0.7969, time 495.41ms, mfu 1.65%
iter 12820: loss 0.7912, time 493.43ms, mfu 1.65%
iter 12830: loss 0.7976, time 495.32ms, mfu 1.65%
iter 12840: loss 0.7668, time 498.95ms, mfu 1.65%
iter 12850: loss 0.7904, time 495.65ms, mfu 1.65%
iter 12860: loss 0.7848, time 497.66ms, mfu 1.65%
iter 12870: loss 0.7914, time 495.28ms, mfu 1.65%
iter 12880: loss 0.7933, time 498.96ms, mfu 1.65%
iter 12890: loss 0.7979, time 495.46ms, mfu 1.65%
iter 12900: loss 0.7898, time 500.46ms, mfu 1.65%
iter 12910: loss 0.8022, time 496.52ms, mfu 1.65%
iter 12920: loss 0.7965, time 494.59ms, mfu 1.65%
iter 12930: loss 0.8020, time 494.52ms, mfu 1.65%
iter 12940: loss 0.7788, time 497.01ms, mfu 1.65%
iter 12950: loss 0.7768, time 494.05ms, mfu 1.65%
iter 12960: loss 0.7850, time 499.82ms, mfu 1.65%
iter 12970: loss 0.7962, time 500.27ms, mfu 1.65%
iter 12980: loss 0.7709, time 496.22ms, mfu 1.65%
iter 12990: loss 0.7874, time 501.48ms, mfu 1.65%
step 13000: train loss 0.5293, val loss 1.7344
saving checkpoint to /net/scratch2/junyuren/nanoGPT-manifold/out-phase2.5-qkv-mlp-adamw
iter 13000: loss 0.7896, time 5046.26ms, mfu 1.50%
iter 13010: loss 0.7643, time 500.40ms, mfu 1.51%
iter 13020: loss 0.7681, time 502.65ms, mfu 1.52%
iter 13030: loss 0.7981, time 501.45ms, mfu 1.53%
iter 13040: loss 0.7689, time 497.99ms, mfu 1.54%
iter 13050: loss 0.7593, time 496.50ms, mfu 1.56%
iter 13060: loss 0.7853, time 499.24ms, mfu 1.56%
iter 13070: loss 0.7695, time 502.50ms, mfu 1.57%
iter 13080: loss 0.7966, time 497.52ms, mfu 1.58%
iter 13090: loss 0.7574, time 491.75ms, mfu 1.59%
iter 13100: loss 0.7842, time 494.58ms, mfu 1.59%
iter 13110: loss 0.7853, time 494.70ms, mfu 1.60%
iter 13120: loss 0.7716, time 501.87ms, mfu 1.60%
iter 13130: loss 0.7780, time 495.25ms, mfu 1.61%
iter 13140: loss 0.7692, time 498.81ms, mfu 1.61%
iter 13150: loss 0.7699, time 498.10ms, mfu 1.61%
iter 13160: loss 0.7778, time 501.21ms, mfu 1.62%
iter 13170: loss 0.7909, time 496.70ms, mfu 1.62%
iter 13180: loss 0.7787, time 497.06ms, mfu 1.62%
iter 13190: loss 0.7887, time 499.06ms, mfu 1.62%
iter 13200: loss 0.7696, time 495.50ms, mfu 1.63%
iter 13210: loss 0.7845, time 501.77ms, mfu 1.63%
iter 13220: loss 0.7666, time 494.61ms, mfu 1.63%
iter 13230: loss 0.7757, time 498.94ms, mfu 1.63%
iter 13240: loss 0.7664, time 498.81ms, mfu 1.63%
iter 13250: loss 0.7651, time 498.18ms, mfu 1.63%
iter 13260: loss 0.7741, time 498.87ms, mfu 1.63%
iter 13270: loss 0.7655, time 502.89ms, mfu 1.63%
iter 13280: loss 0.7764, time 500.78ms, mfu 1.63%
iter 13290: loss 0.7804, time 499.00ms, mfu 1.63%
iter 13300: loss 0.7788, time 499.59ms, mfu 1.63%
iter 13310: loss 0.7926, time 499.80ms, mfu 1.64%
iter 13320: loss 0.7595, time 498.61ms, mfu 1.64%
iter 13330: loss 0.7830, time 500.80ms, mfu 1.64%
iter 13340: loss 0.7706, time 498.11ms, mfu 1.64%
iter 13350: loss 0.7709, time 495.86ms, mfu 1.64%
iter 13360: loss 0.7691, time 499.24ms, mfu 1.64%
iter 13370: loss 0.7598, time 497.99ms, mfu 1.64%
iter 13380: loss 0.7820, time 499.43ms, mfu 1.64%
iter 13390: loss 0.7912, time 499.93ms, mfu 1.64%
iter 13400: loss 0.7726, time 499.32ms, mfu 1.64%
iter 13410: loss 0.7696, time 502.04ms, mfu 1.64%
iter 13420: loss 0.7609, time 502.45ms, mfu 1.64%
iter 13430: loss 0.7693, time 498.34ms, mfu 1.64%
iter 13440: loss 0.7893, time 498.60ms, mfu 1.64%
iter 13450: loss 0.7726, time 498.17ms, mfu 1.64%
iter 13460: loss 0.7828, time 496.26ms, mfu 1.64%
iter 13470: loss 0.7612, time 497.56ms, mfu 1.64%
iter 13480: loss 0.7538, time 504.79ms, mfu 1.64%
iter 13490: loss 0.7618, time 500.74ms, mfu 1.64%
step 13500: train loss 0.5161, val loss 1.7628
saving checkpoint to /net/scratch2/junyuren/nanoGPT-manifold/out-phase2.5-qkv-mlp-adamw
iter 13500: loss 0.7568, time 5038.07ms, mfu 1.49%
iter 13510: loss 0.7850, time 497.29ms, mfu 1.51%
iter 13520: loss 0.7655, time 503.14ms, mfu 1.52%
iter 13530: loss 0.7901, time 501.43ms, mfu 1.53%
iter 13540: loss 0.7647, time 501.77ms, mfu 1.54%
iter 13550: loss 0.7898, time 499.18ms, mfu 1.55%
iter 13560: loss 0.7610, time 502.02ms, mfu 1.56%
iter 13570: loss 0.7449, time 500.47ms, mfu 1.57%
iter 13580: loss 0.7632, time 501.64ms, mfu 1.57%
iter 13590: loss 0.7780, time 505.00ms, mfu 1.58%
iter 13600: loss 0.7637, time 503.86ms, mfu 1.58%
iter 13610: loss 0.7810, time 501.91ms, mfu 1.59%
iter 13620: loss 0.7732, time 500.60ms, mfu 1.59%
iter 13630: loss 0.7635, time 500.29ms, mfu 1.60%
iter 13640: loss 0.7559, time 499.91ms, mfu 1.60%
iter 13650: loss 0.7652, time 497.42ms, mfu 1.60%
iter 13660: loss 0.7612, time 497.62ms, mfu 1.61%
iter 13670: loss 0.7667, time 504.94ms, mfu 1.61%
iter 13680: loss 0.7579, time 501.45ms, mfu 1.61%
iter 13690: loss 0.7682, time 498.47ms, mfu 1.62%
iter 13700: loss 0.7501, time 500.42ms, mfu 1.62%
iter 13710: loss 0.7688, time 501.43ms, mfu 1.62%
iter 13720: loss 0.7552, time 499.20ms, mfu 1.62%
iter 13730: loss 0.7684, time 500.30ms, mfu 1.62%
iter 13740: loss 0.7561, time 502.86ms, mfu 1.62%
iter 13750: loss 0.7527, time 502.33ms, mfu 1.62%
iter 13760: loss 0.7584, time 500.26ms, mfu 1.63%
iter 13770: loss 0.7494, time 500.72ms, mfu 1.63%
iter 13780: loss 0.7976, time 502.48ms, mfu 1.63%
iter 13790: loss 0.7655, time 501.83ms, mfu 1.63%
iter 13800: loss 0.7471, time 502.25ms, mfu 1.63%
iter 13810: loss 0.7576, time 505.22ms, mfu 1.63%
iter 13820: loss 0.7590, time 501.33ms, mfu 1.63%
iter 13830: loss 0.7601, time 499.83ms, mfu 1.63%
iter 13840: loss 0.7531, time 498.93ms, mfu 1.63%
iter 13850: loss 0.7741, time 500.06ms, mfu 1.63%
iter 13860: loss 0.7644, time 503.68ms, mfu 1.63%
iter 13870: loss 0.7568, time 497.74ms, mfu 1.63%
iter 13880: loss 0.7705, time 500.22ms, mfu 1.63%
iter 13890: loss 0.7591, time 501.19ms, mfu 1.63%
iter 13900: loss 0.7764, time 498.33ms, mfu 1.63%
iter 13910: loss 0.7666, time 502.27ms, mfu 1.63%
iter 13920: loss 0.7830, time 498.07ms, mfu 1.63%
iter 13930: loss 0.7638, time 500.82ms, mfu 1.63%
iter 13940: loss 0.7632, time 497.91ms, mfu 1.63%
iter 13950: loss 0.7744, time 501.90ms, mfu 1.63%
iter 13960: loss 0.7304, time 498.23ms, mfu 1.64%
iter 13970: loss 0.7665, time 499.60ms, mfu 1.64%
iter 13980: loss 0.7773, time 502.64ms, mfu 1.63%
iter 13990: loss 0.7699, time 502.45ms, mfu 1.63%
step 14000: train loss 0.5041, val loss 1.7613
saving checkpoint to /net/scratch2/junyuren/nanoGPT-manifold/out-phase2.5-qkv-mlp-adamw
iter 14000: loss 0.7684, time 5078.51ms, mfu 1.49%
iter 14010: loss 0.7483, time 500.68ms, mfu 1.50%
iter 14020: loss 0.7584, time 504.59ms, mfu 1.51%
iter 14030: loss 0.7629, time 502.88ms, mfu 1.53%
iter 14040: loss 0.7531, time 501.28ms, mfu 1.54%
iter 14050: loss 0.7497, time 503.55ms, mfu 1.55%
iter 14060: loss 0.7573, time 501.53ms, mfu 1.55%
iter 14070: loss 0.7901, time 501.43ms, mfu 1.56%
iter 14080: loss 0.7273, time 500.09ms, mfu 1.57%
iter 14090: loss 0.7830, time 505.63ms, mfu 1.57%
iter 14100: loss 0.7552, time 501.87ms, mfu 1.58%
iter 14110: loss 0.7330, time 502.15ms, mfu 1.58%
iter 14120: loss 0.7462, time 502.47ms, mfu 1.59%
iter 14130: loss 0.7633, time 497.02ms, mfu 1.60%
iter 14140: loss 0.7638, time 502.18ms, mfu 1.60%
iter 14150: loss 0.7680, time 499.68ms, mfu 1.60%
iter 14160: loss 0.7250, time 503.17ms, mfu 1.61%
iter 14170: loss 0.7615, time 502.96ms, mfu 1.61%
iter 14180: loss 0.7664, time 501.89ms, mfu 1.61%
iter 14190: loss 0.7567, time 501.15ms, mfu 1.61%
iter 14200: loss 0.7652, time 501.19ms, mfu 1.61%
iter 14210: loss 0.7575, time 499.58ms, mfu 1.62%
iter 14220: loss 0.7588, time 501.24ms, mfu 1.62%
iter 14230: loss 0.7486, time 504.01ms, mfu 1.62%
iter 14240: loss 0.7593, time 504.34ms, mfu 1.62%
iter 14250: loss 0.7362, time 501.29ms, mfu 1.62%
iter 14260: loss 0.7541, time 503.35ms, mfu 1.62%
iter 14270: loss 0.7552, time 500.83ms, mfu 1.62%
iter 14280: loss 0.7656, time 504.07ms, mfu 1.62%
iter 14290: loss 0.7501, time 498.38ms, mfu 1.62%
iter 14300: loss 0.7410, time 503.19ms, mfu 1.62%
iter 14310: loss 0.7631, time 496.45ms, mfu 1.63%
iter 14320: loss 0.7668, time 502.10ms, mfu 1.63%
iter 14330: loss 0.7718, time 502.20ms, mfu 1.63%
iter 14340: loss 0.7482, time 495.56ms, mfu 1.63%
iter 14350: loss 0.7588, time 500.39ms, mfu 1.63%
iter 14360: loss 0.7652, time 502.91ms, mfu 1.63%
iter 14370: loss 0.7552, time 498.38ms, mfu 1.63%
iter 14380: loss 0.7545, time 503.32ms, mfu 1.63%
iter 14390: loss 0.7507, time 497.83ms, mfu 1.63%
iter 14400: loss 0.7768, time 500.40ms, mfu 1.63%
iter 14410: loss 0.7446, time 502.43ms, mfu 1.63%
iter 14420: loss 0.7743, time 499.06ms, mfu 1.63%
iter 14430: loss 0.7416, time 500.55ms, mfu 1.63%
iter 14440: loss 0.7306, time 503.03ms, mfu 1.63%
iter 14450: loss 0.7660, time 503.18ms, mfu 1.63%
iter 14460: loss 0.7526, time 504.79ms, mfu 1.63%
iter 14470: loss 0.7567, time 500.32ms, mfu 1.63%
iter 14480: loss 0.7538, time 501.05ms, mfu 1.63%
iter 14490: loss 0.7415, time 504.08ms, mfu 1.63%
step 14500: train loss 0.4936, val loss 1.7707
saving checkpoint to /net/scratch2/junyuren/nanoGPT-manifold/out-phase2.5-qkv-mlp-adamw
iter 14500: loss 0.7557, time 5077.85ms, mfu 1.48%
iter 14510: loss 0.7685, time 499.89ms, mfu 1.50%
iter 14520: loss 0.7540, time 499.87ms, mfu 1.51%
iter 14530: loss 0.7580, time 503.11ms, mfu 1.52%
iter 14540: loss 0.7467, time 502.98ms, mfu 1.54%
iter 14550: loss 0.7713, time 501.26ms, mfu 1.54%
iter 14560: loss 0.7545, time 501.41ms, mfu 1.55%
iter 14570: loss 0.7424, time 501.65ms, mfu 1.56%
iter 14580: loss 0.7584, time 499.71ms, mfu 1.57%
iter 14590: loss 0.7558, time 497.58ms, mfu 1.58%
iter 14600: loss 0.7514, time 500.97ms, mfu 1.58%
iter 14610: loss 0.7770, time 506.29ms, mfu 1.59%
iter 14620: loss 0.7502, time 502.94ms, mfu 1.59%
iter 14630: loss 0.7553, time 501.42ms, mfu 1.59%
iter 14640: loss 0.7521, time 499.63ms, mfu 1.60%
iter 14650: loss 0.7589, time 497.31ms, mfu 1.60%
iter 14660: loss 0.7323, time 502.68ms, mfu 1.61%
iter 14670: loss 0.7716, time 504.18ms, mfu 1.61%
iter 14680: loss 0.7498, time 506.90ms, mfu 1.61%
iter 14690: loss 0.7333, time 501.37ms, mfu 1.61%
iter 14700: loss 0.7456, time 503.54ms, mfu 1.61%
iter 14710: loss 0.7699, time 500.58ms, mfu 1.61%
iter 14720: loss 0.7534, time 496.63ms, mfu 1.62%
iter 14730: loss 0.7491, time 504.67ms, mfu 1.62%
iter 14740: loss 0.7645, time 500.76ms, mfu 1.62%
iter 14750: loss 0.7457, time 504.08ms, mfu 1.62%
iter 14760: loss 0.7628, time 501.43ms, mfu 1.62%
iter 14770: loss 0.7540, time 502.37ms, mfu 1.62%
iter 14780: loss 0.7598, time 503.11ms, mfu 1.62%
iter 14790: loss 0.7358, time 499.13ms, mfu 1.62%
iter 14800: loss 0.7574, time 502.92ms, mfu 1.62%
iter 14810: loss 0.7446, time 496.38ms, mfu 1.63%
iter 14820: loss 0.7340, time 498.88ms, mfu 1.63%
iter 14830: loss 0.7466, time 499.14ms, mfu 1.63%
iter 14840: loss 0.7579, time 504.55ms, mfu 1.63%
iter 14850: loss 0.7614, time 501.12ms, mfu 1.63%
iter 14860: loss 0.7369, time 500.89ms, mfu 1.63%
iter 14870: loss 0.7210, time 499.36ms, mfu 1.63%
iter 14880: loss 0.7693, time 503.20ms, mfu 1.63%
iter 14890: loss 0.7670, time 504.46ms, mfu 1.63%
iter 14900: loss 0.7423, time 500.75ms, mfu 1.63%
iter 14910: loss 0.7358, time 499.12ms, mfu 1.63%
iter 14920: loss 0.7471, time 496.10ms, mfu 1.63%
iter 14930: loss 0.7650, time 499.58ms, mfu 1.63%
iter 14940: loss 0.7295, time 501.28ms, mfu 1.63%
iter 14950: loss 0.7393, time 504.75ms, mfu 1.63%
iter 14960: loss 0.7572, time 498.27ms, mfu 1.63%
iter 14970: loss 0.7558, time 504.19ms, mfu 1.63%
iter 14980: loss 0.7533, time 497.61ms, mfu 1.63%
iter 14990: loss 0.7443, time 496.11ms, mfu 1.64%
step 15000: train loss 0.4826, val loss 1.7840
saving checkpoint to /net/scratch2/junyuren/nanoGPT-manifold/out-phase2.5-qkv-mlp-adamw
iter 15000: loss 0.7716, time 5069.36ms, mfu 1.49%
