Overriding config with config/phase1.2_qkv_noskip.py:
# Phase 1.2: c_attn + attn.c_proj (derived from phase1, attn.c_proj uses G(1,0,r) + no skip)
# Coverage: ~28% of parameters
# Test if attn.c_proj benefits from G(1,0,r) parametrization without skip connection

out_dir = '/net/scratch2/junyuren/nanoGPT-manifold/out-phase1.2-qkv-noskip'
eval_interval = 500
eval_iters = 200
log_interval = 10
always_save_checkpoint = True

wandb_log = False
wandb_project = 'nanogpt-manifold'
wandb_run_name = 'phase1.2-qkv-noskip'

# Dataset
dataset = 'shakespeare_char'
gradient_accumulation_steps = 1
batch_size = 64
block_size = 256

# Baby GPT architecture
n_layer = 6
n_head = 6
n_embd = 384
dropout = 0.2  # Match baseline (nanoGPT standard for Shakespeare)
bias = False

# AdamW for non-Grassmann params
learning_rate = 1e-3  # AdamW base LR
max_iters = 15000
lr_decay_iters = 15000
min_lr = 1e-4
weight_decay = 1e-1  # Match baseline
beta1 = 0.9
beta2 = 0.99  # Match baseline (standard for small token count)
grad_clip = 1.0

decay_lr = True
warmup_iters = 100

# Grassmann config (handled by configure_optimizers_grassmann_phases)
use_grassmann = True
grassmann_phase = 'phase1.2'  # .2 = attn.c_proj uses G(1,0,r) + remove skip

# Legacy params (not used in phase-based config, but kept for compatibility)
grass_lr = 8e-3  # Will be overridden per-layer in phase config
grass_a = 1.0
grass_b = 0.0
grass_rank = 192
grass_alpha = 0.01
grass_steps = 10
grass_tol = 1e-6

# System
device = 'cuda'
dtype = 'bfloat16'
compile = True

tokens per iteration will be: 16,384
found vocab_size = 65 (inside data/shakespeare_char/meta.pkl)
Initializing a new model from scratch
number of parameters: 10.65M

=== Phase phase1.2 Grassmann Configuration ===
  Variant .2: attn.c_proj uses G(1,0,r) with attn skip removed
Grassmann Muon parameters: 12 weight matrices, 3,538,944 params
AdamW decay parameters: 14 tensors, 7,201,152 params
AdamW no-decay parameters: 13 tensors, 4,992 params
  transformer.h.0.attn.c_attn.weight: k=3, G_{1.0,0.0,192}, lr=0.008, scale=1.0, type=vertical
  transformer.h.0.attn.c_proj.weight: k=1, G_{1.0,0.0,192}, lr=0.008, scale=1.0, type=None
  transformer.h.1.attn.c_attn.weight: k=3, G_{1.0,0.0,192}, lr=0.008, scale=1.0, type=vertical
  transformer.h.1.attn.c_proj.weight: k=1, G_{1.0,0.0,192}, lr=0.008, scale=1.0, type=None
  transformer.h.2.attn.c_attn.weight: k=3, G_{1.0,0.0,192}, lr=0.008, scale=1.0, type=vertical
  transformer.h.2.attn.c_proj.weight: k=1, G_{1.0,0.0,192}, lr=0.008, scale=1.0, type=None
  transformer.h.3.attn.c_attn.weight: k=3, G_{1.0,0.0,192}, lr=0.008, scale=1.0, type=vertical
  transformer.h.3.attn.c_proj.weight: k=1, G_{1.0,0.0,192}, lr=0.008, scale=1.0, type=None
  transformer.h.4.attn.c_attn.weight: k=3, G_{1.0,0.0,192}, lr=0.008, scale=1.0, type=vertical
  transformer.h.4.attn.c_proj.weight: k=1, G_{1.0,0.0,192}, lr=0.008, scale=1.0, type=None
  transformer.h.5.attn.c_attn.weight: k=3, G_{1.0,0.0,192}, lr=0.008, scale=1.0, type=vertical
  transformer.h.5.attn.c_proj.weight: k=1, G_{1.0,0.0,192}, lr=0.008, scale=1.0, type=None
using fused AdamW: True

=== Initializing Grassmann Weights (Block Decomposition) ===
Number of weight types to initialize: 12

Initializing attn.c_attn.: k=3, G_{1.0,0.0,192}, type=vertical
  Initialized transformer.h.0.attn.c_attn.weight (1152, 384) as 3 blocks of (384, 384) on G_{1.0,0.0,192}
  Initialized transformer.h.1.attn.c_attn.weight (1152, 384) as 3 blocks of (384, 384) on G_{1.0,0.0,192}
  Initialized transformer.h.2.attn.c_attn.weight (1152, 384) as 3 blocks of (384, 384) on G_{1.0,0.0,192}
  Initialized transformer.h.3.attn.c_attn.weight (1152, 384) as 3 blocks of (384, 384) on G_{1.0,0.0,192}
  Initialized transformer.h.4.attn.c_attn.weight (1152, 384) as 3 blocks of (384, 384) on G_{1.0,0.0,192}
  Initialized transformer.h.5.attn.c_attn.weight (1152, 384) as 3 blocks of (384, 384) on G_{1.0,0.0,192}

Initializing attn.c_proj.: k=1, G_{1.0,0.0,192}, type=None
  Initialized transformer.h.0.attn.c_proj.weight (384, 384) on G_{1.0,0.0,192}
  Initialized transformer.h.1.attn.c_proj.weight (384, 384) on G_{1.0,0.0,192}
  Initialized transformer.h.2.attn.c_proj.weight (384, 384) on G_{1.0,0.0,192}
  Initialized transformer.h.3.attn.c_proj.weight (384, 384) on G_{1.0,0.0,192}
  Initialized transformer.h.4.attn.c_proj.weight (384, 384) on G_{1.0,0.0,192}
  Initialized transformer.h.5.attn.c_proj.weight (384, 384) on G_{1.0,0.0,192}

Initializing transformer.h.1.attn.c_attn.: k=3, G_{1.0,0.0,192}, type=vertical
  Initialized transformer.h.1.attn.c_attn.weight (1152, 384) as 3 blocks of (384, 384) on G_{1.0,0.0,192}

Initializing transformer.h.1.attn.c_proj.: k=1, G_{1.0,0.0,192}, type=None
  Initialized transformer.h.1.attn.c_proj.weight (384, 384) on G_{1.0,0.0,192}

Initializing transformer.h.2.attn.c_attn.: k=3, G_{1.0,0.0,192}, type=vertical
  Initialized transformer.h.2.attn.c_attn.weight (1152, 384) as 3 blocks of (384, 384) on G_{1.0,0.0,192}

Initializing transformer.h.2.attn.c_proj.: k=1, G_{1.0,0.0,192}, type=None
  Initialized transformer.h.2.attn.c_proj.weight (384, 384) on G_{1.0,0.0,192}

Initializing transformer.h.3.attn.c_attn.: k=3, G_{1.0,0.0,192}, type=vertical
  Initialized transformer.h.3.attn.c_attn.weight (1152, 384) as 3 blocks of (384, 384) on G_{1.0,0.0,192}

Initializing transformer.h.3.attn.c_proj.: k=1, G_{1.0,0.0,192}, type=None
  Initialized transformer.h.3.attn.c_proj.weight (384, 384) on G_{1.0,0.0,192}

Initializing transformer.h.4.attn.c_attn.: k=3, G_{1.0,0.0,192}, type=vertical
  Initialized transformer.h.4.attn.c_attn.weight (1152, 384) as 3 blocks of (384, 384) on G_{1.0,0.0,192}

Initializing transformer.h.4.attn.c_proj.: k=1, G_{1.0,0.0,192}, type=None
  Initialized transformer.h.4.attn.c_proj.weight (384, 384) on G_{1.0,0.0,192}

Initializing transformer.h.5.attn.c_attn.: k=3, G_{1.0,0.0,192}, type=vertical
  Initialized transformer.h.5.attn.c_attn.weight (1152, 384) as 3 blocks of (384, 384) on G_{1.0,0.0,192}

Initializing transformer.h.5.attn.c_proj.: k=1, G_{1.0,0.0,192}, type=None
  Initialized transformer.h.5.attn.c_proj.weight (384, 384) on G_{1.0,0.0,192}

Grassmann block initialization complete.

=== Setting up component-specific dropout ===
AdamW components: dropout = 0.2
Grassmann components: dropout = 0.1
Component-specific dropout setup complete.

=== Setting up norm-preserving scaling (Phase phase1.2) ===
Norm-preserving scaling setup complete.

=== Removing attention skip connections (phase phase1.2) ===
  Removed skip connections from 6 blocks
compiling the model... (takes a ~minute)
step 0: train loss 4.2908, val loss 4.2944
iter 0: loss 4.2833, time 43052.51ms, mfu -100.00%
iter 10: loss 3.5484, time 990.96ms, mfu 0.38%
iter 20: loss 3.3482, time 989.72ms, mfu 0.38%
iter 30: loss 3.3108, time 1003.18ms, mfu 0.38%
iter 40: loss 3.3244, time 1011.45ms, mfu 0.37%
iter 50: loss 3.3229, time 1006.01ms, mfu 0.37%
iter 60: loss 3.3278, time 1000.27ms, mfu 0.37%
iter 70: loss 3.3301, time 996.93ms, mfu 0.37%
iter 80: loss 3.3149, time 994.47ms, mfu 0.37%
iter 90: loss 3.2865, time 995.29ms, mfu 0.37%
iter 100: loss 3.3335, time 999.03ms, mfu 0.37%
iter 110: loss 3.3415, time 995.93ms, mfu 0.37%
iter 120: loss 3.3201, time 996.69ms, mfu 0.37%
iter 130: loss 3.3065, time 998.54ms, mfu 0.37%
iter 140: loss 3.3405, time 990.92ms, mfu 0.37%
iter 150: loss 3.3432, time 990.45ms, mfu 0.37%
iter 160: loss 3.3257, time 990.10ms, mfu 0.37%
iter 170: loss 3.2942, time 991.69ms, mfu 0.37%
iter 180: loss 3.3083, time 987.43ms, mfu 0.37%
iter 190: loss 3.3066, time 991.78ms, mfu 0.38%
iter 200: loss 3.3107, time 999.36ms, mfu 0.37%
iter 210: loss 3.2949, time 1017.33ms, mfu 0.37%
iter 220: loss 3.3055, time 999.12ms, mfu 0.37%
iter 230: loss 3.3304, time 1004.32ms, mfu 0.37%
iter 240: loss 3.3019, time 996.23ms, mfu 0.37%
iter 250: loss 3.2940, time 1000.91ms, mfu 0.37%
iter 260: loss 3.3137, time 1001.71ms, mfu 0.37%
iter 270: loss 3.2738, time 1009.92ms, mfu 0.37%
iter 280: loss 3.2966, time 1002.69ms, mfu 0.37%
iter 290: loss 3.3211, time 1006.86ms, mfu 0.37%
iter 300: loss 3.3288, time 1001.67ms, mfu 0.37%
iter 310: loss 3.3057, time 1005.48ms, mfu 0.37%
iter 320: loss 3.3263, time 1007.17ms, mfu 0.37%
iter 330: loss 3.3024, time 1006.05ms, mfu 0.37%
iter 340: loss 3.3060, time 1004.47ms, mfu 0.37%
iter 350: loss 3.3295, time 1006.85ms, mfu 0.37%
iter 360: loss 3.2784, time 1007.51ms, mfu 0.37%
iter 370: loss 3.2934, time 1003.18ms, mfu 0.37%
iter 380: loss 3.3107, time 1003.89ms, mfu 0.37%
iter 390: loss 3.3307, time 1008.81ms, mfu 0.37%
iter 400: loss 3.3292, time 1008.01ms, mfu 0.37%
iter 410: loss 3.3266, time 1006.26ms, mfu 0.37%
iter 420: loss 3.3114, time 1004.50ms, mfu 0.37%
iter 430: loss 3.3209, time 1009.52ms, mfu 0.37%
iter 440: loss 3.3041, time 1006.28ms, mfu 0.37%
iter 450: loss 3.3119, time 1013.47ms, mfu 0.37%
iter 460: loss 3.2866, time 1005.85ms, mfu 0.37%
iter 470: loss 3.3151, time 1006.27ms, mfu 0.37%
iter 480: loss 3.3118, time 1007.83ms, mfu 0.37%
iter 490: loss 3.3069, time 1006.14ms, mfu 0.37%
step 500: train loss 3.3118, val loss 3.3497
saving checkpoint to /net/scratch2/junyuren/nanoGPT-manifold/out-phase1.2-qkv-noskip
iter 500: loss 3.3206, time 7302.91ms, mfu 0.34%
iter 510: loss 3.3174, time 1004.12ms, mfu 0.34%
iter 520: loss 3.2861, time 1005.98ms, mfu 0.34%
iter 530: loss 3.2964, time 1015.18ms, mfu 0.35%
iter 540: loss 3.3129, time 1008.55ms, mfu 0.35%
iter 550: loss 3.3411, time 1009.88ms, mfu 0.35%
iter 560: loss 3.3218, time 1010.83ms, mfu 0.35%
iter 570: loss 3.3133, time 986.31ms, mfu 0.36%
iter 580: loss 3.3114, time 1000.49ms, mfu 0.36%
iter 590: loss 3.3150, time 1015.24ms, mfu 0.36%
iter 600: loss 3.2965, time 1006.53ms, mfu 0.36%
iter 610: loss 3.3004, time 1007.96ms, mfu 0.36%
iter 620: loss 3.3246, time 999.62ms, mfu 0.36%
iter 630: loss 3.3285, time 1013.20ms, mfu 0.36%
iter 640: loss 3.3167, time 1008.70ms, mfu 0.36%
iter 650: loss 3.3053, time 1015.58ms, mfu 0.36%
iter 660: loss 3.2751, time 1004.87ms, mfu 0.36%
iter 670: loss 3.3092, time 1007.20ms, mfu 0.36%
iter 680: loss 3.2629, time 1001.62ms, mfu 0.37%
iter 690: loss 3.3023, time 1008.24ms, mfu 0.37%
iter 700: loss 3.2915, time 999.39ms, mfu 0.37%
iter 710: loss 3.2926, time 1005.19ms, mfu 0.37%
iter 720: loss 3.3411, time 1001.57ms, mfu 0.37%
iter 730: loss 3.3027, time 1001.41ms, mfu 0.37%
iter 740: loss 3.3065, time 1007.75ms, mfu 0.37%
iter 750: loss 3.2832, time 1006.08ms, mfu 0.37%
iter 760: loss 3.3611, time 1014.12ms, mfu 0.37%
iter 770: loss 3.3334, time 1010.31ms, mfu 0.37%
iter 780: loss 3.3171, time 1013.13ms, mfu 0.37%
iter 790: loss 3.3174, time 1016.08ms, mfu 0.37%
iter 800: loss 3.2913, time 1010.97ms, mfu 0.37%
iter 810: loss 3.2999, time 1020.77ms, mfu 0.37%
iter 820: loss 3.3287, time 1013.07ms, mfu 0.37%
iter 830: loss 3.3137, time 1007.24ms, mfu 0.37%
iter 840: loss 3.3076, time 1013.67ms, mfu 0.37%
iter 850: loss 3.2949, time 1008.17ms, mfu 0.37%
iter 860: loss 3.2984, time 1010.86ms, mfu 0.37%
iter 870: loss 3.3017, time 1008.89ms, mfu 0.37%
iter 880: loss 3.3474, time 1007.72ms, mfu 0.37%
iter 890: loss 3.2861, time 1013.00ms, mfu 0.37%
iter 900: loss 3.3159, time 1011.99ms, mfu 0.37%
iter 910: loss 3.3178, time 1004.07ms, mfu 0.37%
iter 920: loss 3.3163, time 1012.01ms, mfu 0.37%
iter 930: loss 3.3368, time 1046.98ms, mfu 0.37%
iter 940: loss 3.2982, time 1011.78ms, mfu 0.37%
iter 950: loss 3.2873, time 1018.14ms, mfu 0.37%
iter 960: loss 3.2785, time 1013.00ms, mfu 0.37%
iter 970: loss 3.3035, time 1006.02ms, mfu 0.37%
iter 980: loss 3.3202, time 1008.52ms, mfu 0.37%
iter 990: loss 3.3280, time 1005.59ms, mfu 0.37%
step 1000: train loss 3.3138, val loss 3.3505
saving checkpoint to /net/scratch2/junyuren/nanoGPT-manifold/out-phase1.2-qkv-noskip
iter 1000: loss 3.2999, time 7285.26ms, mfu 0.34%
iter 1010: loss 3.3146, time 1012.65ms, mfu 0.34%
iter 1020: loss 3.2956, time 1012.02ms, mfu 0.34%
iter 1030: loss 3.3085, time 1018.23ms, mfu 0.34%
iter 1040: loss 3.3060, time 1012.69ms, mfu 0.35%
iter 1050: loss 3.3235, time 1017.16ms, mfu 0.35%
iter 1060: loss 3.3056, time 1009.67ms, mfu 0.35%
iter 1070: loss 3.3022, time 1013.29ms, mfu 0.35%
iter 1080: loss 3.3411, time 1012.54ms, mfu 0.35%
iter 1090: loss 3.3018, time 1015.49ms, mfu 0.36%
iter 1100: loss 3.3321, time 1015.85ms, mfu 0.36%
iter 1110: loss 3.3122, time 1015.91ms, mfu 0.36%
iter 1120: loss 3.3032, time 1017.01ms, mfu 0.36%
iter 1130: loss 3.3504, time 1016.01ms, mfu 0.36%
iter 1140: loss 3.2999, time 1009.42ms, mfu 0.36%
iter 1150: loss 3.3215, time 1010.14ms, mfu 0.36%
iter 1160: loss 3.2787, time 1009.79ms, mfu 0.36%
iter 1170: loss 3.3204, time 1010.19ms, mfu 0.36%
iter 1180: loss 3.3247, time 1011.95ms, mfu 0.36%
iter 1190: loss 3.3270, time 1009.15ms, mfu 0.36%
iter 1200: loss 3.3010, time 1012.14ms, mfu 0.36%
iter 1210: loss 3.3285, time 1014.14ms, mfu 0.36%
iter 1220: loss 3.3122, time 1015.34ms, mfu 0.36%
iter 1230: loss 3.2935, time 1013.09ms, mfu 0.37%
iter 1240: loss 3.3252, time 1008.79ms, mfu 0.37%
iter 1250: loss 3.3296, time 1007.17ms, mfu 0.37%
iter 1260: loss 3.3104, time 1009.90ms, mfu 0.37%
iter 1270: loss 3.3281, time 1017.15ms, mfu 0.37%
iter 1280: loss 3.3457, time 1015.06ms, mfu 0.37%
iter 1290: loss 3.3070, time 1010.92ms, mfu 0.37%
iter 1300: loss 3.3148, time 1012.71ms, mfu 0.37%
iter 1310: loss 3.3398, time 1010.61ms, mfu 0.37%
iter 1320: loss 3.2984, time 1011.54ms, mfu 0.37%
iter 1330: loss 3.3106, time 1012.38ms, mfu 0.37%
iter 1340: loss 3.3148, time 1015.40ms, mfu 0.37%
iter 1350: loss 3.3274, time 1007.56ms, mfu 0.37%
iter 1360: loss 3.2962, time 1010.04ms, mfu 0.37%
iter 1370: loss 3.3250, time 1010.14ms, mfu 0.37%
iter 1380: loss 3.2972, time 1009.75ms, mfu 0.37%
iter 1390: loss 3.3045, time 1014.67ms, mfu 0.37%
iter 1400: loss 3.3074, time 1016.23ms, mfu 0.37%
iter 1410: loss 3.3423, time 1012.76ms, mfu 0.37%
iter 1420: loss 3.3131, time 1010.77ms, mfu 0.37%
iter 1430: loss 3.3136, time 1010.76ms, mfu 0.37%
iter 1440: loss 3.3228, time 1012.39ms, mfu 0.37%
iter 1450: loss 3.3059, time 1010.61ms, mfu 0.37%
iter 1460: loss 3.3396, time 1005.00ms, mfu 0.37%
iter 1470: loss 3.3109, time 1012.35ms, mfu 0.37%
iter 1480: loss 3.3193, time 1007.07ms, mfu 0.37%
iter 1490: loss 3.3079, time 1007.89ms, mfu 0.37%
step 1500: train loss 3.3134, val loss 3.3550
saving checkpoint to /net/scratch2/junyuren/nanoGPT-manifold/out-phase1.2-qkv-noskip
iter 1500: loss 3.2817, time 7348.58ms, mfu 0.34%
iter 1510: loss 3.3304, time 1008.52ms, mfu 0.34%
iter 1520: loss 3.3357, time 1009.59ms, mfu 0.34%
iter 1530: loss 3.3348, time 1011.56ms, mfu 0.35%
iter 1540: loss 3.3006, time 1010.46ms, mfu 0.35%
iter 1550: loss 3.3211, time 1012.11ms, mfu 0.35%
iter 1560: loss 3.2937, time 1011.86ms, mfu 0.35%
iter 1570: loss 3.2974, time 1009.17ms, mfu 0.35%
iter 1580: loss 3.2933, time 1010.71ms, mfu 0.35%
iter 1590: loss 3.3320, time 1018.58ms, mfu 0.36%
iter 1600: loss 3.3172, time 1017.85ms, mfu 0.36%
iter 1610: loss 3.3281, time 1014.22ms, mfu 0.36%
iter 1620: loss 3.2957, time 1016.71ms, mfu 0.36%
iter 1630: loss 3.2835, time 1009.23ms, mfu 0.36%
iter 1640: loss 3.2996, time 1013.62ms, mfu 0.36%
iter 1650: loss 3.3115, time 1013.59ms, mfu 0.36%
iter 1660: loss 3.3130, time 1023.00ms, mfu 0.36%
iter 1670: loss 3.3344, time 1014.71ms, mfu 0.36%
iter 1680: loss 3.3232, time 1017.30ms, mfu 0.36%
iter 1690: loss 3.2799, time 1015.97ms, mfu 0.36%
iter 1700: loss 3.3281, time 1013.82ms, mfu 0.36%
iter 1710: loss 3.3512, time 1008.01ms, mfu 0.36%
iter 1720: loss 3.3429, time 1016.70ms, mfu 0.36%
iter 1730: loss 3.3077, time 1014.47ms, mfu 0.36%
iter 1740: loss 3.3003, time 1013.29ms, mfu 0.36%
iter 1750: loss 3.3648, time 1014.80ms, mfu 0.37%
iter 1760: loss 3.3032, time 1011.45ms, mfu 0.37%
iter 1770: loss 3.3336, time 1009.57ms, mfu 0.37%
iter 1780: loss 3.3159, time 1012.62ms, mfu 0.37%
iter 1790: loss 3.2781, time 1002.80ms, mfu 0.37%
iter 1800: loss 3.3427, time 1008.07ms, mfu 0.37%
iter 1810: loss 3.2954, time 1008.59ms, mfu 0.37%
iter 1820: loss 3.3293, time 1011.51ms, mfu 0.37%
iter 1830: loss 3.3195, time 1011.31ms, mfu 0.37%
iter 1840: loss 3.3128, time 1014.23ms, mfu 0.37%
iter 1850: loss 3.2964, time 1007.72ms, mfu 0.37%
iter 1860: loss 3.3308, time 1007.28ms, mfu 0.37%
iter 1870: loss 3.2910, time 1010.58ms, mfu 0.37%
iter 1880: loss 3.2644, time 1006.18ms, mfu 0.37%
iter 1890: loss 3.3202, time 1005.79ms, mfu 0.37%
iter 1900: loss 3.2984, time 1009.51ms, mfu 0.37%
iter 1910: loss 3.3129, time 1008.49ms, mfu 0.37%
iter 1920: loss 3.3321, time 1007.71ms, mfu 0.37%
iter 1930: loss 3.3124, time 1011.95ms, mfu 0.37%
iter 1940: loss 3.3140, time 1008.10ms, mfu 0.37%
iter 1950: loss 3.2995, time 1007.53ms, mfu 0.37%
iter 1960: loss 3.2840, time 1008.68ms, mfu 0.37%
iter 1970: loss 3.2921, time 1009.79ms, mfu 0.37%
iter 1980: loss 3.3103, time 1011.88ms, mfu 0.37%
iter 1990: loss 3.3249, time 1009.39ms, mfu 0.37%
step 2000: train loss 3.3126, val loss 3.3535
saving checkpoint to /net/scratch2/junyuren/nanoGPT-manifold/out-phase1.2-qkv-noskip
iter 2000: loss 3.2746, time 7294.34ms, mfu 0.34%
iter 2010: loss 3.2991, time 1007.87ms, mfu 0.34%
iter 2020: loss 3.3112, time 1005.39ms, mfu 0.34%
iter 2030: loss 3.3275, time 1012.13ms, mfu 0.35%
iter 2040: loss 3.2985, time 1011.92ms, mfu 0.35%
iter 2050: loss 3.3241, time 1010.31ms, mfu 0.35%
iter 2060: loss 3.3178, time 1012.66ms, mfu 0.35%
iter 2070: loss 3.2794, time 1013.24ms, mfu 0.35%
iter 2080: loss 3.2896, time 1017.48ms, mfu 0.35%
iter 2090: loss 3.2912, time 1016.24ms, mfu 0.36%
iter 2100: loss 3.2902, time 1007.55ms, mfu 0.36%
iter 2110: loss 3.3002, time 1013.97ms, mfu 0.36%
iter 2120: loss 3.3193, time 1013.43ms, mfu 0.36%
iter 2130: loss 3.2772, time 1009.99ms, mfu 0.36%
iter 2140: loss 3.3124, time 1030.57ms, mfu 0.36%
iter 2150: loss 3.3070, time 1010.51ms, mfu 0.36%
iter 2160: loss 3.3184, time 1010.67ms, mfu 0.36%
iter 2170: loss 3.3040, time 1005.36ms, mfu 0.36%
iter 2180: loss 3.2911, time 1013.12ms, mfu 0.36%
iter 2190: loss 3.2926, time 1008.95ms, mfu 0.36%
iter 2200: loss 3.3073, time 1010.94ms, mfu 0.36%
iter 2210: loss 3.2929, time 1008.19ms, mfu 0.36%
iter 2220: loss 3.3121, time 1019.48ms, mfu 0.36%
iter 2230: loss 3.3097, time 1013.34ms, mfu 0.37%
iter 2240: loss 3.2788, time 1010.53ms, mfu 0.37%
iter 2250: loss 3.3155, time 1009.15ms, mfu 0.37%
iter 2260: loss 3.2902, time 1012.08ms, mfu 0.37%
iter 2270: loss 3.3029, time 1010.21ms, mfu 0.37%
iter 2280: loss 3.2883, time 1017.44ms, mfu 0.37%
iter 2290: loss 3.3215, time 1015.59ms, mfu 0.37%
iter 2300: loss 3.3139, time 1007.27ms, mfu 0.37%
iter 2310: loss 3.3080, time 1008.13ms, mfu 0.37%
iter 2320: loss 3.3181, time 1013.88ms, mfu 0.37%
iter 2330: loss 3.3119, time 1012.94ms, mfu 0.37%
iter 2340: loss 3.3466, time 1010.58ms, mfu 0.37%
iter 2350: loss 3.2963, time 1013.95ms, mfu 0.37%
iter 2360: loss 3.3080, time 1015.39ms, mfu 0.37%
iter 2370: loss 3.3055, time 1011.40ms, mfu 0.37%
iter 2380: loss 3.3282, time 1008.57ms, mfu 0.37%
iter 2390: loss 3.3070, time 1009.40ms, mfu 0.37%
iter 2400: loss 3.3201, time 1010.39ms, mfu 0.37%
iter 2410: loss 3.2910, time 1011.10ms, mfu 0.37%
iter 2420: loss 3.3417, time 1007.97ms, mfu 0.37%
iter 2430: loss 3.3258, time 1010.67ms, mfu 0.37%
iter 2440: loss 3.2812, time 1012.61ms, mfu 0.37%
iter 2450: loss 3.3136, time 1011.12ms, mfu 0.37%
iter 2460: loss 3.2674, time 1007.65ms, mfu 0.37%
iter 2470: loss 3.3299, time 1022.43ms, mfu 0.37%
iter 2480: loss 3.3260, time 1010.62ms, mfu 0.37%
iter 2490: loss 3.2788, time 1016.62ms, mfu 0.37%
step 2500: train loss 3.3105, val loss 3.3486
saving checkpoint to /net/scratch2/junyuren/nanoGPT-manifold/out-phase1.2-qkv-noskip
iter 2500: loss 3.3324, time 7319.61ms, mfu 0.34%
iter 2510: loss 3.2833, time 1007.42ms, mfu 0.34%
iter 2520: loss 3.2800, time 1010.00ms, mfu 0.34%
iter 2530: loss 3.3260, time 1008.61ms, mfu 0.35%
iter 2540: loss 3.3007, time 1013.12ms, mfu 0.35%
iter 2550: loss 3.3202, time 1015.55ms, mfu 0.35%
iter 2560: loss 3.3209, time 1016.71ms, mfu 0.35%
iter 2570: loss 3.2922, time 1007.41ms, mfu 0.35%
iter 2580: loss 3.3108, time 1006.20ms, mfu 0.35%
iter 2590: loss 3.3007, time 1005.43ms, mfu 0.36%
iter 2600: loss 3.3024, time 1007.37ms, mfu 0.36%
iter 2610: loss 3.3039, time 1014.15ms, mfu 0.36%
iter 2620: loss 3.3299, time 1007.89ms, mfu 0.36%
iter 2630: loss 3.2887, time 1009.98ms, mfu 0.36%
iter 2640: loss 3.3404, time 1007.52ms, mfu 0.36%
iter 2650: loss 3.3129, time 1009.22ms, mfu 0.36%
iter 2660: loss 3.3113, time 1005.34ms, mfu 0.36%
iter 2670: loss 3.3328, time 1013.38ms, mfu 0.36%
iter 2680: loss 3.2843, time 1012.53ms, mfu 0.36%
iter 2690: loss 3.3200, time 1008.69ms, mfu 0.36%
iter 2700: loss 3.3460, time 1010.41ms, mfu 0.37%
iter 2710: loss 3.3134, time 1005.73ms, mfu 0.37%
iter 2720: loss 3.3243, time 1011.50ms, mfu 0.37%
iter 2730: loss 3.3125, time 1011.61ms, mfu 0.37%
iter 2740: loss 3.3301, time 1012.54ms, mfu 0.37%
iter 2750: loss 3.3088, time 1009.45ms, mfu 0.37%
iter 2760: loss 3.3269, time 1011.29ms, mfu 0.37%
iter 2770: loss 3.3089, time 1009.17ms, mfu 0.37%
iter 2780: loss 3.3128, time 1009.78ms, mfu 0.37%
iter 2790: loss 3.3305, time 1019.76ms, mfu 0.37%
iter 2800: loss 3.3122, time 1007.23ms, mfu 0.37%
iter 2810: loss 3.3098, time 1007.96ms, mfu 0.37%
iter 2820: loss 3.3174, time 1012.85ms, mfu 0.37%
iter 2830: loss 3.2756, time 1012.82ms, mfu 0.37%
iter 2840: loss 3.2968, time 1013.20ms, mfu 0.37%
iter 2850: loss 3.3235, time 1012.77ms, mfu 0.37%
iter 2860: loss 3.3335, time 1010.33ms, mfu 0.37%
iter 2870: loss 3.3122, time 1009.26ms, mfu 0.37%
iter 2880: loss 3.2863, time 1009.66ms, mfu 0.37%
iter 2890: loss 3.3194, time 1009.08ms, mfu 0.37%
iter 2900: loss 3.3203, time 1007.00ms, mfu 0.37%
iter 2910: loss 3.3187, time 1011.75ms, mfu 0.37%
iter 2920: loss 3.3069, time 1010.96ms, mfu 0.37%
iter 2930: loss 3.2964, time 1010.93ms, mfu 0.37%
iter 2940: loss 3.3457, time 1009.27ms, mfu 0.37%
iter 2950: loss 3.2928, time 1011.72ms, mfu 0.37%
iter 2960: loss 3.3005, time 1007.23ms, mfu 0.37%
iter 2970: loss 3.3211, time 1022.78ms, mfu 0.37%
iter 2980: loss 3.2855, time 1008.23ms, mfu 0.37%
iter 2990: loss 3.3130, time 1010.56ms, mfu 0.37%
step 3000: train loss 3.3113, val loss 3.3497
saving checkpoint to /net/scratch2/junyuren/nanoGPT-manifold/out-phase1.2-qkv-noskip
iter 3000: loss 3.3374, time 7280.53ms, mfu 0.34%
iter 3010: loss 3.3246, time 1014.87ms, mfu 0.34%
iter 3020: loss 3.2790, time 1009.72ms, mfu 0.34%
iter 3030: loss 3.3144, time 1013.44ms, mfu 0.35%
iter 3040: loss 3.2976, time 1008.42ms, mfu 0.35%
iter 3050: loss 3.3349, time 1011.80ms, mfu 0.35%
iter 3060: loss 3.3152, time 1013.44ms, mfu 0.35%
iter 3070: loss 3.2948, time 1008.29ms, mfu 0.35%
iter 3080: loss 3.3120, time 1007.48ms, mfu 0.35%
iter 3090: loss 3.3141, time 1006.80ms, mfu 0.36%
iter 3100: loss 3.3151, time 1010.40ms, mfu 0.36%
iter 3110: loss 3.2969, time 1012.14ms, mfu 0.36%
iter 3120: loss 3.3112, time 1010.87ms, mfu 0.36%
iter 3130: loss 3.3309, time 1012.47ms, mfu 0.36%
iter 3140: loss 3.2843, time 1008.47ms, mfu 0.36%
iter 3150: loss 3.3241, time 1013.90ms, mfu 0.36%
iter 3160: loss 3.2655, time 1007.17ms, mfu 0.36%
iter 3170: loss 3.3453, time 1010.90ms, mfu 0.36%
iter 3180: loss 3.3001, time 1013.52ms, mfu 0.36%
iter 3190: loss 3.3155, time 1014.95ms, mfu 0.36%
iter 3200: loss 3.2914, time 1011.54ms, mfu 0.36%
iter 3210: loss 3.3256, time 1005.99ms, mfu 0.37%
iter 3220: loss 3.3114, time 1011.82ms, mfu 0.37%
iter 3230: loss 3.3111, time 1009.25ms, mfu 0.37%
iter 3240: loss 3.2929, time 1015.33ms, mfu 0.37%
iter 3250: loss 3.3178, time 1009.72ms, mfu 0.37%
iter 3260: loss 3.3006, time 1012.12ms, mfu 0.37%
iter 3270: loss 3.3320, time 1007.78ms, mfu 0.37%
iter 3280: loss 3.2610, time 1011.91ms, mfu 0.37%
iter 3290: loss 3.2838, time 1011.63ms, mfu 0.37%
iter 3300: loss 3.3063, time 1015.05ms, mfu 0.37%
iter 3310: loss 3.2880, time 1013.10ms, mfu 0.37%
iter 3320: loss 3.2913, time 1011.50ms, mfu 0.37%
iter 3330: loss 3.2900, time 1012.92ms, mfu 0.37%
iter 3340: loss 3.3491, time 1012.66ms, mfu 0.37%
iter 3350: loss 3.3053, time 1013.23ms, mfu 0.37%
iter 3360: loss 3.2846, time 1011.14ms, mfu 0.37%
iter 3370: loss 3.3084, time 1012.51ms, mfu 0.37%
iter 3380: loss 3.3035, time 1007.76ms, mfu 0.37%
iter 3390: loss 3.3212, time 1012.36ms, mfu 0.37%
iter 3400: loss 3.3106, time 1011.86ms, mfu 0.37%
iter 3410: loss 3.3183, time 1012.74ms, mfu 0.37%
iter 3420: loss 3.3098, time 1014.37ms, mfu 0.37%
iter 3430: loss 3.2771, time 1011.62ms, mfu 0.37%
iter 3440: loss 3.3008, time 1009.50ms, mfu 0.37%
iter 3450: loss 3.3052, time 1011.69ms, mfu 0.37%
iter 3460: loss 3.3225, time 1011.32ms, mfu 0.37%
iter 3470: loss 3.2956, time 1013.67ms, mfu 0.37%
iter 3480: loss 3.3141, time 1015.70ms, mfu 0.37%
iter 3490: loss 3.2804, time 1011.16ms, mfu 0.37%
step 3500: train loss 3.3093, val loss 3.3498
saving checkpoint to /net/scratch2/junyuren/nanoGPT-manifold/out-phase1.2-qkv-noskip
iter 3500: loss 3.2922, time 7282.23ms, mfu 0.34%
iter 3510: loss 3.3199, time 1010.62ms, mfu 0.34%
iter 3520: loss 3.3164, time 1016.05ms, mfu 0.34%
iter 3530: loss 3.3267, time 1009.96ms, mfu 0.34%
iter 3540: loss 3.3206, time 1012.54ms, mfu 0.35%
iter 3550: loss 3.3209, time 1018.21ms, mfu 0.35%
iter 3560: loss 3.2881, time 1017.63ms, mfu 0.35%
iter 3570: loss 3.3156, time 1015.84ms, mfu 0.35%
iter 3580: loss 3.3036, time 1014.70ms, mfu 0.35%
iter 3590: loss 3.3251, time 1015.44ms, mfu 0.36%
iter 3600: loss 3.3576, time 1013.47ms, mfu 0.36%
iter 3610: loss 3.3120, time 1007.31ms, mfu 0.36%
iter 3620: loss 3.2991, time 1012.65ms, mfu 0.36%
iter 3630: loss 3.3181, time 1007.31ms, mfu 0.36%
iter 3640: loss 3.2674, time 1012.46ms, mfu 0.36%
iter 3650: loss 3.3030, time 1013.45ms, mfu 0.36%
iter 3660: loss 3.2887, time 1016.41ms, mfu 0.36%
iter 3670: loss 3.3083, time 1011.36ms, mfu 0.36%
iter 3680: loss 3.3221, time 1016.93ms, mfu 0.36%
iter 3690: loss 3.3301, time 1012.71ms, mfu 0.36%
iter 3700: loss 3.3179, time 1016.10ms, mfu 0.36%
iter 3710: loss 3.3152, time 1009.10ms, mfu 0.36%
iter 3720: loss 3.2926, time 1010.92ms, mfu 0.36%
iter 3730: loss 3.3018, time 1013.06ms, mfu 0.37%
iter 3740: loss 3.3091, time 1014.09ms, mfu 0.37%
iter 3750: loss 3.2935, time 1009.90ms, mfu 0.37%
iter 3760: loss 3.3320, time 1010.34ms, mfu 0.37%
iter 3770: loss 3.3082, time 1013.58ms, mfu 0.37%
iter 3780: loss 3.2853, time 1008.76ms, mfu 0.37%
iter 3790: loss 3.3025, time 1014.74ms, mfu 0.37%
iter 3800: loss 3.3219, time 1012.73ms, mfu 0.37%
iter 3810: loss 3.3155, time 1016.29ms, mfu 0.37%
iter 3820: loss 3.3346, time 1012.85ms, mfu 0.37%
iter 3830: loss 3.3282, time 1005.54ms, mfu 0.37%
iter 3840: loss 3.3093, time 1010.59ms, mfu 0.37%
iter 3850: loss 3.2988, time 1011.38ms, mfu 0.37%
iter 3860: loss 3.3009, time 1010.84ms, mfu 0.37%
iter 3870: loss 3.3133, time 1018.82ms, mfu 0.37%
iter 3880: loss 3.3312, time 1015.20ms, mfu 0.37%
iter 3890: loss 3.3074, time 1014.89ms, mfu 0.37%
iter 3900: loss 3.3138, time 1010.99ms, mfu 0.37%
iter 3910: loss 3.3175, time 1011.79ms, mfu 0.37%
iter 3920: loss 3.3024, time 1019.42ms, mfu 0.37%
iter 3930: loss 3.2970, time 1016.69ms, mfu 0.37%
iter 3940: loss 3.3268, time 1013.22ms, mfu 0.37%
iter 3950: loss 3.3307, time 1012.94ms, mfu 0.37%
iter 3960: loss 3.3077, time 1013.84ms, mfu 0.37%
iter 3970: loss 3.3288, time 1017.38ms, mfu 0.37%
iter 3980: loss 3.3008, time 1016.48ms, mfu 0.37%
iter 3990: loss 3.3194, time 1016.94ms, mfu 0.37%
step 4000: train loss 3.3095, val loss 3.3491
saving checkpoint to /net/scratch2/junyuren/nanoGPT-manifold/out-phase1.2-qkv-noskip
iter 4000: loss 3.3108, time 7322.36ms, mfu 0.34%
iter 4010: loss 3.3027, time 1015.40ms, mfu 0.34%
iter 4020: loss 3.3155, time 1015.44ms, mfu 0.34%
iter 4030: loss 3.3475, time 1016.16ms, mfu 0.34%
iter 4040: loss 3.3193, time 1013.14ms, mfu 0.35%
iter 4050: loss 3.3018, time 1014.65ms, mfu 0.35%
iter 4060: loss 3.3165, time 1009.28ms, mfu 0.35%
iter 4070: loss 3.2935, time 1018.82ms, mfu 0.35%
iter 4080: loss 3.3170, time 1009.06ms, mfu 0.35%
iter 4090: loss 3.3246, time 1019.90ms, mfu 0.35%
iter 4100: loss 3.3010, time 1020.06ms, mfu 0.36%
iter 4110: loss 3.2825, time 1019.28ms, mfu 0.36%
iter 4120: loss 3.3137, time 1013.17ms, mfu 0.36%
iter 4130: loss 3.3120, time 1015.02ms, mfu 0.36%
iter 4140: loss 3.3364, time 1011.06ms, mfu 0.36%
iter 4150: loss 3.2868, time 1013.21ms, mfu 0.36%
iter 4160: loss 3.3315, time 1010.45ms, mfu 0.36%
iter 4170: loss 3.3521, time 1016.73ms, mfu 0.36%
iter 4180: loss 3.3084, time 1011.35ms, mfu 0.36%
iter 4190: loss 3.3131, time 1010.04ms, mfu 0.36%
iter 4200: loss 3.3306, time 1017.44ms, mfu 0.36%
iter 4210: loss 3.2893, time 1018.82ms, mfu 0.36%
iter 4220: loss 3.3308, time 1018.13ms, mfu 0.36%
iter 4230: loss 3.3213, time 1013.83ms, mfu 0.36%
iter 4240: loss 3.3249, time 1013.10ms, mfu 0.36%
iter 4250: loss 3.2877, time 1036.06ms, mfu 0.36%
iter 4260: loss 3.3029, time 1019.26ms, mfu 0.36%
iter 4270: loss 3.3008, time 1013.85ms, mfu 0.36%
iter 4280: loss 3.3133, time 1015.04ms, mfu 0.36%
iter 4290: loss 3.3098, time 1015.46ms, mfu 0.37%
iter 4300: loss 3.3113, time 1013.76ms, mfu 0.37%
iter 4310: loss 3.3048, time 1021.78ms, mfu 0.37%
iter 4320: loss 3.3149, time 1018.93ms, mfu 0.37%
iter 4330: loss 3.3245, time 1015.34ms, mfu 0.37%
iter 4340: loss 3.3352, time 1016.89ms, mfu 0.37%
iter 4350: loss 3.3169, time 1019.13ms, mfu 0.37%
iter 4360: loss 3.3195, time 1016.06ms, mfu 0.37%
iter 4370: loss 3.2963, time 1016.39ms, mfu 0.37%
iter 4380: loss 3.3013, time 1016.54ms, mfu 0.37%
iter 4390: loss 3.3182, time 1012.48ms, mfu 0.37%
iter 4400: loss 3.3176, time 1015.10ms, mfu 0.37%
iter 4410: loss 3.3216, time 1017.55ms, mfu 0.37%
iter 4420: loss 3.3191, time 1018.93ms, mfu 0.37%
iter 4430: loss 3.3467, time 1011.45ms, mfu 0.37%
iter 4440: loss 3.3007, time 1020.64ms, mfu 0.37%
iter 4450: loss 3.2892, time 1019.16ms, mfu 0.37%
iter 4460: loss 3.3384, time 1010.25ms, mfu 0.37%
iter 4470: loss 3.3029, time 1012.43ms, mfu 0.37%
iter 4480: loss 3.3186, time 1014.89ms, mfu 0.37%
iter 4490: loss 3.3091, time 1014.73ms, mfu 0.37%
step 4500: train loss 3.3114, val loss 3.3491
saving checkpoint to /net/scratch2/junyuren/nanoGPT-manifold/out-phase1.2-qkv-noskip
iter 4500: loss 3.2738, time 7332.46ms, mfu 0.34%
iter 4510: loss 3.3332, time 1021.41ms, mfu 0.34%
iter 4520: loss 3.3170, time 1016.72ms, mfu 0.34%
iter 4530: loss 3.2977, time 1019.90ms, mfu 0.34%
iter 4540: loss 3.2856, time 1018.56ms, mfu 0.35%
iter 4550: loss 3.3286, time 1021.92ms, mfu 0.35%
iter 4560: loss 3.2953, time 1017.91ms, mfu 0.35%
iter 4570: loss 3.3115, time 1017.96ms, mfu 0.35%
iter 4580: loss 3.2910, time 1018.89ms, mfu 0.35%
iter 4590: loss 3.3021, time 1018.68ms, mfu 0.35%
iter 4600: loss 3.2994, time 1018.30ms, mfu 0.36%
iter 4610: loss 3.3002, time 1017.23ms, mfu 0.36%
iter 4620: loss 3.3209, time 1015.65ms, mfu 0.36%
iter 4630: loss 3.3307, time 1011.64ms, mfu 0.36%
iter 4640: loss 3.3091, time 1015.19ms, mfu 0.36%
iter 4650: loss 3.3028, time 1019.56ms, mfu 0.36%
iter 4660: loss 3.3214, time 1018.28ms, mfu 0.36%
iter 4670: loss 3.2929, time 1010.90ms, mfu 0.36%
iter 4680: loss 3.3145, time 1015.57ms, mfu 0.36%
iter 4690: loss 3.3028, time 1008.72ms, mfu 0.36%
iter 4700: loss 3.3299, time 1015.03ms, mfu 0.36%
iter 4710: loss 3.3401, time 1012.21ms, mfu 0.36%
iter 4720: loss 3.2980, time 1012.13ms, mfu 0.36%
iter 4730: loss 3.2894, time 1012.51ms, mfu 0.36%
iter 4740: loss 3.3821, time 1016.63ms, mfu 0.36%
iter 4750: loss 3.2728, time 1013.88ms, mfu 0.36%
iter 4760: loss 3.3275, time 1008.64ms, mfu 0.37%
iter 4770: loss 3.3134, time 1016.69ms, mfu 0.37%
iter 4780: loss 3.3216, time 1010.78ms, mfu 0.37%
iter 4790: loss 3.3338, time 1016.26ms, mfu 0.37%
iter 4800: loss 3.2858, time 1010.44ms, mfu 0.37%
iter 4810: loss 3.3045, time 1012.56ms, mfu 0.37%
iter 4820: loss 3.3315, time 1014.38ms, mfu 0.37%
iter 4830: loss 3.3217, time 1011.78ms, mfu 0.37%
iter 4840: loss 3.3208, time 1015.77ms, mfu 0.37%
iter 4850: loss 3.2908, time 1010.24ms, mfu 0.37%
iter 4860: loss 3.3222, time 1010.11ms, mfu 0.37%
iter 4870: loss 3.2929, time 1012.10ms, mfu 0.37%
iter 4880: loss 3.3310, time 1012.82ms, mfu 0.37%
iter 4890: loss 3.3143, time 1010.98ms, mfu 0.37%
iter 4900: loss 3.3378, time 1016.93ms, mfu 0.37%
iter 4910: loss 3.3173, time 1011.38ms, mfu 0.37%
iter 4920: loss 3.3100, time 1013.16ms, mfu 0.37%
iter 4930: loss 3.3374, time 1041.53ms, mfu 0.37%
iter 4940: loss 3.3165, time 1012.40ms, mfu 0.37%
iter 4950: loss 3.2812, time 1015.38ms, mfu 0.37%
iter 4960: loss 3.3209, time 1015.73ms, mfu 0.37%
iter 4970: loss 3.3038, time 1013.22ms, mfu 0.37%
iter 4980: loss 3.3180, time 1012.02ms, mfu 0.37%
iter 4990: loss 3.3094, time 1018.08ms, mfu 0.37%
step 5000: train loss 3.3099, val loss 3.3491
saving checkpoint to /net/scratch2/junyuren/nanoGPT-manifold/out-phase1.2-qkv-noskip
iter 5000: loss 3.2992, time 7291.64ms, mfu 0.34%
iter 5010: loss 3.3247, time 1017.52ms, mfu 0.34%
iter 5020: loss 3.3061, time 1019.14ms, mfu 0.34%
iter 5030: loss 3.3076, time 1014.77ms, mfu 0.34%
iter 5040: loss 3.3188, time 1012.12ms, mfu 0.35%
iter 5050: loss 3.3176, time 1015.67ms, mfu 0.35%
iter 5060: loss 3.3014, time 1013.68ms, mfu 0.35%
iter 5070: loss 3.3008, time 1018.00ms, mfu 0.35%
iter 5080: loss 3.3149, time 1017.63ms, mfu 0.35%
iter 5090: loss 3.3062, time 1011.06ms, mfu 0.35%
iter 5100: loss 3.2999, time 1017.18ms, mfu 0.36%
iter 5110: loss 3.3332, time 1012.34ms, mfu 0.36%
iter 5120: loss 3.3044, time 1015.98ms, mfu 0.36%
iter 5130: loss 3.2854, time 1012.96ms, mfu 0.36%
iter 5140: loss 3.3062, time 1014.28ms, mfu 0.36%
iter 5150: loss 3.3121, time 1016.39ms, mfu 0.36%
iter 5160: loss 3.2820, time 1014.84ms, mfu 0.36%
iter 5170: loss 3.2988, time 1017.87ms, mfu 0.36%
iter 5180: loss 3.3241, time 1025.59ms, mfu 0.36%
iter 5190: loss 3.2995, time 1015.49ms, mfu 0.36%
iter 5200: loss 3.3228, time 1020.27ms, mfu 0.36%
iter 5210: loss 3.3189, time 1029.10ms, mfu 0.36%
iter 5220: loss 3.3214, time 1010.87ms, mfu 0.36%
iter 5230: loss 3.3064, time 1023.18ms, mfu 0.36%
iter 5240: loss 3.3330, time 1013.74ms, mfu 0.36%
iter 5250: loss 3.3067, time 1012.36ms, mfu 0.36%
iter 5260: loss 3.2942, time 1009.92ms, mfu 0.36%
iter 5270: loss 3.3054, time 1010.45ms, mfu 0.37%
iter 5280: loss 3.3028, time 1014.78ms, mfu 0.37%
iter 5290: loss 3.3033, time 1020.42ms, mfu 0.37%
iter 5300: loss 3.3629, time 1012.16ms, mfu 0.37%
iter 5310: loss 3.3045, time 1010.93ms, mfu 0.37%
iter 5320: loss 3.2923, time 1013.89ms, mfu 0.37%
iter 5330: loss 3.3327, time 1014.81ms, mfu 0.37%
iter 5340: loss 3.3012, time 1007.65ms, mfu 0.37%
iter 5350: loss 3.3142, time 1017.91ms, mfu 0.37%
iter 5360: loss 3.2874, time 1015.20ms, mfu 0.37%
iter 5370: loss 3.3204, time 1015.32ms, mfu 0.37%
iter 5380: loss 3.2988, time 1014.08ms, mfu 0.37%
iter 5390: loss 3.2924, time 1015.59ms, mfu 0.37%
iter 5400: loss 3.3060, time 1019.60ms, mfu 0.37%
iter 5410: loss 3.2947, time 1017.75ms, mfu 0.37%
iter 5420: loss 3.3242, time 1014.08ms, mfu 0.37%
iter 5430: loss 3.3217, time 1015.04ms, mfu 0.37%
iter 5440: loss 3.3029, time 1015.29ms, mfu 0.37%
iter 5450: loss 3.3630, time 1012.64ms, mfu 0.37%
iter 5460: loss 3.3132, time 1012.67ms, mfu 0.37%
iter 5470: loss 3.3032, time 1014.43ms, mfu 0.37%
iter 5480: loss 3.2841, time 1014.15ms, mfu 0.37%
iter 5490: loss 3.3265, time 1018.86ms, mfu 0.37%
step 5500: train loss 3.3075, val loss 3.3455
saving checkpoint to /net/scratch2/junyuren/nanoGPT-manifold/out-phase1.2-qkv-noskip
iter 5500: loss 3.3282, time 7290.02ms, mfu 0.34%
iter 5510: loss 3.2838, time 1015.59ms, mfu 0.34%
iter 5520: loss 3.3312, time 1018.89ms, mfu 0.34%
iter 5530: loss 3.3371, time 1014.41ms, mfu 0.34%
iter 5540: loss 3.3276, time 1011.74ms, mfu 0.35%
iter 5550: loss 3.2913, time 1014.84ms, mfu 0.35%
iter 5560: loss 3.3042, time 1022.03ms, mfu 0.35%
iter 5570: loss 3.3259, time 1025.04ms, mfu 0.35%
iter 5580: loss 3.3146, time 1016.93ms, mfu 0.35%
iter 5590: loss 3.3054, time 1027.03ms, mfu 0.35%
iter 5600: loss 3.3123, time 1017.98ms, mfu 0.36%
iter 5610: loss 3.2863, time 1020.29ms, mfu 0.36%
iter 5620: loss 3.3308, time 1023.45ms, mfu 0.36%
iter 5630: loss 3.3198, time 1017.07ms, mfu 0.36%
iter 5640: loss 3.2923, time 1017.26ms, mfu 0.36%
iter 5650: loss 3.3208, time 1014.09ms, mfu 0.36%
iter 5660: loss 3.3326, time 1021.09ms, mfu 0.36%
iter 5670: loss 3.3085, time 1022.68ms, mfu 0.36%
iter 5680: loss 3.2892, time 1019.16ms, mfu 0.36%
iter 5690: loss 3.3019, time 1013.42ms, mfu 0.36%
iter 5700: loss 3.3454, time 1010.64ms, mfu 0.36%
iter 5710: loss 3.3089, time 1016.52ms, mfu 0.36%
iter 5720: loss 3.2613, time 1009.76ms, mfu 0.36%
iter 5730: loss 3.3210, time 1014.57ms, mfu 0.36%
iter 5740: loss 3.3239, time 1012.35ms, mfu 0.36%
iter 5750: loss 3.2859, time 1015.86ms, mfu 0.36%
iter 5760: loss 3.2967, time 1013.54ms, mfu 0.36%
iter 5770: loss 3.3117, time 1014.77ms, mfu 0.37%
iter 5780: loss 3.3159, time 1008.99ms, mfu 0.37%
iter 5790: loss 3.3328, time 1012.83ms, mfu 0.37%
iter 5800: loss 3.3214, time 1017.52ms, mfu 0.37%
iter 5810: loss 3.3294, time 1016.63ms, mfu 0.37%
iter 5820: loss 3.3475, time 1010.24ms, mfu 0.37%
iter 5830: loss 3.2928, time 1015.11ms, mfu 0.37%
iter 5840: loss 3.3557, time 1008.32ms, mfu 0.37%
iter 5850: loss 3.3247, time 1007.59ms, mfu 0.37%
iter 5860: loss 3.3376, time 1013.46ms, mfu 0.37%
iter 5870: loss 3.3049, time 1019.58ms, mfu 0.37%
iter 5880: loss 3.2958, time 1014.05ms, mfu 0.37%
iter 5890: loss 3.2900, time 1012.71ms, mfu 0.37%
iter 5900: loss 3.3003, time 1013.77ms, mfu 0.37%
iter 5910: loss 3.3257, time 1010.48ms, mfu 0.37%
iter 5920: loss 3.3078, time 1014.45ms, mfu 0.37%
iter 5930: loss 3.3310, time 1016.22ms, mfu 0.37%
iter 5940: loss 3.3158, time 1017.06ms, mfu 0.37%
iter 5950: loss 3.2959, time 1018.22ms, mfu 0.37%
iter 5960: loss 3.2895, time 1017.00ms, mfu 0.37%
iter 5970: loss 3.2982, time 1012.14ms, mfu 0.37%
iter 5980: loss 3.3300, time 1018.94ms, mfu 0.37%
iter 5990: loss 3.3131, time 1024.39ms, mfu 0.37%
step 6000: train loss 3.3095, val loss 3.3481
saving checkpoint to /net/scratch2/junyuren/nanoGPT-manifold/out-phase1.2-qkv-noskip
iter 6000: loss 3.2968, time 7324.23ms, mfu 0.34%
iter 6010: loss 3.3395, time 1020.07ms, mfu 0.34%
iter 6020: loss 3.3258, time 1010.92ms, mfu 0.34%
iter 6030: loss 3.2975, time 1016.15ms, mfu 0.34%
iter 6040: loss 3.2898, time 1011.24ms, mfu 0.35%
iter 6050: loss 3.2858, time 1009.96ms, mfu 0.35%
iter 6060: loss 3.2958, time 1014.85ms, mfu 0.35%
iter 6070: loss 3.3079, time 1016.89ms, mfu 0.35%
iter 6080: loss 3.3059, time 1016.71ms, mfu 0.35%
iter 6090: loss 3.3170, time 1011.86ms, mfu 0.35%
iter 6100: loss 3.3259, time 1028.43ms, mfu 0.36%
iter 6110: loss 3.3000, time 1015.29ms, mfu 0.36%
iter 6120: loss 3.3252, time 1012.07ms, mfu 0.36%
iter 6130: loss 3.3259, time 1010.38ms, mfu 0.36%
iter 6140: loss 3.3494, time 1040.35ms, mfu 0.36%
iter 6150: loss 3.3120, time 1007.51ms, mfu 0.36%
iter 6160: loss 3.3032, time 1018.20ms, mfu 0.36%
iter 6170: loss 3.3051, time 1018.19ms, mfu 0.36%
iter 6180: loss 3.2955, time 1016.93ms, mfu 0.36%
iter 6190: loss 3.3224, time 1014.24ms, mfu 0.36%
iter 6200: loss 3.3075, time 1042.76ms, mfu 0.36%
iter 6210: loss 3.3134, time 1014.83ms, mfu 0.36%
iter 6220: loss 3.3047, time 1014.10ms, mfu 0.36%
iter 6230: loss 3.3581, time 1015.32ms, mfu 0.36%
iter 6240: loss 3.2998, time 1013.46ms, mfu 0.36%
iter 6250: loss 3.3052, time 1017.57ms, mfu 0.36%
iter 6260: loss 3.3005, time 1019.95ms, mfu 0.36%
iter 6270: loss 3.3028, time 1020.41ms, mfu 0.36%
iter 6280: loss 3.2992, time 1014.79ms, mfu 0.36%
iter 6290: loss 3.3402, time 1018.14ms, mfu 0.36%
iter 6300: loss 3.3452, time 1020.86ms, mfu 0.36%
iter 6310: loss 3.3335, time 1023.60ms, mfu 0.36%
iter 6320: loss 3.3152, time 1015.51ms, mfu 0.36%
iter 6330: loss 3.2981, time 1013.39ms, mfu 0.37%
iter 6340: loss 3.3189, time 1015.04ms, mfu 0.37%
iter 6350: loss 3.3114, time 1013.00ms, mfu 0.37%
iter 6360: loss 3.3180, time 1014.35ms, mfu 0.37%
iter 6370: loss 3.2839, time 1013.96ms, mfu 0.37%
iter 6380: loss 3.3145, time 1018.32ms, mfu 0.37%
iter 6390: loss 3.3091, time 1016.58ms, mfu 0.37%
iter 6400: loss 3.3098, time 1024.60ms, mfu 0.37%
iter 6410: loss 3.3021, time 1015.62ms, mfu 0.37%
iter 6420: loss 3.3205, time 1015.32ms, mfu 0.37%
iter 6430: loss 3.3175, time 1014.59ms, mfu 0.37%
iter 6440: loss 3.3025, time 1010.01ms, mfu 0.37%
iter 6450: loss 3.2938, time 1012.25ms, mfu 0.37%
iter 6460: loss 3.3448, time 1013.80ms, mfu 0.37%
iter 6470: loss 3.3208, time 1009.58ms, mfu 0.37%
iter 6480: loss 3.3215, time 1008.15ms, mfu 0.37%
iter 6490: loss 3.3064, time 1016.33ms, mfu 0.37%
step 6500: train loss 3.3119, val loss 3.3486
saving checkpoint to /net/scratch2/junyuren/nanoGPT-manifold/out-phase1.2-qkv-noskip
iter 6500: loss 3.2902, time 7348.13ms, mfu 0.34%
iter 6510: loss 3.2913, time 1018.73ms, mfu 0.34%
iter 6520: loss 3.3169, time 1015.22ms, mfu 0.34%
iter 6530: loss 3.2886, time 1026.56ms, mfu 0.34%
iter 6540: loss 3.2792, time 1026.17ms, mfu 0.35%
iter 6550: loss 3.2830, time 1017.17ms, mfu 0.35%
iter 6560: loss 3.3096, time 1019.33ms, mfu 0.35%
iter 6570: loss 3.2941, time 1012.26ms, mfu 0.35%
iter 6580: loss 3.3133, time 1017.87ms, mfu 0.35%
iter 6590: loss 3.2990, time 1019.36ms, mfu 0.35%
iter 6600: loss 3.3360, time 1016.80ms, mfu 0.36%
iter 6610: loss 3.2668, time 1023.72ms, mfu 0.36%
iter 6620: loss 3.2763, time 1017.82ms, mfu 0.36%
iter 6630: loss 3.3220, time 1018.14ms, mfu 0.36%
iter 6640: loss 3.3328, time 1018.04ms, mfu 0.36%
iter 6650: loss 3.2918, time 1012.05ms, mfu 0.36%
iter 6660: loss 3.3030, time 1021.91ms, mfu 0.36%
iter 6670: loss 3.3234, time 1019.91ms, mfu 0.36%
iter 6680: loss 3.3098, time 1018.80ms, mfu 0.36%
iter 6690: loss 3.3322, time 1018.58ms, mfu 0.36%
iter 6700: loss 3.3452, time 1013.01ms, mfu 0.36%
iter 6710: loss 3.3469, time 1013.57ms, mfu 0.36%
iter 6720: loss 3.3137, time 1017.77ms, mfu 0.36%
iter 6730: loss 3.3021, time 1016.91ms, mfu 0.36%
iter 6740: loss 3.3170, time 1013.90ms, mfu 0.36%
iter 6750: loss 3.3413, time 1016.35ms, mfu 0.36%
iter 6760: loss 3.3099, time 1016.16ms, mfu 0.36%
iter 6770: loss 3.3090, time 1017.06ms, mfu 0.36%
iter 6780: loss 3.2896, time 1018.31ms, mfu 0.36%
iter 6790: loss 3.3014, time 1017.64ms, mfu 0.36%
iter 6800: loss 3.3322, time 1017.31ms, mfu 0.37%
iter 6810: loss 3.2902, time 1017.55ms, mfu 0.37%
iter 6820: loss 3.3124, time 1016.90ms, mfu 0.37%
iter 6830: loss 3.2965, time 1011.38ms, mfu 0.37%
iter 6840: loss 3.2816, time 1012.38ms, mfu 0.37%
iter 6850: loss 3.2943, time 1014.85ms, mfu 0.37%
iter 6860: loss 3.3132, time 1015.10ms, mfu 0.37%
iter 6870: loss 3.2896, time 1014.88ms, mfu 0.37%
iter 6880: loss 3.3362, time 1018.35ms, mfu 0.37%
iter 6890: loss 3.3207, time 1016.74ms, mfu 0.37%
iter 6900: loss 3.3127, time 1019.99ms, mfu 0.37%
iter 6910: loss 3.3478, time 1012.11ms, mfu 0.37%
iter 6920: loss 3.2975, time 1014.16ms, mfu 0.37%
iter 6930: loss 3.3017, time 1014.90ms, mfu 0.37%
iter 6940: loss 3.2919, time 1017.38ms, mfu 0.37%
iter 6950: loss 3.2942, time 1018.56ms, mfu 0.37%
iter 6960: loss 3.3276, time 1018.37ms, mfu 0.37%
iter 6970: loss 3.2936, time 1019.99ms, mfu 0.37%
iter 6980: loss 3.3577, time 1017.04ms, mfu 0.37%
iter 6990: loss 3.3122, time 1016.98ms, mfu 0.37%
step 7000: train loss 3.3088, val loss 3.3486
saving checkpoint to /net/scratch2/junyuren/nanoGPT-manifold/out-phase1.2-qkv-noskip
iter 7000: loss 3.2934, time 7486.68ms, mfu 0.33%
iter 7010: loss 3.2885, time 1021.24ms, mfu 0.34%
iter 7020: loss 3.3361, time 1029.13ms, mfu 0.34%
iter 7030: loss 3.2752, time 1019.15ms, mfu 0.34%
iter 7040: loss 3.3281, time 1022.25ms, mfu 0.34%
iter 7050: loss 3.3258, time 1023.23ms, mfu 0.35%
iter 7060: loss 3.2878, time 1021.16ms, mfu 0.35%
iter 7070: loss 3.3277, time 1019.08ms, mfu 0.35%
iter 7080: loss 3.3131, time 1018.06ms, mfu 0.35%
iter 7090: loss 3.2739, time 1021.57ms, mfu 0.35%
iter 7100: loss 3.2828, time 1017.36ms, mfu 0.35%
iter 7110: loss 3.3279, time 1014.29ms, mfu 0.36%
iter 7120: loss 3.3103, time 1022.81ms, mfu 0.36%
iter 7130: loss 3.2907, time 1022.20ms, mfu 0.36%
iter 7140: loss 3.2713, time 1017.32ms, mfu 0.36%
iter 7150: loss 3.3034, time 1014.83ms, mfu 0.36%
iter 7160: loss 3.3030, time 1017.13ms, mfu 0.36%
iter 7170: loss 3.3124, time 1015.24ms, mfu 0.36%
iter 7180: loss 3.3156, time 1020.08ms, mfu 0.36%
iter 7190: loss 3.3217, time 1017.54ms, mfu 0.36%
iter 7200: loss 3.3103, time 1021.21ms, mfu 0.36%
iter 7210: loss 3.3010, time 1017.35ms, mfu 0.36%
iter 7220: loss 3.3170, time 1021.94ms, mfu 0.36%
iter 7230: loss 3.3286, time 1021.12ms, mfu 0.36%
iter 7240: loss 3.3069, time 1024.27ms, mfu 0.36%
iter 7250: loss 3.3248, time 1026.95ms, mfu 0.36%
iter 7260: loss 3.2803, time 1013.52ms, mfu 0.36%
iter 7270: loss 3.3032, time 1017.76ms, mfu 0.36%
iter 7280: loss 3.2968, time 1017.73ms, mfu 0.36%
iter 7290: loss 3.3016, time 1014.64ms, mfu 0.36%
iter 7300: loss 3.3085, time 1021.58ms, mfu 0.36%
iter 7310: loss 3.3382, time 1018.13ms, mfu 0.36%
iter 7320: loss 3.2860, time 1017.70ms, mfu 0.36%
iter 7330: loss 3.2718, time 1015.98ms, mfu 0.36%
iter 7340: loss 3.3020, time 1020.56ms, mfu 0.36%
iter 7350: loss 3.3225, time 1019.57ms, mfu 0.36%
iter 7360: loss 3.3161, time 1018.87ms, mfu 0.37%
iter 7370: loss 3.3387, time 1017.71ms, mfu 0.37%
iter 7380: loss 3.3152, time 1013.03ms, mfu 0.37%
iter 7390: loss 3.3217, time 1019.97ms, mfu 0.37%
iter 7400: loss 3.2895, time 1014.69ms, mfu 0.37%
iter 7410: loss 3.3098, time 1014.36ms, mfu 0.37%
iter 7420: loss 3.3064, time 1019.15ms, mfu 0.37%
iter 7430: loss 3.3117, time 1023.61ms, mfu 0.37%
iter 7440: loss 3.2954, time 1021.78ms, mfu 0.37%
iter 7450: loss 3.3013, time 1027.09ms, mfu 0.37%
iter 7460: loss 3.3444, time 1020.22ms, mfu 0.37%
iter 7470: loss 3.2891, time 1018.83ms, mfu 0.37%
iter 7480: loss 3.3462, time 1014.32ms, mfu 0.37%
iter 7490: loss 3.3450, time 1024.04ms, mfu 0.37%
step 7500: train loss 3.3096, val loss 3.3479
saving checkpoint to /net/scratch2/junyuren/nanoGPT-manifold/out-phase1.2-qkv-noskip
iter 7500: loss 3.3114, time 7344.70ms, mfu 0.33%
iter 7510: loss 3.3255, time 1012.48ms, mfu 0.34%
iter 7520: loss 3.3163, time 1020.68ms, mfu 0.34%
iter 7530: loss 3.2981, time 1021.07ms, mfu 0.34%
iter 7540: loss 3.3137, time 1023.08ms, mfu 0.34%
iter 7550: loss 3.3307, time 1015.88ms, mfu 0.35%
iter 7560: loss 3.3045, time 1018.18ms, mfu 0.35%
iter 7570: loss 3.3110, time 1012.39ms, mfu 0.35%
iter 7580: loss 3.2860, time 1023.70ms, mfu 0.35%
iter 7590: loss 3.3158, time 1015.25ms, mfu 0.35%
iter 7600: loss 3.3190, time 1014.32ms, mfu 0.35%
iter 7610: loss 3.3225, time 1014.44ms, mfu 0.36%
iter 7620: loss 3.2896, time 1020.19ms, mfu 0.36%
iter 7630: loss 3.2831, time 1019.71ms, mfu 0.36%
iter 7640: loss 3.2988, time 1016.08ms, mfu 0.36%
iter 7650: loss 3.3258, time 1012.19ms, mfu 0.36%
iter 7660: loss 3.3120, time 1015.33ms, mfu 0.36%
iter 7670: loss 3.3268, time 1012.96ms, mfu 0.36%
iter 7680: loss 3.2925, time 1016.66ms, mfu 0.36%
iter 7690: loss 3.3084, time 1016.75ms, mfu 0.36%
iter 7700: loss 3.3034, time 1020.68ms, mfu 0.36%
iter 7710: loss 3.3177, time 1014.97ms, mfu 0.36%
iter 7720: loss 3.2976, time 1019.64ms, mfu 0.36%
iter 7730: loss 3.2871, time 1022.93ms, mfu 0.36%
iter 7740: loss 3.2677, time 1013.91ms, mfu 0.36%
iter 7750: loss 3.2971, time 1016.14ms, mfu 0.36%
iter 7760: loss 3.2900, time 1021.08ms, mfu 0.36%
iter 7770: loss 3.3247, time 1015.70ms, mfu 0.36%
iter 7780: loss 3.2912, time 1015.72ms, mfu 0.36%
iter 7790: loss 3.3058, time 1014.12ms, mfu 0.36%
iter 7800: loss 3.3036, time 1016.63ms, mfu 0.37%
iter 7810: loss 3.3192, time 1015.46ms, mfu 0.37%
iter 7820: loss 3.3190, time 1013.64ms, mfu 0.37%
iter 7830: loss 3.3025, time 1015.58ms, mfu 0.37%
iter 7840: loss 3.2990, time 1016.68ms, mfu 0.37%
iter 7850: loss 3.2710, time 1016.30ms, mfu 0.37%
iter 7860: loss 3.3091, time 1014.51ms, mfu 0.37%
iter 7870: loss 3.3238, time 1016.84ms, mfu 0.37%
iter 7880: loss 3.3261, time 1014.40ms, mfu 0.37%
iter 7890: loss 3.3295, time 1025.09ms, mfu 0.37%
iter 7900: loss 3.3086, time 1016.97ms, mfu 0.37%
iter 7910: loss 3.3157, time 1016.74ms, mfu 0.37%
iter 7920: loss 3.3105, time 1017.33ms, mfu 0.37%
iter 7930: loss 3.3252, time 1020.19ms, mfu 0.37%
iter 7940: loss 3.2955, time 1017.11ms, mfu 0.37%
iter 7950: loss 3.2575, time 1017.68ms, mfu 0.37%
iter 7960: loss 3.3103, time 1015.08ms, mfu 0.37%
iter 7970: loss 3.3036, time 1013.16ms, mfu 0.37%
iter 7980: loss 3.2933, time 1017.51ms, mfu 0.37%
iter 7990: loss 3.3020, time 1018.38ms, mfu 0.37%
step 8000: train loss 3.3065, val loss 3.3442
saving checkpoint to /net/scratch2/junyuren/nanoGPT-manifold/out-phase1.2-qkv-noskip
iter 8000: loss 3.3301, time 7316.51ms, mfu 0.33%
iter 8010: loss 3.2928, time 1018.31ms, mfu 0.34%
iter 8020: loss 3.3218, time 1014.71ms, mfu 0.34%
iter 8030: loss 3.3192, time 1017.18ms, mfu 0.34%
iter 8040: loss 3.3076, time 1021.06ms, mfu 0.35%
iter 8050: loss 3.3146, time 1014.41ms, mfu 0.35%
iter 8060: loss 3.2825, time 1022.02ms, mfu 0.35%
iter 8070: loss 3.3094, time 1022.94ms, mfu 0.35%
iter 8080: loss 3.3324, time 1020.10ms, mfu 0.35%
iter 8090: loss 3.3657, time 1020.63ms, mfu 0.35%
iter 8100: loss 3.3150, time 1030.07ms, mfu 0.35%
iter 8110: loss 3.3156, time 1018.36ms, mfu 0.36%
iter 8120: loss 3.3217, time 1017.62ms, mfu 0.36%
iter 8130: loss 3.3004, time 1017.41ms, mfu 0.36%
iter 8140: loss 3.3218, time 1028.49ms, mfu 0.36%
iter 8150: loss 3.3074, time 1022.61ms, mfu 0.36%
iter 8160: loss 3.2968, time 1016.54ms, mfu 0.36%
iter 8170: loss 3.2954, time 1020.53ms, mfu 0.36%
iter 8180: loss 3.3189, time 1021.51ms, mfu 0.36%
iter 8190: loss 3.2814, time 1021.55ms, mfu 0.36%
iter 8200: loss 3.3046, time 1018.39ms, mfu 0.36%
iter 8210: loss 3.2994, time 1019.33ms, mfu 0.36%
iter 8220: loss 3.3012, time 1015.38ms, mfu 0.36%
iter 8230: loss 3.3199, time 1022.39ms, mfu 0.36%
iter 8240: loss 3.2896, time 1015.44ms, mfu 0.36%
iter 8250: loss 3.3177, time 1017.29ms, mfu 0.36%
iter 8260: loss 3.2931, time 1022.77ms, mfu 0.36%
iter 8270: loss 3.3116, time 1021.46ms, mfu 0.36%
iter 8280: loss 3.3101, time 1021.69ms, mfu 0.36%
iter 8290: loss 3.3075, time 1022.31ms, mfu 0.36%
iter 8300: loss 3.3057, time 1021.08ms, mfu 0.36%
iter 8310: loss 3.3069, time 1018.09ms, mfu 0.36%
iter 8320: loss 3.2898, time 1021.25ms, mfu 0.36%
iter 8330: loss 3.2752, time 1020.73ms, mfu 0.36%
iter 8340: loss 3.3091, time 1019.00ms, mfu 0.36%
iter 8350: loss 3.3106, time 1024.65ms, mfu 0.36%
iter 8360: loss 3.3069, time 1023.04ms, mfu 0.36%
iter 8370: loss 3.3142, time 1029.21ms, mfu 0.36%
iter 8380: loss 3.3075, time 1024.38ms, mfu 0.36%
iter 8390: loss 3.2902, time 1025.20ms, mfu 0.36%
iter 8400: loss 3.2849, time 1019.35ms, mfu 0.36%
iter 8410: loss 3.3041, time 1013.37ms, mfu 0.36%
iter 8420: loss 3.2679, time 1027.06ms, mfu 0.36%
iter 8430: loss 3.2958, time 1026.92ms, mfu 0.36%
iter 8440: loss 3.3165, time 1018.49ms, mfu 0.36%
iter 8450: loss 3.2815, time 1014.41ms, mfu 0.36%
iter 8460: loss 3.2889, time 1018.59ms, mfu 0.36%
iter 8470: loss 3.3016, time 1018.95ms, mfu 0.36%
iter 8480: loss 3.2806, time 1024.62ms, mfu 0.36%
iter 8490: loss 3.3017, time 1017.56ms, mfu 0.36%
step 8500: train loss 3.3099, val loss 3.3450
saving checkpoint to /net/scratch2/junyuren/nanoGPT-manifold/out-phase1.2-qkv-noskip
iter 8500: loss 3.2989, time 7333.20ms, mfu 0.33%
iter 8510: loss 3.2893, time 1019.26ms, mfu 0.34%
iter 8520: loss 3.3146, time 1021.30ms, mfu 0.34%
iter 8530: loss 3.2842, time 1017.67ms, mfu 0.34%
iter 8540: loss 3.2818, time 1026.48ms, mfu 0.34%
iter 8550: loss 3.3114, time 1026.51ms, mfu 0.35%
iter 8560: loss 3.3155, time 1019.58ms, mfu 0.35%
iter 8570: loss 3.2989, time 1018.78ms, mfu 0.35%
iter 8580: loss 3.2887, time 1023.57ms, mfu 0.35%
iter 8590: loss 3.3354, time 1020.06ms, mfu 0.35%
iter 8600: loss 3.3529, time 1016.22ms, mfu 0.35%
iter 8610: loss 3.3156, time 1017.22ms, mfu 0.36%
iter 8620: loss 3.2746, time 1021.31ms, mfu 0.36%
iter 8630: loss 3.2945, time 1021.39ms, mfu 0.36%
iter 8640: loss 3.2880, time 1016.93ms, mfu 0.36%
iter 8650: loss 3.3057, time 1015.59ms, mfu 0.36%
iter 8660: loss 3.3097, time 1017.73ms, mfu 0.36%
iter 8670: loss 3.3429, time 1019.06ms, mfu 0.36%
iter 8680: loss 3.3095, time 1019.35ms, mfu 0.36%
iter 8690: loss 3.3119, time 1015.38ms, mfu 0.36%
iter 8700: loss 3.3400, time 1016.37ms, mfu 0.36%
iter 8710: loss 3.2979, time 1014.17ms, mfu 0.36%
iter 8720: loss 3.3167, time 1017.21ms, mfu 0.36%
iter 8730: loss 3.3164, time 1014.00ms, mfu 0.36%
iter 8740: loss 3.3049, time 1018.06ms, mfu 0.36%
iter 8750: loss 3.3395, time 1016.38ms, mfu 0.36%
iter 8760: loss 3.3365, time 1017.09ms, mfu 0.36%
iter 8770: loss 3.2829, time 1031.16ms, mfu 0.36%
iter 8780: loss 3.2886, time 1033.17ms, mfu 0.36%
iter 8790: loss 3.3000, time 1024.13ms, mfu 0.36%
iter 8800: loss 3.3043, time 1020.33ms, mfu 0.36%
iter 8810: loss 3.2881, time 1024.83ms, mfu 0.36%
iter 8820: loss 3.3241, time 1020.28ms, mfu 0.36%
iter 8830: loss 3.2767, time 1024.34ms, mfu 0.36%
iter 8840: loss 3.3197, time 1019.63ms, mfu 0.36%
iter 8850: loss 3.3526, time 1024.73ms, mfu 0.36%
iter 8860: loss 3.3301, time 1021.54ms, mfu 0.36%
iter 8870: loss 3.3323, time 1022.05ms, mfu 0.36%
iter 8880: loss 3.3116, time 1023.36ms, mfu 0.36%
iter 8890: loss 3.3115, time 1023.05ms, mfu 0.36%
iter 8900: loss 3.2856, time 1020.84ms, mfu 0.36%
iter 8910: loss 3.3164, time 1018.57ms, mfu 0.36%
iter 8920: loss 3.3145, time 1020.87ms, mfu 0.36%
iter 8930: loss 3.3033, time 1017.06ms, mfu 0.36%
iter 8940: loss 3.2966, time 1017.36ms, mfu 0.36%
iter 8950: loss 3.2922, time 1022.15ms, mfu 0.36%
iter 8960: loss 3.2915, time 1021.14ms, mfu 0.36%
iter 8970: loss 3.3255, time 1023.20ms, mfu 0.36%
iter 8980: loss 3.3313, time 1020.61ms, mfu 0.36%
iter 8990: loss 3.3168, time 1020.25ms, mfu 0.36%
step 9000: train loss 3.3064, val loss 3.3446
saving checkpoint to /net/scratch2/junyuren/nanoGPT-manifold/out-phase1.2-qkv-noskip
iter 9000: loss 3.3206, time 7314.35ms, mfu 0.33%
iter 9010: loss 3.3263, time 1023.51ms, mfu 0.34%
iter 9020: loss 3.2909, time 1017.52ms, mfu 0.34%
iter 9030: loss 3.3411, time 1027.49ms, mfu 0.34%
iter 9040: loss 3.2902, time 1021.07ms, mfu 0.34%
iter 9050: loss 3.3085, time 1016.90ms, mfu 0.35%
iter 9060: loss 3.3304, time 1014.45ms, mfu 0.35%
iter 9070: loss 3.2849, time 1026.00ms, mfu 0.35%
iter 9080: loss 3.3400, time 1024.39ms, mfu 0.35%
iter 9090: loss 3.3074, time 1019.48ms, mfu 0.35%
iter 9100: loss 3.3034, time 1023.62ms, mfu 0.35%
iter 9110: loss 3.2925, time 1017.38ms, mfu 0.36%
iter 9120: loss 3.3390, time 1018.80ms, mfu 0.36%
iter 9130: loss 3.3149, time 1016.17ms, mfu 0.36%
iter 9140: loss 3.3176, time 1020.77ms, mfu 0.36%
iter 9150: loss 3.3134, time 1018.17ms, mfu 0.36%
iter 9160: loss 3.3199, time 1023.70ms, mfu 0.36%
iter 9170: loss 3.3196, time 1017.37ms, mfu 0.36%
iter 9180: loss 3.3206, time 1020.62ms, mfu 0.36%
iter 9190: loss 3.2918, time 1017.11ms, mfu 0.36%
iter 9200: loss 3.2969, time 1022.06ms, mfu 0.36%
iter 9210: loss 3.2913, time 1021.00ms, mfu 0.36%
iter 9220: loss 3.2993, time 1022.26ms, mfu 0.36%
iter 9230: loss 3.3306, time 1018.73ms, mfu 0.36%
iter 9240: loss 3.2716, time 1018.67ms, mfu 0.36%
iter 9250: loss 3.2786, time 1020.32ms, mfu 0.36%
iter 9260: loss 3.3177, time 1016.49ms, mfu 0.36%
iter 9270: loss 3.3140, time 1023.09ms, mfu 0.36%
iter 9280: loss 3.2954, time 1017.11ms, mfu 0.36%
iter 9290: loss 3.3070, time 1022.98ms, mfu 0.36%
iter 9300: loss 3.3302, time 1017.52ms, mfu 0.36%
iter 9310: loss 3.3221, time 1018.08ms, mfu 0.36%
iter 9320: loss 3.2905, time 1024.06ms, mfu 0.36%
iter 9330: loss 3.3387, time 1016.55ms, mfu 0.36%
iter 9340: loss 3.3213, time 1017.80ms, mfu 0.36%
iter 9350: loss 3.2820, time 1017.43ms, mfu 0.36%
iter 9360: loss 3.3203, time 1020.41ms, mfu 0.36%
iter 9370: loss 3.3084, time 1016.79ms, mfu 0.36%
iter 9380: loss 3.3246, time 1017.59ms, mfu 0.37%
iter 9390: loss 3.2919, time 1017.28ms, mfu 0.37%
iter 9400: loss 3.3188, time 1012.10ms, mfu 0.37%
iter 9410: loss 3.2863, time 1024.78ms, mfu 0.37%
iter 9420: loss 3.2765, time 1021.42ms, mfu 0.37%
iter 9430: loss 3.3063, time 1015.70ms, mfu 0.37%
iter 9440: loss 3.2835, time 1021.11ms, mfu 0.37%
iter 9450: loss 3.3139, time 1021.76ms, mfu 0.37%
iter 9460: loss 3.2878, time 1023.02ms, mfu 0.37%
iter 9470: loss 3.3192, time 1018.72ms, mfu 0.37%
iter 9480: loss 3.3321, time 1014.42ms, mfu 0.37%
iter 9490: loss 3.3322, time 1020.83ms, mfu 0.37%
step 9500: train loss 3.3093, val loss 3.3465
saving checkpoint to /net/scratch2/junyuren/nanoGPT-manifold/out-phase1.2-qkv-noskip
iter 9500: loss 3.3158, time 7336.82ms, mfu 0.33%
iter 9510: loss 3.2960, time 1017.26ms, mfu 0.34%
iter 9520: loss 3.2916, time 1018.04ms, mfu 0.34%
iter 9530: loss 3.3122, time 1019.31ms, mfu 0.34%
iter 9540: loss 3.3102, time 1019.82ms, mfu 0.34%
iter 9550: loss 3.2724, time 1020.18ms, mfu 0.35%
iter 9560: loss 3.3073, time 1026.69ms, mfu 0.35%
iter 9570: loss 3.2959, time 1016.71ms, mfu 0.35%
iter 9580: loss 3.3150, time 1021.98ms, mfu 0.35%
iter 9590: loss 3.2947, time 1017.33ms, mfu 0.35%
iter 9600: loss 3.2884, time 1026.19ms, mfu 0.35%
iter 9610: loss 3.3040, time 1022.46ms, mfu 0.36%
iter 9620: loss 3.3196, time 1022.04ms, mfu 0.36%
iter 9630: loss 3.3090, time 1023.78ms, mfu 0.36%
iter 9640: loss 3.3206, time 1018.71ms, mfu 0.36%
iter 9650: loss 3.3115, time 1019.97ms, mfu 0.36%
iter 9660: loss 3.2774, time 1019.31ms, mfu 0.36%
iter 9670: loss 3.2900, time 1021.09ms, mfu 0.36%
iter 9680: loss 3.2812, time 1021.55ms, mfu 0.36%
iter 9690: loss 3.2925, time 1021.52ms, mfu 0.36%
iter 9700: loss 3.3192, time 1021.46ms, mfu 0.36%
iter 9710: loss 3.3093, time 1021.05ms, mfu 0.36%
iter 9720: loss 3.3262, time 1018.96ms, mfu 0.36%
iter 9730: loss 3.3554, time 1020.19ms, mfu 0.36%
iter 9740: loss 3.2813, time 1018.00ms, mfu 0.36%
iter 9750: loss 3.3129, time 1024.27ms, mfu 0.36%
iter 9760: loss 3.3299, time 1022.55ms, mfu 0.36%
iter 9770: loss 3.3152, time 1022.11ms, mfu 0.36%
iter 9780: loss 3.3187, time 1022.16ms, mfu 0.36%
iter 9790: loss 3.3171, time 1018.45ms, mfu 0.36%
iter 9800: loss 3.3044, time 1022.02ms, mfu 0.36%
iter 9810: loss 3.2942, time 1021.09ms, mfu 0.36%
iter 9820: loss 3.3281, time 1025.30ms, mfu 0.36%
iter 9830: loss 3.3120, time 1021.16ms, mfu 0.36%
iter 9840: loss 3.2874, time 1022.75ms, mfu 0.36%
iter 9850: loss 3.3036, time 1026.08ms, mfu 0.36%
iter 9860: loss 3.3155, time 1022.03ms, mfu 0.36%
iter 9870: loss 3.3171, time 1023.92ms, mfu 0.36%
iter 9880: loss 3.3217, time 1031.97ms, mfu 0.36%
iter 9890: loss 3.2785, time 1022.08ms, mfu 0.36%
iter 9900: loss 3.3172, time 1023.77ms, mfu 0.36%
iter 9910: loss 3.2867, time 1018.90ms, mfu 0.36%
iter 9920: loss 3.3413, time 1018.18ms, mfu 0.36%
iter 9930: loss 3.3070, time 1022.31ms, mfu 0.36%
iter 9940: loss 3.2924, time 1018.90ms, mfu 0.36%
iter 9950: loss 3.3001, time 1023.70ms, mfu 0.36%
iter 9960: loss 3.3280, time 1023.55ms, mfu 0.36%
iter 9970: loss 3.2981, time 1020.40ms, mfu 0.36%
iter 9980: loss 3.2798, time 1020.00ms, mfu 0.36%
iter 9990: loss 3.3341, time 1024.30ms, mfu 0.36%
step 10000: train loss 3.3100, val loss 3.3470
saving checkpoint to /net/scratch2/junyuren/nanoGPT-manifold/out-phase1.2-qkv-noskip
iter 10000: loss 3.3006, time 7305.47ms, mfu 0.33%
iter 10010: loss 3.3185, time 1025.34ms, mfu 0.34%
iter 10020: loss 3.2969, time 1021.55ms, mfu 0.34%
iter 10030: loss 3.3118, time 1026.75ms, mfu 0.34%
iter 10040: loss 3.3266, time 1030.49ms, mfu 0.34%
iter 10050: loss 3.3066, time 1021.40ms, mfu 0.35%
iter 10060: loss 3.2880, time 1019.74ms, mfu 0.35%
iter 10070: loss 3.2994, time 1020.15ms, mfu 0.35%
iter 10080: loss 3.2985, time 1020.70ms, mfu 0.35%
iter 10090: loss 3.3027, time 1027.04ms, mfu 0.35%
iter 10100: loss 3.2970, time 1028.20ms, mfu 0.35%
iter 10110: loss 3.3469, time 1022.12ms, mfu 0.35%
iter 10120: loss 3.3211, time 1021.85ms, mfu 0.36%
iter 10130: loss 3.3029, time 1015.85ms, mfu 0.36%
iter 10140: loss 3.3359, time 1018.12ms, mfu 0.36%
iter 10150: loss 3.2971, time 1018.72ms, mfu 0.36%
iter 10160: loss 3.3055, time 1023.79ms, mfu 0.36%
iter 10170: loss 3.3374, time 1017.83ms, mfu 0.36%
iter 10180: loss 3.3301, time 1021.37ms, mfu 0.36%
iter 10190: loss 3.3016, time 1020.67ms, mfu 0.36%
iter 10200: loss 3.2949, time 1017.46ms, mfu 0.36%
iter 10210: loss 3.2904, time 1019.28ms, mfu 0.36%
iter 10220: loss 3.3016, time 1029.83ms, mfu 0.36%
iter 10230: loss 3.3061, time 1026.82ms, mfu 0.36%
iter 10240: loss 3.2921, time 1021.76ms, mfu 0.36%
iter 10250: loss 3.3140, time 1021.01ms, mfu 0.36%
iter 10260: loss 3.3127, time 1016.35ms, mfu 0.36%
iter 10270: loss 3.3069, time 1021.51ms, mfu 0.36%
iter 10280: loss 3.3248, time 1022.78ms, mfu 0.36%
iter 10290: loss 3.3128, time 1022.10ms, mfu 0.36%
iter 10300: loss 3.3024, time 1018.23ms, mfu 0.36%
iter 10310: loss 3.3036, time 1017.30ms, mfu 0.36%
iter 10320: loss 3.3219, time 1016.65ms, mfu 0.36%
iter 10330: loss 3.3371, time 1021.28ms, mfu 0.36%
iter 10340: loss 3.3149, time 1021.91ms, mfu 0.36%
iter 10350: loss 3.2990, time 1023.43ms, mfu 0.36%
iter 10360: loss 3.2833, time 1020.13ms, mfu 0.36%
iter 10370: loss 3.3163, time 1020.86ms, mfu 0.36%
iter 10380: loss 3.3039, time 1019.44ms, mfu 0.36%
iter 10390: loss 3.3189, time 1020.92ms, mfu 0.36%
iter 10400: loss 3.2915, time 1020.78ms, mfu 0.36%
iter 10410: loss 3.3302, time 1025.03ms, mfu 0.36%
iter 10420: loss 3.2965, time 1021.66ms, mfu 0.36%
iter 10430: loss 3.3018, time 1020.26ms, mfu 0.36%
iter 10440: loss 3.3282, time 1022.50ms, mfu 0.36%
iter 10450: loss 3.3102, time 1018.20ms, mfu 0.36%
iter 10460: loss 3.3225, time 1025.72ms, mfu 0.36%
iter 10470: loss 3.3024, time 1023.98ms, mfu 0.36%
iter 10480: loss 3.3195, time 1023.98ms, mfu 0.36%
iter 10490: loss 3.3527, time 1016.08ms, mfu 0.36%
step 10500: train loss 3.3084, val loss 3.3492
saving checkpoint to /net/scratch2/junyuren/nanoGPT-manifold/out-phase1.2-qkv-noskip
iter 10500: loss 3.3100, time 7324.10ms, mfu 0.33%
iter 10510: loss 3.3034, time 1020.60ms, mfu 0.34%
iter 10520: loss 3.3062, time 1022.75ms, mfu 0.34%
iter 10530: loss 3.2804, time 1022.56ms, mfu 0.34%
iter 10540: loss 3.3280, time 1023.72ms, mfu 0.34%
iter 10550: loss 3.3109, time 1020.10ms, mfu 0.35%
iter 10560: loss 3.2628, time 1016.02ms, mfu 0.35%
iter 10570: loss 3.3155, time 1022.29ms, mfu 0.35%
iter 10580: loss 3.2768, time 1021.65ms, mfu 0.35%
iter 10590: loss 3.2900, time 1017.17ms, mfu 0.35%
iter 10600: loss 3.2902, time 1020.58ms, mfu 0.35%
iter 10610: loss 3.2760, time 1020.81ms, mfu 0.36%
iter 10620: loss 3.3057, time 1023.12ms, mfu 0.36%
iter 10630: loss 3.3348, time 1027.73ms, mfu 0.36%
iter 10640: loss 3.2894, time 1018.56ms, mfu 0.36%
iter 10650: loss 3.2929, time 1023.91ms, mfu 0.36%
iter 10660: loss 3.3077, time 1019.77ms, mfu 0.36%
iter 10670: loss 3.3263, time 1018.36ms, mfu 0.36%
iter 10680: loss 3.3054, time 1020.62ms, mfu 0.36%
iter 10690: loss 3.3048, time 1025.18ms, mfu 0.36%
iter 10700: loss 3.3091, time 1024.51ms, mfu 0.36%
iter 10710: loss 3.3107, time 1024.75ms, mfu 0.36%
iter 10720: loss 3.3087, time 1022.53ms, mfu 0.36%
iter 10730: loss 3.3199, time 1016.74ms, mfu 0.36%
iter 10740: loss 3.3335, time 1019.29ms, mfu 0.36%
iter 10750: loss 3.2978, time 1022.06ms, mfu 0.36%
iter 10760: loss 3.3055, time 1022.80ms, mfu 0.36%
iter 10770: loss 3.3222, time 1026.53ms, mfu 0.36%
iter 10780: loss 3.3027, time 1021.39ms, mfu 0.36%
iter 10790: loss 3.2969, time 1021.09ms, mfu 0.36%
iter 10800: loss 3.3169, time 1020.90ms, mfu 0.36%
iter 10810: loss 3.3091, time 1021.68ms, mfu 0.36%
iter 10820: loss 3.3142, time 1023.58ms, mfu 0.36%
iter 10830: loss 3.3061, time 1019.55ms, mfu 0.36%
iter 10840: loss 3.2913, time 1022.53ms, mfu 0.36%
iter 10850: loss 3.3550, time 1021.56ms, mfu 0.36%
iter 10860: loss 3.3044, time 1020.42ms, mfu 0.36%
iter 10870: loss 3.3034, time 1023.01ms, mfu 0.36%
iter 10880: loss 3.3187, time 1022.98ms, mfu 0.36%
iter 10890: loss 3.3280, time 1024.04ms, mfu 0.36%
iter 10900: loss 3.2987, time 1024.06ms, mfu 0.36%
iter 10910: loss 3.3073, time 1021.90ms, mfu 0.36%
iter 10920: loss 3.3210, time 1024.06ms, mfu 0.36%
iter 10930: loss 3.2687, time 1025.27ms, mfu 0.36%
iter 10940: loss 3.2730, time 1019.83ms, mfu 0.36%
iter 10950: loss 3.3088, time 1025.00ms, mfu 0.36%
iter 10960: loss 3.3035, time 1032.70ms, mfu 0.36%
iter 10970: loss 3.2985, time 1019.65ms, mfu 0.36%
iter 10980: loss 3.2729, time 1025.78ms, mfu 0.36%
iter 10990: loss 3.2762, time 1024.04ms, mfu 0.36%
step 11000: train loss 3.3106, val loss 3.3511
saving checkpoint to /net/scratch2/junyuren/nanoGPT-manifold/out-phase1.2-qkv-noskip
iter 11000: loss 3.3129, time 7348.24ms, mfu 0.33%
iter 11010: loss 3.3184, time 1017.42ms, mfu 0.34%
iter 11020: loss 3.2946, time 1019.15ms, mfu 0.34%
iter 11030: loss 3.2794, time 1011.90ms, mfu 0.34%
iter 11040: loss 3.3033, time 1023.96ms, mfu 0.34%
iter 11050: loss 3.3138, time 1023.82ms, mfu 0.35%
iter 11060: loss 3.2981, time 1015.34ms, mfu 0.35%
iter 11070: loss 3.3196, time 1020.50ms, mfu 0.35%
iter 11080: loss 3.3192, time 1019.02ms, mfu 0.35%
iter 11090: loss 3.2927, time 1024.54ms, mfu 0.35%
iter 11100: loss 3.3030, time 1021.19ms, mfu 0.35%
iter 11110: loss 3.3300, time 1022.55ms, mfu 0.35%
iter 11120: loss 3.3096, time 1024.51ms, mfu 0.36%
iter 11130: loss 3.2782, time 1024.31ms, mfu 0.36%
iter 11140: loss 3.2927, time 1024.68ms, mfu 0.36%
iter 11150: loss 3.3050, time 1022.98ms, mfu 0.36%
iter 11160: loss 3.2988, time 1022.22ms, mfu 0.36%
iter 11170: loss 3.3064, time 1018.55ms, mfu 0.36%
iter 11180: loss 3.2722, time 1019.89ms, mfu 0.36%
iter 11190: loss 3.3345, time 1023.02ms, mfu 0.36%
iter 11200: loss 3.3113, time 1021.44ms, mfu 0.36%
iter 11210: loss 3.2997, time 1022.56ms, mfu 0.36%
iter 11220: loss 3.3117, time 1026.06ms, mfu 0.36%
iter 11230: loss 3.3366, time 1026.41ms, mfu 0.36%
iter 11240: loss 3.3131, time 1024.43ms, mfu 0.36%
iter 11250: loss 3.3275, time 1020.17ms, mfu 0.36%
iter 11260: loss 3.3310, time 1018.93ms, mfu 0.36%
iter 11270: loss 3.3223, time 1025.61ms, mfu 0.36%
iter 11280: loss 3.3297, time 1019.64ms, mfu 0.36%
iter 11290: loss 3.3109, time 1024.88ms, mfu 0.36%
iter 11300: loss 3.3098, time 1021.09ms, mfu 0.36%
iter 11310: loss 3.3081, time 1018.81ms, mfu 0.36%
iter 11320: loss 3.3005, time 1022.09ms, mfu 0.36%
iter 11330: loss 3.2830, time 1011.72ms, mfu 0.36%
iter 11340: loss 3.3217, time 1019.57ms, mfu 0.36%
iter 11350: loss 3.3003, time 1023.15ms, mfu 0.36%
iter 11360: loss 3.2974, time 1030.14ms, mfu 0.36%
iter 11370: loss 3.2949, time 1019.66ms, mfu 0.36%
iter 11380: loss 3.3093, time 1015.61ms, mfu 0.36%
iter 11390: loss 3.2651, time 1020.59ms, mfu 0.36%
iter 11400: loss 3.3215, time 1021.47ms, mfu 0.36%
iter 11410: loss 3.3323, time 1021.31ms, mfu 0.36%
iter 11420: loss 3.3045, time 1028.17ms, mfu 0.36%
iter 11430: loss 3.3211, time 1021.48ms, mfu 0.36%
iter 11440: loss 3.3371, time 1022.03ms, mfu 0.36%
iter 11450: loss 3.3025, time 1019.86ms, mfu 0.36%
iter 11460: loss 3.3087, time 1020.26ms, mfu 0.36%
iter 11470: loss 3.3205, time 1022.02ms, mfu 0.36%
iter 11480: loss 3.3194, time 1020.81ms, mfu 0.36%
iter 11490: loss 3.3082, time 1028.76ms, mfu 0.36%
step 11500: train loss 3.3098, val loss 3.3500
saving checkpoint to /net/scratch2/junyuren/nanoGPT-manifold/out-phase1.2-qkv-noskip
iter 11500: loss 3.2925, time 7324.36ms, mfu 0.33%
iter 11510: loss 3.3225, time 1030.37ms, mfu 0.34%
iter 11520: loss 3.3402, time 1019.78ms, mfu 0.34%
iter 11530: loss 3.2977, time 1020.63ms, mfu 0.34%
iter 11540: loss 3.3228, time 1021.07ms, mfu 0.34%
iter 11550: loss 3.2864, time 1021.40ms, mfu 0.35%
iter 11560: loss 3.3171, time 1019.35ms, mfu 0.35%
iter 11570: loss 3.2800, time 1026.05ms, mfu 0.35%
iter 11580: loss 3.3111, time 1023.89ms, mfu 0.35%
iter 11590: loss 3.3116, time 1019.86ms, mfu 0.35%
iter 11600: loss 3.3147, time 1018.93ms, mfu 0.35%
iter 11610: loss 3.3351, time 1022.31ms, mfu 0.35%
iter 11620: loss 3.3081, time 1015.74ms, mfu 0.36%
iter 11630: loss 3.3113, time 1026.13ms, mfu 0.36%
iter 11640: loss 3.3407, time 1022.82ms, mfu 0.36%
iter 11650: loss 3.2866, time 1021.77ms, mfu 0.36%
iter 11660: loss 3.3322, time 1021.17ms, mfu 0.36%
iter 11670: loss 3.3469, time 1018.52ms, mfu 0.36%
iter 11680: loss 3.3036, time 1016.77ms, mfu 0.36%
iter 11690: loss 3.2935, time 1017.49ms, mfu 0.36%
iter 11700: loss 3.2875, time 1022.86ms, mfu 0.36%
iter 11710: loss 3.2971, time 1022.20ms, mfu 0.36%
iter 11720: loss 3.2973, time 1022.09ms, mfu 0.36%
iter 11730: loss 3.2965, time 1025.41ms, mfu 0.36%
iter 11740: loss 3.2912, time 1024.48ms, mfu 0.36%
iter 11750: loss 3.3172, time 1022.35ms, mfu 0.36%
iter 11760: loss 3.3111, time 1038.22ms, mfu 0.36%
iter 11770: loss 3.3299, time 1023.77ms, mfu 0.36%
iter 11780: loss 3.3221, time 1023.43ms, mfu 0.36%
iter 11790: loss 3.3332, time 1023.67ms, mfu 0.36%
iter 11800: loss 3.3351, time 1023.47ms, mfu 0.36%
iter 11810: loss 3.2743, time 1029.68ms, mfu 0.36%
iter 11820: loss 3.3259, time 1023.00ms, mfu 0.36%
iter 11830: loss 3.3049, time 1025.73ms, mfu 0.36%
iter 11840: loss 3.3191, time 1021.70ms, mfu 0.36%
iter 11850: loss 3.2992, time 1017.70ms, mfu 0.36%
iter 11860: loss 3.3148, time 1027.92ms, mfu 0.36%
iter 11870: loss 3.2911, time 1023.97ms, mfu 0.36%
iter 11880: loss 3.3429, time 1017.49ms, mfu 0.36%
