Overriding config with config/phase4_full_mlp.py:
# Phase 4: Full MLP with Skip-Compatible Projection
# Coverage: ~62% of parameters (same as Phase 3, but mlp.c_proj now Grassmann)
# Test if mlp.c_proj needs manifold constraint despite skip

out_dir = '/net/scratch2/junyuren/nanoGPT-manifold/out-phase4-full-mlp'
eval_interval = 500
eval_iters = 200
log_interval = 10
always_save_checkpoint = True

wandb_log = False
wandb_project = 'nanogpt-manifold'
wandb_run_name = 'phase4-full-mlp'

# Dataset
dataset = 'shakespeare_char'
gradient_accumulation_steps = 1
batch_size = 64
block_size = 256

# Baby GPT architecture
n_layer = 6
n_head = 6
n_embd = 384
dropout = 0.2  # Match baseline (nanoGPT standard for Shakespeare)
bias = False

# AdamW for non-Grassmann params
learning_rate = 1e-3
max_iters = 15000
lr_decay_iters = 15000
min_lr = 1e-4
weight_decay = 1e-1  # Match baseline
beta1 = 0.9
beta2 = 0.99  # Match baseline (standard for small token count)
grad_clip = 1.0

decay_lr = True
warmup_iters = 100

# Grassmann config
use_grassmann = True
grassmann_phase = 'phase4'

# Legacy params
grass_lr = 1e-3  # Note: mlp.c_proj uses 1e-3 (skip-compatible), others use 8e-3
grass_a = 0.0  # mlp.c_proj uses G_{0,-1,r}
grass_b = -1.0
grass_rank = 192
grass_alpha = 0.01
grass_steps = 10
grass_tol = 1e-6

# System
device = 'cuda'
dtype = 'bfloat16'
compile = True

tokens per iteration will be: 16,384
found vocab_size = 65 (inside data/shakespeare_char/meta.pkl)
Initializing a new model from scratch
number of parameters: 10.65M

=== Phase phase4 Grassmann Configuration ===
Grassmann Muon parameters: 18 weight matrices, 9,732,096 params
AdamW decay parameters: 8 tensors, 1,008,000 params
AdamW no-decay parameters: 13 tensors, 4,992 params
  transformer.h.0.attn.c_attn.weight: k=3, G_{1.0,0.0,192}, lr=0.008, scale=1.0, type=vertical
  transformer.h.0.mlp.c_fc.weight: k=4, G_{1.0,0.0,192}, lr=0.008, scale=1.0, type=vertical
  transformer.h.0.mlp.c_proj.weight: k=4, G_{0.0,-1.0,192}, lr=0.001, scale=0.5, type=horizontal
  transformer.h.1.attn.c_attn.weight: k=3, G_{1.0,0.0,192}, lr=0.008, scale=1.0, type=vertical
  transformer.h.1.mlp.c_fc.weight: k=4, G_{1.0,0.0,192}, lr=0.008, scale=1.0, type=vertical
  transformer.h.1.mlp.c_proj.weight: k=4, G_{0.0,-1.0,192}, lr=0.001, scale=0.5, type=horizontal
  transformer.h.2.attn.c_attn.weight: k=3, G_{1.0,0.0,192}, lr=0.008, scale=1.0, type=vertical
  transformer.h.2.mlp.c_fc.weight: k=4, G_{1.0,0.0,192}, lr=0.008, scale=1.0, type=vertical
  transformer.h.2.mlp.c_proj.weight: k=4, G_{0.0,-1.0,192}, lr=0.001, scale=0.5, type=horizontal
  transformer.h.3.attn.c_attn.weight: k=3, G_{1.0,0.0,192}, lr=0.008, scale=1.0, type=vertical
  transformer.h.3.mlp.c_fc.weight: k=4, G_{1.0,0.0,192}, lr=0.008, scale=1.0, type=vertical
  transformer.h.3.mlp.c_proj.weight: k=4, G_{0.0,-1.0,192}, lr=0.001, scale=0.5, type=horizontal
  transformer.h.4.attn.c_attn.weight: k=3, G_{1.0,0.0,192}, lr=0.008, scale=1.0, type=vertical
  transformer.h.4.mlp.c_fc.weight: k=4, G_{1.0,0.0,192}, lr=0.008, scale=1.0, type=vertical
  transformer.h.4.mlp.c_proj.weight: k=4, G_{0.0,-1.0,192}, lr=0.001, scale=0.5, type=horizontal
  transformer.h.5.attn.c_attn.weight: k=3, G_{1.0,0.0,192}, lr=0.008, scale=1.0, type=vertical
  transformer.h.5.mlp.c_fc.weight: k=4, G_{1.0,0.0,192}, lr=0.008, scale=1.0, type=vertical
  transformer.h.5.mlp.c_proj.weight: k=4, G_{0.0,-1.0,192}, lr=0.001, scale=0.5, type=horizontal
using fused AdamW: True

=== Initializing Grassmann Weights (Block Decomposition) ===
Number of weight types to initialize: 18

Initializing attn.c_attn.: k=3, G_{1.0,0.0,192}, type=vertical
  Initialized transformer.h.0.attn.c_attn.weight (1152, 384) as 3 blocks of (384, 384) on G_{1.0,0.0,192}
  Initialized transformer.h.1.attn.c_attn.weight (1152, 384) as 3 blocks of (384, 384) on G_{1.0,0.0,192}
  Initialized transformer.h.2.attn.c_attn.weight (1152, 384) as 3 blocks of (384, 384) on G_{1.0,0.0,192}
  Initialized transformer.h.3.attn.c_attn.weight (1152, 384) as 3 blocks of (384, 384) on G_{1.0,0.0,192}
  Initialized transformer.h.4.attn.c_attn.weight (1152, 384) as 3 blocks of (384, 384) on G_{1.0,0.0,192}
  Initialized transformer.h.5.attn.c_attn.weight (1152, 384) as 3 blocks of (384, 384) on G_{1.0,0.0,192}

Initializing mlp.c_fc.: k=4, G_{1.0,0.0,192}, type=vertical
  Initialized transformer.h.0.mlp.c_fc.weight (1536, 384) as 4 blocks of (384, 384) on G_{1.0,0.0,192}
  Initialized transformer.h.1.mlp.c_fc.weight (1536, 384) as 4 blocks of (384, 384) on G_{1.0,0.0,192}
  Initialized transformer.h.2.mlp.c_fc.weight (1536, 384) as 4 blocks of (384, 384) on G_{1.0,0.0,192}
  Initialized transformer.h.3.mlp.c_fc.weight (1536, 384) as 4 blocks of (384, 384) on G_{1.0,0.0,192}
  Initialized transformer.h.4.mlp.c_fc.weight (1536, 384) as 4 blocks of (384, 384) on G_{1.0,0.0,192}
  Initialized transformer.h.5.mlp.c_fc.weight (1536, 384) as 4 blocks of (384, 384) on G_{1.0,0.0,192}

Initializing mlp.c_proj.: k=4, G_{0.0,-1.0,192}, type=horizontal
  Initialized transformer.h.0.mlp.c_proj.weight (384, 1536) as 4 blocks of (384, 384) on G_{0.0,-1.0,192}
  Initialized transformer.h.1.mlp.c_proj.weight (384, 1536) as 4 blocks of (384, 384) on G_{0.0,-1.0,192}
  Initialized transformer.h.2.mlp.c_proj.weight (384, 1536) as 4 blocks of (384, 384) on G_{0.0,-1.0,192}
  Initialized transformer.h.3.mlp.c_proj.weight (384, 1536) as 4 blocks of (384, 384) on G_{0.0,-1.0,192}
  Initialized transformer.h.4.mlp.c_proj.weight (384, 1536) as 4 blocks of (384, 384) on G_{0.0,-1.0,192}
  Initialized transformer.h.5.mlp.c_proj.weight (384, 1536) as 4 blocks of (384, 384) on G_{0.0,-1.0,192}

Initializing transformer.h.1.attn.c_attn.: k=3, G_{1.0,0.0,192}, type=vertical
  Initialized transformer.h.1.attn.c_attn.weight (1152, 384) as 3 blocks of (384, 384) on G_{1.0,0.0,192}

Initializing transformer.h.1.mlp.c_fc.: k=4, G_{1.0,0.0,192}, type=vertical
  Initialized transformer.h.1.mlp.c_fc.weight (1536, 384) as 4 blocks of (384, 384) on G_{1.0,0.0,192}

Initializing transformer.h.1.mlp.c_proj.: k=4, G_{0.0,-1.0,192}, type=horizontal
  Initialized transformer.h.1.mlp.c_proj.weight (384, 1536) as 4 blocks of (384, 384) on G_{0.0,-1.0,192}

Initializing transformer.h.2.attn.c_attn.: k=3, G_{1.0,0.0,192}, type=vertical
  Initialized transformer.h.2.attn.c_attn.weight (1152, 384) as 3 blocks of (384, 384) on G_{1.0,0.0,192}

Initializing transformer.h.2.mlp.c_fc.: k=4, G_{1.0,0.0,192}, type=vertical
  Initialized transformer.h.2.mlp.c_fc.weight (1536, 384) as 4 blocks of (384, 384) on G_{1.0,0.0,192}

Initializing transformer.h.2.mlp.c_proj.: k=4, G_{0.0,-1.0,192}, type=horizontal
  Initialized transformer.h.2.mlp.c_proj.weight (384, 1536) as 4 blocks of (384, 384) on G_{0.0,-1.0,192}

Initializing transformer.h.3.attn.c_attn.: k=3, G_{1.0,0.0,192}, type=vertical
  Initialized transformer.h.3.attn.c_attn.weight (1152, 384) as 3 blocks of (384, 384) on G_{1.0,0.0,192}

Initializing transformer.h.3.mlp.c_fc.: k=4, G_{1.0,0.0,192}, type=vertical
  Initialized transformer.h.3.mlp.c_fc.weight (1536, 384) as 4 blocks of (384, 384) on G_{1.0,0.0,192}

Initializing transformer.h.3.mlp.c_proj.: k=4, G_{0.0,-1.0,192}, type=horizontal
  Initialized transformer.h.3.mlp.c_proj.weight (384, 1536) as 4 blocks of (384, 384) on G_{0.0,-1.0,192}

Initializing transformer.h.4.attn.c_attn.: k=3, G_{1.0,0.0,192}, type=vertical
  Initialized transformer.h.4.attn.c_attn.weight (1152, 384) as 3 blocks of (384, 384) on G_{1.0,0.0,192}

Initializing transformer.h.4.mlp.c_fc.: k=4, G_{1.0,0.0,192}, type=vertical
  Initialized transformer.h.4.mlp.c_fc.weight (1536, 384) as 4 blocks of (384, 384) on G_{1.0,0.0,192}

Initializing transformer.h.4.mlp.c_proj.: k=4, G_{0.0,-1.0,192}, type=horizontal
  Initialized transformer.h.4.mlp.c_proj.weight (384, 1536) as 4 blocks of (384, 384) on G_{0.0,-1.0,192}

Initializing transformer.h.5.attn.c_attn.: k=3, G_{1.0,0.0,192}, type=vertical
  Initialized transformer.h.5.attn.c_attn.weight (1152, 384) as 3 blocks of (384, 384) on G_{1.0,0.0,192}

Initializing transformer.h.5.mlp.c_fc.: k=4, G_{1.0,0.0,192}, type=vertical
  Initialized transformer.h.5.mlp.c_fc.weight (1536, 384) as 4 blocks of (384, 384) on G_{1.0,0.0,192}

Initializing transformer.h.5.mlp.c_proj.: k=4, G_{0.0,-1.0,192}, type=horizontal
  Initialized transformer.h.5.mlp.c_proj.weight (384, 1536) as 4 blocks of (384, 384) on G_{0.0,-1.0,192}

Grassmann block initialization complete.

=== Setting up component-specific dropout ===
AdamW components: dropout = 0.2
Grassmann components: dropout = 0.1
Component-specific dropout setup complete.

=== Setting up norm-preserving scaling (Phase phase4) ===
  Added frozen 0.5×I scaling after mlp.c_fc (device=cuda:0)
  Added frozen 0.5×I scaling after mlp.c_fc (device=cuda:0)
  Added frozen 0.5×I scaling after mlp.c_fc (device=cuda:0)
  Added frozen 0.5×I scaling after mlp.c_fc (device=cuda:0)
  Added frozen 0.5×I scaling after mlp.c_fc (device=cuda:0)
  Added frozen 0.5×I scaling after mlp.c_fc (device=cuda:0)
Norm-preserving scaling setup complete.
compiling the model... (takes a ~minute)
step 0: train loss 4.3269, val loss 4.3252
iter 0: loss 4.2714, time 30103.28ms, mfu -100.00%
iter 10: loss 4.0521, time 4931.69ms, mfu 0.17%
iter 20: loss 3.3697, time 4914.68ms, mfu 0.17%
iter 30: loss 3.2726, time 4929.90ms, mfu 0.17%
iter 40: loss 3.2409, time 4902.93ms, mfu 0.17%
iter 50: loss 3.0198, time 4889.93ms, mfu 0.17%
iter 60: loss 2.7664, time 4909.83ms, mfu 0.17%
iter 70: loss 2.6342, time 4931.24ms, mfu 0.17%
iter 80: loss 2.5666, time 4896.02ms, mfu 0.17%
iter 90: loss 2.5457, time 4906.40ms, mfu 0.17%
iter 100: loss 2.5480, time 4906.67ms, mfu 0.17%
iter 110: loss 2.5014, time 4907.78ms, mfu 0.17%
iter 120: loss 2.5052, time 4915.79ms, mfu 0.17%
iter 130: loss 2.4826, time 4895.14ms, mfu 0.17%
iter 140: loss 2.4872, time 4894.34ms, mfu 0.17%
iter 150: loss 2.4785, time 4894.91ms, mfu 0.17%
iter 160: loss 2.4810, time 4887.40ms, mfu 0.17%
iter 170: loss 2.4615, time 4891.62ms, mfu 0.17%
iter 180: loss 2.4612, time 4888.83ms, mfu 0.17%
iter 190: loss 2.4303, time 4891.48ms, mfu 0.17%
iter 200: loss 2.4298, time 4889.20ms, mfu 0.17%
iter 210: loss 2.4627, time 4885.21ms, mfu 0.17%
iter 220: loss 2.4406, time 4893.01ms, mfu 0.17%
iter 230: loss 2.4410, time 4902.00ms, mfu 0.17%
iter 240: loss 2.3985, time 4908.94ms, mfu 0.17%
iter 250: loss 2.4061, time 4903.86ms, mfu 0.17%
iter 260: loss 2.4064, time 4916.43ms, mfu 0.17%
iter 270: loss 2.4073, time 4921.97ms, mfu 0.17%
iter 280: loss 2.4034, time 4894.90ms, mfu 0.17%
iter 290: loss 2.3803, time 4882.25ms, mfu 0.17%
iter 300: loss 2.4048, time 4886.93ms, mfu 0.17%
iter 310: loss 2.3878, time 4910.55ms, mfu 0.17%
iter 320: loss 2.3693, time 4922.35ms, mfu 0.17%
iter 330: loss 2.3489, time 4880.93ms, mfu 0.17%
iter 340: loss 2.3352, time 4894.33ms, mfu 0.17%
iter 350: loss 2.3495, time 4886.64ms, mfu 0.17%
iter 360: loss 2.3708, time 4887.11ms, mfu 0.17%
iter 370: loss 2.3202, time 4885.01ms, mfu 0.17%
iter 380: loss 2.3267, time 4889.36ms, mfu 0.17%
iter 390: loss 2.3503, time 4884.89ms, mfu 0.17%
iter 400: loss 2.3344, time 4889.10ms, mfu 0.17%
iter 410: loss 2.3282, time 4886.81ms, mfu 0.17%
iter 420: loss 2.3096, time 4899.68ms, mfu 0.17%
iter 430: loss 2.2802, time 4891.98ms, mfu 0.17%
iter 440: loss 2.3048, time 4936.62ms, mfu 0.17%
iter 450: loss 2.2919, time 4877.71ms, mfu 0.17%
iter 460: loss 2.2822, time 4887.62ms, mfu 0.17%
iter 470: loss 2.2920, time 4876.80ms, mfu 0.17%
iter 480: loss 2.2720, time 4880.98ms, mfu 0.17%
iter 490: loss 2.2779, time 4865.86ms, mfu 0.17%
step 500: train loss 2.1826, val loss 2.2704
saving checkpoint to /net/scratch2/junyuren/nanoGPT-manifold/out-phase4-full-mlp
iter 500: loss 2.2734, time 11409.49ms, mfu 0.16%
iter 510: loss 2.2609, time 4863.15ms, mfu 0.16%
iter 520: loss 2.2327, time 4871.02ms, mfu 0.16%
iter 530: loss 2.2206, time 4862.71ms, mfu 0.16%
iter 540: loss 2.2407, time 4871.95ms, mfu 0.16%
iter 550: loss 2.2253, time 4866.85ms, mfu 0.16%
iter 560: loss 2.2142, time 4865.25ms, mfu 0.16%
iter 570: loss 2.2248, time 4858.88ms, mfu 0.16%
iter 580: loss 2.1859, time 4870.12ms, mfu 0.16%
iter 590: loss 2.2001, time 4883.76ms, mfu 0.16%
iter 600: loss 2.1703, time 4874.84ms, mfu 0.16%
iter 610: loss 2.1704, time 4919.51ms, mfu 0.16%
iter 620: loss 2.1638, time 4862.35ms, mfu 0.17%
iter 630: loss 2.1854, time 4873.08ms, mfu 0.17%
iter 640: loss 2.1820, time 4865.64ms, mfu 0.17%
iter 650: loss 2.1440, time 4858.69ms, mfu 0.17%
iter 660: loss 2.1450, time 4875.73ms, mfu 0.17%
iter 670: loss 2.1338, time 4876.58ms, mfu 0.17%
iter 680: loss 2.1345, time 4879.61ms, mfu 0.17%
iter 690: loss 2.1375, time 4886.01ms, mfu 0.17%
iter 700: loss 2.1233, time 4881.60ms, mfu 0.17%
iter 710: loss 2.1102, time 4882.97ms, mfu 0.17%
iter 720: loss 2.0871, time 4889.35ms, mfu 0.17%
iter 730: loss 2.0963, time 4884.77ms, mfu 0.17%
iter 740: loss 2.0979, time 4876.72ms, mfu 0.17%
iter 750: loss 2.0794, time 4877.45ms, mfu 0.17%
iter 760: loss 2.0669, time 4878.40ms, mfu 0.17%
iter 770: loss 2.0826, time 4868.80ms, mfu 0.17%
iter 780: loss 2.0416, time 4873.55ms, mfu 0.17%
iter 790: loss 2.0336, time 4884.38ms, mfu 0.17%
iter 800: loss 2.0281, time 4925.25ms, mfu 0.17%
iter 810: loss 2.0187, time 4868.59ms, mfu 0.17%
iter 820: loss 2.0391, time 4876.46ms, mfu 0.17%
iter 830: loss 2.0527, time 4866.78ms, mfu 0.17%
iter 840: loss 2.0471, time 4867.01ms, mfu 0.17%
iter 850: loss 2.0155, time 4869.34ms, mfu 0.17%
iter 860: loss 1.9923, time 4872.42ms, mfu 0.17%
iter 870: loss 1.9890, time 4869.99ms, mfu 0.17%
iter 880: loss 2.0234, time 4873.35ms, mfu 0.17%
iter 890: loss 2.0197, time 4872.28ms, mfu 0.17%
iter 900: loss 1.9661, time 4873.18ms, mfu 0.17%
iter 910: loss 2.0059, time 4881.92ms, mfu 0.17%
iter 920: loss 1.9471, time 4888.38ms, mfu 0.17%
iter 930: loss 1.9801, time 4883.31ms, mfu 0.17%
iter 940: loss 1.9566, time 4871.99ms, mfu 0.17%
iter 950: loss 1.9616, time 4861.36ms, mfu 0.17%
iter 960: loss 1.9487, time 4873.91ms, mfu 0.17%
iter 970: loss 1.9799, time 4874.12ms, mfu 0.17%
iter 980: loss 1.9448, time 4862.66ms, mfu 0.17%
iter 990: loss 1.9398, time 4880.13ms, mfu 0.17%
step 1000: train loss 1.7970, val loss 1.9336
saving checkpoint to /net/scratch2/junyuren/nanoGPT-manifold/out-phase4-full-mlp
iter 1000: loss 1.9319, time 11580.51ms, mfu 0.16%
iter 1010: loss 1.9555, time 4889.78ms, mfu 0.16%
iter 1020: loss 1.8946, time 4889.65ms, mfu 0.16%
iter 1030: loss 1.9319, time 4880.93ms, mfu 0.16%
iter 1040: loss 1.9447, time 4902.42ms, mfu 0.16%
iter 1050: loss 1.8722, time 4880.63ms, mfu 0.16%
iter 1060: loss 1.8939, time 4907.98ms, mfu 0.16%
iter 1070: loss 1.9093, time 4883.31ms, mfu 0.16%
iter 1080: loss 1.9246, time 4869.88ms, mfu 0.16%
iter 1090: loss 1.9021, time 4865.14ms, mfu 0.16%
iter 1100: loss 1.8895, time 4865.03ms, mfu 0.16%
iter 1110: loss 1.8608, time 4873.64ms, mfu 0.16%
iter 1120: loss 1.9207, time 4856.86ms, mfu 0.17%
iter 1130: loss 1.9189, time 4931.09ms, mfu 0.17%
iter 1140: loss 1.8666, time 4857.78ms, mfu 0.17%
iter 1150: loss 1.8630, time 4875.43ms, mfu 0.17%
iter 1160: loss 1.9063, time 4863.65ms, mfu 0.17%
iter 1170: loss 1.8886, time 4870.15ms, mfu 0.17%
iter 1180: loss 1.8534, time 4867.63ms, mfu 0.17%
iter 1190: loss 1.8859, time 4863.77ms, mfu 0.17%
iter 1200: loss 1.8832, time 4873.30ms, mfu 0.17%
iter 1210: loss 1.8862, time 4867.87ms, mfu 0.17%
iter 1220: loss 1.8532, time 4864.01ms, mfu 0.17%
iter 1230: loss 1.8358, time 4860.91ms, mfu 0.17%
iter 1240: loss 1.8972, time 4879.12ms, mfu 0.17%
iter 1250: loss 1.8192, time 4869.39ms, mfu 0.17%
iter 1260: loss 1.8624, time 4868.41ms, mfu 0.17%
iter 1270: loss 1.8683, time 4869.71ms, mfu 0.17%
iter 1280: loss 1.8374, time 4862.50ms, mfu 0.17%
iter 1290: loss 1.8583, time 4870.66ms, mfu 0.17%
iter 1300: loss 1.8271, time 4887.00ms, mfu 0.17%
iter 1310: loss 1.8362, time 4864.49ms, mfu 0.17%
iter 1320: loss 1.8660, time 4861.10ms, mfu 0.17%
iter 1330: loss 1.8512, time 4862.74ms, mfu 0.17%
iter 1340: loss 1.8276, time 4869.71ms, mfu 0.17%
iter 1350: loss 1.8081, time 4871.67ms, mfu 0.17%
iter 1360: loss 1.8085, time 4870.64ms, mfu 0.17%
iter 1370: loss 1.8607, time 4883.34ms, mfu 0.17%
iter 1380: loss 1.8245, time 4886.47ms, mfu 0.17%
iter 1390: loss 1.8083, time 4892.20ms, mfu 0.17%
iter 1400: loss 1.8403, time 4914.27ms, mfu 0.17%
iter 1410: loss 1.8141, time 4899.51ms, mfu 0.17%
iter 1420: loss 1.7896, time 4894.88ms, mfu 0.17%
iter 1430: loss 1.8068, time 4866.62ms, mfu 0.17%
iter 1440: loss 1.7921, time 4880.01ms, mfu 0.17%
iter 1450: loss 1.8012, time 4871.95ms, mfu 0.17%
iter 1460: loss 1.7933, time 4872.63ms, mfu 0.17%
iter 1470: loss 1.7612, time 4877.38ms, mfu 0.17%
iter 1480: loss 1.8111, time 4876.11ms, mfu 0.17%
iter 1490: loss 1.8029, time 4863.67ms, mfu 0.17%
step 1500: train loss 1.6301, val loss 1.8054
saving checkpoint to /net/scratch2/junyuren/nanoGPT-manifold/out-phase4-full-mlp
iter 1500: loss 1.8281, time 11443.47ms, mfu 0.16%
iter 1510: loss 1.8191, time 4884.99ms, mfu 0.16%
iter 1520: loss 1.7788, time 4899.11ms, mfu 0.16%
iter 1530: loss 1.7779, time 4894.49ms, mfu 0.16%
iter 1540: loss 1.7949, time 4883.43ms, mfu 0.16%
iter 1550: loss 1.7934, time 4873.50ms, mfu 0.16%
iter 1560: loss 1.7881, time 4869.85ms, mfu 0.16%
iter 1570: loss 1.7251, time 4874.37ms, mfu 0.16%
iter 1580: loss 1.7713, time 4883.55ms, mfu 0.16%
iter 1590: loss 1.7477, time 4875.36ms, mfu 0.16%
iter 1600: loss 1.7714, time 4882.31ms, mfu 0.16%
iter 1610: loss 1.7925, time 4883.55ms, mfu 0.16%
iter 1620: loss 1.7866, time 4873.61ms, mfu 0.17%
iter 1630: loss 1.8199, time 4861.97ms, mfu 0.17%
iter 1640: loss 1.7950, time 4866.97ms, mfu 0.17%
iter 1650: loss 1.7697, time 4891.49ms, mfu 0.17%
iter 1660: loss 1.7375, time 4890.31ms, mfu 0.17%
iter 1670: loss 1.7743, time 4878.84ms, mfu 0.17%
iter 1680: loss 1.7959, time 4882.75ms, mfu 0.17%
iter 1690: loss 1.7588, time 4878.31ms, mfu 0.17%
iter 1700: loss 1.7446, time 4888.31ms, mfu 0.17%
iter 1710: loss 1.7978, time 4898.12ms, mfu 0.17%
iter 1720: loss 1.7408, time 4888.53ms, mfu 0.17%
iter 1730: loss 1.7599, time 4876.72ms, mfu 0.17%
iter 1740: loss 1.7462, time 4867.00ms, mfu 0.17%
iter 1750: loss 1.7665, time 4873.91ms, mfu 0.17%
iter 1760: loss 1.7615, time 4870.97ms, mfu 0.17%
iter 1770: loss 1.7549, time 4871.39ms, mfu 0.17%
iter 1780: loss 1.7545, time 4863.56ms, mfu 0.17%
iter 1790: loss 1.7285, time 4871.16ms, mfu 0.17%
iter 1800: loss 1.7370, time 4871.68ms, mfu 0.17%
iter 1810: loss 1.7626, time 4869.18ms, mfu 0.17%
iter 1820: loss 1.7518, time 4861.55ms, mfu 0.17%
iter 1830: loss 1.7434, time 4868.31ms, mfu 0.17%
iter 1840: loss 1.7488, time 4857.81ms, mfu 0.17%
iter 1850: loss 1.7426, time 4860.29ms, mfu 0.17%
iter 1860: loss 1.7450, time 4862.50ms, mfu 0.17%
iter 1870: loss 1.7073, time 4862.82ms, mfu 0.17%
iter 1880: loss 1.7522, time 4859.66ms, mfu 0.17%
iter 1890: loss 1.7502, time 4858.88ms, mfu 0.17%
iter 1900: loss 1.7258, time 4863.89ms, mfu 0.17%
iter 1910: loss 1.7093, time 4869.80ms, mfu 0.17%
iter 1920: loss 1.7449, time 4860.22ms, mfu 0.17%
iter 1930: loss 1.7429, time 4869.94ms, mfu 0.17%
iter 1940: loss 1.7199, time 4873.51ms, mfu 0.17%
iter 1950: loss 1.7470, time 4872.28ms, mfu 0.17%
iter 1960: loss 1.7054, time 4867.04ms, mfu 0.17%
iter 1970: loss 1.7365, time 4874.40ms, mfu 0.17%
iter 1980: loss 1.7080, time 4868.43ms, mfu 0.17%
iter 1990: loss 1.7125, time 4889.51ms, mfu 0.17%
step 2000: train loss 1.5452, val loss 1.7412
saving checkpoint to /net/scratch2/junyuren/nanoGPT-manifold/out-phase4-full-mlp
iter 2000: loss 1.7209, time 11529.04ms, mfu 0.16%
iter 2010: loss 1.7159, time 4899.92ms, mfu 0.16%
iter 2020: loss 1.7467, time 4899.20ms, mfu 0.16%
iter 2030: loss 1.7328, time 4900.26ms, mfu 0.16%
iter 2040: loss 1.7088, time 4870.52ms, mfu 0.16%
iter 2050: loss 1.7218, time 4866.22ms, mfu 0.16%
iter 2060: loss 1.7181, time 4878.80ms, mfu 0.16%
iter 2070: loss 1.7142, time 4865.73ms, mfu 0.16%
iter 2080: loss 1.6994, time 4876.20ms, mfu 0.16%
iter 2090: loss 1.6987, time 4861.24ms, mfu 0.16%
iter 2100: loss 1.6837, time 4872.74ms, mfu 0.16%
iter 2110: loss 1.6826, time 4871.45ms, mfu 0.16%
iter 2120: loss 1.7021, time 4876.51ms, mfu 0.17%
iter 2130: loss 1.6727, time 4867.16ms, mfu 0.17%
iter 2140: loss 1.6886, time 4865.16ms, mfu 0.17%
iter 2150: loss 1.7039, time 4877.94ms, mfu 0.17%
iter 2160: loss 1.6995, time 4872.47ms, mfu 0.17%
iter 2170: loss 1.6955, time 4914.30ms, mfu 0.17%
iter 2180: loss 1.6953, time 4872.86ms, mfu 0.17%
iter 2190: loss 1.6806, time 4879.15ms, mfu 0.17%
iter 2200: loss 1.7241, time 4871.81ms, mfu 0.17%
iter 2210: loss 1.7128, time 4894.72ms, mfu 0.17%
iter 2220: loss 1.6893, time 4884.60ms, mfu 0.17%
iter 2230: loss 1.6857, time 4862.48ms, mfu 0.17%
iter 2240: loss 1.7004, time 4888.04ms, mfu 0.17%
iter 2250: loss 1.6953, time 4872.60ms, mfu 0.17%
iter 2260: loss 1.6477, time 4868.34ms, mfu 0.17%
iter 2270: loss 1.6623, time 4870.26ms, mfu 0.17%
iter 2280: loss 1.6622, time 4870.37ms, mfu 0.17%
iter 2290: loss 1.6865, time 4865.72ms, mfu 0.17%
iter 2300: loss 1.6994, time 4865.40ms, mfu 0.17%
iter 2310: loss 1.7172, time 4872.37ms, mfu 0.17%
iter 2320: loss 1.7116, time 4864.13ms, mfu 0.17%
iter 2330: loss 1.7088, time 4867.87ms, mfu 0.17%
iter 2340: loss 1.6799, time 4868.93ms, mfu 0.17%
iter 2350: loss 1.7102, time 4859.10ms, mfu 0.17%
iter 2360: loss 1.7150, time 4869.21ms, mfu 0.17%
iter 2370: loss 1.6579, time 4860.49ms, mfu 0.17%
iter 2380: loss 1.7026, time 4870.52ms, mfu 0.17%
iter 2390: loss 1.6776, time 4875.65ms, mfu 0.17%
iter 2400: loss 1.6818, time 4884.12ms, mfu 0.17%
iter 2410: loss 1.6364, time 4918.33ms, mfu 0.17%
iter 2420: loss 1.6824, time 4879.72ms, mfu 0.17%
iter 2430: loss 1.6727, time 4887.43ms, mfu 0.17%
iter 2440: loss 1.6737, time 4879.40ms, mfu 0.17%
iter 2450: loss 1.6565, time 4876.68ms, mfu 0.17%
iter 2460: loss 1.6743, time 4874.07ms, mfu 0.17%
iter 2470: loss 1.6682, time 4874.85ms, mfu 0.17%
iter 2480: loss 1.6656, time 4875.74ms, mfu 0.17%
iter 2490: loss 1.6751, time 4867.46ms, mfu 0.17%
step 2500: train loss 1.4952, val loss 1.6916
saving checkpoint to /net/scratch2/junyuren/nanoGPT-manifold/out-phase4-full-mlp
iter 2500: loss 1.6501, time 11425.53ms, mfu 0.16%
iter 2510: loss 1.6688, time 4865.99ms, mfu 0.16%
iter 2520: loss 1.6543, time 4859.87ms, mfu 0.16%
iter 2530: loss 1.6408, time 4882.18ms, mfu 0.16%
iter 2540: loss 1.6770, time 4856.12ms, mfu 0.16%
iter 2550: loss 1.6179, time 4851.22ms, mfu 0.16%
iter 2560: loss 1.6839, time 4878.78ms, mfu 0.16%
iter 2570: loss 1.6645, time 4884.32ms, mfu 0.16%
iter 2580: loss 1.6358, time 4877.15ms, mfu 0.16%
iter 2590: loss 1.6516, time 4867.08ms, mfu 0.16%
iter 2600: loss 1.6642, time 4880.10ms, mfu 0.16%
iter 2610: loss 1.6586, time 4874.73ms, mfu 0.16%
iter 2620: loss 1.6379, time 4870.95ms, mfu 0.17%
iter 2630: loss 1.7052, time 4873.08ms, mfu 0.17%
iter 2640: loss 1.6735, time 4859.06ms, mfu 0.17%
iter 2650: loss 1.6601, time 4868.26ms, mfu 0.17%
iter 2660: loss 1.6511, time 4870.75ms, mfu 0.17%
iter 2670: loss 1.6617, time 4863.07ms, mfu 0.17%
iter 2680: loss 1.6523, time 4873.07ms, mfu 0.17%
iter 2690: loss 1.6382, time 4884.67ms, mfu 0.17%
iter 2700: loss 1.6470, time 4881.07ms, mfu 0.17%
iter 2710: loss 1.6211, time 4878.62ms, mfu 0.17%
iter 2720: loss 1.6340, time 4879.24ms, mfu 0.17%
iter 2730: loss 1.7075, time 4880.84ms, mfu 0.17%
iter 2740: loss 1.6260, time 4883.88ms, mfu 0.17%
iter 2750: loss 1.6551, time 4880.03ms, mfu 0.17%
iter 2760: loss 1.6654, time 4861.37ms, mfu 0.17%
iter 2770: loss 1.6073, time 4863.68ms, mfu 0.17%
iter 2780: loss 1.6553, time 4878.07ms, mfu 0.17%
iter 2790: loss 1.6320, time 4869.70ms, mfu 0.17%
iter 2800: loss 1.6404, time 4869.94ms, mfu 0.17%
iter 2810: loss 1.6554, time 4869.99ms, mfu 0.17%
iter 2820: loss 1.5949, time 4867.29ms, mfu 0.17%
iter 2830: loss 1.6036, time 4868.15ms, mfu 0.17%
iter 2840: loss 1.6524, time 4875.64ms, mfu 0.17%
iter 2850: loss 1.6418, time 4915.60ms, mfu 0.17%
iter 2860: loss 1.6409, time 4869.47ms, mfu 0.17%
iter 2870: loss 1.6263, time 4867.19ms, mfu 0.17%
iter 2880: loss 1.6517, time 4871.76ms, mfu 0.17%
iter 2890: loss 1.6086, time 4877.58ms, mfu 0.17%
iter 2900: loss 1.6519, time 4870.61ms, mfu 0.17%
iter 2910: loss 1.6525, time 4877.84ms, mfu 0.17%
iter 2920: loss 1.6467, time 4878.03ms, mfu 0.17%
iter 2930: loss 1.6046, time 4884.56ms, mfu 0.17%
iter 2940: loss 1.6343, time 4890.54ms, mfu 0.17%
iter 2950: loss 1.6321, time 4884.94ms, mfu 0.17%
iter 2960: loss 1.6396, time 4862.53ms, mfu 0.17%
iter 2970: loss 1.6355, time 4863.72ms, mfu 0.17%
iter 2980: loss 1.6302, time 4870.59ms, mfu 0.17%
iter 2990: loss 1.6264, time 4871.45ms, mfu 0.17%
step 3000: train loss 1.4597, val loss 1.6625
saving checkpoint to /net/scratch2/junyuren/nanoGPT-manifold/out-phase4-full-mlp
iter 3000: loss 1.6298, time 11493.03ms, mfu 0.16%
iter 3010: loss 1.6383, time 4880.47ms, mfu 0.16%
iter 3020: loss 1.6020, time 4883.33ms, mfu 0.16%
iter 3030: loss 1.6341, time 4884.26ms, mfu 0.16%
iter 3040: loss 1.6196, time 4882.54ms, mfu 0.16%
iter 3050: loss 1.6335, time 4883.88ms, mfu 0.16%
iter 3060: loss 1.6336, time 4881.61ms, mfu 0.16%
iter 3070: loss 1.6219, time 4892.54ms, mfu 0.16%
iter 3080: loss 1.6030, time 4871.56ms, mfu 0.16%
iter 3090: loss 1.6594, time 4873.74ms, mfu 0.16%
iter 3100: loss 1.6020, time 4894.96ms, mfu 0.16%
iter 3110: loss 1.6261, time 4907.04ms, mfu 0.16%
iter 3120: loss 1.6144, time 4874.13ms, mfu 0.16%
iter 3130: loss 1.6246, time 4863.04ms, mfu 0.17%
iter 3140: loss 1.6258, time 4862.05ms, mfu 0.17%
iter 3150: loss 1.6055, time 4865.69ms, mfu 0.17%
iter 3160: loss 1.5865, time 4872.39ms, mfu 0.17%
iter 3170: loss 1.6193, time 4866.15ms, mfu 0.17%
iter 3180: loss 1.6351, time 4860.17ms, mfu 0.17%
iter 3190: loss 1.5916, time 4857.23ms, mfu 0.17%
iter 3200: loss 1.6307, time 4857.27ms, mfu 0.17%
iter 3210: loss 1.6116, time 4867.58ms, mfu 0.17%
iter 3220: loss 1.6192, time 4884.61ms, mfu 0.17%
iter 3230: loss 1.6141, time 4893.93ms, mfu 0.17%
iter 3240: loss 1.6311, time 4863.75ms, mfu 0.17%
iter 3250: loss 1.5986, time 4860.10ms, mfu 0.17%
iter 3260: loss 1.5689, time 4858.74ms, mfu 0.17%
iter 3270: loss 1.6431, time 4854.64ms, mfu 0.17%
iter 3280: loss 1.6013, time 4883.64ms, mfu 0.17%
iter 3290: loss 1.6081, time 4857.78ms, mfu 0.17%
iter 3300: loss 1.5979, time 4871.00ms, mfu 0.17%
iter 3310: loss 1.6376, time 4866.95ms, mfu 0.17%
iter 3320: loss 1.5849, time 4869.90ms, mfu 0.17%
iter 3330: loss 1.5889, time 4863.17ms, mfu 0.17%
iter 3340: loss 1.5876, time 4865.38ms, mfu 0.17%
iter 3350: loss 1.6071, time 4858.49ms, mfu 0.17%
iter 3360: loss 1.6212, time 4862.01ms, mfu 0.17%
iter 3370: loss 1.5807, time 4870.25ms, mfu 0.17%
iter 3380: loss 1.5887, time 4862.72ms, mfu 0.17%
iter 3390: loss 1.6356, time 4872.06ms, mfu 0.17%
iter 3400: loss 1.6563, time 4915.93ms, mfu 0.17%
iter 3410: loss 1.5920, time 4867.09ms, mfu 0.17%
iter 3420: loss 1.6035, time 4874.94ms, mfu 0.17%
iter 3430: loss 1.5802, time 4892.33ms, mfu 0.17%
iter 3440: loss 1.5712, time 4878.42ms, mfu 0.17%
iter 3450: loss 1.6003, time 4878.60ms, mfu 0.17%
iter 3460: loss 1.5972, time 4868.56ms, mfu 0.17%
iter 3470: loss 1.6009, time 4881.82ms, mfu 0.17%
iter 3480: loss 1.6012, time 4885.82ms, mfu 0.17%
iter 3490: loss 1.5976, time 4867.07ms, mfu 0.17%
step 3500: train loss 1.4342, val loss 1.6550
saving checkpoint to /net/scratch2/junyuren/nanoGPT-manifold/out-phase4-full-mlp
iter 3500: loss 1.6123, time 11512.96ms, mfu 0.16%
iter 3510: loss 1.5786, time 4875.68ms, mfu 0.16%
iter 3520: loss 1.5805, time 4865.81ms, mfu 0.16%
iter 3530: loss 1.6297, time 4890.26ms, mfu 0.16%
iter 3540: loss 1.6011, time 4892.30ms, mfu 0.16%
iter 3550: loss 1.5981, time 4888.89ms, mfu 0.16%
iter 3560: loss 1.6053, time 4888.48ms, mfu 0.16%
iter 3570: loss 1.5732, time 4886.99ms, mfu 0.16%
iter 3580: loss 1.5868, time 4885.03ms, mfu 0.16%
iter 3590: loss 1.6029, time 4886.04ms, mfu 0.16%
iter 3600: loss 1.5822, time 4899.09ms, mfu 0.16%
iter 3610: loss 1.5931, time 4880.71ms, mfu 0.16%
iter 3620: loss 1.6053, time 4918.79ms, mfu 0.16%
iter 3630: loss 1.5775, time 4868.34ms, mfu 0.17%
iter 3640: loss 1.5719, time 4877.49ms, mfu 0.17%
iter 3650: loss 1.5923, time 4873.75ms, mfu 0.17%
iter 3660: loss 1.6098, time 4868.32ms, mfu 0.17%
iter 3670: loss 1.5873, time 4868.15ms, mfu 0.17%
iter 3680: loss 1.5900, time 4860.65ms, mfu 0.17%
iter 3690: loss 1.5759, time 4855.55ms, mfu 0.17%
iter 3700: loss 1.5466, time 4868.63ms, mfu 0.17%
iter 3710: loss 1.6222, time 4863.60ms, mfu 0.17%
iter 3720: loss 1.6038, time 4864.34ms, mfu 0.17%
iter 3730: loss 1.5915, time 4867.67ms, mfu 0.17%
iter 3740: loss 1.5887, time 4861.34ms, mfu 0.17%
iter 3750: loss 1.6152, time 4868.15ms, mfu 0.17%
iter 3760: loss 1.5889, time 4862.42ms, mfu 0.17%
iter 3770: loss 1.6090, time 4874.99ms, mfu 0.17%
iter 3780: loss 1.5803, time 4872.99ms, mfu 0.17%
iter 3790: loss 1.6093, time 4872.79ms, mfu 0.17%
iter 3800: loss 1.6027, time 4882.46ms, mfu 0.17%
iter 3810: loss 1.5993, time 4878.84ms, mfu 0.17%
iter 3820: loss 1.6019, time 4874.78ms, mfu 0.17%
iter 3830: loss 1.5791, time 4867.93ms, mfu 0.17%
iter 3840: loss 1.5870, time 4876.58ms, mfu 0.17%
iter 3850: loss 1.5530, time 4871.27ms, mfu 0.17%
iter 3860: loss 1.5583, time 4875.60ms, mfu 0.17%
iter 3870: loss 1.5777, time 4866.17ms, mfu 0.17%
iter 3880: loss 1.5957, time 4863.16ms, mfu 0.17%
iter 3890: loss 1.5998, time 4864.82ms, mfu 0.17%
iter 3900: loss 1.5810, time 4863.85ms, mfu 0.17%
iter 3910: loss 1.5911, time 4856.84ms, mfu 0.17%
iter 3920: loss 1.5563, time 4858.63ms, mfu 0.17%
iter 3930: loss 1.6043, time 4870.85ms, mfu 0.17%
iter 3940: loss 1.5650, time 4862.26ms, mfu 0.17%
iter 3950: loss 1.5764, time 4870.78ms, mfu 0.17%
iter 3960: loss 1.5675, time 4862.46ms, mfu 0.17%
