Overriding config with config/phase2_mlp_fc.py:
# Phase 2: MLP Expansion Only (mlp.c_fc + attn.c_proj)
# Coverage: ~34% of parameters
# Test if MLP c_fc (expansion) benefits from manifold

out_dir = '/net/scratch2/junyuren/nanoGPT-manifold/out-phase2-mlp-fc'
eval_interval = 500
eval_iters = 200
log_interval = 10
always_save_checkpoint = True

wandb_log = False
wandb_project = 'nanogpt-manifold'
wandb_run_name = 'phase2-mlp-fc'

# Dataset
dataset = 'shakespeare_char'
gradient_accumulation_steps = 1
batch_size = 64
block_size = 256

# Baby GPT architecture
n_layer = 6
n_head = 6
n_embd = 384
dropout = 0.2  # Match baseline (nanoGPT standard for Shakespeare)
bias = False

# AdamW for non-Grassmann params
learning_rate = 1e-3
max_iters = 15000
lr_decay_iters = 15000
min_lr = 1e-4
weight_decay = 1e-1  # Match baseline
beta1 = 0.9
beta2 = 0.99  # Match baseline (standard for small token count)
grad_clip = 1.0

decay_lr = True
warmup_iters = 100

# Grassmann config
use_grassmann = True
grassmann_phase = 'phase2'

# Legacy params
grass_lr = 8e-3
grass_a = 1.0
grass_b = 0.0
grass_rank = 192
grass_alpha = 0.01
grass_steps = 10
grass_tol = 1e-6

# System
device = 'cuda'
dtype = 'bfloat16'
compile = True

tokens per iteration will be: 16,384
found vocab_size = 65 (inside data/shakespeare_char/meta.pkl)
Initializing a new model from scratch
number of parameters: 10.65M

=== Phase phase2 Grassmann Configuration ===
Grassmann Muon parameters: 12 weight matrices, 4,423,680 params
AdamW decay parameters: 14 tensors, 6,316,416 params
AdamW no-decay parameters: 13 tensors, 4,992 params
  transformer.h.0.attn.c_proj.weight: k=1, G_{0.0,-1.0,192}, lr=0.001, scale=1.0, type=None
  transformer.h.0.mlp.c_fc.weight: k=4, G_{1.0,0.0,192}, lr=0.008, scale=1.0, type=vertical
  transformer.h.1.attn.c_proj.weight: k=1, G_{0.0,-1.0,192}, lr=0.001, scale=1.0, type=None
  transformer.h.1.mlp.c_fc.weight: k=4, G_{1.0,0.0,192}, lr=0.008, scale=1.0, type=vertical
  transformer.h.2.attn.c_proj.weight: k=1, G_{0.0,-1.0,192}, lr=0.001, scale=1.0, type=None
  transformer.h.2.mlp.c_fc.weight: k=4, G_{1.0,0.0,192}, lr=0.008, scale=1.0, type=vertical
  transformer.h.3.attn.c_proj.weight: k=1, G_{0.0,-1.0,192}, lr=0.001, scale=1.0, type=None
  transformer.h.3.mlp.c_fc.weight: k=4, G_{1.0,0.0,192}, lr=0.008, scale=1.0, type=vertical
  transformer.h.4.attn.c_proj.weight: k=1, G_{0.0,-1.0,192}, lr=0.001, scale=1.0, type=None
  transformer.h.4.mlp.c_fc.weight: k=4, G_{1.0,0.0,192}, lr=0.008, scale=1.0, type=vertical
  transformer.h.5.attn.c_proj.weight: k=1, G_{0.0,-1.0,192}, lr=0.001, scale=1.0, type=None
  transformer.h.5.mlp.c_fc.weight: k=4, G_{1.0,0.0,192}, lr=0.008, scale=1.0, type=vertical
using fused AdamW: True

=== Initializing Grassmann Weights (Block Decomposition) ===
Number of weight types to initialize: 12

Initializing attn.c_proj.: k=1, G_{0.0,-1.0,192}, type=None
  Initialized transformer.h.0.attn.c_proj.weight (384, 384) on G_{0.0,-1.0,192}
  Initialized transformer.h.1.attn.c_proj.weight (384, 384) on G_{0.0,-1.0,192}
  Initialized transformer.h.2.attn.c_proj.weight (384, 384) on G_{0.0,-1.0,192}
  Initialized transformer.h.3.attn.c_proj.weight (384, 384) on G_{0.0,-1.0,192}
  Initialized transformer.h.4.attn.c_proj.weight (384, 384) on G_{0.0,-1.0,192}
  Initialized transformer.h.5.attn.c_proj.weight (384, 384) on G_{0.0,-1.0,192}

Initializing mlp.c_fc.: k=4, G_{1.0,0.0,192}, type=vertical
  Initialized transformer.h.0.mlp.c_fc.weight (1536, 384) as 4 blocks of (384, 384) on G_{1.0,0.0,192}
  Initialized transformer.h.1.mlp.c_fc.weight (1536, 384) as 4 blocks of (384, 384) on G_{1.0,0.0,192}
  Initialized transformer.h.2.mlp.c_fc.weight (1536, 384) as 4 blocks of (384, 384) on G_{1.0,0.0,192}
  Initialized transformer.h.3.mlp.c_fc.weight (1536, 384) as 4 blocks of (384, 384) on G_{1.0,0.0,192}
  Initialized transformer.h.4.mlp.c_fc.weight (1536, 384) as 4 blocks of (384, 384) on G_{1.0,0.0,192}
  Initialized transformer.h.5.mlp.c_fc.weight (1536, 384) as 4 blocks of (384, 384) on G_{1.0,0.0,192}

Initializing transformer.h.1.attn.c_proj.: k=1, G_{0.0,-1.0,192}, type=None
  Initialized transformer.h.1.attn.c_proj.weight (384, 384) on G_{0.0,-1.0,192}

Initializing transformer.h.1.mlp.c_fc.: k=4, G_{1.0,0.0,192}, type=vertical
  Initialized transformer.h.1.mlp.c_fc.weight (1536, 384) as 4 blocks of (384, 384) on G_{1.0,0.0,192}

Initializing transformer.h.2.attn.c_proj.: k=1, G_{0.0,-1.0,192}, type=None
  Initialized transformer.h.2.attn.c_proj.weight (384, 384) on G_{0.0,-1.0,192}

Initializing transformer.h.2.mlp.c_fc.: k=4, G_{1.0,0.0,192}, type=vertical
  Initialized transformer.h.2.mlp.c_fc.weight (1536, 384) as 4 blocks of (384, 384) on G_{1.0,0.0,192}

Initializing transformer.h.3.attn.c_proj.: k=1, G_{0.0,-1.0,192}, type=None
  Initialized transformer.h.3.attn.c_proj.weight (384, 384) on G_{0.0,-1.0,192}

Initializing transformer.h.3.mlp.c_fc.: k=4, G_{1.0,0.0,192}, type=vertical
  Initialized transformer.h.3.mlp.c_fc.weight (1536, 384) as 4 blocks of (384, 384) on G_{1.0,0.0,192}

Initializing transformer.h.4.attn.c_proj.: k=1, G_{0.0,-1.0,192}, type=None
  Initialized transformer.h.4.attn.c_proj.weight (384, 384) on G_{0.0,-1.0,192}

Initializing transformer.h.4.mlp.c_fc.: k=4, G_{1.0,0.0,192}, type=vertical
  Initialized transformer.h.4.mlp.c_fc.weight (1536, 384) as 4 blocks of (384, 384) on G_{1.0,0.0,192}

Initializing transformer.h.5.attn.c_proj.: k=1, G_{0.0,-1.0,192}, type=None
  Initialized transformer.h.5.attn.c_proj.weight (384, 384) on G_{0.0,-1.0,192}

Initializing transformer.h.5.mlp.c_fc.: k=4, G_{1.0,0.0,192}, type=vertical
  Initialized transformer.h.5.mlp.c_fc.weight (1536, 384) as 4 blocks of (384, 384) on G_{1.0,0.0,192}

Grassmann block initialization complete.

=== Setting up component-specific dropout ===
AdamW components: dropout = 0.2
Grassmann components: dropout = 0.1
Component-specific dropout setup complete.

=== Setting up norm-preserving scaling (Phase phase2) ===
  Added frozen 0.5×I scaling after mlp.c_fc (device=cuda:0)
  Added frozen 0.5×I scaling after mlp.c_fc (device=cuda:0)
  Added frozen 0.5×I scaling after mlp.c_fc (device=cuda:0)
  Added frozen 0.5×I scaling after mlp.c_fc (device=cuda:0)
  Added frozen 0.5×I scaling after mlp.c_fc (device=cuda:0)
  Added frozen 0.5×I scaling after mlp.c_fc (device=cuda:0)
Norm-preserving scaling setup complete.
compiling the model... (takes a ~minute)
step 0: train loss 4.3145, val loss 4.3059
iter 0: loss 4.3033, time 26282.20ms, mfu -100.00%
iter 10: loss 3.4584, time 1804.73ms, mfu 0.45%
iter 20: loss 2.8340, time 1792.99ms, mfu 0.45%
iter 30: loss 2.6124, time 1797.03ms, mfu 0.45%
iter 40: loss 2.5330, time 1800.41ms, mfu 0.45%
iter 50: loss 2.5085, time 1797.84ms, mfu 0.45%
iter 60: loss 2.5128, time 1798.00ms, mfu 0.45%
iter 70: loss 2.5080, time 1793.80ms, mfu 0.45%
iter 80: loss 2.4817, time 1795.27ms, mfu 0.45%
iter 90: loss 2.4816, time 1795.55ms, mfu 0.45%
iter 100: loss 2.4876, time 1797.12ms, mfu 0.45%
iter 110: loss 2.4630, time 1794.75ms, mfu 0.46%
iter 120: loss 2.4527, time 1801.17ms, mfu 0.45%
iter 130: loss 2.4405, time 1794.83ms, mfu 0.46%
iter 140: loss 2.4380, time 1805.85ms, mfu 0.45%
iter 150: loss 2.4337, time 1799.50ms, mfu 0.45%
iter 160: loss 2.4276, time 1807.40ms, mfu 0.45%
iter 170: loss 2.4101, time 1803.44ms, mfu 0.45%
iter 180: loss 2.3945, time 1805.56ms, mfu 0.45%
iter 190: loss 2.3711, time 1799.57ms, mfu 0.45%
iter 200: loss 2.3770, time 1807.10ms, mfu 0.45%
iter 210: loss 2.3876, time 1796.86ms, mfu 0.45%
iter 220: loss 2.3674, time 1796.46ms, mfu 0.45%
iter 230: loss 2.3367, time 1791.45ms, mfu 0.45%
iter 240: loss 2.2949, time 1802.18ms, mfu 0.45%
iter 250: loss 2.2906, time 1799.40ms, mfu 0.45%
iter 260: loss 2.2783, time 1797.32ms, mfu 0.45%
iter 270: loss 2.2705, time 1795.66ms, mfu 0.45%
iter 280: loss 2.2740, time 1795.12ms, mfu 0.46%
iter 290: loss 2.2404, time 1798.28ms, mfu 0.46%
iter 300: loss 2.2660, time 1798.84ms, mfu 0.46%
iter 310: loss 2.2233, time 1799.26ms, mfu 0.46%
iter 320: loss 2.1889, time 1799.60ms, mfu 0.46%
iter 330: loss 2.1911, time 1795.72ms, mfu 0.46%
iter 340: loss 2.1593, time 1794.16ms, mfu 0.46%
iter 350: loss 2.1605, time 1810.00ms, mfu 0.45%
iter 360: loss 2.2039, time 1803.56ms, mfu 0.45%
iter 370: loss 2.1253, time 1797.37ms, mfu 0.45%
iter 380: loss 2.1375, time 1801.27ms, mfu 0.45%
iter 390: loss 2.1534, time 1791.82ms, mfu 0.46%
iter 400: loss 2.1264, time 1796.36ms, mfu 0.46%
iter 410: loss 2.1365, time 1791.81ms, mfu 0.46%
iter 420: loss 2.1037, time 1795.76ms, mfu 0.46%
iter 430: loss 2.0817, time 1793.36ms, mfu 0.46%
iter 440: loss 2.1023, time 1804.15ms, mfu 0.46%
iter 450: loss 2.0744, time 1801.85ms, mfu 0.46%
iter 460: loss 2.0803, time 1810.36ms, mfu 0.45%
iter 470: loss 2.0848, time 1801.57ms, mfu 0.45%
iter 480: loss 2.0578, time 1843.18ms, mfu 0.45%
iter 490: loss 2.0578, time 1819.60ms, mfu 0.45%
step 500: train loss 1.9679, val loss 2.0774
saving checkpoint to /net/scratch2/junyuren/nanoGPT-manifold/out-phase2-mlp-fc
iter 500: loss 2.0704, time 9252.41ms, mfu 0.42%
iter 510: loss 2.0610, time 1799.25ms, mfu 0.42%
iter 520: loss 2.0279, time 1811.70ms, mfu 0.42%
iter 530: loss 2.0315, time 1804.74ms, mfu 0.43%
iter 540: loss 2.0353, time 1801.51ms, mfu 0.43%
iter 550: loss 2.0351, time 1806.46ms, mfu 0.43%
iter 560: loss 2.0184, time 1802.48ms, mfu 0.43%
iter 570: loss 2.0233, time 1805.11ms, mfu 0.44%
iter 580: loss 1.9942, time 1800.40ms, mfu 0.44%
iter 590: loss 2.0096, time 1804.07ms, mfu 0.44%
iter 600: loss 1.9627, time 1803.68ms, mfu 0.44%
iter 610: loss 1.9880, time 1806.53ms, mfu 0.44%
iter 620: loss 1.9855, time 1794.75ms, mfu 0.44%
iter 630: loss 1.9969, time 1799.17ms, mfu 0.44%
iter 640: loss 1.9974, time 1798.44ms, mfu 0.45%
iter 650: loss 1.9714, time 1784.73ms, mfu 0.45%
iter 660: loss 1.9739, time 1802.89ms, mfu 0.45%
iter 670: loss 1.9565, time 1788.20ms, mfu 0.45%
iter 680: loss 1.9680, time 1790.21ms, mfu 0.45%
iter 690: loss 1.9672, time 1796.99ms, mfu 0.45%
iter 700: loss 1.9572, time 1800.82ms, mfu 0.45%
iter 710: loss 1.9647, time 1797.97ms, mfu 0.45%
iter 720: loss 1.9352, time 1794.31ms, mfu 0.45%
iter 730: loss 1.9442, time 1794.35ms, mfu 0.45%
iter 740: loss 1.9517, time 1800.02ms, mfu 0.45%
iter 750: loss 1.9486, time 1804.52ms, mfu 0.45%
iter 760: loss 1.9175, time 1794.35ms, mfu 0.45%
iter 770: loss 1.9461, time 1783.15ms, mfu 0.45%
iter 780: loss 1.9069, time 1797.65ms, mfu 0.45%
iter 790: loss 1.9211, time 1805.16ms, mfu 0.45%
iter 800: loss 1.9024, time 1806.83ms, mfu 0.45%
iter 810: loss 1.8885, time 1789.84ms, mfu 0.45%
iter 820: loss 1.9197, time 1796.44ms, mfu 0.45%
iter 830: loss 1.9298, time 1798.81ms, mfu 0.45%
iter 840: loss 1.9347, time 1803.91ms, mfu 0.45%
iter 850: loss 1.9085, time 1797.06ms, mfu 0.45%
iter 860: loss 1.8867, time 1791.70ms, mfu 0.45%
iter 870: loss 1.8874, time 1803.16ms, mfu 0.45%
iter 880: loss 1.9252, time 1793.21ms, mfu 0.45%
iter 890: loss 1.9149, time 1796.37ms, mfu 0.45%
iter 900: loss 1.8615, time 1804.17ms, mfu 0.45%
iter 910: loss 1.9040, time 1791.26ms, mfu 0.45%
iter 920: loss 1.8575, time 1796.21ms, mfu 0.46%
iter 930: loss 1.8897, time 1795.95ms, mfu 0.46%
iter 940: loss 1.8688, time 1796.67ms, mfu 0.46%
iter 950: loss 1.8691, time 1797.77ms, mfu 0.46%
iter 960: loss 1.8586, time 1805.30ms, mfu 0.46%
iter 970: loss 1.8927, time 1792.99ms, mfu 0.46%
iter 980: loss 1.8637, time 1787.21ms, mfu 0.46%
iter 990: loss 1.8526, time 1801.64ms, mfu 0.46%
step 1000: train loss 1.7503, val loss 1.8967
saving checkpoint to /net/scratch2/junyuren/nanoGPT-manifold/out-phase2-mlp-fc
iter 1000: loss 1.8473, time 9329.12ms, mfu 0.42%
iter 1010: loss 1.8923, time 1797.04ms, mfu 0.42%
iter 1020: loss 1.8135, time 1785.23ms, mfu 0.43%
iter 1030: loss 1.8579, time 1792.38ms, mfu 0.43%
iter 1040: loss 1.8585, time 1783.83ms, mfu 0.43%
iter 1050: loss 1.8013, time 1784.00ms, mfu 0.43%
iter 1060: loss 1.8277, time 1787.07ms, mfu 0.44%
iter 1070: loss 1.8391, time 1791.13ms, mfu 0.44%
iter 1080: loss 1.8582, time 1788.19ms, mfu 0.44%
iter 1090: loss 1.8509, time 1785.41ms, mfu 0.44%
iter 1100: loss 1.8213, time 1792.54ms, mfu 0.44%
iter 1110: loss 1.7939, time 1783.52ms, mfu 0.45%
iter 1120: loss 1.8528, time 1793.99ms, mfu 0.45%
iter 1130: loss 1.8531, time 1785.26ms, mfu 0.45%
iter 1140: loss 1.8057, time 1787.85ms, mfu 0.45%
iter 1150: loss 1.8024, time 1788.70ms, mfu 0.45%
iter 1160: loss 1.8471, time 1785.97ms, mfu 0.45%
iter 1170: loss 1.8317, time 1793.95ms, mfu 0.45%
iter 1180: loss 1.8051, time 1786.74ms, mfu 0.45%
iter 1190: loss 1.8271, time 1793.67ms, mfu 0.45%
iter 1200: loss 1.8151, time 1789.71ms, mfu 0.45%
iter 1210: loss 1.8323, time 1789.95ms, mfu 0.45%
iter 1220: loss 1.8017, time 1788.67ms, mfu 0.45%
iter 1230: loss 1.7796, time 1791.83ms, mfu 0.45%
iter 1240: loss 1.8423, time 1783.55ms, mfu 0.45%
iter 1250: loss 1.7721, time 1788.99ms, mfu 0.45%
iter 1260: loss 1.8068, time 1787.61ms, mfu 0.46%
iter 1270: loss 1.8062, time 1787.61ms, mfu 0.46%
iter 1280: loss 1.7793, time 1795.90ms, mfu 0.46%
iter 1290: loss 1.8027, time 1784.26ms, mfu 0.46%
iter 1300: loss 1.7871, time 1786.51ms, mfu 0.46%
iter 1310: loss 1.7852, time 1785.45ms, mfu 0.46%
iter 1320: loss 1.8118, time 1781.56ms, mfu 0.46%
iter 1330: loss 1.8120, time 1799.25ms, mfu 0.46%
iter 1340: loss 1.7877, time 1778.38ms, mfu 0.46%
iter 1350: loss 1.7542, time 1783.21ms, mfu 0.46%
iter 1360: loss 1.7760, time 1781.66ms, mfu 0.46%
iter 1370: loss 1.8048, time 1791.00ms, mfu 0.46%
iter 1380: loss 1.7929, time 1784.55ms, mfu 0.46%
iter 1390: loss 1.7648, time 1786.11ms, mfu 0.46%
iter 1400: loss 1.8013, time 1778.12ms, mfu 0.46%
iter 1410: loss 1.7803, time 1779.01ms, mfu 0.46%
iter 1420: loss 1.7504, time 1775.90ms, mfu 0.46%
iter 1430: loss 1.7711, time 1779.34ms, mfu 0.46%
iter 1440: loss 1.7577, time 1778.74ms, mfu 0.46%
iter 1450: loss 1.7590, time 1775.51ms, mfu 0.46%
iter 1460: loss 1.7469, time 1785.21ms, mfu 0.46%
iter 1470: loss 1.7188, time 1772.45ms, mfu 0.46%
iter 1480: loss 1.7639, time 1777.81ms, mfu 0.46%
iter 1490: loss 1.7595, time 1785.81ms, mfu 0.46%
step 1500: train loss 1.6460, val loss 1.8275
saving checkpoint to /net/scratch2/junyuren/nanoGPT-manifold/out-phase2-mlp-fc
iter 1500: loss 1.7939, time 9195.04ms, mfu 0.42%
iter 1510: loss 1.7663, time 1786.81ms, mfu 0.43%
iter 1520: loss 1.7422, time 1776.33ms, mfu 0.43%
iter 1530: loss 1.7335, time 1777.34ms, mfu 0.43%
iter 1540: loss 1.7452, time 1783.29ms, mfu 0.44%
iter 1550: loss 1.7552, time 1778.21ms, mfu 0.44%
iter 1560: loss 1.7454, time 1778.22ms, mfu 0.44%
iter 1570: loss 1.6997, time 1784.74ms, mfu 0.44%
iter 1580: loss 1.7347, time 1780.18ms, mfu 0.44%
iter 1590: loss 1.7168, time 1774.43ms, mfu 0.45%
iter 1600: loss 1.7370, time 1784.02ms, mfu 0.45%
iter 1610: loss 1.7524, time 1778.55ms, mfu 0.45%
iter 1620: loss 1.7478, time 1780.99ms, mfu 0.45%
iter 1630: loss 1.7832, time 1774.84ms, mfu 0.45%
iter 1640: loss 1.7537, time 1782.59ms, mfu 0.45%
iter 1650: loss 1.7201, time 1779.70ms, mfu 0.45%
iter 1660: loss 1.7037, time 1773.24ms, mfu 0.45%
iter 1670: loss 1.7418, time 1776.03ms, mfu 0.45%
iter 1680: loss 1.7558, time 1771.48ms, mfu 0.45%
iter 1690: loss 1.7356, time 1782.26ms, mfu 0.46%
iter 1700: loss 1.7257, time 1775.53ms, mfu 0.46%
iter 1710: loss 1.7560, time 1779.17ms, mfu 0.46%
iter 1720: loss 1.7023, time 1778.81ms, mfu 0.46%
iter 1730: loss 1.7217, time 1781.33ms, mfu 0.46%
iter 1740: loss 1.7114, time 1780.78ms, mfu 0.46%
iter 1750: loss 1.7236, time 1773.81ms, mfu 0.46%
iter 1760: loss 1.7289, time 1779.33ms, mfu 0.46%
iter 1770: loss 1.7193, time 1771.64ms, mfu 0.46%
iter 1780: loss 1.7184, time 1783.38ms, mfu 0.46%
iter 1790: loss 1.6805, time 1776.65ms, mfu 0.46%
iter 1800: loss 1.6905, time 1785.07ms, mfu 0.46%
iter 1810: loss 1.7246, time 1777.94ms, mfu 0.46%
iter 1820: loss 1.7002, time 1784.71ms, mfu 0.46%
iter 1830: loss 1.7016, time 1776.35ms, mfu 0.46%
iter 1840: loss 1.7151, time 1777.28ms, mfu 0.46%
iter 1850: loss 1.7054, time 1778.80ms, mfu 0.46%
iter 1860: loss 1.7106, time 1780.24ms, mfu 0.46%
iter 1870: loss 1.6747, time 1781.50ms, mfu 0.46%
iter 1880: loss 1.7151, time 1775.16ms, mfu 0.46%
iter 1890: loss 1.7094, time 1774.68ms, mfu 0.46%
iter 1900: loss 1.6943, time 1780.75ms, mfu 0.46%
iter 1910: loss 1.6672, time 1786.84ms, mfu 0.46%
iter 1920: loss 1.7074, time 1782.30ms, mfu 0.46%
iter 1930: loss 1.7081, time 1770.10ms, mfu 0.46%
iter 1940: loss 1.6840, time 1778.46ms, mfu 0.46%
iter 1950: loss 1.7147, time 1780.47ms, mfu 0.46%
iter 1960: loss 1.6516, time 1772.05ms, mfu 0.46%
iter 1970: loss 1.7003, time 1772.10ms, mfu 0.46%
iter 1980: loss 1.6744, time 1775.83ms, mfu 0.46%
iter 1990: loss 1.6697, time 1775.06ms, mfu 0.46%
step 2000: train loss 1.5736, val loss 1.7638
saving checkpoint to /net/scratch2/junyuren/nanoGPT-manifold/out-phase2-mlp-fc
iter 2000: loss 1.6904, time 9193.87ms, mfu 0.42%
iter 2010: loss 1.6780, time 1779.75ms, mfu 0.43%
iter 2020: loss 1.7090, time 1782.48ms, mfu 0.43%
iter 2030: loss 1.7081, time 1774.76ms, mfu 0.43%
iter 2040: loss 1.6832, time 1785.48ms, mfu 0.44%
iter 2050: loss 1.6861, time 1776.59ms, mfu 0.44%
iter 2060: loss 1.6815, time 1771.86ms, mfu 0.44%
iter 2070: loss 1.6830, time 1781.47ms, mfu 0.44%
iter 2080: loss 1.6742, time 1778.22ms, mfu 0.44%
iter 2090: loss 1.6734, time 1792.74ms, mfu 0.45%
iter 2100: loss 1.6456, time 1785.13ms, mfu 0.45%
iter 2110: loss 1.6511, time 1778.63ms, mfu 0.45%
iter 2120: loss 1.6672, time 1781.15ms, mfu 0.45%
iter 2130: loss 1.6342, time 1779.88ms, mfu 0.45%
iter 2140: loss 1.6514, time 1792.70ms, mfu 0.45%
iter 2150: loss 1.6670, time 1783.45ms, mfu 0.45%
iter 2160: loss 1.6604, time 1781.66ms, mfu 0.45%
iter 2170: loss 1.6580, time 1781.47ms, mfu 0.45%
iter 2180: loss 1.6669, time 1778.35ms, mfu 0.45%
iter 2190: loss 1.6414, time 1787.71ms, mfu 0.45%
iter 2200: loss 1.6744, time 1778.29ms, mfu 0.45%
iter 2210: loss 1.6826, time 1769.64ms, mfu 0.46%
iter 2220: loss 1.6497, time 1769.39ms, mfu 0.46%
iter 2230: loss 1.6554, time 1784.43ms, mfu 0.46%
iter 2240: loss 1.6642, time 1775.60ms, mfu 0.46%
iter 2250: loss 1.6556, time 1775.02ms, mfu 0.46%
iter 2260: loss 1.6172, time 1768.88ms, mfu 0.46%
iter 2270: loss 1.6193, time 1777.57ms, mfu 0.46%
iter 2280: loss 1.6254, time 1777.06ms, mfu 0.46%
iter 2290: loss 1.6619, time 1777.43ms, mfu 0.46%
iter 2300: loss 1.6718, time 1774.20ms, mfu 0.46%
iter 2310: loss 1.6852, time 1776.28ms, mfu 0.46%
iter 2320: loss 1.6676, time 1787.92ms, mfu 0.46%
iter 2330: loss 1.6711, time 1774.35ms, mfu 0.46%
iter 2340: loss 1.6412, time 1778.59ms, mfu 0.46%
iter 2350: loss 1.6686, time 1775.74ms, mfu 0.46%
iter 2360: loss 1.6719, time 1772.67ms, mfu 0.46%
iter 2370: loss 1.6209, time 1771.40ms, mfu 0.46%
iter 2380: loss 1.6629, time 1774.85ms, mfu 0.46%
iter 2390: loss 1.6506, time 1771.57ms, mfu 0.46%
iter 2400: loss 1.6451, time 1774.48ms, mfu 0.46%
iter 2410: loss 1.6024, time 1775.69ms, mfu 0.46%
iter 2420: loss 1.6545, time 1772.21ms, mfu 0.46%
iter 2430: loss 1.6387, time 1778.26ms, mfu 0.46%
iter 2440: loss 1.6452, time 1779.72ms, mfu 0.46%
iter 2450: loss 1.6182, time 1782.93ms, mfu 0.46%
iter 2460: loss 1.6423, time 1781.52ms, mfu 0.46%
iter 2470: loss 1.6453, time 1783.42ms, mfu 0.46%
iter 2480: loss 1.6310, time 1783.05ms, mfu 0.46%
iter 2490: loss 1.6390, time 1783.35ms, mfu 0.46%
step 2500: train loss 1.5316, val loss 1.7184
saving checkpoint to /net/scratch2/junyuren/nanoGPT-manifold/out-phase2-mlp-fc
iter 2500: loss 1.6175, time 9294.09ms, mfu 0.42%
iter 2510: loss 1.6432, time 1773.04ms, mfu 0.43%
iter 2520: loss 1.6252, time 1774.99ms, mfu 0.43%
iter 2530: loss 1.6092, time 1771.49ms, mfu 0.43%
iter 2540: loss 1.6503, time 1774.45ms, mfu 0.44%
iter 2550: loss 1.5879, time 1774.75ms, mfu 0.44%
iter 2560: loss 1.6412, time 1772.08ms, mfu 0.44%
iter 2570: loss 1.6236, time 1780.19ms, mfu 0.44%
iter 2580: loss 1.6000, time 1773.26ms, mfu 0.44%
iter 2590: loss 1.6246, time 1777.61ms, mfu 0.45%
iter 2600: loss 1.6294, time 1772.06ms, mfu 0.45%
iter 2610: loss 1.6314, time 1777.80ms, mfu 0.45%
iter 2620: loss 1.5968, time 1776.81ms, mfu 0.45%
iter 2630: loss 1.6672, time 1772.72ms, mfu 0.45%
iter 2640: loss 1.6347, time 1776.35ms, mfu 0.45%
iter 2650: loss 1.6299, time 1772.12ms, mfu 0.45%
iter 2660: loss 1.6230, time 1773.74ms, mfu 0.45%
iter 2670: loss 1.6405, time 1772.99ms, mfu 0.45%
iter 2680: loss 1.6240, time 1778.28ms, mfu 0.46%
iter 2690: loss 1.6081, time 1774.79ms, mfu 0.46%
iter 2700: loss 1.6119, time 1768.57ms, mfu 0.46%
iter 2710: loss 1.5798, time 1769.53ms, mfu 0.46%
iter 2720: loss 1.6027, time 1769.36ms, mfu 0.46%
iter 2730: loss 1.6679, time 1771.30ms, mfu 0.46%
iter 2740: loss 1.5980, time 1765.68ms, mfu 0.46%
iter 2750: loss 1.6177, time 1773.76ms, mfu 0.46%
iter 2760: loss 1.6342, time 1768.94ms, mfu 0.46%
iter 2770: loss 1.5733, time 1775.30ms, mfu 0.46%
iter 2780: loss 1.6203, time 1775.40ms, mfu 0.46%
iter 2790: loss 1.5895, time 1767.71ms, mfu 0.46%
iter 2800: loss 1.6080, time 1772.40ms, mfu 0.46%
iter 2810: loss 1.6104, time 1774.10ms, mfu 0.46%
iter 2820: loss 1.5589, time 1767.21ms, mfu 0.46%
iter 2830: loss 1.5722, time 1771.69ms, mfu 0.46%
iter 2840: loss 1.6168, time 1764.33ms, mfu 0.46%
iter 2850: loss 1.6181, time 1766.50ms, mfu 0.46%
iter 2860: loss 1.6011, time 1767.88ms, mfu 0.46%
iter 2870: loss 1.5973, time 1765.42ms, mfu 0.46%
iter 2880: loss 1.6134, time 1765.44ms, mfu 0.46%
iter 2890: loss 1.5775, time 1777.50ms, mfu 0.46%
iter 2900: loss 1.6174, time 1775.13ms, mfu 0.46%
iter 2910: loss 1.6193, time 1771.76ms, mfu 0.46%
iter 2920: loss 1.5998, time 1764.47ms, mfu 0.46%
iter 2930: loss 1.5591, time 1771.38ms, mfu 0.46%
iter 2940: loss 1.5881, time 1770.55ms, mfu 0.46%
iter 2950: loss 1.5992, time 1776.18ms, mfu 0.46%
iter 2960: loss 1.5974, time 1770.67ms, mfu 0.46%
iter 2970: loss 1.5976, time 1770.67ms, mfu 0.46%
iter 2980: loss 1.5901, time 1774.69ms, mfu 0.46%
iter 2990: loss 1.5962, time 1774.63ms, mfu 0.46%
step 3000: train loss 1.4921, val loss 1.6892
saving checkpoint to /net/scratch2/junyuren/nanoGPT-manifold/out-phase2-mlp-fc
iter 3000: loss 1.5827, time 9207.69ms, mfu 0.42%
iter 3010: loss 1.5893, time 1768.85ms, mfu 0.43%
iter 3020: loss 1.5663, time 1772.67ms, mfu 0.43%
iter 3030: loss 1.6057, time 1772.24ms, mfu 0.43%
iter 3040: loss 1.5767, time 1777.00ms, mfu 0.44%
iter 3050: loss 1.5997, time 1771.73ms, mfu 0.44%
iter 3060: loss 1.5930, time 1767.37ms, mfu 0.44%
iter 3070: loss 1.5772, time 1769.99ms, mfu 0.44%
iter 3080: loss 1.5665, time 1777.31ms, mfu 0.45%
iter 3090: loss 1.6215, time 1783.41ms, mfu 0.45%
iter 3100: loss 1.5575, time 1771.69ms, mfu 0.45%
iter 3110: loss 1.5808, time 1766.36ms, mfu 0.45%
iter 3120: loss 1.5820, time 1767.39ms, mfu 0.45%
iter 3130: loss 1.5855, time 1776.70ms, mfu 0.45%
iter 3140: loss 1.5962, time 1782.05ms, mfu 0.45%
iter 3150: loss 1.5672, time 1775.44ms, mfu 0.45%
iter 3160: loss 1.5610, time 1780.14ms, mfu 0.45%
iter 3170: loss 1.5738, time 1779.04ms, mfu 0.46%
iter 3180: loss 1.6015, time 1768.69ms, mfu 0.46%
iter 3190: loss 1.5569, time 1772.98ms, mfu 0.46%
iter 3200: loss 1.5882, time 1766.12ms, mfu 0.46%
iter 3210: loss 1.5830, time 1769.04ms, mfu 0.46%
iter 3220: loss 1.5772, time 1769.78ms, mfu 0.46%
iter 3230: loss 1.5657, time 1773.03ms, mfu 0.46%
iter 3240: loss 1.5802, time 1774.46ms, mfu 0.46%
iter 3250: loss 1.5624, time 1773.08ms, mfu 0.46%
iter 3260: loss 1.5266, time 1774.51ms, mfu 0.46%
iter 3270: loss 1.5913, time 1766.03ms, mfu 0.46%
iter 3280: loss 1.5602, time 1777.37ms, mfu 0.46%
iter 3290: loss 1.5741, time 1770.93ms, mfu 0.46%
iter 3300: loss 1.5552, time 1769.01ms, mfu 0.46%
iter 3310: loss 1.5927, time 1769.74ms, mfu 0.46%
iter 3320: loss 1.5540, time 1765.07ms, mfu 0.46%
iter 3330: loss 1.5498, time 1777.58ms, mfu 0.46%
iter 3340: loss 1.5547, time 1765.93ms, mfu 0.46%
iter 3350: loss 1.5696, time 1769.53ms, mfu 0.46%
iter 3360: loss 1.5872, time 1773.31ms, mfu 0.46%
iter 3370: loss 1.5442, time 1773.63ms, mfu 0.46%
iter 3380: loss 1.5546, time 1768.82ms, mfu 0.46%
iter 3390: loss 1.6019, time 1772.38ms, mfu 0.46%
iter 3400: loss 1.6166, time 1764.34ms, mfu 0.46%
iter 3410: loss 1.5484, time 1771.64ms, mfu 0.46%
iter 3420: loss 1.5573, time 1765.89ms, mfu 0.46%
iter 3430: loss 1.5336, time 1769.39ms, mfu 0.46%
iter 3440: loss 1.5372, time 1767.39ms, mfu 0.46%
iter 3450: loss 1.5621, time 1772.10ms, mfu 0.46%
iter 3460: loss 1.5725, time 1769.06ms, mfu 0.46%
iter 3470: loss 1.5731, time 1765.06ms, mfu 0.46%
iter 3480: loss 1.5632, time 1771.96ms, mfu 0.46%
iter 3490: loss 1.5593, time 1769.21ms, mfu 0.46%
step 3500: train loss 1.4604, val loss 1.6691
saving checkpoint to /net/scratch2/junyuren/nanoGPT-manifold/out-phase2-mlp-fc
iter 3500: loss 1.5652, time 9204.55ms, mfu 0.43%
iter 3510: loss 1.5408, time 1771.22ms, mfu 0.43%
iter 3520: loss 1.5300, time 1769.31ms, mfu 0.43%
iter 3530: loss 1.5865, time 1771.85ms, mfu 0.44%
iter 3540: loss 1.5596, time 1772.30ms, mfu 0.44%
iter 3550: loss 1.5544, time 1772.37ms, mfu 0.44%
iter 3560: loss 1.5559, time 1777.03ms, mfu 0.44%
iter 3570: loss 1.5342, time 1766.15ms, mfu 0.44%
iter 3580: loss 1.5520, time 1771.53ms, mfu 0.45%
iter 3590: loss 1.5763, time 1768.04ms, mfu 0.45%
iter 3600: loss 1.5419, time 1778.46ms, mfu 0.45%
iter 3610: loss 1.5595, time 1780.07ms, mfu 0.45%
iter 3620: loss 1.5689, time 1778.52ms, mfu 0.45%
iter 3630: loss 1.5366, time 1773.30ms, mfu 0.45%
iter 3640: loss 1.5362, time 1780.59ms, mfu 0.45%
iter 3650: loss 1.5474, time 1775.02ms, mfu 0.45%
iter 3660: loss 1.5691, time 1777.37ms, mfu 0.45%
iter 3670: loss 1.5487, time 1778.52ms, mfu 0.46%
iter 3680: loss 1.5546, time 1773.19ms, mfu 0.46%
iter 3690: loss 1.5382, time 1801.05ms, mfu 0.46%
iter 3700: loss 1.5078, time 1786.93ms, mfu 0.46%
iter 3710: loss 1.5854, time 1782.15ms, mfu 0.46%
iter 3720: loss 1.5576, time 1769.56ms, mfu 0.46%
iter 3730: loss 1.5511, time 1771.13ms, mfu 0.46%
iter 3740: loss 1.5539, time 1771.43ms, mfu 0.46%
iter 3750: loss 1.5706, time 1777.73ms, mfu 0.46%
iter 3760: loss 1.5444, time 1772.25ms, mfu 0.46%
iter 3770: loss 1.5601, time 1775.91ms, mfu 0.46%
iter 3780: loss 1.5371, time 1770.64ms, mfu 0.46%
iter 3790: loss 1.5780, time 1773.80ms, mfu 0.46%
iter 3800: loss 1.5628, time 1770.86ms, mfu 0.46%
iter 3810: loss 1.5568, time 1774.87ms, mfu 0.46%
iter 3820: loss 1.5604, time 1773.02ms, mfu 0.46%
iter 3830: loss 1.5370, time 1777.37ms, mfu 0.46%
iter 3840: loss 1.5595, time 1770.83ms, mfu 0.46%
iter 3850: loss 1.5077, time 1772.45ms, mfu 0.46%
iter 3860: loss 1.5148, time 1779.45ms, mfu 0.46%
iter 3870: loss 1.5451, time 1773.04ms, mfu 0.46%
iter 3880: loss 1.5511, time 1778.17ms, mfu 0.46%
iter 3890: loss 1.5579, time 1774.16ms, mfu 0.46%
iter 3900: loss 1.5454, time 1781.31ms, mfu 0.46%
iter 3910: loss 1.5533, time 1762.73ms, mfu 0.46%
iter 3920: loss 1.5261, time 1769.30ms, mfu 0.46%
iter 3930: loss 1.5629, time 1772.26ms, mfu 0.46%
iter 3940: loss 1.5304, time 1773.61ms, mfu 0.46%
iter 3950: loss 1.5319, time 1772.98ms, mfu 0.46%
iter 3960: loss 1.5223, time 1765.92ms, mfu 0.46%
iter 3970: loss 1.5387, time 1772.38ms, mfu 0.46%
iter 3980: loss 1.5436, time 1771.18ms, mfu 0.46%
iter 3990: loss 1.5431, time 1775.95ms, mfu 0.46%
step 4000: train loss 1.4355, val loss 1.6548
saving checkpoint to /net/scratch2/junyuren/nanoGPT-manifold/out-phase2-mlp-fc
iter 4000: loss 1.5389, time 9255.27ms, mfu 0.42%
iter 4010: loss 1.5417, time 1775.68ms, mfu 0.43%
iter 4020: loss 1.5178, time 1773.62ms, mfu 0.43%
iter 4030: loss 1.5504, time 1767.54ms, mfu 0.43%
iter 4040: loss 1.5411, time 1789.95ms, mfu 0.44%
iter 4050: loss 1.5918, time 1803.51ms, mfu 0.44%
iter 4060: loss 1.5723, time 1795.54ms, mfu 0.44%
iter 4070: loss 1.5465, time 1783.49ms, mfu 0.44%
iter 4080: loss 1.5084, time 1774.55ms, mfu 0.44%
iter 4090: loss 1.5415, time 1774.59ms, mfu 0.45%
iter 4100: loss 1.5178, time 1770.63ms, mfu 0.45%
iter 4110: loss 1.5249, time 1767.11ms, mfu 0.45%
iter 4120: loss 1.5078, time 1771.68ms, mfu 0.45%
iter 4130: loss 1.5226, time 1784.35ms, mfu 0.45%
iter 4140: loss 1.5464, time 1766.79ms, mfu 0.45%
iter 4150: loss 1.5251, time 1771.15ms, mfu 0.45%
iter 4160: loss 1.5459, time 1767.46ms, mfu 0.45%
iter 4170: loss 1.5237, time 1778.31ms, mfu 0.45%
iter 4180: loss 1.4903, time 1762.39ms, mfu 0.46%
iter 4190: loss 1.5185, time 1776.40ms, mfu 0.46%
iter 4200: loss 1.5236, time 1768.16ms, mfu 0.46%
iter 4210: loss 1.5540, time 1771.60ms, mfu 0.46%
iter 4220: loss 1.4854, time 1767.76ms, mfu 0.46%
iter 4230: loss 1.5287, time 1759.43ms, mfu 0.46%
iter 4240: loss 1.5115, time 1766.96ms, mfu 0.46%
iter 4250: loss 1.5345, time 1773.39ms, mfu 0.46%
iter 4260: loss 1.4912, time 1768.74ms, mfu 0.46%
iter 4270: loss 1.5399, time 1775.07ms, mfu 0.46%
iter 4280: loss 1.5217, time 1763.69ms, mfu 0.46%
iter 4290: loss 1.5181, time 1771.40ms, mfu 0.46%
iter 4300: loss 1.4918, time 1772.01ms, mfu 0.46%
iter 4310: loss 1.5180, time 1772.34ms, mfu 0.46%
iter 4320: loss 1.5220, time 1770.19ms, mfu 0.46%
iter 4330: loss 1.5454, time 1761.11ms, mfu 0.46%
iter 4340: loss 1.5139, time 1774.61ms, mfu 0.46%
iter 4350: loss 1.5124, time 1772.94ms, mfu 0.46%
iter 4360: loss 1.5263, time 1772.09ms, mfu 0.46%
iter 4370: loss 1.5087, time 1792.47ms, mfu 0.46%
iter 4380: loss 1.5252, time 1775.64ms, mfu 0.46%
iter 4390: loss 1.4891, time 1755.90ms, mfu 0.46%
iter 4400: loss 1.5202, time 1765.72ms, mfu 0.46%
iter 4410: loss 1.5046, time 1763.38ms, mfu 0.46%
iter 4420: loss 1.5314, time 1782.21ms, mfu 0.46%
iter 4430: loss 1.4951, time 1768.16ms, mfu 0.46%
iter 4440: loss 1.5546, time 1765.28ms, mfu 0.46%
iter 4450: loss 1.5101, time 1762.08ms, mfu 0.46%
iter 4460: loss 1.5217, time 1774.55ms, mfu 0.46%
iter 4470: loss 1.5057, time 1771.49ms, mfu 0.46%
iter 4480: loss 1.4986, time 1763.84ms, mfu 0.46%
iter 4490: loss 1.5392, time 1761.36ms, mfu 0.46%
step 4500: train loss 1.4166, val loss 1.6461
saving checkpoint to /net/scratch2/junyuren/nanoGPT-manifold/out-phase2-mlp-fc
iter 4500: loss 1.5243, time 9226.13ms, mfu 0.43%
iter 4510: loss 1.4686, time 1771.78ms, mfu 0.43%
iter 4520: loss 1.5125, time 1757.84ms, mfu 0.43%
iter 4530: loss 1.5443, time 1766.25ms, mfu 0.44%
iter 4540: loss 1.5027, time 1767.95ms, mfu 0.44%
iter 4550: loss 1.5294, time 1768.85ms, mfu 0.44%
iter 4560: loss 1.5224, time 1773.54ms, mfu 0.44%
iter 4570: loss 1.4948, time 1771.57ms, mfu 0.44%
iter 4580: loss 1.5098, time 1777.10ms, mfu 0.45%
iter 4590: loss 1.5226, time 1772.90ms, mfu 0.45%
iter 4600: loss 1.5160, time 1773.74ms, mfu 0.45%
iter 4610: loss 1.5189, time 1772.25ms, mfu 0.45%
iter 4620: loss 1.4828, time 1761.99ms, mfu 0.45%
iter 4630: loss 1.4977, time 1768.81ms, mfu 0.45%
iter 4640: loss 1.5149, time 1776.20ms, mfu 0.45%
iter 4650: loss 1.4961, time 1772.57ms, mfu 0.45%
iter 4660: loss 1.5145, time 1776.36ms, mfu 0.46%
iter 4670: loss 1.4742, time 1780.47ms, mfu 0.46%
iter 4680: loss 1.5212, time 1772.19ms, mfu 0.46%
iter 4690: loss 1.5224, time 1779.08ms, mfu 0.46%
iter 4700: loss 1.4831, time 1776.27ms, mfu 0.46%
iter 4710: loss 1.5077, time 1768.15ms, mfu 0.46%
iter 4720: loss 1.5096, time 1773.91ms, mfu 0.46%
iter 4730: loss 1.5014, time 1780.42ms, mfu 0.46%
iter 4740: loss 1.5180, time 1772.33ms, mfu 0.46%
iter 4750: loss 1.4744, time 1767.97ms, mfu 0.46%
iter 4760: loss 1.4973, time 1765.88ms, mfu 0.46%
iter 4770: loss 1.4914, time 1779.42ms, mfu 0.46%
iter 4780: loss 1.4902, time 1769.72ms, mfu 0.46%
iter 4790: loss 1.4954, time 1774.56ms, mfu 0.46%
iter 4800: loss 1.5256, time 1772.57ms, mfu 0.46%
iter 4810: loss 1.4863, time 1777.34ms, mfu 0.46%
iter 4820: loss 1.4942, time 1787.47ms, mfu 0.46%
iter 4830: loss 1.5030, time 1773.13ms, mfu 0.46%
iter 4840: loss 1.4967, time 1772.29ms, mfu 0.46%
iter 4850: loss 1.5255, time 1790.53ms, mfu 0.46%
iter 4860: loss 1.4716, time 1768.73ms, mfu 0.46%
iter 4870: loss 1.4751, time 1767.49ms, mfu 0.46%
iter 4880: loss 1.4926, time 1767.85ms, mfu 0.46%
iter 4890: loss 1.4949, time 1774.30ms, mfu 0.46%
iter 4900: loss 1.4989, time 1774.52ms, mfu 0.46%
iter 4910: loss 1.5296, time 1765.99ms, mfu 0.46%
iter 4920: loss 1.5306, time 1762.37ms, mfu 0.46%
iter 4930: loss 1.4707, time 1765.35ms, mfu 0.46%
iter 4940: loss 1.4874, time 1771.06ms, mfu 0.46%
iter 4950: loss 1.5002, time 1767.14ms, mfu 0.46%
iter 4960: loss 1.5001, time 1772.45ms, mfu 0.46%
iter 4970: loss 1.4762, time 1772.82ms, mfu 0.46%
iter 4980: loss 1.4803, time 1772.25ms, mfu 0.46%
iter 4990: loss 1.4979, time 1765.54ms, mfu 0.46%
step 5000: train loss 1.3965, val loss 1.6220
saving checkpoint to /net/scratch2/junyuren/nanoGPT-manifold/out-phase2-mlp-fc
iter 5000: loss 1.4850, time 9156.61ms, mfu 0.42%
iter 5010: loss 1.4754, time 1770.58ms, mfu 0.43%
iter 5020: loss 1.4589, time 1767.65ms, mfu 0.43%
iter 5030: loss 1.5089, time 1766.09ms, mfu 0.44%
iter 5040: loss 1.4658, time 1761.93ms, mfu 0.44%
iter 5050: loss 1.4754, time 1765.19ms, mfu 0.44%
iter 5060: loss 1.4861, time 1768.28ms, mfu 0.44%
iter 5070: loss 1.5069, time 1762.85ms, mfu 0.45%
iter 5080: loss 1.4856, time 1770.80ms, mfu 0.45%
iter 5090: loss 1.4817, time 1772.84ms, mfu 0.45%
iter 5100: loss 1.4726, time 1765.64ms, mfu 0.45%
iter 5110: loss 1.4912, time 1770.33ms, mfu 0.45%
iter 5120: loss 1.4707, time 1768.07ms, mfu 0.45%
iter 5130: loss 1.4825, time 1766.13ms, mfu 0.45%
iter 5140: loss 1.4992, time 1766.62ms, mfu 0.45%
iter 5150: loss 1.5018, time 1765.73ms, mfu 0.46%
iter 5160: loss 1.5170, time 1766.55ms, mfu 0.46%
iter 5170: loss 1.4927, time 1765.93ms, mfu 0.46%
iter 5180: loss 1.4982, time 1767.90ms, mfu 0.46%
iter 5190: loss 1.5041, time 1762.44ms, mfu 0.46%
iter 5200: loss 1.4972, time 1772.61ms, mfu 0.46%
iter 5210: loss 1.4531, time 1766.55ms, mfu 0.46%
iter 5220: loss 1.5254, time 1769.76ms, mfu 0.46%
iter 5230: loss 1.4787, time 1765.68ms, mfu 0.46%
iter 5240: loss 1.4615, time 1771.79ms, mfu 0.46%
iter 5250: loss 1.4769, time 1773.74ms, mfu 0.46%
iter 5260: loss 1.4846, time 1772.25ms, mfu 0.46%
iter 5270: loss 1.4860, time 1767.53ms, mfu 0.46%
iter 5280: loss 1.4833, time 1767.10ms, mfu 0.46%
iter 5290: loss 1.4778, time 1767.50ms, mfu 0.46%
iter 5300: loss 1.4849, time 1765.70ms, mfu 0.46%
iter 5310: loss 1.4763, time 1769.45ms, mfu 0.46%
iter 5320: loss 1.4674, time 1770.03ms, mfu 0.46%
iter 5330: loss 1.4781, time 1772.91ms, mfu 0.46%
iter 5340: loss 1.4794, time 1763.82ms, mfu 0.46%
iter 5350: loss 1.5188, time 1764.92ms, mfu 0.46%
iter 5360: loss 1.5163, time 1770.85ms, mfu 0.46%
iter 5370: loss 1.5107, time 1774.50ms, mfu 0.46%
iter 5380: loss 1.4834, time 1763.68ms, mfu 0.46%
iter 5390: loss 1.4984, time 1767.21ms, mfu 0.46%
iter 5400: loss 1.4942, time 1771.72ms, mfu 0.46%
iter 5410: loss 1.5068, time 1772.85ms, mfu 0.46%
iter 5420: loss 1.4964, time 1770.00ms, mfu 0.46%
iter 5430: loss 1.4573, time 1768.43ms, mfu 0.46%
iter 5440: loss 1.4798, time 1761.60ms, mfu 0.46%
iter 5450: loss 1.5146, time 1770.95ms, mfu 0.46%
iter 5460: loss 1.4956, time 1768.59ms, mfu 0.46%
iter 5470: loss 1.4867, time 1768.18ms, mfu 0.46%
iter 5480: loss 1.4742, time 1773.29ms, mfu 0.46%
iter 5490: loss 1.4947, time 1792.11ms, mfu 0.46%
step 5500: train loss 1.3791, val loss 1.6200
saving checkpoint to /net/scratch2/junyuren/nanoGPT-manifold/out-phase2-mlp-fc
iter 5500: loss 1.4581, time 9186.23ms, mfu 0.42%
iter 5510: loss 1.4847, time 1758.77ms, mfu 0.43%
iter 5520: loss 1.4757, time 1767.16ms, mfu 0.43%
iter 5530: loss 1.4734, time 1758.92ms, mfu 0.44%
iter 5540: loss 1.4699, time 1761.79ms, mfu 0.44%
iter 5550: loss 1.4807, time 1760.97ms, mfu 0.44%
iter 5560: loss 1.4856, time 1763.62ms, mfu 0.44%
iter 5570: loss 1.5045, time 1767.49ms, mfu 0.45%
iter 5580: loss 1.4363, time 1756.65ms, mfu 0.45%
iter 5590: loss 1.4813, time 1772.62ms, mfu 0.45%
iter 5600: loss 1.4747, time 1763.44ms, mfu 0.45%
iter 5610: loss 1.4713, time 1757.38ms, mfu 0.45%
iter 5620: loss 1.4880, time 1761.45ms, mfu 0.45%
iter 5630: loss 1.4538, time 1758.33ms, mfu 0.45%
iter 5640: loss 1.4643, time 1765.71ms, mfu 0.46%
iter 5650: loss 1.5018, time 1767.09ms, mfu 0.46%
iter 5660: loss 1.4678, time 1774.58ms, mfu 0.46%
iter 5670: loss 1.4596, time 1765.79ms, mfu 0.46%
iter 5680: loss 1.4856, time 1763.58ms, mfu 0.46%
iter 5690: loss 1.4594, time 1771.00ms, mfu 0.46%
iter 5700: loss 1.4997, time 1767.87ms, mfu 0.46%
iter 5710: loss 1.4796, time 1766.25ms, mfu 0.46%
iter 5720: loss 1.4335, time 1768.49ms, mfu 0.46%
iter 5730: loss 1.4985, time 1759.17ms, mfu 0.46%
iter 5740: loss 1.5139, time 1764.86ms, mfu 0.46%
iter 5750: loss 1.4613, time 1774.10ms, mfu 0.46%
iter 5760: loss 1.4800, time 1774.55ms, mfu 0.46%
iter 5770: loss 1.4511, time 1761.52ms, mfu 0.46%
iter 5780: loss 1.4897, time 1766.07ms, mfu 0.46%
iter 5790: loss 1.4914, time 1769.28ms, mfu 0.46%
iter 5800: loss 1.4609, time 1767.26ms, mfu 0.46%
iter 5810: loss 1.4459, time 1762.48ms, mfu 0.46%
iter 5820: loss 1.4767, time 1762.10ms, mfu 0.46%
iter 5830: loss 1.4679, time 1770.92ms, mfu 0.46%
iter 5840: loss 1.5003, time 1776.70ms, mfu 0.46%
iter 5850: loss 1.4615, time 1757.11ms, mfu 0.46%
iter 5860: loss 1.4665, time 1770.39ms, mfu 0.46%
iter 5870: loss 1.4082, time 1763.28ms, mfu 0.46%
iter 5880: loss 1.4412, time 1766.13ms, mfu 0.46%
iter 5890: loss 1.4593, time 1765.34ms, mfu 0.46%
iter 5900: loss 1.4569, time 1773.29ms, mfu 0.46%
iter 5910: loss 1.4742, time 1763.26ms, mfu 0.46%
iter 5920: loss 1.4551, time 1764.11ms, mfu 0.46%
iter 5930: loss 1.4784, time 1767.01ms, mfu 0.46%
iter 5940: loss 1.4739, time 1764.86ms, mfu 0.46%
iter 5950: loss 1.4167, time 1765.81ms, mfu 0.46%
iter 5960: loss 1.5055, time 1771.40ms, mfu 0.46%
iter 5970: loss 1.4863, time 1766.48ms, mfu 0.46%
iter 5980: loss 1.4467, time 1767.65ms, mfu 0.46%
iter 5990: loss 1.4253, time 1769.34ms, mfu 0.46%
step 6000: train loss 1.3641, val loss 1.6027
saving checkpoint to /net/scratch2/junyuren/nanoGPT-manifold/out-phase2-mlp-fc
iter 6000: loss 1.4782, time 9199.16ms, mfu 0.43%
iter 6010: loss 1.4493, time 1768.67ms, mfu 0.43%
iter 6020: loss 1.4551, time 1768.06ms, mfu 0.43%
iter 6030: loss 1.4504, time 1767.84ms, mfu 0.44%
iter 6040: loss 1.4927, time 1763.27ms, mfu 0.44%
iter 6050: loss 1.4401, time 1764.07ms, mfu 0.44%
iter 6060: loss 1.4757, time 1775.20ms, mfu 0.44%
iter 6070: loss 1.4903, time 1769.20ms, mfu 0.45%
iter 6080: loss 1.4586, time 1770.33ms, mfu 0.45%
iter 6090: loss 1.4644, time 1762.80ms, mfu 0.45%
iter 6100: loss 1.4535, time 1772.06ms, mfu 0.45%
iter 6110: loss 1.4643, time 1767.53ms, mfu 0.45%
iter 6120: loss 1.4535, time 1762.20ms, mfu 0.45%
iter 6130: loss 1.4534, time 1769.99ms, mfu 0.45%
iter 6140: loss 1.5043, time 1773.95ms, mfu 0.45%
iter 6150: loss 1.4328, time 1763.29ms, mfu 0.46%
iter 6160: loss 1.4474, time 1767.47ms, mfu 0.46%
iter 6170: loss 1.4500, time 1765.29ms, mfu 0.46%
iter 6180: loss 1.4389, time 1768.10ms, mfu 0.46%
iter 6190: loss 1.4322, time 1779.14ms, mfu 0.46%
iter 6200: loss 1.4842, time 1769.56ms, mfu 0.46%
iter 6210: loss 1.4490, time 1768.14ms, mfu 0.46%
iter 6220: loss 1.4543, time 1770.23ms, mfu 0.46%
iter 6230: loss 1.4822, time 1777.21ms, mfu 0.46%
iter 6240: loss 1.4367, time 1768.58ms, mfu 0.46%
iter 6250: loss 1.4534, time 1773.00ms, mfu 0.46%
iter 6260: loss 1.4542, time 1766.25ms, mfu 0.46%
iter 6270: loss 1.4426, time 1776.36ms, mfu 0.46%
iter 6280: loss 1.4691, time 1763.36ms, mfu 0.46%
iter 6290: loss 1.5088, time 1768.68ms, mfu 0.46%
iter 6300: loss 1.4403, time 1764.80ms, mfu 0.46%
iter 6310: loss 1.4475, time 1778.83ms, mfu 0.46%
iter 6320: loss 1.4779, time 1767.94ms, mfu 0.46%
iter 6330: loss 1.4634, time 1771.59ms, mfu 0.46%
iter 6340: loss 1.4285, time 1776.97ms, mfu 0.46%
iter 6350: loss 1.4349, time 1769.97ms, mfu 0.46%
iter 6360: loss 1.4636, time 1764.52ms, mfu 0.46%
iter 6370: loss 1.4409, time 1770.18ms, mfu 0.46%
iter 6380: loss 1.4573, time 1771.79ms, mfu 0.46%
iter 6390: loss 1.4609, time 1776.71ms, mfu 0.46%
iter 6400: loss 1.4831, time 1773.05ms, mfu 0.46%
iter 6410: loss 1.4298, time 1770.30ms, mfu 0.46%
iter 6420: loss 1.4660, time 1774.59ms, mfu 0.46%
iter 6430: loss 1.4507, time 1767.02ms, mfu 0.46%
iter 6440: loss 1.4342, time 1771.82ms, mfu 0.46%
iter 6450: loss 1.4606, time 1764.61ms, mfu 0.46%
iter 6460: loss 1.4391, time 1769.42ms, mfu 0.46%
iter 6470: loss 1.4158, time 1767.13ms, mfu 0.46%
iter 6480: loss 1.4496, time 1776.13ms, mfu 0.46%
iter 6490: loss 1.4486, time 1769.47ms, mfu 0.46%
step 6500: train loss 1.3503, val loss 1.5906
saving checkpoint to /net/scratch2/junyuren/nanoGPT-manifold/out-phase2-mlp-fc
iter 6500: loss 1.4273, time 9167.66ms, mfu 0.42%
iter 6510: loss 1.4578, time 1775.88ms, mfu 0.43%
iter 6520: loss 1.4602, time 1772.40ms, mfu 0.43%
iter 6530: loss 1.4559, time 1770.18ms, mfu 0.43%
iter 6540: loss 1.4776, time 1777.20ms, mfu 0.44%
iter 6550: loss 1.4572, time 1768.12ms, mfu 0.44%
iter 6560: loss 1.4534, time 1767.83ms, mfu 0.44%
iter 6570: loss 1.4687, time 1765.33ms, mfu 0.44%
iter 6580: loss 1.4561, time 1770.69ms, mfu 0.45%
iter 6590: loss 1.4474, time 1769.23ms, mfu 0.45%
iter 6600: loss 1.4762, time 1765.63ms, mfu 0.45%
iter 6610: loss 1.4462, time 1770.75ms, mfu 0.45%
iter 6620: loss 1.4577, time 1766.75ms, mfu 0.45%
iter 6630: loss 1.4610, time 1767.96ms, mfu 0.45%
iter 6640: loss 1.4103, time 1768.76ms, mfu 0.45%
iter 6650: loss 1.4513, time 1768.55ms, mfu 0.45%
iter 6660: loss 1.4579, time 1770.87ms, mfu 0.46%
iter 6670: loss 1.4384, time 1775.04ms, mfu 0.46%
iter 6680: loss 1.4434, time 1768.41ms, mfu 0.46%
iter 6690: loss 1.4442, time 1769.09ms, mfu 0.46%
iter 6700: loss 1.4521, time 1770.49ms, mfu 0.46%
iter 6710: loss 1.4361, time 1781.64ms, mfu 0.46%
iter 6720: loss 1.4473, time 1771.14ms, mfu 0.46%
iter 6730: loss 1.4185, time 1768.84ms, mfu 0.46%
iter 6740: loss 1.4478, time 1764.97ms, mfu 0.46%
iter 6750: loss 1.4174, time 1780.40ms, mfu 0.46%
iter 6760: loss 1.4330, time 1774.28ms, mfu 0.46%
iter 6770: loss 1.4376, time 1771.98ms, mfu 0.46%
iter 6780: loss 1.4577, time 1773.35ms, mfu 0.46%
iter 6790: loss 1.4383, time 1780.63ms, mfu 0.46%
iter 6800: loss 1.4432, time 1771.81ms, mfu 0.46%
iter 6810: loss 1.4596, time 1768.17ms, mfu 0.46%
iter 6820: loss 1.4636, time 1769.32ms, mfu 0.46%
iter 6830: loss 1.4147, time 1768.83ms, mfu 0.46%
iter 6840: loss 1.4029, time 1767.92ms, mfu 0.46%
iter 6850: loss 1.4322, time 1773.24ms, mfu 0.46%
iter 6860: loss 1.4372, time 1769.81ms, mfu 0.46%
iter 6870: loss 1.4268, time 1769.87ms, mfu 0.46%
iter 6880: loss 1.4246, time 1768.93ms, mfu 0.46%
iter 6890: loss 1.4282, time 1764.20ms, mfu 0.46%
iter 6900: loss 1.4408, time 1784.23ms, mfu 0.46%
iter 6910: loss 1.4308, time 1775.80ms, mfu 0.46%
iter 6920: loss 1.4464, time 1768.35ms, mfu 0.46%
iter 6930: loss 1.4446, time 1772.33ms, mfu 0.46%
iter 6940: loss 1.4312, time 1770.37ms, mfu 0.46%
iter 6950: loss 1.4039, time 1777.43ms, mfu 0.46%
iter 6960: loss 1.4207, time 1778.30ms, mfu 0.46%
iter 6970: loss 1.4288, time 1770.73ms, mfu 0.46%
iter 6980: loss 1.4410, time 1770.64ms, mfu 0.46%
iter 6990: loss 1.4138, time 1766.00ms, mfu 0.46%
step 7000: train loss 1.3398, val loss 1.5901
saving checkpoint to /net/scratch2/junyuren/nanoGPT-manifold/out-phase2-mlp-fc
iter 7000: loss 1.4224, time 9195.88ms, mfu 0.42%
iter 7010: loss 1.4430, time 1769.95ms, mfu 0.43%
iter 7020: loss 1.4230, time 1767.61ms, mfu 0.43%
iter 7030: loss 1.4432, time 1778.43ms, mfu 0.43%
iter 7040: loss 1.3902, time 1767.54ms, mfu 0.44%
iter 7050: loss 1.4313, time 1761.50ms, mfu 0.44%
iter 7060: loss 1.4416, time 1772.48ms, mfu 0.44%
iter 7070: loss 1.4115, time 1764.52ms, mfu 0.44%
iter 7080: loss 1.4126, time 1762.05ms, mfu 0.45%
iter 7090: loss 1.4248, time 1767.95ms, mfu 0.45%
iter 7100: loss 1.4207, time 1760.78ms, mfu 0.45%
iter 7110: loss 1.4395, time 1762.00ms, mfu 0.45%
iter 7120: loss 1.4440, time 1765.74ms, mfu 0.45%
iter 7130: loss 1.4327, time 1763.13ms, mfu 0.45%
iter 7140: loss 1.4224, time 1769.96ms, mfu 0.45%
iter 7150: loss 1.4321, time 1764.53ms, mfu 0.46%
iter 7160: loss 1.4330, time 1763.28ms, mfu 0.46%
iter 7170: loss 1.4206, time 1763.60ms, mfu 0.46%
iter 7180: loss 1.4356, time 1766.77ms, mfu 0.46%
iter 7190: loss 1.4377, time 1770.88ms, mfu 0.46%
iter 7200: loss 1.4344, time 1762.10ms, mfu 0.46%
iter 7210: loss 1.4183, time 1758.16ms, mfu 0.46%
iter 7220: loss 1.4261, time 1758.70ms, mfu 0.46%
iter 7230: loss 1.4319, time 1763.32ms, mfu 0.46%
iter 7240: loss 1.4366, time 1762.66ms, mfu 0.46%
iter 7250: loss 1.4017, time 1761.93ms, mfu 0.46%
iter 7260: loss 1.4113, time 1768.50ms, mfu 0.46%
iter 7270: loss 1.4066, time 1766.69ms, mfu 0.46%
iter 7280: loss 1.4477, time 1758.16ms, mfu 0.46%
iter 7290: loss 1.4110, time 1761.85ms, mfu 0.46%
iter 7300: loss 1.4257, time 1763.19ms, mfu 0.46%
iter 7310: loss 1.4575, time 1767.83ms, mfu 0.46%
iter 7320: loss 1.4371, time 1758.07ms, mfu 0.46%
iter 7330: loss 1.4442, time 1764.91ms, mfu 0.46%
iter 7340: loss 1.4170, time 1757.48ms, mfu 0.46%
iter 7350: loss 1.4073, time 1768.16ms, mfu 0.46%
iter 7360: loss 1.4090, time 1765.02ms, mfu 0.46%
iter 7370: loss 1.4255, time 1762.10ms, mfu 0.46%
iter 7380: loss 1.4357, time 1769.95ms, mfu 0.46%
iter 7390: loss 1.3980, time 1768.83ms, mfu 0.46%
iter 7400: loss 1.4558, time 1761.49ms, mfu 0.46%
iter 7410: loss 1.4443, time 1760.36ms, mfu 0.46%
iter 7420: loss 1.4613, time 1766.09ms, mfu 0.46%
iter 7430: loss 1.4072, time 1769.83ms, mfu 0.46%
iter 7440: loss 1.4086, time 1767.26ms, mfu 0.46%
iter 7450: loss 1.4379, time 1764.29ms, mfu 0.46%
iter 7460: loss 1.4490, time 1773.05ms, mfu 0.46%
iter 7470: loss 1.4282, time 1771.18ms, mfu 0.46%
iter 7480: loss 1.4102, time 1765.07ms, mfu 0.46%
iter 7490: loss 1.4323, time 1763.51ms, mfu 0.46%
step 7500: train loss 1.3311, val loss 1.5808
saving checkpoint to /net/scratch2/junyuren/nanoGPT-manifold/out-phase2-mlp-fc
iter 7500: loss 1.4254, time 9211.55ms, mfu 0.43%
iter 7510: loss 1.4111, time 1770.12ms, mfu 0.43%
iter 7520: loss 1.4172, time 1766.14ms, mfu 0.43%
iter 7530: loss 1.4328, time 1777.35ms, mfu 0.44%
iter 7540: loss 1.4492, time 1770.36ms, mfu 0.44%
iter 7550: loss 1.4159, time 1787.93ms, mfu 0.44%
iter 7560: loss 1.4277, time 1758.69ms, mfu 0.44%
iter 7570: loss 1.4226, time 1777.18ms, mfu 0.44%
iter 7580: loss 1.4262, time 1759.99ms, mfu 0.45%
iter 7590: loss 1.4504, time 1764.13ms, mfu 0.45%
iter 7600: loss 1.4258, time 1767.97ms, mfu 0.45%
iter 7610: loss 1.4083, time 1773.23ms, mfu 0.45%
iter 7620: loss 1.4156, time 1769.39ms, mfu 0.45%
iter 7630: loss 1.3961, time 1766.90ms, mfu 0.45%
iter 7640: loss 1.4327, time 1760.99ms, mfu 0.45%
iter 7650: loss 1.4274, time 1764.57ms, mfu 0.46%
iter 7660: loss 1.4131, time 1754.20ms, mfu 0.46%
iter 7670: loss 1.4157, time 1763.79ms, mfu 0.46%
iter 7680: loss 1.3946, time 1761.73ms, mfu 0.46%
iter 7690: loss 1.4478, time 1764.08ms, mfu 0.46%
iter 7700: loss 1.4412, time 1765.46ms, mfu 0.46%
iter 7710: loss 1.4360, time 1758.36ms, mfu 0.46%
iter 7720: loss 1.4516, time 1769.31ms, mfu 0.46%
iter 7730: loss 1.4361, time 1767.79ms, mfu 0.46%
iter 7740: loss 1.4058, time 1764.02ms, mfu 0.46%
iter 7750: loss 1.4234, time 1764.01ms, mfu 0.46%
iter 7760: loss 1.3687, time 1765.85ms, mfu 0.46%
iter 7770: loss 1.3883, time 1769.71ms, mfu 0.46%
iter 7780: loss 1.4127, time 1769.04ms, mfu 0.46%
iter 7790: loss 1.4366, time 1762.83ms, mfu 0.46%
iter 7800: loss 1.3816, time 1762.23ms, mfu 0.46%
iter 7810: loss 1.4124, time 1768.08ms, mfu 0.46%
iter 7820: loss 1.4252, time 1771.71ms, mfu 0.46%
iter 7830: loss 1.4391, time 1768.45ms, mfu 0.46%
iter 7840: loss 1.4184, time 1764.56ms, mfu 0.46%
iter 7850: loss 1.4059, time 1765.68ms, mfu 0.46%
iter 7860: loss 1.3996, time 1772.73ms, mfu 0.46%
iter 7870: loss 1.4543, time 1767.68ms, mfu 0.46%
iter 7880: loss 1.4339, time 1766.42ms, mfu 0.46%
iter 7890: loss 1.4220, time 1765.40ms, mfu 0.46%
iter 7900: loss 1.4021, time 1766.39ms, mfu 0.46%
iter 7910: loss 1.4072, time 1761.06ms, mfu 0.46%
iter 7920: loss 1.4242, time 1768.86ms, mfu 0.46%
iter 7930: loss 1.4097, time 1768.99ms, mfu 0.46%
iter 7940: loss 1.4338, time 1771.80ms, mfu 0.46%
iter 7950: loss 1.4097, time 1761.79ms, mfu 0.46%
iter 7960: loss 1.3888, time 1761.33ms, mfu 0.46%
iter 7970: loss 1.4141, time 1763.67ms, mfu 0.46%
iter 7980: loss 1.4293, time 1772.77ms, mfu 0.46%
iter 7990: loss 1.4184, time 1768.50ms, mfu 0.46%
step 8000: train loss 1.3193, val loss 1.5829
saving checkpoint to /net/scratch2/junyuren/nanoGPT-manifold/out-phase2-mlp-fc
iter 8000: loss 1.4211, time 9177.35ms, mfu 0.43%
iter 8010: loss 1.4338, time 1769.61ms, mfu 0.43%
iter 8020: loss 1.3960, time 1766.49ms, mfu 0.43%
iter 8030: loss 1.4354, time 1768.06ms, mfu 0.44%
iter 8040: loss 1.4355, time 1770.65ms, mfu 0.44%
iter 8050: loss 1.4184, time 1770.61ms, mfu 0.44%
iter 8060: loss 1.4051, time 1767.78ms, mfu 0.44%
iter 8070: loss 1.4264, time 1770.52ms, mfu 0.45%
iter 8080: loss 1.4303, time 1776.48ms, mfu 0.45%
iter 8090: loss 1.4401, time 1772.28ms, mfu 0.45%
iter 8100: loss 1.4116, time 1772.69ms, mfu 0.45%
iter 8110: loss 1.3975, time 1769.52ms, mfu 0.45%
iter 8120: loss 1.4215, time 1771.77ms, mfu 0.45%
iter 8130: loss 1.4374, time 1772.07ms, mfu 0.45%
iter 8140: loss 1.4283, time 1776.85ms, mfu 0.45%
iter 8150: loss 1.4281, time 1765.04ms, mfu 0.45%
iter 8160: loss 1.4085, time 1770.48ms, mfu 0.46%
iter 8170: loss 1.4122, time 1765.79ms, mfu 0.46%
iter 8180: loss 1.4254, time 1767.91ms, mfu 0.46%
iter 8190: loss 1.4120, time 1773.34ms, mfu 0.46%
iter 8200: loss 1.3833, time 1769.36ms, mfu 0.46%
iter 8210: loss 1.3917, time 1769.13ms, mfu 0.46%
iter 8220: loss 1.4192, time 1766.68ms, mfu 0.46%
iter 8230: loss 1.3580, time 1771.94ms, mfu 0.46%
iter 8240: loss 1.3952, time 1773.50ms, mfu 0.46%
iter 8250: loss 1.3840, time 1776.57ms, mfu 0.46%
iter 8260: loss 1.3688, time 1759.88ms, mfu 0.46%
iter 8270: loss 1.4189, time 1771.63ms, mfu 0.46%
iter 8280: loss 1.4037, time 1770.13ms, mfu 0.46%
iter 8290: loss 1.4011, time 1781.69ms, mfu 0.46%
iter 8300: loss 1.4058, time 1773.96ms, mfu 0.46%
iter 8310: loss 1.3989, time 1770.82ms, mfu 0.46%
iter 8320: loss 1.4132, time 1769.06ms, mfu 0.46%
iter 8330: loss 1.4092, time 1775.75ms, mfu 0.46%
iter 8340: loss 1.4032, time 1766.31ms, mfu 0.46%
iter 8350: loss 1.4542, time 1763.39ms, mfu 0.46%
iter 8360: loss 1.4080, time 1768.71ms, mfu 0.46%
iter 8370: loss 1.4214, time 1768.25ms, mfu 0.46%
iter 8380: loss 1.3726, time 1766.53ms, mfu 0.46%
iter 8390: loss 1.4241, time 1768.46ms, mfu 0.46%
iter 8400: loss 1.3763, time 1769.60ms, mfu 0.46%
iter 8410: loss 1.4446, time 1770.34ms, mfu 0.46%
iter 8420: loss 1.4182, time 1767.73ms, mfu 0.46%
iter 8430: loss 1.4024, time 1766.06ms, mfu 0.46%
iter 8440: loss 1.4631, time 1769.73ms, mfu 0.46%
iter 8450: loss 1.3823, time 1764.21ms, mfu 0.46%
iter 8460: loss 1.3968, time 1765.21ms, mfu 0.46%
iter 8470: loss 1.4139, time 1764.08ms, mfu 0.46%
iter 8480: loss 1.3992, time 1765.08ms, mfu 0.46%
iter 8490: loss 1.3991, time 1764.92ms, mfu 0.46%
step 8500: train loss 1.3069, val loss 1.5807
saving checkpoint to /net/scratch2/junyuren/nanoGPT-manifold/out-phase2-mlp-fc
iter 8500: loss 1.3783, time 9213.49ms, mfu 0.43%
iter 8510: loss 1.3910, time 1771.13ms, mfu 0.43%
iter 8520: loss 1.3895, time 1768.94ms, mfu 0.43%
iter 8530: loss 1.3973, time 1760.03ms, mfu 0.44%
iter 8540: loss 1.3829, time 1773.27ms, mfu 0.44%
iter 8550: loss 1.4090, time 1767.63ms, mfu 0.44%
iter 8560: loss 1.3605, time 1769.76ms, mfu 0.44%
iter 8570: loss 1.3952, time 1761.45ms, mfu 0.45%
iter 8580: loss 1.3584, time 1764.95ms, mfu 0.45%
iter 8590: loss 1.3915, time 1769.16ms, mfu 0.45%
iter 8600: loss 1.3955, time 1775.08ms, mfu 0.45%
iter 8610: loss 1.3851, time 1767.99ms, mfu 0.45%
iter 8620: loss 1.4213, time 1770.90ms, mfu 0.45%
iter 8630: loss 1.3758, time 1766.55ms, mfu 0.45%
iter 8640: loss 1.3825, time 1765.06ms, mfu 0.45%
iter 8650: loss 1.4026, time 1772.04ms, mfu 0.46%
iter 8660: loss 1.3987, time 1760.96ms, mfu 0.46%
iter 8670: loss 1.4025, time 1772.72ms, mfu 0.46%
iter 8680: loss 1.3833, time 1770.90ms, mfu 0.46%
iter 8690: loss 1.4179, time 1771.44ms, mfu 0.46%
iter 8700: loss 1.3884, time 1765.02ms, mfu 0.46%
iter 8710: loss 1.4148, time 1768.18ms, mfu 0.46%
iter 8720: loss 1.3940, time 1773.78ms, mfu 0.46%
iter 8730: loss 1.4034, time 1772.74ms, mfu 0.46%
iter 8740: loss 1.3891, time 1781.92ms, mfu 0.46%
iter 8750: loss 1.4157, time 1761.47ms, mfu 0.46%
iter 8760: loss 1.3886, time 1779.45ms, mfu 0.46%
iter 8770: loss 1.3889, time 1766.46ms, mfu 0.46%
iter 8780: loss 1.3749, time 1760.04ms, mfu 0.46%
iter 8790: loss 1.3877, time 1762.08ms, mfu 0.46%
iter 8800: loss 1.3940, time 1763.66ms, mfu 0.46%
iter 8810: loss 1.3790, time 1765.72ms, mfu 0.46%
iter 8820: loss 1.4062, time 1763.31ms, mfu 0.46%
iter 8830: loss 1.4074, time 1765.84ms, mfu 0.46%
iter 8840: loss 1.4063, time 1765.29ms, mfu 0.46%
iter 8850: loss 1.4071, time 1770.45ms, mfu 0.46%
iter 8860: loss 1.3962, time 1768.91ms, mfu 0.46%
iter 8870: loss 1.3802, time 1760.65ms, mfu 0.46%
iter 8880: loss 1.3990, time 1777.46ms, mfu 0.46%
iter 8890: loss 1.3943, time 1763.59ms, mfu 0.46%
iter 8900: loss 1.3770, time 1760.28ms, mfu 0.46%
iter 8910: loss 1.4398, time 1767.61ms, mfu 0.46%
iter 8920: loss 1.3950, time 1770.15ms, mfu 0.46%
iter 8930: loss 1.3760, time 1772.44ms, mfu 0.46%
iter 8940: loss 1.3932, time 1769.33ms, mfu 0.46%
iter 8950: loss 1.4043, time 1768.89ms, mfu 0.46%
iter 8960: loss 1.4023, time 1771.70ms, mfu 0.46%
iter 8970: loss 1.3801, time 1774.79ms, mfu 0.46%
iter 8980: loss 1.4078, time 1768.92ms, mfu 0.46%
iter 8990: loss 1.4098, time 1768.01ms, mfu 0.46%
step 9000: train loss 1.2993, val loss 1.5764
saving checkpoint to /net/scratch2/junyuren/nanoGPT-manifold/out-phase2-mlp-fc
iter 9000: loss 1.4149, time 9278.36ms, mfu 0.43%
iter 9010: loss 1.3898, time 1771.38ms, mfu 0.43%
iter 9020: loss 1.4215, time 1769.12ms, mfu 0.43%
iter 9030: loss 1.4301, time 1776.41ms, mfu 0.44%
iter 9040: loss 1.3955, time 1762.31ms, mfu 0.44%
iter 9050: loss 1.3772, time 1763.14ms, mfu 0.44%
iter 9060: loss 1.3945, time 1767.30ms, mfu 0.44%
iter 9070: loss 1.4143, time 1764.00ms, mfu 0.45%
iter 9080: loss 1.3597, time 1768.90ms, mfu 0.45%
iter 9090: loss 1.3941, time 1769.56ms, mfu 0.45%
iter 9100: loss 1.4054, time 1766.24ms, mfu 0.45%
iter 9110: loss 1.4201, time 1781.50ms, mfu 0.45%
iter 9120: loss 1.4008, time 1765.49ms, mfu 0.45%
iter 9130: loss 1.3671, time 1766.75ms, mfu 0.45%
iter 9140: loss 1.3765, time 1762.25ms, mfu 0.45%
iter 9150: loss 1.3834, time 1770.39ms, mfu 0.46%
iter 9160: loss 1.3865, time 1763.17ms, mfu 0.46%
iter 9170: loss 1.4001, time 1767.33ms, mfu 0.46%
iter 9180: loss 1.3753, time 1769.68ms, mfu 0.46%
iter 9190: loss 1.4156, time 1769.11ms, mfu 0.46%
iter 9200: loss 1.4243, time 1768.69ms, mfu 0.46%
iter 9210: loss 1.4117, time 1769.04ms, mfu 0.46%
iter 9220: loss 1.3563, time 1763.46ms, mfu 0.46%
iter 9230: loss 1.3892, time 1766.93ms, mfu 0.46%
iter 9240: loss 1.3927, time 1770.92ms, mfu 0.46%
iter 9250: loss 1.4018, time 1765.35ms, mfu 0.46%
iter 9260: loss 1.3924, time 1767.26ms, mfu 0.46%
iter 9270: loss 1.3657, time 1769.64ms, mfu 0.46%
iter 9280: loss 1.4304, time 1769.92ms, mfu 0.46%
iter 9290: loss 1.4013, time 1767.25ms, mfu 0.46%
iter 9300: loss 1.3797, time 1762.40ms, mfu 0.46%
iter 9310: loss 1.4133, time 1769.07ms, mfu 0.46%
iter 9320: loss 1.4207, time 1770.03ms, mfu 0.46%
iter 9330: loss 1.3918, time 1764.91ms, mfu 0.46%
iter 9340: loss 1.4316, time 1768.15ms, mfu 0.46%
iter 9350: loss 1.3854, time 1767.31ms, mfu 0.46%
iter 9360: loss 1.3848, time 1774.15ms, mfu 0.46%
iter 9370: loss 1.3905, time 1768.58ms, mfu 0.46%
iter 9380: loss 1.3913, time 1772.67ms, mfu 0.46%
iter 9390: loss 1.3713, time 1767.00ms, mfu 0.46%
iter 9400: loss 1.3781, time 1780.57ms, mfu 0.46%
iter 9410: loss 1.4069, time 1769.40ms, mfu 0.46%
iter 9420: loss 1.4176, time 1768.36ms, mfu 0.46%
iter 9430: loss 1.3696, time 1768.53ms, mfu 0.46%
iter 9440: loss 1.3840, time 1780.53ms, mfu 0.46%
iter 9450: loss 1.3849, time 1789.36ms, mfu 0.46%
iter 9460: loss 1.3624, time 1773.15ms, mfu 0.46%
iter 9470: loss 1.4197, time 1769.46ms, mfu 0.46%
iter 9480: loss 1.4140, time 1796.33ms, mfu 0.46%
iter 9490: loss 1.3698, time 1763.70ms, mfu 0.46%
step 9500: train loss 1.2914, val loss 1.5748
saving checkpoint to /net/scratch2/junyuren/nanoGPT-manifold/out-phase2-mlp-fc
iter 9500: loss 1.4034, time 9216.39ms, mfu 0.42%
iter 9510: loss 1.3869, time 1770.50ms, mfu 0.43%
iter 9520: loss 1.4006, time 1771.32ms, mfu 0.43%
iter 9530: loss 1.3706, time 1764.99ms, mfu 0.43%
iter 9540: loss 1.4124, time 1775.53ms, mfu 0.44%
iter 9550: loss 1.3694, time 1780.65ms, mfu 0.44%
iter 9560: loss 1.4063, time 1768.57ms, mfu 0.44%
iter 9570: loss 1.3797, time 1774.01ms, mfu 0.44%
iter 9580: loss 1.3751, time 1776.73ms, mfu 0.45%
iter 9590: loss 1.3954, time 1770.01ms, mfu 0.45%
iter 9600: loss 1.3921, time 1765.62ms, mfu 0.45%
iter 9610: loss 1.3923, time 1765.20ms, mfu 0.45%
iter 9620: loss 1.3819, time 1765.04ms, mfu 0.45%
iter 9630: loss 1.3820, time 1775.89ms, mfu 0.45%
iter 9640: loss 1.3799, time 1764.65ms, mfu 0.45%
iter 9650: loss 1.3616, time 1766.02ms, mfu 0.45%
iter 9660: loss 1.3985, time 1759.47ms, mfu 0.46%
iter 9670: loss 1.4185, time 1775.75ms, mfu 0.46%
iter 9680: loss 1.4057, time 1770.04ms, mfu 0.46%
iter 9690: loss 1.3735, time 1758.04ms, mfu 0.46%
iter 9700: loss 1.3613, time 1768.38ms, mfu 0.46%
iter 9710: loss 1.3572, time 1774.31ms, mfu 0.46%
iter 9720: loss 1.4086, time 1768.68ms, mfu 0.46%
iter 9730: loss 1.3539, time 1765.57ms, mfu 0.46%
iter 9740: loss 1.3772, time 1761.75ms, mfu 0.46%
iter 9750: loss 1.4117, time 1767.82ms, mfu 0.46%
iter 9760: loss 1.3957, time 1766.08ms, mfu 0.46%
iter 9770: loss 1.3535, time 1768.55ms, mfu 0.46%
iter 9780: loss 1.3855, time 1773.71ms, mfu 0.46%
iter 9790: loss 1.3765, time 1777.65ms, mfu 0.46%
iter 9800: loss 1.3766, time 1772.14ms, mfu 0.46%
iter 9810: loss 1.4017, time 1769.36ms, mfu 0.46%
iter 9820: loss 1.3622, time 1774.69ms, mfu 0.46%
iter 9830: loss 1.3908, time 1771.88ms, mfu 0.46%
iter 9840: loss 1.3807, time 1767.00ms, mfu 0.46%
iter 9850: loss 1.3789, time 1765.26ms, mfu 0.46%
iter 9860: loss 1.3943, time 1771.15ms, mfu 0.46%
iter 9870: loss 1.3715, time 1768.68ms, mfu 0.46%
iter 9880: loss 1.3908, time 1772.49ms, mfu 0.46%
iter 9890: loss 1.3688, time 1768.86ms, mfu 0.46%
iter 9900: loss 1.3753, time 1767.32ms, mfu 0.46%
iter 9910: loss 1.4186, time 1771.18ms, mfu 0.46%
iter 9920: loss 1.3983, time 1772.12ms, mfu 0.46%
iter 9930: loss 1.3537, time 1767.30ms, mfu 0.46%
iter 9940: loss 1.4316, time 1765.26ms, mfu 0.46%
iter 9950: loss 1.3630, time 1766.25ms, mfu 0.46%
iter 9960: loss 1.3957, time 1775.27ms, mfu 0.46%
iter 9970: loss 1.3908, time 1766.28ms, mfu 0.46%
iter 9980: loss 1.3983, time 1766.50ms, mfu 0.46%
iter 9990: loss 1.3837, time 1763.81ms, mfu 0.46%
step 10000: train loss 1.2844, val loss 1.5653
saving checkpoint to /net/scratch2/junyuren/nanoGPT-manifold/out-phase2-mlp-fc
iter 10000: loss 1.3758, time 9173.54ms, mfu 0.43%
iter 10010: loss 1.4153, time 1775.55ms, mfu 0.43%
iter 10020: loss 1.4077, time 1776.76ms, mfu 0.43%
iter 10030: loss 1.3845, time 1776.75ms, mfu 0.43%
iter 10040: loss 1.3594, time 1778.32ms, mfu 0.44%
iter 10050: loss 1.3844, time 1771.63ms, mfu 0.44%
iter 10060: loss 1.3774, time 1770.16ms, mfu 0.44%
iter 10070: loss 1.3888, time 1768.09ms, mfu 0.44%
iter 10080: loss 1.3496, time 1776.27ms, mfu 0.45%
iter 10090: loss 1.3590, time 1775.95ms, mfu 0.45%
iter 10100: loss 1.3818, time 1770.64ms, mfu 0.45%
iter 10110: loss 1.3785, time 1770.98ms, mfu 0.45%
iter 10120: loss 1.3877, time 1776.27ms, mfu 0.45%
iter 10130: loss 1.3781, time 1774.62ms, mfu 0.45%
iter 10140: loss 1.3626, time 1780.77ms, mfu 0.45%
iter 10150: loss 1.3996, time 1784.56ms, mfu 0.45%
iter 10160: loss 1.3629, time 1763.71ms, mfu 0.45%
iter 10170: loss 1.3656, time 1777.52ms, mfu 0.46%
iter 10180: loss 1.3762, time 1768.77ms, mfu 0.46%
iter 10190: loss 1.3394, time 1778.62ms, mfu 0.46%
iter 10200: loss 1.3835, time 1769.85ms, mfu 0.46%
iter 10210: loss 1.3947, time 1778.81ms, mfu 0.46%
iter 10220: loss 1.3730, time 1781.12ms, mfu 0.46%
iter 10230: loss 1.3912, time 1785.08ms, mfu 0.46%
iter 10240: loss 1.4048, time 1775.40ms, mfu 0.46%
iter 10250: loss 1.3719, time 1782.44ms, mfu 0.46%
iter 10260: loss 1.3238, time 1774.64ms, mfu 0.46%
iter 10270: loss 1.3579, time 1774.26ms, mfu 0.46%
iter 10280: loss 1.3968, time 1779.02ms, mfu 0.46%
iter 10290: loss 1.3669, time 1778.42ms, mfu 0.46%
iter 10300: loss 1.3607, time 1779.24ms, mfu 0.46%
iter 10310: loss 1.4080, time 1772.21ms, mfu 0.46%
iter 10320: loss 1.3759, time 1779.83ms, mfu 0.46%
iter 10330: loss 1.3933, time 1774.90ms, mfu 0.46%
iter 10340: loss 1.4037, time 1775.11ms, mfu 0.46%
iter 10350: loss 1.3734, time 1770.75ms, mfu 0.46%
iter 10360: loss 1.3447, time 1773.23ms, mfu 0.46%
iter 10370: loss 1.3717, time 1771.71ms, mfu 0.46%
iter 10380: loss 1.3562, time 1779.83ms, mfu 0.46%
iter 10390: loss 1.3611, time 1768.89ms, mfu 0.46%
iter 10400: loss 1.3676, time 1779.20ms, mfu 0.46%
iter 10410: loss 1.3532, time 1771.44ms, mfu 0.46%
iter 10420: loss 1.3807, time 1778.59ms, mfu 0.46%
iter 10430: loss 1.3662, time 1778.93ms, mfu 0.46%
iter 10440: loss 1.3507, time 1779.88ms, mfu 0.46%
iter 10450: loss 1.3791, time 1774.10ms, mfu 0.46%
iter 10460: loss 1.3253, time 1779.89ms, mfu 0.46%
iter 10470: loss 1.4073, time 1779.65ms, mfu 0.46%
iter 10480: loss 1.3705, time 1779.36ms, mfu 0.46%
iter 10490: loss 1.3797, time 1784.51ms, mfu 0.46%
step 10500: train loss 1.2741, val loss 1.5589
saving checkpoint to /net/scratch2/junyuren/nanoGPT-manifold/out-phase2-mlp-fc
iter 10500: loss 1.3723, time 9311.94ms, mfu 0.42%
iter 10510: loss 1.3287, time 1788.87ms, mfu 0.43%
iter 10520: loss 1.3637, time 1773.12ms, mfu 0.43%
iter 10530: loss 1.3579, time 1771.60ms, mfu 0.43%
iter 10540: loss 1.3611, time 1767.53ms, mfu 0.44%
iter 10550: loss 1.3933, time 1776.44ms, mfu 0.44%
iter 10560: loss 1.3752, time 1769.94ms, mfu 0.44%
iter 10570: loss 1.3644, time 1770.66ms, mfu 0.44%
iter 10580: loss 1.3010, time 1770.18ms, mfu 0.45%
iter 10590: loss 1.3786, time 1770.15ms, mfu 0.45%
iter 10600: loss 1.3547, time 1765.66ms, mfu 0.45%
iter 10610: loss 1.3615, time 1773.59ms, mfu 0.45%
iter 10620: loss 1.3613, time 1759.30ms, mfu 0.45%
iter 10630: loss 1.3698, time 1773.19ms, mfu 0.45%
iter 10640: loss 1.3696, time 1770.20ms, mfu 0.45%
iter 10650: loss 1.3637, time 1758.39ms, mfu 0.45%
iter 10660: loss 1.3669, time 1765.04ms, mfu 0.46%
iter 10670: loss 1.3703, time 1766.25ms, mfu 0.46%
iter 10680: loss 1.3885, time 1773.17ms, mfu 0.46%
iter 10690: loss 1.3884, time 1771.94ms, mfu 0.46%
iter 10700: loss 1.3668, time 1769.85ms, mfu 0.46%
iter 10710: loss 1.3599, time 1775.40ms, mfu 0.46%
iter 10720: loss 1.3935, time 1768.23ms, mfu 0.46%
iter 10730: loss 1.3615, time 1772.65ms, mfu 0.46%
iter 10740: loss 1.3758, time 1769.35ms, mfu 0.46%
iter 10750: loss 1.3593, time 1775.04ms, mfu 0.46%
iter 10760: loss 1.3507, time 1779.21ms, mfu 0.46%
iter 10770: loss 1.3648, time 1777.37ms, mfu 0.46%
iter 10780: loss 1.3853, time 1773.06ms, mfu 0.46%
iter 10790: loss 1.3583, time 1774.17ms, mfu 0.46%
iter 10800: loss 1.3926, time 1786.03ms, mfu 0.46%
iter 10810: loss 1.3559, time 1779.47ms, mfu 0.46%
iter 10820: loss 1.3624, time 1775.62ms, mfu 0.46%
iter 10830: loss 1.3668, time 1775.51ms, mfu 0.46%
iter 10840: loss 1.3579, time 1783.99ms, mfu 0.46%
iter 10850: loss 1.3670, time 1780.29ms, mfu 0.46%
iter 10860: loss 1.3690, time 1774.69ms, mfu 0.46%
iter 10870: loss 1.3633, time 1796.40ms, mfu 0.46%
iter 10880: loss 1.3513, time 1791.15ms, mfu 0.46%
iter 10890: loss 1.3772, time 1783.42ms, mfu 0.46%
iter 10900: loss 1.3653, time 1772.92ms, mfu 0.46%
iter 10910: loss 1.3553, time 1768.95ms, mfu 0.46%
iter 10920: loss 1.4018, time 1774.75ms, mfu 0.46%
iter 10930: loss 1.3832, time 1778.15ms, mfu 0.46%
iter 10940: loss 1.3484, time 1777.89ms, mfu 0.46%
iter 10950: loss 1.3830, time 1772.79ms, mfu 0.46%
iter 10960: loss 1.3513, time 1771.09ms, mfu 0.46%
iter 10970: loss 1.3556, time 1774.32ms, mfu 0.46%
iter 10980: loss 1.3646, time 1774.69ms, mfu 0.46%
iter 10990: loss 1.3142, time 1773.27ms, mfu 0.46%
step 11000: train loss 1.2701, val loss 1.5703
saving checkpoint to /net/scratch2/junyuren/nanoGPT-manifold/out-phase2-mlp-fc
iter 11000: loss 1.3424, time 9181.54ms, mfu 0.42%
iter 11010: loss 1.3407, time 1770.10ms, mfu 0.43%
iter 11020: loss 1.3651, time 1776.67ms, mfu 0.43%
iter 11030: loss 1.3497, time 1771.41ms, mfu 0.43%
iter 11040: loss 1.3513, time 1769.38ms, mfu 0.44%
iter 11050: loss 1.3715, time 1779.15ms, mfu 0.44%
iter 11060: loss 1.3425, time 1772.14ms, mfu 0.44%
iter 11070: loss 1.3722, time 1769.27ms, mfu 0.44%
iter 11080: loss 1.3465, time 1771.26ms, mfu 0.45%
iter 11090: loss 1.3659, time 1772.43ms, mfu 0.45%
iter 11100: loss 1.3181, time 1766.90ms, mfu 0.45%
iter 11110: loss 1.3720, time 1776.42ms, mfu 0.45%
iter 11120: loss 1.3853, time 1776.51ms, mfu 0.45%
iter 11130: loss 1.3838, time 1768.17ms, mfu 0.45%
iter 11140: loss 1.3622, time 1766.75ms, mfu 0.45%
iter 11150: loss 1.3501, time 1772.36ms, mfu 0.45%
iter 11160: loss 1.3981, time 1782.77ms, mfu 0.45%
iter 11170: loss 1.3609, time 1767.92ms, mfu 0.46%
iter 11180: loss 1.3417, time 1770.65ms, mfu 0.46%
iter 11190: loss 1.3508, time 1766.53ms, mfu 0.46%
iter 11200: loss 1.3449, time 1772.22ms, mfu 0.46%
iter 11210: loss 1.3905, time 1773.70ms, mfu 0.46%
iter 11220: loss 1.3429, time 1765.15ms, mfu 0.46%
iter 11230: loss 1.3431, time 1772.11ms, mfu 0.46%
iter 11240: loss 1.4035, time 1772.55ms, mfu 0.46%
iter 11250: loss 1.3642, time 1772.97ms, mfu 0.46%
iter 11260: loss 1.3452, time 1772.47ms, mfu 0.46%
iter 11270: loss 1.3697, time 1770.81ms, mfu 0.46%
iter 11280: loss 1.4025, time 1774.01ms, mfu 0.46%
iter 11290: loss 1.3345, time 1778.37ms, mfu 0.46%
iter 11300: loss 1.3708, time 1778.03ms, mfu 0.46%
iter 11310: loss 1.3678, time 1773.08ms, mfu 0.46%
iter 11320: loss 1.3763, time 1779.37ms, mfu 0.46%
iter 11330: loss 1.3437, time 1771.14ms, mfu 0.46%
iter 11340: loss 1.3765, time 1778.51ms, mfu 0.46%
iter 11350: loss 1.3768, time 1766.30ms, mfu 0.46%
iter 11360: loss 1.3502, time 1771.06ms, mfu 0.46%
iter 11370: loss 1.3558, time 1775.81ms, mfu 0.46%
iter 11380: loss 1.3777, time 1771.50ms, mfu 0.46%
iter 11390: loss 1.3804, time 1769.54ms, mfu 0.46%
iter 11400: loss 1.3359, time 1768.55ms, mfu 0.46%
iter 11410: loss 1.3623, time 1770.34ms, mfu 0.46%
iter 11420: loss 1.3474, time 1775.85ms, mfu 0.46%
iter 11430: loss 1.3636, time 1770.82ms, mfu 0.46%
iter 11440: loss 1.3781, time 1768.67ms, mfu 0.46%
iter 11450: loss 1.3644, time 1776.53ms, mfu 0.46%
iter 11460: loss 1.3544, time 1773.46ms, mfu 0.46%
iter 11470: loss 1.3672, time 1773.83ms, mfu 0.46%
iter 11480: loss 1.3567, time 1780.34ms, mfu 0.46%
iter 11490: loss 1.3944, time 1778.75ms, mfu 0.46%
step 11500: train loss 1.2623, val loss 1.5568
saving checkpoint to /net/scratch2/junyuren/nanoGPT-manifold/out-phase2-mlp-fc
iter 11500: loss 1.3377, time 9245.22ms, mfu 0.42%
iter 11510: loss 1.3319, time 1785.84ms, mfu 0.43%
iter 11520: loss 1.3540, time 1786.77ms, mfu 0.43%
iter 11530: loss 1.3716, time 1776.77ms, mfu 0.43%
iter 11540: loss 1.3634, time 1774.05ms, mfu 0.44%
iter 11550: loss 1.3612, time 1774.74ms, mfu 0.44%
iter 11560: loss 1.3527, time 1782.68ms, mfu 0.44%
iter 11570: loss 1.3777, time 1775.32ms, mfu 0.44%
iter 11580: loss 1.3499, time 1775.54ms, mfu 0.44%
iter 11590: loss 1.3911, time 1772.67ms, mfu 0.45%
iter 11600: loss 1.3583, time 1776.24ms, mfu 0.45%
iter 11610: loss 1.3479, time 1775.69ms, mfu 0.45%
iter 11620: loss 1.3487, time 1774.66ms, mfu 0.45%
iter 11630: loss 1.3335, time 1774.38ms, mfu 0.45%
iter 11640: loss 1.3591, time 1775.41ms, mfu 0.45%
iter 11650: loss 1.3552, time 1783.13ms, mfu 0.45%
iter 11660: loss 1.3797, time 1776.28ms, mfu 0.45%
iter 11670: loss 1.3691, time 1772.20ms, mfu 0.45%
iter 11680: loss 1.3294, time 1773.99ms, mfu 0.46%
iter 11690: loss 1.3305, time 1775.24ms, mfu 0.46%
iter 11700: loss 1.3543, time 1788.94ms, mfu 0.46%
iter 11710: loss 1.3319, time 1778.19ms, mfu 0.46%
iter 11720: loss 1.3769, time 1778.87ms, mfu 0.46%
iter 11730: loss 1.3517, time 1769.21ms, mfu 0.46%
iter 11740: loss 1.3626, time 1781.90ms, mfu 0.46%
iter 11750: loss 1.3748, time 1774.84ms, mfu 0.46%
iter 11760: loss 1.3390, time 1774.79ms, mfu 0.46%
iter 11770: loss 1.3499, time 1779.26ms, mfu 0.46%
iter 11780: loss 1.3822, time 1773.57ms, mfu 0.46%
iter 11790: loss 1.3459, time 1779.33ms, mfu 0.46%
iter 11800: loss 1.3431, time 1779.68ms, mfu 0.46%
iter 11810: loss 1.3636, time 1777.20ms, mfu 0.46%
