Overriding config with /tmp/baseline_seed50.py:
# Import base config
exec(open('config/train_baby_baseline_multiseed.py').read())

# Override with seed-specific values
seed_offset = 50
out_dir = '/net/scratch2/junyuren/nanoGPT-manifold/out-baby-baseline-seed50'

tokens per iteration will be: 16,384
found vocab_size = 65 (inside data/shakespeare_char/meta.pkl)
Initializing a new model from scratch
number of parameters: 10.65M
num decayed parameter tensors: 26, with 10,740,096 parameters
num non-decayed parameter tensors: 13, with 4,992 parameters
using fused AdamW: True
compiling the model... (takes a ~minute)
step 0: train loss 4.2874, val loss 4.2823
iter 0: loss 4.2654, time 9984.80ms, mfu -100.00%
iter 10: loss 3.1462, time 13.80ms, mfu 26.99%
iter 20: loss 2.7311, time 14.67ms, mfu 26.83%
iter 30: loss 2.6177, time 14.72ms, mfu 26.68%
iter 40: loss 2.5754, time 14.65ms, mfu 26.56%
iter 50: loss 2.5250, time 14.48ms, mfu 26.48%
iter 60: loss 2.5142, time 14.69ms, mfu 26.37%
iter 70: loss 2.4945, time 14.90ms, mfu 26.23%
iter 80: loss 2.4936, time 14.61ms, mfu 26.16%
iter 90: loss 2.4688, time 14.33ms, mfu 26.14%
iter 100: loss 2.4602, time 14.79ms, mfu 26.05%
iter 110: loss 2.4601, time 14.69ms, mfu 25.98%
iter 120: loss 2.4263, time 14.86ms, mfu 25.89%
iter 130: loss 2.4117, time 14.82ms, mfu 25.81%
iter 140: loss 2.4052, time 14.57ms, mfu 25.79%
iter 150: loss 2.4088, time 14.80ms, mfu 25.73%
iter 160: loss 2.3646, time 14.65ms, mfu 25.70%
iter 170: loss 2.3534, time 14.63ms, mfu 25.68%
iter 180: loss 2.3157, time 16.11ms, mfu 25.42%
iter 190: loss 2.2499, time 15.99ms, mfu 25.21%
iter 200: loss 2.2142, time 16.25ms, mfu 24.98%
iter 210: loss 2.1370, time 15.94ms, mfu 24.82%
iter 220: loss 2.1398, time 15.60ms, mfu 24.73%
iter 230: loss 2.0697, time 14.68ms, mfu 24.79%
iter 240: loss 2.0775, time 15.93ms, mfu 24.65%
step 250: train loss 1.9670, val loss 2.0616
saving checkpoint to /net/scratch2/junyuren/nanoGPT-manifold/out-baby-baseline-seed50
iter 250: loss 2.0325, time 4340.34ms, mfu 22.20%
iter 260: loss 1.9813, time 24.95ms, mfu 21.47%
iter 270: loss 1.9771, time 25.11ms, mfu 20.81%
iter 280: loss 1.9749, time 23.17ms, mfu 20.33%
iter 290: loss 1.9128, time 23.39ms, mfu 19.89%
iter 300: loss 1.8976, time 23.19ms, mfu 19.51%
iter 310: loss 1.8655, time 23.72ms, mfu 19.13%
iter 320: loss 1.8481, time 22.81ms, mfu 18.85%
iter 330: loss 1.8202, time 23.22ms, mfu 18.57%
iter 340: loss 1.7880, time 23.31ms, mfu 18.31%
iter 350: loss 1.8261, time 23.16ms, mfu 18.09%
iter 360: loss 1.7706, time 23.17ms, mfu 17.89%
iter 370: loss 1.7427, time 23.27ms, mfu 17.70%
iter 380: loss 1.7254, time 23.17ms, mfu 17.54%
iter 390: loss 1.7282, time 23.30ms, mfu 17.39%
iter 400: loss 1.7676, time 24.83ms, mfu 17.15%
iter 410: loss 1.6925, time 24.59ms, mfu 16.95%
iter 420: loss 1.7153, time 24.95ms, mfu 16.75%
iter 430: loss 1.6825, time 25.03ms, mfu 16.56%
iter 440: loss 1.6459, time 24.93ms, mfu 16.40%
iter 450: loss 1.6473, time 24.96ms, mfu 16.25%
iter 460: loss 1.5974, time 24.94ms, mfu 16.12%
iter 470: loss 1.6442, time 24.64ms, mfu 16.02%
iter 480: loss 1.6177, time 24.60ms, mfu 15.93%
iter 490: loss 1.5920, time 25.03ms, mfu 15.83%
step 500: train loss 1.5180, val loss 1.7197
saving checkpoint to /net/scratch2/junyuren/nanoGPT-manifold/out-baby-baseline-seed50
iter 500: loss 1.5982, time 4632.82ms, mfu 14.25%
iter 510: loss 1.6029, time 25.00ms, mfu 14.32%
iter 520: loss 1.5890, time 24.40ms, mfu 14.41%
iter 530: loss 1.5535, time 24.37ms, mfu 14.50%
iter 540: loss 1.6181, time 24.79ms, mfu 14.55%
iter 550: loss 1.5507, time 24.58ms, mfu 14.62%
iter 560: loss 1.5528, time 24.36ms, mfu 14.68%
iter 570: loss 1.5558, time 24.44ms, mfu 14.74%
iter 580: loss 1.5315, time 24.83ms, mfu 14.77%
iter 590: loss 1.4867, time 24.72ms, mfu 14.80%
iter 600: loss 1.5094, time 24.79ms, mfu 14.82%
iter 610: loss 1.5456, time 24.66ms, mfu 14.85%
iter 620: loss 1.5290, time 24.40ms, mfu 14.89%
iter 630: loss 1.5115, time 24.49ms, mfu 14.92%
iter 640: loss 1.4617, time 24.52ms, mfu 14.95%
iter 650: loss 1.4976, time 24.47ms, mfu 14.98%
iter 660: loss 1.5040, time 24.37ms, mfu 15.01%
iter 670: loss 1.4443, time 24.75ms, mfu 15.01%
iter 680: loss 1.5070, time 24.72ms, mfu 15.02%
iter 690: loss 1.4613, time 24.73ms, mfu 15.03%
iter 700: loss 1.4793, time 24.43ms, mfu 15.05%
iter 710: loss 1.4494, time 24.83ms, mfu 15.04%
iter 720: loss 1.4346, time 24.53ms, mfu 15.06%
iter 730: loss 1.4161, time 24.37ms, mfu 15.08%
iter 740: loss 1.4212, time 24.28ms, mfu 15.11%
step 750: train loss 1.3559, val loss 1.5895
saving checkpoint to /net/scratch2/junyuren/nanoGPT-manifold/out-baby-baseline-seed50
iter 750: loss 1.4196, time 4486.15ms, mfu 13.61%
iter 760: loss 1.4425, time 24.95ms, mfu 13.74%
iter 770: loss 1.4233, time 24.74ms, mfu 13.87%
iter 780: loss 1.4161, time 28.08ms, mfu 13.81%
iter 790: loss 1.4165, time 24.90ms, mfu 13.93%
iter 800: loss 1.4339, time 24.90ms, mfu 14.03%
iter 810: loss 1.4021, time 24.84ms, mfu 14.13%
iter 820: loss 1.3996, time 25.15ms, mfu 14.20%
iter 830: loss 1.3914, time 24.73ms, mfu 14.28%
iter 840: loss 1.3948, time 24.70ms, mfu 14.36%
iter 850: loss 1.3891, time 24.65ms, mfu 14.44%
iter 860: loss 1.3965, time 25.26ms, mfu 14.47%
iter 870: loss 1.3948, time 24.56ms, mfu 14.54%
iter 880: loss 1.3682, time 24.41ms, mfu 14.61%
iter 890: loss 1.3872, time 24.65ms, mfu 14.66%
iter 900: loss 1.3635, time 23.06ms, mfu 14.81%
iter 910: loss 1.3160, time 23.20ms, mfu 14.94%
iter 920: loss 1.3625, time 23.79ms, mfu 15.01%
iter 930: loss 1.3529, time 23.26ms, mfu 15.11%
iter 940: loss 1.3473, time 23.30ms, mfu 15.20%
iter 950: loss 1.3543, time 23.42ms, mfu 15.27%
iter 960: loss 1.3615, time 23.35ms, mfu 15.34%
iter 970: loss 1.3578, time 23.22ms, mfu 15.41%
iter 980: loss 1.3528, time 23.20ms, mfu 15.48%
iter 990: loss 1.3329, time 23.40ms, mfu 15.52%
step 1000: train loss 1.2754, val loss 1.5296
saving checkpoint to /net/scratch2/junyuren/nanoGPT-manifold/out-baby-baseline-seed50
iter 1000: loss 1.3361, time 4564.64ms, mfu 13.98%
iter 1010: loss 1.3426, time 24.48ms, mfu 14.10%
iter 1020: loss 1.3059, time 24.49ms, mfu 14.21%
iter 1030: loss 1.3395, time 24.60ms, mfu 14.31%
iter 1040: loss 1.3543, time 24.56ms, mfu 14.39%
iter 1050: loss 1.2915, time 24.95ms, mfu 14.45%
iter 1060: loss 1.3381, time 24.85ms, mfu 14.50%
iter 1070: loss 1.3291, time 24.52ms, mfu 14.57%
iter 1080: loss 1.3394, time 24.35ms, mfu 14.64%
iter 1090: loss 1.3492, time 24.68ms, mfu 14.69%
iter 1100: loss 1.3124, time 24.67ms, mfu 14.73%
iter 1110: loss 1.2994, time 24.45ms, mfu 14.78%
iter 1120: loss 1.2988, time 24.87ms, mfu 14.80%
iter 1130: loss 1.2978, time 24.40ms, mfu 14.85%
iter 1140: loss 1.2951, time 24.63ms, mfu 14.88%
iter 1150: loss 1.3056, time 25.06ms, mfu 14.88%
iter 1160: loss 1.3296, time 24.59ms, mfu 14.90%
iter 1170: loss 1.2992, time 25.03ms, mfu 14.90%
iter 1180: loss 1.3200, time 24.91ms, mfu 14.91%
iter 1190: loss 1.2674, time 24.87ms, mfu 14.92%
iter 1200: loss 1.2952, time 24.59ms, mfu 14.94%
iter 1210: loss 1.2632, time 25.23ms, mfu 14.92%
iter 1220: loss 1.3042, time 25.34ms, mfu 14.90%
iter 1230: loss 1.3036, time 24.64ms, mfu 14.92%
iter 1240: loss 1.3041, time 24.51ms, mfu 14.95%
step 1250: train loss 1.2089, val loss 1.4942
saving checkpoint to /net/scratch2/junyuren/nanoGPT-manifold/out-baby-baseline-seed50
iter 1250: loss 1.2779, time 4457.90ms, mfu 13.46%
iter 1260: loss 1.2873, time 23.39ms, mfu 13.71%
iter 1270: loss 1.2619, time 23.63ms, mfu 13.92%
iter 1280: loss 1.2605, time 23.67ms, mfu 14.10%
iter 1290: loss 1.2827, time 23.51ms, mfu 14.27%
iter 1300: loss 1.3044, time 23.64ms, mfu 14.42%
iter 1310: loss 1.2402, time 23.62ms, mfu 14.56%
iter 1320: loss 1.3104, time 23.62ms, mfu 14.68%
iter 1330: loss 1.2648, time 23.98ms, mfu 14.77%
iter 1340: loss 1.3011, time 23.73ms, mfu 14.86%
iter 1350: loss 1.2566, time 23.71ms, mfu 14.95%
iter 1360: loss 1.2791, time 23.49ms, mfu 15.04%
iter 1370: loss 1.2605, time 23.86ms, mfu 15.10%
iter 1380: loss 1.2689, time 23.74ms, mfu 15.16%
iter 1390: loss 1.2477, time 23.85ms, mfu 15.20%
iter 1400: loss 1.2604, time 23.84ms, mfu 15.25%
iter 1410: loss 1.2577, time 23.64ms, mfu 15.30%
iter 1420: loss 1.2744, time 23.83ms, mfu 15.33%
iter 1430: loss 1.2476, time 23.77ms, mfu 15.37%
iter 1440: loss 1.2601, time 23.53ms, mfu 15.41%
iter 1450: loss 1.2431, time 23.95ms, mfu 15.43%
iter 1460: loss 1.2425, time 23.77ms, mfu 15.45%
iter 1470: loss 1.2205, time 24.90ms, mfu 15.40%
iter 1480: loss 1.2170, time 24.98ms, mfu 15.35%
iter 1490: loss 1.2452, time 24.61ms, mfu 15.33%
step 1500: train loss 1.1557, val loss 1.4777
saving checkpoint to /net/scratch2/junyuren/nanoGPT-manifold/out-baby-baseline-seed50
iter 1500: loss 1.1876, time 9217.15ms, mfu 13.80%
iter 1510: loss 1.2386, time 24.01ms, mfu 13.97%
iter 1520: loss 1.2275, time 24.42ms, mfu 14.10%
iter 1530: loss 1.2620, time 24.37ms, mfu 14.22%
iter 1540: loss 1.1929, time 24.85ms, mfu 14.30%
iter 1550: loss 1.2376, time 26.29ms, mfu 14.29%
iter 1560: loss 1.2146, time 24.11ms, mfu 14.40%
iter 1570: loss 1.2423, time 24.59ms, mfu 14.48%
iter 1580: loss 1.2082, time 23.66ms, mfu 14.61%
iter 1590: loss 1.1996, time 23.26ms, mfu 14.75%
iter 1600: loss 1.2030, time 23.06ms, mfu 14.89%
iter 1610: loss 1.2449, time 23.35ms, mfu 15.00%
iter 1620: loss 1.1909, time 23.30ms, mfu 15.10%
iter 1630: loss 1.2122, time 23.16ms, mfu 15.19%
iter 1640: loss 1.2013, time 23.49ms, mfu 15.26%
iter 1650: loss 1.1843, time 23.16ms, mfu 15.34%
iter 1660: loss 1.2232, time 23.53ms, mfu 15.39%
iter 1670: loss 1.2052, time 23.34ms, mfu 15.45%
iter 1680: loss 1.2013, time 23.43ms, mfu 15.50%
iter 1690: loss 1.2082, time 24.31ms, mfu 15.48%
iter 1700: loss 1.1901, time 24.52ms, mfu 15.45%
iter 1710: loss 1.1819, time 24.65ms, mfu 15.42%
iter 1720: loss 1.1927, time 23.56ms, mfu 15.46%
iter 1730: loss 1.2050, time 23.62ms, mfu 15.49%
iter 1740: loss 1.1763, time 23.58ms, mfu 15.52%
step 1750: train loss 1.1124, val loss 1.4737
saving checkpoint to /net/scratch2/junyuren/nanoGPT-manifold/out-baby-baseline-seed50
iter 1750: loss 1.1932, time 8631.50ms, mfu 13.97%
iter 1760: loss 1.1976, time 24.79ms, mfu 14.08%
iter 1770: loss 1.1995, time 24.70ms, mfu 14.18%
iter 1780: loss 1.2129, time 24.39ms, mfu 14.29%
iter 1790: loss 1.2019, time 24.33ms, mfu 14.39%
iter 1800: loss 1.1861, time 24.47ms, mfu 14.48%
iter 1810: loss 1.1676, time 24.27ms, mfu 14.56%
iter 1820: loss 1.1811, time 24.66ms, mfu 14.62%
iter 1830: loss 1.1843, time 24.79ms, mfu 14.66%
iter 1840: loss 1.1610, time 25.08ms, mfu 14.68%
iter 1850: loss 1.1688, time 24.80ms, mfu 14.71%
iter 1860: loss 1.1924, time 24.58ms, mfu 14.76%
iter 1870: loss 1.1545, time 25.04ms, mfu 14.77%
iter 1880: loss 1.1902, time 24.80ms, mfu 14.80%
iter 1890: loss 1.1873, time 24.95ms, mfu 14.81%
iter 1900: loss 1.1435, time 24.59ms, mfu 14.84%
iter 1910: loss 1.1778, time 24.62ms, mfu 14.87%
iter 1920: loss 1.1784, time 24.52ms, mfu 14.91%
iter 1930: loss 1.1612, time 24.88ms, mfu 14.91%
iter 1940: loss 1.1385, time 24.81ms, mfu 14.92%
iter 1950: loss 1.1489, time 24.80ms, mfu 14.93%
iter 1960: loss 1.1643, time 24.77ms, mfu 14.94%
iter 1970: loss 1.1672, time 24.63ms, mfu 14.96%
iter 1980: loss 1.1634, time 25.02ms, mfu 14.96%
iter 1990: loss 1.1633, time 24.92ms, mfu 14.96%
step 2000: train loss 1.0699, val loss 1.4744
iter 2000: loss 1.1411, time 2066.50ms, mfu 13.48%
iter 2010: loss 1.1454, time 16.04ms, mfu 14.45%
iter 2020: loss 1.1291, time 16.02ms, mfu 15.34%
iter 2030: loss 1.1691, time 16.27ms, mfu 16.09%
iter 2040: loss 1.1548, time 15.89ms, mfu 16.83%
iter 2050: loss 1.1248, time 15.95ms, mfu 17.48%
iter 2060: loss 1.1178, time 16.05ms, mfu 18.05%
iter 2070: loss 1.1420, time 16.08ms, mfu 18.57%
iter 2080: loss 1.1347, time 16.27ms, mfu 19.00%
iter 2090: loss 1.1459, time 16.06ms, mfu 19.42%
iter 2100: loss 1.1466, time 16.01ms, mfu 19.81%
iter 2110: loss 1.1477, time 16.16ms, mfu 20.13%
iter 2120: loss 1.1429, time 16.17ms, mfu 20.42%
iter 2130: loss 1.1476, time 16.09ms, mfu 20.70%
iter 2140: loss 1.1514, time 16.27ms, mfu 20.92%
iter 2150: loss 1.1396, time 18.11ms, mfu 20.88%
iter 2160: loss 1.1624, time 15.96ms, mfu 21.13%
iter 2170: loss 1.1525, time 15.96ms, mfu 21.35%
iter 2180: loss 1.1258, time 15.99ms, mfu 21.55%
iter 2190: loss 1.1199, time 15.98ms, mfu 21.72%
iter 2200: loss 1.1496, time 16.06ms, mfu 21.87%
iter 2210: loss 1.1338, time 16.13ms, mfu 21.99%
iter 2220: loss 1.1385, time 15.97ms, mfu 22.13%
iter 2230: loss 1.1309, time 16.06ms, mfu 22.24%
iter 2240: loss 1.1430, time 15.91ms, mfu 22.35%
step 2250: train loss 1.0291, val loss 1.4908
iter 2250: loss 1.1354, time 2009.54ms, mfu 20.14%
iter 2260: loss 1.1260, time 15.90ms, mfu 20.47%
iter 2270: loss 1.1554, time 16.02ms, mfu 20.75%
iter 2280: loss 1.1182, time 15.90ms, mfu 21.02%
iter 2290: loss 1.1659, time 15.94ms, mfu 21.25%
iter 2300: loss 1.1412, time 16.01ms, mfu 21.45%
iter 2310: loss 1.1135, time 16.06ms, mfu 21.63%
iter 2320: loss 1.1136, time 16.01ms, mfu 21.79%
iter 2330: loss 1.1236, time 16.05ms, mfu 21.93%
iter 2340: loss 1.1372, time 16.30ms, mfu 22.03%
iter 2350: loss 1.1281, time 16.15ms, mfu 22.13%
iter 2360: loss 1.1290, time 16.04ms, mfu 22.24%
iter 2370: loss 1.1109, time 16.04ms, mfu 22.34%
iter 2380: loss 1.1111, time 16.12ms, mfu 22.42%
iter 2390: loss 1.1116, time 16.36ms, mfu 22.45%
iter 2400: loss 1.1007, time 16.03ms, mfu 22.53%
iter 2410: loss 1.0905, time 15.91ms, mfu 22.62%
iter 2420: loss 1.0915, time 15.99ms, mfu 22.69%
iter 2430: loss 1.0730, time 16.28ms, mfu 22.71%
iter 2440: loss 1.0852, time 15.97ms, mfu 22.77%
iter 2450: loss 1.0926, time 15.99ms, mfu 22.82%
iter 2460: loss 1.1113, time 15.92ms, mfu 22.88%
iter 2470: loss 1.1219, time 16.07ms, mfu 22.91%
iter 2480: loss 1.1049, time 16.08ms, mfu 22.94%
iter 2490: loss 1.0781, time 16.02ms, mfu 22.97%
step 2500: train loss 0.9861, val loss 1.4964
iter 2500: loss 1.1017, time 2013.12ms, mfu 20.69%
iter 2510: loss 1.0900, time 16.04ms, mfu 20.95%
iter 2520: loss 1.0632, time 16.04ms, mfu 21.17%
iter 2530: loss 1.0842, time 16.10ms, mfu 21.37%
iter 2540: loss 1.0819, time 16.05ms, mfu 21.56%
iter 2550: loss 1.0840, time 16.06ms, mfu 21.72%
iter 2560: loss 1.0796, time 16.41ms, mfu 21.82%
iter 2570: loss 1.0920, time 16.08ms, mfu 21.96%
iter 2580: loss 1.1006, time 15.91ms, mfu 22.10%
iter 2590: loss 1.0966, time 15.93ms, mfu 22.23%
iter 2600: loss 1.0967, time 16.27ms, mfu 22.30%
iter 2610: loss 1.0738, time 15.92ms, mfu 22.41%
iter 2620: loss 1.0758, time 15.86ms, mfu 22.52%
iter 2630: loss 1.0551, time 16.30ms, mfu 22.55%
iter 2640: loss 1.0691, time 15.94ms, mfu 22.63%
iter 2650: loss 1.0897, time 15.98ms, mfu 22.70%
iter 2660: loss 1.0646, time 16.01ms, mfu 22.76%
iter 2670: loss 1.0453, time 15.97ms, mfu 22.82%
iter 2680: loss 1.0807, time 16.02ms, mfu 22.86%
iter 2690: loss 1.0806, time 15.88ms, mfu 22.92%
iter 2700: loss 1.0445, time 16.48ms, mfu 22.89%
iter 2710: loss 1.0760, time 15.94ms, mfu 22.94%
iter 2720: loss 1.0733, time 15.94ms, mfu 22.98%
iter 2730: loss 1.0885, time 16.04ms, mfu 23.01%
iter 2740: loss 1.0497, time 16.23ms, mfu 23.00%
step 2750: train loss 0.9467, val loss 1.5044
iter 2750: loss 1.0647, time 1935.78ms, mfu 20.72%
iter 2760: loss 1.0571, time 12.41ms, mfu 21.65%
iter 2770: loss 1.0500, time 12.29ms, mfu 22.52%
iter 2780: loss 1.0526, time 12.31ms, mfu 23.29%
iter 2790: loss 1.0607, time 12.28ms, mfu 24.00%
iter 2800: loss 1.0381, time 12.25ms, mfu 24.64%
iter 2810: loss 1.0723, time 12.48ms, mfu 25.16%
iter 2820: loss 1.0531, time 12.43ms, mfu 25.64%
iter 2830: loss 1.0715, time 12.38ms, mfu 26.09%
iter 2840: loss 1.0206, time 12.51ms, mfu 26.46%
iter 2850: loss 1.0597, time 12.54ms, mfu 26.78%
iter 2860: loss 1.0564, time 12.52ms, mfu 27.08%
iter 2870: loss 1.0396, time 12.32ms, mfu 27.40%
iter 2880: loss 1.0661, time 12.50ms, mfu 27.64%
iter 2890: loss 1.0340, time 12.35ms, mfu 27.89%
iter 2900: loss 1.0230, time 12.35ms, mfu 28.12%
iter 2910: loss 1.0806, time 12.38ms, mfu 28.32%
iter 2920: loss 1.0392, time 12.41ms, mfu 28.49%
iter 2930: loss 1.0333, time 12.26ms, mfu 28.68%
iter 2940: loss 1.0266, time 12.41ms, mfu 28.81%
iter 2950: loss 1.0521, time 12.48ms, mfu 28.92%
iter 2960: loss 1.0282, time 12.44ms, mfu 29.02%
iter 2970: loss 1.0278, time 12.48ms, mfu 29.11%
iter 2980: loss 1.0361, time 12.50ms, mfu 29.18%
iter 2990: loss 1.0156, time 12.55ms, mfu 29.23%
step 3000: train loss 0.9104, val loss 1.5204
iter 3000: loss 1.0111, time 1449.65ms, mfu 26.33%
iter 3010: loss 1.0250, time 12.40ms, mfu 26.70%
iter 3020: loss 1.0323, time 12.32ms, mfu 27.06%
iter 3030: loss 1.0407, time 12.30ms, mfu 27.38%
iter 3040: loss 1.0565, time 12.38ms, mfu 27.65%
iter 3050: loss 1.0249, time 12.46ms, mfu 27.88%
iter 3060: loss 1.0371, time 12.33ms, mfu 28.11%
iter 3070: loss 1.0621, time 12.37ms, mfu 28.31%
iter 3080: loss 1.0423, time 12.33ms, mfu 28.51%
iter 3090: loss 1.0299, time 12.27ms, mfu 28.69%
iter 3100: loss 1.0403, time 12.22ms, mfu 28.87%
iter 3110: loss 1.0053, time 12.23ms, mfu 29.03%
iter 3120: loss 1.0408, time 12.25ms, mfu 29.17%
iter 3130: loss 1.0166, time 12.25ms, mfu 29.30%
iter 3140: loss 1.0102, time 12.41ms, mfu 29.37%
iter 3150: loss 1.0332, time 12.43ms, mfu 29.43%
iter 3160: loss 1.0481, time 12.34ms, mfu 29.51%
iter 3170: loss 0.9974, time 12.44ms, mfu 29.55%
iter 3180: loss 1.0086, time 12.33ms, mfu 29.62%
iter 3190: loss 1.0376, time 12.21ms, mfu 29.71%
iter 3200: loss 1.0026, time 12.17ms, mfu 29.80%
iter 3210: loss 0.9977, time 12.36ms, mfu 29.83%
iter 3220: loss 0.9931, time 12.34ms, mfu 29.87%
iter 3230: loss 0.9886, time 12.60ms, mfu 29.84%
iter 3240: loss 0.9963, time 12.34ms, mfu 29.88%
step 3250: train loss 0.8711, val loss 1.5591
iter 3250: loss 1.0059, time 1445.55ms, mfu 26.91%
iter 3260: loss 1.0053, time 12.56ms, mfu 27.19%
iter 3270: loss 1.0138, time 12.44ms, mfu 27.47%
iter 3280: loss 0.9906, time 12.41ms, mfu 27.72%
iter 3290: loss 0.9762, time 12.29ms, mfu 27.98%
iter 3300: loss 0.9802, time 12.28ms, mfu 28.22%
iter 3310: loss 0.9933, time 12.98ms, mfu 28.27%
iter 3320: loss 1.0023, time 12.85ms, mfu 28.34%
iter 3330: loss 0.9965, time 12.70ms, mfu 28.44%
iter 3340: loss 0.9960, time 12.51ms, mfu 28.58%
iter 3350: loss 0.9941, time 12.64ms, mfu 28.67%
iter 3360: loss 0.9611, time 12.43ms, mfu 28.80%
iter 3370: loss 0.9926, time 12.72ms, mfu 28.85%
iter 3380: loss 0.9841, time 12.56ms, mfu 28.93%
iter 3390: loss 0.9859, time 12.63ms, mfu 28.99%
iter 3400: loss 0.9936, time 12.35ms, mfu 29.11%
iter 3410: loss 0.9824, time 12.38ms, mfu 29.21%
iter 3420: loss 0.9848, time 12.43ms, mfu 29.28%
iter 3430: loss 0.9896, time 12.51ms, mfu 29.33%
iter 3440: loss 1.0172, time 13.10ms, mfu 29.24%
iter 3450: loss 0.9926, time 12.56ms, mfu 29.29%
iter 3460: loss 0.9852, time 12.70ms, mfu 29.29%
iter 3470: loss 0.9808, time 12.50ms, mfu 29.34%
iter 3480: loss 0.9943, time 12.66ms, mfu 29.35%
iter 3490: loss 0.9578, time 12.59ms, mfu 29.37%
step 3500: train loss 0.8293, val loss 1.5746
iter 3500: loss 0.9470, time 1651.67ms, mfu 26.46%
iter 3510: loss 0.9595, time 13.02ms, mfu 26.68%
iter 3520: loss 0.9616, time 12.85ms, mfu 26.91%
iter 3530: loss 0.9933, time 13.29ms, mfu 27.02%
iter 3540: loss 0.9651, time 13.97ms, mfu 26.98%
iter 3550: loss 0.9558, time 13.16ms, mfu 27.12%
iter 3560: loss 1.0010, time 13.06ms, mfu 27.26%
iter 3570: loss 0.9777, time 13.12ms, mfu 27.37%
iter 3580: loss 0.9827, time 13.24ms, mfu 27.45%
iter 3590: loss 0.9643, time 12.92ms, mfu 27.59%
iter 3600: loss 0.9748, time 13.35ms, mfu 27.62%
iter 3610: loss 0.9562, time 13.13ms, mfu 27.70%
iter 3620: loss 0.9435, time 13.02ms, mfu 27.79%
iter 3630: loss 0.9670, time 12.88ms, mfu 27.90%
iter 3640: loss 0.9597, time 13.26ms, mfu 27.92%
iter 3650: loss 0.9511, time 13.13ms, mfu 27.97%
iter 3660: loss 0.9888, time 12.92ms, mfu 28.06%
iter 3670: loss 0.9816, time 20.62ms, mfu 27.06%
iter 3680: loss 0.9493, time 20.29ms, mfu 26.19%
iter 3690: loss 0.9739, time 20.22ms, mfu 25.41%
iter 3700: loss 0.9194, time 20.44ms, mfu 24.69%
iter 3710: loss 0.9230, time 20.42ms, mfu 24.05%
iter 3720: loss 0.9375, time 20.53ms, mfu 23.46%
iter 3730: loss 0.9386, time 21.75ms, mfu 22.83%
iter 3740: loss 0.9429, time 22.04ms, mfu 22.24%
step 3750: train loss 0.7906, val loss 1.5857
iter 3750: loss 0.9399, time 2056.68ms, mfu 20.03%
iter 3760: loss 0.9917, time 16.33ms, mfu 20.31%
iter 3770: loss 0.9723, time 16.09ms, mfu 20.59%
iter 3780: loss 0.9624, time 16.31ms, mfu 20.82%
iter 3790: loss 0.9493, time 16.03ms, mfu 21.06%
iter 3800: loss 0.9599, time 16.31ms, mfu 21.24%
iter 3810: loss 0.9670, time 16.00ms, mfu 21.44%
iter 3820: loss 0.9319, time 16.29ms, mfu 21.59%
iter 3830: loss 0.9413, time 16.15ms, mfu 21.74%
iter 3840: loss 0.9371, time 16.10ms, mfu 21.88%
iter 3850: loss 0.9299, time 16.15ms, mfu 22.00%
iter 3860: loss 0.9107, time 16.17ms, mfu 22.10%
iter 3870: loss 0.9317, time 15.98ms, mfu 22.22%
iter 3880: loss 0.9206, time 15.96ms, mfu 22.34%
iter 3890: loss 0.9397, time 16.16ms, mfu 22.41%
iter 3900: loss 0.9348, time 15.97ms, mfu 22.50%
iter 3910: loss 0.9204, time 15.99ms, mfu 22.58%
iter 3920: loss 0.9132, time 15.96ms, mfu 22.66%
iter 3930: loss 0.9408, time 16.01ms, mfu 22.72%
iter 3940: loss 0.9156, time 16.03ms, mfu 22.77%
iter 3950: loss 0.9065, time 16.09ms, mfu 22.81%
iter 3960: loss 0.9491, time 15.98ms, mfu 22.86%
iter 3970: loss 0.9247, time 16.23ms, mfu 22.87%
iter 3980: loss 0.9396, time 15.96ms, mfu 22.92%
iter 3990: loss 0.9172, time 15.97ms, mfu 22.96%
step 4000: train loss 0.7562, val loss 1.6183
iter 4000: loss 0.8970, time 2015.14ms, mfu 20.68%
iter 4010: loss 0.9225, time 16.27ms, mfu 20.90%
iter 4020: loss 0.9312, time 16.01ms, mfu 21.14%
iter 4030: loss 0.9035, time 16.15ms, mfu 21.33%
iter 4040: loss 0.9134, time 15.97ms, mfu 21.53%
iter 4050: loss 0.9101, time 15.96ms, mfu 21.72%
iter 4060: loss 0.8940, time 16.18ms, mfu 21.85%
iter 4070: loss 0.8918, time 15.95ms, mfu 22.00%
iter 4080: loss 0.9224, time 16.16ms, mfu 22.10%
iter 4090: loss 0.8763, time 15.93ms, mfu 22.23%
iter 4100: loss 0.9459, time 15.95ms, mfu 22.35%
iter 4110: loss 0.9129, time 16.40ms, mfu 22.38%
iter 4120: loss 0.9201, time 16.02ms, mfu 22.47%
iter 4130: loss 0.8955, time 16.15ms, mfu 22.53%
iter 4140: loss 0.9147, time 16.03ms, mfu 22.60%
iter 4150: loss 0.9046, time 16.27ms, mfu 22.63%
iter 4160: loss 0.8925, time 15.97ms, mfu 22.70%
iter 4170: loss 0.8922, time 16.03ms, mfu 22.76%
iter 4180: loss 0.9139, time 16.72ms, mfu 22.71%
iter 4190: loss 0.9136, time 15.96ms, mfu 22.77%
iter 4200: loss 0.8761, time 16.03ms, mfu 22.82%
iter 4210: loss 0.9062, time 15.99ms, mfu 22.87%
iter 4220: loss 0.8881, time 16.30ms, mfu 22.87%
iter 4230: loss 0.9154, time 15.99ms, mfu 22.91%
iter 4240: loss 0.8908, time 16.25ms, mfu 22.91%
step 4250: train loss 0.7188, val loss 1.6503
iter 4250: loss 0.8950, time 2013.82ms, mfu 20.64%
iter 4260: loss 0.8924, time 15.99ms, mfu 20.91%
iter 4270: loss 0.9072, time 15.94ms, mfu 21.15%
iter 4280: loss 0.8808, time 16.36ms, mfu 21.32%
iter 4290: loss 0.8638, time 15.98ms, mfu 21.52%
iter 4300: loss 0.8616, time 16.01ms, mfu 21.69%
iter 4310: loss 0.8959, time 15.87ms, mfu 21.87%
iter 4320: loss 0.8649, time 16.27ms, mfu 21.98%
iter 4330: loss 0.8976, time 15.99ms, mfu 22.11%
iter 4340: loss 0.8651, time 16.21ms, mfu 22.20%
iter 4350: loss 0.8619, time 16.10ms, mfu 22.29%
iter 4360: loss 0.8829, time 24.00ms, mfu 21.61%
iter 4370: loss 0.8816, time 23.57ms, mfu 21.03%
iter 4380: loss 0.8697, time 22.98ms, mfu 20.55%
iter 4390: loss 0.8989, time 23.51ms, mfu 20.08%
iter 4400: loss 0.8640, time 23.46ms, mfu 19.66%
iter 4410: loss 0.8925, time 23.40ms, mfu 19.29%
iter 4420: loss 0.8887, time 24.97ms, mfu 18.85%
iter 4430: loss 0.8839, time 24.71ms, mfu 18.47%
iter 4440: loss 0.8781, time 24.88ms, mfu 18.12%
iter 4450: loss 0.8705, time 24.57ms, mfu 17.83%
iter 4460: loss 0.8588, time 24.98ms, mfu 17.54%
iter 4470: loss 0.8768, time 24.86ms, mfu 17.28%
iter 4480: loss 0.8674, time 24.95ms, mfu 17.05%
iter 4490: loss 0.8587, time 24.81ms, mfu 16.85%
step 4500: train loss 0.6745, val loss 1.6830
iter 4500: loss 0.8900, time 2028.40ms, mfu 15.18%
iter 4510: loss 0.8711, time 14.95ms, mfu 16.15%
iter 4520: loss 0.8560, time 14.79ms, mfu 17.06%
iter 4530: loss 0.8733, time 14.94ms, mfu 17.85%
iter 4540: loss 0.8713, time 14.81ms, mfu 18.58%
iter 4550: loss 0.9020, time 14.80ms, mfu 19.24%
iter 4560: loss 0.8632, time 14.79ms, mfu 19.83%
iter 4570: loss 0.8688, time 14.63ms, mfu 20.40%
iter 4580: loss 0.8715, time 14.61ms, mfu 20.91%
iter 4590: loss 0.8738, time 14.71ms, mfu 21.35%
iter 4600: loss 0.8467, time 14.80ms, mfu 21.73%
iter 4610: loss 0.8861, time 14.76ms, mfu 22.08%
iter 4620: loss 0.8535, time 14.61ms, mfu 22.43%
iter 4630: loss 0.8368, time 14.83ms, mfu 22.70%
iter 4640: loss 0.8683, time 14.90ms, mfu 22.93%
iter 4650: loss 0.8770, time 14.77ms, mfu 23.16%
iter 4660: loss 0.8616, time 14.61ms, mfu 23.39%
iter 4670: loss 0.8676, time 14.84ms, mfu 23.56%
iter 4680: loss 0.8769, time 14.87ms, mfu 23.71%
iter 4690: loss 0.8705, time 14.78ms, mfu 23.86%
iter 4700: loss 0.8374, time 14.56ms, mfu 24.04%
iter 4710: loss 0.8043, time 14.73ms, mfu 24.16%
iter 4720: loss 0.8543, time 14.75ms, mfu 24.27%
iter 4730: loss 0.8310, time 14.71ms, mfu 24.38%
iter 4740: loss 0.8449, time 14.60ms, mfu 24.49%
step 4750: train loss 0.6437, val loss 1.7187
iter 4750: loss 0.8205, time 1867.35ms, mfu 22.06%
iter 4760: loss 0.8280, time 14.76ms, mfu 22.38%
iter 4770: loss 0.7913, time 14.64ms, mfu 22.69%
iter 4780: loss 0.8156, time 14.64ms, mfu 22.96%
iter 4790: loss 0.8476, time 14.88ms, mfu 23.17%
iter 4800: loss 0.8284, time 14.83ms, mfu 23.37%
iter 4810: loss 0.8483, time 14.80ms, mfu 23.55%
iter 4820: loss 0.8287, time 14.82ms, mfu 23.71%
iter 4830: loss 0.8172, time 14.80ms, mfu 23.86%
iter 4840: loss 0.8339, time 14.61ms, mfu 24.02%
iter 4850: loss 0.8322, time 14.78ms, mfu 24.14%
iter 4860: loss 0.8147, time 14.85ms, mfu 24.23%
iter 4870: loss 0.8022, time 14.72ms, mfu 24.34%
iter 4880: loss 0.8315, time 14.89ms, mfu 24.41%
iter 4890: loss 0.7999, time 14.62ms, mfu 24.52%
iter 4900: loss 0.7963, time 14.67ms, mfu 24.61%
iter 4910: loss 0.8369, time 14.82ms, mfu 24.66%
iter 4920: loss 0.8152, time 14.78ms, mfu 24.71%
iter 4930: loss 0.8063, time 14.79ms, mfu 24.76%
iter 4940: loss 0.7909, time 14.82ms, mfu 24.80%
iter 4950: loss 0.8326, time 14.83ms, mfu 24.83%
iter 4960: loss 0.8230, time 14.59ms, mfu 24.90%
iter 4970: loss 0.7915, time 14.64ms, mfu 24.96%
iter 4980: loss 0.7850, time 14.77ms, mfu 24.99%
iter 4990: loss 0.8190, time 14.81ms, mfu 25.00%
step 5000: train loss 0.6122, val loss 1.7379
iter 5000: loss 0.8356, time 1870.91ms, mfu 22.52%
iter 5010: loss 0.8036, time 14.84ms, mfu 22.78%
iter 5020: loss 0.8208, time 14.86ms, mfu 23.01%
iter 5030: loss 0.8209, time 14.61ms, mfu 23.26%
iter 5040: loss 0.8083, time 19.41ms, mfu 22.85%
iter 5050: loss 0.8258, time 19.47ms, mfu 22.48%
iter 5060: loss 0.7887, time 19.47ms, mfu 22.15%
iter 5070: loss 0.8304, time 19.30ms, mfu 21.86%
iter 5080: loss 0.8213, time 19.45ms, mfu 21.59%
iter 5090: loss 0.8077, time 19.24ms, mfu 21.37%
iter 5100: loss 0.7928, time 19.40ms, mfu 21.15%
iter 5110: loss 0.7950, time 19.26ms, mfu 20.97%
iter 5120: loss 0.8027, time 19.41ms, mfu 20.80%
iter 5130: loss 0.8154, time 19.16ms, mfu 20.66%
iter 5140: loss 0.7867, time 19.47ms, mfu 20.51%
iter 5150: loss 0.8071, time 19.71ms, mfu 20.35%
iter 5160: loss 0.8137, time 23.76ms, mfu 19.88%
iter 5170: loss 0.8128, time 20.91ms, mfu 19.68%
iter 5180: loss 0.7759, time 20.93ms, mfu 19.49%
iter 5190: loss 0.7863, time 20.91ms, mfu 19.32%
iter 5200: loss 0.7777, time 20.84ms, mfu 19.18%
iter 5210: loss 0.7677, time 21.03ms, mfu 19.03%
iter 5220: loss 0.7840, time 21.86ms, mfu 18.83%
iter 5230: loss 0.8002, time 20.62ms, mfu 18.76%
iter 5240: loss 0.7847, time 23.30ms, mfu 18.48%
step 5250: train loss 0.5752, val loss 1.7698
iter 5250: loss 0.7921, time 2081.00ms, mfu 16.65%
iter 5260: loss 0.7861, time 16.28ms, mfu 17.27%
iter 5270: loss 0.7743, time 16.21ms, mfu 17.85%
iter 5280: loss 0.7999, time 16.38ms, mfu 18.34%
iter 5290: loss 0.7883, time 16.11ms, mfu 18.81%
iter 5300: loss 0.8037, time 16.08ms, mfu 19.25%
iter 5310: loss 0.7728, time 16.10ms, mfu 19.64%
iter 5320: loss 0.7977, time 16.12ms, mfu 19.99%
iter 5330: loss 0.8092, time 16.37ms, mfu 20.27%
iter 5340: loss 0.7813, time 16.21ms, mfu 20.54%
iter 5350: loss 0.7469, time 16.21ms, mfu 20.78%
iter 5360: loss 0.7802, time 16.04ms, mfu 21.03%
iter 5370: loss 0.7759, time 16.21ms, mfu 21.22%
iter 5380: loss 0.7883, time 16.20ms, mfu 21.40%
iter 5390: loss 0.7868, time 16.31ms, mfu 21.55%
iter 5400: loss 0.7942, time 15.60ms, mfu 21.78%
iter 5410: loss 0.7623, time 15.60ms, mfu 21.99%
iter 5420: loss 0.7819, time 15.55ms, mfu 22.19%
iter 5430: loss 0.7863, time 15.24ms, mfu 22.41%
iter 5440: loss 0.7876, time 14.78ms, mfu 22.69%
iter 5450: loss 0.7831, time 14.85ms, mfu 22.93%
iter 5460: loss 0.7887, time 14.92ms, mfu 23.14%
iter 5470: loss 0.7689, time 14.61ms, mfu 23.38%
iter 5480: loss 0.7694, time 14.78ms, mfu 23.56%
iter 5490: loss 0.7746, time 14.69ms, mfu 23.74%
step 5500: train loss 0.5429, val loss 1.7912
iter 5500: loss 0.7804, time 1849.52ms, mfu 21.39%
iter 5510: loss 0.7625, time 14.61ms, mfu 21.80%
iter 5520: loss 0.7617, time 14.82ms, mfu 22.13%
iter 5530: loss 0.7425, time 14.77ms, mfu 22.44%
iter 5540: loss 0.7587, time 14.64ms, mfu 22.74%
iter 5550: loss 0.7394, time 14.77ms, mfu 22.99%
iter 5560: loss 0.7552, time 14.70ms, mfu 23.23%
iter 5570: loss 0.7715, time 14.64ms, mfu 23.45%
iter 5580: loss 0.7729, time 14.56ms, mfu 23.66%
iter 5590: loss 0.7710, time 14.75ms, mfu 23.82%
iter 5600: loss 0.7500, time 14.77ms, mfu 23.96%
iter 5610: loss 0.7736, time 14.55ms, mfu 24.13%
iter 5620: loss 0.7525, time 14.72ms, mfu 24.25%
iter 5630: loss 0.7708, time 14.76ms, mfu 24.35%
iter 5640: loss 0.7698, time 14.55ms, mfu 24.47%
iter 5650: loss 0.7470, time 14.73ms, mfu 24.55%
iter 5660: loss 0.7674, time 14.77ms, mfu 24.62%
iter 5670: loss 0.7610, time 14.53ms, mfu 24.72%
iter 5680: loss 0.7302, time 14.76ms, mfu 24.78%
iter 5690: loss 0.7361, time 14.77ms, mfu 24.82%
iter 5700: loss 0.7373, time 14.53ms, mfu 24.90%
iter 5710: loss 0.7725, time 14.61ms, mfu 24.97%
iter 5720: loss 0.7189, time 14.61ms, mfu 25.02%
iter 5730: loss 0.7420, time 18.41ms, mfu 24.54%
iter 5740: loss 0.7372, time 18.67ms, mfu 24.08%
step 5750: train loss 0.5124, val loss 1.8351
iter 5750: loss 0.7645, time 1880.52ms, mfu 21.70%
iter 5760: loss 0.7579, time 14.69ms, mfu 22.06%
iter 5770: loss 0.7474, time 14.69ms, mfu 22.39%
iter 5780: loss 0.7398, time 14.58ms, mfu 22.71%
iter 5790: loss 0.7340, time 14.72ms, mfu 22.97%
iter 5800: loss 0.7214, time 14.52ms, mfu 23.24%
iter 5810: loss 0.7362, time 14.69ms, mfu 23.45%
iter 5820: loss 0.7432, time 14.76ms, mfu 23.63%
iter 5830: loss 0.7361, time 14.72ms, mfu 23.80%
iter 5840: loss 0.7408, time 14.49ms, mfu 23.99%
iter 5850: loss 0.7219, time 14.84ms, mfu 24.10%
iter 5860: loss 0.7285, time 15.00ms, mfu 24.18%
iter 5870: loss 0.7141, time 15.00ms, mfu 24.24%
iter 5880: loss 0.7288, time 14.93ms, mfu 24.32%
iter 5890: loss 0.7522, time 14.80ms, mfu 24.40%
iter 5900: loss 0.7261, time 15.02ms, mfu 24.44%
iter 5910: loss 0.7379, time 14.75ms, mfu 24.52%
iter 5920: loss 0.7464, time 15.02ms, mfu 24.55%
iter 5930: loss 0.7216, time 14.68ms, mfu 24.64%
iter 5940: loss 0.7466, time 14.77ms, mfu 24.70%
iter 5950: loss 0.7116, time 14.88ms, mfu 24.73%
iter 5960: loss 0.7223, time 14.84ms, mfu 24.77%
iter 5970: loss 0.7455, time 14.67ms, mfu 24.83%
iter 5980: loss 0.7171, time 14.70ms, mfu 24.88%
iter 5990: loss 0.7374, time 14.90ms, mfu 24.90%
step 6000: train loss 0.4836, val loss 1.8507
iter 6000: loss 0.7296, time 1965.76ms, mfu 22.42%
iter 6010: loss 0.7473, time 16.17ms, mfu 22.49%
iter 6020: loss 0.7323, time 16.15ms, mfu 22.54%
iter 6030: loss 0.7384, time 16.08ms, mfu 22.61%
iter 6040: loss 0.6927, time 16.26ms, mfu 22.64%
iter 6050: loss 0.7108, time 16.28ms, mfu 22.66%
iter 6060: loss 0.7091, time 16.09ms, mfu 22.71%
iter 6070: loss 0.7291, time 16.24ms, mfu 22.74%
iter 6080: loss 0.7400, time 16.22ms, mfu 22.76%
iter 6090: loss 0.7211, time 16.36ms, mfu 22.76%
iter 6100: loss 0.7150, time 16.35ms, mfu 22.77%
iter 6110: loss 0.7258, time 16.22ms, mfu 22.79%
iter 6120: loss 0.7096, time 16.25ms, mfu 22.80%
iter 6130: loss 0.7194, time 16.48ms, mfu 22.78%
iter 6140: loss 0.7242, time 16.17ms, mfu 22.81%
iter 6150: loss 0.7057, time 16.18ms, mfu 22.83%
iter 6160: loss 0.7221, time 16.14ms, mfu 22.85%
iter 6170: loss 0.7049, time 16.18ms, mfu 22.87%
iter 6180: loss 0.7041, time 16.15ms, mfu 22.89%
iter 6190: loss 0.7286, time 16.09ms, mfu 22.92%
iter 6200: loss 0.6922, time 16.21ms, mfu 22.92%
iter 6210: loss 0.6826, time 16.40ms, mfu 22.90%
iter 6220: loss 0.7019, time 16.42ms, mfu 22.88%
iter 6230: loss 0.7293, time 16.46ms, mfu 22.86%
iter 6240: loss 0.7086, time 16.13ms, mfu 22.88%
step 6250: train loss 0.4554, val loss 1.8897
iter 6250: loss 0.7079, time 2016.77ms, mfu 20.61%
iter 6260: loss 0.7103, time 16.09ms, mfu 20.87%
iter 6270: loss 0.6993, time 16.01ms, mfu 21.11%
iter 6280: loss 0.6994, time 16.06ms, mfu 21.32%
iter 6290: loss 0.6922, time 15.98ms, mfu 21.52%
iter 6300: loss 0.7126, time 15.99ms, mfu 21.70%
iter 6310: loss 0.7024, time 16.40ms, mfu 21.80%
iter 6320: loss 0.6782, time 16.01ms, mfu 21.95%
iter 6330: loss 0.6965, time 16.00ms, mfu 22.08%
iter 6340: loss 0.7005, time 16.08ms, mfu 22.19%
iter 6350: loss 0.7080, time 16.05ms, mfu 22.29%
iter 6360: loss 0.6922, time 16.01ms, mfu 22.39%
iter 6370: loss 0.6917, time 16.08ms, mfu 22.47%
iter 6380: loss 0.6851, time 16.08ms, mfu 22.54%
iter 6390: loss 0.7046, time 16.28ms, mfu 22.57%
iter 6400: loss 0.7160, time 15.89ms, mfu 22.66%
iter 6410: loss 0.7047, time 15.97ms, mfu 22.73%
iter 6420: loss 0.6832, time 15.99ms, mfu 22.79%
iter 6430: loss 0.6821, time 16.27ms, mfu 22.80%
iter 6440: loss 0.6964, time 16.06ms, mfu 22.84%
iter 6450: loss 0.6922, time 15.93ms, mfu 22.89%
iter 6460: loss 0.6903, time 16.01ms, mfu 22.93%
iter 6470: loss 0.6758, time 16.06ms, mfu 22.96%
iter 6480: loss 0.6967, time 15.97ms, mfu 23.00%
iter 6490: loss 0.6876, time 16.19ms, mfu 23.00%
step 6500: train loss 0.4324, val loss 1.9147
iter 6500: loss 0.6610, time 1849.04ms, mfu 20.72%
iter 6510: loss 0.7041, time 12.36ms, mfu 21.66%
iter 6520: loss 0.6959, time 12.37ms, mfu 22.51%
iter 6530: loss 0.6726, time 12.37ms, mfu 23.27%
iter 6540: loss 0.6781, time 12.41ms, mfu 23.94%
iter 6550: loss 0.6692, time 12.34ms, mfu 24.57%
iter 6560: loss 0.6577, time 12.46ms, mfu 25.10%
iter 6570: loss 0.6747, time 12.23ms, mfu 25.64%
iter 6580: loss 0.6674, time 12.32ms, mfu 26.10%
iter 6590: loss 0.6874, time 12.22ms, mfu 26.54%
iter 6600: loss 0.6663, time 12.39ms, mfu 26.89%
iter 6610: loss 0.6718, time 12.47ms, mfu 27.19%
iter 6620: loss 0.6755, time 12.37ms, mfu 27.48%
iter 6630: loss 0.6877, time 12.32ms, mfu 27.76%
iter 6640: loss 0.6751, time 21.93ms, mfu 26.68%
iter 6650: loss 0.6785, time 21.98ms, mfu 25.71%
iter 6660: loss 0.6713, time 22.07ms, mfu 24.83%
iter 6670: loss 0.6719, time 22.12ms, mfu 24.03%
iter 6680: loss 0.6719, time 22.74ms, mfu 23.27%
iter 6690: loss 0.6578, time 23.43ms, mfu 22.53%
iter 6700: loss 0.6917, time 23.01ms, mfu 21.90%
iter 6710: loss 0.6810, time 23.45ms, mfu 21.30%
iter 6720: loss 0.6644, time 23.02ms, mfu 20.78%
iter 6730: loss 0.6449, time 24.48ms, mfu 20.23%
iter 6740: loss 0.6414, time 24.62ms, mfu 19.72%
step 6750: train loss 0.4015, val loss 1.9529
iter 6750: loss 0.6704, time 2074.65ms, mfu 17.76%
iter 6760: loss 0.6800, time 17.25ms, mfu 18.15%
iter 6770: loss 0.6551, time 17.42ms, mfu 18.47%
iter 6780: loss 0.6671, time 17.34ms, mfu 18.77%
iter 6790: loss 0.6565, time 17.33ms, mfu 19.05%
iter 6800: loss 0.6548, time 17.31ms, mfu 19.30%
iter 6810: loss 0.6730, time 17.22ms, mfu 19.53%
iter 6820: loss 0.6517, time 17.20ms, mfu 19.74%
iter 6830: loss 0.6475, time 17.21ms, mfu 19.93%
iter 6840: loss 0.6354, time 20.31ms, mfu 19.78%
iter 6850: loss 0.6576, time 21.12ms, mfu 19.56%
iter 6860: loss 0.6534, time 20.74ms, mfu 19.40%
iter 6870: loss 0.6543, time 20.94ms, mfu 19.24%
iter 6880: loss 0.6281, time 21.14ms, mfu 19.08%
iter 6890: loss 0.6151, time 21.06ms, mfu 18.94%
iter 6900: loss 0.6690, time 21.00ms, mfu 18.82%
iter 6910: loss 0.6652, time 20.99ms, mfu 18.71%
iter 6920: loss 0.6423, time 20.97ms, mfu 18.62%
iter 6930: loss 0.6280, time 20.67ms, mfu 18.56%
iter 6940: loss 0.6499, time 21.13ms, mfu 18.47%
iter 6950: loss 0.6558, time 21.05ms, mfu 18.39%
iter 6960: loss 0.6486, time 20.96ms, mfu 18.33%
iter 6970: loss 0.6562, time 21.01ms, mfu 18.27%
iter 6980: loss 0.6188, time 21.01ms, mfu 18.22%
iter 6990: loss 0.6544, time 21.17ms, mfu 18.16%
step 7000: train loss 0.3775, val loss 1.9810
iter 7000: loss 0.6400, time 2060.70ms, mfu 16.36%
iter 7010: loss 0.6295, time 16.88ms, mfu 16.93%
iter 7020: loss 0.6465, time 16.65ms, mfu 17.48%
iter 7030: loss 0.6353, time 16.72ms, mfu 17.96%
iter 7040: loss 0.6486, time 16.83ms, mfu 18.38%
iter 7050: loss 0.6559, time 17.05ms, mfu 18.72%
iter 7060: loss 0.6317, time 16.67ms, mfu 19.09%
iter 7070: loss 0.6562, time 17.00ms, mfu 19.37%
iter 7080: loss 0.6219, time 16.82ms, mfu 19.65%
iter 7090: loss 0.6156, time 16.93ms, mfu 19.88%
iter 7100: loss 0.6398, time 16.97ms, mfu 20.09%
iter 7110: loss 0.6361, time 16.71ms, mfu 20.31%
iter 7120: loss 0.6138, time 16.86ms, mfu 20.49%
iter 7130: loss 0.6138, time 16.84ms, mfu 20.65%
iter 7140: loss 0.6109, time 16.86ms, mfu 20.80%
iter 7150: loss 0.6207, time 16.93ms, mfu 20.92%
iter 7160: loss 0.6248, time 16.97ms, mfu 21.02%
iter 7170: loss 0.6424, time 16.90ms, mfu 21.13%
iter 7180: loss 0.6210, time 16.99ms, mfu 21.21%
iter 7190: loss 0.6232, time 16.80ms, mfu 21.30%
iter 7200: loss 0.6307, time 16.88ms, mfu 21.38%
iter 7210: loss 0.6253, time 16.66ms, mfu 21.48%
iter 7220: loss 0.6306, time 16.97ms, mfu 21.53%
iter 7230: loss 0.6230, time 16.95ms, mfu 21.57%
iter 7240: loss 0.6280, time 16.89ms, mfu 21.62%
step 7250: train loss 0.3588, val loss 2.0180
iter 7250: loss 0.6169, time 2013.85ms, mfu 19.48%
iter 7260: loss 0.6300, time 16.08ms, mfu 19.85%
iter 7270: loss 0.6221, time 16.34ms, mfu 20.14%
iter 7280: loss 0.6315, time 16.09ms, mfu 20.44%
iter 7290: loss 0.6018, time 19.54ms, mfu 20.31%
iter 7300: loss 0.6152, time 19.50ms, mfu 20.19%
iter 7310: loss 0.6224, time 19.64ms, mfu 20.06%
iter 7320: loss 0.6218, time 23.10ms, mfu 19.67%
iter 7330: loss 0.6204, time 22.05ms, mfu 19.39%
iter 7340: loss 0.6184, time 21.90ms, mfu 19.16%
iter 7350: loss 0.6338, time 21.69ms, mfu 18.96%
iter 7360: loss 0.6205, time 21.97ms, mfu 18.76%
iter 7370: loss 0.6007, time 21.77ms, mfu 18.60%
iter 7380: loss 0.6123, time 21.90ms, mfu 18.44%
iter 7390: loss 0.6145, time 21.97ms, mfu 18.29%
iter 7400: loss 0.6354, time 21.77ms, mfu 18.17%
iter 7410: loss 0.6000, time 21.84ms, mfu 18.06%
iter 7420: loss 0.6234, time 21.79ms, mfu 17.96%
iter 7430: loss 0.5844, time 23.51ms, mfu 17.75%
iter 7440: loss 0.6045, time 23.52ms, mfu 17.56%
iter 7450: loss 0.5981, time 23.48ms, mfu 17.39%
iter 7460: loss 0.6068, time 23.09ms, mfu 17.27%
iter 7470: loss 0.6035, time 23.61ms, mfu 17.12%
iter 7480: loss 0.6093, time 23.25ms, mfu 17.01%
iter 7490: loss 0.5936, time 22.65ms, mfu 16.95%
step 7500: train loss 0.3376, val loss 2.0332
iter 7500: loss 0.5899, time 2049.32ms, mfu 15.28%
iter 7510: loss 0.5907, time 16.37ms, mfu 16.02%
iter 7520: loss 0.5994, time 16.40ms, mfu 16.69%
iter 7530: loss 0.6143, time 16.15ms, mfu 17.33%
iter 7540: loss 0.6040, time 16.07ms, mfu 17.92%
iter 7550: loss 0.6119, time 16.46ms, mfu 18.39%
iter 7560: loss 0.5937, time 16.22ms, mfu 18.85%
iter 7570: loss 0.5982, time 16.38ms, mfu 19.24%
iter 7580: loss 0.6010, time 16.17ms, mfu 19.62%
iter 7590: loss 0.6127, time 16.42ms, mfu 19.93%
iter 7600: loss 0.6000, time 16.26ms, mfu 20.23%
iter 7610: loss 0.6015, time 16.11ms, mfu 20.52%
iter 7620: loss 0.6043, time 16.19ms, mfu 20.77%
iter 7630: loss 0.6202, time 16.55ms, mfu 20.94%
iter 7640: loss 0.5803, time 16.17ms, mfu 21.15%
iter 7650: loss 0.5930, time 16.15ms, mfu 21.34%
iter 7660: loss 0.6050, time 19.08ms, mfu 21.16%
iter 7670: loss 0.6008, time 16.39ms, mfu 21.32%
iter 7680: loss 0.5902, time 16.28ms, mfu 21.48%
iter 7690: loss 0.5768, time 16.12ms, mfu 21.64%
iter 7700: loss 0.5996, time 16.26ms, mfu 21.77%
iter 7710: loss 0.5839, time 16.41ms, mfu 21.86%
iter 7720: loss 0.6112, time 16.30ms, mfu 21.96%
iter 7730: loss 0.6130, time 16.14ms, mfu 22.07%
iter 7740: loss 0.6024, time 16.40ms, mfu 22.14%
step 7750: train loss 0.3145, val loss 2.0874
iter 7750: loss 0.5922, time 2019.05ms, mfu 19.94%
iter 7760: loss 0.5647, time 16.32ms, mfu 20.23%
iter 7770: loss 0.6020, time 16.06ms, mfu 20.53%
iter 7780: loss 0.5916, time 16.30ms, mfu 20.76%
iter 7790: loss 0.5927, time 16.13ms, mfu 21.00%
iter 7800: loss 0.5759, time 16.08ms, mfu 21.21%
iter 7810: loss 0.5911, time 16.11ms, mfu 21.41%
iter 7820: loss 0.5741, time 16.36ms, mfu 21.54%
iter 7830: loss 0.5819, time 16.14ms, mfu 21.70%
iter 7840: loss 0.5910, time 16.11ms, mfu 21.84%
iter 7850: loss 0.5882, time 16.36ms, mfu 21.93%
iter 7860: loss 0.5718, time 16.12ms, mfu 22.05%
iter 7870: loss 0.5822, time 16.09ms, mfu 22.16%
iter 7880: loss 0.5994, time 16.16ms, mfu 22.25%
iter 7890: loss 0.5689, time 16.14ms, mfu 22.33%
iter 7900: loss 0.5844, time 15.99ms, mfu 22.43%
iter 7910: loss 0.5724, time 16.09ms, mfu 22.50%
iter 7920: loss 0.5785, time 16.05ms, mfu 22.58%
iter 7930: loss 0.5706, time 16.42ms, mfu 22.59%
iter 7940: loss 0.5671, time 16.42ms, mfu 22.60%
iter 7950: loss 0.5799, time 16.09ms, mfu 22.65%
iter 7960: loss 0.5963, time 16.08ms, mfu 22.71%
iter 7970: loss 0.5882, time 16.12ms, mfu 22.75%
iter 7980: loss 0.5765, time 15.97ms, mfu 22.81%
iter 7990: loss 0.6057, time 16.23ms, mfu 22.82%
step 8000: train loss 0.2966, val loss 2.1134
iter 8000: loss 0.5618, time 2025.18ms, mfu 20.56%
iter 8010: loss 0.5532, time 16.16ms, mfu 20.81%
iter 8020: loss 0.5778, time 16.25ms, mfu 21.02%
iter 8030: loss 0.5522, time 16.32ms, mfu 21.20%
iter 8040: loss 0.5694, time 16.40ms, mfu 21.35%
iter 8050: loss 0.5557, time 16.19ms, mfu 21.52%
iter 8060: loss 0.5560, time 16.10ms, mfu 21.68%
iter 8070: loss 0.5437, time 16.39ms, mfu 21.79%
iter 8080: loss 0.5703, time 16.21ms, mfu 21.91%
iter 8090: loss 0.5786, time 16.08ms, mfu 22.03%
iter 8100: loss 0.5763, time 16.30ms, mfu 22.12%
iter 8110: loss 0.5599, time 16.41ms, mfu 22.18%
iter 8120: loss 0.5680, time 16.36ms, mfu 22.24%
iter 8130: loss 0.5685, time 16.66ms, mfu 22.25%
iter 8140: loss 0.5644, time 16.07ms, mfu 22.34%
iter 8150: loss 0.5396, time 16.12ms, mfu 22.42%
iter 8160: loss 0.5748, time 16.10ms, mfu 22.49%
iter 8170: loss 0.5581, time 16.51ms, mfu 22.50%
iter 8180: loss 0.5623, time 16.42ms, mfu 22.52%
iter 8190: loss 0.5511, time 16.42ms, mfu 22.54%
iter 8200: loss 0.5584, time 16.08ms, mfu 22.60%
iter 8210: loss 0.5877, time 16.18ms, mfu 22.64%
iter 8220: loss 0.5553, time 16.46ms, mfu 22.64%
iter 8230: loss 0.5442, time 16.45ms, mfu 22.64%
iter 8240: loss 0.5451, time 16.46ms, mfu 22.64%
step 8250: train loss 0.2800, val loss 2.1360
iter 8250: loss 0.5676, time 1848.94ms, mfu 20.40%
iter 8260: loss 0.5714, time 12.31ms, mfu 21.39%
iter 8270: loss 0.5731, time 12.29ms, mfu 22.28%
iter 8280: loss 0.5590, time 12.25ms, mfu 23.09%
iter 8290: loss 0.5552, time 12.43ms, mfu 23.78%
iter 8300: loss 0.5553, time 12.32ms, mfu 24.43%
iter 8310: loss 0.5481, time 12.37ms, mfu 25.00%
iter 8320: loss 0.5529, time 12.33ms, mfu 25.52%
iter 8330: loss 0.5473, time 12.25ms, mfu 26.01%
iter 8340: loss 0.5466, time 12.23ms, mfu 26.45%
iter 8350: loss 0.5390, time 12.30ms, mfu 26.84%
iter 8360: loss 0.5435, time 12.28ms, mfu 27.19%
iter 8370: loss 0.5646, time 12.27ms, mfu 27.50%
iter 8380: loss 0.5581, time 12.41ms, mfu 27.76%
iter 8390: loss 0.5299, time 12.41ms, mfu 27.98%
iter 8400: loss 0.5532, time 12.39ms, mfu 28.19%
iter 8410: loss 0.5623, time 12.39ms, mfu 28.38%
iter 8420: loss 0.5474, time 12.43ms, mfu 28.54%
iter 8430: loss 0.5415, time 12.71ms, mfu 28.62%
iter 8440: loss 0.5364, time 12.60ms, mfu 28.71%
iter 8450: loss 0.5381, time 12.62ms, mfu 28.79%
iter 8460: loss 0.5531, time 12.53ms, mfu 28.89%
iter 8470: loss 0.5336, time 12.58ms, mfu 28.96%
iter 8480: loss 0.5198, time 12.45ms, mfu 29.06%
iter 8490: loss 0.5446, time 12.54ms, mfu 29.12%
step 8500: train loss 0.2625, val loss 2.1651
iter 8500: loss 0.5504, time 1453.55ms, mfu 26.24%
iter 8510: loss 0.5568, time 12.58ms, mfu 26.58%
iter 8520: loss 0.5568, time 12.48ms, mfu 26.90%
iter 8530: loss 0.5422, time 12.51ms, mfu 27.19%
iter 8540: loss 0.5198, time 12.49ms, mfu 27.46%
iter 8550: loss 0.5383, time 12.55ms, mfu 27.68%
iter 8560: loss 0.5358, time 12.56ms, mfu 27.88%
iter 8570: loss 0.5461, time 12.39ms, mfu 28.10%
iter 8580: loss 0.5163, time 12.54ms, mfu 28.26%
iter 8590: loss 0.5288, time 12.57ms, mfu 28.40%
iter 8600: loss 0.5263, time 12.42ms, mfu 28.56%
iter 8610: loss 0.5460, time 12.59ms, mfu 28.66%
iter 8620: loss 0.5373, time 12.47ms, mfu 28.78%
iter 8630: loss 0.5389, time 12.45ms, mfu 28.90%
iter 8640: loss 0.5176, time 12.45ms, mfu 29.00%
iter 8650: loss 0.5394, time 12.46ms, mfu 29.09%
iter 8660: loss 0.5321, time 12.47ms, mfu 29.17%
iter 8670: loss 0.5169, time 12.43ms, mfu 29.25%
iter 8680: loss 0.5256, time 12.63ms, mfu 29.28%
iter 8690: loss 0.5214, time 12.52ms, mfu 29.33%
iter 8700: loss 0.5320, time 12.36ms, mfu 29.41%
iter 8710: loss 0.5494, time 12.41ms, mfu 29.47%
iter 8720: loss 0.5230, time 12.52ms, mfu 29.50%
iter 8730: loss 0.5239, time 12.54ms, mfu 29.52%
iter 8740: loss 0.5298, time 12.55ms, mfu 29.54%
step 8750: train loss 0.2500, val loss 2.1910
iter 8750: loss 0.4950, time 1455.62ms, mfu 26.61%
iter 8760: loss 0.5153, time 12.25ms, mfu 26.99%
iter 8770: loss 0.5190, time 12.32ms, mfu 27.32%
iter 8780: loss 0.5110, time 12.28ms, mfu 27.62%
iter 8790: loss 0.5204, time 12.34ms, mfu 27.88%
iter 8800: loss 0.5201, time 12.32ms, mfu 28.11%
iter 8810: loss 0.5292, time 12.41ms, mfu 28.31%
iter 8820: loss 0.5180, time 12.40ms, mfu 28.48%
iter 8830: loss 0.5358, time 12.41ms, mfu 28.64%
iter 8840: loss 0.5264, time 22.07ms, mfu 27.46%
iter 8850: loss 0.5135, time 22.28ms, mfu 26.39%
iter 8860: loss 0.5132, time 24.65ms, mfu 25.26%
iter 8870: loss 0.5319, time 23.67ms, mfu 24.31%
iter 8880: loss 0.5306, time 23.21ms, mfu 23.48%
iter 8890: loss 0.5064, time 23.43ms, mfu 22.72%
iter 8900: loss 0.5317, time 23.30ms, mfu 22.05%
iter 8910: loss 0.5277, time 23.44ms, mfu 21.44%
iter 8920: loss 0.5333, time 23.10ms, mfu 20.91%
iter 8930: loss 0.5153, time 23.66ms, mfu 20.39%
iter 8940: loss 0.5152, time 23.45ms, mfu 19.94%
iter 8950: loss 0.5224, time 23.33ms, mfu 19.54%
iter 8960: loss 0.5168, time 23.43ms, mfu 19.18%
iter 8970: loss 0.5178, time 23.28ms, mfu 18.86%
iter 8980: loss 0.5166, time 23.54ms, mfu 18.56%
iter 8990: loss 0.5079, time 23.59ms, mfu 18.28%
step 9000: train loss 0.2373, val loss 2.2316
iter 9000: loss 0.5130, time 1539.15ms, mfu 16.48%
iter 9010: loss 0.5198, time 12.48ms, mfu 17.82%
iter 9020: loss 0.5185, time 12.46ms, mfu 19.03%
iter 9030: loss 0.5295, time 12.39ms, mfu 20.13%
iter 9040: loss 0.4931, time 12.43ms, mfu 21.12%
iter 9050: loss 0.4935, time 12.48ms, mfu 21.99%
iter 9060: loss 0.5120, time 12.36ms, mfu 22.81%
iter 9070: loss 0.4963, time 12.31ms, mfu 23.55%
iter 9080: loss 0.5085, time 12.25ms, mfu 24.24%
iter 9090: loss 0.5150, time 12.24ms, mfu 24.86%
iter 9100: loss 0.5259, time 12.25ms, mfu 25.42%
iter 9110: loss 0.5063, time 12.39ms, mfu 25.88%
iter 9120: loss 0.5120, time 12.44ms, mfu 26.29%
iter 9130: loss 0.4872, time 12.42ms, mfu 26.66%
iter 9140: loss 0.4994, time 12.45ms, mfu 26.99%
iter 9150: loss 0.4833, time 12.29ms, mfu 27.32%
iter 9160: loss 0.5073, time 12.25ms, mfu 27.63%
iter 9170: loss 0.4944, time 12.23ms, mfu 27.91%
iter 9180: loss 0.5149, time 12.24ms, mfu 28.17%
iter 9190: loss 0.4971, time 12.27ms, mfu 28.39%
iter 9200: loss 0.4834, time 12.37ms, mfu 28.56%
iter 9210: loss 0.4915, time 12.33ms, mfu 28.72%
iter 9220: loss 0.4816, time 12.37ms, mfu 28.87%
iter 9230: loss 0.4930, time 12.46ms, mfu 28.97%
iter 9240: loss 0.4931, time 12.41ms, mfu 29.08%
step 9250: train loss 0.2226, val loss 2.2711
iter 9250: loss 0.4827, time 1447.12ms, mfu 26.19%
iter 9260: loss 0.5043, time 12.39ms, mfu 26.58%
iter 9270: loss 0.5060, time 12.29ms, mfu 26.96%
iter 9280: loss 0.5053, time 12.25ms, mfu 27.30%
iter 9290: loss 0.4983, time 12.34ms, mfu 27.59%
iter 9300: loss 0.4928, time 12.32ms, mfu 27.86%
iter 9310: loss 0.5056, time 12.37ms, mfu 28.08%
iter 9320: loss 0.4831, time 12.38ms, mfu 28.28%
iter 9330: loss 0.4859, time 12.53ms, mfu 28.43%
iter 9340: loss 0.4852, time 12.54ms, mfu 28.56%
iter 9350: loss 0.4891, time 12.56ms, mfu 28.67%
iter 9360: loss 0.5039, time 12.45ms, mfu 28.80%
iter 9370: loss 0.4907, time 12.61ms, mfu 28.87%
iter 9380: loss 0.4924, time 12.49ms, mfu 28.97%
iter 9390: loss 0.4972, time 12.48ms, mfu 29.05%
iter 9400: loss 0.4911, time 12.54ms, mfu 29.12%
iter 9410: loss 0.4824, time 12.48ms, mfu 29.19%
iter 9420: loss 0.5014, time 12.38ms, mfu 29.28%
iter 9430: loss 0.4981, time 12.37ms, mfu 29.37%
iter 9440: loss 0.4697, time 12.48ms, mfu 29.41%
iter 9450: loss 0.4971, time 12.52ms, mfu 29.45%
iter 9460: loss 0.4743, time 12.60ms, mfu 29.46%
iter 9470: loss 0.5030, time 12.53ms, mfu 29.49%
iter 9480: loss 0.4800, time 12.67ms, mfu 29.48%
iter 9490: loss 0.4984, time 12.45ms, mfu 29.53%
step 9500: train loss 0.2145, val loss 2.2724
iter 9500: loss 0.4826, time 1452.08ms, mfu 26.60%
iter 9510: loss 0.4822, time 12.55ms, mfu 26.91%
iter 9520: loss 0.4841, time 12.36ms, mfu 27.23%
iter 9530: loss 0.4783, time 12.29ms, mfu 27.54%
iter 9540: loss 0.4726, time 12.29ms, mfu 27.82%
iter 9550: loss 0.4875, time 12.27ms, mfu 28.07%
iter 9560: loss 0.4764, time 12.27ms, mfu 28.30%
iter 9570: loss 0.4821, time 12.21ms, mfu 28.53%
iter 9580: loss 0.4596, time 12.25ms, mfu 28.71%
iter 9590: loss 0.4611, time 12.41ms, mfu 28.84%
iter 9600: loss 0.4877, time 12.41ms, mfu 28.96%
iter 9610: loss 0.4629, time 12.47ms, mfu 29.05%
iter 9620: loss 0.4808, time 12.45ms, mfu 29.14%
iter 9630: loss 0.4719, time 12.37ms, mfu 29.24%
iter 9640: loss 0.4797, time 12.37ms, mfu 29.33%
iter 9650: loss 0.4514, time 12.48ms, mfu 29.38%
iter 9660: loss 0.4744, time 13.36ms, mfu 29.23%
iter 9670: loss 0.4655, time 21.87ms, mfu 28.01%
iter 9680: loss 0.4909, time 21.86ms, mfu 26.92%
iter 9690: loss 0.4673, time 21.75ms, mfu 25.94%
iter 9700: loss 0.4699, time 21.82ms, mfu 25.05%
iter 9710: loss 0.5018, time 21.76ms, mfu 24.26%
iter 9720: loss 0.4717, time 21.54ms, mfu 23.56%
iter 9730: loss 0.4717, time 21.52ms, mfu 22.94%
iter 9740: loss 0.4677, time 21.82ms, mfu 22.35%
step 9750: train loss 0.1987, val loss 2.3082
iter 9750: loss 0.4875, time 1529.83ms, mfu 20.14%
iter 9760: loss 0.4698, time 12.27ms, mfu 21.16%
iter 9770: loss 0.4684, time 12.27ms, mfu 22.08%
iter 9780: loss 0.4664, time 12.27ms, mfu 22.91%
iter 9790: loss 0.4800, time 12.30ms, mfu 23.65%
iter 9800: loss 0.4676, time 12.18ms, mfu 24.35%
iter 9810: loss 0.4840, time 12.17ms, mfu 24.97%
iter 9820: loss 0.4613, time 12.41ms, mfu 25.48%
iter 9830: loss 0.4710, time 12.43ms, mfu 25.93%
iter 9840: loss 0.4808, time 12.44ms, mfu 26.33%
iter 9850: loss 0.4471, time 12.37ms, mfu 26.71%
iter 9860: loss 0.4882, time 12.26ms, mfu 27.08%
iter 9870: loss 0.4701, time 12.26ms, mfu 27.41%
iter 9880: loss 0.4769, time 12.34ms, mfu 27.69%
iter 9890: loss 0.4643, time 12.26ms, mfu 27.96%
iter 9900: loss 0.4581, time 12.23ms, mfu 28.21%
iter 9910: loss 0.4729, time 12.40ms, mfu 28.39%
iter 9920: loss 0.4640, time 12.40ms, mfu 28.56%
iter 9930: loss 0.4735, time 12.45ms, mfu 28.70%
iter 9940: loss 0.4713, time 12.49ms, mfu 28.81%
iter 9950: loss 0.4798, time 12.17ms, mfu 28.99%
iter 9960: loss 0.4609, time 12.20ms, mfu 29.15%
iter 9970: loss 0.4624, time 12.27ms, mfu 29.27%
iter 9980: loss 0.4571, time 12.41ms, mfu 29.34%
iter 9990: loss 0.4687, time 12.28ms, mfu 29.44%
step 10000: train loss 0.1897, val loss 2.3366
iter 10000: loss 0.4652, time 1452.77ms, mfu 26.52%
iter 10010: loss 0.4572, time 12.25ms, mfu 26.92%
iter 10020: loss 0.4724, time 12.41ms, mfu 27.23%
iter 10030: loss 0.4659, time 12.37ms, mfu 27.52%
iter 10040: loss 0.4425, time 12.79ms, mfu 27.68%
iter 10050: loss 0.4560, time 12.40ms, mfu 27.92%
iter 10060: loss 0.4434, time 12.59ms, mfu 28.08%
iter 10070: loss 0.4422, time 12.46ms, mfu 28.27%
iter 10080: loss 0.4712, time 12.39ms, mfu 28.45%
iter 10090: loss 0.4501, time 12.43ms, mfu 28.60%
iter 10100: loss 0.4479, time 12.29ms, mfu 28.77%
iter 10110: loss 0.4626, time 12.26ms, mfu 28.93%
iter 10120: loss 0.4399, time 12.23ms, mfu 29.09%
iter 10130: loss 0.4554, time 12.26ms, mfu 29.22%
iter 10140: loss 0.4718, time 12.30ms, mfu 29.33%
iter 10150: loss 0.4626, time 12.34ms, mfu 29.41%
iter 10160: loss 0.4622, time 12.36ms, mfu 29.49%
iter 10170: loss 0.4649, time 12.26ms, mfu 29.58%
iter 10180: loss 0.4558, time 12.33ms, mfu 29.64%
iter 10190: loss 0.4659, time 12.46ms, mfu 29.67%
iter 10200: loss 0.4475, time 12.40ms, mfu 29.71%
iter 10210: loss 0.4409, time 12.45ms, mfu 29.73%
iter 10220: loss 0.4500, time 12.32ms, mfu 29.78%
iter 10230: loss 0.4412, time 12.32ms, mfu 29.83%
iter 10240: loss 0.4556, time 12.24ms, mfu 29.89%
step 10250: train loss 0.1794, val loss 2.3780
iter 10250: loss 0.4728, time 1450.29ms, mfu 26.93%
iter 10260: loss 0.4464, time 12.54ms, mfu 27.20%
iter 10270: loss 0.4415, time 12.44ms, mfu 27.48%
iter 10280: loss 0.4426, time 12.40ms, mfu 27.74%
iter 10290: loss 0.4455, time 12.40ms, mfu 27.97%
iter 10300: loss 0.4329, time 12.39ms, mfu 28.18%
iter 10310: loss 0.4518, time 12.43ms, mfu 28.36%
iter 10320: loss 0.4445, time 12.24ms, mfu 28.57%
iter 10330: loss 0.4439, time 12.25ms, mfu 28.75%
iter 10340: loss 0.4425, time 12.33ms, mfu 28.90%
iter 10350: loss 0.4478, time 12.39ms, mfu 29.02%
iter 10360: loss 0.4381, time 12.36ms, mfu 29.13%
iter 10370: loss 0.4534, time 12.36ms, mfu 29.23%
iter 10380: loss 0.4539, time 12.34ms, mfu 29.33%
iter 10390: loss 0.4577, time 12.33ms, mfu 29.42%
iter 10400: loss 0.4453, time 12.29ms, mfu 29.51%
iter 10410: loss 0.4495, time 12.34ms, mfu 29.58%
iter 10420: loss 0.4621, time 12.32ms, mfu 29.64%
iter 10430: loss 0.4447, time 12.34ms, mfu 29.70%
iter 10440: loss 0.4433, time 12.34ms, mfu 29.75%
iter 10450: loss 0.4450, time 12.41ms, mfu 29.78%
iter 10460: loss 0.4337, time 12.46ms, mfu 29.79%
iter 10470: loss 0.4301, time 12.44ms, mfu 29.80%
iter 10480: loss 0.4319, time 12.45ms, mfu 29.82%
iter 10490: loss 0.4299, time 12.51ms, mfu 29.81%
step 10500: train loss 0.1721, val loss 2.3979
iter 10500: loss 0.4313, time 1456.16ms, mfu 26.86%
iter 10510: loss 0.4226, time 12.57ms, mfu 27.14%
iter 10520: loss 0.4133, time 12.47ms, mfu 27.41%
iter 10530: loss 0.4361, time 12.48ms, mfu 27.66%
iter 10540: loss 0.4433, time 12.53ms, mfu 27.86%
iter 10550: loss 0.4280, time 12.54ms, mfu 28.05%
iter 10560: loss 0.4302, time 12.41ms, mfu 28.25%
iter 10570: loss 0.4238, time 12.33ms, mfu 28.44%
iter 10580: loss 0.4245, time 12.44ms, mfu 28.60%
iter 10590: loss 0.4412, time 12.42ms, mfu 28.74%
iter 10600: loss 0.4379, time 12.39ms, mfu 28.87%
iter 10610: loss 0.4437, time 21.60ms, mfu 27.71%
iter 10620: loss 0.4570, time 21.92ms, mfu 26.64%
iter 10630: loss 0.4390, time 21.65ms, mfu 25.70%
iter 10640: loss 0.4130, time 21.54ms, mfu 24.86%
iter 10650: loss 0.4298, time 21.78ms, mfu 24.08%
iter 10660: loss 0.4330, time 21.60ms, mfu 23.40%
iter 10670: loss 0.4338, time 22.02ms, mfu 22.75%
iter 10680: loss 0.4282, time 21.67ms, mfu 22.20%
iter 10690: loss 0.4358, time 21.83ms, mfu 21.68%
iter 10700: loss 0.4283, time 21.89ms, mfu 21.22%
iter 10710: loss 0.4290, time 21.91ms, mfu 20.80%
iter 10720: loss 0.4368, time 21.62ms, mfu 20.44%
iter 10730: loss 0.4448, time 21.88ms, mfu 20.10%
iter 10740: loss 0.4212, time 21.57ms, mfu 19.82%
step 10750: train loss 0.1648, val loss 2.4113
iter 10750: loss 0.4463, time 1906.35ms, mfu 17.85%
iter 10760: loss 0.4314, time 14.64ms, mfu 18.61%
iter 10770: loss 0.4075, time 14.71ms, mfu 19.29%
iter 10780: loss 0.4273, time 14.52ms, mfu 19.92%
iter 10790: loss 0.4251, time 14.51ms, mfu 20.50%
iter 10800: loss 0.4322, time 14.67ms, mfu 20.99%
iter 10810: loss 0.4146, time 14.43ms, mfu 21.47%
iter 10820: loss 0.4160, time 14.62ms, mfu 21.87%
iter 10830: loss 0.4354, time 14.45ms, mfu 22.26%
iter 10840: loss 0.4377, time 14.48ms, mfu 22.61%
iter 10850: loss 0.4077, time 14.70ms, mfu 22.89%
iter 10860: loss 0.4238, time 14.74ms, mfu 23.12%
iter 10870: loss 0.4183, time 14.63ms, mfu 23.36%
iter 10880: loss 0.4329, time 14.60ms, mfu 23.58%
iter 10890: loss 0.4182, time 14.57ms, mfu 23.78%
iter 10900: loss 0.4247, time 14.75ms, mfu 23.92%
iter 10910: loss 0.4269, time 14.77ms, mfu 24.05%
iter 10920: loss 0.4036, time 14.78ms, mfu 24.17%
iter 10930: loss 0.4134, time 14.57ms, mfu 24.31%
iter 10940: loss 0.4153, time 14.64ms, mfu 24.42%
iter 10950: loss 0.4074, time 14.74ms, mfu 24.51%
iter 10960: loss 0.4119, time 15.14ms, mfu 24.52%
iter 10970: loss 0.4124, time 14.78ms, mfu 24.59%
iter 10980: loss 0.4102, time 14.91ms, mfu 24.63%
iter 10990: loss 0.4111, time 14.68ms, mfu 24.70%
step 11000: train loss 0.1566, val loss 2.4483
iter 11000: loss 0.4069, time 1858.40ms, mfu 22.25%
iter 11010: loss 0.4214, time 14.65ms, mfu 22.57%
iter 11020: loss 0.4280, time 18.90ms, mfu 22.29%
iter 11030: loss 0.4332, time 18.61ms, mfu 22.06%
iter 11040: loss 0.4102, time 18.47ms, mfu 21.87%
iter 11050: loss 0.4116, time 18.43ms, mfu 21.71%
iter 11060: loss 0.4145, time 18.50ms, mfu 21.55%
iter 11070: loss 0.4081, time 18.64ms, mfu 21.39%
iter 11080: loss 0.3989, time 18.57ms, mfu 21.26%
iter 11090: loss 0.4082, time 18.41ms, mfu 21.16%
iter 11100: loss 0.4140, time 18.64ms, mfu 21.04%
iter 11110: loss 0.4093, time 18.78ms, mfu 20.92%
iter 11120: loss 0.4221, time 18.47ms, mfu 20.85%
iter 11130: loss 0.4025, time 18.59ms, mfu 20.77%
iter 11140: loss 0.4147, time 18.49ms, mfu 20.70%
iter 11150: loss 0.4071, time 18.49ms, mfu 20.65%
iter 11160: loss 0.4106, time 18.69ms, mfu 20.58%
iter 11170: loss 0.4104, time 18.67ms, mfu 20.52%
iter 11180: loss 0.4119, time 18.95ms, mfu 20.43%
iter 11190: loss 0.4133, time 18.85ms, mfu 20.36%
iter 11200: loss 0.4136, time 18.93ms, mfu 20.30%
iter 11210: loss 0.4137, time 18.88ms, mfu 20.24%
iter 11220: loss 0.4046, time 22.15ms, mfu 19.90%
iter 11230: loss 0.4083, time 21.93ms, mfu 19.61%
iter 11240: loss 0.4080, time 22.08ms, mfu 19.33%
step 11250: train loss 0.1516, val loss 2.4661
iter 11250: loss 0.4257, time 1836.23ms, mfu 17.42%
iter 11260: loss 0.4120, time 12.52ms, mfu 18.66%
iter 11270: loss 0.4005, time 12.62ms, mfu 19.74%
iter 11280: loss 0.3990, time 12.56ms, mfu 20.73%
iter 11290: loss 0.4089, time 12.40ms, mfu 21.67%
iter 11300: loss 0.4127, time 12.36ms, mfu 22.51%
iter 11310: loss 0.4013, time 12.42ms, mfu 23.26%
iter 11320: loss 0.4018, time 12.38ms, mfu 23.95%
iter 11330: loss 0.4021, time 12.39ms, mfu 24.56%
iter 11340: loss 0.4128, time 12.41ms, mfu 25.11%
iter 11350: loss 0.3940, time 12.56ms, mfu 25.56%
iter 11360: loss 0.4016, time 12.59ms, mfu 25.97%
iter 11370: loss 0.3985, time 12.61ms, mfu 26.33%
iter 11380: loss 0.4228, time 12.44ms, mfu 26.69%
iter 11390: loss 0.3968, time 12.45ms, mfu 27.01%
iter 11400: loss 0.4004, time 12.54ms, mfu 27.28%
iter 11410: loss 0.4019, time 12.49ms, mfu 27.54%
iter 11420: loss 0.3956, time 12.42ms, mfu 27.78%
iter 11430: loss 0.4054, time 12.60ms, mfu 27.96%
iter 11440: loss 0.3885, time 12.58ms, mfu 28.13%
iter 11450: loss 0.4004, time 12.51ms, mfu 28.30%
iter 11460: loss 0.4315, time 12.50ms, mfu 28.45%
iter 11470: loss 0.3970, time 12.48ms, mfu 28.59%
iter 11480: loss 0.4067, time 12.43ms, mfu 28.73%
iter 11490: loss 0.4129, time 12.36ms, mfu 28.87%
step 11500: train loss 0.1454, val loss 2.5001
iter 11500: loss 0.4004, time 1451.14ms, mfu 26.01%
iter 11510: loss 0.4026, time 12.65ms, mfu 26.35%
iter 11520: loss 0.4039, time 12.46ms, mfu 26.71%
iter 11530: loss 0.3867, time 12.53ms, mfu 27.01%
iter 11540: loss 0.3872, time 12.64ms, mfu 27.26%
iter 11550: loss 0.4035, time 12.56ms, mfu 27.50%
iter 11560: loss 0.3935, time 12.45ms, mfu 27.74%
iter 11570: loss 0.3872, time 12.42ms, mfu 27.97%
iter 11580: loss 0.3920, time 12.36ms, mfu 28.19%
iter 11590: loss 0.3861, time 12.35ms, mfu 28.39%
iter 11600: loss 0.4072, time 12.39ms, mfu 28.55%
iter 11610: loss 0.4066, time 12.34ms, mfu 28.72%
iter 11620: loss 0.4005, time 12.49ms, mfu 28.83%
iter 11630: loss 0.4012, time 12.22ms, mfu 29.00%
iter 11640: loss 0.3914, time 12.35ms, mfu 29.11%
iter 11650: loss 0.3926, time 12.36ms, mfu 29.22%
iter 11660: loss 0.3821, time 12.37ms, mfu 29.31%
iter 11670: loss 0.3943, time 12.41ms, mfu 29.38%
iter 11680: loss 0.3857, time 12.46ms, mfu 29.43%
iter 11690: loss 0.3953, time 12.53ms, mfu 29.46%
iter 11700: loss 0.3860, time 12.55ms, mfu 29.49%
iter 11710: loss 0.3921, time 12.44ms, mfu 29.53%
iter 11720: loss 0.4075, time 12.27ms, mfu 29.62%
iter 11730: loss 0.3943, time 12.42ms, mfu 29.65%
iter 11740: loss 0.3788, time 12.26ms, mfu 29.73%
step 11750: train loss 0.1404, val loss 2.5144
iter 11750: loss 0.3825, time 1964.61ms, mfu 26.77%
iter 11760: loss 0.3868, time 16.14ms, mfu 26.41%
iter 11770: loss 0.3991, time 16.15ms, mfu 26.07%
iter 11780: loss 0.3790, time 16.34ms, mfu 25.75%
iter 11790: loss 0.3912, time 16.29ms, mfu 25.46%
iter 11800: loss 0.3850, time 16.34ms, mfu 25.19%
iter 11810: loss 0.3842, time 16.34ms, mfu 24.95%
iter 11820: loss 0.4055, time 16.18ms, mfu 24.76%
iter 11830: loss 0.3834, time 16.03ms, mfu 24.61%
iter 11840: loss 0.3875, time 16.12ms, mfu 24.46%
iter 11850: loss 0.3816, time 16.33ms, mfu 24.30%
iter 11860: loss 0.3776, time 16.49ms, mfu 24.13%
iter 11870: loss 0.3692, time 16.27ms, mfu 24.00%
iter 11880: loss 0.3942, time 16.16ms, mfu 23.91%
iter 11890: loss 0.3858, time 16.15ms, mfu 23.82%
iter 11900: loss 0.3813, time 16.27ms, mfu 23.73%
iter 11910: loss 0.4034, time 16.38ms, mfu 23.63%
iter 11920: loss 0.3966, time 16.39ms, mfu 23.55%
iter 11930: loss 0.3814, time 16.11ms, mfu 23.50%
iter 11940: loss 0.3834, time 16.11ms, mfu 23.47%
iter 11950: loss 0.4010, time 16.17ms, mfu 23.42%
iter 11960: loss 0.3720, time 16.14ms, mfu 23.39%
iter 11970: loss 0.3675, time 16.31ms, mfu 23.34%
iter 11980: loss 0.3891, time 16.30ms, mfu 23.29%
iter 11990: loss 0.3803, time 16.10ms, mfu 23.27%
step 12000: train loss 0.1355, val loss 2.5433
iter 12000: loss 0.3806, time 2035.56ms, mfu 20.96%
iter 12010: loss 0.3713, time 16.14ms, mfu 21.18%
iter 12020: loss 0.3854, time 19.31ms, mfu 20.99%
iter 12030: loss 0.3723, time 19.53ms, mfu 20.80%
iter 12040: loss 0.3845, time 19.21ms, mfu 20.66%
iter 12050: loss 0.3762, time 19.39ms, mfu 20.51%
iter 12060: loss 0.4008, time 19.07ms, mfu 20.42%
iter 12070: loss 0.3870, time 19.60ms, mfu 20.28%
iter 12080: loss 0.3673, time 19.20ms, mfu 20.19%
iter 12090: loss 0.3905, time 19.45ms, mfu 20.09%
iter 12100: loss 0.3747, time 19.17ms, mfu 20.02%
iter 12110: loss 0.3849, time 20.97ms, mfu 19.80%
iter 12120: loss 0.3886, time 20.73ms, mfu 19.62%
iter 12130: loss 0.3715, time 20.57ms, mfu 19.46%
iter 12140: loss 0.3769, time 21.04ms, mfu 19.29%
iter 12150: loss 0.3823, time 20.94ms, mfu 19.14%
iter 12160: loss 0.3890, time 20.90ms, mfu 19.01%
iter 12170: loss 0.3758, time 21.09ms, mfu 18.87%
iter 12180: loss 0.3625, time 20.60ms, mfu 18.80%
iter 12190: loss 0.3671, time 20.59ms, mfu 18.73%
iter 12200: loss 0.3810, time 20.50ms, mfu 18.67%
iter 12210: loss 0.3631, time 20.70ms, mfu 18.60%
iter 12220: loss 0.3667, time 20.94ms, mfu 18.52%
iter 12230: loss 0.3768, time 20.86ms, mfu 18.46%
iter 12240: loss 0.3845, time 20.79ms, mfu 18.40%
step 12250: train loss 0.1322, val loss 2.5491
iter 12250: loss 0.3789, time 2049.93ms, mfu 16.58%
iter 12260: loss 0.3676, time 16.63ms, mfu 17.16%
iter 12270: loss 0.3950, time 16.16ms, mfu 17.75%
iter 12280: loss 0.3554, time 17.06ms, mfu 18.16%
iter 12290: loss 0.3690, time 16.09ms, mfu 18.66%
iter 12300: loss 0.3615, time 16.19ms, mfu 19.10%
iter 12310: loss 0.3743, time 16.11ms, mfu 19.50%
iter 12320: loss 0.3762, time 16.30ms, mfu 19.84%
iter 12330: loss 0.3725, time 16.12ms, mfu 20.16%
iter 12340: loss 0.3678, time 16.37ms, mfu 20.43%
iter 12350: loss 0.3701, time 16.09ms, mfu 20.70%
iter 12360: loss 0.3712, time 16.33ms, mfu 20.91%
iter 12370: loss 0.3714, time 16.17ms, mfu 21.12%
iter 12380: loss 0.3791, time 16.05ms, mfu 21.33%
iter 12390: loss 0.3765, time 16.29ms, mfu 21.49%
iter 12400: loss 0.3852, time 16.07ms, mfu 21.66%
iter 12410: loss 0.3725, time 16.22ms, mfu 21.79%
iter 12420: loss 0.3678, time 16.12ms, mfu 21.92%
iter 12430: loss 0.3670, time 16.47ms, mfu 21.99%
iter 12440: loss 0.3836, time 16.21ms, mfu 22.09%
iter 12450: loss 0.3696, time 16.12ms, mfu 22.19%
iter 12460: loss 0.3699, time 16.31ms, mfu 22.26%
iter 12470: loss 0.3809, time 16.51ms, mfu 22.29%
iter 12480: loss 0.3643, time 16.37ms, mfu 22.34%
iter 12490: loss 0.3696, time 16.14ms, mfu 22.41%
step 12500: train loss 0.1285, val loss 2.5840
iter 12500: loss 0.3675, time 2028.67ms, mfu 20.19%
iter 12510: loss 0.3575, time 16.06ms, mfu 20.49%
iter 12520: loss 0.3821, time 16.50ms, mfu 20.70%
iter 12530: loss 0.3549, time 16.37ms, mfu 20.91%
iter 12540: loss 0.3680, time 15.98ms, mfu 21.15%
iter 12550: loss 0.3622, time 16.15ms, mfu 21.34%
iter 12560: loss 0.3694, time 16.31ms, mfu 21.49%
iter 12570: loss 0.3627, time 16.15ms, mfu 21.65%
iter 12580: loss 0.3664, time 16.08ms, mfu 21.80%
iter 12590: loss 0.3672, time 16.30ms, mfu 21.91%
iter 12600: loss 0.3728, time 16.04ms, mfu 22.04%
iter 12610: loss 0.3654, time 16.12ms, mfu 22.15%
iter 12620: loss 0.3637, time 16.42ms, mfu 22.20%
iter 12630: loss 0.3481, time 16.22ms, mfu 22.28%
iter 12640: loss 0.3589, time 16.39ms, mfu 22.32%
iter 12650: loss 0.3789, time 16.42ms, mfu 22.36%
iter 12660: loss 0.3639, time 16.22ms, mfu 22.42%
iter 12670: loss 0.3632, time 16.56ms, mfu 22.43%
iter 12680: loss 0.3671, time 16.15ms, mfu 22.49%
iter 12690: loss 0.3662, time 16.32ms, mfu 22.53%
iter 12700: loss 0.3708, time 16.04ms, mfu 22.60%
iter 12710: loss 0.3808, time 15.99ms, mfu 22.67%
iter 12720: loss 0.3646, time 16.14ms, mfu 22.71%
iter 12730: loss 0.3651, time 16.36ms, mfu 22.72%
iter 12740: loss 0.3737, time 16.17ms, mfu 22.75%
step 12750: train loss 0.1252, val loss 2.5954
iter 12750: loss 0.3678, time 2027.19ms, mfu 20.49%
iter 12760: loss 0.3732, time 16.26ms, mfu 20.73%
iter 12770: loss 0.3656, time 16.04ms, mfu 20.99%
iter 12780: loss 0.3658, time 16.07ms, mfu 21.20%
iter 12790: loss 0.3540, time 16.30ms, mfu 21.37%
iter 12800: loss 0.3514, time 16.06ms, mfu 21.55%
iter 12810: loss 0.3671, time 16.11ms, mfu 21.71%
iter 12820: loss 0.3646, time 16.25ms, mfu 21.83%
iter 12830: loss 0.3715, time 16.13ms, mfu 21.96%
iter 12840: loss 0.3407, time 16.47ms, mfu 22.03%
iter 12850: loss 0.3639, time 16.45ms, mfu 22.09%
iter 12860: loss 0.3656, time 16.11ms, mfu 22.19%
iter 12870: loss 0.3743, time 16.20ms, mfu 22.27%
iter 12880: loss 0.3558, time 16.49ms, mfu 22.31%
iter 12890: loss 0.3643, time 16.39ms, mfu 22.35%
iter 12900: loss 0.3576, time 16.09ms, mfu 22.43%
iter 12910: loss 0.3605, time 16.21ms, mfu 22.49%
iter 12920: loss 0.3535, time 13.90ms, mfu 22.92%
iter 12930: loss 0.3677, time 13.85ms, mfu 23.32%
iter 12940: loss 0.3604, time 14.18ms, mfu 23.61%
iter 12950: loss 0.3600, time 14.17ms, mfu 23.88%
iter 12960: loss 0.3457, time 14.02ms, mfu 24.15%
iter 12970: loss 0.3586, time 14.19ms, mfu 24.36%
iter 12980: loss 0.3788, time 14.20ms, mfu 24.55%
iter 12990: loss 0.3586, time 13.80ms, mfu 24.80%
step 13000: train loss 0.1217, val loss 2.6167
iter 13000: loss 0.3595, time 1456.96ms, mfu 22.34%
iter 13010: loss 0.3543, time 12.62ms, mfu 23.06%
iter 13020: loss 0.3557, time 12.57ms, mfu 23.72%
iter 13030: loss 0.3583, time 12.28ms, mfu 24.38%
iter 13040: loss 0.3523, time 12.21ms, mfu 25.00%
iter 13050: loss 0.3570, time 12.28ms, mfu 25.53%
iter 13060: loss 0.3601, time 12.24ms, mfu 26.02%
iter 13070: loss 0.3581, time 12.13ms, mfu 26.49%
iter 13080: loss 0.3582, time 12.21ms, mfu 26.89%
iter 13090: loss 0.3503, time 12.23ms, mfu 27.25%
iter 13100: loss 0.3606, time 12.21ms, mfu 27.58%
iter 13110: loss 0.3627, time 12.35ms, mfu 27.84%
iter 13120: loss 0.3302, time 12.32ms, mfu 28.08%
iter 13130: loss 0.3421, time 12.39ms, mfu 28.28%
iter 13140: loss 0.3571, time 12.46ms, mfu 28.44%
iter 13150: loss 0.3528, time 12.28ms, mfu 28.63%
iter 13160: loss 0.3407, time 12.44ms, mfu 28.76%
iter 13170: loss 0.3608, time 12.38ms, mfu 28.90%
iter 13180: loss 0.3460, time 12.33ms, mfu 29.03%
iter 13190: loss 0.3608, time 12.30ms, mfu 29.16%
iter 13200: loss 0.3472, time 12.28ms, mfu 29.27%
iter 13210: loss 0.3579, time 12.29ms, mfu 29.38%
iter 13220: loss 0.3485, time 12.31ms, mfu 29.47%
iter 13230: loss 0.3508, time 12.36ms, mfu 29.54%
iter 13240: loss 0.3536, time 12.23ms, mfu 29.63%
step 13250: train loss 0.1192, val loss 2.6276
iter 13250: loss 0.3586, time 1451.68ms, mfu 26.69%
iter 13260: loss 0.3563, time 12.40ms, mfu 27.03%
iter 13270: loss 0.3472, time 12.49ms, mfu 27.31%
iter 13280: loss 0.3554, time 12.88ms, mfu 27.47%
iter 13290: loss 0.3530, time 12.41ms, mfu 27.73%
iter 13300: loss 0.3595, time 12.62ms, mfu 27.91%
iter 13310: loss 0.3486, time 12.51ms, mfu 28.09%
iter 13320: loss 0.3448, time 12.36ms, mfu 28.30%
iter 13330: loss 0.3449, time 12.46ms, mfu 28.46%
iter 13340: loss 0.3439, time 12.42ms, mfu 28.61%
iter 13350: loss 0.3570, time 12.46ms, mfu 28.74%
iter 13360: loss 0.3497, time 12.40ms, mfu 28.87%
iter 13370: loss 0.3581, time 12.51ms, mfu 28.97%
iter 13380: loss 0.3676, time 12.45ms, mfu 29.06%
iter 13390: loss 0.3562, time 12.50ms, mfu 29.14%
iter 13400: loss 0.3701, time 12.47ms, mfu 29.21%
iter 13410: loss 0.3474, time 12.31ms, mfu 29.32%
iter 13420: loss 0.3320, time 12.47ms, mfu 29.38%
iter 13430: loss 0.3550, time 12.40ms, mfu 29.44%
iter 13440: loss 0.3554, time 12.34ms, mfu 29.52%
iter 13450: loss 0.3501, time 12.43ms, mfu 29.56%
iter 13460: loss 0.3451, time 12.37ms, mfu 29.62%
iter 13470: loss 0.3485, time 12.37ms, mfu 29.67%
iter 13480: loss 0.3474, time 12.31ms, mfu 29.73%
iter 13490: loss 0.3310, time 12.36ms, mfu 29.77%
step 13500: train loss 0.1163, val loss 2.6508
iter 13500: loss 0.3609, time 1453.45ms, mfu 26.82%
iter 13510: loss 0.3299, time 12.54ms, mfu 27.11%
iter 13520: loss 0.3682, time 12.46ms, mfu 27.39%
iter 13530: loss 0.3474, time 12.50ms, mfu 27.63%
iter 13540: loss 0.3577, time 12.46ms, mfu 27.86%
iter 13550: loss 0.3527, time 12.51ms, mfu 28.05%
iter 13560: loss 0.3511, time 12.45ms, mfu 28.24%
iter 13570: loss 0.3477, time 12.50ms, mfu 28.40%
iter 13580: loss 0.3509, time 22.02ms, mfu 27.25%
iter 13590: loss 0.3485, time 23.24ms, mfu 26.13%
iter 13600: loss 0.3460, time 23.34ms, mfu 25.11%
iter 13610: loss 0.3199, time 23.33ms, mfu 24.20%
iter 13620: loss 0.3431, time 23.42ms, mfu 23.37%
iter 13630: loss 0.3473, time 22.36ms, mfu 22.70%
iter 13640: loss 0.3409, time 21.55ms, mfu 22.16%
iter 13650: loss 0.3404, time 21.94ms, mfu 21.64%
iter 13660: loss 0.3432, time 21.93ms, mfu 21.18%
iter 13670: loss 0.3451, time 22.84ms, mfu 20.69%
iter 13680: loss 0.3351, time 22.98ms, mfu 20.24%
iter 13690: loss 0.3544, time 23.05ms, mfu 19.83%
iter 13700: loss 0.3450, time 24.96ms, mfu 19.34%
iter 13710: loss 0.3485, time 24.62ms, mfu 18.92%
iter 13720: loss 0.3409, time 24.56ms, mfu 18.55%
iter 13730: loss 0.3426, time 24.57ms, mfu 18.21%
iter 13740: loss 0.3517, time 24.69ms, mfu 17.90%
step 13750: train loss 0.1157, val loss 2.6531
iter 13750: loss 0.3416, time 2053.99ms, mfu 16.13%
iter 13760: loss 0.3412, time 17.11ms, mfu 16.69%
iter 13770: loss 0.3264, time 16.40ms, mfu 17.29%
iter 13780: loss 0.3388, time 16.19ms, mfu 17.87%
iter 13790: loss 0.3443, time 16.03ms, mfu 18.40%
iter 13800: loss 0.3502, time 16.04ms, mfu 18.89%
iter 13810: loss 0.3391, time 16.04ms, mfu 19.32%
iter 13820: loss 0.3362, time 16.23ms, mfu 19.69%
iter 13830: loss 0.3389, time 16.09ms, mfu 20.03%
iter 13840: loss 0.3196, time 16.22ms, mfu 20.33%
iter 13850: loss 0.3614, time 16.85ms, mfu 20.51%
iter 13860: loss 0.3467, time 16.72ms, mfu 20.68%
iter 13870: loss 0.3409, time 16.52ms, mfu 20.87%
iter 13880: loss 0.3318, time 16.83ms, mfu 21.00%
iter 13890: loss 0.3413, time 16.72ms, mfu 21.13%
iter 13900: loss 0.3330, time 16.46ms, mfu 21.28%
iter 13910: loss 0.3374, time 16.60ms, mfu 21.39%
iter 13920: loss 0.3428, time 16.64ms, mfu 21.49%
iter 13930: loss 0.3231, time 15.91ms, mfu 21.69%
iter 13940: loss 0.3290, time 16.14ms, mfu 21.83%
iter 13950: loss 0.3265, time 16.34ms, mfu 21.92%
iter 13960: loss 0.3324, time 16.13ms, mfu 22.04%
iter 13970: loss 0.3394, time 16.14ms, mfu 22.15%
iter 13980: loss 0.3341, time 16.10ms, mfu 22.25%
iter 13990: loss 0.3326, time 16.25ms, mfu 22.31%
step 14000: train loss 0.1133, val loss 2.6763
iter 14000: loss 0.3330, time 2022.60ms, mfu 20.10%
iter 14010: loss 0.3376, time 16.50ms, mfu 20.35%
iter 14020: loss 0.3497, time 16.40ms, mfu 20.59%
iter 14030: loss 0.3498, time 16.06ms, mfu 20.85%
iter 14040: loss 0.3344, time 16.04ms, mfu 21.09%
iter 14050: loss 0.3495, time 15.89ms, mfu 21.32%
iter 14060: loss 0.3334, time 16.02ms, mfu 21.52%
iter 14070: loss 0.3456, time 16.32ms, mfu 21.65%
iter 14080: loss 0.3436, time 16.34ms, mfu 21.76%
iter 14090: loss 0.3270, time 15.97ms, mfu 21.92%
iter 14100: loss 0.3528, time 15.99ms, mfu 22.06%
iter 14110: loss 0.3356, time 16.13ms, mfu 22.16%
iter 14120: loss 0.3343, time 16.16ms, mfu 22.25%
iter 14130: loss 0.3498, time 16.11ms, mfu 22.34%
iter 14140: loss 0.3388, time 20.03ms, mfu 21.97%
iter 14150: loss 0.3349, time 20.11ms, mfu 21.62%
iter 14160: loss 0.3542, time 20.00ms, mfu 21.32%
iter 14170: loss 0.3392, time 22.04ms, mfu 20.88%
iter 14180: loss 0.3351, time 22.17ms, mfu 20.47%
iter 14190: loss 0.3436, time 21.94ms, mfu 20.13%
iter 14200: loss 0.3391, time 22.01ms, mfu 19.81%
iter 14210: loss 0.3460, time 23.23ms, mfu 19.43%
iter 14220: loss 0.3427, time 23.10ms, mfu 19.10%
iter 14230: loss 0.3365, time 22.84ms, mfu 18.82%
iter 14240: loss 0.3466, time 23.19ms, mfu 18.55%
step 14250: train loss 0.1117, val loss 2.6910
iter 14250: loss 0.3391, time 2047.56ms, mfu 16.71%
iter 14260: loss 0.3476, time 16.13ms, mfu 17.35%
iter 14270: loss 0.3427, time 16.08ms, mfu 17.93%
iter 14280: loss 0.3296, time 16.17ms, mfu 18.44%
iter 14290: loss 0.3160, time 16.22ms, mfu 18.90%
iter 14300: loss 0.3364, time 16.12ms, mfu 19.32%
iter 14310: loss 0.3401, time 16.05ms, mfu 19.71%
iter 14320: loss 0.3337, time 16.09ms, mfu 20.05%
iter 14330: loss 0.3293, time 15.94ms, mfu 20.38%
iter 14340: loss 0.3315, time 16.10ms, mfu 20.66%
iter 14350: loss 0.3362, time 16.22ms, mfu 20.89%
iter 14360: loss 0.3338, time 16.41ms, mfu 21.07%
iter 14370: loss 0.3401, time 16.30ms, mfu 21.25%
iter 14380: loss 0.3336, time 16.13ms, mfu 21.44%
iter 14390: loss 0.3436, time 15.99ms, mfu 21.62%
iter 14400: loss 0.3319, time 16.10ms, mfu 21.78%
iter 14410: loss 0.3235, time 16.20ms, mfu 21.90%
iter 14420: loss 0.3314, time 16.12ms, mfu 22.02%
iter 14430: loss 0.3261, time 16.94ms, mfu 22.02%
iter 14440: loss 0.3464, time 16.12ms, mfu 22.13%
iter 14450: loss 0.3348, time 16.21ms, mfu 22.21%
iter 14460: loss 0.3323, time 16.38ms, mfu 22.27%
iter 14470: loss 0.3327, time 16.10ms, mfu 22.36%
iter 14480: loss 0.3408, time 16.38ms, mfu 22.39%
iter 14490: loss 0.3365, time 16.11ms, mfu 22.47%
step 14500: train loss 0.1101, val loss 2.6933
iter 14500: loss 0.3401, time 2005.69ms, mfu 20.24%
iter 14510: loss 0.3225, time 16.06ms, mfu 20.54%
iter 14520: loss 0.3338, time 15.89ms, mfu 20.83%
iter 14530: loss 0.3282, time 16.13ms, mfu 21.06%
iter 14540: loss 0.3271, time 16.16ms, mfu 21.26%
iter 14550: loss 0.3290, time 16.37ms, mfu 21.41%
iter 14560: loss 0.3267, time 16.50ms, mfu 21.52%
iter 14570: loss 0.3328, time 16.29ms, mfu 21.66%
iter 14580: loss 0.3307, time 16.16ms, mfu 21.80%
iter 14590: loss 0.3349, time 16.04ms, mfu 21.94%
iter 14600: loss 0.3311, time 16.46ms, mfu 22.01%
iter 14610: loss 0.3349, time 16.08ms, mfu 22.13%
iter 14620: loss 0.3267, time 16.41ms, mfu 22.18%
iter 14630: loss 0.3338, time 18.33ms, mfu 22.00%
iter 14640: loss 0.3294, time 19.33ms, mfu 21.73%
iter 14650: loss 0.3410, time 19.71ms, mfu 21.44%
iter 14660: loss 0.3227, time 19.63ms, mfu 21.20%
iter 14670: loss 0.3200, time 19.20ms, mfu 21.02%
iter 14680: loss 0.3265, time 19.56ms, mfu 20.82%
iter 14690: loss 0.3225, time 19.19ms, mfu 20.68%
iter 14700: loss 0.3314, time 19.22ms, mfu 20.55%
iter 14710: loss 0.3273, time 19.92ms, mfu 20.37%
iter 14720: loss 0.3341, time 21.99ms, mfu 20.03%
iter 14730: loss 0.3369, time 21.93ms, mfu 19.72%
iter 14740: loss 0.3333, time 22.11ms, mfu 19.43%
step 14750: train loss 0.1097, val loss 2.6989
iter 14750: loss 0.3357, time 2052.37ms, mfu 17.51%
iter 14760: loss 0.3265, time 16.42ms, mfu 18.03%
iter 14770: loss 0.3164, time 15.94ms, mfu 18.56%
iter 14780: loss 0.3347, time 16.32ms, mfu 18.99%
iter 14790: loss 0.3331, time 16.05ms, mfu 19.41%
iter 14800: loss 0.3277, time 15.98ms, mfu 19.80%
iter 14810: loss 0.3405, time 16.12ms, mfu 20.13%
iter 14820: loss 0.3227, time 17.23ms, mfu 20.28%
iter 14830: loss 0.3213, time 16.42ms, mfu 20.52%
iter 14840: loss 0.3350, time 16.16ms, mfu 20.78%
iter 14850: loss 0.3363, time 16.34ms, mfu 20.98%
iter 14860: loss 0.3328, time 16.16ms, mfu 21.19%
iter 14870: loss 0.3226, time 16.01ms, mfu 21.40%
iter 14880: loss 0.3346, time 20.07ms, mfu 21.11%
iter 14890: loss 0.3286, time 19.97ms, mfu 20.87%
iter 14900: loss 0.3285, time 19.88ms, mfu 20.66%
iter 14910: loss 0.3241, time 19.96ms, mfu 20.46%
iter 14920: loss 0.3323, time 19.96ms, mfu 20.28%
iter 14930: loss 0.3258, time 20.16ms, mfu 20.10%
iter 14940: loss 0.3271, time 20.05ms, mfu 19.95%
iter 14950: loss 0.3252, time 20.06ms, mfu 19.81%
iter 14960: loss 0.3352, time 19.97ms, mfu 19.69%
iter 14970: loss 0.3278, time 19.97ms, mfu 19.59%
iter 14980: loss 0.3269, time 20.02ms, mfu 19.49%
iter 14990: loss 0.3382, time 19.91ms, mfu 19.42%
step 15000: train loss 0.1085, val loss 2.7331
iter 15000: loss 0.3175, time 2039.73ms, mfu 17.49%
