Overriding config with /tmp/baseline_seed43.py:
# Import base config
exec(open('config/train_baby_baseline_multiseed.py').read())

# Override with seed-specific values
seed_offset = 43
out_dir = '/net/scratch2/junyuren/nanoGPT-manifold/out-baby-baseline-seed43'

tokens per iteration will be: 16,384
found vocab_size = 65 (inside data/shakespeare_char/meta.pkl)
Initializing a new model from scratch
number of parameters: 10.65M
num decayed parameter tensors: 26, with 10,740,096 parameters
num non-decayed parameter tensors: 13, with 4,992 parameters
using fused AdamW: True
compiling the model... (takes a ~minute)
step 0: train loss 4.2874, val loss 4.2823
iter 0: loss 4.2654, time 12747.94ms, mfu -100.00%
iter 10: loss 3.1462, time 15.40ms, mfu 24.20%
iter 20: loss 2.7313, time 16.22ms, mfu 24.08%
iter 30: loss 2.6180, time 16.43ms, mfu 23.94%
iter 40: loss 2.5754, time 16.08ms, mfu 23.86%
iter 50: loss 2.5250, time 14.91ms, mfu 23.97%
iter 60: loss 2.5142, time 14.61ms, mfu 24.13%
iter 70: loss 2.4945, time 14.73ms, mfu 24.24%
iter 80: loss 2.4937, time 14.69ms, mfu 24.35%
iter 90: loss 2.4679, time 14.71ms, mfu 24.45%
iter 100: loss 2.4603, time 14.83ms, mfu 24.52%
iter 110: loss 2.4649, time 14.83ms, mfu 24.58%
iter 120: loss 2.4292, time 14.69ms, mfu 24.66%
iter 130: loss 2.4085, time 14.78ms, mfu 24.71%
iter 140: loss 2.4113, time 14.78ms, mfu 24.76%
iter 150: loss 2.4087, time 14.68ms, mfu 24.83%
iter 160: loss 2.3703, time 14.73ms, mfu 24.87%
iter 170: loss 2.3748, time 14.76ms, mfu 24.91%
iter 180: loss 2.3180, time 14.73ms, mfu 24.95%
iter 190: loss 2.2579, time 14.63ms, mfu 25.00%
iter 200: loss 2.2108, time 14.67ms, mfu 25.04%
iter 210: loss 2.1398, time 14.67ms, mfu 25.08%
iter 220: loss 2.1469, time 14.67ms, mfu 25.11%
iter 230: loss 2.0735, time 14.57ms, mfu 25.16%
iter 240: loss 2.0771, time 14.71ms, mfu 25.18%
step 250: train loss 1.9675, val loss 2.0669
saving checkpoint to /net/scratch2/junyuren/nanoGPT-manifold/out-baby-baseline-seed43
iter 250: loss 2.0316, time 4309.79ms, mfu 22.67%
iter 260: loss 1.9773, time 25.22ms, mfu 21.88%
iter 270: loss 1.9748, time 25.10ms, mfu 21.17%
iter 280: loss 1.9728, time 16.34ms, mfu 21.34%
iter 290: loss 1.9101, time 16.40ms, mfu 21.48%
iter 300: loss 1.9025, time 16.18ms, mfu 21.63%
iter 310: loss 1.8673, time 21.09ms, mfu 21.23%
iter 320: loss 1.8494, time 21.00ms, mfu 20.89%
iter 330: loss 1.8181, time 21.18ms, mfu 20.56%
iter 340: loss 1.7845, time 20.83ms, mfu 20.29%
iter 350: loss 1.8185, time 21.32ms, mfu 20.01%
iter 360: loss 1.7687, time 21.15ms, mfu 19.77%
iter 370: loss 1.7390, time 21.22ms, mfu 19.55%
iter 380: loss 1.7303, time 20.90ms, mfu 19.38%
iter 390: loss 1.7268, time 20.82ms, mfu 19.23%
iter 400: loss 1.7741, time 21.07ms, mfu 19.07%
iter 410: loss 1.6963, time 21.14ms, mfu 18.93%
iter 420: loss 1.7176, time 21.19ms, mfu 18.79%
iter 430: loss 1.6788, time 21.18ms, mfu 18.67%
iter 440: loss 1.6476, time 20.82ms, mfu 18.60%
iter 450: loss 1.6529, time 20.90ms, mfu 18.52%
iter 460: loss 1.5955, time 20.87ms, mfu 18.45%
iter 470: loss 1.6461, time 23.70ms, mfu 18.18%
iter 480: loss 1.6107, time 21.10ms, mfu 18.13%
iter 490: loss 1.5937, time 20.77ms, mfu 18.11%
step 500: train loss 1.5234, val loss 1.7170
saving checkpoint to /net/scratch2/junyuren/nanoGPT-manifold/out-baby-baseline-seed43
iter 500: loss 1.5967, time 4374.81ms, mfu 16.31%
iter 510: loss 1.6092, time 24.88ms, mfu 16.17%
iter 520: loss 1.5869, time 24.82ms, mfu 16.06%
iter 530: loss 1.5492, time 24.95ms, mfu 15.95%
iter 540: loss 1.6117, time 18.86ms, mfu 16.33%
iter 550: loss 1.5572, time 16.17ms, mfu 17.00%
iter 560: loss 1.5559, time 16.15ms, mfu 17.61%
iter 570: loss 1.5566, time 16.33ms, mfu 18.13%
iter 580: loss 1.5279, time 18.14ms, mfu 18.37%
iter 590: loss 1.4906, time 18.61ms, mfu 18.53%
iter 600: loss 1.5115, time 17.27ms, mfu 18.84%
iter 610: loss 1.5446, time 16.18ms, mfu 19.26%
iter 620: loss 1.5308, time 16.26ms, mfu 19.62%
iter 630: loss 1.5065, time 16.06ms, mfu 19.98%
iter 640: loss 1.4672, time 16.11ms, mfu 20.30%
iter 650: loss 1.4941, time 16.47ms, mfu 20.53%
iter 660: loss 1.5040, time 16.22ms, mfu 20.77%
iter 670: loss 1.4423, time 16.38ms, mfu 20.97%
iter 680: loss 1.5047, time 16.41ms, mfu 21.14%
iter 690: loss 1.4631, time 16.93ms, mfu 21.23%
iter 700: loss 1.4807, time 16.19ms, mfu 21.41%
iter 710: loss 1.4547, time 15.88ms, mfu 21.62%
iter 720: loss 1.4337, time 16.02ms, mfu 21.78%
iter 730: loss 1.4197, time 15.99ms, mfu 21.93%
iter 740: loss 1.4270, time 15.92ms, mfu 22.08%
step 750: train loss 1.3632, val loss 1.5921
saving checkpoint to /net/scratch2/junyuren/nanoGPT-manifold/out-baby-baseline-seed43
iter 750: loss 1.4217, time 5514.77ms, mfu 19.88%
iter 760: loss 1.4439, time 24.51ms, mfu 19.41%
iter 770: loss 1.4266, time 24.50ms, mfu 18.99%
iter 780: loss 1.4177, time 24.42ms, mfu 18.62%
iter 790: loss 1.4137, time 24.73ms, mfu 18.26%
iter 800: loss 1.4323, time 15.97ms, mfu 18.77%
iter 810: loss 1.4052, time 16.02ms, mfu 19.22%
iter 820: loss 1.4082, time 16.03ms, mfu 19.62%
iter 830: loss 1.3906, time 15.84ms, mfu 20.01%
iter 840: loss 1.3988, time 16.02ms, mfu 20.34%
iter 850: loss 1.3861, time 15.95ms, mfu 20.64%
iter 860: loss 1.3974, time 15.90ms, mfu 20.92%
iter 870: loss 1.3984, time 16.21ms, mfu 21.13%
iter 880: loss 1.3712, time 16.12ms, mfu 21.32%
iter 890: loss 1.3844, time 15.96ms, mfu 21.53%
iter 900: loss 1.3636, time 15.97ms, mfu 21.71%
iter 910: loss 1.3219, time 15.90ms, mfu 21.88%
iter 920: loss 1.3619, time 16.00ms, mfu 22.02%
iter 930: loss 1.3580, time 16.27ms, mfu 22.11%
iter 940: loss 1.3505, time 15.98ms, mfu 22.23%
iter 950: loss 1.3513, time 16.02ms, mfu 22.33%
iter 960: loss 1.3583, time 16.39ms, mfu 22.37%
iter 970: loss 1.3568, time 15.90ms, mfu 22.48%
iter 980: loss 1.3548, time 15.91ms, mfu 22.57%
iter 990: loss 1.3412, time 16.00ms, mfu 22.65%
step 1000: train loss 1.2718, val loss 1.5251
saving checkpoint to /net/scratch2/junyuren/nanoGPT-manifold/out-baby-baseline-seed43
iter 1000: loss 1.3339, time 7532.30ms, mfu 20.39%
iter 1010: loss 1.3400, time 16.14ms, mfu 20.66%
iter 1020: loss 1.3096, time 16.15ms, mfu 20.90%
iter 1030: loss 1.3380, time 16.28ms, mfu 21.10%
iter 1040: loss 1.3539, time 15.96ms, mfu 21.32%
iter 1050: loss 1.2929, time 16.25ms, mfu 21.48%
iter 1060: loss 1.3458, time 15.96ms, mfu 21.67%
iter 1070: loss 1.3274, time 15.98ms, mfu 21.83%
iter 1080: loss 1.3346, time 16.21ms, mfu 21.95%
iter 1090: loss 1.3525, time 16.23ms, mfu 22.05%
iter 1100: loss 1.3183, time 16.18ms, mfu 22.15%
iter 1110: loss 1.2937, time 16.05ms, mfu 22.26%
iter 1120: loss 1.2944, time 15.98ms, mfu 22.36%
iter 1130: loss 1.2950, time 16.27ms, mfu 22.42%
iter 1140: loss 1.2984, time 16.00ms, mfu 22.50%
iter 1150: loss 1.3097, time 15.94ms, mfu 22.59%
iter 1160: loss 1.3224, time 16.41ms, mfu 22.60%
iter 1170: loss 1.3010, time 15.88ms, mfu 22.69%
iter 1180: loss 1.3113, time 16.00ms, mfu 22.75%
iter 1190: loss 1.2698, time 15.99ms, mfu 22.80%
iter 1200: loss 1.2976, time 15.93ms, mfu 22.86%
iter 1210: loss 1.2607, time 15.91ms, mfu 22.92%
iter 1220: loss 1.3043, time 15.92ms, mfu 22.97%
iter 1230: loss 1.3014, time 15.85ms, mfu 23.02%
iter 1240: loss 1.3025, time 16.14ms, mfu 23.03%
step 1250: train loss 1.2073, val loss 1.4972
saving checkpoint to /net/scratch2/junyuren/nanoGPT-manifold/out-baby-baseline-seed43
iter 1250: loss 1.2707, time 4535.83ms, mfu 20.73%
iter 1260: loss 1.2860, time 24.71ms, mfu 20.17%
iter 1270: loss 1.2674, time 24.89ms, mfu 19.65%
iter 1280: loss 1.2572, time 24.91ms, mfu 19.18%
iter 1290: loss 1.2810, time 24.91ms, mfu 18.76%
iter 1300: loss 1.3072, time 24.49ms, mfu 18.40%
iter 1310: loss 1.2368, time 24.83ms, mfu 18.06%
iter 1320: loss 1.3101, time 24.91ms, mfu 17.75%
iter 1330: loss 1.2670, time 24.47ms, mfu 17.50%
iter 1340: loss 1.2992, time 24.50ms, mfu 17.27%
iter 1350: loss 1.2555, time 24.65ms, mfu 17.06%
iter 1360: loss 1.2755, time 24.98ms, mfu 16.84%
iter 1370: loss 1.2613, time 24.85ms, mfu 16.66%
iter 1380: loss 1.2670, time 24.91ms, mfu 16.49%
iter 1390: loss 1.2495, time 24.67ms, mfu 16.35%
iter 1400: loss 1.2655, time 25.17ms, mfu 16.19%
iter 1410: loss 1.2539, time 24.67ms, mfu 16.09%
iter 1420: loss 1.2752, time 24.96ms, mfu 15.97%
iter 1430: loss 1.2432, time 24.93ms, mfu 15.87%
iter 1440: loss 1.2625, time 24.89ms, mfu 15.78%
iter 1450: loss 1.2336, time 24.93ms, mfu 15.70%
iter 1460: loss 1.2440, time 24.79ms, mfu 15.63%
iter 1470: loss 1.2270, time 24.99ms, mfu 15.56%
iter 1480: loss 1.2246, time 24.78ms, mfu 15.51%
iter 1490: loss 1.2380, time 25.11ms, mfu 15.44%
step 1500: train loss 1.1569, val loss 1.4768
saving checkpoint to /net/scratch2/junyuren/nanoGPT-manifold/out-baby-baseline-seed43
iter 1500: loss 1.1848, time 4511.21ms, mfu 13.90%
iter 1510: loss 1.2345, time 24.74ms, mfu 14.02%
iter 1520: loss 1.2300, time 24.96ms, mfu 14.11%
iter 1530: loss 1.2599, time 24.91ms, mfu 14.19%
iter 1540: loss 1.1970, time 24.68ms, mfu 14.29%
iter 1550: loss 1.2354, time 24.74ms, mfu 14.36%
iter 1560: loss 1.2105, time 24.67ms, mfu 14.44%
iter 1570: loss 1.2370, time 24.88ms, mfu 14.49%
iter 1580: loss 1.2130, time 16.32ms, mfu 15.32%
iter 1590: loss 1.2010, time 16.00ms, mfu 16.12%
iter 1600: loss 1.1998, time 16.06ms, mfu 16.83%
iter 1610: loss 1.2409, time 16.27ms, mfu 17.44%
iter 1620: loss 1.1898, time 16.05ms, mfu 18.01%
iter 1630: loss 1.2207, time 16.23ms, mfu 18.51%
iter 1640: loss 1.2101, time 16.11ms, mfu 18.97%
iter 1650: loss 1.1818, time 16.23ms, mfu 19.37%
iter 1660: loss 1.2274, time 16.09ms, mfu 19.75%
iter 1670: loss 1.2057, time 15.95ms, mfu 20.11%
iter 1680: loss 1.2024, time 16.31ms, mfu 20.38%
iter 1690: loss 1.2068, time 15.99ms, mfu 20.67%
iter 1700: loss 1.1878, time 15.91ms, mfu 20.95%
iter 1710: loss 1.1846, time 16.25ms, mfu 21.15%
iter 1720: loss 1.1978, time 15.95ms, mfu 21.37%
iter 1730: loss 1.2152, time 16.23ms, mfu 21.53%
iter 1740: loss 1.1827, time 16.06ms, mfu 21.70%
step 1750: train loss 1.1139, val loss 1.4717
saving checkpoint to /net/scratch2/junyuren/nanoGPT-manifold/out-baby-baseline-seed43
iter 1750: loss 1.1917, time 5856.59ms, mfu 19.53%
iter 1760: loss 1.1980, time 23.90ms, mfu 19.14%
iter 1770: loss 1.1955, time 12.78ms, mfu 20.14%
iter 1780: loss 1.2046, time 12.76ms, mfu 21.05%
iter 1790: loss 1.2066, time 12.40ms, mfu 21.95%
iter 1800: loss 1.1839, time 12.37ms, mfu 22.77%
iter 1810: loss 1.1602, time 12.30ms, mfu 23.52%
iter 1820: loss 1.1765, time 12.56ms, mfu 24.13%
iter 1830: loss 1.1773, time 12.48ms, mfu 24.71%
iter 1840: loss 1.1650, time 12.52ms, mfu 25.21%
iter 1850: loss 1.1661, time 12.53ms, mfu 25.66%
iter 1860: loss 1.1841, time 12.41ms, mfu 26.10%
iter 1870: loss 1.1511, time 12.21ms, mfu 26.54%
iter 1880: loss 1.1871, time 12.27ms, mfu 26.93%
iter 1890: loss 1.1905, time 12.27ms, mfu 27.27%
iter 1900: loss 1.1415, time 12.26ms, mfu 27.58%
iter 1910: loss 1.1797, time 12.25ms, mfu 27.87%
iter 1920: loss 1.1795, time 12.28ms, mfu 28.12%
iter 1930: loss 1.1622, time 12.50ms, mfu 28.29%
iter 1940: loss 1.1405, time 12.43ms, mfu 28.46%
iter 1950: loss 1.1525, time 12.44ms, mfu 28.61%
iter 1960: loss 1.1622, time 12.54ms, mfu 28.72%
iter 1970: loss 1.1575, time 12.42ms, mfu 28.84%
iter 1980: loss 1.1687, time 12.45ms, mfu 28.95%
iter 1990: loss 1.1660, time 12.19ms, mfu 29.11%
step 2000: train loss 1.0702, val loss 1.4775
iter 2000: loss 1.1360, time 1413.08ms, mfu 26.23%
iter 2010: loss 1.1471, time 12.40ms, mfu 26.61%
iter 2020: loss 1.1256, time 12.44ms, mfu 26.94%
iter 2030: loss 1.1700, time 12.45ms, mfu 27.24%
iter 2040: loss 1.1597, time 12.35ms, mfu 27.54%
iter 2050: loss 1.1269, time 12.28ms, mfu 27.82%
iter 2060: loss 1.1159, time 12.31ms, mfu 28.06%
iter 2070: loss 1.1358, time 12.35ms, mfu 28.27%
iter 2080: loss 1.1358, time 12.24ms, mfu 28.49%
iter 2090: loss 1.1413, time 12.27ms, mfu 28.68%
iter 2100: loss 1.1472, time 12.29ms, mfu 28.84%
iter 2110: loss 1.1450, time 12.34ms, mfu 28.98%
iter 2120: loss 1.1408, time 12.33ms, mfu 29.11%
iter 2130: loss 1.1484, time 12.17ms, mfu 29.26%
iter 2140: loss 1.1533, time 12.46ms, mfu 29.32%
iter 2150: loss 1.1411, time 12.38ms, mfu 29.40%
iter 2160: loss 1.1587, time 12.44ms, mfu 29.46%
iter 2170: loss 1.1417, time 12.43ms, mfu 29.51%
iter 2180: loss 1.1358, time 12.40ms, mfu 29.56%
iter 2190: loss 1.1194, time 12.53ms, mfu 29.58%
iter 2200: loss 1.1460, time 12.41ms, mfu 29.62%
iter 2210: loss 1.1223, time 12.76ms, mfu 29.58%
iter 2220: loss 1.1333, time 12.54ms, mfu 29.59%
iter 2230: loss 1.1418, time 12.42ms, mfu 29.63%
iter 2240: loss 1.1412, time 12.22ms, mfu 29.72%
step 2250: train loss 1.0254, val loss 1.4839
iter 2250: loss 1.1366, time 1399.34ms, mfu 26.77%
iter 2260: loss 1.1264, time 12.34ms, mfu 27.12%
iter 2270: loss 1.1490, time 13.19ms, mfu 27.23%
iter 2280: loss 1.1169, time 12.39ms, mfu 27.52%
iter 2290: loss 1.1599, time 12.60ms, mfu 27.72%
iter 2300: loss 1.1380, time 12.46ms, mfu 27.94%
iter 2310: loss 1.1085, time 12.51ms, mfu 28.12%
iter 2320: loss 1.1140, time 12.54ms, mfu 28.28%
iter 2330: loss 1.1228, time 12.34ms, mfu 28.47%
iter 2340: loss 1.1348, time 12.39ms, mfu 28.63%
iter 2350: loss 1.1282, time 12.45ms, mfu 28.76%
iter 2360: loss 1.1280, time 12.51ms, mfu 28.87%
iter 2370: loss 1.1161, time 12.41ms, mfu 28.98%
iter 2380: loss 1.1087, time 12.61ms, mfu 29.04%
iter 2390: loss 1.1094, time 12.29ms, mfu 29.17%
iter 2400: loss 1.1039, time 12.41ms, mfu 29.25%
iter 2410: loss 1.0927, time 12.29ms, mfu 29.36%
iter 2420: loss 1.1049, time 12.40ms, mfu 29.43%
iter 2430: loss 1.0777, time 12.28ms, mfu 29.52%
iter 2440: loss 1.0761, time 12.33ms, mfu 29.59%
iter 2450: loss 1.0903, time 12.38ms, mfu 29.64%
iter 2460: loss 1.1103, time 12.40ms, mfu 29.68%
iter 2470: loss 1.1095, time 12.33ms, mfu 29.73%
iter 2480: loss 1.1090, time 12.39ms, mfu 29.77%
iter 2490: loss 1.0805, time 21.73ms, mfu 28.51%
step 2500: train loss 0.9885, val loss 1.4898
iter 2500: loss 1.1037, time 1412.34ms, mfu 25.68%
iter 2510: loss 1.0896, time 12.44ms, mfu 26.11%
iter 2520: loss 1.0715, time 12.45ms, mfu 26.49%
iter 2530: loss 1.0711, time 13.15ms, mfu 26.68%
iter 2540: loss 1.0696, time 12.50ms, mfu 26.99%
iter 2550: loss 1.0927, time 12.65ms, mfu 27.23%
iter 2560: loss 1.0799, time 12.75ms, mfu 27.43%
iter 2570: loss 1.0951, time 12.82ms, mfu 27.60%
iter 2580: loss 1.1113, time 12.84ms, mfu 27.74%
iter 2590: loss 1.0923, time 12.68ms, mfu 27.90%
iter 2600: loss 1.0957, time 12.51ms, mfu 28.09%
iter 2610: loss 1.0757, time 12.29ms, mfu 28.31%
iter 2620: loss 1.0663, time 12.28ms, mfu 28.52%
iter 2630: loss 1.0458, time 12.30ms, mfu 28.70%
iter 2640: loss 1.0737, time 12.37ms, mfu 28.84%
iter 2650: loss 1.0979, time 12.49ms, mfu 28.94%
iter 2660: loss 1.0679, time 12.53ms, mfu 29.02%
iter 2670: loss 1.0395, time 12.44ms, mfu 29.11%
iter 2680: loss 1.0700, time 12.45ms, mfu 29.19%
iter 2690: loss 1.0864, time 12.41ms, mfu 29.28%
iter 2700: loss 1.0505, time 12.32ms, mfu 29.37%
iter 2710: loss 1.0744, time 12.40ms, mfu 29.44%
iter 2720: loss 1.0805, time 12.48ms, mfu 29.48%
iter 2730: loss 1.0826, time 12.39ms, mfu 29.54%
iter 2740: loss 1.0491, time 12.38ms, mfu 29.59%
step 2750: train loss 0.9508, val loss 1.5096
iter 2750: loss 1.0618, time 1414.65ms, mfu 26.66%
iter 2760: loss 1.0523, time 12.31ms, mfu 27.02%
iter 2770: loss 1.0476, time 12.31ms, mfu 27.35%
iter 2780: loss 1.0516, time 12.37ms, mfu 27.63%
iter 2790: loss 1.0618, time 12.25ms, mfu 27.90%
iter 2800: loss 1.0337, time 12.38ms, mfu 28.12%
iter 2810: loss 1.0715, time 12.33ms, mfu 28.33%
iter 2820: loss 1.0474, time 12.64ms, mfu 28.45%
iter 2830: loss 1.0712, time 12.29ms, mfu 28.63%
iter 2840: loss 1.0227, time 12.25ms, mfu 28.81%
iter 2850: loss 1.0585, time 12.27ms, mfu 28.97%
iter 2860: loss 1.0487, time 12.49ms, mfu 29.05%
iter 2870: loss 1.0429, time 12.38ms, mfu 29.16%
iter 2880: loss 1.0722, time 12.27ms, mfu 29.28%
iter 2890: loss 1.0332, time 12.22ms, mfu 29.40%
iter 2900: loss 1.0257, time 12.30ms, mfu 29.49%
iter 2910: loss 1.0766, time 12.15ms, mfu 29.61%
iter 2920: loss 1.0548, time 12.27ms, mfu 29.69%
iter 2930: loss 1.0271, time 12.19ms, mfu 29.77%
iter 2940: loss 1.0293, time 12.37ms, mfu 29.81%
iter 2950: loss 1.0538, time 12.42ms, mfu 29.83%
iter 2960: loss 1.0319, time 12.39ms, mfu 29.85%
iter 2970: loss 1.0297, time 12.33ms, mfu 29.89%
iter 2980: loss 1.0302, time 12.82ms, mfu 29.81%
iter 2990: loss 1.0161, time 12.64ms, mfu 29.77%
step 3000: train loss 0.9138, val loss 1.5229
iter 3000: loss 1.0199, time 1934.90ms, mfu 26.82%
iter 3010: loss 1.0285, time 14.84ms, mfu 26.64%
iter 3020: loss 1.0265, time 14.76ms, mfu 26.50%
iter 3030: loss 1.0394, time 14.58ms, mfu 26.41%
iter 3040: loss 1.0569, time 14.48ms, mfu 26.34%
iter 3050: loss 1.0270, time 14.83ms, mfu 26.22%
iter 3060: loss 1.0331, time 14.73ms, mfu 26.13%
iter 3070: loss 1.0551, time 14.68ms, mfu 26.06%
iter 3080: loss 1.0359, time 14.53ms, mfu 26.01%
iter 3090: loss 1.0307, time 14.78ms, mfu 25.93%
iter 3100: loss 1.0426, time 15.24ms, mfu 25.78%
iter 3110: loss 0.9984, time 14.45ms, mfu 25.78%
iter 3120: loss 1.0393, time 14.71ms, mfu 25.74%
iter 3130: loss 1.0046, time 14.98ms, mfu 25.65%
iter 3140: loss 1.0171, time 14.84ms, mfu 25.60%
iter 3150: loss 1.0382, time 14.70ms, mfu 25.57%
iter 3160: loss 1.0428, time 15.96ms, mfu 25.35%
iter 3170: loss 0.9978, time 21.88ms, mfu 24.52%
iter 3180: loss 1.0146, time 18.64ms, mfu 24.07%
iter 3190: loss 1.0343, time 18.88ms, mfu 23.63%
iter 3200: loss 1.0077, time 12.77ms, mfu 24.19%
iter 3210: loss 0.9979, time 12.71ms, mfu 24.70%
iter 3220: loss 0.9962, time 12.61ms, mfu 25.19%
iter 3230: loss 0.9900, time 12.59ms, mfu 25.63%
iter 3240: loss 0.9864, time 12.48ms, mfu 26.05%
step 3250: train loss 0.8690, val loss 1.5701
iter 3250: loss 1.0078, time 1419.79ms, mfu 23.47%
iter 3260: loss 1.0004, time 12.68ms, mfu 24.06%
iter 3270: loss 1.0106, time 12.52ms, mfu 24.63%
iter 3280: loss 0.9925, time 12.51ms, mfu 25.15%
iter 3290: loss 0.9839, time 12.50ms, mfu 25.61%
iter 3300: loss 0.9845, time 12.43ms, mfu 26.05%
iter 3310: loss 0.9852, time 12.17ms, mfu 26.51%
iter 3320: loss 0.9925, time 12.31ms, mfu 26.88%
iter 3330: loss 0.9938, time 12.25ms, mfu 27.24%
iter 3340: loss 0.9967, time 12.21ms, mfu 27.56%
iter 3350: loss 0.9963, time 12.24ms, mfu 27.85%
iter 3360: loss 0.9637, time 12.39ms, mfu 28.07%
iter 3370: loss 0.9966, time 12.22ms, mfu 28.32%
iter 3380: loss 0.9978, time 12.27ms, mfu 28.52%
iter 3390: loss 0.9847, time 12.70ms, mfu 28.60%
iter 3400: loss 0.9933, time 12.28ms, mfu 28.78%
iter 3410: loss 0.9866, time 12.42ms, mfu 28.90%
iter 3420: loss 0.9848, time 12.12ms, mfu 29.08%
iter 3430: loss 0.9850, time 12.28ms, mfu 29.21%
iter 3440: loss 1.0314, time 12.36ms, mfu 29.30%
iter 3450: loss 0.9861, time 12.27ms, mfu 29.41%
iter 3460: loss 0.9902, time 12.27ms, mfu 29.51%
iter 3470: loss 0.9804, time 12.28ms, mfu 29.59%
iter 3480: loss 1.0025, time 12.32ms, mfu 29.65%
iter 3490: loss 0.9474, time 12.24ms, mfu 29.73%
step 3500: train loss 0.8310, val loss 1.5717
iter 3500: loss 0.9464, time 1402.53ms, mfu 26.79%
iter 3510: loss 0.9550, time 12.51ms, mfu 27.09%
iter 3520: loss 0.9609, time 12.47ms, mfu 27.37%
iter 3530: loss 0.9917, time 12.63ms, mfu 27.58%
iter 3540: loss 0.9619, time 12.41ms, mfu 27.83%
iter 3550: loss 0.9606, time 12.61ms, mfu 28.00%
iter 3560: loss 0.9963, time 12.28ms, mfu 28.23%
iter 3570: loss 0.9772, time 12.41ms, mfu 28.41%
iter 3580: loss 0.9818, time 12.19ms, mfu 28.63%
iter 3590: loss 0.9718, time 12.27ms, mfu 28.80%
iter 3600: loss 0.9665, time 12.23ms, mfu 28.97%
iter 3610: loss 0.9630, time 12.23ms, mfu 29.12%
iter 3620: loss 0.9561, time 12.26ms, mfu 29.25%
iter 3630: loss 0.9704, time 12.35ms, mfu 29.34%
iter 3640: loss 0.9614, time 12.39ms, mfu 29.41%
iter 3650: loss 0.9509, time 12.40ms, mfu 29.48%
iter 3660: loss 0.9794, time 12.50ms, mfu 29.51%
iter 3670: loss 0.9852, time 12.38ms, mfu 29.57%
iter 3680: loss 0.9504, time 12.48ms, mfu 29.60%
iter 3690: loss 0.9681, time 12.80ms, mfu 29.55%
iter 3700: loss 0.9180, time 12.53ms, mfu 29.57%
iter 3710: loss 0.9269, time 12.45ms, mfu 29.61%
iter 3720: loss 0.9516, time 12.43ms, mfu 29.64%
iter 3730: loss 0.9354, time 12.43ms, mfu 29.68%
iter 3740: loss 0.9456, time 12.37ms, mfu 29.72%
step 3750: train loss 0.7928, val loss 1.5916
iter 3750: loss 0.9403, time 1509.33ms, mfu 26.77%
iter 3760: loss 0.9830, time 14.82ms, mfu 26.61%
iter 3770: loss 0.9802, time 14.79ms, mfu 26.47%
iter 3780: loss 0.9684, time 14.82ms, mfu 26.34%
iter 3790: loss 0.9453, time 14.78ms, mfu 26.23%
iter 3800: loss 0.9585, time 14.61ms, mfu 26.15%
iter 3810: loss 0.9697, time 15.81ms, mfu 25.89%
iter 3820: loss 0.9229, time 16.09ms, mfu 25.62%
iter 3830: loss 0.9505, time 16.06ms, mfu 25.38%
iter 3840: loss 0.9384, time 15.77ms, mfu 25.20%
iter 3850: loss 0.9325, time 16.27ms, mfu 24.97%
iter 3860: loss 0.9144, time 13.46ms, mfu 25.24%
iter 3870: loss 0.9305, time 13.10ms, mfu 25.56%
iter 3880: loss 0.9194, time 13.17ms, mfu 25.84%
iter 3890: loss 0.9400, time 13.19ms, mfu 26.08%
iter 3900: loss 0.9374, time 12.76ms, mfu 26.39%
iter 3910: loss 0.9224, time 12.71ms, mfu 26.68%
iter 3920: loss 0.9129, time 12.88ms, mfu 26.91%
iter 3930: loss 0.9380, time 12.95ms, mfu 27.09%
iter 3940: loss 0.9125, time 12.73ms, mfu 27.31%
iter 3950: loss 0.9196, time 21.50ms, mfu 26.31%
iter 3960: loss 0.9477, time 21.52ms, mfu 25.41%
iter 3970: loss 0.9283, time 23.36ms, mfu 24.47%
iter 3980: loss 0.9380, time 23.02ms, mfu 23.64%
iter 3990: loss 0.9154, time 23.35ms, mfu 22.87%
step 4000: train loss 0.7553, val loss 1.6258
iter 4000: loss 0.8928, time 1885.38ms, mfu 20.60%
iter 4010: loss 0.9214, time 14.49ms, mfu 21.11%
iter 4020: loss 0.9423, time 14.60ms, mfu 21.56%
iter 4030: loss 0.9154, time 14.49ms, mfu 21.97%
iter 4040: loss 0.9072, time 14.56ms, mfu 22.33%
iter 4050: loss 0.9020, time 14.70ms, mfu 22.63%
iter 4060: loss 0.8976, time 14.49ms, mfu 22.94%
iter 4070: loss 0.8993, time 14.72ms, mfu 23.18%
iter 4080: loss 0.9249, time 14.47ms, mfu 23.44%
iter 4090: loss 0.8825, time 14.36ms, mfu 23.69%
iter 4100: loss 0.9472, time 14.41ms, mfu 23.91%
iter 4110: loss 0.9114, time 14.51ms, mfu 24.08%
iter 4120: loss 0.9188, time 14.66ms, mfu 24.22%
iter 4130: loss 0.8975, time 14.65ms, mfu 24.34%
iter 4140: loss 0.9158, time 14.73ms, mfu 24.43%
iter 4150: loss 0.9085, time 14.57ms, mfu 24.55%
iter 4160: loss 0.8924, time 14.76ms, mfu 24.62%
iter 4170: loss 0.8993, time 14.54ms, mfu 24.72%
iter 4180: loss 0.9070, time 14.79ms, mfu 24.77%
iter 4190: loss 0.9084, time 14.73ms, mfu 24.82%
iter 4200: loss 0.8841, time 14.55ms, mfu 24.90%
iter 4210: loss 0.9041, time 14.70ms, mfu 24.94%
iter 4220: loss 0.8930, time 14.56ms, mfu 25.01%
iter 4230: loss 0.9168, time 14.73ms, mfu 25.04%
iter 4240: loss 0.8935, time 14.75ms, mfu 25.06%
step 4250: train loss 0.7145, val loss 1.6627
iter 4250: loss 0.8941, time 1827.36ms, mfu 22.57%
iter 4260: loss 0.8995, time 14.70ms, mfu 22.85%
iter 4270: loss 0.9066, time 14.55ms, mfu 23.13%
iter 4280: loss 0.8837, time 14.79ms, mfu 23.33%
iter 4290: loss 0.8651, time 14.72ms, mfu 23.53%
iter 4300: loss 0.8756, time 14.77ms, mfu 23.70%
iter 4310: loss 0.8884, time 14.70ms, mfu 23.86%
iter 4320: loss 0.8703, time 14.66ms, mfu 24.02%
iter 4330: loss 0.9009, time 14.64ms, mfu 24.16%
iter 4340: loss 0.8647, time 14.78ms, mfu 24.27%
iter 4350: loss 0.8785, time 14.73ms, mfu 24.37%
iter 4360: loss 0.8909, time 14.84ms, mfu 24.44%
iter 4370: loss 0.8802, time 14.85ms, mfu 24.51%
iter 4380: loss 0.8682, time 14.89ms, mfu 24.56%
iter 4390: loss 0.9036, time 14.81ms, mfu 24.62%
iter 4400: loss 0.8613, time 14.81ms, mfu 24.68%
iter 4410: loss 0.8898, time 18.58ms, mfu 24.21%
iter 4420: loss 0.8884, time 14.68ms, mfu 24.33%
iter 4430: loss 0.8736, time 18.72ms, mfu 23.89%
iter 4440: loss 0.8841, time 18.60ms, mfu 23.50%
iter 4450: loss 0.8722, time 18.47ms, mfu 23.17%
iter 4460: loss 0.8532, time 18.67ms, mfu 22.85%
iter 4470: loss 0.8787, time 18.51ms, mfu 22.58%
iter 4480: loss 0.8650, time 18.53ms, mfu 22.33%
iter 4490: loss 0.8592, time 18.56ms, mfu 22.11%
step 4500: train loss 0.6754, val loss 1.6906
iter 4500: loss 0.8892, time 1859.42ms, mfu 19.91%
iter 4510: loss 0.8847, time 18.64ms, mfu 19.92%
iter 4520: loss 0.8587, time 17.72ms, mfu 20.03%
iter 4530: loss 0.8790, time 17.82ms, mfu 20.12%
iter 4540: loss 0.8590, time 14.82ms, mfu 20.62%
iter 4550: loss 0.8989, time 14.78ms, mfu 21.08%
iter 4560: loss 0.8750, time 14.93ms, mfu 21.47%
iter 4570: loss 0.8628, time 14.87ms, mfu 21.83%
iter 4580: loss 0.8731, time 14.84ms, mfu 22.16%
iter 4590: loss 0.8752, time 14.83ms, mfu 22.45%
iter 4600: loss 0.8455, time 14.69ms, mfu 22.75%
iter 4610: loss 0.8963, time 14.72ms, mfu 23.00%
iter 4620: loss 0.8443, time 14.80ms, mfu 23.22%
iter 4630: loss 0.8384, time 14.60ms, mfu 23.45%
iter 4640: loss 0.8739, time 14.63ms, mfu 23.65%
iter 4650: loss 0.8841, time 14.82ms, mfu 23.80%
iter 4660: loss 0.8644, time 14.73ms, mfu 23.95%
iter 4670: loss 0.8582, time 14.56ms, mfu 24.11%
iter 4680: loss 0.8864, time 14.62ms, mfu 24.25%
iter 4690: loss 0.8668, time 14.45ms, mfu 24.41%
iter 4700: loss 0.8457, time 14.71ms, mfu 24.50%
iter 4710: loss 0.7948, time 14.50ms, mfu 24.62%
iter 4720: loss 0.8577, time 15.10ms, mfu 24.62%
iter 4730: loss 0.8301, time 14.64ms, mfu 24.71%
iter 4740: loss 0.8404, time 14.73ms, mfu 24.77%
step 4750: train loss 0.6436, val loss 1.7077
iter 4750: loss 0.8068, time 1848.42ms, mfu 22.31%
iter 4760: loss 0.8201, time 16.11ms, mfu 22.39%
iter 4770: loss 0.7978, time 19.91ms, mfu 22.03%
iter 4780: loss 0.8289, time 20.25ms, mfu 21.66%
iter 4790: loss 0.8465, time 20.50ms, mfu 21.31%
iter 4800: loss 0.8325, time 20.02ms, mfu 21.04%
iter 4810: loss 0.8482, time 19.90ms, mfu 20.81%
iter 4820: loss 0.8258, time 19.98ms, mfu 20.60%
iter 4830: loss 0.8275, time 20.16ms, mfu 20.38%
iter 4840: loss 0.8328, time 19.91ms, mfu 20.22%
iter 4850: loss 0.8345, time 19.60ms, mfu 20.10%
iter 4860: loss 0.8144, time 19.82ms, mfu 19.97%
iter 4870: loss 0.8088, time 19.77ms, mfu 19.85%
iter 4880: loss 0.8339, time 19.47ms, mfu 19.78%
iter 4890: loss 0.8033, time 19.71ms, mfu 19.70%
iter 4900: loss 0.8072, time 19.58ms, mfu 19.63%
iter 4910: loss 0.8327, time 19.51ms, mfu 19.58%
iter 4920: loss 0.8172, time 19.68ms, mfu 19.51%
iter 4930: loss 0.8100, time 19.79ms, mfu 19.44%
iter 4940: loss 0.8012, time 20.01ms, mfu 19.36%
iter 4950: loss 0.8398, time 19.90ms, mfu 19.30%
iter 4960: loss 0.8324, time 19.92ms, mfu 19.24%
iter 4970: loss 0.7931, time 19.91ms, mfu 19.19%
iter 4980: loss 0.7791, time 20.09ms, mfu 19.12%
iter 4990: loss 0.8152, time 20.01ms, mfu 19.07%
step 5000: train loss 0.6096, val loss 1.7591
iter 5000: loss 0.8304, time 1992.72ms, mfu 17.18%
iter 5010: loss 0.8132, time 16.44ms, mfu 17.73%
iter 5020: loss 0.8154, time 16.18ms, mfu 18.26%
iter 5030: loss 0.8149, time 16.10ms, mfu 18.75%
iter 5040: loss 0.8066, time 16.16ms, mfu 19.18%
iter 5050: loss 0.8321, time 16.43ms, mfu 19.53%
iter 5060: loss 0.7956, time 19.13ms, mfu 19.53%
iter 5070: loss 0.8259, time 16.38ms, mfu 19.85%
iter 5080: loss 0.8152, time 15.97ms, mfu 20.20%
iter 5090: loss 0.8053, time 16.11ms, mfu 20.49%
iter 5100: loss 0.7933, time 17.98ms, mfu 20.51%
iter 5110: loss 0.8008, time 19.26ms, mfu 20.40%
iter 5120: loss 0.8121, time 19.29ms, mfu 20.29%
iter 5130: loss 0.8167, time 21.95ms, mfu 19.96%
iter 5140: loss 0.7787, time 21.92ms, mfu 19.66%
iter 5150: loss 0.8061, time 21.76ms, mfu 19.41%
iter 5160: loss 0.8010, time 23.62ms, mfu 19.04%
iter 5170: loss 0.8189, time 23.50ms, mfu 18.72%
iter 5180: loss 0.7844, time 23.48ms, mfu 18.44%
iter 5190: loss 0.7946, time 22.94ms, mfu 18.22%
iter 5200: loss 0.7882, time 23.23ms, mfu 18.00%
iter 5210: loss 0.7737, time 23.23ms, mfu 17.81%
iter 5220: loss 0.7958, time 23.37ms, mfu 17.62%
iter 5230: loss 0.8043, time 23.29ms, mfu 17.46%
iter 5240: loss 0.7888, time 23.32ms, mfu 17.31%
step 5250: train loss 0.5766, val loss 1.7646
iter 5250: loss 0.7807, time 2038.19ms, mfu 15.60%
iter 5260: loss 0.7921, time 16.33ms, mfu 16.32%
iter 5270: loss 0.7666, time 15.00ms, mfu 17.17%
iter 5280: loss 0.7970, time 14.73ms, mfu 17.98%
iter 5290: loss 0.7911, time 14.47ms, mfu 18.76%
iter 5300: loss 0.7992, time 14.52ms, mfu 19.45%
iter 5310: loss 0.7791, time 14.83ms, mfu 20.02%
iter 5320: loss 0.8085, time 14.78ms, mfu 20.54%
iter 5330: loss 0.8158, time 14.82ms, mfu 21.00%
iter 5340: loss 0.7698, time 14.49ms, mfu 21.47%
iter 5350: loss 0.7540, time 19.45ms, mfu 21.24%
iter 5360: loss 0.7801, time 20.53ms, mfu 20.93%
iter 5370: loss 0.7807, time 20.48ms, mfu 20.66%
iter 5380: loss 0.7895, time 20.34ms, mfu 20.42%
iter 5390: loss 0.7918, time 20.50ms, mfu 20.20%
iter 5400: loss 0.7955, time 20.51ms, mfu 19.99%
iter 5410: loss 0.7758, time 21.53ms, mfu 19.73%
iter 5420: loss 0.7836, time 23.45ms, mfu 19.34%
iter 5430: loss 0.7737, time 23.51ms, mfu 18.99%
iter 5440: loss 0.7914, time 23.09ms, mfu 18.71%
iter 5450: loss 0.7829, time 23.36ms, mfu 18.43%
iter 5460: loss 0.7890, time 23.15ms, mfu 18.20%
iter 5470: loss 0.7725, time 23.36ms, mfu 17.97%
iter 5480: loss 0.7779, time 23.09ms, mfu 17.79%
iter 5490: loss 0.7864, time 23.33ms, mfu 17.61%
step 5500: train loss 0.5494, val loss 1.7839
iter 5500: loss 0.7846, time 1928.96ms, mfu 15.87%
iter 5510: loss 0.7561, time 11.46ms, mfu 17.53%
iter 5520: loss 0.7571, time 17.10ms, mfu 17.96%
iter 5530: loss 0.7477, time 20.82ms, mfu 17.95%
iter 5540: loss 0.7603, time 20.33ms, mfu 17.99%
iter 5550: loss 0.7495, time 23.27ms, mfu 17.79%
iter 5560: loss 0.7620, time 23.19ms, mfu 17.62%
iter 5570: loss 0.7804, time 16.11ms, mfu 18.17%
iter 5580: loss 0.7690, time 15.94ms, mfu 18.69%
iter 5590: loss 0.7768, time 16.02ms, mfu 19.15%
iter 5600: loss 0.7522, time 16.14ms, mfu 19.54%
iter 5610: loss 0.7762, time 15.92ms, mfu 19.93%
iter 5620: loss 0.7510, time 15.94ms, mfu 20.27%
iter 5630: loss 0.7730, time 16.25ms, mfu 20.54%
iter 5640: loss 0.7803, time 16.24ms, mfu 20.78%
iter 5650: loss 0.7648, time 18.74ms, mfu 20.69%
iter 5660: loss 0.7853, time 16.32ms, mfu 20.90%
iter 5670: loss 0.7575, time 16.33ms, mfu 21.10%
iter 5680: loss 0.7386, time 16.06ms, mfu 21.31%
iter 5690: loss 0.7307, time 16.30ms, mfu 21.46%
iter 5700: loss 0.7351, time 16.16ms, mfu 21.62%
iter 5710: loss 0.7819, time 16.39ms, mfu 21.73%
iter 5720: loss 0.7233, time 16.07ms, mfu 21.88%
iter 5730: loss 0.7405, time 16.07ms, mfu 22.01%
iter 5740: loss 0.7444, time 16.14ms, mfu 22.12%
step 5750: train loss 0.5165, val loss 1.8386
iter 5750: loss 0.7642, time 1975.30ms, mfu 19.92%
iter 5760: loss 0.7554, time 15.61ms, mfu 20.32%
iter 5770: loss 0.7476, time 16.74ms, mfu 20.51%
iter 5780: loss 0.7391, time 16.27ms, mfu 20.75%
iter 5790: loss 0.7427, time 16.82ms, mfu 20.89%
iter 5800: loss 0.7266, time 16.92ms, mfu 21.00%
iter 5810: loss 0.7362, time 16.57ms, mfu 21.15%
iter 5820: loss 0.7359, time 16.02ms, mfu 21.36%
iter 5830: loss 0.7304, time 16.12ms, mfu 21.54%
iter 5840: loss 0.7582, time 16.81ms, mfu 21.60%
iter 5850: loss 0.7361, time 16.35ms, mfu 21.72%
iter 5860: loss 0.7365, time 16.45ms, mfu 21.81%
iter 5870: loss 0.7167, time 16.27ms, mfu 21.92%
iter 5880: loss 0.7313, time 16.11ms, mfu 22.04%
iter 5890: loss 0.7469, time 16.33ms, mfu 22.12%
iter 5900: loss 0.7184, time 16.33ms, mfu 22.19%
iter 5910: loss 0.7448, time 16.58ms, mfu 22.22%
iter 5920: loss 0.7479, time 16.18ms, mfu 22.30%
iter 5930: loss 0.7137, time 16.25ms, mfu 22.36%
iter 5940: loss 0.7581, time 16.03ms, mfu 22.45%
iter 5950: loss 0.7145, time 16.26ms, mfu 22.50%
iter 5960: loss 0.7233, time 16.43ms, mfu 22.52%
iter 5970: loss 0.7486, time 16.41ms, mfu 22.54%
iter 5980: loss 0.7205, time 16.35ms, mfu 22.56%
iter 5990: loss 0.7367, time 16.16ms, mfu 22.61%
step 6000: train loss 0.4856, val loss 1.8589
iter 6000: loss 0.7215, time 1988.28ms, mfu 20.37%
iter 6010: loss 0.7414, time 17.11ms, mfu 20.51%
iter 6020: loss 0.7449, time 16.30ms, mfu 20.74%
iter 6030: loss 0.7348, time 16.09ms, mfu 20.99%
iter 6040: loss 0.7114, time 16.49ms, mfu 21.15%
iter 6050: loss 0.7070, time 16.69ms, mfu 21.26%
iter 6060: loss 0.7067, time 17.18ms, mfu 21.31%
iter 6070: loss 0.7354, time 16.45ms, mfu 21.44%
iter 6080: loss 0.7395, time 18.66ms, mfu 21.29%
iter 6090: loss 0.7246, time 18.93ms, mfu 21.13%
iter 6100: loss 0.7271, time 18.52ms, mfu 21.03%
iter 6110: loss 0.7298, time 18.75ms, mfu 20.92%
iter 6120: loss 0.7163, time 18.35ms, mfu 20.85%
iter 6130: loss 0.7331, time 18.50ms, mfu 20.78%
iter 6140: loss 0.7312, time 18.91ms, mfu 20.68%
iter 6150: loss 0.7060, time 17.94ms, mfu 20.69%
iter 6160: loss 0.7229, time 18.56ms, mfu 20.62%
iter 6170: loss 0.7010, time 18.69ms, mfu 20.56%
iter 6180: loss 0.6944, time 18.14ms, mfu 20.55%
iter 6190: loss 0.7148, time 18.82ms, mfu 20.48%
iter 6200: loss 0.7078, time 18.99ms, mfu 20.39%
iter 6210: loss 0.6832, time 17.89ms, mfu 20.44%
iter 6220: loss 0.6972, time 18.80ms, mfu 20.38%
iter 6230: loss 0.7190, time 18.93ms, mfu 20.31%
iter 6240: loss 0.7164, time 19.07ms, mfu 20.23%
step 6250: train loss 0.4586, val loss 1.8982
iter 6250: loss 0.7021, time 1980.76ms, mfu 18.23%
iter 6260: loss 0.7099, time 15.47ms, mfu 18.81%
iter 6270: loss 0.7135, time 15.25ms, mfu 19.37%
iter 6280: loss 0.6945, time 15.17ms, mfu 19.89%
iter 6290: loss 0.6930, time 15.68ms, mfu 20.28%
iter 6300: loss 0.7132, time 14.81ms, mfu 20.77%
iter 6310: loss 0.7119, time 15.43ms, mfu 21.11%
iter 6320: loss 0.6864, time 14.90ms, mfu 21.50%
iter 6330: loss 0.6824, time 15.62ms, mfu 21.73%
iter 6340: loss 0.7024, time 15.38ms, mfu 21.98%
iter 6350: loss 0.7070, time 15.44ms, mfu 22.20%
iter 6360: loss 0.6914, time 15.27ms, mfu 22.42%
iter 6370: loss 0.6902, time 14.92ms, mfu 22.67%
iter 6380: loss 0.6890, time 15.77ms, mfu 22.77%
iter 6390: loss 0.7174, time 15.34ms, mfu 22.92%
iter 6400: loss 0.7239, time 15.51ms, mfu 23.03%
iter 6410: loss 0.7055, time 15.06ms, mfu 23.20%
iter 6420: loss 0.6970, time 15.11ms, mfu 23.35%
iter 6430: loss 0.6862, time 14.61ms, mfu 23.56%
iter 6440: loss 0.6910, time 15.51ms, mfu 23.61%
iter 6450: loss 0.6865, time 15.37ms, mfu 23.67%
iter 6460: loss 0.6726, time 14.82ms, mfu 23.82%
iter 6470: loss 0.6842, time 15.53ms, mfu 23.84%
iter 6480: loss 0.6947, time 14.61ms, mfu 24.01%
iter 6490: loss 0.7013, time 15.42ms, mfu 24.02%
step 6500: train loss 0.4351, val loss 1.9180
iter 6500: loss 0.6753, time 1883.28ms, mfu 21.64%
iter 6510: loss 0.6807, time 15.55ms, mfu 21.87%
iter 6520: loss 0.6981, time 14.92ms, mfu 22.18%
iter 6530: loss 0.6964, time 16.10ms, mfu 22.28%
iter 6540: loss 0.7032, time 15.39ms, mfu 22.47%
iter 6550: loss 0.6711, time 14.86ms, mfu 22.73%
iter 6560: loss 0.6586, time 14.62ms, mfu 23.01%
iter 6570: loss 0.6972, time 15.50ms, mfu 23.11%
iter 6580: loss 0.6656, time 15.93ms, mfu 23.14%
iter 6590: loss 0.6808, time 14.94ms, mfu 23.32%
iter 6600: loss 0.6661, time 15.44ms, mfu 23.40%
iter 6610: loss 0.6723, time 15.35ms, mfu 23.49%
iter 6620: loss 0.6782, time 14.62ms, mfu 23.69%
iter 6630: loss 0.6953, time 14.78ms, mfu 23.84%
iter 6640: loss 0.6924, time 15.57ms, mfu 23.85%
iter 6650: loss 0.6749, time 15.57ms, mfu 23.86%
iter 6660: loss 0.6709, time 15.26ms, mfu 23.91%
iter 6670: loss 0.6713, time 22.77ms, mfu 23.16%
iter 6680: loss 0.6717, time 19.62ms, mfu 22.74%
iter 6690: loss 0.6687, time 19.61ms, mfu 22.37%
iter 6700: loss 0.6964, time 18.55ms, mfu 22.14%
iter 6710: loss 0.6773, time 18.44ms, mfu 21.95%
iter 6720: loss 0.6715, time 18.53ms, mfu 21.76%
iter 6730: loss 0.6587, time 18.62ms, mfu 21.59%
iter 6740: loss 0.6353, time 18.47ms, mfu 21.45%
step 6750: train loss 0.4053, val loss 1.9672
iter 6750: loss 0.6764, time 1884.25ms, mfu 19.32%
iter 6760: loss 0.6845, time 15.99ms, mfu 19.72%
iter 6770: loss 0.6533, time 16.16ms, mfu 20.05%
iter 6780: loss 0.6558, time 16.05ms, mfu 20.37%
iter 6790: loss 0.6658, time 16.29ms, mfu 20.62%
iter 6800: loss 0.6587, time 16.10ms, mfu 20.87%
iter 6810: loss 0.6648, time 16.01ms, mfu 21.11%
iter 6820: loss 0.6501, time 16.23ms, mfu 21.30%
iter 6830: loss 0.6563, time 16.00ms, mfu 21.50%
iter 6840: loss 0.6471, time 16.27ms, mfu 21.64%
iter 6850: loss 0.6670, time 15.99ms, mfu 21.81%
iter 6860: loss 0.6592, time 16.15ms, mfu 21.93%
iter 6870: loss 0.6598, time 16.38ms, mfu 22.01%
iter 6880: loss 0.6421, time 16.12ms, mfu 22.12%
iter 6890: loss 0.6281, time 15.40ms, mfu 22.33%
iter 6900: loss 0.6731, time 14.94ms, mfu 22.59%
iter 6910: loss 0.6727, time 15.08ms, mfu 22.80%
iter 6920: loss 0.6590, time 14.95ms, mfu 23.02%
iter 6930: loss 0.6433, time 14.89ms, mfu 23.22%
iter 6940: loss 0.6535, time 16.08ms, mfu 23.21%
iter 6950: loss 0.6485, time 15.93ms, mfu 23.23%
iter 6960: loss 0.6675, time 16.32ms, mfu 23.19%
iter 6970: loss 0.6553, time 16.04ms, mfu 23.19%
iter 6980: loss 0.6347, time 16.25ms, mfu 23.17%
iter 6990: loss 0.6465, time 16.34ms, mfu 23.13%
step 7000: train loss 0.3804, val loss 1.9894
iter 7000: loss 0.6408, time 1999.56ms, mfu 20.84%
iter 7010: loss 0.6260, time 18.27ms, mfu 20.79%
iter 7020: loss 0.6481, time 18.21ms, mfu 20.76%
iter 7030: loss 0.6356, time 18.12ms, mfu 20.74%
iter 7040: loss 0.6476, time 18.38ms, mfu 20.69%
iter 7050: loss 0.6486, time 18.08ms, mfu 20.69%
iter 7060: loss 0.6258, time 18.26ms, mfu 20.66%
iter 7070: loss 0.6496, time 17.20ms, mfu 20.76%
iter 7080: loss 0.6227, time 16.50ms, mfu 20.94%
iter 7090: loss 0.6202, time 18.23ms, mfu 20.89%
iter 7100: loss 0.6475, time 18.34ms, mfu 20.83%
iter 7110: loss 0.6369, time 18.27ms, mfu 20.79%
iter 7120: loss 0.6114, time 18.10ms, mfu 20.77%
iter 7130: loss 0.6246, time 18.24ms, mfu 20.73%
iter 7140: loss 0.6189, time 17.87ms, mfu 20.75%
iter 7150: loss 0.6285, time 17.87ms, mfu 20.76%
iter 7160: loss 0.6121, time 18.44ms, mfu 20.70%
iter 7170: loss 0.6532, time 18.13ms, mfu 20.69%
iter 7180: loss 0.6219, time 18.15ms, mfu 20.67%
iter 7190: loss 0.6421, time 17.98ms, mfu 20.68%
iter 7200: loss 0.6331, time 18.08ms, mfu 20.67%
iter 7210: loss 0.6262, time 18.18ms, mfu 20.65%
iter 7220: loss 0.6330, time 17.86ms, mfu 20.67%
iter 7230: loss 0.6359, time 17.88ms, mfu 20.69%
iter 7240: loss 0.6308, time 18.20ms, mfu 20.67%
step 7250: train loss 0.3648, val loss 2.0104
iter 7250: loss 0.6155, time 1988.26ms, mfu 18.62%
iter 7260: loss 0.6356, time 16.46ms, mfu 19.02%
iter 7270: loss 0.6276, time 16.36ms, mfu 19.40%
iter 7280: loss 0.6254, time 16.30ms, mfu 19.74%
iter 7290: loss 0.6158, time 16.13ms, mfu 20.08%
iter 7300: loss 0.6226, time 16.15ms, mfu 20.38%
iter 7310: loss 0.6281, time 16.17ms, mfu 20.64%
iter 7320: loss 0.6254, time 16.07ms, mfu 20.90%
iter 7330: loss 0.6259, time 16.54ms, mfu 21.06%
iter 7340: loss 0.6226, time 16.17ms, mfu 21.26%
iter 7350: loss 0.6292, time 16.15ms, mfu 21.44%
iter 7360: loss 0.6225, time 16.39ms, mfu 21.57%
iter 7370: loss 0.6047, time 16.39ms, mfu 21.69%
iter 7380: loss 0.6107, time 16.22ms, mfu 21.82%
iter 7390: loss 0.6266, time 16.30ms, mfu 21.92%
iter 7400: loss 0.6517, time 16.34ms, mfu 22.01%
iter 7410: loss 0.6021, time 16.47ms, mfu 22.07%
iter 7420: loss 0.6297, time 16.11ms, mfu 22.18%
iter 7430: loss 0.6020, time 16.37ms, mfu 22.23%
iter 7440: loss 0.6120, time 16.01ms, mfu 22.34%
iter 7450: loss 0.5968, time 16.49ms, mfu 22.36%
iter 7460: loss 0.6051, time 16.52ms, mfu 22.38%
iter 7470: loss 0.6036, time 16.29ms, mfu 22.43%
iter 7480: loss 0.6130, time 16.27ms, mfu 22.48%
iter 7490: loss 0.6154, time 16.56ms, mfu 22.48%
step 7500: train loss 0.3423, val loss 2.0312
iter 7500: loss 0.6009, time 1851.23ms, mfu 20.25%
iter 7510: loss 0.5924, time 12.05ms, mfu 21.32%
iter 7520: loss 0.5943, time 13.96ms, mfu 21.86%
iter 7530: loss 0.6188, time 13.11ms, mfu 22.52%
iter 7540: loss 0.5983, time 14.23ms, mfu 22.88%
iter 7550: loss 0.6273, time 14.28ms, mfu 23.20%
iter 7560: loss 0.6010, time 13.64ms, mfu 23.61%
iter 7570: loss 0.5930, time 13.78ms, mfu 23.96%
iter 7580: loss 0.6023, time 14.55ms, mfu 24.12%
iter 7590: loss 0.6211, time 15.59ms, mfu 24.10%
iter 7600: loss 0.5960, time 15.01ms, mfu 24.17%
iter 7610: loss 0.6126, time 14.95ms, mfu 24.25%
iter 7620: loss 0.6041, time 14.59ms, mfu 24.38%
iter 7630: loss 0.6194, time 15.34ms, mfu 24.37%
iter 7640: loss 0.5858, time 15.79ms, mfu 24.29%
iter 7650: loss 0.5865, time 15.58ms, mfu 24.25%
iter 7660: loss 0.6036, time 15.05ms, mfu 24.30%
iter 7670: loss 0.5994, time 15.50ms, mfu 24.28%
iter 7680: loss 0.5850, time 15.69ms, mfu 24.22%
iter 7690: loss 0.5864, time 14.54ms, mfu 24.36%
iter 7700: loss 0.6142, time 15.48ms, mfu 24.33%
iter 7710: loss 0.5949, time 15.19ms, mfu 24.35%
iter 7720: loss 0.6131, time 15.29ms, mfu 24.36%
iter 7730: loss 0.6106, time 14.95ms, mfu 24.41%
iter 7740: loss 0.6146, time 15.41ms, mfu 24.39%
step 7750: train loss 0.3193, val loss 2.0872
iter 7750: loss 0.6075, time 1965.06ms, mfu 21.97%
iter 7760: loss 0.5849, time 15.64ms, mfu 22.16%
iter 7770: loss 0.6038, time 8.11ms, mfu 24.53%
iter 7780: loss 0.5895, time 11.24ms, mfu 25.40%
iter 7790: loss 0.5975, time 6.79ms, mfu 28.34%
iter 7800: loss 0.5707, time 9.91ms, mfu 29.27%
iter 7810: loss 0.5938, time 8.33ms, mfu 30.82%
iter 7820: loss 0.5741, time 10.12ms, mfu 31.42%
iter 7830: loss 0.5685, time 9.22ms, mfu 32.32%
iter 7840: loss 0.5819, time 8.87ms, mfu 33.29%
iter 7850: loss 0.5877, time 9.87ms, mfu 33.73%
iter 7860: loss 0.5781, time 9.84ms, mfu 34.15%
iter 7870: loss 0.5959, time 7.28ms, mfu 35.85%
iter 7880: loss 0.5983, time 9.35ms, mfu 36.25%
iter 7890: loss 0.5764, time 8.99ms, mfu 36.77%
iter 7900: loss 0.5932, time 9.14ms, mfu 37.17%
iter 7910: loss 0.5923, time 9.88ms, mfu 37.22%
iter 7920: loss 0.5845, time 10.24ms, mfu 37.14%
iter 7930: loss 0.5852, time 9.67ms, mfu 37.28%
iter 7940: loss 0.5738, time 9.35ms, mfu 37.54%
iter 7950: loss 0.5947, time 9.69ms, mfu 37.63%
iter 7960: loss 0.5981, time 9.80ms, mfu 37.67%
iter 7970: loss 0.5791, time 8.34ms, mfu 38.37%
iter 7980: loss 0.5882, time 6.86ms, mfu 39.96%
iter 7990: loss 0.5970, time 6.67ms, mfu 41.55%
step 8000: train loss 0.3017, val loss 2.1089
iter 8000: loss 0.5737, time 1409.19ms, mfu 37.42%
iter 8010: loss 0.5620, time 10.86ms, mfu 37.11%
iter 8020: loss 0.5929, time 8.50ms, mfu 37.78%
iter 8030: loss 0.5603, time 9.76ms, mfu 37.82%
iter 8040: loss 0.5595, time 10.60ms, mfu 37.56%
iter 8050: loss 0.5560, time 6.97ms, mfu 39.14%
iter 8060: loss 0.5585, time 11.53ms, mfu 38.46%
iter 8070: loss 0.5421, time 18.44ms, mfu 36.64%
iter 8080: loss 0.5808, time 18.58ms, mfu 34.98%
iter 8090: loss 0.5854, time 18.57ms, mfu 33.49%
iter 8100: loss 0.5818, time 18.64ms, mfu 32.14%
iter 8110: loss 0.5731, time 18.31ms, mfu 30.96%
iter 8120: loss 0.5644, time 18.55ms, mfu 29.87%
iter 8130: loss 0.5708, time 20.08ms, mfu 28.74%
iter 8140: loss 0.5656, time 20.08ms, mfu 27.72%
iter 8150: loss 0.5473, time 20.30ms, mfu 26.79%
iter 8160: loss 0.5780, time 20.13ms, mfu 25.96%
iter 8170: loss 0.5433, time 19.84ms, mfu 25.24%
iter 8180: loss 0.5671, time 20.01ms, mfu 24.58%
iter 8190: loss 0.5609, time 19.83ms, mfu 24.00%
iter 8200: loss 0.5539, time 23.62ms, mfu 23.18%
iter 8210: loss 0.5785, time 23.75ms, mfu 22.43%
iter 8220: loss 0.5624, time 24.78ms, mfu 21.69%
iter 8230: loss 0.5507, time 24.60ms, mfu 21.03%
iter 8240: loss 0.5457, time 24.75ms, mfu 20.44%
step 8250: train loss 0.2853, val loss 2.1258
iter 8250: loss 0.5714, time 1962.29ms, mfu 18.41%
iter 8260: loss 0.5609, time 14.60ms, mfu 19.12%
iter 8270: loss 0.5617, time 14.58ms, mfu 19.77%
iter 8280: loss 0.5515, time 14.73ms, mfu 20.32%
iter 8290: loss 0.5600, time 15.15ms, mfu 20.75%
iter 8300: loss 0.5665, time 14.52ms, mfu 21.24%
iter 8310: loss 0.5458, time 14.73ms, mfu 21.64%
iter 8320: loss 0.5588, time 14.81ms, mfu 21.99%
iter 8330: loss 0.5516, time 14.72ms, mfu 22.33%
iter 8340: loss 0.5555, time 14.73ms, mfu 22.62%
iter 8350: loss 0.5470, time 14.56ms, mfu 22.92%
iter 8360: loss 0.5415, time 15.97ms, mfu 22.96%
iter 8370: loss 0.5642, time 19.57ms, mfu 22.57%
iter 8380: loss 0.5606, time 19.45ms, mfu 22.23%
iter 8390: loss 0.5358, time 19.37ms, mfu 21.93%
iter 8400: loss 0.5542, time 19.44ms, mfu 21.65%
iter 8410: loss 0.5706, time 19.21ms, mfu 21.43%
iter 8420: loss 0.5551, time 19.11ms, mfu 21.23%
iter 8430: loss 0.5447, time 19.00ms, mfu 21.07%
iter 8440: loss 0.5422, time 19.31ms, mfu 20.89%
iter 8450: loss 0.5406, time 18.88ms, mfu 20.78%
iter 8460: loss 0.5535, time 19.16ms, mfu 20.65%
iter 8470: loss 0.5290, time 18.75ms, mfu 20.57%
iter 8480: loss 0.5315, time 18.69ms, mfu 20.51%
iter 8490: loss 0.5530, time 19.04ms, mfu 20.41%
step 8500: train loss 0.2687, val loss 2.1685
iter 8500: loss 0.5554, time 1826.63ms, mfu 18.39%
iter 8510: loss 0.5587, time 15.47ms, mfu 18.96%
iter 8520: loss 0.5599, time 15.69ms, mfu 19.44%
iter 8530: loss 0.5499, time 15.78ms, mfu 19.86%
iter 8540: loss 0.5321, time 16.05ms, mfu 20.19%
iter 8550: loss 0.5475, time 14.64ms, mfu 20.72%
iter 8560: loss 0.5386, time 14.55ms, mfu 21.21%
iter 8570: loss 0.5386, time 15.83ms, mfu 21.44%
iter 8580: loss 0.5293, time 14.77ms, mfu 21.82%
iter 8590: loss 0.5323, time 15.88ms, mfu 21.99%
iter 8600: loss 0.5347, time 14.63ms, mfu 22.33%
iter 8610: loss 0.5464, time 13.83ms, mfu 22.79%
iter 8620: loss 0.5489, time 14.94ms, mfu 23.01%
iter 8630: loss 0.5381, time 15.58ms, mfu 23.10%
iter 8640: loss 0.5270, time 15.49ms, mfu 23.20%
iter 8650: loss 0.5300, time 15.47ms, mfu 23.29%
iter 8660: loss 0.5453, time 15.34ms, mfu 23.39%
iter 8670: loss 0.5264, time 15.73ms, mfu 23.42%
iter 8680: loss 0.5257, time 14.64ms, mfu 23.62%
iter 8690: loss 0.5290, time 15.54ms, mfu 23.66%
iter 8700: loss 0.5374, time 15.47ms, mfu 23.70%
iter 8710: loss 0.5513, time 15.15ms, mfu 23.79%
iter 8720: loss 0.5384, time 15.67ms, mfu 23.79%
iter 8730: loss 0.5314, time 15.68ms, mfu 23.79%
iter 8740: loss 0.5339, time 15.97ms, mfu 23.74%
step 8750: train loss 0.2544, val loss 2.1932
iter 8750: loss 0.5103, time 1966.94ms, mfu 21.39%
iter 8760: loss 0.5219, time 15.92ms, mfu 21.59%
iter 8770: loss 0.5295, time 15.98ms, mfu 21.76%
iter 8780: loss 0.5146, time 15.82ms, mfu 21.94%
iter 8790: loss 0.5322, time 15.93ms, mfu 22.09%
iter 8800: loss 0.5305, time 16.52ms, mfu 22.13%
iter 8810: loss 0.5315, time 19.92ms, mfu 21.79%
iter 8820: loss 0.5129, time 19.95ms, mfu 21.48%
iter 8830: loss 0.5301, time 19.94ms, mfu 21.20%
iter 8840: loss 0.5248, time 21.61ms, mfu 20.80%
iter 8850: loss 0.5264, time 21.15ms, mfu 20.49%
iter 8860: loss 0.5151, time 21.69ms, mfu 20.16%
iter 8870: loss 0.5377, time 21.24ms, mfu 19.90%
iter 8880: loss 0.5247, time 21.18ms, mfu 19.66%
iter 8890: loss 0.5186, time 21.48ms, mfu 19.43%
iter 8900: loss 0.5275, time 21.55ms, mfu 19.22%
iter 8910: loss 0.5324, time 21.34ms, mfu 19.04%
iter 8920: loss 0.5320, time 21.27ms, mfu 18.89%
iter 8930: loss 0.5176, time 21.25ms, mfu 18.76%
iter 8940: loss 0.5144, time 21.35ms, mfu 18.62%
iter 8950: loss 0.5289, time 21.19ms, mfu 18.52%
iter 8960: loss 0.5225, time 21.29ms, mfu 18.42%
iter 8970: loss 0.5252, time 21.04ms, mfu 18.35%
iter 8980: loss 0.5152, time 21.49ms, mfu 18.25%
iter 8990: loss 0.5075, time 21.06ms, mfu 18.19%
step 9000: train loss 0.2386, val loss 2.2331
iter 9000: loss 0.5171, time 1940.62ms, mfu 16.39%
iter 9010: loss 0.5387, time 14.18ms, mfu 17.38%
iter 9020: loss 0.5235, time 14.38ms, mfu 18.23%
iter 9030: loss 0.5205, time 14.80ms, mfu 18.93%
iter 9040: loss 0.5063, time 12.52ms, mfu 20.01%
iter 9050: loss 0.4923, time 13.71ms, mfu 20.73%
iter 9060: loss 0.5263, time 13.69ms, mfu 21.38%
iter 9070: loss 0.5009, time 13.86ms, mfu 21.93%
iter 9080: loss 0.5235, time 13.28ms, mfu 22.54%
iter 9090: loss 0.5178, time 12.51ms, mfu 23.26%
iter 9100: loss 0.5272, time 14.23ms, mfu 23.55%
iter 9110: loss 0.5252, time 13.55ms, mfu 23.95%
iter 9120: loss 0.5109, time 13.03ms, mfu 24.41%
iter 9130: loss 0.4892, time 13.80ms, mfu 24.67%
iter 9140: loss 0.5028, time 12.45ms, mfu 25.20%
iter 9150: loss 0.4909, time 14.64ms, mfu 25.22%
iter 9160: loss 0.5068, time 12.09ms, mfu 25.78%
iter 9170: loss 0.5074, time 14.12ms, mfu 25.84%
iter 9180: loss 0.5060, time 13.17ms, mfu 26.09%
iter 9190: loss 0.5056, time 13.95ms, mfu 26.15%
iter 9200: loss 0.4837, time 12.91ms, mfu 26.42%
iter 9210: loss 0.5040, time 12.66ms, mfu 26.72%
iter 9220: loss 0.4932, time 12.15ms, mfu 27.12%
iter 9230: loss 0.4962, time 12.09ms, mfu 27.49%
iter 9240: loss 0.5001, time 13.89ms, mfu 27.42%
step 9250: train loss 0.2275, val loss 2.2536
iter 9250: loss 0.4880, time 1815.74ms, mfu 24.70%
iter 9260: loss 0.5103, time 14.32ms, mfu 24.83%
iter 9270: loss 0.4993, time 12.82ms, mfu 25.26%
iter 9280: loss 0.4958, time 13.04ms, mfu 25.59%
iter 9290: loss 0.4965, time 12.71ms, mfu 25.96%
iter 9300: loss 0.5030, time 13.16ms, mfu 26.20%
iter 9310: loss 0.5138, time 12.57ms, mfu 26.54%
iter 9320: loss 0.4793, time 14.44ms, mfu 26.47%
iter 9330: loss 0.4982, time 13.15ms, mfu 26.65%
iter 9340: loss 0.4833, time 14.11ms, mfu 26.63%
iter 9350: loss 0.4890, time 12.97ms, mfu 26.84%
iter 9360: loss 0.4989, time 13.80ms, mfu 26.85%
iter 9370: loss 0.4912, time 14.33ms, mfu 26.77%
iter 9380: loss 0.4872, time 12.65ms, mfu 27.04%
iter 9390: loss 0.4991, time 14.45ms, mfu 26.91%
iter 9400: loss 0.4990, time 13.11ms, mfu 27.07%
iter 9410: loss 0.4900, time 14.12ms, mfu 27.00%
iter 9420: loss 0.5199, time 14.07ms, mfu 26.95%
iter 9430: loss 0.5052, time 14.44ms, mfu 26.83%
iter 9440: loss 0.4844, time 14.60ms, mfu 26.70%
iter 9450: loss 0.4950, time 19.47ms, mfu 25.95%
iter 9460: loss 0.4871, time 21.45ms, mfu 25.09%
iter 9470: loss 0.5032, time 23.47ms, mfu 24.17%
iter 9480: loss 0.4801, time 23.30ms, mfu 23.35%
iter 9490: loss 0.4990, time 23.41ms, mfu 22.61%
step 9500: train loss 0.2161, val loss 2.2825
iter 9500: loss 0.4863, time 1871.43ms, mfu 20.37%
iter 9510: loss 0.4895, time 14.57ms, mfu 20.89%
iter 9520: loss 0.4865, time 14.76ms, mfu 21.32%
iter 9530: loss 0.4912, time 14.81ms, mfu 21.71%
iter 9540: loss 0.4848, time 14.72ms, mfu 22.07%
iter 9550: loss 0.4830, time 14.56ms, mfu 22.42%
iter 9560: loss 0.4821, time 14.77ms, mfu 22.70%
iter 9570: loss 0.4812, time 14.77ms, mfu 22.95%
iter 9580: loss 0.4741, time 14.71ms, mfu 23.19%
iter 9590: loss 0.4682, time 14.79ms, mfu 23.39%
iter 9600: loss 0.4883, time 14.85ms, mfu 23.56%
iter 9610: loss 0.4659, time 14.82ms, mfu 23.72%
iter 9620: loss 0.4846, time 14.68ms, mfu 23.89%
iter 9630: loss 0.4825, time 14.62ms, mfu 24.05%
iter 9640: loss 0.4773, time 14.78ms, mfu 24.16%
iter 9650: loss 0.4608, time 14.70ms, mfu 24.28%
iter 9660: loss 0.4801, time 14.75ms, mfu 24.38%
iter 9670: loss 0.4708, time 14.62ms, mfu 24.49%
iter 9680: loss 0.4876, time 14.57ms, mfu 24.60%
iter 9690: loss 0.4878, time 14.70ms, mfu 24.67%
iter 9700: loss 0.4702, time 14.79ms, mfu 24.73%
iter 9710: loss 0.4898, time 14.60ms, mfu 24.81%
iter 9720: loss 0.4677, time 14.73ms, mfu 24.85%
iter 9730: loss 0.4867, time 14.73ms, mfu 24.90%
iter 9740: loss 0.4757, time 14.90ms, mfu 24.91%
step 9750: train loss 0.2039, val loss 2.2954
iter 9750: loss 0.4966, time 1835.83ms, mfu 22.44%
iter 9760: loss 0.4740, time 14.73ms, mfu 22.72%
iter 9770: loss 0.4714, time 14.77ms, mfu 22.98%
iter 9780: loss 0.4841, time 14.62ms, mfu 23.23%
iter 9790: loss 0.4893, time 14.60ms, mfu 23.46%
iter 9800: loss 0.4712, time 12.41ms, mfu 24.11%
iter 9810: loss 0.4730, time 12.48ms, mfu 24.69%
iter 9820: loss 0.4752, time 12.58ms, mfu 25.18%
iter 9830: loss 0.4784, time 12.51ms, mfu 25.64%
iter 9840: loss 0.4876, time 12.36ms, mfu 26.09%
iter 9850: loss 0.4560, time 7.55ms, mfu 28.42%
iter 9860: loss 0.4977, time 12.51ms, mfu 28.55%
iter 9870: loss 0.4810, time 12.65ms, mfu 28.64%
iter 9880: loss 0.4824, time 12.59ms, mfu 28.74%
iter 9890: loss 0.4757, time 12.49ms, mfu 28.85%
iter 9900: loss 0.4621, time 12.45ms, mfu 28.96%
iter 9910: loss 0.4799, time 12.50ms, mfu 29.04%
iter 9920: loss 0.4622, time 12.53ms, mfu 29.11%
iter 9930: loss 0.4658, time 8.13ms, mfu 30.78%
iter 9940: loss 0.4681, time 12.34ms, mfu 30.72%
iter 9950: loss 0.4881, time 12.46ms, mfu 30.64%
iter 9960: loss 0.4671, time 12.49ms, mfu 30.56%
iter 9970: loss 0.4669, time 12.56ms, mfu 30.47%
iter 9980: loss 0.4618, time 12.56ms, mfu 30.39%
iter 9990: loss 0.4665, time 12.41ms, mfu 30.35%
step 10000: train loss 0.1931, val loss 2.3351
iter 10000: loss 0.4674, time 1418.00ms, mfu 27.34%
iter 10010: loss 0.4593, time 12.35ms, mfu 27.63%
iter 10020: loss 0.4688, time 12.39ms, mfu 27.87%
iter 10030: loss 0.4748, time 12.39ms, mfu 28.09%
iter 10040: loss 0.4503, time 12.54ms, mfu 28.25%
iter 10050: loss 0.4625, time 12.59ms, mfu 28.39%
iter 10060: loss 0.4539, time 12.24ms, mfu 28.60%
iter 10070: loss 0.4451, time 12.32ms, mfu 28.76%
iter 10080: loss 0.4872, time 12.35ms, mfu 28.90%
iter 10090: loss 0.4543, time 12.41ms, mfu 29.01%
iter 10100: loss 0.4616, time 12.35ms, mfu 29.13%
iter 10110: loss 0.4685, time 12.26ms, mfu 29.26%
iter 10120: loss 0.4517, time 12.43ms, mfu 29.33%
iter 10130: loss 0.4597, time 12.29ms, mfu 29.43%
iter 10140: loss 0.4745, time 7.73ms, mfu 31.30%
iter 10150: loss 0.4685, time 12.53ms, mfu 31.15%
iter 10160: loss 0.4693, time 13.30ms, mfu 30.83%
iter 10170: loss 0.4666, time 12.51ms, mfu 30.73%
iter 10180: loss 0.4584, time 12.67ms, mfu 30.60%
iter 10190: loss 0.4609, time 12.27ms, mfu 30.57%
iter 10200: loss 0.4657, time 12.30ms, mfu 30.55%
iter 10210: loss 0.4506, time 12.32ms, mfu 30.52%
iter 10220: loss 0.4703, time 12.28ms, mfu 30.50%
iter 10230: loss 0.4522, time 12.30ms, mfu 30.48%
iter 10240: loss 0.4495, time 12.20ms, mfu 30.48%
step 10250: train loss 0.1853, val loss 2.3444
iter 10250: loss 0.4752, time 1412.53ms, mfu 27.46%
iter 10260: loss 0.4511, time 12.46ms, mfu 27.71%
iter 10270: loss 0.4419, time 7.66ms, mfu 29.80%
iter 10280: loss 0.4451, time 12.36ms, mfu 29.84%
iter 10290: loss 0.4425, time 12.44ms, mfu 29.85%
iter 10300: loss 0.4514, time 12.50ms, mfu 29.84%
iter 10310: loss 0.4583, time 12.46ms, mfu 29.85%
iter 10320: loss 0.4446, time 12.36ms, mfu 29.88%
iter 10330: loss 0.4387, time 12.62ms, mfu 29.84%
iter 10340: loss 0.4484, time 12.51ms, mfu 29.84%
iter 10350: loss 0.4458, time 8.13ms, mfu 31.44%
iter 10360: loss 0.4469, time 12.43ms, mfu 31.29%
iter 10370: loss 0.4572, time 12.36ms, mfu 31.18%
iter 10380: loss 0.4548, time 12.59ms, mfu 31.02%
iter 10390: loss 0.4686, time 12.49ms, mfu 30.90%
iter 10400: loss 0.4486, time 12.46ms, mfu 30.80%
iter 10410: loss 0.4429, time 12.48ms, mfu 30.71%
iter 10420: loss 0.4553, time 12.29ms, mfu 30.67%
iter 10430: loss 0.4527, time 12.29ms, mfu 30.63%
iter 10440: loss 0.4523, time 11.54ms, mfu 30.80%
iter 10450: loss 0.4442, time 12.36ms, mfu 30.73%
iter 10460: loss 0.4398, time 12.30ms, mfu 30.69%
iter 10470: loss 0.4252, time 12.53ms, mfu 30.59%
iter 10480: loss 0.4406, time 12.41ms, mfu 30.54%
iter 10490: loss 0.4454, time 12.52ms, mfu 30.46%
step 10500: train loss 0.1773, val loss 2.3875
iter 10500: loss 0.4437, time 1419.94ms, mfu 27.44%
iter 10510: loss 0.4294, time 12.25ms, mfu 27.74%
iter 10520: loss 0.4216, time 12.24ms, mfu 28.01%
iter 10530: loss 0.4480, time 12.36ms, mfu 28.22%
iter 10540: loss 0.4492, time 12.70ms, mfu 28.33%
iter 10550: loss 0.4500, time 12.48ms, mfu 28.48%
iter 10560: loss 0.4407, time 11.00ms, mfu 29.02%
iter 10570: loss 0.4332, time 20.68ms, mfu 27.92%
iter 10580: loss 0.4435, time 21.66ms, mfu 26.85%
iter 10590: loss 0.4292, time 21.74ms, mfu 25.88%
iter 10600: loss 0.4308, time 21.71ms, mfu 25.01%
iter 10610: loss 0.4517, time 21.90ms, mfu 24.21%
iter 10620: loss 0.4548, time 21.65ms, mfu 23.51%
iter 10630: loss 0.4436, time 21.59ms, mfu 22.88%
iter 10640: loss 0.4129, time 21.94ms, mfu 22.29%
iter 10650: loss 0.4371, time 21.81ms, mfu 21.77%
iter 10660: loss 0.4363, time 21.65ms, mfu 21.32%
iter 10670: loss 0.4404, time 21.87ms, mfu 20.89%
iter 10680: loss 0.4309, time 21.94ms, mfu 20.50%
iter 10690: loss 0.4428, time 21.56ms, mfu 20.18%
iter 10700: loss 0.4257, time 19.17ms, mfu 20.10%
iter 10710: loss 0.4491, time 21.42ms, mfu 19.83%
iter 10720: loss 0.4260, time 21.97ms, mfu 19.54%
iter 10730: loss 0.4536, time 23.49ms, mfu 19.18%
iter 10740: loss 0.4284, time 23.41ms, mfu 18.85%
step 10750: train loss 0.1687, val loss 2.4163
iter 10750: loss 0.4472, time 2036.20ms, mfu 16.98%
iter 10760: loss 0.4385, time 16.16ms, mfu 17.59%
iter 10770: loss 0.4205, time 16.25ms, mfu 18.12%
iter 10780: loss 0.4348, time 16.40ms, mfu 18.58%
iter 10790: loss 0.4316, time 18.09ms, mfu 18.79%
iter 10800: loss 0.4331, time 18.71ms, mfu 18.90%
iter 10810: loss 0.4280, time 18.71ms, mfu 19.00%
iter 10820: loss 0.4237, time 18.39ms, mfu 19.13%
iter 10830: loss 0.4484, time 18.74ms, mfu 19.20%
iter 10840: loss 0.4299, time 18.77ms, mfu 19.27%
iter 10850: loss 0.4212, time 18.61ms, mfu 19.34%
iter 10860: loss 0.4261, time 17.21ms, mfu 19.57%
iter 10870: loss 0.4207, time 17.91ms, mfu 19.70%
iter 10880: loss 0.4212, time 18.07ms, mfu 19.79%
iter 10890: loss 0.4320, time 18.29ms, mfu 19.85%
iter 10900: loss 0.4285, time 18.75ms, mfu 19.85%
iter 10910: loss 0.4338, time 18.77ms, mfu 19.85%
iter 10920: loss 0.3999, time 18.14ms, mfu 19.92%
iter 10930: loss 0.4233, time 18.73ms, mfu 19.92%
iter 10940: loss 0.4222, time 18.87ms, mfu 19.90%
iter 10950: loss 0.4082, time 17.98ms, mfu 19.98%
iter 10960: loss 0.4158, time 18.41ms, mfu 20.01%
iter 10970: loss 0.4250, time 18.20ms, mfu 20.06%
iter 10980: loss 0.4252, time 18.70ms, mfu 20.04%
iter 10990: loss 0.4167, time 18.71ms, mfu 20.03%
step 11000: train loss 0.1622, val loss 2.4220
iter 11000: loss 0.4120, time 1993.57ms, mfu 18.05%
iter 11010: loss 0.4150, time 15.66ms, mfu 18.62%
iter 11020: loss 0.4292, time 15.91ms, mfu 19.10%
iter 11030: loss 0.4347, time 15.53ms, mfu 19.59%
iter 11040: loss 0.4100, time 14.19ms, mfu 20.26%
iter 11050: loss 0.4251, time 15.67ms, mfu 20.61%
iter 11060: loss 0.4098, time 15.22ms, mfu 21.00%
iter 11070: loss 0.4199, time 15.84ms, mfu 21.25%
iter 11080: loss 0.4079, time 15.47ms, mfu 21.53%
iter 11090: loss 0.4209, time 15.13ms, mfu 21.84%
iter 11100: loss 0.4152, time 16.04ms, mfu 21.98%
iter 11110: loss 0.4048, time 15.90ms, mfu 22.13%
iter 11120: loss 0.4297, time 15.45ms, mfu 22.33%
iter 11130: loss 0.4081, time 14.26ms, mfu 22.71%
iter 11140: loss 0.4295, time 15.86ms, mfu 22.78%
iter 11150: loss 0.4216, time 15.33ms, mfu 22.94%
iter 11160: loss 0.4149, time 15.36ms, mfu 23.07%
iter 11170: loss 0.4164, time 15.11ms, mfu 23.23%
iter 11180: loss 0.4266, time 15.96ms, mfu 23.24%
iter 11190: loss 0.4178, time 14.58ms, mfu 23.47%
iter 11200: loss 0.4021, time 15.56ms, mfu 23.52%
iter 11210: loss 0.4277, time 15.58ms, mfu 23.56%
iter 11220: loss 0.4133, time 14.27ms, mfu 23.81%
iter 11230: loss 0.4158, time 11.20ms, mfu 24.76%
iter 11240: loss 0.4148, time 13.03ms, mfu 25.14%
step 11250: train loss 0.1542, val loss 2.4515
iter 11250: loss 0.4220, time 1822.30ms, mfu 22.65%
iter 11260: loss 0.4111, time 14.52ms, mfu 22.95%
iter 11270: loss 0.4062, time 14.06ms, mfu 23.31%
iter 11280: loss 0.4013, time 14.16ms, mfu 23.61%
iter 11290: loss 0.4081, time 14.15ms, mfu 23.88%
iter 11300: loss 0.4180, time 14.43ms, mfu 24.07%
iter 11310: loss 0.4084, time 12.83ms, mfu 24.57%
iter 11320: loss 0.4183, time 13.00ms, mfu 24.98%
iter 11330: loss 0.4175, time 13.97ms, mfu 25.15%
iter 11340: loss 0.4132, time 12.07ms, mfu 25.72%
iter 11350: loss 0.4062, time 14.16ms, mfu 25.78%
iter 11360: loss 0.3974, time 13.56ms, mfu 25.95%
iter 11370: loss 0.4046, time 14.12ms, mfu 26.00%
iter 11380: loss 0.4048, time 19.73ms, mfu 25.28%
iter 11390: loss 0.3994, time 22.15ms, mfu 24.44%
iter 11400: loss 0.3976, time 21.88ms, mfu 23.70%
iter 11410: loss 0.4037, time 21.69ms, mfu 23.05%
iter 11420: loss 0.4114, time 21.61ms, mfu 22.47%
iter 11430: loss 0.4084, time 21.84ms, mfu 21.93%
iter 11440: loss 0.4036, time 21.97ms, mfu 21.43%
iter 11450: loss 0.4006, time 21.69ms, mfu 21.00%
iter 11460: loss 0.4262, time 21.97ms, mfu 20.60%
iter 11470: loss 0.3944, time 21.76ms, mfu 20.25%
iter 11480: loss 0.4067, time 21.88ms, mfu 19.93%
iter 11490: loss 0.4254, time 21.86ms, mfu 19.64%
step 11500: train loss 0.1484, val loss 2.4874
iter 11500: loss 0.4072, time 1876.64ms, mfu 17.70%
iter 11510: loss 0.4058, time 14.81ms, mfu 18.44%
iter 11520: loss 0.4013, time 17.43ms, mfu 18.74%
iter 11530: loss 0.3973, time 14.66ms, mfu 19.41%
iter 11540: loss 0.3934, time 14.54ms, mfu 20.03%
iter 11550: loss 0.4090, time 14.84ms, mfu 20.53%
iter 11560: loss 0.4018, time 14.88ms, mfu 20.99%
iter 11570: loss 0.3918, time 14.65ms, mfu 21.43%
iter 11580: loss 0.3927, time 14.65ms, mfu 21.83%
iter 11590: loss 0.3959, time 14.82ms, mfu 22.16%
iter 11600: loss 0.4060, time 14.51ms, mfu 22.51%
iter 11610: loss 0.4078, time 14.58ms, mfu 22.82%
iter 11620: loss 0.3947, time 14.55ms, mfu 23.10%
iter 11630: loss 0.4101, time 14.75ms, mfu 23.31%
iter 11640: loss 0.4015, time 18.26ms, mfu 23.02%
iter 11650: loss 0.3954, time 17.83ms, mfu 22.81%
iter 11660: loss 0.3910, time 17.58ms, mfu 22.65%
iter 11670: loss 0.3970, time 18.36ms, mfu 22.41%
iter 11680: loss 0.3891, time 18.57ms, mfu 22.18%
iter 11690: loss 0.3914, time 18.31ms, mfu 22.00%
iter 11700: loss 0.3893, time 18.64ms, mfu 21.79%
iter 11710: loss 0.4050, time 18.40ms, mfu 21.64%
iter 11720: loss 0.4046, time 18.54ms, mfu 21.49%
iter 11730: loss 0.3923, time 18.88ms, mfu 21.31%
iter 11740: loss 0.3890, time 20.32ms, mfu 21.02%
step 11750: train loss 0.1442, val loss 2.4984
iter 11750: loss 0.3878, time 1993.19ms, mfu 18.93%
iter 11760: loss 0.3867, time 15.97ms, mfu 19.37%
iter 11770: loss 0.4058, time 15.91ms, mfu 19.78%
iter 11780: loss 0.3888, time 16.04ms, mfu 20.12%
iter 11790: loss 0.3932, time 15.95ms, mfu 20.45%
iter 11800: loss 0.4003, time 16.27ms, mfu 20.69%
iter 11810: loss 0.3770, time 15.98ms, mfu 20.95%
iter 11820: loss 0.4002, time 15.93ms, mfu 21.20%
iter 11830: loss 0.3853, time 15.94ms, mfu 21.41%
iter 11840: loss 0.3868, time 16.11ms, mfu 21.59%
iter 11850: loss 0.3905, time 16.00ms, mfu 21.76%
iter 11860: loss 0.3882, time 15.98ms, mfu 21.91%
iter 11870: loss 0.3771, time 15.93ms, mfu 22.06%
iter 11880: loss 0.3860, time 15.91ms, mfu 22.20%
iter 11890: loss 0.3836, time 15.98ms, mfu 22.31%
iter 11900: loss 0.3886, time 15.93ms, mfu 22.42%
iter 11910: loss 0.4044, time 16.01ms, mfu 22.50%
iter 11920: loss 0.3980, time 15.07ms, mfu 22.72%
iter 11930: loss 0.3908, time 15.02ms, mfu 22.93%
iter 11940: loss 0.3870, time 15.12ms, mfu 23.10%
iter 11950: loss 0.3999, time 15.62ms, mfu 23.18%
iter 11960: loss 0.3828, time 16.00ms, mfu 23.19%
iter 11970: loss 0.3752, time 15.24ms, mfu 23.32%
iter 11980: loss 0.3986, time 15.69ms, mfu 23.36%
iter 11990: loss 0.3862, time 15.75ms, mfu 23.39%
step 12000: train loss 0.1385, val loss 2.5292
iter 12000: loss 0.3841, time 1843.35ms, mfu 21.07%
iter 12010: loss 0.3674, time 13.70ms, mfu 21.68%
iter 12020: loss 0.3895, time 13.96ms, mfu 22.18%
iter 12030: loss 0.3900, time 13.31ms, mfu 22.76%
iter 12040: loss 0.3871, time 13.77ms, mfu 23.19%
iter 12050: loss 0.3911, time 13.07ms, mfu 23.73%
iter 12060: loss 0.3991, time 13.93ms, mfu 24.03%
iter 12070: loss 0.3951, time 13.02ms, mfu 24.49%
iter 12080: loss 0.3804, time 13.79ms, mfu 24.74%
iter 12090: loss 0.3990, time 16.74ms, mfu 24.49%
iter 12100: loss 0.3745, time 19.18ms, mfu 23.99%
iter 12110: loss 0.3871, time 20.50ms, mfu 23.41%
iter 12120: loss 0.3852, time 20.52ms, mfu 22.88%
iter 12130: loss 0.3830, time 20.51ms, mfu 22.41%
iter 12140: loss 0.3749, time 20.58ms, mfu 21.98%
iter 12150: loss 0.3808, time 20.25ms, mfu 21.62%
iter 12160: loss 0.3987, time 20.47ms, mfu 21.28%
iter 12170: loss 0.3842, time 20.27ms, mfu 20.99%
iter 12180: loss 0.3691, time 20.38ms, mfu 20.72%
iter 12190: loss 0.3782, time 20.37ms, mfu 20.48%
iter 12200: loss 0.3810, time 20.79ms, mfu 20.22%
iter 12210: loss 0.3781, time 22.04ms, mfu 19.89%
iter 12220: loss 0.3720, time 22.06ms, mfu 19.59%
iter 12230: loss 0.3796, time 21.81ms, mfu 19.34%
iter 12240: loss 0.3928, time 21.77ms, mfu 19.12%
step 12250: train loss 0.1339, val loss 2.5437
iter 12250: loss 0.3803, time 2005.90ms, mfu 17.22%
iter 12260: loss 0.3832, time 16.14ms, mfu 17.81%
iter 12270: loss 0.3972, time 16.06ms, mfu 18.35%
iter 12280: loss 0.3612, time 16.47ms, mfu 18.78%
iter 12290: loss 0.3838, time 15.99ms, mfu 19.23%
iter 12300: loss 0.3645, time 16.40ms, mfu 19.58%
iter 12310: loss 0.3757, time 16.12ms, mfu 19.93%
iter 12320: loss 0.3774, time 16.11ms, mfu 20.25%
iter 12330: loss 0.3719, time 16.42ms, mfu 20.50%
iter 12340: loss 0.3773, time 16.06ms, mfu 20.77%
iter 12350: loss 0.3731, time 15.97ms, mfu 21.02%
iter 12360: loss 0.3782, time 16.26ms, mfu 21.21%
iter 12370: loss 0.3872, time 15.92ms, mfu 21.43%
iter 12380: loss 0.3842, time 15.58ms, mfu 21.68%
iter 12390: loss 0.3717, time 15.17ms, mfu 21.97%
iter 12400: loss 0.3961, time 16.08ms, mfu 22.09%
iter 12410: loss 0.3623, time 16.19ms, mfu 22.18%
iter 12420: loss 0.3811, time 15.91ms, mfu 22.31%
iter 12430: loss 0.3723, time 16.00ms, mfu 22.40%
iter 12440: loss 0.3808, time 16.24ms, mfu 22.46%
iter 12450: loss 0.3757, time 15.98ms, mfu 22.54%
iter 12460: loss 0.3750, time 15.96ms, mfu 22.63%
iter 12470: loss 0.3762, time 16.03ms, mfu 22.69%
iter 12480: loss 0.3631, time 16.20ms, mfu 22.72%
iter 12490: loss 0.3808, time 15.98ms, mfu 22.78%
step 12500: train loss 0.1317, val loss 2.5762
iter 12500: loss 0.3797, time 1966.51ms, mfu 20.52%
iter 12510: loss 0.3777, time 16.02ms, mfu 20.79%
iter 12520: loss 0.3804, time 16.08ms, mfu 21.03%
iter 12530: loss 0.3740, time 16.01ms, mfu 21.26%
iter 12540: loss 0.3854, time 16.25ms, mfu 21.42%
iter 12550: loss 0.3556, time 16.04ms, mfu 21.60%
iter 12560: loss 0.3632, time 15.95ms, mfu 21.78%
iter 12570: loss 0.3784, time 12.48ms, mfu 22.59%
iter 12580: loss 0.3719, time 15.99ms, mfu 22.66%
iter 12590: loss 0.3671, time 16.14ms, mfu 22.70%
iter 12600: loss 0.3760, time 16.21ms, mfu 22.73%
iter 12610: loss 0.3680, time 15.98ms, mfu 22.79%
iter 12620: loss 0.3690, time 16.08ms, mfu 22.83%
iter 12630: loss 0.3670, time 16.09ms, mfu 22.86%
iter 12640: loss 0.3587, time 16.36ms, mfu 22.85%
iter 12650: loss 0.3782, time 16.33ms, mfu 22.85%
iter 12660: loss 0.3752, time 16.12ms, mfu 22.88%
iter 12670: loss 0.3696, time 15.91ms, mfu 22.93%
iter 12680: loss 0.3829, time 16.25ms, mfu 22.93%
iter 12690: loss 0.3836, time 15.97ms, mfu 22.97%
iter 12700: loss 0.3754, time 16.27ms, mfu 22.96%
iter 12710: loss 0.3750, time 15.99ms, mfu 23.00%
iter 12720: loss 0.3706, time 16.28ms, mfu 22.99%
iter 12730: loss 0.3696, time 16.04ms, mfu 23.01%
iter 12740: loss 0.3645, time 16.03ms, mfu 23.03%
step 12750: train loss 0.1268, val loss 2.5906
iter 12750: loss 0.3761, time 1963.05ms, mfu 20.75%
iter 12760: loss 0.3779, time 13.29ms, mfu 21.48%
iter 12770: loss 0.3689, time 16.03ms, mfu 21.65%
iter 12780: loss 0.3652, time 16.05ms, mfu 21.81%
iter 12790: loss 0.3670, time 16.00ms, mfu 21.96%
iter 12800: loss 0.3607, time 15.99ms, mfu 22.09%
iter 12810: loss 0.3744, time 15.95ms, mfu 22.22%
iter 12820: loss 0.3620, time 16.19ms, mfu 22.30%
iter 12830: loss 0.3810, time 16.00ms, mfu 22.40%
iter 12840: loss 0.3551, time 16.02ms, mfu 22.48%
iter 12850: loss 0.3832, time 15.98ms, mfu 22.57%
iter 12860: loss 0.3708, time 15.87ms, mfu 22.66%
iter 12870: loss 0.3790, time 15.92ms, mfu 22.73%
iter 12880: loss 0.3641, time 15.99ms, mfu 22.79%
iter 12890: loss 0.3653, time 19.16ms, mfu 22.46%
iter 12900: loss 0.3699, time 21.93ms, mfu 21.91%
iter 12910: loss 0.3622, time 21.80ms, mfu 21.43%
iter 12920: loss 0.3560, time 21.97ms, mfu 20.98%
iter 12930: loss 0.3561, time 22.04ms, mfu 20.57%
iter 12940: loss 0.3554, time 16.00ms, mfu 20.84%
iter 12950: loss 0.3707, time 16.01ms, mfu 21.09%
iter 12960: loss 0.3575, time 16.08ms, mfu 21.30%
iter 12970: loss 0.3678, time 16.05ms, mfu 21.49%
iter 12980: loss 0.3661, time 16.01ms, mfu 21.67%
iter 12990: loss 0.3680, time 16.01ms, mfu 21.83%
step 13000: train loss 0.1246, val loss 2.6093
iter 13000: loss 0.3729, time 1845.67ms, mfu 19.66%
iter 13010: loss 0.3570, time 14.72ms, mfu 20.23%
iter 13020: loss 0.3583, time 14.69ms, mfu 20.74%
iter 13030: loss 0.3674, time 14.52ms, mfu 21.24%
iter 13040: loss 0.3567, time 14.54ms, mfu 21.67%
iter 13050: loss 0.3630, time 14.76ms, mfu 22.03%
iter 13060: loss 0.3593, time 14.62ms, mfu 22.38%
iter 13070: loss 0.3613, time 14.60ms, mfu 22.69%
iter 13080: loss 0.3653, time 14.51ms, mfu 22.99%
iter 13090: loss 0.3548, time 14.77ms, mfu 23.21%
iter 13100: loss 0.3633, time 14.77ms, mfu 23.42%
iter 13110: loss 0.3763, time 14.71ms, mfu 23.61%
iter 13120: loss 0.3526, time 14.71ms, mfu 23.78%
iter 13130: loss 0.3580, time 14.52ms, mfu 23.97%
iter 13140: loss 0.3576, time 14.61ms, mfu 24.12%
iter 13150: loss 0.3609, time 14.77ms, mfu 24.23%
iter 13160: loss 0.3641, time 14.69ms, mfu 24.35%
iter 13170: loss 0.3593, time 14.70ms, mfu 24.45%
iter 13180: loss 0.3571, time 14.55ms, mfu 24.56%
iter 13190: loss 0.3591, time 14.67ms, mfu 24.65%
iter 13200: loss 0.3557, time 14.66ms, mfu 24.72%
iter 13210: loss 0.3590, time 14.81ms, mfu 24.77%
iter 13220: loss 0.3602, time 14.54ms, mfu 24.85%
iter 13230: loss 0.3552, time 14.66ms, mfu 24.91%
iter 13240: loss 0.3550, time 14.65ms, mfu 24.96%
step 13250: train loss 0.1220, val loss 2.6160
iter 13250: loss 0.3553, time 1831.87ms, mfu 22.49%
iter 13260: loss 0.3629, time 15.92ms, mfu 22.58%
iter 13270: loss 0.3571, time 15.88ms, mfu 22.67%
iter 13280: loss 0.3574, time 15.58ms, mfu 22.79%
iter 13290: loss 0.3623, time 14.73ms, mfu 23.04%
iter 13300: loss 0.3496, time 14.59ms, mfu 23.29%
iter 13310: loss 0.3471, time 14.69ms, mfu 23.50%
iter 13320: loss 0.3470, time 14.69ms, mfu 23.69%
iter 13330: loss 0.3544, time 14.57ms, mfu 23.88%
iter 13340: loss 0.3488, time 14.72ms, mfu 24.02%
iter 13350: loss 0.3563, time 14.68ms, mfu 24.16%
iter 13360: loss 0.3567, time 14.72ms, mfu 24.27%
iter 13370: loss 0.3667, time 14.52ms, mfu 24.41%
iter 13380: loss 0.3656, time 14.73ms, mfu 24.50%
iter 13390: loss 0.3505, time 14.64ms, mfu 24.60%
iter 13400: loss 0.3737, time 14.67ms, mfu 24.68%
iter 13410: loss 0.3579, time 14.56ms, mfu 24.77%
iter 13420: loss 0.3338, time 14.57ms, mfu 24.85%
iter 13430: loss 0.3536, time 14.70ms, mfu 24.90%
iter 13440: loss 0.3558, time 14.70ms, mfu 24.94%
iter 13450: loss 0.3631, time 14.72ms, mfu 24.98%
iter 13460: loss 0.3367, time 14.59ms, mfu 25.04%
iter 13470: loss 0.3521, time 14.73ms, mfu 25.06%
iter 13480: loss 0.3619, time 14.94ms, mfu 25.05%
iter 13490: loss 0.3327, time 14.75ms, mfu 25.07%
step 13500: train loss 0.1191, val loss 2.6298
iter 13500: loss 0.3554, time 1815.98ms, mfu 22.58%
iter 13510: loss 0.3330, time 14.59ms, mfu 22.88%
iter 13520: loss 0.3615, time 14.68ms, mfu 23.13%
iter 13530: loss 0.3581, time 14.78ms, mfu 23.34%
iter 13540: loss 0.3554, time 16.80ms, mfu 23.22%
iter 13550: loss 0.3539, time 14.63ms, mfu 23.45%
iter 13560: loss 0.3497, time 14.77ms, mfu 23.62%
iter 13570: loss 0.3562, time 14.73ms, mfu 23.79%
iter 13580: loss 0.3494, time 14.62ms, mfu 23.96%
iter 13590: loss 0.3473, time 14.86ms, mfu 24.07%
iter 13600: loss 0.3554, time 14.56ms, mfu 24.23%
iter 13610: loss 0.3260, time 14.74ms, mfu 24.33%
iter 13620: loss 0.3488, time 14.72ms, mfu 24.43%
iter 13630: loss 0.3515, time 14.51ms, mfu 24.55%
iter 13640: loss 0.3480, time 14.66ms, mfu 24.64%
iter 13650: loss 0.3301, time 15.01ms, mfu 24.66%
iter 13660: loss 0.3401, time 14.70ms, mfu 24.73%
iter 13670: loss 0.3365, time 14.50ms, mfu 24.83%
iter 13680: loss 0.3367, time 14.72ms, mfu 24.88%
iter 13690: loss 0.3499, time 14.70ms, mfu 24.92%
iter 13700: loss 0.3433, time 14.56ms, mfu 24.99%
iter 13710: loss 0.3559, time 14.69ms, mfu 25.03%
iter 13720: loss 0.3431, time 14.49ms, mfu 25.10%
iter 13730: loss 0.3579, time 14.53ms, mfu 25.15%
iter 13740: loss 0.3456, time 17.79ms, mfu 24.73%
step 13750: train loss 0.1185, val loss 2.6235
iter 13750: loss 0.3364, time 1825.55ms, mfu 22.28%
iter 13760: loss 0.3549, time 13.53ms, mfu 22.80%
iter 13770: loss 0.3430, time 14.16ms, mfu 23.16%
iter 13780: loss 0.3479, time 14.37ms, mfu 23.43%
iter 13790: loss 0.3521, time 15.52ms, mfu 23.49%
iter 13800: loss 0.3533, time 15.79ms, mfu 23.50%
iter 13810: loss 0.3383, time 15.53ms, mfu 23.55%
iter 13820: loss 0.3378, time 15.11ms, mfu 23.66%
iter 13830: loss 0.3431, time 15.68ms, mfu 23.67%
iter 13840: loss 0.3206, time 15.42ms, mfu 23.72%
iter 13850: loss 0.3541, time 15.81ms, mfu 23.70%
iter 13860: loss 0.3416, time 14.58ms, mfu 23.89%
iter 13870: loss 0.3483, time 15.57ms, mfu 23.89%
iter 13880: loss 0.3310, time 15.30ms, mfu 23.94%
iter 13890: loss 0.3580, time 15.22ms, mfu 23.99%
iter 13900: loss 0.3424, time 16.03ms, mfu 23.92%
iter 13910: loss 0.3426, time 16.09ms, mfu 23.84%
iter 13920: loss 0.3485, time 14.43ms, mfu 24.04%
iter 13930: loss 0.3281, time 14.62ms, mfu 24.19%
iter 13940: loss 0.3328, time 14.86ms, mfu 24.27%
iter 13950: loss 0.3371, time 14.26ms, mfu 24.46%
iter 13960: loss 0.3525, time 12.54ms, mfu 24.99%
iter 13970: loss 0.3475, time 14.51ms, mfu 25.06%
iter 13980: loss 0.3427, time 14.16ms, mfu 25.18%
iter 13990: loss 0.3437, time 14.06ms, mfu 25.31%
step 14000: train loss 0.1157, val loss 2.6600
iter 14000: loss 0.3435, time 1953.33ms, mfu 22.80%
iter 14010: loss 0.3414, time 16.08ms, mfu 22.84%
iter 14020: loss 0.3480, time 16.30ms, mfu 22.84%
iter 14030: loss 0.3470, time 16.46ms, mfu 22.82%
iter 14040: loss 0.3527, time 16.13ms, mfu 22.85%
iter 14050: loss 0.3469, time 16.15ms, mfu 22.87%
iter 14060: loss 0.3413, time 16.19ms, mfu 22.89%
iter 14070: loss 0.3498, time 16.19ms, mfu 22.90%
iter 14080: loss 0.3403, time 16.26ms, mfu 22.90%
iter 14090: loss 0.3381, time 15.81ms, mfu 22.97%
iter 14100: loss 0.3545, time 15.86ms, mfu 23.02%
iter 14110: loss 0.3414, time 15.99ms, mfu 23.05%
iter 14120: loss 0.3397, time 16.07ms, mfu 23.06%
iter 14130: loss 0.3511, time 16.38ms, mfu 23.03%
iter 14140: loss 0.3509, time 16.03ms, mfu 23.05%
iter 14150: loss 0.3412, time 16.15ms, mfu 23.05%
iter 14160: loss 0.3536, time 16.10ms, mfu 23.06%
iter 14170: loss 0.3364, time 16.30ms, mfu 23.04%
iter 14180: loss 0.3377, time 15.91ms, mfu 23.08%
iter 14190: loss 0.3418, time 15.99ms, mfu 23.10%
iter 14200: loss 0.3288, time 15.91ms, mfu 23.13%
iter 14210: loss 0.3496, time 16.14ms, mfu 23.13%
iter 14220: loss 0.3460, time 15.99ms, mfu 23.15%
iter 14230: loss 0.3430, time 15.96ms, mfu 23.17%
iter 14240: loss 0.3385, time 15.88ms, mfu 23.20%
step 14250: train loss 0.1149, val loss 2.6703
iter 14250: loss 0.3387, time 1906.40ms, mfu 20.90%
iter 14260: loss 0.3624, time 13.27ms, mfu 21.61%
iter 14270: loss 0.3383, time 12.59ms, mfu 22.41%
iter 14280: loss 0.3384, time 12.77ms, mfu 23.09%
iter 14290: loss 0.3365, time 13.85ms, mfu 23.47%
iter 14300: loss 0.3451, time 13.94ms, mfu 23.80%
iter 14310: loss 0.3480, time 13.64ms, mfu 24.15%
iter 14320: loss 0.3339, time 14.15ms, mfu 24.37%
iter 14330: loss 0.3427, time 13.65ms, mfu 24.66%
iter 14340: loss 0.3355, time 12.76ms, mfu 25.11%
iter 14350: loss 0.3451, time 11.93ms, mfu 25.73%
iter 14360: loss 0.3390, time 14.00ms, mfu 25.81%
iter 14370: loss 0.3384, time 13.69ms, mfu 25.95%
iter 14380: loss 0.3383, time 14.24ms, mfu 25.97%
iter 14390: loss 0.3482, time 12.98ms, mfu 26.25%
iter 14400: loss 0.3259, time 13.02ms, mfu 26.48%
iter 14410: loss 0.3493, time 14.27ms, mfu 26.45%
iter 14420: loss 0.3459, time 14.35ms, mfu 26.40%
iter 14430: loss 0.3363, time 13.88ms, mfu 26.44%
iter 14440: loss 0.3314, time 14.04ms, mfu 26.45%
iter 14450: loss 0.3430, time 14.09ms, mfu 26.45%
iter 14460: loss 0.3334, time 14.40ms, mfu 26.39%
iter 14470: loss 0.3369, time 12.54ms, mfu 26.73%
iter 14480: loss 0.3373, time 13.65ms, mfu 26.78%
iter 14490: loss 0.3439, time 11.05ms, mfu 27.48%
step 14500: train loss 0.1123, val loss 2.6751
iter 14500: loss 0.3398, time 1747.49ms, mfu 24.75%
iter 14510: loss 0.3337, time 11.08ms, mfu 25.64%
iter 14520: loss 0.3409, time 9.93ms, mfu 26.83%
iter 14530: loss 0.3418, time 10.64ms, mfu 27.65%
iter 14540: loss 0.3362, time 6.11ms, mfu 30.98%
iter 14550: loss 0.3369, time 10.60ms, mfu 31.40%
iter 14560: loss 0.3292, time 10.34ms, mfu 31.86%
iter 14570: loss 0.3327, time 6.68ms, mfu 34.26%
iter 14580: loss 0.3326, time 9.73ms, mfu 34.66%
iter 14590: loss 0.3403, time 10.12ms, mfu 34.88%
iter 14600: loss 0.3339, time 6.68ms, mfu 36.96%
iter 14610: loss 0.3340, time 8.19ms, mfu 37.82%
iter 14620: loss 0.3363, time 9.61ms, mfu 37.91%
iter 14630: loss 0.3410, time 9.77ms, mfu 37.94%
iter 14640: loss 0.3287, time 18.58ms, mfu 36.15%
iter 14650: loss 0.3326, time 18.43ms, mfu 34.56%
iter 14660: loss 0.3252, time 18.47ms, mfu 33.12%
iter 14670: loss 0.3377, time 14.73ms, mfu 32.34%
iter 14680: loss 0.3385, time 14.82ms, mfu 31.62%
iter 14690: loss 0.3327, time 14.82ms, mfu 30.97%
iter 14700: loss 0.3376, time 14.64ms, mfu 30.42%
iter 14710: loss 0.3399, time 14.69ms, mfu 29.91%
iter 14720: loss 0.3336, time 17.40ms, mfu 29.06%
iter 14730: loss 0.3395, time 14.57ms, mfu 28.71%
iter 14740: loss 0.3337, time 14.49ms, mfu 28.41%
step 14750: train loss 0.1116, val loss 2.6895
iter 14750: loss 0.3286, time 1830.01ms, mfu 25.59%
iter 14760: loss 0.3341, time 12.49ms, mfu 26.01%
iter 14770: loss 0.3308, time 12.67ms, mfu 26.35%
iter 14780: loss 0.3376, time 12.48ms, mfu 26.70%
iter 14790: loss 0.3329, time 12.45ms, mfu 27.03%
iter 14800: loss 0.3432, time 12.44ms, mfu 27.32%
iter 14810: loss 0.3476, time 12.44ms, mfu 27.58%
iter 14820: loss 0.3328, time 12.42ms, mfu 27.83%
iter 14830: loss 0.3247, time 12.40ms, mfu 28.05%
iter 14840: loss 0.3436, time 12.53ms, mfu 28.22%
iter 14850: loss 0.3395, time 12.33ms, mfu 28.42%
iter 14860: loss 0.3213, time 12.31ms, mfu 28.60%
iter 14870: loss 0.3320, time 12.36ms, mfu 28.76%
iter 14880: loss 0.3358, time 12.38ms, mfu 28.89%
iter 14890: loss 0.3385, time 13.11ms, mfu 28.84%
iter 14900: loss 0.3328, time 12.30ms, mfu 28.99%
iter 14910: loss 0.3295, time 12.28ms, mfu 29.12%
iter 14920: loss 0.3338, time 12.27ms, mfu 29.25%
iter 14930: loss 0.3285, time 12.27ms, mfu 29.36%
iter 14940: loss 0.3375, time 12.31ms, mfu 29.45%
iter 14950: loss 0.3380, time 12.42ms, mfu 29.51%
iter 14960: loss 0.3380, time 12.39ms, mfu 29.56%
iter 14970: loss 0.3298, time 12.53ms, mfu 29.58%
iter 14980: loss 0.3274, time 12.55ms, mfu 29.59%
iter 14990: loss 0.3338, time 12.48ms, mfu 29.62%
step 15000: train loss 0.1110, val loss 2.7046
iter 15000: loss 0.3289, time 1424.91ms, mfu 26.68%
