Overriding config with /tmp/baseline_seed46.py:
# Import base config
exec(open('config/train_baby_baseline_multiseed.py').read())

# Override with seed-specific values
seed_offset = 46
out_dir = '/net/scratch2/junyuren/nanoGPT-manifold/out-baby-baseline-seed46'

tokens per iteration will be: 16,384
found vocab_size = 65 (inside data/shakespeare_char/meta.pkl)
Initializing a new model from scratch
number of parameters: 10.65M
num decayed parameter tensors: 26, with 10,740,096 parameters
num non-decayed parameter tensors: 13, with 4,992 parameters
using fused AdamW: True
compiling the model... (takes a ~minute)
step 0: train loss 4.2874, val loss 4.2823
iter 0: loss 4.2654, time 10454.64ms, mfu -100.00%
iter 10: loss 3.1462, time 15.29ms, mfu 24.37%
iter 20: loss 2.7308, time 15.80ms, mfu 24.29%
iter 30: loss 2.6176, time 16.15ms, mfu 24.16%
iter 40: loss 2.5754, time 15.95ms, mfu 24.08%
iter 50: loss 2.5249, time 15.94ms, mfu 24.01%
iter 60: loss 2.5141, time 19.51ms, mfu 23.52%
iter 70: loss 2.4948, time 16.00ms, mfu 23.50%
iter 80: loss 2.4932, time 15.92ms, mfu 23.49%
iter 90: loss 2.4701, time 15.93ms, mfu 23.48%
iter 100: loss 2.4782, time 16.04ms, mfu 23.46%
iter 110: loss 2.4617, time 16.28ms, mfu 23.40%
iter 120: loss 2.4271, time 16.10ms, mfu 23.37%
iter 130: loss 2.4096, time 16.09ms, mfu 23.35%
iter 140: loss 2.4092, time 16.23ms, mfu 23.31%
iter 150: loss 2.4135, time 15.98ms, mfu 23.31%
iter 160: loss 2.3676, time 16.00ms, mfu 23.31%
iter 170: loss 2.3521, time 16.21ms, mfu 23.28%
iter 180: loss 2.3145, time 15.88ms, mfu 23.30%
iter 190: loss 2.2488, time 16.16ms, mfu 23.27%
iter 200: loss 2.2077, time 15.84ms, mfu 23.30%
iter 210: loss 2.1462, time 15.92ms, mfu 23.31%
iter 220: loss 2.1490, time 16.07ms, mfu 23.30%
iter 230: loss 2.0807, time 16.12ms, mfu 23.28%
iter 240: loss 2.0826, time 15.94ms, mfu 23.29%
step 250: train loss 1.9674, val loss 2.0685
saving checkpoint to /net/scratch2/junyuren/nanoGPT-manifold/out-baby-baseline-seed46
iter 250: loss 2.0337, time 5808.36ms, mfu 20.97%
iter 260: loss 1.9781, time 23.92ms, mfu 20.43%
iter 270: loss 1.9860, time 23.34ms, mfu 19.98%
iter 280: loss 1.9711, time 23.67ms, mfu 19.56%
iter 290: loss 1.9161, time 23.51ms, mfu 19.19%
iter 300: loss 1.8996, time 24.82ms, mfu 18.77%
iter 310: loss 1.8690, time 24.98ms, mfu 18.38%
iter 320: loss 1.8546, time 24.82ms, mfu 18.05%
iter 330: loss 1.8224, time 24.42ms, mfu 17.77%
iter 340: loss 1.7879, time 25.09ms, mfu 17.48%
iter 350: loss 1.8229, time 24.60ms, mfu 17.24%
iter 360: loss 1.7720, time 24.46ms, mfu 17.04%
iter 370: loss 1.7404, time 24.56ms, mfu 16.85%
iter 380: loss 1.7242, time 24.83ms, mfu 16.67%
iter 390: loss 1.7292, time 24.89ms, mfu 16.50%
iter 400: loss 1.7651, time 24.95ms, mfu 16.34%
iter 410: loss 1.6919, time 24.87ms, mfu 16.21%
iter 420: loss 1.7101, time 24.85ms, mfu 16.09%
iter 430: loss 1.6808, time 24.91ms, mfu 15.97%
iter 440: loss 1.6488, time 24.70ms, mfu 15.88%
iter 450: loss 1.6459, time 25.05ms, mfu 15.78%
iter 460: loss 1.6027, time 24.82ms, mfu 15.71%
iter 470: loss 1.6449, time 24.65ms, mfu 15.65%
iter 480: loss 1.6173, time 24.46ms, mfu 15.61%
iter 490: loss 1.5946, time 24.44ms, mfu 15.57%
step 500: train loss 1.5201, val loss 1.7209
saving checkpoint to /net/scratch2/junyuren/nanoGPT-manifold/out-baby-baseline-seed46
iter 500: loss 1.5956, time 5809.74ms, mfu 14.02%
iter 510: loss 1.6018, time 24.82ms, mfu 14.12%
iter 520: loss 1.5958, time 24.83ms, mfu 14.21%
iter 530: loss 1.5577, time 24.81ms, mfu 14.29%
iter 540: loss 1.6143, time 24.37ms, mfu 14.39%
iter 550: loss 1.5556, time 24.90ms, mfu 14.45%
iter 560: loss 1.5549, time 24.85ms, mfu 14.50%
iter 570: loss 1.5515, time 24.78ms, mfu 14.55%
iter 580: loss 1.5272, time 24.91ms, mfu 14.60%
iter 590: loss 1.4881, time 24.90ms, mfu 14.63%
iter 600: loss 1.5056, time 24.48ms, mfu 14.69%
iter 610: loss 1.5436, time 24.39ms, mfu 14.75%
iter 620: loss 1.5225, time 24.44ms, mfu 14.80%
iter 630: loss 1.5030, time 24.49ms, mfu 14.84%
iter 640: loss 1.4569, time 24.52ms, mfu 14.88%
iter 650: loss 1.4932, time 24.53ms, mfu 14.91%
iter 660: loss 1.5074, time 24.48ms, mfu 14.94%
iter 670: loss 1.4385, time 24.51ms, mfu 14.97%
iter 680: loss 1.5003, time 24.59ms, mfu 14.98%
iter 690: loss 1.4641, time 24.48ms, mfu 15.01%
iter 700: loss 1.4791, time 24.65ms, mfu 15.02%
iter 710: loss 1.4517, time 24.95ms, mfu 15.01%
iter 720: loss 1.4397, time 24.82ms, mfu 15.01%
iter 730: loss 1.4190, time 24.99ms, mfu 15.00%
iter 740: loss 1.4193, time 24.95ms, mfu 14.99%
step 750: train loss 1.3580, val loss 1.5833
saving checkpoint to /net/scratch2/junyuren/nanoGPT-manifold/out-baby-baseline-seed46
iter 750: loss 1.4119, time 5488.00ms, mfu 13.50%
iter 760: loss 1.4406, time 24.49ms, mfu 13.67%
iter 770: loss 1.4236, time 24.73ms, mfu 13.81%
iter 780: loss 1.4112, time 24.83ms, mfu 13.93%
iter 790: loss 1.4151, time 24.62ms, mfu 14.05%
iter 800: loss 1.4245, time 24.44ms, mfu 14.17%
iter 810: loss 1.3972, time 24.49ms, mfu 14.28%
iter 820: loss 1.3999, time 24.81ms, mfu 14.35%
iter 830: loss 1.3851, time 24.85ms, mfu 14.41%
iter 840: loss 1.3999, time 24.64ms, mfu 14.49%
iter 850: loss 1.3850, time 24.43ms, mfu 14.56%
iter 860: loss 1.3999, time 24.63ms, mfu 14.62%
iter 870: loss 1.3912, time 24.73ms, mfu 14.66%
iter 880: loss 1.3724, time 24.61ms, mfu 14.71%
iter 890: loss 1.3903, time 24.54ms, mfu 14.76%
iter 900: loss 1.3684, time 24.52ms, mfu 14.80%
iter 910: loss 1.3149, time 24.89ms, mfu 14.82%
iter 920: loss 1.3550, time 24.75ms, mfu 14.84%
iter 930: loss 1.3566, time 24.41ms, mfu 14.88%
iter 940: loss 1.3401, time 24.46ms, mfu 14.92%
iter 950: loss 1.3472, time 24.91ms, mfu 14.92%
iter 960: loss 1.3602, time 24.85ms, mfu 14.93%
iter 970: loss 1.3558, time 24.98ms, mfu 14.93%
iter 980: loss 1.3528, time 24.58ms, mfu 14.95%
iter 990: loss 1.3322, time 23.88ms, mfu 15.02%
step 1000: train loss 1.2725, val loss 1.5193
saving checkpoint to /net/scratch2/junyuren/nanoGPT-manifold/out-baby-baseline-seed46
iter 1000: loss 1.3343, time 6372.85ms, mfu 13.52%
iter 1010: loss 1.3369, time 23.38ms, mfu 13.76%
iter 1020: loss 1.3125, time 23.10ms, mfu 14.00%
iter 1030: loss 1.3352, time 23.38ms, mfu 14.19%
iter 1040: loss 1.3552, time 23.19ms, mfu 14.38%
iter 1050: loss 1.2909, time 23.26ms, mfu 14.54%
iter 1060: loss 1.3449, time 23.26ms, mfu 14.69%
iter 1070: loss 1.3273, time 23.51ms, mfu 14.81%
iter 1080: loss 1.3347, time 23.39ms, mfu 14.92%
iter 1090: loss 1.3487, time 23.23ms, mfu 15.03%
iter 1100: loss 1.3160, time 23.40ms, mfu 15.12%
iter 1110: loss 1.2929, time 23.40ms, mfu 15.20%
iter 1120: loss 1.2984, time 23.34ms, mfu 15.28%
iter 1130: loss 1.2951, time 23.45ms, mfu 15.34%
iter 1140: loss 1.2971, time 23.55ms, mfu 15.39%
iter 1150: loss 1.3056, time 14.89ms, mfu 16.35%
iter 1160: loss 1.3309, time 15.00ms, mfu 17.20%
iter 1170: loss 1.2966, time 15.05ms, mfu 17.96%
iter 1180: loss 1.3134, time 15.01ms, mfu 18.64%
iter 1190: loss 1.2648, time 15.04ms, mfu 19.26%
iter 1200: loss 1.2909, time 15.00ms, mfu 19.81%
iter 1210: loss 1.2618, time 14.99ms, mfu 20.32%
iter 1220: loss 1.3017, time 14.81ms, mfu 20.80%
iter 1230: loss 1.2987, time 14.97ms, mfu 21.21%
iter 1240: loss 1.3058, time 15.02ms, mfu 21.57%
step 1250: train loss 1.2053, val loss 1.5040
saving checkpoint to /net/scratch2/junyuren/nanoGPT-manifold/out-baby-baseline-seed46
iter 1250: loss 1.2720, time 4162.44ms, mfu 19.42%
iter 1260: loss 1.2864, time 23.52ms, mfu 19.06%
iter 1270: loss 1.2632, time 23.23ms, mfu 18.76%
iter 1280: loss 1.2586, time 23.87ms, mfu 18.45%
iter 1290: loss 1.2853, time 23.60ms, mfu 18.18%
iter 1300: loss 1.2982, time 23.70ms, mfu 17.94%
iter 1310: loss 1.2431, time 23.54ms, mfu 17.73%
iter 1320: loss 1.3100, time 23.58ms, mfu 17.53%
iter 1330: loss 1.2617, time 23.31ms, mfu 17.38%
iter 1340: loss 1.2930, time 23.63ms, mfu 17.22%
iter 1350: loss 1.2544, time 23.41ms, mfu 17.09%
iter 1360: loss 1.2740, time 23.50ms, mfu 16.96%
iter 1370: loss 1.2581, time 23.53ms, mfu 16.85%
iter 1380: loss 1.2636, time 23.14ms, mfu 16.78%
iter 1390: loss 1.2507, time 23.60ms, mfu 16.68%
iter 1400: loss 1.2551, time 23.49ms, mfu 16.60%
iter 1410: loss 1.2516, time 23.52ms, mfu 16.52%
iter 1420: loss 1.2729, time 23.31ms, mfu 16.47%
iter 1430: loss 1.2408, time 23.44ms, mfu 16.41%
iter 1440: loss 1.2502, time 23.56ms, mfu 16.35%
iter 1450: loss 1.2327, time 23.77ms, mfu 16.28%
iter 1460: loss 1.2414, time 23.40ms, mfu 16.25%
iter 1470: loss 1.2247, time 23.36ms, mfu 16.22%
iter 1480: loss 1.2129, time 23.59ms, mfu 16.18%
iter 1490: loss 1.2373, time 23.59ms, mfu 16.14%
step 1500: train loss 1.1554, val loss 1.4887
saving checkpoint to /net/scratch2/junyuren/nanoGPT-manifold/out-baby-baseline-seed46
iter 1500: loss 1.1867, time 4372.27ms, mfu 14.53%
iter 1510: loss 1.2432, time 23.42ms, mfu 14.67%
iter 1520: loss 1.2272, time 23.31ms, mfu 14.80%
iter 1530: loss 1.2602, time 23.68ms, mfu 14.90%
iter 1540: loss 1.1909, time 23.76ms, mfu 14.97%
iter 1550: loss 1.2365, time 23.91ms, mfu 15.04%
iter 1560: loss 1.2086, time 23.53ms, mfu 15.12%
iter 1570: loss 1.2439, time 23.54ms, mfu 15.19%
iter 1580: loss 1.2148, time 20.18ms, mfu 15.51%
iter 1590: loss 1.1932, time 18.68ms, mfu 15.96%
iter 1600: loss 1.1920, time 18.16ms, mfu 16.41%
iter 1610: loss 1.2417, time 19.27ms, mfu 16.71%
iter 1620: loss 1.1924, time 19.39ms, mfu 16.96%
iter 1630: loss 1.2127, time 18.46ms, mfu 17.28%
iter 1640: loss 1.2011, time 18.66ms, mfu 17.55%
iter 1650: loss 1.1879, time 18.38ms, mfu 17.82%
iter 1660: loss 1.2215, time 20.54ms, mfu 17.85%
iter 1670: loss 1.2044, time 20.53ms, mfu 17.88%
iter 1680: loss 1.2039, time 20.85ms, mfu 17.88%
iter 1690: loss 1.2082, time 20.49ms, mfu 17.91%
iter 1700: loss 1.1813, time 20.78ms, mfu 17.91%
iter 1710: loss 1.1850, time 20.67ms, mfu 17.93%
iter 1720: loss 1.1909, time 20.71ms, mfu 17.93%
iter 1730: loss 1.2055, time 20.89ms, mfu 17.92%
iter 1740: loss 1.1739, time 20.64ms, mfu 17.94%
step 1750: train loss 1.1090, val loss 1.4752
saving checkpoint to /net/scratch2/junyuren/nanoGPT-manifold/out-baby-baseline-seed46
iter 1750: loss 1.1890, time 9292.50ms, mfu 16.15%
iter 1760: loss 1.1945, time 23.61ms, mfu 16.11%
iter 1770: loss 1.1974, time 23.65ms, mfu 16.07%
iter 1780: loss 1.2106, time 23.64ms, mfu 16.04%
iter 1790: loss 1.2004, time 23.68ms, mfu 16.01%
iter 1800: loss 1.1901, time 23.77ms, mfu 15.98%
iter 1810: loss 1.1697, time 23.48ms, mfu 15.97%
iter 1820: loss 1.1749, time 23.58ms, mfu 15.95%
iter 1830: loss 1.1791, time 23.64ms, mfu 15.93%
iter 1840: loss 1.1636, time 24.84ms, mfu 15.84%
iter 1850: loss 1.1606, time 23.63ms, mfu 15.83%
iter 1860: loss 1.1782, time 23.60ms, mfu 15.83%
iter 1870: loss 1.1585, time 23.58ms, mfu 15.83%
iter 1880: loss 1.1886, time 23.49ms, mfu 15.83%
iter 1890: loss 1.1889, time 23.50ms, mfu 15.83%
iter 1900: loss 1.1395, time 23.55ms, mfu 15.83%
iter 1910: loss 1.1788, time 23.81ms, mfu 15.81%
iter 1920: loss 1.1798, time 23.56ms, mfu 15.81%
iter 1930: loss 1.1545, time 23.67ms, mfu 15.81%
iter 1940: loss 1.1336, time 23.49ms, mfu 15.81%
iter 1950: loss 1.1470, time 24.85ms, mfu 15.73%
iter 1960: loss 1.1604, time 24.84ms, mfu 15.66%
iter 1970: loss 1.1674, time 24.81ms, mfu 15.59%
iter 1980: loss 1.1548, time 24.79ms, mfu 15.54%
iter 1990: loss 1.1611, time 25.01ms, mfu 15.47%
step 2000: train loss 1.0675, val loss 1.4812
iter 2000: loss 1.1411, time 2003.07ms, mfu 13.94%
iter 2010: loss 1.1340, time 16.38ms, mfu 14.83%
iter 2020: loss 1.1284, time 16.14ms, mfu 15.65%
iter 2030: loss 1.1684, time 16.05ms, mfu 16.41%
iter 2040: loss 1.1508, time 16.26ms, mfu 17.06%
iter 2050: loss 1.1214, time 16.06ms, mfu 17.67%
iter 2060: loss 1.1116, time 16.11ms, mfu 18.22%
iter 2070: loss 1.1410, time 16.40ms, mfu 18.67%
iter 2080: loss 1.1392, time 16.45ms, mfu 19.07%
iter 2090: loss 1.1461, time 16.08ms, mfu 19.48%
iter 2100: loss 1.1426, time 16.17ms, mfu 19.83%
iter 2110: loss 1.1413, time 16.39ms, mfu 20.12%
iter 2120: loss 1.1402, time 16.03ms, mfu 20.44%
iter 2130: loss 1.1489, time 16.28ms, mfu 20.68%
iter 2140: loss 1.1497, time 16.38ms, mfu 20.89%
iter 2150: loss 1.1410, time 16.20ms, mfu 21.10%
iter 2160: loss 1.1507, time 16.10ms, mfu 21.30%
iter 2170: loss 1.1547, time 16.39ms, mfu 21.45%
iter 2180: loss 1.1239, time 16.24ms, mfu 21.60%
iter 2190: loss 1.1158, time 16.20ms, mfu 21.74%
iter 2200: loss 1.1384, time 16.12ms, mfu 21.88%
iter 2210: loss 1.1300, time 16.37ms, mfu 21.96%
iter 2220: loss 1.1411, time 16.09ms, mfu 22.08%
iter 2230: loss 1.1279, time 16.17ms, mfu 22.18%
iter 2240: loss 1.1393, time 16.56ms, mfu 22.21%
step 2250: train loss 1.0256, val loss 1.4861
iter 2250: loss 1.1260, time 1990.10ms, mfu 20.01%
iter 2260: loss 1.1223, time 16.86ms, mfu 20.22%
iter 2270: loss 1.1477, time 16.33ms, mfu 20.48%
iter 2280: loss 1.1090, time 16.34ms, mfu 20.71%
iter 2290: loss 1.1568, time 19.93ms, mfu 20.51%
iter 2300: loss 1.1333, time 20.00ms, mfu 20.32%
iter 2310: loss 1.1105, time 20.34ms, mfu 20.12%
iter 2320: loss 1.1097, time 19.85ms, mfu 19.99%
iter 2330: loss 1.1126, time 20.10ms, mfu 19.84%
iter 2340: loss 1.1352, time 19.90ms, mfu 19.73%
iter 2350: loss 1.1210, time 19.83ms, mfu 19.64%
iter 2360: loss 1.1239, time 20.06ms, mfu 19.53%
iter 2370: loss 1.1093, time 19.91ms, mfu 19.45%
iter 2380: loss 1.0987, time 19.89ms, mfu 19.38%
iter 2390: loss 1.1032, time 19.96ms, mfu 19.31%
iter 2400: loss 1.0957, time 20.38ms, mfu 19.20%
iter 2410: loss 1.0877, time 20.11ms, mfu 19.14%
iter 2420: loss 1.0927, time 19.85ms, mfu 19.10%
iter 2430: loss 1.0751, time 20.12ms, mfu 19.04%
iter 2440: loss 1.0779, time 20.26ms, mfu 18.98%
iter 2450: loss 1.0926, time 19.89ms, mfu 18.95%
iter 2460: loss 1.1110, time 19.97ms, mfu 18.92%
iter 2470: loss 1.1104, time 20.05ms, mfu 18.89%
iter 2480: loss 1.1114, time 19.95ms, mfu 18.87%
iter 2490: loss 1.0705, time 19.87ms, mfu 18.86%
step 2500: train loss 0.9816, val loss 1.4930
iter 2500: loss 1.0952, time 2009.41ms, mfu 16.99%
iter 2510: loss 1.0924, time 16.22ms, mfu 17.59%
iter 2520: loss 1.0614, time 16.23ms, mfu 18.13%
iter 2530: loss 1.0781, time 16.34ms, mfu 18.59%
iter 2540: loss 1.0646, time 16.28ms, mfu 19.02%
iter 2550: loss 1.0898, time 16.20ms, mfu 19.42%
iter 2560: loss 1.0743, time 16.03ms, mfu 19.80%
iter 2570: loss 1.0943, time 16.34ms, mfu 20.10%
iter 2580: loss 1.0972, time 16.20ms, mfu 20.39%
iter 2590: loss 1.0819, time 16.11ms, mfu 20.67%
iter 2600: loss 1.0971, time 16.16ms, mfu 20.91%
iter 2610: loss 1.0699, time 16.42ms, mfu 21.08%
iter 2620: loss 1.0625, time 16.36ms, mfu 21.25%
iter 2630: loss 1.0414, time 16.18ms, mfu 21.43%
iter 2640: loss 1.0645, time 16.03ms, mfu 21.61%
iter 2650: loss 1.0895, time 16.11ms, mfu 21.76%
iter 2660: loss 1.0678, time 16.14ms, mfu 21.90%
iter 2670: loss 1.0438, time 16.44ms, mfu 21.97%
iter 2680: loss 1.0729, time 16.03ms, mfu 22.10%
iter 2690: loss 1.0760, time 16.07ms, mfu 22.21%
iter 2700: loss 1.0416, time 16.35ms, mfu 22.27%
iter 2710: loss 1.0668, time 16.30ms, mfu 22.33%
iter 2720: loss 1.0736, time 16.28ms, mfu 22.38%
iter 2730: loss 1.0863, time 16.15ms, mfu 22.45%
iter 2740: loss 1.0491, time 16.26ms, mfu 22.50%
step 2750: train loss 0.9421, val loss 1.5128
iter 2750: loss 1.0593, time 1975.84ms, mfu 20.27%
iter 2760: loss 1.0505, time 16.33ms, mfu 20.52%
iter 2770: loss 1.0453, time 16.41ms, mfu 20.74%
iter 2780: loss 1.0534, time 16.45ms, mfu 20.93%
iter 2790: loss 1.0523, time 16.19ms, mfu 21.14%
iter 2800: loss 1.0373, time 16.28ms, mfu 21.31%
iter 2810: loss 1.0689, time 16.24ms, mfu 21.48%
iter 2820: loss 1.0514, time 16.15ms, mfu 21.64%
iter 2830: loss 1.0675, time 16.21ms, mfu 21.77%
iter 2840: loss 1.0131, time 16.13ms, mfu 21.90%
iter 2850: loss 1.0555, time 19.51ms, mfu 21.62%
iter 2860: loss 1.0482, time 19.09ms, mfu 21.41%
iter 2870: loss 1.0313, time 19.21ms, mfu 21.21%
iter 2880: loss 1.0663, time 19.32ms, mfu 21.02%
iter 2890: loss 1.0350, time 19.54ms, mfu 20.82%
iter 2900: loss 1.0167, time 19.11ms, mfu 20.69%
iter 2910: loss 1.0708, time 19.12ms, mfu 20.57%
iter 2920: loss 1.0458, time 19.57ms, mfu 20.42%
iter 2930: loss 1.0321, time 19.58ms, mfu 20.28%
iter 2940: loss 1.0211, time 19.41ms, mfu 20.17%
iter 2950: loss 1.0493, time 19.61ms, mfu 20.05%
iter 2960: loss 1.0312, time 19.52ms, mfu 19.96%
iter 2970: loss 1.0179, time 19.54ms, mfu 19.87%
iter 2980: loss 1.0389, time 19.33ms, mfu 19.81%
iter 2990: loss 1.0178, time 19.71ms, mfu 19.72%
step 3000: train loss 0.9102, val loss 1.5380
iter 3000: loss 1.0114, time 2005.57ms, mfu 17.77%
iter 3010: loss 1.0253, time 16.61ms, mfu 18.23%
iter 3020: loss 1.0280, time 16.47ms, mfu 18.67%
iter 3030: loss 1.0417, time 16.44ms, mfu 19.07%
iter 3040: loss 1.0580, time 16.40ms, mfu 19.44%
iter 3050: loss 1.0207, time 16.45ms, mfu 19.76%
iter 3060: loss 1.0289, time 16.57ms, mfu 20.03%
iter 3070: loss 1.0478, time 16.52ms, mfu 20.28%
iter 3080: loss 1.0407, time 16.45ms, mfu 20.52%
iter 3090: loss 1.0185, time 16.42ms, mfu 20.74%
iter 3100: loss 1.0284, time 16.55ms, mfu 20.91%
iter 3110: loss 0.9995, time 16.39ms, mfu 21.10%
iter 3120: loss 1.0256, time 16.14ms, mfu 21.29%
iter 3130: loss 1.0022, time 16.15ms, mfu 21.47%
iter 3140: loss 1.0112, time 16.29ms, mfu 21.61%
iter 3150: loss 1.0294, time 16.36ms, mfu 21.73%
iter 3160: loss 1.0519, time 16.44ms, mfu 21.82%
iter 3170: loss 0.9915, time 16.21ms, mfu 21.94%
iter 3180: loss 1.0049, time 16.14ms, mfu 22.05%
iter 3190: loss 1.0331, time 16.16ms, mfu 22.15%
iter 3200: loss 0.9994, time 16.15ms, mfu 22.25%
iter 3210: loss 0.9992, time 16.25ms, mfu 22.32%
iter 3220: loss 0.9904, time 16.39ms, mfu 22.36%
iter 3230: loss 0.9864, time 16.54ms, mfu 22.37%
iter 3240: loss 0.9772, time 16.69ms, mfu 22.37%
step 3250: train loss 0.8666, val loss 1.5675
iter 3250: loss 1.0016, time 1962.16ms, mfu 20.15%
iter 3260: loss 0.9958, time 16.21ms, mfu 20.43%
iter 3270: loss 1.0060, time 16.06ms, mfu 20.71%
iter 3280: loss 0.9862, time 16.17ms, mfu 20.94%
iter 3290: loss 0.9759, time 16.15ms, mfu 21.16%
iter 3300: loss 0.9746, time 16.21ms, mfu 21.34%
iter 3310: loss 0.9825, time 16.53ms, mfu 21.46%
iter 3320: loss 0.9978, time 16.42ms, mfu 21.58%
iter 3330: loss 0.9926, time 16.11ms, mfu 21.74%
iter 3340: loss 0.9956, time 16.15ms, mfu 21.87%
iter 3350: loss 0.9932, time 16.53ms, mfu 21.94%
iter 3360: loss 0.9584, time 16.37ms, mfu 22.02%
iter 3370: loss 0.9939, time 16.18ms, mfu 22.12%
iter 3380: loss 0.9914, time 16.16ms, mfu 22.21%
iter 3390: loss 0.9855, time 16.41ms, mfu 22.26%
iter 3400: loss 0.9826, time 16.30ms, mfu 22.32%
iter 3410: loss 0.9842, time 16.11ms, mfu 22.40%
iter 3420: loss 0.9720, time 16.37ms, mfu 22.44%
iter 3430: loss 0.9882, time 16.58ms, mfu 22.44%
iter 3440: loss 1.0173, time 16.13ms, mfu 22.51%
iter 3450: loss 0.9918, time 16.14ms, mfu 22.57%
iter 3460: loss 0.9839, time 16.13ms, mfu 22.62%
iter 3470: loss 0.9756, time 16.18ms, mfu 22.66%
iter 3480: loss 0.9885, time 16.11ms, mfu 22.71%
iter 3490: loss 0.9428, time 16.05ms, mfu 22.76%
step 3500: train loss 0.8244, val loss 1.5822
iter 3500: loss 0.9376, time 2002.07ms, mfu 20.50%
iter 3510: loss 0.9474, time 15.58ms, mfu 20.84%
iter 3520: loss 0.9563, time 15.48ms, mfu 21.17%
iter 3530: loss 0.9873, time 15.42ms, mfu 21.47%
iter 3540: loss 0.9521, time 15.74ms, mfu 21.69%
iter 3550: loss 0.9519, time 16.03ms, mfu 21.84%
iter 3560: loss 0.9932, time 16.05ms, mfu 21.98%
iter 3570: loss 0.9805, time 15.74ms, mfu 22.15%
iter 3580: loss 0.9620, time 15.61ms, mfu 22.32%
iter 3590: loss 0.9682, time 16.06ms, mfu 22.41%
iter 3600: loss 0.9716, time 14.53ms, mfu 22.73%
iter 3610: loss 0.9581, time 19.13ms, mfu 22.41%
iter 3620: loss 0.9429, time 19.42ms, mfu 22.09%
iter 3630: loss 0.9640, time 19.20ms, mfu 21.82%
iter 3640: loss 0.9630, time 19.46ms, mfu 21.55%
iter 3650: loss 0.9463, time 19.12ms, mfu 21.35%
iter 3660: loss 0.9678, time 19.44ms, mfu 21.13%
iter 3670: loss 0.9733, time 19.50ms, mfu 20.93%
iter 3680: loss 0.9460, time 19.19ms, mfu 20.78%
iter 3690: loss 0.9565, time 19.46ms, mfu 20.61%
iter 3700: loss 0.9062, time 19.45ms, mfu 20.47%
iter 3710: loss 0.9278, time 19.53ms, mfu 20.33%
iter 3720: loss 0.9382, time 19.25ms, mfu 20.23%
iter 3730: loss 0.9264, time 19.36ms, mfu 20.13%
iter 3740: loss 0.9382, time 19.35ms, mfu 20.04%
step 3750: train loss 0.7857, val loss 1.5927
iter 3750: loss 0.9343, time 2010.38ms, mfu 18.06%
iter 3760: loss 0.9816, time 16.53ms, mfu 18.51%
iter 3770: loss 0.9687, time 16.43ms, mfu 18.92%
iter 3780: loss 0.9578, time 16.43ms, mfu 19.30%
iter 3790: loss 0.9330, time 16.57ms, mfu 19.62%
iter 3800: loss 0.9558, time 16.43ms, mfu 19.93%
iter 3810: loss 0.9606, time 16.20ms, mfu 20.23%
iter 3820: loss 0.9226, time 16.22ms, mfu 20.51%
iter 3830: loss 0.9380, time 16.31ms, mfu 20.74%
iter 3840: loss 0.9321, time 16.23ms, mfu 20.96%
iter 3850: loss 0.9237, time 16.19ms, mfu 21.17%
iter 3860: loss 0.9080, time 16.23ms, mfu 21.35%
iter 3870: loss 0.9257, time 16.17ms, mfu 21.52%
iter 3880: loss 0.9195, time 16.60ms, mfu 21.61%
iter 3890: loss 0.9336, time 16.17ms, mfu 21.75%
iter 3900: loss 0.9249, time 16.23ms, mfu 21.87%
iter 3910: loss 0.9177, time 16.32ms, mfu 21.97%
iter 3920: loss 0.9055, time 16.39ms, mfu 22.05%
iter 3930: loss 0.9310, time 16.40ms, mfu 22.11%
iter 3940: loss 0.9091, time 16.22ms, mfu 22.20%
iter 3950: loss 0.9196, time 16.03ms, mfu 22.30%
iter 3960: loss 0.9472, time 16.38ms, mfu 22.35%
iter 3970: loss 0.9152, time 16.17ms, mfu 22.42%
iter 3980: loss 0.9415, time 16.49ms, mfu 22.43%
iter 3990: loss 0.9138, time 16.94ms, mfu 22.39%
step 4000: train loss 0.7504, val loss 1.6304
iter 4000: loss 0.8868, time 1974.02ms, mfu 20.17%
iter 4010: loss 0.9291, time 16.70ms, mfu 20.38%
iter 4020: loss 0.9337, time 16.40ms, mfu 20.62%
iter 4030: loss 0.9058, time 16.30ms, mfu 20.84%
iter 4040: loss 0.9148, time 16.56ms, mfu 21.01%
iter 4050: loss 0.8978, time 16.58ms, mfu 21.16%
iter 4060: loss 0.8872, time 16.33ms, mfu 21.32%
iter 4070: loss 0.8887, time 16.46ms, mfu 21.45%
iter 4080: loss 0.9124, time 16.39ms, mfu 21.58%
iter 4090: loss 0.8698, time 16.71ms, mfu 21.65%
iter 4100: loss 0.9294, time 16.62ms, mfu 21.73%
iter 4110: loss 0.9040, time 16.31ms, mfu 21.84%
iter 4120: loss 0.9164, time 16.51ms, mfu 21.91%
iter 4130: loss 0.8943, time 16.34ms, mfu 22.00%
iter 4140: loss 0.9041, time 16.45ms, mfu 22.07%
iter 4150: loss 0.9065, time 16.57ms, mfu 22.11%
iter 4160: loss 0.8815, time 16.06ms, mfu 22.22%
iter 4170: loss 0.9027, time 16.07ms, mfu 22.32%
iter 4180: loss 0.9120, time 16.29ms, mfu 22.37%
iter 4190: loss 0.8999, time 16.06ms, mfu 22.45%
iter 4200: loss 0.8796, time 16.52ms, mfu 22.46%
iter 4210: loss 0.9006, time 16.11ms, mfu 22.53%
iter 4220: loss 0.8808, time 14.85ms, mfu 22.79%
iter 4230: loss 0.9192, time 14.67ms, mfu 23.05%
iter 4240: loss 0.8850, time 14.50ms, mfu 23.31%
step 4250: train loss 0.7083, val loss 1.6630
iter 4250: loss 0.9055, time 1829.85ms, mfu 21.00%
iter 4260: loss 0.8941, time 14.98ms, mfu 21.39%
iter 4270: loss 0.8974, time 14.84ms, mfu 21.76%
iter 4280: loss 0.8728, time 14.67ms, mfu 22.13%
iter 4290: loss 0.8629, time 14.83ms, mfu 22.43%
iter 4300: loss 0.8614, time 14.70ms, mfu 22.72%
iter 4310: loss 0.8817, time 14.63ms, mfu 22.99%
iter 4320: loss 0.8560, time 14.58ms, mfu 23.25%
iter 4330: loss 0.8968, time 14.69ms, mfu 23.46%
iter 4340: loss 0.8629, time 14.76ms, mfu 23.64%
iter 4350: loss 0.8570, time 14.70ms, mfu 23.81%
iter 4360: loss 0.8836, time 14.76ms, mfu 23.95%
iter 4370: loss 0.8754, time 14.76ms, mfu 24.08%
iter 4380: loss 0.8538, time 14.72ms, mfu 24.21%
iter 4390: loss 0.8900, time 14.78ms, mfu 24.31%
iter 4400: loss 0.8522, time 14.88ms, mfu 24.38%
iter 4410: loss 0.8900, time 14.79ms, mfu 24.46%
iter 4420: loss 0.8746, time 15.25ms, mfu 24.46%
iter 4430: loss 0.8659, time 16.44ms, mfu 24.28%
iter 4440: loss 0.8751, time 16.43ms, mfu 24.12%
iter 4450: loss 0.8745, time 16.15ms, mfu 24.01%
iter 4460: loss 0.8547, time 16.16ms, mfu 23.92%
iter 4470: loss 0.8822, time 19.89ms, mfu 23.40%
iter 4480: loss 0.8551, time 23.77ms, mfu 22.63%
iter 4490: loss 0.8515, time 23.44ms, mfu 21.95%
step 4500: train loss 0.6679, val loss 1.6927
iter 4500: loss 0.8848, time 2045.19ms, mfu 19.78%
iter 4510: loss 0.8635, time 16.20ms, mfu 20.10%
iter 4520: loss 0.8528, time 16.15ms, mfu 20.40%
iter 4530: loss 0.8600, time 16.22ms, mfu 20.66%
iter 4540: loss 0.8686, time 16.29ms, mfu 20.88%
iter 4550: loss 0.8954, time 16.56ms, mfu 21.04%
iter 4560: loss 0.8620, time 16.26ms, mfu 21.23%
iter 4570: loss 0.8556, time 16.48ms, mfu 21.37%
iter 4580: loss 0.8606, time 16.30ms, mfu 21.52%
iter 4590: loss 0.8837, time 16.19ms, mfu 21.66%
iter 4600: loss 0.8444, time 16.18ms, mfu 21.80%
iter 4610: loss 0.8803, time 16.15ms, mfu 21.93%
iter 4620: loss 0.8507, time 16.22ms, mfu 22.03%
iter 4630: loss 0.8245, time 16.67ms, mfu 22.06%
iter 4640: loss 0.8583, time 16.38ms, mfu 22.13%
iter 4650: loss 0.8710, time 16.33ms, mfu 22.20%
iter 4660: loss 0.8458, time 16.09ms, mfu 22.30%
iter 4670: loss 0.8508, time 16.11ms, mfu 22.38%
iter 4680: loss 0.8626, time 16.05ms, mfu 22.46%
iter 4690: loss 0.8586, time 16.16ms, mfu 22.52%
iter 4700: loss 0.8260, time 16.46ms, mfu 22.53%
iter 4710: loss 0.8041, time 16.40ms, mfu 22.55%
iter 4720: loss 0.8513, time 16.44ms, mfu 22.56%
iter 4730: loss 0.8157, time 16.18ms, mfu 22.61%
iter 4740: loss 0.8404, time 16.21ms, mfu 22.65%
step 4750: train loss 0.6342, val loss 1.7207
iter 4750: loss 0.8077, time 1982.28ms, mfu 20.40%
iter 4760: loss 0.8267, time 16.48ms, mfu 20.62%
iter 4770: loss 0.7811, time 16.43ms, mfu 20.83%
iter 4780: loss 0.8043, time 16.60ms, mfu 20.99%
iter 4790: loss 0.8442, time 16.14ms, mfu 21.20%
iter 4800: loss 0.8223, time 16.19ms, mfu 21.38%
iter 4810: loss 0.8366, time 19.55ms, mfu 21.15%
iter 4820: loss 0.8123, time 18.96ms, mfu 21.00%
iter 4830: loss 0.8203, time 17.91ms, mfu 20.98%
iter 4840: loss 0.8221, time 18.30ms, mfu 20.92%
iter 4850: loss 0.8188, time 18.98ms, mfu 20.79%
iter 4860: loss 0.8120, time 18.41ms, mfu 20.73%
iter 4870: loss 0.8037, time 17.60ms, mfu 20.78%
iter 4880: loss 0.8288, time 18.67ms, mfu 20.70%
iter 4890: loss 0.7936, time 19.00ms, mfu 20.59%
iter 4900: loss 0.7971, time 19.04ms, mfu 20.49%
iter 4910: loss 0.8157, time 18.78ms, mfu 20.42%
iter 4920: loss 0.8115, time 18.08ms, mfu 20.44%
iter 4930: loss 0.8041, time 18.51ms, mfu 20.41%
iter 4940: loss 0.7830, time 18.20ms, mfu 20.42%
iter 4950: loss 0.8317, time 22.13ms, mfu 20.06%
iter 4960: loss 0.8429, time 22.04ms, mfu 19.74%
iter 4970: loss 0.7772, time 22.09ms, mfu 19.46%
iter 4980: loss 0.7816, time 21.92ms, mfu 19.21%
iter 4990: loss 0.8057, time 22.26ms, mfu 18.96%
step 5000: train loss 0.6015, val loss 1.7660
iter 5000: loss 0.8212, time 2009.82ms, mfu 17.09%
iter 5010: loss 0.8064, time 16.26ms, mfu 17.67%
iter 5020: loss 0.8021, time 16.13ms, mfu 18.21%
iter 5030: loss 0.8069, time 16.13ms, mfu 18.70%
iter 5040: loss 0.8046, time 16.08ms, mfu 19.15%
iter 5050: loss 0.8301, time 16.13ms, mfu 19.54%
iter 5060: loss 0.7873, time 16.17ms, mfu 19.90%
iter 5070: loss 0.8227, time 15.99ms, mfu 20.24%
iter 5080: loss 0.8141, time 16.23ms, mfu 20.51%
iter 5090: loss 0.7953, time 16.13ms, mfu 20.77%
iter 5100: loss 0.7905, time 15.99ms, mfu 21.02%
iter 5110: loss 0.7899, time 15.96ms, mfu 21.25%
iter 5120: loss 0.8016, time 16.02ms, mfu 21.45%
iter 5130: loss 0.8125, time 16.32ms, mfu 21.59%
iter 5140: loss 0.7767, time 16.09ms, mfu 21.75%
iter 5150: loss 0.7999, time 15.98ms, mfu 21.91%
iter 5160: loss 0.8034, time 16.31ms, mfu 22.00%
iter 5170: loss 0.8045, time 16.26ms, mfu 22.09%
iter 5180: loss 0.7739, time 16.02ms, mfu 22.21%
iter 5190: loss 0.7796, time 16.38ms, mfu 22.26%
iter 5200: loss 0.7765, time 16.03ms, mfu 22.36%
iter 5210: loss 0.7593, time 15.99ms, mfu 22.45%
iter 5220: loss 0.7901, time 13.87ms, mfu 22.90%
iter 5230: loss 0.7979, time 13.98ms, mfu 23.27%
iter 5240: loss 0.7795, time 13.99ms, mfu 23.61%
step 5250: train loss 0.5657, val loss 1.7835
iter 5250: loss 0.7819, time 1413.19ms, mfu 21.27%
iter 5260: loss 0.7803, time 12.38ms, mfu 22.16%
iter 5270: loss 0.7580, time 12.48ms, mfu 22.93%
iter 5280: loss 0.7873, time 12.37ms, mfu 23.65%
iter 5290: loss 0.7816, time 12.52ms, mfu 24.26%
iter 5300: loss 0.7981, time 12.51ms, mfu 24.81%
iter 5310: loss 0.7710, time 12.52ms, mfu 25.31%
iter 5320: loss 0.8035, time 12.50ms, mfu 25.76%
iter 5330: loss 0.8012, time 14.40ms, mfu 25.77%
iter 5340: loss 0.7705, time 21.98ms, mfu 24.89%
iter 5350: loss 0.7499, time 23.51ms, mfu 23.98%
iter 5360: loss 0.7784, time 23.23ms, mfu 23.19%
iter 5370: loss 0.7779, time 23.15ms, mfu 22.48%
iter 5380: loss 0.7802, time 23.58ms, mfu 21.81%
iter 5390: loss 0.7724, time 23.61ms, mfu 21.21%
iter 5400: loss 0.7854, time 23.45ms, mfu 20.68%
iter 5410: loss 0.7602, time 23.39ms, mfu 20.20%
iter 5420: loss 0.7673, time 23.65ms, mfu 19.76%
iter 5430: loss 0.7762, time 23.07ms, mfu 19.40%
iter 5440: loss 0.7830, time 23.45ms, mfu 19.05%
iter 5450: loss 0.7805, time 24.46ms, mfu 18.67%
iter 5460: loss 0.7872, time 23.72ms, mfu 18.37%
iter 5470: loss 0.7597, time 23.60ms, mfu 18.11%
iter 5480: loss 0.7713, time 23.61ms, mfu 17.88%
iter 5490: loss 0.7730, time 23.96ms, mfu 17.65%
step 5500: train loss 0.5364, val loss 1.8060
iter 5500: loss 0.7704, time 2039.49ms, mfu 15.90%
iter 5510: loss 0.7493, time 16.57ms, mfu 16.56%
iter 5520: loss 0.7511, time 16.45ms, mfu 17.17%
iter 5530: loss 0.7397, time 16.62ms, mfu 17.69%
iter 5540: loss 0.7609, time 16.47ms, mfu 18.19%
iter 5550: loss 0.7406, time 16.48ms, mfu 18.63%
iter 5560: loss 0.7557, time 16.50ms, mfu 19.03%
iter 5570: loss 0.7556, time 16.55ms, mfu 19.37%
iter 5580: loss 0.7655, time 16.51ms, mfu 19.69%
iter 5590: loss 0.7635, time 16.30ms, mfu 20.01%
iter 5600: loss 0.7380, time 16.48ms, mfu 20.27%
iter 5610: loss 0.7706, time 16.15ms, mfu 20.55%
iter 5620: loss 0.7412, time 16.21ms, mfu 20.79%
iter 5630: loss 0.7637, time 16.39ms, mfu 20.99%
iter 5640: loss 0.7686, time 16.32ms, mfu 21.17%
iter 5650: loss 0.7440, time 16.27ms, mfu 21.35%
iter 5660: loss 0.7790, time 16.18ms, mfu 21.52%
iter 5670: loss 0.7623, time 16.35ms, mfu 21.64%
iter 5680: loss 0.7293, time 16.38ms, mfu 21.75%
iter 5690: loss 0.7315, time 16.39ms, mfu 21.85%
iter 5700: loss 0.7280, time 16.36ms, mfu 21.94%
iter 5710: loss 0.7791, time 16.29ms, mfu 22.04%
iter 5720: loss 0.7061, time 16.17ms, mfu 22.14%
iter 5730: loss 0.7350, time 16.26ms, mfu 22.21%
iter 5740: loss 0.7336, time 16.22ms, mfu 22.29%
step 5750: train loss 0.5014, val loss 1.8511
iter 5750: loss 0.7543, time 1963.82ms, mfu 20.08%
iter 5760: loss 0.7437, time 16.36ms, mfu 20.35%
iter 5770: loss 0.7364, time 16.14ms, mfu 20.62%
iter 5780: loss 0.7373, time 16.25ms, mfu 20.85%
iter 5790: loss 0.7192, time 16.46ms, mfu 21.03%
iter 5800: loss 0.7274, time 15.96ms, mfu 21.26%
iter 5810: loss 0.7289, time 16.01ms, mfu 21.47%
iter 5820: loss 0.7210, time 16.17ms, mfu 21.62%
iter 5830: loss 0.7262, time 15.97ms, mfu 21.79%
iter 5840: loss 0.7333, time 16.01ms, mfu 21.94%
iter 5850: loss 0.7159, time 16.30ms, mfu 22.03%
iter 5860: loss 0.7279, time 16.07ms, mfu 22.15%
iter 5870: loss 0.7072, time 16.06ms, mfu 22.26%
iter 5880: loss 0.7101, time 16.34ms, mfu 22.31%
iter 5890: loss 0.7403, time 16.50ms, mfu 22.34%
iter 5900: loss 0.7244, time 16.11ms, mfu 22.42%
iter 5910: loss 0.7365, time 16.08ms, mfu 22.49%
iter 5920: loss 0.7395, time 16.05ms, mfu 22.57%
iter 5930: loss 0.7011, time 16.30ms, mfu 22.59%
iter 5940: loss 0.7447, time 16.15ms, mfu 22.64%
iter 5950: loss 0.7031, time 19.62ms, mfu 22.28%
iter 5960: loss 0.7242, time 19.97ms, mfu 21.92%
iter 5970: loss 0.7399, time 19.66ms, mfu 21.62%
iter 5980: loss 0.7238, time 19.79ms, mfu 21.34%
iter 5990: loss 0.7206, time 19.82ms, mfu 21.09%
step 6000: train loss 0.4758, val loss 1.8730
iter 6000: loss 0.7226, time 2014.89ms, mfu 19.00%
iter 6010: loss 0.7328, time 16.10ms, mfu 19.41%
iter 6020: loss 0.7259, time 16.10ms, mfu 19.78%
iter 6030: loss 0.7342, time 16.21ms, mfu 20.11%
iter 6040: loss 0.7081, time 16.06ms, mfu 20.41%
iter 6050: loss 0.7026, time 16.31ms, mfu 20.66%
iter 6060: loss 0.6922, time 15.87ms, mfu 20.94%
iter 6070: loss 0.7200, time 16.06ms, mfu 21.17%
iter 6080: loss 0.7218, time 16.02ms, mfu 21.38%
iter 6090: loss 0.7145, time 16.00ms, mfu 21.57%
iter 6100: loss 0.7131, time 20.21ms, mfu 21.25%
iter 6110: loss 0.7203, time 20.15ms, mfu 20.98%
iter 6120: loss 0.6992, time 19.97ms, mfu 20.75%
iter 6130: loss 0.7193, time 19.97ms, mfu 20.54%
iter 6140: loss 0.7141, time 19.99ms, mfu 20.35%
iter 6150: loss 0.6912, time 20.30ms, mfu 20.15%
iter 6160: loss 0.7079, time 20.02ms, mfu 19.99%
iter 6170: loss 0.6890, time 20.12ms, mfu 19.85%
iter 6180: loss 0.6927, time 19.91ms, mfu 19.73%
iter 6190: loss 0.7003, time 23.46ms, mfu 19.35%
iter 6200: loss 0.6897, time 23.18ms, mfu 19.02%
iter 6210: loss 0.6838, time 25.02ms, mfu 18.61%
iter 6220: loss 0.6767, time 24.96ms, mfu 18.24%
iter 6230: loss 0.7063, time 24.88ms, mfu 17.91%
iter 6240: loss 0.6952, time 24.60ms, mfu 17.64%
step 6250: train loss 0.4502, val loss 1.8970
iter 6250: loss 0.6910, time 1927.17ms, mfu 15.89%
iter 6260: loss 0.7025, time 14.68ms, mfu 16.84%
iter 6270: loss 0.6946, time 14.72ms, mfu 17.69%
iter 6280: loss 0.6872, time 14.87ms, mfu 18.42%
iter 6290: loss 0.6936, time 14.92ms, mfu 19.08%
iter 6300: loss 0.7140, time 15.11ms, mfu 19.64%
iter 6310: loss 0.6929, time 16.22ms, mfu 19.97%
iter 6320: loss 0.6719, time 16.53ms, mfu 20.23%
iter 6330: loss 0.6821, time 16.30ms, mfu 20.49%
iter 6340: loss 0.6968, time 16.14ms, mfu 20.75%
iter 6350: loss 0.7060, time 16.24ms, mfu 20.97%
iter 6360: loss 0.6841, time 16.38ms, mfu 21.15%
iter 6370: loss 0.6865, time 16.15ms, mfu 21.34%
iter 6380: loss 0.6801, time 16.46ms, mfu 21.47%
iter 6390: loss 0.7027, time 16.07ms, mfu 21.64%
iter 6400: loss 0.7059, time 15.79ms, mfu 21.84%
iter 6410: loss 0.6929, time 15.19ms, mfu 22.11%
iter 6420: loss 0.6732, time 14.94ms, mfu 22.39%
iter 6430: loss 0.6704, time 14.73ms, mfu 22.68%
iter 6440: loss 0.6821, time 14.68ms, mfu 22.95%
iter 6450: loss 0.6793, time 14.79ms, mfu 23.18%
iter 6460: loss 0.6655, time 14.62ms, mfu 23.41%
iter 6470: loss 0.6630, time 14.80ms, mfu 23.58%
iter 6480: loss 0.6868, time 14.96ms, mfu 23.72%
iter 6490: loss 0.6885, time 16.01ms, mfu 23.67%
step 6500: train loss 0.4221, val loss 1.9370
iter 6500: loss 0.6560, time 1858.06ms, mfu 21.32%
iter 6510: loss 0.6959, time 15.02ms, mfu 21.67%
iter 6520: loss 0.6802, time 14.83ms, mfu 22.02%
iter 6530: loss 0.6816, time 15.00ms, mfu 22.30%
iter 6540: loss 0.6803, time 14.89ms, mfu 22.57%
iter 6550: loss 0.6578, time 15.01ms, mfu 22.80%
iter 6560: loss 0.6529, time 14.89ms, mfu 23.02%
iter 6570: loss 0.6714, time 14.77ms, mfu 23.24%
iter 6580: loss 0.6595, time 14.86ms, mfu 23.43%
iter 6590: loss 0.6799, time 14.95ms, mfu 23.57%
iter 6600: loss 0.6649, time 14.96ms, mfu 23.71%
iter 6610: loss 0.6659, time 14.78ms, mfu 23.86%
iter 6620: loss 0.6695, time 14.75ms, mfu 24.00%
iter 6630: loss 0.6758, time 14.80ms, mfu 24.12%
iter 6640: loss 0.6753, time 14.96ms, mfu 24.20%
iter 6650: loss 0.6641, time 15.14ms, mfu 24.24%
iter 6660: loss 0.6648, time 15.30ms, mfu 24.25%
iter 6670: loss 0.6636, time 20.44ms, mfu 23.65%
iter 6680: loss 0.6798, time 20.48ms, mfu 23.10%
iter 6690: loss 0.6611, time 20.16ms, mfu 22.64%
iter 6700: loss 0.6739, time 20.45ms, mfu 22.20%
iter 6710: loss 0.6669, time 20.54ms, mfu 21.79%
iter 6720: loss 0.6726, time 20.37ms, mfu 21.44%
iter 6730: loss 0.6402, time 19.90ms, mfu 21.17%
iter 6740: loss 0.6252, time 20.08ms, mfu 20.91%
step 6750: train loss 0.4000, val loss 1.9663
iter 6750: loss 0.6614, time 1990.14ms, mfu 18.84%
iter 6760: loss 0.6613, time 16.02ms, mfu 19.28%
iter 6770: loss 0.6459, time 16.08ms, mfu 19.67%
iter 6780: loss 0.6533, time 16.05ms, mfu 20.02%
iter 6790: loss 0.6516, time 16.42ms, mfu 20.29%
iter 6800: loss 0.6428, time 16.03ms, mfu 20.59%
iter 6810: loss 0.6503, time 16.18ms, mfu 20.83%
iter 6820: loss 0.6422, time 16.17ms, mfu 21.05%
iter 6830: loss 0.6495, time 16.22ms, mfu 21.24%
iter 6840: loss 0.6362, time 16.44ms, mfu 21.39%
iter 6850: loss 0.6413, time 16.10ms, mfu 21.56%
iter 6860: loss 0.6436, time 16.23ms, mfu 21.70%
iter 6870: loss 0.6429, time 16.04ms, mfu 21.85%
iter 6880: loss 0.6167, time 16.11ms, mfu 21.98%
iter 6890: loss 0.6099, time 16.13ms, mfu 22.09%
iter 6900: loss 0.6646, time 15.94ms, mfu 22.22%
iter 6910: loss 0.6637, time 16.08ms, mfu 22.32%
iter 6920: loss 0.6527, time 16.05ms, mfu 22.41%
iter 6930: loss 0.6171, time 15.95ms, mfu 22.50%
iter 6940: loss 0.6486, time 16.12ms, mfu 22.56%
iter 6950: loss 0.6370, time 16.03ms, mfu 22.63%
iter 6960: loss 0.6466, time 16.38ms, mfu 22.64%
iter 6970: loss 0.6454, time 15.99ms, mfu 22.71%
iter 6980: loss 0.6230, time 16.04ms, mfu 22.76%
iter 6990: loss 0.6414, time 16.19ms, mfu 22.79%
step 7000: train loss 0.3734, val loss 1.9966
iter 7000: loss 0.6422, time 1800.61ms, mfu 20.53%
iter 7010: loss 0.6217, time 12.35ms, mfu 21.49%
iter 7020: loss 0.6291, time 12.23ms, mfu 22.39%
iter 7030: loss 0.6249, time 12.41ms, mfu 23.15%
iter 7040: loss 0.6327, time 12.36ms, mfu 23.85%
iter 7050: loss 0.6451, time 12.44ms, mfu 24.46%
iter 7060: loss 0.6302, time 12.35ms, mfu 25.03%
iter 7070: loss 0.6447, time 12.50ms, mfu 25.51%
iter 7080: loss 0.6212, time 12.39ms, mfu 25.97%
iter 7090: loss 0.6294, time 12.33ms, mfu 26.39%
iter 7100: loss 0.6377, time 12.46ms, mfu 26.74%
iter 7110: loss 0.6229, time 12.33ms, mfu 27.09%
iter 7120: loss 0.6164, time 12.45ms, mfu 27.38%
iter 7130: loss 0.6101, time 12.45ms, mfu 27.63%
iter 7140: loss 0.6104, time 12.42ms, mfu 27.87%
iter 7150: loss 0.6071, time 12.46ms, mfu 28.07%
iter 7160: loss 0.6074, time 12.52ms, mfu 28.24%
iter 7170: loss 0.6450, time 12.49ms, mfu 28.40%
iter 7180: loss 0.6023, time 12.44ms, mfu 28.55%
iter 7190: loss 0.6221, time 12.27ms, mfu 28.73%
iter 7200: loss 0.6259, time 12.33ms, mfu 28.88%
iter 7210: loss 0.6171, time 12.19ms, mfu 29.05%
iter 7220: loss 0.6249, time 12.26ms, mfu 29.19%
iter 7230: loss 0.6209, time 12.22ms, mfu 29.32%
iter 7240: loss 0.6203, time 12.22ms, mfu 29.44%
step 7250: train loss 0.3537, val loss 2.0300
iter 7250: loss 0.5990, time 1409.30ms, mfu 26.52%
iter 7260: loss 0.6255, time 12.50ms, mfu 26.85%
iter 7270: loss 0.6150, time 12.65ms, mfu 27.11%
iter 7280: loss 0.6224, time 12.47ms, mfu 27.39%
iter 7290: loss 0.6117, time 12.48ms, mfu 27.63%
iter 7300: loss 0.6113, time 12.49ms, mfu 27.85%
iter 7310: loss 0.6179, time 12.53ms, mfu 28.04%
iter 7320: loss 0.6158, time 12.75ms, mfu 28.16%
iter 7330: loss 0.6176, time 13.30ms, mfu 28.15%
iter 7340: loss 0.6088, time 12.46ms, mfu 28.32%
iter 7350: loss 0.6235, time 12.36ms, mfu 28.51%
iter 7360: loss 0.6085, time 12.19ms, mfu 28.71%
iter 7370: loss 0.5949, time 12.20ms, mfu 28.90%
iter 7380: loss 0.6068, time 11.59ms, mfu 29.22%
iter 7390: loss 0.6140, time 12.31ms, mfu 29.33%
iter 7400: loss 0.6247, time 12.29ms, mfu 29.43%
iter 7410: loss 0.5909, time 12.23ms, mfu 29.53%
iter 7420: loss 0.6216, time 12.17ms, mfu 29.64%
iter 7430: loss 0.5805, time 12.30ms, mfu 29.71%
iter 7440: loss 0.6012, time 12.37ms, mfu 29.75%
iter 7450: loss 0.5896, time 12.41ms, mfu 29.78%
iter 7460: loss 0.6150, time 12.49ms, mfu 29.78%
iter 7470: loss 0.5987, time 12.24ms, mfu 29.85%
iter 7480: loss 0.6068, time 12.28ms, mfu 29.90%
iter 7490: loss 0.5850, time 12.27ms, mfu 29.95%
step 7500: train loss 0.3305, val loss 2.0668
iter 7500: loss 0.5816, time 1408.52ms, mfu 26.98%
iter 7510: loss 0.5873, time 12.45ms, mfu 27.27%
iter 7520: loss 0.5999, time 12.46ms, mfu 27.54%
iter 7530: loss 0.6062, time 12.44ms, mfu 27.78%
iter 7540: loss 0.5813, time 12.33ms, mfu 28.02%
iter 7550: loss 0.5958, time 12.31ms, mfu 28.25%
iter 7560: loss 0.5766, time 12.24ms, mfu 28.46%
iter 7570: loss 0.5949, time 12.30ms, mfu 28.65%
iter 7580: loss 0.5884, time 12.33ms, mfu 28.81%
iter 7590: loss 0.6119, time 12.36ms, mfu 28.94%
iter 7600: loss 0.5881, time 12.37ms, mfu 29.06%
iter 7610: loss 0.6109, time 12.37ms, mfu 29.16%
iter 7620: loss 0.6025, time 12.40ms, mfu 29.25%
iter 7630: loss 0.6125, time 12.44ms, mfu 29.32%
iter 7640: loss 0.5737, time 12.46ms, mfu 29.38%
iter 7650: loss 0.5744, time 12.45ms, mfu 29.44%
iter 7660: loss 0.5992, time 12.50ms, mfu 29.47%
iter 7670: loss 0.5990, time 12.42ms, mfu 29.53%
iter 7680: loss 0.5816, time 12.54ms, mfu 29.55%
iter 7690: loss 0.5742, time 12.51ms, mfu 29.57%
iter 7700: loss 0.6012, time 12.62ms, mfu 29.56%
iter 7710: loss 0.5799, time 12.46ms, mfu 29.60%
iter 7720: loss 0.5970, time 12.46ms, mfu 29.63%
iter 7730: loss 0.5936, time 12.33ms, mfu 29.69%
iter 7740: loss 0.5926, time 12.35ms, mfu 29.74%
step 7750: train loss 0.3120, val loss 2.0856
iter 7750: loss 0.5930, time 1409.97ms, mfu 26.79%
iter 7760: loss 0.5672, time 12.46ms, mfu 27.10%
iter 7770: loss 0.5928, time 12.37ms, mfu 27.40%
iter 7780: loss 0.5772, time 12.37ms, mfu 27.68%
iter 7790: loss 0.5940, time 12.27ms, mfu 27.95%
iter 7800: loss 0.5671, time 12.46ms, mfu 28.14%
iter 7810: loss 0.5835, time 12.51ms, mfu 28.31%
iter 7820: loss 0.5690, time 12.40ms, mfu 28.48%
iter 7830: loss 0.5758, time 12.57ms, mfu 28.60%
iter 7840: loss 0.5748, time 12.62ms, mfu 28.69%
iter 7850: loss 0.5832, time 12.93ms, mfu 28.70%
iter 7860: loss 0.5566, time 12.33ms, mfu 28.86%
iter 7870: loss 0.5746, time 12.45ms, mfu 28.96%
iter 7880: loss 0.5877, time 12.38ms, mfu 29.08%
iter 7890: loss 0.5677, time 12.46ms, mfu 29.16%
iter 7900: loss 0.5756, time 20.54ms, mfu 28.06%
iter 7910: loss 0.5592, time 21.73ms, mfu 26.97%
iter 7920: loss 0.5791, time 21.63ms, mfu 25.99%
iter 7930: loss 0.5693, time 21.79ms, mfu 25.11%
iter 7940: loss 0.5602, time 21.77ms, mfu 24.31%
iter 7950: loss 0.5819, time 23.49ms, mfu 23.46%
iter 7960: loss 0.5917, time 23.43ms, mfu 22.71%
iter 7970: loss 0.5675, time 23.21ms, mfu 22.04%
iter 7980: loss 0.5711, time 23.48ms, mfu 21.42%
iter 7990: loss 0.5960, time 23.50ms, mfu 20.87%
step 8000: train loss 0.2961, val loss 2.1015
iter 8000: loss 0.5555, time 1998.55ms, mfu 18.80%
iter 8010: loss 0.5596, time 16.03ms, mfu 19.24%
iter 8020: loss 0.5734, time 15.87ms, mfu 19.67%
iter 8030: loss 0.5514, time 16.25ms, mfu 19.99%
iter 8040: loss 0.5630, time 16.21ms, mfu 20.29%
iter 8050: loss 0.5481, time 16.17ms, mfu 20.57%
iter 8060: loss 0.5380, time 16.28ms, mfu 20.80%
iter 8070: loss 0.5470, time 16.04ms, mfu 21.04%
iter 8080: loss 0.5582, time 16.06ms, mfu 21.26%
iter 8090: loss 0.5764, time 16.34ms, mfu 21.41%
iter 8100: loss 0.5807, time 16.01ms, mfu 21.60%
iter 8110: loss 0.5509, time 15.93ms, mfu 21.78%
iter 8120: loss 0.5641, time 15.96ms, mfu 21.94%
iter 8130: loss 0.5643, time 15.98ms, mfu 22.07%
iter 8140: loss 0.5598, time 15.90ms, mfu 22.21%
iter 8150: loss 0.5294, time 16.01ms, mfu 22.32%
iter 8160: loss 0.5698, time 16.03ms, mfu 22.41%
iter 8170: loss 0.5456, time 15.95ms, mfu 22.50%
iter 8180: loss 0.5590, time 15.93ms, mfu 22.59%
iter 8190: loss 0.5542, time 15.92ms, mfu 22.67%
iter 8200: loss 0.5539, time 16.18ms, mfu 22.71%
iter 8210: loss 0.5780, time 15.96ms, mfu 22.77%
iter 8220: loss 0.5527, time 14.79ms, mfu 23.01%
iter 8230: loss 0.5489, time 14.69ms, mfu 23.25%
iter 8240: loss 0.5445, time 14.71ms, mfu 23.46%
step 8250: train loss 0.2784, val loss 2.1302
iter 8250: loss 0.5534, time 1827.93ms, mfu 21.13%
iter 8260: loss 0.5664, time 14.89ms, mfu 21.52%
iter 8270: loss 0.5587, time 14.90ms, mfu 21.87%
iter 8280: loss 0.5523, time 19.67ms, mfu 21.58%
iter 8290: loss 0.5525, time 19.78ms, mfu 21.30%
iter 8300: loss 0.5502, time 20.00ms, mfu 21.04%
iter 8310: loss 0.5399, time 19.94ms, mfu 20.80%
iter 8320: loss 0.5526, time 20.01ms, mfu 20.58%
iter 8330: loss 0.5422, time 21.07ms, mfu 20.29%
iter 8340: loss 0.5392, time 21.56ms, mfu 19.99%
iter 8350: loss 0.5400, time 23.45ms, mfu 19.58%
iter 8360: loss 0.5392, time 23.16ms, mfu 19.23%
iter 8370: loss 0.5571, time 23.43ms, mfu 18.90%
iter 8380: loss 0.5503, time 23.05ms, mfu 18.63%
iter 8390: loss 0.5303, time 23.30ms, mfu 18.36%
iter 8400: loss 0.5509, time 23.24ms, mfu 18.13%
iter 8410: loss 0.5617, time 23.31ms, mfu 17.92%
iter 8420: loss 0.5393, time 24.74ms, mfu 17.63%
iter 8430: loss 0.5395, time 24.83ms, mfu 17.37%
iter 8440: loss 0.5318, time 24.77ms, mfu 17.14%
iter 8450: loss 0.5479, time 25.04ms, mfu 16.91%
iter 8460: loss 0.5525, time 22.06ms, mfu 16.91%
iter 8470: loss 0.5244, time 24.59ms, mfu 16.73%
iter 8480: loss 0.5136, time 24.39ms, mfu 16.59%
iter 8490: loss 0.5360, time 24.47ms, mfu 16.45%
step 8500: train loss 0.2646, val loss 2.1687
iter 8500: loss 0.5533, time 1985.23ms, mfu 14.82%
iter 8510: loss 0.5574, time 14.59ms, mfu 15.90%
iter 8520: loss 0.5475, time 15.01ms, mfu 16.79%
iter 8530: loss 0.5412, time 14.86ms, mfu 17.62%
iter 8540: loss 0.5301, time 15.02ms, mfu 18.34%
iter 8550: loss 0.5240, time 14.90ms, mfu 19.00%
iter 8560: loss 0.5298, time 14.70ms, mfu 19.64%
iter 8570: loss 0.5271, time 14.78ms, mfu 20.20%
iter 8580: loss 0.5142, time 14.80ms, mfu 20.69%
iter 8590: loss 0.5215, time 18.46ms, mfu 20.64%
iter 8600: loss 0.5186, time 18.68ms, mfu 20.57%
iter 8610: loss 0.5431, time 20.57ms, mfu 20.33%
iter 8620: loss 0.5343, time 20.49ms, mfu 20.11%
iter 8630: loss 0.5311, time 21.94ms, mfu 19.80%
iter 8640: loss 0.5211, time 23.28ms, mfu 19.42%
iter 8650: loss 0.5294, time 23.14ms, mfu 19.09%
iter 8660: loss 0.5326, time 23.50ms, mfu 18.77%
iter 8670: loss 0.5182, time 23.24ms, mfu 18.49%
iter 8680: loss 0.5205, time 23.32ms, mfu 18.24%
iter 8690: loss 0.5197, time 23.71ms, mfu 17.99%
iter 8700: loss 0.5304, time 23.41ms, mfu 17.78%
iter 8710: loss 0.5361, time 24.40ms, mfu 17.53%
iter 8720: loss 0.5222, time 24.97ms, mfu 17.27%
iter 8730: loss 0.5219, time 25.08ms, mfu 17.03%
iter 8740: loss 0.5357, time 24.93ms, mfu 16.82%
step 8750: train loss 0.2480, val loss 2.1944
iter 8750: loss 0.4995, time 2025.28ms, mfu 15.16%
iter 8760: loss 0.5108, time 16.22ms, mfu 15.94%
iter 8770: loss 0.5150, time 16.25ms, mfu 16.64%
iter 8780: loss 0.5076, time 16.34ms, mfu 17.25%
iter 8790: loss 0.5196, time 16.48ms, mfu 17.79%
iter 8800: loss 0.5231, time 16.09ms, mfu 18.33%
iter 8810: loss 0.5295, time 16.03ms, mfu 18.82%
iter 8820: loss 0.5131, time 16.09ms, mfu 19.25%
iter 8830: loss 0.5396, time 20.86ms, mfu 19.11%
iter 8840: loss 0.5043, time 20.05ms, mfu 19.06%
iter 8850: loss 0.5181, time 20.05ms, mfu 19.01%
iter 8860: loss 0.5075, time 19.78ms, mfu 19.00%
iter 8870: loss 0.5332, time 19.99ms, mfu 18.96%
iter 8880: loss 0.5186, time 19.81ms, mfu 18.94%
iter 8890: loss 0.5194, time 19.98ms, mfu 18.92%
iter 8900: loss 0.5250, time 19.97ms, mfu 18.89%
iter 8910: loss 0.5284, time 20.07ms, mfu 18.86%
iter 8920: loss 0.5268, time 20.00ms, mfu 18.83%
iter 8930: loss 0.5070, time 20.09ms, mfu 18.81%
iter 8940: loss 0.5072, time 19.80ms, mfu 18.81%
iter 8950: loss 0.5194, time 19.82ms, mfu 18.81%
iter 8960: loss 0.5098, time 19.77ms, mfu 18.81%
iter 8970: loss 0.5165, time 19.78ms, mfu 18.81%
iter 8980: loss 0.5135, time 19.90ms, mfu 18.80%
iter 8990: loss 0.5102, time 19.81ms, mfu 18.80%
step 9000: train loss 0.2357, val loss 2.2264
iter 9000: loss 0.5062, time 1987.96ms, mfu 16.94%
iter 9010: loss 0.5181, time 16.46ms, mfu 17.51%
iter 9020: loss 0.5179, time 16.30ms, mfu 18.05%
iter 9030: loss 0.5120, time 16.27ms, mfu 18.53%
iter 9040: loss 0.4894, time 15.99ms, mfu 19.01%
iter 9050: loss 0.4937, time 15.97ms, mfu 19.44%
iter 9060: loss 0.5134, time 18.65ms, mfu 19.50%
iter 9070: loss 0.4917, time 18.93ms, mfu 19.51%
iter 9080: loss 0.5122, time 19.01ms, mfu 19.52%
iter 9090: loss 0.5084, time 17.67ms, mfu 19.68%
iter 9100: loss 0.5300, time 18.41ms, mfu 19.74%
iter 9110: loss 0.5001, time 19.03ms, mfu 19.72%
iter 9120: loss 0.5098, time 18.87ms, mfu 19.72%
iter 9130: loss 0.4828, time 18.75ms, mfu 19.74%
iter 9140: loss 0.4873, time 19.08ms, mfu 19.72%
iter 9150: loss 0.4993, time 19.17ms, mfu 19.69%
iter 9160: loss 0.4968, time 18.16ms, mfu 19.77%
iter 9170: loss 0.4900, time 18.78ms, mfu 19.78%
iter 9180: loss 0.4962, time 18.79ms, mfu 19.78%
iter 9190: loss 0.5002, time 18.17ms, mfu 19.86%
iter 9200: loss 0.4785, time 17.44ms, mfu 20.01%
iter 9210: loss 0.4949, time 21.14ms, mfu 19.77%
iter 9220: loss 0.4776, time 21.84ms, mfu 19.50%
iter 9230: loss 0.4975, time 21.91ms, mfu 19.25%
iter 9240: loss 0.4956, time 22.06ms, mfu 19.01%
step 9250: train loss 0.2218, val loss 2.2592
iter 9250: loss 0.4695, time 1962.68ms, mfu 17.13%
iter 9260: loss 0.5066, time 15.46ms, mfu 17.83%
iter 9270: loss 0.5014, time 15.18ms, mfu 18.50%
iter 9280: loss 0.4995, time 15.37ms, mfu 19.08%
iter 9290: loss 0.4761, time 15.35ms, mfu 19.60%
iter 9300: loss 0.4968, time 15.42ms, mfu 20.05%
iter 9310: loss 0.5011, time 19.19ms, mfu 19.99%
iter 9320: loss 0.4828, time 19.79ms, mfu 19.87%
iter 9330: loss 0.4815, time 19.32ms, mfu 19.81%
iter 9340: loss 0.4823, time 18.56ms, mfu 19.84%
iter 9350: loss 0.4751, time 18.65ms, mfu 19.85%
iter 9360: loss 0.4977, time 18.45ms, mfu 19.89%
iter 9370: loss 0.4893, time 19.70ms, mfu 19.79%
iter 9380: loss 0.4751, time 21.79ms, mfu 19.52%
iter 9390: loss 0.4963, time 23.64ms, mfu 19.15%
iter 9400: loss 0.4898, time 23.60ms, mfu 18.81%
iter 9410: loss 0.4781, time 23.24ms, mfu 18.53%
iter 9420: loss 0.4947, time 23.61ms, mfu 18.26%
iter 9430: loss 0.4877, time 23.81ms, mfu 18.00%
iter 9440: loss 0.4779, time 23.52ms, mfu 17.78%
iter 9450: loss 0.4886, time 24.38ms, mfu 17.53%
iter 9460: loss 0.4751, time 24.07ms, mfu 17.33%
iter 9470: loss 0.4898, time 23.70ms, mfu 17.17%
iter 9480: loss 0.4714, time 23.59ms, mfu 17.03%
iter 9490: loss 0.4962, time 23.53ms, mfu 16.91%
step 9500: train loss 0.2096, val loss 2.2931
iter 9500: loss 0.4767, time 1884.52ms, mfu 15.24%
iter 9510: loss 0.4802, time 15.38ms, mfu 16.14%
iter 9520: loss 0.4715, time 14.86ms, mfu 17.03%
iter 9530: loss 0.4824, time 15.05ms, mfu 17.80%
iter 9540: loss 0.4849, time 14.96ms, mfu 18.51%
iter 9550: loss 0.4814, time 15.01ms, mfu 19.14%
iter 9560: loss 0.4749, time 14.91ms, mfu 19.73%
iter 9570: loss 0.4647, time 14.38ms, mfu 20.35%
iter 9580: loss 0.4683, time 15.23ms, mfu 20.76%
iter 9590: loss 0.4551, time 14.82ms, mfu 21.20%
iter 9600: loss 0.4841, time 14.04ms, mfu 21.73%
iter 9610: loss 0.4597, time 14.68ms, mfu 22.10%
iter 9620: loss 0.4766, time 14.73ms, mfu 22.42%
iter 9630: loss 0.4704, time 14.91ms, mfu 22.68%
iter 9640: loss 0.4789, time 14.95ms, mfu 22.90%
iter 9650: loss 0.4486, time 15.03ms, mfu 23.09%
iter 9660: loss 0.4600, time 14.97ms, mfu 23.27%
iter 9670: loss 0.4593, time 15.03ms, mfu 23.42%
iter 9680: loss 0.4807, time 18.02ms, mfu 23.15%
iter 9690: loss 0.4633, time 18.68ms, mfu 22.83%
iter 9700: loss 0.4725, time 20.66ms, mfu 22.35%
iter 9710: loss 0.4735, time 22.08ms, mfu 21.80%
iter 9720: loss 0.4645, time 22.14ms, mfu 21.30%
iter 9730: loss 0.4695, time 23.35ms, mfu 20.77%
iter 9740: loss 0.4760, time 23.35ms, mfu 20.29%
step 9750: train loss 0.1992, val loss 2.3228
iter 9750: loss 0.4850, time 1880.23ms, mfu 18.28%
iter 9760: loss 0.4688, time 14.96ms, mfu 18.94%
iter 9770: loss 0.4692, time 14.55ms, mfu 19.61%
iter 9780: loss 0.4642, time 14.55ms, mfu 20.21%
iter 9790: loss 0.4744, time 14.55ms, mfu 20.75%
iter 9800: loss 0.4610, time 18.62ms, mfu 20.68%
iter 9810: loss 0.4637, time 21.93ms, mfu 20.31%
iter 9820: loss 0.4655, time 21.75ms, mfu 19.99%
iter 9830: loss 0.4640, time 21.77ms, mfu 19.70%
iter 9840: loss 0.4702, time 22.05ms, mfu 19.42%
iter 9850: loss 0.4520, time 23.08ms, mfu 19.09%
iter 9860: loss 0.4722, time 21.97ms, mfu 18.88%
iter 9870: loss 0.4885, time 21.98ms, mfu 18.69%
iter 9880: loss 0.4700, time 21.74ms, mfu 18.53%
iter 9890: loss 0.4636, time 22.03ms, mfu 18.37%
iter 9900: loss 0.4549, time 22.07ms, mfu 18.22%
iter 9910: loss 0.4739, time 21.67ms, mfu 18.12%
iter 9920: loss 0.4621, time 21.90ms, mfu 18.01%
iter 9930: loss 0.4699, time 22.00ms, mfu 17.90%
iter 9940: loss 0.4552, time 21.88ms, mfu 17.81%
iter 9950: loss 0.4705, time 21.61ms, mfu 17.76%
iter 9960: loss 0.4617, time 21.63ms, mfu 17.70%
iter 9970: loss 0.4677, time 23.32ms, mfu 17.53%
iter 9980: loss 0.4596, time 23.53ms, mfu 17.36%
iter 9990: loss 0.4489, time 23.41ms, mfu 17.22%
step 10000: train loss 0.1878, val loss 2.3477
iter 10000: loss 0.4694, time 1876.03ms, mfu 15.52%
iter 10010: loss 0.4586, time 14.86ms, mfu 16.47%
iter 10020: loss 0.4683, time 15.58ms, mfu 17.22%
iter 10030: loss 0.4511, time 14.83ms, mfu 18.01%
iter 10040: loss 0.4407, time 14.83ms, mfu 18.72%
iter 10050: loss 0.4477, time 14.78ms, mfu 19.37%
iter 10060: loss 0.4372, time 14.75ms, mfu 19.96%
iter 10070: loss 0.4366, time 14.81ms, mfu 20.48%
iter 10080: loss 0.4709, time 14.62ms, mfu 20.98%
iter 10090: loss 0.4489, time 14.27ms, mfu 21.49%
iter 10100: loss 0.4454, time 14.58ms, mfu 21.90%
iter 10110: loss 0.4632, time 14.82ms, mfu 22.22%
iter 10120: loss 0.4419, time 14.26ms, mfu 22.62%
iter 10130: loss 0.4543, time 14.73ms, mfu 22.88%
iter 10140: loss 0.4677, time 14.80ms, mfu 23.11%
iter 10150: loss 0.4668, time 14.39ms, mfu 23.39%
iter 10160: loss 0.4470, time 15.28ms, mfu 23.49%
iter 10170: loss 0.4526, time 15.77ms, mfu 23.50%
iter 10180: loss 0.4612, time 15.97ms, mfu 23.49%
iter 10190: loss 0.4470, time 16.28ms, mfu 23.43%
iter 10200: loss 0.4519, time 16.18ms, mfu 23.39%
iter 10210: loss 0.4492, time 16.14ms, mfu 23.36%
iter 10220: loss 0.4510, time 15.94ms, mfu 23.36%
iter 10230: loss 0.4457, time 16.14ms, mfu 23.33%
iter 10240: loss 0.4464, time 16.28ms, mfu 23.29%
step 10250: train loss 0.1793, val loss 2.3744
iter 10250: loss 0.4662, time 1924.29ms, mfu 20.98%
iter 10260: loss 0.4367, time 15.41ms, mfu 21.30%
iter 10270: loss 0.4318, time 16.00ms, mfu 21.50%
iter 10280: loss 0.4331, time 16.71ms, mfu 21.58%
iter 10290: loss 0.4378, time 16.05ms, mfu 21.74%
iter 10300: loss 0.4431, time 16.07ms, mfu 21.89%
iter 10310: loss 0.4371, time 16.34ms, mfu 21.98%
iter 10320: loss 0.4394, time 15.99ms, mfu 22.11%
iter 10330: loss 0.4382, time 15.95ms, mfu 22.24%
iter 10340: loss 0.4376, time 15.85ms, mfu 22.36%
iter 10350: loss 0.4424, time 19.72ms, mfu 22.02%
iter 10360: loss 0.4286, time 20.17ms, mfu 21.66%
iter 10370: loss 0.4454, time 20.38ms, mfu 21.33%
iter 10380: loss 0.4484, time 21.54ms, mfu 20.92%
iter 10390: loss 0.4504, time 22.09ms, mfu 20.52%
iter 10400: loss 0.4412, time 21.57ms, mfu 20.19%
iter 10410: loss 0.4338, time 21.98ms, mfu 19.87%
iter 10420: loss 0.4564, time 22.04ms, mfu 19.57%
iter 10430: loss 0.4503, time 21.99ms, mfu 19.31%
iter 10440: loss 0.4319, time 21.70ms, mfu 19.10%
iter 10450: loss 0.4386, time 21.98ms, mfu 18.88%
iter 10460: loss 0.4392, time 22.02ms, mfu 18.69%
iter 10470: loss 0.4308, time 22.02ms, mfu 18.51%
iter 10480: loss 0.4277, time 22.12ms, mfu 18.34%
iter 10490: loss 0.4367, time 22.08ms, mfu 18.20%
step 10500: train loss 0.1729, val loss 2.3943
iter 10500: loss 0.4335, time 1995.26ms, mfu 16.40%
iter 10510: loss 0.4270, time 16.03ms, mfu 17.08%
iter 10520: loss 0.4209, time 16.33ms, mfu 17.65%
iter 10530: loss 0.4307, time 16.01ms, mfu 18.22%
iter 10540: loss 0.4370, time 15.74ms, mfu 18.76%
iter 10550: loss 0.4363, time 14.87ms, mfu 19.39%
iter 10560: loss 0.4309, time 14.93ms, mfu 19.95%
iter 10570: loss 0.4222, time 15.23ms, mfu 20.40%
iter 10580: loss 0.4217, time 15.99ms, mfu 20.69%
iter 10590: loss 0.4353, time 16.09ms, mfu 20.94%
iter 10600: loss 0.4360, time 16.30ms, mfu 21.13%
iter 10610: loss 0.4485, time 16.47ms, mfu 21.28%
iter 10620: loss 0.4409, time 16.09ms, mfu 21.47%
iter 10630: loss 0.4282, time 16.33ms, mfu 21.60%
iter 10640: loss 0.4066, time 16.01ms, mfu 21.77%
iter 10650: loss 0.4304, time 15.98ms, mfu 21.92%
iter 10660: loss 0.4327, time 16.05ms, mfu 22.05%
iter 10670: loss 0.4368, time 15.92ms, mfu 22.19%
iter 10680: loss 0.4265, time 16.04ms, mfu 22.29%
iter 10690: loss 0.4252, time 15.86ms, mfu 22.41%
iter 10700: loss 0.4185, time 15.97ms, mfu 22.50%
iter 10710: loss 0.4307, time 16.02ms, mfu 22.58%
iter 10720: loss 0.4329, time 16.00ms, mfu 22.65%
iter 10730: loss 0.4410, time 15.97ms, mfu 22.72%
iter 10740: loss 0.4139, time 16.10ms, mfu 22.76%
step 10750: train loss 0.1640, val loss 2.4285
iter 10750: loss 0.4413, time 1951.58ms, mfu 20.51%
iter 10760: loss 0.4275, time 16.32ms, mfu 20.74%
iter 10770: loss 0.4080, time 15.99ms, mfu 20.99%
iter 10780: loss 0.4301, time 16.06ms, mfu 21.22%
iter 10790: loss 0.4134, time 17.83ms, mfu 21.18%
iter 10800: loss 0.4275, time 17.65ms, mfu 21.18%
iter 10810: loss 0.4257, time 17.54ms, mfu 21.18%
iter 10820: loss 0.4134, time 17.84ms, mfu 21.15%
iter 10830: loss 0.4403, time 17.47ms, mfu 21.17%
iter 10840: loss 0.4272, time 16.76ms, mfu 21.28%
iter 10850: loss 0.4111, time 16.64ms, mfu 21.39%
iter 10860: loss 0.4214, time 16.58ms, mfu 21.50%
iter 10870: loss 0.4141, time 16.70ms, mfu 21.58%
iter 10880: loss 0.4307, time 16.39ms, mfu 21.69%
iter 10890: loss 0.4289, time 16.61ms, mfu 21.77%
iter 10900: loss 0.4165, time 16.47ms, mfu 21.85%
iter 10910: loss 0.4309, time 16.67ms, mfu 21.90%
iter 10920: loss 0.4057, time 16.54ms, mfu 21.97%
iter 10930: loss 0.4085, time 16.69ms, mfu 22.00%
iter 10940: loss 0.4223, time 16.48ms, mfu 22.06%
iter 10950: loss 0.4100, time 16.85ms, mfu 22.07%
iter 10960: loss 0.4041, time 16.75ms, mfu 22.08%
iter 10970: loss 0.4115, time 16.55ms, mfu 22.13%
iter 10980: loss 0.4076, time 16.87ms, mfu 22.12%
iter 10990: loss 0.4124, time 16.63ms, mfu 22.15%
step 11000: train loss 0.1582, val loss 2.4415
iter 11000: loss 0.4084, time 1844.30ms, mfu 19.96%
iter 11010: loss 0.3973, time 14.92ms, mfu 20.46%
iter 11020: loss 0.4189, time 14.87ms, mfu 20.92%
iter 11030: loss 0.4320, time 14.89ms, mfu 21.33%
iter 11040: loss 0.4074, time 14.76ms, mfu 21.72%
iter 11050: loss 0.4129, time 18.65ms, mfu 21.55%
iter 11060: loss 0.4093, time 18.81ms, mfu 21.37%
iter 11070: loss 0.4078, time 19.00ms, mfu 21.20%
iter 11080: loss 0.3999, time 19.95ms, mfu 20.95%
iter 11090: loss 0.3978, time 19.82ms, mfu 20.73%
iter 11100: loss 0.4031, time 20.24ms, mfu 20.50%
iter 11110: loss 0.4051, time 19.93ms, mfu 20.32%
iter 11120: loss 0.4190, time 20.13ms, mfu 20.14%
iter 11130: loss 0.4067, time 20.05ms, mfu 19.98%
iter 11140: loss 0.4113, time 20.17ms, mfu 19.83%
iter 11150: loss 0.4075, time 19.97ms, mfu 19.71%
iter 11160: loss 0.4115, time 19.86ms, mfu 19.62%
iter 11170: loss 0.4116, time 19.90ms, mfu 19.53%
iter 11180: loss 0.4190, time 20.16ms, mfu 19.43%
iter 11190: loss 0.4134, time 19.97ms, mfu 19.35%
iter 11200: loss 0.3892, time 19.95ms, mfu 19.28%
iter 11210: loss 0.4185, time 19.96ms, mfu 19.22%
iter 11220: loss 0.3976, time 19.87ms, mfu 19.17%
iter 11230: loss 0.4025, time 20.09ms, mfu 19.11%
iter 11240: loss 0.3956, time 20.13ms, mfu 19.05%
step 11250: train loss 0.1501, val loss 2.4712
iter 11250: loss 0.4133, time 2011.90ms, mfu 17.16%
iter 11260: loss 0.4128, time 16.41ms, mfu 17.72%
iter 11270: loss 0.3937, time 16.65ms, mfu 18.19%
iter 11280: loss 0.3960, time 16.45ms, mfu 18.63%
iter 11290: loss 0.4086, time 16.08ms, mfu 19.09%
iter 11300: loss 0.4112, time 16.23ms, mfu 19.47%
iter 11310: loss 0.3972, time 16.33ms, mfu 19.81%
iter 11320: loss 0.4018, time 16.60ms, mfu 20.07%
iter 11330: loss 0.4089, time 16.46ms, mfu 20.33%
iter 11340: loss 0.4006, time 16.75ms, mfu 20.52%
iter 11350: loss 0.3985, time 16.36ms, mfu 20.74%
iter 11360: loss 0.3936, time 16.64ms, mfu 20.91%
iter 11370: loss 0.4037, time 16.80ms, mfu 21.04%
iter 11380: loss 0.4025, time 16.72ms, mfu 21.16%
iter 11390: loss 0.4009, time 16.66ms, mfu 21.28%
iter 11400: loss 0.3917, time 17.12ms, mfu 21.33%
iter 11410: loss 0.3966, time 17.09ms, mfu 21.38%
iter 11420: loss 0.4005, time 16.40ms, mfu 21.51%
iter 11430: loss 0.4037, time 16.95ms, mfu 21.56%
iter 11440: loss 0.3892, time 16.67ms, mfu 21.64%
iter 11450: loss 0.3974, time 16.72ms, mfu 21.70%
iter 11460: loss 0.4142, time 16.16ms, mfu 21.84%
iter 11470: loss 0.3882, time 16.18ms, mfu 21.96%
iter 11480: loss 0.3996, time 16.43ms, mfu 22.03%
iter 11490: loss 0.4008, time 16.55ms, mfu 22.08%
step 11500: train loss 0.1453, val loss 2.4992
iter 11500: loss 0.3978, time 1992.80ms, mfu 19.89%
iter 11510: loss 0.3985, time 16.87ms, mfu 20.11%
iter 11520: loss 0.4066, time 16.92ms, mfu 20.30%
iter 11530: loss 0.3896, time 17.05ms, mfu 20.46%
iter 11540: loss 0.3904, time 16.54ms, mfu 20.66%
iter 11550: loss 0.3859, time 16.65ms, mfu 20.83%
iter 11560: loss 0.3920, time 16.40ms, mfu 21.02%
iter 11570: loss 0.3850, time 16.62ms, mfu 21.16%
iter 11580: loss 0.3845, time 16.46ms, mfu 21.31%
iter 11590: loss 0.3813, time 20.09ms, mfu 21.03%
iter 11600: loss 0.4017, time 20.02ms, mfu 20.79%
iter 11610: loss 0.3955, time 19.96ms, mfu 20.58%
iter 11620: loss 0.3867, time 22.08ms, mfu 20.21%
iter 11630: loss 0.3932, time 21.84ms, mfu 19.89%
iter 11640: loss 0.3894, time 21.78ms, mfu 19.62%
iter 11650: loss 0.3997, time 21.82ms, mfu 19.36%
iter 11660: loss 0.3812, time 22.35ms, mfu 19.09%
iter 11670: loss 0.3955, time 22.06ms, mfu 18.87%
iter 11680: loss 0.3810, time 21.72ms, mfu 18.70%
iter 11690: loss 0.3887, time 21.82ms, mfu 18.54%
iter 11700: loss 0.3869, time 22.17ms, mfu 18.37%
iter 11710: loss 0.3928, time 21.97ms, mfu 18.23%
iter 11720: loss 0.3902, time 22.06ms, mfu 18.09%
iter 11730: loss 0.3930, time 21.89ms, mfu 17.98%
iter 11740: loss 0.3760, time 22.25ms, mfu 17.86%
step 11750: train loss 0.1408, val loss 2.5118
iter 11750: loss 0.3779, time 2010.49ms, mfu 16.09%
iter 11760: loss 0.3720, time 16.33ms, mfu 16.77%
iter 11770: loss 0.3971, time 16.23ms, mfu 17.38%
iter 11780: loss 0.3877, time 16.23ms, mfu 17.94%
iter 11790: loss 0.3972, time 16.34ms, mfu 18.43%
iter 11800: loss 0.3882, time 16.43ms, mfu 18.85%
iter 11810: loss 0.3743, time 16.46ms, mfu 19.23%
iter 11820: loss 0.3842, time 16.11ms, mfu 19.62%
iter 11830: loss 0.3790, time 14.99ms, mfu 20.15%
iter 11840: loss 0.3780, time 14.75ms, mfu 20.66%
iter 11850: loss 0.3809, time 18.63ms, mfu 20.59%
iter 11860: loss 0.3928, time 18.59ms, mfu 20.54%
iter 11870: loss 0.3636, time 18.54ms, mfu 20.49%
iter 11880: loss 0.3861, time 22.05ms, mfu 20.13%
iter 11890: loss 0.3806, time 21.66ms, mfu 19.84%
iter 11900: loss 0.3736, time 21.81ms, mfu 19.56%
iter 11910: loss 0.3984, time 22.11ms, mfu 19.29%
iter 11920: loss 0.3904, time 21.90ms, mfu 19.07%
iter 11930: loss 0.3793, time 21.87ms, mfu 18.86%
iter 11940: loss 0.3920, time 21.87ms, mfu 18.68%
iter 11950: loss 0.3919, time 22.00ms, mfu 18.51%
iter 11960: loss 0.3686, time 21.86ms, mfu 18.36%
iter 11970: loss 0.3665, time 21.63ms, mfu 18.25%
iter 11980: loss 0.3850, time 21.93ms, mfu 18.12%
iter 11990: loss 0.3733, time 21.83ms, mfu 18.02%
step 12000: train loss 0.1361, val loss 2.5350
iter 12000: loss 0.3726, time 1875.41ms, mfu 16.23%
iter 12010: loss 0.3681, time 14.68ms, mfu 17.15%
iter 12020: loss 0.3817, time 14.67ms, mfu 17.97%
iter 12030: loss 0.3685, time 14.68ms, mfu 18.72%
iter 12040: loss 0.3832, time 14.87ms, mfu 19.35%
iter 12050: loss 0.3784, time 14.84ms, mfu 19.93%
iter 12060: loss 0.3945, time 14.76ms, mfu 20.46%
iter 12070: loss 0.3967, time 14.76ms, mfu 20.94%
iter 12080: loss 0.3680, time 14.76ms, mfu 21.37%
iter 12090: loss 0.3815, time 14.84ms, mfu 21.74%
iter 12100: loss 0.3684, time 14.70ms, mfu 22.10%
iter 12110: loss 0.3698, time 14.93ms, mfu 22.39%
iter 12120: loss 0.3892, time 14.87ms, mfu 22.66%
iter 12130: loss 0.3719, time 14.83ms, mfu 22.90%
iter 12140: loss 0.3730, time 14.86ms, mfu 23.12%
iter 12150: loss 0.3757, time 14.81ms, mfu 23.32%
iter 12160: loss 0.3906, time 14.85ms, mfu 23.50%
iter 12170: loss 0.3687, time 14.64ms, mfu 23.69%
iter 12180: loss 0.3654, time 14.72ms, mfu 23.86%
iter 12190: loss 0.3702, time 14.85ms, mfu 23.98%
iter 12200: loss 0.3693, time 14.84ms, mfu 24.09%
iter 12210: loss 0.3696, time 14.87ms, mfu 24.19%
iter 12220: loss 0.3684, time 14.87ms, mfu 24.28%
iter 12230: loss 0.3727, time 14.91ms, mfu 24.35%
iter 12240: loss 0.3865, time 14.92ms, mfu 24.41%
step 12250: train loss 0.1334, val loss 2.5485
iter 12250: loss 0.3792, time 1822.19ms, mfu 21.99%
iter 12260: loss 0.3639, time 15.05ms, mfu 22.27%
iter 12270: loss 0.3954, time 15.39ms, mfu 22.46%
iter 12280: loss 0.3599, time 14.84ms, mfu 22.72%
iter 12290: loss 0.3681, time 14.82ms, mfu 22.97%
iter 12300: loss 0.3502, time 14.99ms, mfu 23.16%
iter 12310: loss 0.3808, time 15.03ms, mfu 23.32%
iter 12320: loss 0.3832, time 14.84ms, mfu 23.50%
iter 12330: loss 0.3662, time 14.65ms, mfu 23.69%
iter 12340: loss 0.3673, time 15.17ms, mfu 23.78%
iter 12350: loss 0.3765, time 14.73ms, mfu 23.93%
iter 12360: loss 0.3694, time 14.61ms, mfu 24.09%
iter 12370: loss 0.3754, time 15.08ms, mfu 24.15%
iter 12380: loss 0.3767, time 14.91ms, mfu 24.23%
iter 12390: loss 0.3567, time 15.34ms, mfu 24.24%
iter 12400: loss 0.3858, time 14.34ms, mfu 24.41%
iter 12410: loss 0.3594, time 14.67ms, mfu 24.51%
iter 12420: loss 0.3670, time 14.72ms, mfu 24.59%
iter 12430: loss 0.3676, time 14.85ms, mfu 24.64%
iter 12440: loss 0.3781, time 14.72ms, mfu 24.71%
iter 12450: loss 0.3649, time 15.19ms, mfu 24.69%
iter 12460: loss 0.3743, time 14.66ms, mfu 24.76%
iter 12470: loss 0.3740, time 15.19ms, mfu 24.74%
iter 12480: loss 0.3620, time 13.96ms, mfu 24.94%
iter 12490: loss 0.3698, time 14.90ms, mfu 24.94%
step 12500: train loss 0.1292, val loss 2.5814
iter 12500: loss 0.3672, time 1819.19ms, mfu 22.47%
iter 12510: loss 0.3655, time 14.86ms, mfu 22.73%
iter 12520: loss 0.3811, time 14.64ms, mfu 23.00%
iter 12530: loss 0.3556, time 14.63ms, mfu 23.25%
iter 12540: loss 0.3651, time 15.38ms, mfu 23.35%
iter 12550: loss 0.3665, time 14.59ms, mfu 23.56%
iter 12560: loss 0.3606, time 14.61ms, mfu 23.76%
iter 12570: loss 0.3684, time 14.57ms, mfu 23.94%
iter 12580: loss 0.3691, time 14.75ms, mfu 24.07%
iter 12590: loss 0.3627, time 14.17ms, mfu 24.29%
iter 12600: loss 0.3692, time 14.10ms, mfu 24.51%
iter 12610: loss 0.3624, time 14.75ms, mfu 24.58%
iter 12620: loss 0.3586, time 14.84ms, mfu 24.64%
iter 12630: loss 0.3502, time 14.74ms, mfu 24.70%
iter 12640: loss 0.3528, time 14.82ms, mfu 24.74%
iter 12650: loss 0.3775, time 14.89ms, mfu 24.77%
iter 12660: loss 0.3566, time 14.84ms, mfu 24.81%
iter 12670: loss 0.3643, time 14.73ms, mfu 24.85%
iter 12680: loss 0.3645, time 14.61ms, mfu 24.92%
iter 12690: loss 0.3632, time 14.61ms, mfu 24.98%
iter 12700: loss 0.3632, time 14.33ms, mfu 25.08%
iter 12710: loss 0.3661, time 14.15ms, mfu 25.20%
iter 12720: loss 0.3592, time 15.50ms, mfu 25.09%
iter 12730: loss 0.3658, time 14.62ms, mfu 25.13%
iter 12740: loss 0.3576, time 14.95ms, mfu 25.11%
step 12750: train loss 0.1248, val loss 2.5978
iter 12750: loss 0.3660, time 1817.51ms, mfu 22.62%
iter 12760: loss 0.3751, time 12.59ms, mfu 23.32%
iter 12770: loss 0.3694, time 12.68ms, mfu 23.92%
iter 12780: loss 0.3615, time 12.59ms, mfu 24.49%
iter 12790: loss 0.3542, time 12.60ms, mfu 25.00%
iter 12800: loss 0.3577, time 12.56ms, mfu 25.46%
iter 12810: loss 0.3668, time 12.31ms, mfu 25.95%
iter 12820: loss 0.3624, time 12.42ms, mfu 26.35%
iter 12830: loss 0.3625, time 12.25ms, mfu 26.76%
iter 12840: loss 0.3477, time 12.34ms, mfu 27.10%
iter 12850: loss 0.3605, time 12.39ms, mfu 27.40%
iter 12860: loss 0.3562, time 11.90ms, mfu 27.79%
iter 12870: loss 0.3693, time 12.48ms, mfu 28.00%
iter 12880: loss 0.3533, time 12.44ms, mfu 28.19%
iter 12890: loss 0.3560, time 12.66ms, mfu 28.32%
iter 12900: loss 0.3676, time 12.00ms, mfu 28.59%
iter 12910: loss 0.3620, time 12.53ms, mfu 28.70%
iter 12920: loss 0.3583, time 12.49ms, mfu 28.82%
iter 12930: loss 0.3571, time 12.36ms, mfu 28.95%
iter 12940: loss 0.3528, time 12.45ms, mfu 29.05%
iter 12950: loss 0.3589, time 11.87ms, mfu 29.28%
iter 12960: loss 0.3487, time 12.39ms, mfu 29.36%
iter 12970: loss 0.3619, time 12.61ms, mfu 29.38%
iter 12980: loss 0.3520, time 12.81ms, mfu 29.35%
iter 12990: loss 0.3560, time 11.80ms, mfu 29.57%
step 13000: train loss 0.1227, val loss 2.6171
iter 13000: loss 0.3543, time 1408.57ms, mfu 26.64%
iter 13010: loss 0.3566, time 12.49ms, mfu 26.96%
iter 13020: loss 0.3560, time 12.41ms, mfu 27.27%
iter 13030: loss 0.3545, time 12.52ms, mfu 27.52%
iter 13040: loss 0.3418, time 12.48ms, mfu 27.75%
iter 13050: loss 0.3512, time 12.33ms, mfu 28.00%
iter 13060: loss 0.3457, time 12.64ms, mfu 28.15%
iter 13070: loss 0.3572, time 12.37ms, mfu 28.34%
iter 13080: loss 0.3640, time 13.93ms, mfu 28.18%
iter 13090: loss 0.3537, time 12.76ms, mfu 28.29%
iter 13100: loss 0.3526, time 12.53ms, mfu 28.43%
iter 13110: loss 0.3611, time 12.49ms, mfu 28.57%
iter 13120: loss 0.3449, time 12.41ms, mfu 28.72%
iter 13130: loss 0.3454, time 12.47ms, mfu 28.83%
iter 13140: loss 0.3519, time 12.39ms, mfu 28.96%
iter 13150: loss 0.3426, time 12.36ms, mfu 29.08%
iter 13160: loss 0.3522, time 12.37ms, mfu 29.18%
iter 13170: loss 0.3538, time 12.53ms, mfu 29.24%
iter 13180: loss 0.3444, time 12.36ms, mfu 29.33%
iter 13190: loss 0.3503, time 12.24ms, mfu 29.44%
iter 13200: loss 0.3451, time 12.22ms, mfu 29.55%
iter 13210: loss 0.3488, time 12.22ms, mfu 29.64%
iter 13220: loss 0.3535, time 12.28ms, mfu 29.71%
iter 13230: loss 0.3516, time 12.39ms, mfu 29.75%
iter 13240: loss 0.3469, time 12.31ms, mfu 29.80%
step 13250: train loss 0.1200, val loss 2.6287
iter 13250: loss 0.3559, time 1408.10ms, mfu 26.85%
iter 13260: loss 0.3419, time 12.61ms, mfu 27.12%
iter 13270: loss 0.3491, time 12.42ms, mfu 27.41%
iter 13280: loss 0.3557, time 12.32ms, mfu 27.69%
iter 13290: loss 0.3553, time 12.36ms, mfu 27.94%
iter 13300: loss 0.3600, time 12.54ms, mfu 28.11%
iter 13310: loss 0.3398, time 12.51ms, mfu 28.28%
iter 13320: loss 0.3391, time 12.49ms, mfu 28.44%
iter 13330: loss 0.3434, time 12.57ms, mfu 28.56%
iter 13340: loss 0.3516, time 12.54ms, mfu 28.67%
iter 13350: loss 0.3506, time 12.54ms, mfu 28.78%
iter 13360: loss 0.3441, time 12.46ms, mfu 28.89%
iter 13370: loss 0.3577, time 12.49ms, mfu 28.98%
iter 13380: loss 0.3573, time 12.50ms, mfu 29.07%
iter 13390: loss 0.3538, time 12.37ms, mfu 29.17%
iter 13400: loss 0.3662, time 12.38ms, mfu 29.26%
iter 13410: loss 0.3367, time 12.54ms, mfu 29.31%
iter 13420: loss 0.3275, time 12.53ms, mfu 29.35%
iter 13430: loss 0.3496, time 12.53ms, mfu 29.39%
iter 13440: loss 0.3473, time 12.52ms, mfu 29.43%
iter 13450: loss 0.3454, time 12.48ms, mfu 29.47%
iter 13460: loss 0.3443, time 12.46ms, mfu 29.51%
iter 13470: loss 0.3480, time 12.47ms, mfu 29.55%
iter 13480: loss 0.3424, time 12.34ms, mfu 29.61%
iter 13490: loss 0.3329, time 12.40ms, mfu 29.66%
step 13500: train loss 0.1178, val loss 2.6484
iter 13500: loss 0.3538, time 1413.19ms, mfu 26.72%
iter 13510: loss 0.3381, time 12.64ms, mfu 26.99%
iter 13520: loss 0.3593, time 12.69ms, mfu 27.23%
iter 13530: loss 0.3380, time 12.47ms, mfu 27.50%
iter 13540: loss 0.3490, time 12.51ms, mfu 27.73%
iter 13550: loss 0.3473, time 12.14ms, mfu 28.02%
iter 13560: loss 0.3434, time 21.75ms, mfu 26.94%
iter 13570: loss 0.3439, time 21.70ms, mfu 25.96%
iter 13580: loss 0.3405, time 22.00ms, mfu 25.06%
iter 13590: loss 0.3471, time 21.88ms, mfu 24.25%
iter 13600: loss 0.3447, time 21.40ms, mfu 23.57%
iter 13610: loss 0.3259, time 21.77ms, mfu 22.92%
iter 13620: loss 0.3414, time 21.83ms, mfu 22.34%
iter 13630: loss 0.3440, time 21.64ms, mfu 21.83%
iter 13640: loss 0.3350, time 21.93ms, mfu 21.34%
iter 13650: loss 0.3323, time 21.88ms, mfu 20.91%
iter 13660: loss 0.3465, time 21.51ms, mfu 20.55%
iter 13670: loss 0.3358, time 21.85ms, mfu 20.20%
iter 13680: loss 0.3270, time 21.78ms, mfu 19.89%
iter 13690: loss 0.3494, time 23.44ms, mfu 19.49%
iter 13700: loss 0.3461, time 23.60ms, mfu 19.12%
iter 13710: loss 0.3432, time 23.90ms, mfu 18.77%
iter 13720: loss 0.3518, time 23.36ms, mfu 18.49%
iter 13730: loss 0.3371, time 23.57ms, mfu 18.22%
iter 13740: loss 0.3424, time 23.48ms, mfu 17.99%
step 13750: train loss 0.1155, val loss 2.6471
iter 13750: loss 0.3413, time 1882.10ms, mfu 16.21%
iter 13760: loss 0.3375, time 14.78ms, mfu 17.11%
iter 13770: loss 0.3410, time 14.72ms, mfu 17.93%
iter 13780: loss 0.3425, time 14.80ms, mfu 18.65%
iter 13790: loss 0.3357, time 14.86ms, mfu 19.30%
iter 13800: loss 0.3532, time 18.89ms, mfu 19.34%
iter 13810: loss 0.3331, time 19.50ms, mfu 19.32%
iter 13820: loss 0.3385, time 19.26ms, mfu 19.32%
iter 13830: loss 0.3332, time 19.40ms, mfu 19.31%
iter 13840: loss 0.3170, time 19.32ms, mfu 19.30%
iter 13850: loss 0.3435, time 19.37ms, mfu 19.30%
iter 13860: loss 0.3431, time 19.47ms, mfu 19.28%
iter 13870: loss 0.3301, time 18.71ms, mfu 19.34%
iter 13880: loss 0.3329, time 18.75ms, mfu 19.40%
iter 13890: loss 0.3399, time 19.28ms, mfu 19.39%
iter 13900: loss 0.3422, time 19.07ms, mfu 19.41%
iter 13910: loss 0.3251, time 19.40ms, mfu 19.39%
iter 13920: loss 0.3417, time 19.10ms, mfu 19.40%
iter 13930: loss 0.3257, time 19.29ms, mfu 19.39%
iter 13940: loss 0.3382, time 18.79ms, mfu 19.43%
iter 13950: loss 0.3274, time 19.83ms, mfu 19.37%
iter 13960: loss 0.3377, time 19.46ms, mfu 19.35%
iter 13970: loss 0.3335, time 19.50ms, mfu 19.32%
iter 13980: loss 0.3410, time 19.66ms, mfu 19.29%
iter 13990: loss 0.3331, time 19.23ms, mfu 19.30%
step 14000: train loss 0.1142, val loss 2.6725
iter 14000: loss 0.3335, time 1850.19ms, mfu 17.39%
iter 14010: loss 0.3323, time 13.51ms, mfu 18.41%
iter 14020: loss 0.3367, time 14.65ms, mfu 19.11%
iter 14030: loss 0.3415, time 15.49ms, mfu 19.61%
iter 14040: loss 0.3283, time 16.03ms, mfu 19.97%
iter 14050: loss 0.3384, time 15.97ms, mfu 20.31%
iter 14060: loss 0.3390, time 15.27ms, mfu 20.71%
iter 14070: loss 0.3449, time 19.82ms, mfu 20.52%
iter 14080: loss 0.3383, time 20.11ms, mfu 20.32%
iter 14090: loss 0.3226, time 20.22ms, mfu 20.13%
iter 14100: loss 0.3542, time 20.01ms, mfu 19.98%
iter 14110: loss 0.3384, time 20.27ms, mfu 19.82%
iter 14120: loss 0.3335, time 19.88ms, mfu 19.71%
iter 14130: loss 0.3453, time 20.00ms, mfu 19.61%
iter 14140: loss 0.3347, time 20.25ms, mfu 19.49%
iter 14150: loss 0.3288, time 19.81ms, mfu 19.42%
iter 14160: loss 0.3555, time 19.99ms, mfu 19.34%
iter 14170: loss 0.3239, time 19.78ms, mfu 19.29%
iter 14180: loss 0.3303, time 20.16ms, mfu 19.21%
iter 14190: loss 0.3347, time 20.20ms, mfu 19.13%
iter 14200: loss 0.3350, time 20.16ms, mfu 19.07%
iter 14210: loss 0.3342, time 19.82ms, mfu 19.04%
iter 14220: loss 0.3396, time 20.38ms, mfu 18.96%
iter 14230: loss 0.3354, time 20.21ms, mfu 18.91%
iter 14240: loss 0.3346, time 20.09ms, mfu 18.88%
step 14250: train loss 0.1125, val loss 2.6836
iter 14250: loss 0.3498, time 1993.57ms, mfu 17.01%
iter 14260: loss 0.3396, time 16.18ms, mfu 17.61%
iter 14270: loss 0.3331, time 15.31ms, mfu 18.28%
iter 14280: loss 0.3280, time 15.77ms, mfu 18.82%
iter 14290: loss 0.3249, time 21.17ms, mfu 18.70%
iter 14300: loss 0.3402, time 21.47ms, mfu 18.56%
iter 14310: loss 0.3347, time 21.49ms, mfu 18.44%
iter 14320: loss 0.3307, time 21.05ms, mfu 18.37%
iter 14330: loss 0.3243, time 21.21ms, mfu 18.29%
iter 14340: loss 0.3296, time 21.22ms, mfu 18.21%
iter 14350: loss 0.3305, time 21.61ms, mfu 18.12%
iter 14360: loss 0.3327, time 20.85ms, mfu 18.09%
iter 14370: loss 0.3281, time 21.23ms, mfu 18.04%
iter 14380: loss 0.3441, time 21.00ms, mfu 18.01%
iter 14390: loss 0.3329, time 21.84ms, mfu 17.91%
iter 14400: loss 0.3325, time 21.65ms, mfu 17.84%
iter 14410: loss 0.3334, time 21.30ms, mfu 17.81%
iter 14420: loss 0.3234, time 21.93ms, mfu 17.73%
iter 14430: loss 0.3237, time 21.61ms, mfu 17.68%
iter 14440: loss 0.3313, time 19.90ms, mfu 17.78%
iter 14450: loss 0.3326, time 20.14ms, mfu 17.85%
iter 14460: loss 0.3181, time 19.88ms, mfu 17.94%
iter 14470: loss 0.3343, time 19.71ms, mfu 18.04%
iter 14480: loss 0.3364, time 19.58ms, mfu 18.14%
iter 14490: loss 0.3380, time 19.89ms, mfu 18.20%
step 14500: train loss 0.1118, val loss 2.6721
iter 14500: loss 0.3410, time 1969.73ms, mfu 16.40%
iter 14510: loss 0.3245, time 16.22ms, mfu 17.06%
iter 14520: loss 0.3351, time 16.85ms, mfu 17.56%
iter 14530: loss 0.3391, time 16.25ms, mfu 18.10%
iter 14540: loss 0.3257, time 16.11ms, mfu 18.60%
iter 14550: loss 0.3186, time 16.14ms, mfu 19.05%
iter 14560: loss 0.3359, time 16.11ms, mfu 19.46%
iter 14570: loss 0.3241, time 16.18ms, mfu 19.81%
iter 14580: loss 0.3292, time 16.15ms, mfu 20.14%
iter 14590: loss 0.3327, time 16.22ms, mfu 20.42%
iter 14600: loss 0.3463, time 16.16ms, mfu 20.69%
iter 14610: loss 0.3274, time 16.40ms, mfu 20.89%
iter 14620: loss 0.3197, time 16.27ms, mfu 21.09%
iter 14630: loss 0.3231, time 16.29ms, mfu 21.27%
iter 14640: loss 0.3207, time 16.16ms, mfu 21.45%
iter 14650: loss 0.3362, time 16.22ms, mfu 21.60%
iter 14660: loss 0.3163, time 16.18ms, mfu 21.75%
iter 14670: loss 0.3206, time 22.11ms, mfu 21.26%
iter 14680: loss 0.3222, time 23.16ms, mfu 20.74%
iter 14690: loss 0.3384, time 23.50ms, mfu 20.25%
iter 14700: loss 0.3328, time 23.15ms, mfu 19.84%
iter 14710: loss 0.3279, time 24.82ms, mfu 19.35%
iter 14720: loss 0.3279, time 25.05ms, mfu 18.91%
iter 14730: loss 0.3296, time 24.88ms, mfu 18.51%
iter 14740: loss 0.3187, time 24.98ms, mfu 18.15%
step 14750: train loss 0.1103, val loss 2.6978
iter 14750: loss 0.3281, time 2020.18ms, mfu 16.36%
iter 14760: loss 0.3258, time 16.58ms, mfu 16.97%
iter 14770: loss 0.3228, time 16.50ms, mfu 17.53%
iter 14780: loss 0.3259, time 16.68ms, mfu 18.01%
iter 14790: loss 0.3312, time 20.22ms, mfu 18.05%
iter 14800: loss 0.3308, time 19.99ms, mfu 18.11%
iter 14810: loss 0.3300, time 19.86ms, mfu 18.18%
iter 14820: loss 0.3289, time 20.16ms, mfu 18.21%
iter 14830: loss 0.3354, time 20.03ms, mfu 18.25%
iter 14840: loss 0.3386, time 21.30ms, mfu 18.17%
iter 14850: loss 0.3333, time 19.84ms, mfu 18.23%
iter 14860: loss 0.3333, time 20.07ms, mfu 18.27%
iter 14870: loss 0.3235, time 20.01ms, mfu 18.30%
iter 14880: loss 0.3384, time 19.87ms, mfu 18.35%
iter 14890: loss 0.3364, time 20.14ms, mfu 18.36%
iter 14900: loss 0.3168, time 20.15ms, mfu 18.38%
iter 14910: loss 0.3150, time 19.80ms, mfu 18.42%
iter 14920: loss 0.3293, time 19.78ms, mfu 18.46%
iter 14930: loss 0.3226, time 19.93ms, mfu 18.49%
iter 14940: loss 0.3226, time 19.76ms, mfu 18.52%
iter 14950: loss 0.3212, time 19.93ms, mfu 18.54%
iter 14960: loss 0.3334, time 20.09ms, mfu 18.54%
iter 14970: loss 0.3257, time 20.00ms, mfu 18.55%
iter 14980: loss 0.3210, time 19.91ms, mfu 18.57%
iter 14990: loss 0.3318, time 19.83ms, mfu 18.59%
step 15000: train loss 0.1089, val loss 2.7205
iter 15000: loss 0.3273, time 2003.76ms, mfu 16.75%
