Overriding config with /tmp/baseline_seed42.py:
# Import base config
exec(open('config/train_baby_baseline_multiseed.py').read())

# Override with seed-specific values
seed_offset = 42
out_dir = '/net/scratch2/junyuren/nanoGPT-manifold/out-baby-baseline-seed42'

tokens per iteration will be: 16,384
found vocab_size = 65 (inside data/shakespeare_char/meta.pkl)
Initializing a new model from scratch
number of parameters: 10.65M
num decayed parameter tensors: 26, with 10,740,096 parameters
num non-decayed parameter tensors: 13, with 4,992 parameters
using fused AdamW: True
compiling the model... (takes a ~minute)
step 0: train loss 4.2874, val loss 4.2823
iter 0: loss 4.2654, time 9930.56ms, mfu -100.00%
iter 10: loss 3.1461, time 16.73ms, mfu 22.27%
iter 20: loss 2.7312, time 17.66ms, mfu 22.16%
iter 30: loss 2.6179, time 17.24ms, mfu 22.10%
iter 40: loss 2.5754, time 17.26ms, mfu 22.05%
iter 50: loss 2.5250, time 17.39ms, mfu 21.99%
iter 60: loss 2.5142, time 17.30ms, mfu 21.94%
iter 70: loss 2.4945, time 17.20ms, mfu 21.91%
iter 80: loss 2.4937, time 17.28ms, mfu 21.88%
iter 90: loss 2.4690, time 17.49ms, mfu 21.82%
iter 100: loss 2.4608, time 17.41ms, mfu 21.78%
iter 110: loss 2.4629, time 17.31ms, mfu 21.75%
iter 120: loss 2.4267, time 17.31ms, mfu 21.73%
iter 130: loss 2.4156, time 17.46ms, mfu 21.69%
iter 140: loss 2.3985, time 17.25ms, mfu 21.68%
iter 150: loss 2.4086, time 17.42ms, mfu 21.65%
iter 160: loss 2.3672, time 17.28ms, mfu 21.64%
iter 170: loss 2.3548, time 17.34ms, mfu 21.63%
iter 180: loss 2.3132, time 17.42ms, mfu 21.60%
iter 190: loss 2.2497, time 17.45ms, mfu 21.58%
iter 200: loss 2.2052, time 17.54ms, mfu 21.55%
iter 210: loss 2.1367, time 18.96ms, mfu 21.36%
iter 220: loss 2.1473, time 18.86ms, mfu 21.20%
iter 230: loss 2.0704, time 18.84ms, mfu 21.05%
iter 240: loss 2.0785, time 18.82ms, mfu 20.93%
step 250: train loss 1.9672, val loss 2.0634
saving checkpoint to /net/scratch2/junyuren/nanoGPT-manifold/out-baby-baseline-seed42
iter 250: loss 2.0312, time 7722.16ms, mfu 18.84%
iter 260: loss 1.9763, time 25.30ms, mfu 18.43%
iter 270: loss 1.9816, time 25.33ms, mfu 18.06%
iter 280: loss 1.9766, time 25.22ms, mfu 17.73%
iter 290: loss 1.9141, time 25.20ms, mfu 17.44%
iter 300: loss 1.9027, time 25.15ms, mfu 17.17%
iter 310: loss 1.8643, time 24.89ms, mfu 16.95%
iter 320: loss 1.8537, time 25.21ms, mfu 16.74%
iter 330: loss 1.8228, time 24.81ms, mfu 16.56%
iter 340: loss 1.7912, time 24.77ms, mfu 16.41%
iter 350: loss 1.8293, time 25.04ms, mfu 16.26%
iter 360: loss 1.7692, time 25.12ms, mfu 16.12%
iter 370: loss 1.7461, time 25.13ms, mfu 15.99%
iter 380: loss 1.7303, time 25.17ms, mfu 15.87%
iter 390: loss 1.7314, time 24.76ms, mfu 15.79%
iter 400: loss 1.7649, time 24.86ms, mfu 15.71%
iter 410: loss 1.6997, time 26.11ms, mfu 15.56%
iter 420: loss 1.7128, time 25.08ms, mfu 15.49%
iter 430: loss 1.6882, time 25.11ms, mfu 15.43%
iter 440: loss 1.6472, time 24.69ms, mfu 15.40%
iter 450: loss 1.6450, time 25.20ms, mfu 15.33%
iter 460: loss 1.6004, time 24.89ms, mfu 15.30%
iter 470: loss 1.6457, time 25.01ms, mfu 15.26%
iter 480: loss 1.6205, time 24.74ms, mfu 15.24%
iter 490: loss 1.5981, time 24.85ms, mfu 15.21%
step 500: train loss 1.5226, val loss 1.7221
saving checkpoint to /net/scratch2/junyuren/nanoGPT-manifold/out-baby-baseline-seed42
iter 500: loss 1.5954, time 7633.59ms, mfu 13.70%
iter 510: loss 1.6067, time 16.28ms, mfu 14.62%
iter 520: loss 1.5897, time 16.18ms, mfu 15.46%
iter 530: loss 1.5583, time 16.41ms, mfu 16.18%
iter 540: loss 1.6162, time 16.41ms, mfu 16.83%
iter 550: loss 1.5569, time 16.22ms, mfu 17.45%
iter 560: loss 1.5561, time 16.39ms, mfu 17.98%
iter 570: loss 1.5599, time 16.09ms, mfu 18.50%
iter 580: loss 1.5258, time 16.35ms, mfu 18.93%
iter 590: loss 1.4861, time 16.34ms, mfu 19.31%
iter 600: loss 1.5137, time 16.15ms, mfu 19.69%
iter 610: loss 1.5429, time 16.15ms, mfu 20.03%
iter 620: loss 1.5280, time 16.28ms, mfu 20.31%
iter 630: loss 1.5055, time 16.30ms, mfu 20.57%
iter 640: loss 1.4697, time 16.34ms, mfu 20.79%
iter 650: loss 1.4939, time 16.09ms, mfu 21.03%
iter 660: loss 1.5000, time 16.40ms, mfu 21.20%
iter 670: loss 1.4380, time 16.28ms, mfu 21.37%
iter 680: loss 1.5118, time 16.04ms, mfu 21.55%
iter 690: loss 1.4617, time 16.12ms, mfu 21.71%
iter 700: loss 1.4823, time 16.54ms, mfu 21.79%
iter 710: loss 1.4544, time 16.45ms, mfu 21.88%
iter 720: loss 1.4418, time 16.17ms, mfu 21.99%
iter 730: loss 1.4217, time 16.54ms, mfu 22.05%
iter 740: loss 1.4263, time 16.63ms, mfu 22.08%
step 750: train loss 1.3584, val loss 1.5859
saving checkpoint to /net/scratch2/junyuren/nanoGPT-manifold/out-baby-baseline-seed42
iter 750: loss 1.4176, time 4457.77ms, mfu 19.88%
iter 760: loss 1.4408, time 25.16ms, mfu 19.38%
iter 770: loss 1.4269, time 24.92ms, mfu 18.93%
iter 780: loss 1.4151, time 25.22ms, mfu 18.52%
iter 790: loss 1.4180, time 24.60ms, mfu 18.18%
iter 800: loss 1.4303, time 25.17ms, mfu 17.84%
iter 810: loss 1.4056, time 25.09ms, mfu 17.54%
iter 820: loss 1.4077, time 24.83ms, mfu 17.29%
iter 830: loss 1.3899, time 26.12ms, mfu 16.99%
iter 840: loss 1.3942, time 24.58ms, mfu 16.81%
iter 850: loss 1.3875, time 24.84ms, mfu 16.62%
iter 860: loss 1.3936, time 24.94ms, mfu 16.46%
iter 870: loss 1.3923, time 24.73ms, mfu 16.32%
iter 880: loss 1.3668, time 24.55ms, mfu 16.20%
iter 890: loss 1.3837, time 25.16ms, mfu 16.06%
iter 900: loss 1.3698, time 24.67ms, mfu 15.97%
iter 910: loss 1.3184, time 25.20ms, mfu 15.85%
iter 920: loss 1.3563, time 25.12ms, mfu 15.75%
iter 930: loss 1.3588, time 24.91ms, mfu 15.67%
iter 940: loss 1.3438, time 24.88ms, mfu 15.60%
iter 950: loss 1.3467, time 25.09ms, mfu 15.52%
iter 960: loss 1.3592, time 24.56ms, mfu 15.49%
iter 970: loss 1.3550, time 25.02ms, mfu 15.43%
iter 980: loss 1.3536, time 24.69ms, mfu 15.40%
iter 990: loss 1.3371, time 25.21ms, mfu 15.33%
step 1000: train loss 1.2769, val loss 1.5258
saving checkpoint to /net/scratch2/junyuren/nanoGPT-manifold/out-baby-baseline-seed42
iter 1000: loss 1.3389, time 4486.76ms, mfu 13.81%
iter 1010: loss 1.3370, time 25.04ms, mfu 13.92%
iter 1020: loss 1.3131, time 24.72ms, mfu 14.03%
iter 1030: loss 1.3359, time 25.05ms, mfu 14.12%
iter 1040: loss 1.3529, time 24.61ms, mfu 14.22%
iter 1050: loss 1.2887, time 25.25ms, mfu 14.27%
iter 1060: loss 1.3407, time 25.13ms, mfu 14.33%
iter 1070: loss 1.3348, time 24.93ms, mfu 14.39%
iter 1080: loss 1.3366, time 25.15ms, mfu 14.43%
iter 1090: loss 1.3534, time 25.03ms, mfu 14.48%
iter 1100: loss 1.3269, time 25.23ms, mfu 14.51%
iter 1110: loss 1.2925, time 25.03ms, mfu 14.55%
iter 1120: loss 1.3010, time 24.76ms, mfu 14.60%
iter 1130: loss 1.2911, time 25.09ms, mfu 14.62%
iter 1140: loss 1.3008, time 24.72ms, mfu 14.67%
iter 1150: loss 1.3056, time 24.76ms, mfu 14.70%
iter 1160: loss 1.3252, time 24.60ms, mfu 14.75%
iter 1170: loss 1.2979, time 25.02ms, mfu 14.76%
iter 1180: loss 1.3169, time 24.72ms, mfu 14.79%
iter 1190: loss 1.2695, time 24.77ms, mfu 14.82%
iter 1200: loss 1.2901, time 25.06ms, mfu 14.82%
iter 1210: loss 1.2634, time 25.09ms, mfu 14.83%
iter 1220: loss 1.3071, time 24.81ms, mfu 14.85%
iter 1230: loss 1.2969, time 25.26ms, mfu 14.84%
iter 1240: loss 1.2987, time 25.31ms, mfu 14.83%
step 1250: train loss 1.2058, val loss 1.4979
saving checkpoint to /net/scratch2/junyuren/nanoGPT-manifold/out-baby-baseline-seed42
iter 1250: loss 1.2710, time 4472.68ms, mfu 13.35%
iter 1260: loss 1.2855, time 25.18ms, mfu 13.50%
iter 1270: loss 1.2640, time 25.19ms, mfu 13.63%
iter 1280: loss 1.2593, time 24.68ms, mfu 13.77%
iter 1290: loss 1.2813, time 25.20ms, mfu 13.87%
iter 1300: loss 1.2971, time 24.74ms, mfu 13.99%
iter 1310: loss 1.2456, time 25.16ms, mfu 14.07%
iter 1320: loss 1.3105, time 24.97ms, mfu 14.16%
iter 1330: loss 1.2596, time 25.21ms, mfu 14.22%
iter 1340: loss 1.3025, time 24.81ms, mfu 14.30%
iter 1350: loss 1.2611, time 25.43ms, mfu 14.34%
iter 1360: loss 1.2786, time 24.67ms, mfu 14.41%
iter 1370: loss 1.2589, time 25.09ms, mfu 14.46%
iter 1380: loss 1.2654, time 24.84ms, mfu 14.51%
iter 1390: loss 1.2547, time 25.08ms, mfu 14.55%
iter 1400: loss 1.2602, time 24.79ms, mfu 14.59%
iter 1410: loss 1.2542, time 25.13ms, mfu 14.62%
iter 1420: loss 1.2742, time 25.18ms, mfu 14.64%
iter 1430: loss 1.2401, time 25.23ms, mfu 14.65%
iter 1440: loss 1.2574, time 25.16ms, mfu 14.67%
iter 1450: loss 1.2356, time 24.83ms, mfu 14.70%
iter 1460: loss 1.2398, time 24.79ms, mfu 14.73%
iter 1470: loss 1.2303, time 25.21ms, mfu 14.74%
iter 1480: loss 1.2206, time 25.15ms, mfu 14.75%
iter 1490: loss 1.2455, time 24.72ms, mfu 14.78%
step 1500: train loss 1.1564, val loss 1.4830
saving checkpoint to /net/scratch2/junyuren/nanoGPT-manifold/out-baby-baseline-seed42
iter 1500: loss 1.1877, time 5620.46ms, mfu 13.31%
iter 1510: loss 1.2360, time 25.29ms, mfu 13.45%
iter 1520: loss 1.2282, time 25.01ms, mfu 13.59%
iter 1530: loss 1.2592, time 25.06ms, mfu 13.72%
iter 1540: loss 1.1980, time 25.02ms, mfu 13.84%
iter 1550: loss 1.2353, time 24.19ms, mfu 14.00%
iter 1560: loss 1.2082, time 23.89ms, mfu 14.16%
iter 1570: loss 1.2404, time 23.68ms, mfu 14.31%
iter 1580: loss 1.2079, time 23.45ms, mfu 14.47%
iter 1590: loss 1.2006, time 23.45ms, mfu 14.61%
iter 1600: loss 1.2004, time 23.62ms, mfu 14.73%
iter 1610: loss 1.2368, time 23.81ms, mfu 14.82%
iter 1620: loss 1.1932, time 23.44ms, mfu 14.93%
iter 1630: loss 1.2126, time 23.63ms, mfu 15.01%
iter 1640: loss 1.2048, time 23.77ms, mfu 15.08%
iter 1650: loss 1.1884, time 23.77ms, mfu 15.14%
iter 1660: loss 1.2249, time 23.51ms, mfu 15.21%
iter 1670: loss 1.2072, time 23.70ms, mfu 15.26%
iter 1680: loss 1.2044, time 23.55ms, mfu 15.32%
iter 1690: loss 1.2089, time 23.61ms, mfu 15.36%
iter 1700: loss 1.1949, time 23.59ms, mfu 15.41%
iter 1710: loss 1.1876, time 23.66ms, mfu 15.44%
iter 1720: loss 1.1948, time 23.38ms, mfu 15.49%
iter 1730: loss 1.2100, time 23.51ms, mfu 15.53%
iter 1740: loss 1.1781, time 23.78ms, mfu 15.54%
step 1750: train loss 1.1148, val loss 1.4694
saving checkpoint to /net/scratch2/junyuren/nanoGPT-manifold/out-baby-baseline-seed42
iter 1750: loss 1.1939, time 4265.29ms, mfu 14.00%
iter 1760: loss 1.2029, time 23.45ms, mfu 14.19%
iter 1770: loss 1.2050, time 23.72ms, mfu 14.34%
iter 1780: loss 1.2110, time 23.82ms, mfu 14.47%
iter 1790: loss 1.2025, time 23.71ms, mfu 14.59%
iter 1800: loss 1.1954, time 23.70ms, mfu 14.71%
iter 1810: loss 1.1724, time 23.44ms, mfu 14.82%
iter 1820: loss 1.1796, time 23.80ms, mfu 14.91%
iter 1830: loss 1.1840, time 23.64ms, mfu 14.99%
iter 1840: loss 1.1737, time 23.58ms, mfu 15.07%
iter 1850: loss 1.1653, time 23.60ms, mfu 15.15%
iter 1860: loss 1.1842, time 23.43ms, mfu 15.22%
iter 1870: loss 1.1562, time 23.81ms, mfu 15.26%
iter 1880: loss 1.1956, time 23.48ms, mfu 15.33%
iter 1890: loss 1.1867, time 23.41ms, mfu 15.38%
iter 1900: loss 1.1447, time 23.79ms, mfu 15.41%
iter 1910: loss 1.1810, time 23.67ms, mfu 15.45%
iter 1920: loss 1.1849, time 23.59ms, mfu 15.48%
iter 1930: loss 1.1563, time 23.47ms, mfu 15.52%
iter 1940: loss 1.1387, time 23.90ms, mfu 15.53%
iter 1950: loss 1.1509, time 23.47ms, mfu 15.56%
iter 1960: loss 1.1646, time 23.54ms, mfu 15.59%
iter 1970: loss 1.1579, time 23.43ms, mfu 15.62%
iter 1980: loss 1.1642, time 23.46ms, mfu 15.65%
iter 1990: loss 1.1679, time 23.49ms, mfu 15.67%
step 2000: train loss 1.0727, val loss 1.4845
iter 2000: loss 1.1369, time 1913.25ms, mfu 14.12%
iter 2010: loss 1.1379, time 14.72ms, mfu 15.24%
iter 2020: loss 1.1334, time 14.86ms, mfu 16.22%
iter 2030: loss 1.1754, time 14.88ms, mfu 17.11%
iter 2040: loss 1.1593, time 14.92ms, mfu 17.89%
iter 2050: loss 1.1314, time 14.85ms, mfu 18.61%
iter 2060: loss 1.1180, time 14.90ms, mfu 19.25%
iter 2070: loss 1.1409, time 15.02ms, mfu 19.81%
iter 2080: loss 1.1354, time 14.87ms, mfu 20.33%
iter 2090: loss 1.1518, time 14.82ms, mfu 20.81%
iter 2100: loss 1.1483, time 14.88ms, mfu 21.24%
iter 2110: loss 1.1478, time 14.77ms, mfu 21.64%
iter 2120: loss 1.1424, time 15.00ms, mfu 21.96%
iter 2130: loss 1.1521, time 14.90ms, mfu 22.26%
iter 2140: loss 1.1616, time 14.83ms, mfu 22.55%
iter 2150: loss 1.1465, time 14.83ms, mfu 22.81%
iter 2160: loss 1.1563, time 14.88ms, mfu 23.03%
iter 2170: loss 1.1534, time 14.85ms, mfu 23.24%
iter 2180: loss 1.1330, time 14.79ms, mfu 23.43%
iter 2190: loss 1.1267, time 14.82ms, mfu 23.60%
iter 2200: loss 1.1422, time 14.93ms, mfu 23.74%
iter 2210: loss 1.1304, time 14.82ms, mfu 23.88%
iter 2220: loss 1.1393, time 14.84ms, mfu 24.00%
iter 2230: loss 1.1440, time 14.82ms, mfu 24.11%
iter 2240: loss 1.1473, time 14.82ms, mfu 24.22%
step 2250: train loss 1.0346, val loss 1.4930
iter 2250: loss 1.1356, time 1942.93ms, mfu 21.82%
iter 2260: loss 1.1293, time 15.14ms, mfu 22.09%
iter 2270: loss 1.1571, time 14.86ms, mfu 22.39%
iter 2280: loss 1.1077, time 15.49ms, mfu 22.56%
iter 2290: loss 1.1600, time 15.38ms, mfu 22.73%
iter 2300: loss 1.1408, time 14.83ms, mfu 22.97%
iter 2310: loss 1.1197, time 14.83ms, mfu 23.18%
iter 2320: loss 1.1152, time 14.98ms, mfu 23.35%
iter 2330: loss 1.1178, time 14.86ms, mfu 23.52%
iter 2340: loss 1.1302, time 15.10ms, mfu 23.64%
iter 2350: loss 1.1321, time 14.91ms, mfu 23.78%
iter 2360: loss 1.1302, time 18.77ms, mfu 23.38%
iter 2370: loss 1.1147, time 18.66ms, mfu 23.04%
iter 2380: loss 1.1028, time 18.62ms, mfu 22.74%
iter 2390: loss 1.1088, time 18.62ms, mfu 22.47%
iter 2400: loss 1.1057, time 18.83ms, mfu 22.20%
iter 2410: loss 1.0910, time 19.13ms, mfu 21.93%
iter 2420: loss 1.1075, time 18.73ms, mfu 21.72%
iter 2430: loss 1.0789, time 19.12ms, mfu 21.50%
iter 2440: loss 1.0853, time 19.01ms, mfu 21.31%
iter 2450: loss 1.0945, time 18.99ms, mfu 21.14%
iter 2460: loss 1.1073, time 19.04ms, mfu 20.98%
iter 2470: loss 1.1164, time 20.91ms, mfu 20.67%
iter 2480: loss 1.1130, time 20.84ms, mfu 20.39%
iter 2490: loss 1.0844, time 21.10ms, mfu 20.12%
step 2500: train loss 0.9888, val loss 1.4912
iter 2500: loss 1.1163, time 1914.60ms, mfu 18.12%
iter 2510: loss 1.0942, time 14.85ms, mfu 18.82%
iter 2520: loss 1.0688, time 14.62ms, mfu 19.49%
iter 2530: loss 1.0791, time 14.69ms, mfu 20.08%
iter 2540: loss 1.0801, time 14.68ms, mfu 20.61%
iter 2550: loss 1.1032, time 14.85ms, mfu 21.06%
iter 2560: loss 1.0839, time 14.82ms, mfu 21.46%
iter 2570: loss 1.0955, time 14.86ms, mfu 21.82%
iter 2580: loss 1.1063, time 14.73ms, mfu 22.17%
iter 2590: loss 1.0973, time 14.66ms, mfu 22.50%
iter 2600: loss 1.0906, time 14.89ms, mfu 22.75%
iter 2610: loss 1.0757, time 14.67ms, mfu 23.01%
iter 2620: loss 1.0744, time 14.85ms, mfu 23.22%
iter 2630: loss 1.0466, time 22.55ms, mfu 22.55%
iter 2640: loss 1.0688, time 14.79ms, mfu 22.82%
iter 2650: loss 1.0958, time 14.68ms, mfu 23.07%
iter 2660: loss 1.0756, time 14.64ms, mfu 23.31%
iter 2670: loss 1.0483, time 14.69ms, mfu 23.52%
iter 2680: loss 1.0822, time 14.73ms, mfu 23.70%
iter 2690: loss 1.0799, time 14.87ms, mfu 23.83%
iter 2700: loss 1.0478, time 14.88ms, mfu 23.95%
iter 2710: loss 1.0781, time 14.64ms, mfu 24.10%
iter 2720: loss 1.0739, time 14.94ms, mfu 24.19%
iter 2730: loss 1.0918, time 14.51ms, mfu 24.34%
iter 2740: loss 1.0511, time 14.80ms, mfu 24.42%
step 2750: train loss 0.9504, val loss 1.5126
iter 2750: loss 1.0638, time 1872.83ms, mfu 22.00%
iter 2760: loss 1.0482, time 14.62ms, mfu 22.35%
iter 2770: loss 1.0518, time 14.70ms, mfu 22.65%
iter 2780: loss 1.0559, time 14.80ms, mfu 22.90%
iter 2790: loss 1.0603, time 14.64ms, mfu 23.16%
iter 2800: loss 1.0412, time 14.69ms, mfu 23.38%
iter 2810: loss 1.0682, time 14.68ms, mfu 23.58%
iter 2820: loss 1.0561, time 14.64ms, mfu 23.77%
iter 2830: loss 1.0703, time 14.67ms, mfu 23.93%
iter 2840: loss 1.0221, time 14.65ms, mfu 24.08%
iter 2850: loss 1.0614, time 14.67ms, mfu 24.21%
iter 2860: loss 1.0592, time 14.66ms, mfu 24.33%
iter 2870: loss 1.0398, time 14.66ms, mfu 24.44%
iter 2880: loss 1.0678, time 14.70ms, mfu 24.53%
iter 2890: loss 1.0422, time 14.66ms, mfu 24.62%
iter 2900: loss 1.0233, time 14.68ms, mfu 24.70%
iter 2910: loss 1.0705, time 18.67ms, mfu 24.22%
iter 2920: loss 1.0504, time 18.77ms, mfu 23.79%
iter 2930: loss 1.0410, time 20.75ms, mfu 23.20%
iter 2940: loss 1.0289, time 20.50ms, mfu 22.70%
iter 2950: loss 1.0599, time 22.22ms, mfu 22.11%
iter 2960: loss 1.0373, time 22.01ms, mfu 21.59%
iter 2970: loss 1.0248, time 23.84ms, mfu 20.99%
iter 2980: loss 1.0357, time 24.58ms, mfu 20.41%
iter 2990: loss 1.0270, time 24.60ms, mfu 19.88%
step 3000: train loss 0.9116, val loss 1.5182
iter 3000: loss 1.0169, time 1950.10ms, mfu 17.92%
iter 3010: loss 1.0285, time 14.71ms, mfu 18.66%
iter 3020: loss 1.0301, time 14.56ms, mfu 19.35%
iter 3030: loss 1.0525, time 14.80ms, mfu 19.93%
iter 3040: loss 1.0657, time 14.98ms, mfu 20.43%
iter 3050: loss 1.0258, time 15.22ms, mfu 20.83%
iter 3060: loss 1.0243, time 15.46ms, mfu 21.16%
iter 3070: loss 1.0641, time 14.87ms, mfu 21.55%
iter 3080: loss 1.0349, time 14.83ms, mfu 21.91%
iter 3090: loss 1.0219, time 15.17ms, mfu 22.17%
iter 3100: loss 1.0333, time 15.41ms, mfu 22.37%
iter 3110: loss 1.0082, time 14.72ms, mfu 22.67%
iter 3120: loss 1.0382, time 14.64ms, mfu 22.95%
iter 3130: loss 1.0173, time 14.69ms, mfu 23.19%
iter 3140: loss 1.0237, time 14.61ms, mfu 23.42%
iter 3150: loss 1.0362, time 14.88ms, mfu 23.58%
iter 3160: loss 1.0546, time 14.69ms, mfu 23.76%
iter 3170: loss 1.0036, time 14.66ms, mfu 23.93%
iter 3180: loss 1.0082, time 14.65ms, mfu 24.08%
iter 3190: loss 1.0321, time 14.68ms, mfu 24.21%
iter 3200: loss 1.0051, time 14.92ms, mfu 24.28%
iter 3210: loss 1.0066, time 14.74ms, mfu 24.38%
iter 3220: loss 0.9951, time 14.59ms, mfu 24.50%
iter 3230: loss 0.9944, time 14.64ms, mfu 24.59%
iter 3240: loss 1.0005, time 14.95ms, mfu 24.63%
step 3250: train loss 0.8736, val loss 1.5521
iter 3250: loss 1.0091, time 1854.25ms, mfu 22.18%
iter 3260: loss 0.9994, time 14.71ms, mfu 22.50%
iter 3270: loss 1.0151, time 14.82ms, mfu 22.76%
iter 3280: loss 0.9934, time 14.87ms, mfu 22.99%
iter 3290: loss 0.9769, time 14.87ms, mfu 23.20%
iter 3300: loss 0.9839, time 14.82ms, mfu 23.39%
iter 3310: loss 0.9923, time 15.03ms, mfu 23.53%
iter 3320: loss 1.0067, time 14.73ms, mfu 23.71%
iter 3330: loss 1.0084, time 14.67ms, mfu 23.88%
iter 3340: loss 1.0041, time 14.81ms, mfu 24.00%
iter 3350: loss 1.0069, time 14.81ms, mfu 24.12%
iter 3360: loss 0.9673, time 14.67ms, mfu 24.25%
iter 3370: loss 0.9962, time 14.77ms, mfu 24.35%
iter 3380: loss 0.9895, time 14.84ms, mfu 24.42%
iter 3390: loss 0.9843, time 14.81ms, mfu 24.50%
iter 3400: loss 0.9931, time 14.85ms, mfu 24.55%
iter 3410: loss 0.9860, time 14.71ms, mfu 24.63%
iter 3420: loss 0.9866, time 14.88ms, mfu 24.67%
iter 3430: loss 1.0014, time 14.88ms, mfu 24.71%
iter 3440: loss 1.0222, time 14.83ms, mfu 24.75%
iter 3450: loss 0.9998, time 14.80ms, mfu 24.80%
iter 3460: loss 0.9871, time 14.78ms, mfu 24.84%
iter 3470: loss 0.9840, time 14.76ms, mfu 24.88%
iter 3480: loss 0.9977, time 14.71ms, mfu 24.92%
iter 3490: loss 0.9521, time 14.78ms, mfu 24.95%
step 3500: train loss 0.8328, val loss 1.5732
iter 3500: loss 0.9481, time 1864.98ms, mfu 22.48%
iter 3510: loss 0.9577, time 14.87ms, mfu 22.74%
iter 3520: loss 0.9640, time 14.76ms, mfu 22.99%
iter 3530: loss 0.9916, time 15.01ms, mfu 23.17%
iter 3540: loss 0.9701, time 15.00ms, mfu 23.34%
iter 3550: loss 0.9590, time 14.93ms, mfu 23.50%
iter 3560: loss 1.0035, time 14.94ms, mfu 23.64%
iter 3570: loss 0.9829, time 14.73ms, mfu 23.81%
iter 3580: loss 0.9720, time 14.90ms, mfu 23.93%
iter 3590: loss 0.9679, time 14.83ms, mfu 24.05%
iter 3600: loss 0.9670, time 14.83ms, mfu 24.16%
iter 3610: loss 0.9649, time 14.85ms, mfu 24.25%
iter 3620: loss 0.9538, time 14.86ms, mfu 24.33%
iter 3630: loss 0.9713, time 14.79ms, mfu 24.42%
iter 3640: loss 0.9598, time 14.91ms, mfu 24.48%
iter 3650: loss 0.9700, time 14.84ms, mfu 24.54%
iter 3660: loss 0.9901, time 14.97ms, mfu 24.58%
iter 3670: loss 0.9759, time 14.75ms, mfu 24.65%
iter 3680: loss 0.9573, time 14.76ms, mfu 24.71%
iter 3690: loss 0.9755, time 14.69ms, mfu 24.77%
iter 3700: loss 0.9257, time 14.87ms, mfu 24.80%
iter 3710: loss 0.9286, time 14.79ms, mfu 24.84%
iter 3720: loss 0.9502, time 14.88ms, mfu 24.86%
iter 3730: loss 0.9435, time 18.52ms, mfu 24.39%
iter 3740: loss 0.9464, time 18.70ms, mfu 23.94%
step 3750: train loss 0.7952, val loss 1.5857
iter 3750: loss 0.9452, time 1894.76ms, mfu 21.57%
iter 3760: loss 0.9838, time 14.69ms, mfu 21.95%
iter 3770: loss 0.9837, time 14.93ms, mfu 22.25%
iter 3780: loss 0.9687, time 15.03ms, mfu 22.50%
iter 3790: loss 0.9455, time 14.66ms, mfu 22.79%
iter 3800: loss 0.9692, time 14.59ms, mfu 23.07%
iter 3810: loss 0.9701, time 14.94ms, mfu 23.26%
iter 3820: loss 0.9318, time 15.10ms, mfu 23.40%
iter 3830: loss 0.9460, time 14.75ms, mfu 23.58%
iter 3840: loss 0.9286, time 14.98ms, mfu 23.71%
iter 3850: loss 0.9272, time 14.97ms, mfu 23.83%
iter 3860: loss 0.9155, time 14.91ms, mfu 23.95%
iter 3870: loss 0.9374, time 14.84ms, mfu 24.06%
iter 3880: loss 0.9271, time 14.70ms, mfu 24.19%
iter 3890: loss 0.9377, time 14.64ms, mfu 24.32%
iter 3900: loss 0.9384, time 15.22ms, mfu 24.33%
iter 3910: loss 0.9231, time 16.21ms, mfu 24.20%
iter 3920: loss 0.9259, time 16.00ms, mfu 24.11%
iter 3930: loss 0.9358, time 16.18ms, mfu 24.00%
iter 3940: loss 0.9199, time 16.14ms, mfu 23.91%
iter 3950: loss 0.9272, time 16.27ms, mfu 23.81%
iter 3960: loss 0.9516, time 16.04ms, mfu 23.75%
iter 3970: loss 0.9346, time 16.03ms, mfu 23.70%
iter 3980: loss 0.9424, time 19.50ms, mfu 23.24%
iter 3990: loss 0.9169, time 19.52ms, mfu 22.83%
step 4000: train loss 0.7600, val loss 1.6190
iter 4000: loss 0.9016, time 2021.37ms, mfu 20.56%
iter 4010: loss 0.9193, time 16.13ms, mfu 20.82%
iter 4020: loss 0.9415, time 16.12ms, mfu 21.05%
iter 4030: loss 0.9109, time 16.34ms, mfu 21.22%
iter 4040: loss 0.9176, time 16.25ms, mfu 21.39%
iter 4050: loss 0.9182, time 16.04ms, mfu 21.58%
iter 4060: loss 0.9038, time 16.48ms, mfu 21.68%
iter 4070: loss 0.8994, time 16.04ms, mfu 21.84%
iter 4080: loss 0.9335, time 16.19ms, mfu 21.96%
iter 4090: loss 0.8789, time 16.22ms, mfu 22.06%
iter 4100: loss 0.9501, time 16.35ms, mfu 22.13%
iter 4110: loss 0.9061, time 16.41ms, mfu 22.19%
iter 4120: loss 0.9246, time 16.31ms, mfu 22.25%
iter 4130: loss 0.8996, time 16.07ms, mfu 22.35%
iter 4140: loss 0.9187, time 16.48ms, mfu 22.37%
iter 4150: loss 0.9143, time 16.16ms, mfu 22.44%
iter 4160: loss 0.8944, time 16.17ms, mfu 22.50%
iter 4170: loss 0.9119, time 16.11ms, mfu 22.56%
iter 4180: loss 0.9155, time 16.36ms, mfu 22.59%
iter 4190: loss 0.9113, time 16.15ms, mfu 22.63%
iter 4200: loss 0.8857, time 16.10ms, mfu 22.69%
iter 4210: loss 0.9135, time 15.98ms, mfu 22.75%
iter 4220: loss 0.9003, time 16.50ms, mfu 22.73%
iter 4230: loss 0.9248, time 16.45ms, mfu 22.72%
iter 4240: loss 0.8976, time 15.98ms, mfu 22.78%
step 4250: train loss 0.7168, val loss 1.6488
iter 4250: loss 0.9101, time 2029.12ms, mfu 20.52%
iter 4260: loss 0.9110, time 16.27ms, mfu 20.76%
iter 4270: loss 0.9156, time 16.18ms, mfu 20.99%
iter 4280: loss 0.8833, time 16.39ms, mfu 21.16%
iter 4290: loss 0.8687, time 16.10ms, mfu 21.36%
iter 4300: loss 0.8770, time 16.40ms, mfu 21.50%
iter 4310: loss 0.8924, time 16.15ms, mfu 21.65%
iter 4320: loss 0.8745, time 16.01ms, mfu 21.82%
iter 4330: loss 0.9049, time 16.54ms, mfu 21.89%
iter 4340: loss 0.8737, time 16.13ms, mfu 22.01%
iter 4350: loss 0.8762, time 16.38ms, mfu 22.08%
iter 4360: loss 0.8904, time 16.12ms, mfu 22.19%
iter 4370: loss 0.8800, time 16.60ms, mfu 22.21%
iter 4380: loss 0.8557, time 16.44ms, mfu 22.26%
iter 4390: loss 0.9024, time 16.16ms, mfu 22.34%
iter 4400: loss 0.8643, time 16.49ms, mfu 22.36%
iter 4410: loss 0.8886, time 16.39ms, mfu 22.40%
iter 4420: loss 0.8830, time 16.39ms, mfu 22.43%
iter 4430: loss 0.8825, time 16.48ms, mfu 22.45%
iter 4440: loss 0.8876, time 16.25ms, mfu 22.50%
iter 4450: loss 0.8718, time 16.06ms, mfu 22.57%
iter 4460: loss 0.8689, time 16.11ms, mfu 22.63%
iter 4470: loss 0.8759, time 16.45ms, mfu 22.63%
iter 4480: loss 0.8582, time 16.16ms, mfu 22.67%
iter 4490: loss 0.8660, time 16.33ms, mfu 22.69%
step 4500: train loss 0.6753, val loss 1.6928
iter 4500: loss 0.8932, time 1678.68ms, mfu 20.44%
iter 4510: loss 0.8725, time 12.46ms, mfu 21.39%
iter 4520: loss 0.8583, time 12.45ms, mfu 22.24%
iter 4530: loss 0.8672, time 12.34ms, mfu 23.03%
iter 4540: loss 0.8631, time 12.85ms, mfu 23.63%
iter 4550: loss 0.9034, time 12.48ms, mfu 24.26%
iter 4560: loss 0.8707, time 12.48ms, mfu 24.81%
iter 4570: loss 0.8714, time 12.45ms, mfu 25.33%
iter 4580: loss 0.8839, time 12.42ms, mfu 25.79%
iter 4590: loss 0.8765, time 12.35ms, mfu 26.23%
iter 4600: loss 0.8520, time 12.38ms, mfu 26.62%
iter 4610: loss 0.8843, time 12.48ms, mfu 26.94%
iter 4620: loss 0.8565, time 12.51ms, mfu 27.23%
iter 4630: loss 0.8388, time 12.35ms, mfu 27.52%
iter 4640: loss 0.8723, time 12.54ms, mfu 27.74%
iter 4650: loss 0.8744, time 12.47ms, mfu 27.96%
iter 4660: loss 0.8584, time 12.58ms, mfu 28.12%
iter 4670: loss 0.8719, time 12.31ms, mfu 28.34%
iter 4680: loss 0.8741, time 12.27ms, mfu 28.54%
iter 4690: loss 0.8684, time 12.55ms, mfu 28.66%
iter 4700: loss 0.8438, time 12.49ms, mfu 28.77%
iter 4710: loss 0.8023, time 12.49ms, mfu 28.88%
iter 4720: loss 0.8599, time 12.52ms, mfu 28.97%
iter 4730: loss 0.8278, time 12.36ms, mfu 29.09%
iter 4740: loss 0.8473, time 12.97ms, mfu 29.05%
step 4750: train loss 0.6469, val loss 1.7096
iter 4750: loss 0.8004, time 1428.26ms, mfu 26.17%
iter 4760: loss 0.8287, time 15.22ms, mfu 26.00%
iter 4770: loss 0.7869, time 15.44ms, mfu 25.82%
iter 4780: loss 0.8153, time 16.32ms, mfu 25.52%
iter 4790: loss 0.8469, time 16.66ms, mfu 25.20%
iter 4800: loss 0.8331, time 16.73ms, mfu 24.91%
iter 4810: loss 0.8543, time 16.39ms, mfu 24.69%
iter 4820: loss 0.8288, time 16.62ms, mfu 24.46%
iter 4830: loss 0.8200, time 12.62ms, mfu 24.97%
iter 4840: loss 0.8214, time 16.24ms, mfu 24.77%
iter 4850: loss 0.8407, time 16.17ms, mfu 24.60%
iter 4860: loss 0.8218, time 16.40ms, mfu 24.41%
iter 4870: loss 0.8025, time 16.25ms, mfu 24.26%
iter 4880: loss 0.8385, time 16.24ms, mfu 24.13%
iter 4890: loss 0.8154, time 16.24ms, mfu 24.01%
iter 4900: loss 0.8119, time 16.25ms, mfu 23.90%
iter 4910: loss 0.8360, time 16.36ms, mfu 23.79%
iter 4920: loss 0.8270, time 16.58ms, mfu 23.66%
iter 4930: loss 0.8192, time 16.68ms, mfu 23.53%
iter 4940: loss 0.7978, time 16.46ms, mfu 23.44%
iter 4950: loss 0.8426, time 16.20ms, mfu 23.39%
iter 4960: loss 0.8309, time 16.18ms, mfu 23.36%
iter 4970: loss 0.7993, time 16.18ms, mfu 23.33%
iter 4980: loss 0.7915, time 16.46ms, mfu 23.26%
iter 4990: loss 0.8232, time 16.44ms, mfu 23.20%
step 5000: train loss 0.6158, val loss 1.7624
iter 5000: loss 0.8390, time 2030.96ms, mfu 20.90%
iter 5010: loss 0.8107, time 16.51ms, mfu 21.06%
iter 5020: loss 0.8153, time 16.47ms, mfu 21.22%
iter 5030: loss 0.8202, time 16.60ms, mfu 21.34%
iter 5040: loss 0.8037, time 16.45ms, mfu 21.47%
iter 5050: loss 0.8319, time 16.46ms, mfu 21.59%
iter 5060: loss 0.8000, time 16.44ms, mfu 21.70%
iter 5070: loss 0.8337, time 16.48ms, mfu 21.79%
iter 5080: loss 0.8164, time 16.26ms, mfu 21.90%
iter 5090: loss 0.8027, time 16.51ms, mfu 21.97%
iter 5100: loss 0.8017, time 16.27ms, mfu 22.06%
iter 5110: loss 0.7938, time 16.40ms, mfu 22.13%
iter 5120: loss 0.8104, time 16.16ms, mfu 22.22%
iter 5130: loss 0.8216, time 16.50ms, mfu 22.26%
iter 5140: loss 0.7866, time 16.50ms, mfu 22.29%
iter 5150: loss 0.8170, time 16.35ms, mfu 22.34%
iter 5160: loss 0.8022, time 16.34ms, mfu 22.39%
iter 5170: loss 0.8159, time 16.45ms, mfu 22.41%
iter 5180: loss 0.7821, time 16.18ms, mfu 22.47%
iter 5190: loss 0.7970, time 16.30ms, mfu 22.51%
iter 5200: loss 0.7870, time 16.47ms, mfu 22.52%
iter 5210: loss 0.7753, time 16.47ms, mfu 22.53%
iter 5220: loss 0.7867, time 16.47ms, mfu 22.54%
iter 5230: loss 0.8147, time 16.28ms, mfu 22.58%
iter 5240: loss 0.7865, time 20.16ms, mfu 22.17%
step 5250: train loss 0.5810, val loss 1.7682
iter 5250: loss 0.7822, time 2049.60ms, mfu 19.97%
iter 5260: loss 0.7906, time 16.53ms, mfu 20.23%
iter 5270: loss 0.7764, time 16.40ms, mfu 20.48%
iter 5280: loss 0.8014, time 16.50ms, mfu 20.69%
iter 5290: loss 0.7790, time 16.09ms, mfu 20.94%
iter 5300: loss 0.8102, time 15.99ms, mfu 21.17%
iter 5310: loss 0.7789, time 16.31ms, mfu 21.34%
iter 5320: loss 0.7999, time 16.12ms, mfu 21.52%
iter 5330: loss 0.7982, time 16.41ms, mfu 21.64%
iter 5340: loss 0.7829, time 16.04ms, mfu 21.80%
iter 5350: loss 0.7524, time 16.43ms, mfu 21.88%
iter 5360: loss 0.8005, time 16.75ms, mfu 21.92%
iter 5370: loss 0.7866, time 16.34ms, mfu 22.01%
iter 5380: loss 0.7982, time 16.62ms, mfu 22.05%
iter 5390: loss 0.7936, time 16.43ms, mfu 22.11%
iter 5400: loss 0.7937, time 16.64ms, mfu 22.14%
iter 5410: loss 0.7615, time 16.29ms, mfu 22.21%
iter 5420: loss 0.7872, time 16.19ms, mfu 22.29%
iter 5430: loss 0.7977, time 19.93ms, mfu 21.93%
iter 5440: loss 0.7991, time 19.57ms, mfu 21.64%
iter 5450: loss 0.7918, time 19.59ms, mfu 21.38%
iter 5460: loss 0.7897, time 19.54ms, mfu 21.15%
iter 5470: loss 0.7726, time 19.67ms, mfu 20.93%
iter 5480: loss 0.7762, time 19.77ms, mfu 20.72%
iter 5490: loss 0.7793, time 20.00ms, mfu 20.51%
step 5500: train loss 0.5495, val loss 1.8021
iter 5500: loss 0.7846, time 2049.22ms, mfu 18.48%
iter 5510: loss 0.7641, time 16.31ms, mfu 18.92%
iter 5520: loss 0.7684, time 16.24ms, mfu 19.32%
iter 5530: loss 0.7546, time 16.90ms, mfu 19.59%
iter 5540: loss 0.7653, time 16.57ms, mfu 19.88%
iter 5550: loss 0.7427, time 16.65ms, mfu 20.13%
iter 5560: loss 0.7534, time 16.61ms, mfu 20.36%
iter 5570: loss 0.7754, time 16.21ms, mfu 20.62%
iter 5580: loss 0.7722, time 16.52ms, mfu 20.82%
iter 5590: loss 0.7812, time 16.56ms, mfu 20.99%
iter 5600: loss 0.7546, time 16.94ms, mfu 21.09%
iter 5610: loss 0.7805, time 17.06ms, mfu 21.16%
iter 5620: loss 0.7420, time 19.40ms, mfu 20.97%
iter 5630: loss 0.7611, time 19.32ms, mfu 20.80%
iter 5640: loss 0.7792, time 19.52ms, mfu 20.63%
iter 5650: loss 0.7627, time 19.51ms, mfu 20.48%
iter 5660: loss 0.7809, time 19.70ms, mfu 20.32%
iter 5670: loss 0.7643, time 19.63ms, mfu 20.19%
iter 5680: loss 0.7304, time 19.92ms, mfu 20.04%
iter 5690: loss 0.7337, time 19.76ms, mfu 19.92%
iter 5700: loss 0.7414, time 19.64ms, mfu 19.82%
iter 5710: loss 0.7798, time 19.87ms, mfu 19.72%
iter 5720: loss 0.7227, time 19.63ms, mfu 19.64%
iter 5730: loss 0.7445, time 19.65ms, mfu 19.58%
iter 5740: loss 0.7419, time 19.61ms, mfu 19.52%
step 5750: train loss 0.5159, val loss 1.8374
iter 5750: loss 0.7652, time 1964.23ms, mfu 17.59%
iter 5760: loss 0.7650, time 16.22ms, mfu 18.12%
iter 5770: loss 0.7512, time 16.22ms, mfu 18.61%
iter 5780: loss 0.7415, time 16.24ms, mfu 19.04%
iter 5790: loss 0.7336, time 16.11ms, mfu 19.45%
iter 5800: loss 0.7297, time 16.10ms, mfu 19.82%
iter 5810: loss 0.7418, time 16.17ms, mfu 20.14%
iter 5820: loss 0.7406, time 16.63ms, mfu 20.37%
iter 5830: loss 0.7309, time 16.32ms, mfu 20.62%
iter 5840: loss 0.7468, time 16.25ms, mfu 20.85%
iter 5850: loss 0.7200, time 16.30ms, mfu 21.05%
iter 5860: loss 0.7287, time 16.34ms, mfu 21.22%
iter 5870: loss 0.7159, time 16.19ms, mfu 21.40%
iter 5880: loss 0.7361, time 16.25ms, mfu 21.56%
iter 5890: loss 0.7515, time 16.14ms, mfu 21.71%
iter 5900: loss 0.7266, time 16.62ms, mfu 21.78%
iter 5910: loss 0.7416, time 16.30ms, mfu 21.89%
iter 5920: loss 0.7488, time 16.50ms, mfu 21.96%
iter 5930: loss 0.7147, time 16.47ms, mfu 22.02%
iter 5940: loss 0.7587, time 16.01ms, mfu 22.15%
iter 5950: loss 0.7089, time 15.80ms, mfu 22.29%
iter 5960: loss 0.7380, time 15.89ms, mfu 22.41%
iter 5970: loss 0.7596, time 14.82ms, mfu 22.68%
iter 5980: loss 0.7235, time 14.59ms, mfu 22.97%
iter 5990: loss 0.7340, time 14.70ms, mfu 23.21%
step 6000: train loss 0.4893, val loss 1.8616
iter 6000: loss 0.7275, time 1871.31ms, mfu 20.91%
iter 6010: loss 0.7465, time 14.84ms, mfu 21.33%
iter 6020: loss 0.7304, time 16.25ms, mfu 21.49%
iter 6030: loss 0.7477, time 16.18ms, mfu 21.64%
iter 6040: loss 0.7042, time 16.08ms, mfu 21.79%
iter 6050: loss 0.7046, time 16.18ms, mfu 21.92%
iter 6060: loss 0.7134, time 16.62ms, mfu 21.97%
iter 6070: loss 0.7423, time 16.51ms, mfu 22.03%
iter 6080: loss 0.7461, time 16.48ms, mfu 22.09%
iter 6090: loss 0.7336, time 16.51ms, mfu 22.13%
iter 6100: loss 0.7189, time 16.52ms, mfu 22.18%
iter 6110: loss 0.7274, time 16.49ms, mfu 22.22%
iter 6120: loss 0.7106, time 16.55ms, mfu 22.25%
iter 6130: loss 0.7234, time 16.44ms, mfu 22.29%
iter 6140: loss 0.7312, time 16.53ms, mfu 22.32%
iter 6150: loss 0.7040, time 16.48ms, mfu 22.35%
iter 6160: loss 0.7188, time 16.42ms, mfu 22.38%
iter 6170: loss 0.7033, time 15.50ms, mfu 22.55%
iter 6180: loss 0.6931, time 15.07ms, mfu 22.76%
iter 6190: loss 0.7290, time 14.67ms, mfu 23.03%
iter 6200: loss 0.7110, time 14.82ms, mfu 23.24%
iter 6210: loss 0.6863, time 15.01ms, mfu 23.40%
iter 6220: loss 0.6900, time 15.57ms, mfu 23.45%
iter 6230: loss 0.7315, time 16.08ms, mfu 23.42%
iter 6240: loss 0.7082, time 16.39ms, mfu 23.36%
step 6250: train loss 0.4631, val loss 1.8989
iter 6250: loss 0.7234, time 2032.79ms, mfu 21.04%
iter 6260: loss 0.7064, time 16.42ms, mfu 21.20%
iter 6270: loss 0.7047, time 16.50ms, mfu 21.34%
iter 6280: loss 0.6914, time 16.47ms, mfu 21.47%
iter 6290: loss 0.7004, time 16.37ms, mfu 21.60%
iter 6300: loss 0.7158, time 16.11ms, mfu 21.75%
iter 6310: loss 0.7166, time 16.49ms, mfu 21.84%
iter 6320: loss 0.6863, time 16.22ms, mfu 21.95%
iter 6330: loss 0.6896, time 16.21ms, mfu 22.05%
iter 6340: loss 0.7040, time 16.26ms, mfu 22.14%
iter 6350: loss 0.7128, time 16.21ms, mfu 22.22%
iter 6360: loss 0.6970, time 16.50ms, mfu 22.26%
iter 6370: loss 0.7018, time 16.46ms, mfu 22.30%
iter 6380: loss 0.7036, time 16.58ms, mfu 22.31%
iter 6390: loss 0.7125, time 16.21ms, mfu 22.38%
iter 6400: loss 0.7121, time 16.02ms, mfu 22.47%
iter 6410: loss 0.7110, time 16.11ms, mfu 22.54%
iter 6420: loss 0.6886, time 16.01ms, mfu 22.61%
iter 6430: loss 0.6780, time 16.20ms, mfu 22.65%
iter 6440: loss 0.6993, time 16.14ms, mfu 22.69%
iter 6450: loss 0.6812, time 16.06ms, mfu 22.74%
iter 6460: loss 0.6834, time 16.09ms, mfu 22.78%
iter 6470: loss 0.6744, time 16.12ms, mfu 22.82%
iter 6480: loss 0.6922, time 16.29ms, mfu 22.82%
iter 6490: loss 0.6927, time 16.52ms, mfu 22.80%
step 6500: train loss 0.4349, val loss 1.9253
iter 6500: loss 0.6764, time 2023.91ms, mfu 20.54%
iter 6510: loss 0.7060, time 16.46ms, mfu 20.75%
iter 6520: loss 0.6982, time 16.06ms, mfu 20.99%
iter 6530: loss 0.6966, time 16.06ms, mfu 21.21%
iter 6540: loss 0.6941, time 16.54ms, mfu 21.34%
iter 6550: loss 0.6707, time 16.09ms, mfu 21.52%
iter 6560: loss 0.6626, time 16.51ms, mfu 21.63%
iter 6570: loss 0.6903, time 16.43ms, mfu 21.73%
iter 6580: loss 0.6683, time 16.17ms, mfu 21.87%
iter 6590: loss 0.6913, time 16.24ms, mfu 21.97%
iter 6600: loss 0.6727, time 16.19ms, mfu 22.08%
iter 6610: loss 0.6720, time 16.19ms, mfu 22.17%
iter 6620: loss 0.6805, time 16.29ms, mfu 22.24%
iter 6630: loss 0.6925, time 16.23ms, mfu 22.31%
iter 6640: loss 0.6975, time 16.26ms, mfu 22.37%
iter 6650: loss 0.6722, time 16.19ms, mfu 22.44%
iter 6660: loss 0.6676, time 16.11ms, mfu 22.51%
iter 6670: loss 0.6789, time 16.18ms, mfu 22.56%
iter 6680: loss 0.6826, time 16.08ms, mfu 22.62%
iter 6690: loss 0.6641, time 16.42ms, mfu 22.63%
iter 6700: loss 0.6848, time 16.30ms, mfu 22.65%
iter 6710: loss 0.6771, time 16.16ms, mfu 22.69%
iter 6720: loss 0.6756, time 16.17ms, mfu 22.73%
iter 6730: loss 0.6598, time 16.52ms, mfu 22.71%
iter 6740: loss 0.6548, time 16.23ms, mfu 22.74%
step 6750: train loss 0.4071, val loss 1.9707
iter 6750: loss 0.6789, time 1731.00ms, mfu 20.48%
iter 6760: loss 0.6728, time 9.90ms, mfu 22.20%
iter 6770: loss 0.6572, time 9.59ms, mfu 23.86%
iter 6780: loss 0.6754, time 9.62ms, mfu 25.35%
iter 6790: loss 0.6795, time 9.25ms, mfu 26.85%
iter 6800: loss 0.6603, time 8.36ms, mfu 28.62%
iter 6810: loss 0.6695, time 9.18ms, mfu 29.82%
iter 6820: loss 0.6504, time 9.65ms, mfu 30.70%
iter 6830: loss 0.6649, time 16.93ms, mfu 29.83%
iter 6840: loss 0.6416, time 18.02ms, mfu 28.92%
iter 6850: loss 0.6793, time 20.46ms, mfu 27.85%
iter 6860: loss 0.6553, time 20.80ms, mfu 26.85%
iter 6870: loss 0.6611, time 20.67ms, mfu 25.97%
iter 6880: loss 0.6372, time 21.13ms, mfu 25.14%
iter 6890: loss 0.6172, time 21.17ms, mfu 24.38%
iter 6900: loss 0.6722, time 22.07ms, mfu 23.63%
iter 6910: loss 0.6700, time 22.24ms, mfu 22.95%
iter 6920: loss 0.6625, time 22.08ms, mfu 22.34%
iter 6930: loss 0.6225, time 22.16ms, mfu 21.79%
iter 6940: loss 0.6630, time 22.03ms, mfu 21.30%
iter 6950: loss 0.6687, time 22.20ms, mfu 20.85%
iter 6960: loss 0.6496, time 21.95ms, mfu 20.46%
iter 6970: loss 0.6614, time 22.28ms, mfu 20.09%
iter 6980: loss 0.6307, time 21.91ms, mfu 19.78%
iter 6990: loss 0.6535, time 23.58ms, mfu 19.38%
step 7000: train loss 0.3856, val loss 1.9897
iter 7000: loss 0.6461, time 2076.40ms, mfu 17.46%
iter 7010: loss 0.6383, time 16.23ms, mfu 18.01%
iter 7020: loss 0.6491, time 16.08ms, mfu 18.53%
iter 7030: loss 0.6410, time 16.07ms, mfu 18.99%
iter 7040: loss 0.6459, time 14.99ms, mfu 19.58%
iter 7050: loss 0.6667, time 14.92ms, mfu 20.12%
iter 7060: loss 0.6388, time 14.72ms, mfu 20.64%
iter 7070: loss 0.6677, time 14.93ms, mfu 21.07%
iter 7080: loss 0.6269, time 14.84ms, mfu 21.47%
iter 7090: loss 0.6318, time 14.85ms, mfu 21.84%
iter 7100: loss 0.6486, time 14.75ms, mfu 22.18%
iter 7110: loss 0.6556, time 14.71ms, mfu 22.49%
iter 7120: loss 0.6312, time 14.77ms, mfu 22.77%
iter 7130: loss 0.6316, time 14.94ms, mfu 22.98%
iter 7140: loss 0.6220, time 14.91ms, mfu 23.19%
iter 7150: loss 0.6308, time 14.84ms, mfu 23.38%
iter 7160: loss 0.6192, time 14.84ms, mfu 23.55%
iter 7170: loss 0.6485, time 14.91ms, mfu 23.69%
iter 7180: loss 0.6320, time 14.86ms, mfu 23.83%
iter 7190: loss 0.6330, time 14.69ms, mfu 23.98%
iter 7200: loss 0.6490, time 14.86ms, mfu 24.09%
iter 7210: loss 0.6227, time 14.65ms, mfu 24.23%
iter 7220: loss 0.6245, time 14.97ms, mfu 24.30%
iter 7230: loss 0.6385, time 14.94ms, mfu 24.36%
iter 7240: loss 0.6222, time 14.90ms, mfu 24.42%
step 7250: train loss 0.3630, val loss 2.0365
iter 7250: loss 0.6037, time 1865.33ms, mfu 22.00%
iter 7260: loss 0.6306, time 14.97ms, mfu 22.29%
iter 7270: loss 0.6258, time 14.72ms, mfu 22.59%
iter 7280: loss 0.6380, time 14.86ms, mfu 22.84%
iter 7290: loss 0.6090, time 14.98ms, mfu 23.04%
iter 7300: loss 0.6153, time 14.82ms, mfu 23.25%
iter 7310: loss 0.6311, time 14.81ms, mfu 23.44%
iter 7320: loss 0.6201, time 15.04ms, mfu 23.58%
iter 7330: loss 0.6166, time 14.82ms, mfu 23.73%
iter 7340: loss 0.6271, time 14.82ms, mfu 23.88%
iter 7350: loss 0.6298, time 14.65ms, mfu 24.03%
iter 7360: loss 0.6236, time 14.86ms, mfu 24.14%
iter 7370: loss 0.6043, time 14.98ms, mfu 24.21%
iter 7380: loss 0.6213, time 16.34ms, mfu 24.07%
iter 7390: loss 0.6209, time 16.29ms, mfu 23.95%
iter 7400: loss 0.6512, time 16.36ms, mfu 23.83%
iter 7410: loss 0.6065, time 16.12ms, mfu 23.76%
iter 7420: loss 0.6227, time 16.36ms, mfu 23.66%
iter 7430: loss 0.5908, time 16.10ms, mfu 23.61%
iter 7440: loss 0.6138, time 16.21ms, mfu 23.55%
iter 7450: loss 0.6020, time 16.02ms, mfu 23.52%
iter 7460: loss 0.6206, time 13.99ms, mfu 23.83%
iter 7470: loss 0.6036, time 13.94ms, mfu 24.12%
iter 7480: loss 0.6109, time 14.07ms, mfu 24.36%
iter 7490: loss 0.6081, time 14.08ms, mfu 24.57%
step 7500: train loss 0.3438, val loss 2.0496
iter 7500: loss 0.5972, time 1444.02ms, mfu 22.14%
iter 7510: loss 0.6053, time 12.53ms, mfu 22.90%
iter 7520: loss 0.6124, time 12.58ms, mfu 23.57%
iter 7530: loss 0.6096, time 12.58ms, mfu 24.17%
iter 7540: loss 0.5976, time 12.41ms, mfu 24.76%
iter 7550: loss 0.6145, time 12.41ms, mfu 25.28%
iter 7560: loss 0.5921, time 12.52ms, mfu 25.73%
iter 7570: loss 0.5965, time 12.61ms, mfu 26.11%
iter 7580: loss 0.6055, time 12.46ms, mfu 26.49%
iter 7590: loss 0.6262, time 12.53ms, mfu 26.82%
iter 7600: loss 0.5925, time 12.26ms, mfu 27.18%
iter 7610: loss 0.6014, time 12.39ms, mfu 27.47%
iter 7620: loss 0.6029, time 12.29ms, mfu 27.75%
iter 7630: loss 0.6249, time 12.16ms, mfu 28.04%
iter 7640: loss 0.5981, time 12.33ms, mfu 28.26%
iter 7650: loss 0.5991, time 12.33ms, mfu 28.46%
iter 7660: loss 0.5994, time 12.42ms, mfu 28.61%
iter 7670: loss 0.5979, time 12.43ms, mfu 28.75%
iter 7680: loss 0.5932, time 12.44ms, mfu 28.87%
iter 7690: loss 0.5806, time 12.34ms, mfu 29.00%
iter 7700: loss 0.6113, time 12.31ms, mfu 29.13%
iter 7710: loss 0.5918, time 12.32ms, mfu 29.24%
iter 7720: loss 0.6140, time 12.31ms, mfu 29.34%
iter 7730: loss 0.5952, time 12.43ms, mfu 29.41%
iter 7740: loss 0.6090, time 12.50ms, mfu 29.45%
step 7750: train loss 0.3216, val loss 2.0902
iter 7750: loss 0.6026, time 1429.56ms, mfu 26.53%
iter 7760: loss 0.5789, time 12.63ms, mfu 26.82%
iter 7770: loss 0.6038, time 12.59ms, mfu 27.10%
iter 7780: loss 0.5946, time 12.57ms, mfu 27.36%
iter 7790: loss 0.5926, time 12.65ms, mfu 27.57%
iter 7800: loss 0.5716, time 21.90ms, mfu 26.51%
iter 7810: loss 0.5944, time 21.06ms, mfu 25.63%
iter 7820: loss 0.5723, time 21.85ms, mfu 24.77%
iter 7830: loss 0.5891, time 22.04ms, mfu 23.98%
iter 7840: loss 0.5903, time 22.22ms, mfu 23.26%
iter 7850: loss 0.5939, time 21.96ms, mfu 22.63%
iter 7860: loss 0.5752, time 22.24ms, mfu 22.05%
iter 7870: loss 0.5905, time 22.16ms, mfu 21.52%
iter 7880: loss 0.6036, time 22.36ms, mfu 21.04%
iter 7890: loss 0.5816, time 22.07ms, mfu 20.62%
iter 7900: loss 0.5874, time 22.46ms, mfu 20.22%
iter 7910: loss 0.5758, time 21.95ms, mfu 19.89%
iter 7920: loss 0.5798, time 22.28ms, mfu 19.58%
iter 7930: loss 0.5840, time 21.98ms, mfu 19.32%
iter 7940: loss 0.5662, time 22.45ms, mfu 19.04%
iter 7950: loss 0.5985, time 21.93ms, mfu 18.84%
iter 7960: loss 0.6013, time 22.26ms, mfu 18.63%
iter 7970: loss 0.5827, time 21.99ms, mfu 18.46%
iter 7980: loss 0.5890, time 21.99ms, mfu 18.31%
iter 7990: loss 0.5902, time 22.42ms, mfu 18.14%
step 8000: train loss 0.3051, val loss 2.1232
iter 8000: loss 0.5666, time 2065.64ms, mfu 16.34%
iter 8010: loss 0.5650, time 16.82ms, mfu 16.92%
iter 8020: loss 0.5887, time 16.68ms, mfu 17.47%
iter 8030: loss 0.5669, time 16.28ms, mfu 18.01%
iter 8040: loss 0.5649, time 16.50ms, mfu 18.47%
iter 8050: loss 0.5582, time 16.44ms, mfu 18.89%
iter 8060: loss 0.5591, time 16.61ms, mfu 19.24%
iter 8070: loss 0.5486, time 16.35ms, mfu 19.60%
iter 8080: loss 0.5721, time 16.29ms, mfu 19.92%
iter 8090: loss 0.5926, time 16.24ms, mfu 20.23%
iter 8100: loss 0.5844, time 16.47ms, mfu 20.47%
iter 8110: loss 0.5630, time 16.48ms, mfu 20.68%
iter 8120: loss 0.5656, time 16.58ms, mfu 20.86%
iter 8130: loss 0.5778, time 16.47ms, mfu 21.03%
iter 8140: loss 0.5614, time 16.18ms, mfu 21.23%
iter 8150: loss 0.5537, time 16.56ms, mfu 21.36%
iter 8160: loss 0.5819, time 16.54ms, mfu 21.48%
iter 8170: loss 0.5550, time 16.28ms, mfu 21.62%
iter 8180: loss 0.5636, time 16.07ms, mfu 21.78%
iter 8190: loss 0.5621, time 16.05ms, mfu 21.92%
iter 8200: loss 0.5500, time 16.37ms, mfu 22.01%
iter 8210: loss 0.5795, time 16.28ms, mfu 22.09%
iter 8220: loss 0.5631, time 16.55ms, mfu 22.14%
iter 8230: loss 0.5452, time 16.43ms, mfu 22.19%
iter 8240: loss 0.5547, time 16.39ms, mfu 22.24%
step 8250: train loss 0.2896, val loss 2.1406
iter 8250: loss 0.5713, time 2019.81ms, mfu 20.04%
iter 8260: loss 0.5765, time 14.91ms, mfu 20.53%
iter 8270: loss 0.5731, time 14.95ms, mfu 20.97%
iter 8280: loss 0.5621, time 14.84ms, mfu 21.39%
iter 8290: loss 0.5532, time 14.94ms, mfu 21.74%
iter 8300: loss 0.5641, time 14.93ms, mfu 22.06%
iter 8310: loss 0.5437, time 14.72ms, mfu 22.39%
iter 8320: loss 0.5675, time 15.02ms, mfu 22.63%
iter 8330: loss 0.5593, time 14.92ms, mfu 22.87%
iter 8340: loss 0.5442, time 14.96ms, mfu 23.07%
iter 8350: loss 0.5418, time 14.71ms, mfu 23.30%
iter 8360: loss 0.5591, time 14.98ms, mfu 23.46%
iter 8370: loss 0.5631, time 14.93ms, mfu 23.61%
iter 8380: loss 0.5627, time 15.11ms, mfu 23.71%
iter 8390: loss 0.5338, time 14.91ms, mfu 23.84%
iter 8400: loss 0.5532, time 14.77ms, mfu 23.98%
iter 8410: loss 0.5636, time 14.78ms, mfu 24.10%
iter 8420: loss 0.5493, time 14.96ms, mfu 24.18%
iter 8430: loss 0.5583, time 14.93ms, mfu 24.26%
iter 8440: loss 0.5339, time 14.90ms, mfu 24.33%
iter 8450: loss 0.5521, time 14.79ms, mfu 24.42%
iter 8460: loss 0.5583, time 14.87ms, mfu 24.48%
iter 8470: loss 0.5206, time 14.77ms, mfu 24.56%
iter 8480: loss 0.5319, time 14.93ms, mfu 24.60%
iter 8490: loss 0.5442, time 14.74ms, mfu 24.67%
step 8500: train loss 0.2708, val loss 2.1731
iter 8500: loss 0.5539, time 1864.81ms, mfu 22.22%
iter 8510: loss 0.5521, time 14.83ms, mfu 22.51%
iter 8520: loss 0.5562, time 14.77ms, mfu 22.78%
iter 8530: loss 0.5450, time 14.93ms, mfu 23.00%
iter 8540: loss 0.5281, time 14.97ms, mfu 23.19%
iter 8550: loss 0.5572, time 14.83ms, mfu 23.38%
iter 8560: loss 0.5423, time 14.79ms, mfu 23.56%
iter 8570: loss 0.5445, time 14.95ms, mfu 23.70%
iter 8580: loss 0.5345, time 15.75ms, mfu 23.70%
iter 8590: loss 0.5427, time 18.93ms, mfu 23.29%
iter 8600: loss 0.5278, time 18.83ms, mfu 22.94%
iter 8610: loss 0.5423, time 18.83ms, mfu 22.63%
iter 8620: loss 0.5505, time 18.74ms, mfu 22.35%
iter 8630: loss 0.5457, time 18.55ms, mfu 22.13%
iter 8640: loss 0.5350, time 18.73ms, mfu 21.90%
iter 8650: loss 0.5441, time 18.89ms, mfu 21.69%
iter 8660: loss 0.5420, time 18.77ms, mfu 21.50%
iter 8670: loss 0.5251, time 22.35ms, mfu 21.02%
iter 8680: loss 0.5364, time 22.36ms, mfu 20.58%
iter 8690: loss 0.5278, time 22.49ms, mfu 20.18%
iter 8700: loss 0.5336, time 23.79ms, mfu 19.73%
iter 8710: loss 0.5480, time 23.37ms, mfu 19.35%
iter 8720: loss 0.5400, time 24.20ms, mfu 18.96%
iter 8730: loss 0.5371, time 23.64ms, mfu 18.64%
iter 8740: loss 0.5438, time 23.63ms, mfu 18.35%
step 8750: train loss 0.2540, val loss 2.2001
iter 8750: loss 0.5005, time 1910.26ms, mfu 16.54%
iter 8760: loss 0.5257, time 14.90ms, mfu 17.38%
iter 8770: loss 0.5327, time 14.95ms, mfu 18.14%
iter 8780: loss 0.5120, time 14.76ms, mfu 18.85%
iter 8790: loss 0.5234, time 14.78ms, mfu 19.48%
iter 8800: loss 0.5396, time 14.72ms, mfu 20.07%
iter 8810: loss 0.5438, time 14.92ms, mfu 20.56%
iter 8820: loss 0.5292, time 14.93ms, mfu 21.00%
iter 8830: loss 0.5277, time 14.87ms, mfu 21.40%
iter 8840: loss 0.5263, time 14.70ms, mfu 21.80%
iter 8850: loss 0.5321, time 15.07ms, mfu 22.09%
iter 8860: loss 0.5137, time 14.93ms, mfu 22.38%
iter 8870: loss 0.5345, time 14.86ms, mfu 22.65%
iter 8880: loss 0.5263, time 18.98ms, mfu 22.35%
iter 8890: loss 0.5267, time 18.88ms, mfu 22.09%
iter 8900: loss 0.5365, time 18.82ms, mfu 21.86%
iter 8910: loss 0.5225, time 18.93ms, mfu 21.64%
iter 8920: loss 0.5314, time 18.82ms, mfu 21.46%
iter 8930: loss 0.5179, time 18.90ms, mfu 21.28%
iter 8940: loss 0.5162, time 18.89ms, mfu 21.13%
iter 8950: loss 0.5334, time 18.94ms, mfu 20.98%
iter 8960: loss 0.5128, time 18.77ms, mfu 20.87%
iter 8970: loss 0.5204, time 18.70ms, mfu 20.77%
iter 8980: loss 0.5258, time 18.94ms, mfu 20.66%
iter 8990: loss 0.5031, time 18.66ms, mfu 20.60%
step 9000: train loss 0.2441, val loss 2.2161
iter 9000: loss 0.5195, time 1902.05ms, mfu 18.56%
iter 9010: loss 0.5368, time 14.80ms, mfu 19.22%
iter 9020: loss 0.5185, time 14.68ms, mfu 19.83%
iter 9030: loss 0.5211, time 14.75ms, mfu 20.38%
iter 9040: loss 0.4986, time 14.85ms, mfu 20.85%
iter 9050: loss 0.4955, time 14.92ms, mfu 21.26%
iter 9060: loss 0.5285, time 14.86ms, mfu 21.64%
iter 9070: loss 0.5003, time 14.78ms, mfu 22.00%
iter 9080: loss 0.5207, time 14.89ms, mfu 22.30%
iter 9090: loss 0.5190, time 14.85ms, mfu 22.58%
iter 9100: loss 0.5401, time 14.85ms, mfu 22.83%
iter 9110: loss 0.5095, time 14.84ms, mfu 23.06%
iter 9120: loss 0.5023, time 18.69ms, mfu 22.75%
iter 9130: loss 0.4935, time 18.80ms, mfu 22.45%
iter 9140: loss 0.5025, time 18.74ms, mfu 22.20%
iter 9150: loss 0.4853, time 18.53ms, mfu 21.99%
iter 9160: loss 0.5084, time 18.55ms, mfu 21.80%
iter 9170: loss 0.5110, time 18.73ms, mfu 21.61%
iter 9180: loss 0.5150, time 18.85ms, mfu 21.42%
iter 9190: loss 0.5169, time 22.02ms, mfu 20.97%
iter 9200: loss 0.4802, time 23.74ms, mfu 20.45%
iter 9210: loss 0.5081, time 23.85ms, mfu 19.96%
iter 9220: loss 0.4884, time 23.64ms, mfu 19.54%
iter 9230: loss 0.5106, time 23.66ms, mfu 19.16%
iter 9240: loss 0.5049, time 27.33ms, mfu 18.61%
step 9250: train loss 0.2279, val loss 2.2614
iter 9250: loss 0.4835, time 1904.19ms, mfu 16.77%
iter 9260: loss 0.5128, time 14.84ms, mfu 17.60%
iter 9270: loss 0.5049, time 14.86ms, mfu 18.35%
iter 9280: loss 0.5043, time 14.82ms, mfu 19.03%
iter 9290: loss 0.4869, time 15.09ms, mfu 19.60%
iter 9300: loss 0.4930, time 15.05ms, mfu 20.11%
iter 9310: loss 0.5019, time 14.98ms, mfu 20.59%
iter 9320: loss 0.4933, time 14.90ms, mfu 21.03%
iter 9330: loss 0.4947, time 15.04ms, mfu 21.41%
iter 9340: loss 0.4949, time 14.72ms, mfu 21.80%
iter 9350: loss 0.4914, time 14.54ms, mfu 22.18%
iter 9360: loss 0.5089, time 14.85ms, mfu 22.47%
iter 9370: loss 0.4918, time 14.96ms, mfu 22.72%
iter 9380: loss 0.4854, time 14.99ms, mfu 22.93%
iter 9390: loss 0.5061, time 15.08ms, mfu 23.11%
iter 9400: loss 0.4989, time 15.00ms, mfu 23.28%
iter 9410: loss 0.4996, time 14.97ms, mfu 23.44%
iter 9420: loss 0.5120, time 14.97ms, mfu 23.59%
iter 9430: loss 0.5161, time 14.64ms, mfu 23.77%
iter 9440: loss 0.4821, time 14.88ms, mfu 23.90%
iter 9450: loss 0.5052, time 14.85ms, mfu 24.02%
iter 9460: loss 0.4933, time 14.70ms, mfu 24.15%
iter 9470: loss 0.4899, time 15.04ms, mfu 24.21%
iter 9480: loss 0.4914, time 15.04ms, mfu 24.27%
iter 9490: loss 0.5073, time 15.07ms, mfu 24.32%
step 9500: train loss 0.2176, val loss 2.2856
iter 9500: loss 0.4959, time 1868.38ms, mfu 21.90%
iter 9510: loss 0.4746, time 14.83ms, mfu 22.23%
iter 9520: loss 0.4906, time 14.79ms, mfu 22.52%
iter 9530: loss 0.4986, time 15.06ms, mfu 22.75%
iter 9540: loss 0.4851, time 14.88ms, mfu 22.97%
iter 9550: loss 0.4816, time 15.05ms, mfu 23.15%
iter 9560: loss 0.4835, time 15.02ms, mfu 23.32%
iter 9570: loss 0.4810, time 15.07ms, mfu 23.46%
iter 9580: loss 0.4723, time 14.95ms, mfu 23.61%
iter 9590: loss 0.4741, time 14.71ms, mfu 23.78%
iter 9600: loss 0.4978, time 14.86ms, mfu 23.91%
iter 9610: loss 0.4640, time 14.76ms, mfu 24.04%
iter 9620: loss 0.4842, time 14.72ms, mfu 24.17%
iter 9630: loss 0.4929, time 14.83ms, mfu 24.26%
iter 9640: loss 0.4806, time 14.97ms, mfu 24.33%
iter 9650: loss 0.4575, time 14.85ms, mfu 24.40%
iter 9660: loss 0.4736, time 14.91ms, mfu 24.46%
iter 9670: loss 0.4747, time 14.89ms, mfu 24.52%
iter 9680: loss 0.4906, time 14.95ms, mfu 24.56%
iter 9690: loss 0.4752, time 14.61ms, mfu 24.65%
iter 9700: loss 0.4813, time 14.81ms, mfu 24.71%
iter 9710: loss 0.4850, time 14.77ms, mfu 24.76%
iter 9720: loss 0.4707, time 14.89ms, mfu 24.78%
iter 9730: loss 0.4839, time 14.77ms, mfu 24.83%
iter 9740: loss 0.4800, time 14.78ms, mfu 24.87%
step 9750: train loss 0.2057, val loss 2.3144
iter 9750: loss 0.5025, time 1944.45ms, mfu 22.40%
iter 9760: loss 0.4758, time 16.55ms, mfu 22.41%
iter 9770: loss 0.4713, time 16.67ms, mfu 22.40%
iter 9780: loss 0.4696, time 16.41ms, mfu 22.43%
iter 9790: loss 0.4937, time 16.27ms, mfu 22.48%
iter 9800: loss 0.4708, time 16.43ms, mfu 22.50%
iter 9810: loss 0.4685, time 16.68ms, mfu 22.48%
iter 9820: loss 0.4698, time 16.49ms, mfu 22.50%
iter 9830: loss 0.4644, time 16.35ms, mfu 22.53%
iter 9840: loss 0.4844, time 16.19ms, mfu 22.57%
iter 9850: loss 0.4619, time 16.42ms, mfu 22.59%
iter 9860: loss 0.4876, time 16.28ms, mfu 22.62%
iter 9870: loss 0.4786, time 16.45ms, mfu 22.62%
iter 9880: loss 0.4850, time 16.58ms, mfu 22.61%
iter 9890: loss 0.4725, time 16.30ms, mfu 22.63%
iter 9900: loss 0.4670, time 16.34ms, mfu 22.65%
iter 9910: loss 0.4799, time 16.66ms, mfu 22.62%
iter 9920: loss 0.4624, time 16.58ms, mfu 22.61%
iter 9930: loss 0.4713, time 16.59ms, mfu 22.59%
iter 9940: loss 0.4717, time 16.15ms, mfu 22.64%
iter 9950: loss 0.4762, time 16.56ms, mfu 22.63%
iter 9960: loss 0.4692, time 16.33ms, mfu 22.65%
iter 9970: loss 0.4721, time 16.13ms, mfu 22.69%
iter 9980: loss 0.4672, time 16.41ms, mfu 22.69%
iter 9990: loss 0.4674, time 16.09ms, mfu 22.74%
step 10000: train loss 0.1941, val loss 2.3408
iter 10000: loss 0.4625, time 2028.88ms, mfu 20.48%
iter 10010: loss 0.4677, time 16.30ms, mfu 20.72%
iter 10020: loss 0.4786, time 16.14ms, mfu 20.96%
iter 10030: loss 0.4708, time 16.27ms, mfu 21.15%
iter 10040: loss 0.4539, time 16.21ms, mfu 21.34%
iter 10050: loss 0.4647, time 16.18ms, mfu 21.50%
iter 10060: loss 0.4501, time 16.16ms, mfu 21.66%
iter 10070: loss 0.4415, time 16.22ms, mfu 21.79%
iter 10080: loss 0.4750, time 16.24ms, mfu 21.91%
iter 10090: loss 0.4645, time 16.24ms, mfu 22.01%
iter 10100: loss 0.4608, time 16.55ms, mfu 22.06%
iter 10110: loss 0.4604, time 16.11ms, mfu 22.17%
iter 10120: loss 0.4538, time 16.51ms, mfu 22.21%
iter 10130: loss 0.4557, time 16.47ms, mfu 22.25%
iter 10140: loss 0.4803, time 16.47ms, mfu 22.29%
iter 10150: loss 0.4600, time 16.19ms, mfu 22.36%
iter 10160: loss 0.4708, time 16.30ms, mfu 22.41%
iter 10170: loss 0.4635, time 16.46ms, mfu 22.43%
iter 10180: loss 0.4578, time 16.60ms, mfu 22.43%
iter 10190: loss 0.4621, time 16.40ms, mfu 22.46%
iter 10200: loss 0.4513, time 16.50ms, mfu 22.47%
iter 10210: loss 0.4566, time 16.33ms, mfu 22.51%
iter 10220: loss 0.4661, time 16.19ms, mfu 22.56%
iter 10230: loss 0.4395, time 16.44ms, mfu 22.57%
iter 10240: loss 0.4431, time 16.25ms, mfu 22.60%
step 10250: train loss 0.1837, val loss 2.3801
iter 10250: loss 0.4754, time 1773.57ms, mfu 20.37%
iter 10260: loss 0.4510, time 12.37ms, mfu 21.34%
iter 10270: loss 0.4447, time 12.43ms, mfu 22.20%
iter 10280: loss 0.4520, time 12.49ms, mfu 22.97%
iter 10290: loss 0.4497, time 12.44ms, mfu 23.67%
iter 10300: loss 0.4537, time 12.45ms, mfu 24.29%
iter 10310: loss 0.4476, time 12.45ms, mfu 24.86%
iter 10320: loss 0.4378, time 12.42ms, mfu 25.37%
iter 10330: loss 0.4458, time 12.22ms, mfu 25.88%
iter 10340: loss 0.4526, time 12.28ms, mfu 26.33%
iter 10350: loss 0.4361, time 12.28ms, mfu 26.73%
iter 10360: loss 0.4337, time 12.28ms, mfu 27.09%
iter 10370: loss 0.4599, time 12.28ms, mfu 27.42%
iter 10380: loss 0.4562, time 12.47ms, mfu 27.66%
iter 10390: loss 0.4555, time 12.43ms, mfu 27.89%
iter 10400: loss 0.4611, time 12.94ms, mfu 27.98%
iter 10410: loss 0.4425, time 12.47ms, mfu 28.17%
iter 10420: loss 0.4483, time 12.40ms, mfu 28.36%
iter 10430: loss 0.4500, time 12.48ms, mfu 28.51%
iter 10440: loss 0.4457, time 12.32ms, mfu 28.69%
iter 10450: loss 0.4511, time 12.30ms, mfu 28.85%
iter 10460: loss 0.4400, time 12.29ms, mfu 28.99%
iter 10470: loss 0.4272, time 12.31ms, mfu 29.12%
iter 10480: loss 0.4391, time 12.31ms, mfu 29.24%
iter 10490: loss 0.4379, time 12.79ms, mfu 29.22%
step 10500: train loss 0.1773, val loss 2.3848
iter 10500: loss 0.4342, time 1435.31ms, mfu 26.33%
iter 10510: loss 0.4369, time 12.57ms, mfu 26.66%
iter 10520: loss 0.4146, time 12.46ms, mfu 26.99%
iter 10530: loss 0.4455, time 12.25ms, mfu 27.33%
iter 10540: loss 0.4523, time 12.71ms, mfu 27.53%
iter 10550: loss 0.4470, time 12.37ms, mfu 27.79%
iter 10560: loss 0.4332, time 12.63ms, mfu 27.96%
iter 10570: loss 0.4250, time 12.64ms, mfu 28.11%
iter 10580: loss 0.4446, time 12.51ms, mfu 28.28%
iter 10590: loss 0.4325, time 12.63ms, mfu 28.40%
iter 10600: loss 0.4393, time 12.48ms, mfu 28.55%
iter 10610: loss 0.4405, time 12.64ms, mfu 28.64%
iter 10620: loss 0.4570, time 12.48ms, mfu 28.76%
iter 10630: loss 0.4433, time 12.50ms, mfu 28.87%
iter 10640: loss 0.4212, time 12.59ms, mfu 28.94%
iter 10650: loss 0.4356, time 12.45ms, mfu 29.04%
iter 10660: loss 0.4357, time 12.55ms, mfu 29.10%
iter 10670: loss 0.4443, time 12.70ms, mfu 29.13%
iter 10680: loss 0.4360, time 12.47ms, mfu 29.20%
iter 10690: loss 0.4365, time 12.50ms, mfu 29.26%
iter 10700: loss 0.4308, time 12.62ms, mfu 29.29%
iter 10710: loss 0.4386, time 12.42ms, mfu 29.36%
iter 10720: loss 0.4348, time 12.39ms, mfu 29.43%
iter 10730: loss 0.4615, time 12.40ms, mfu 29.49%
iter 10740: loss 0.4282, time 12.46ms, mfu 29.53%
step 10750: train loss 0.1693, val loss 2.4265
iter 10750: loss 0.4476, time 1430.31ms, mfu 26.61%
iter 10760: loss 0.4284, time 12.34ms, mfu 26.97%
iter 10770: loss 0.4244, time 12.53ms, mfu 27.24%
iter 10780: loss 0.4345, time 12.55ms, mfu 27.49%
iter 10790: loss 0.4346, time 12.54ms, mfu 27.71%
iter 10800: loss 0.4380, time 12.61ms, mfu 27.89%
iter 10810: loss 0.4234, time 12.63ms, mfu 28.05%
iter 10820: loss 0.4203, time 12.35ms, mfu 28.26%
iter 10830: loss 0.4436, time 12.55ms, mfu 28.41%
iter 10840: loss 0.4362, time 12.43ms, mfu 28.56%
iter 10850: loss 0.4318, time 12.41ms, mfu 28.71%
iter 10860: loss 0.4232, time 12.36ms, mfu 28.85%
iter 10870: loss 0.4235, time 12.39ms, mfu 28.98%
iter 10880: loss 0.4319, time 12.35ms, mfu 29.10%
iter 10890: loss 0.4377, time 12.40ms, mfu 29.19%
iter 10900: loss 0.4349, time 12.58ms, mfu 29.23%
iter 10910: loss 0.4312, time 12.59ms, mfu 29.27%
iter 10920: loss 0.4060, time 12.62ms, mfu 29.30%
iter 10930: loss 0.4190, time 12.57ms, mfu 29.33%
iter 10940: loss 0.4242, time 12.42ms, mfu 29.40%
iter 10950: loss 0.4134, time 22.24ms, mfu 28.13%
iter 10960: loss 0.4182, time 23.25ms, mfu 26.92%
iter 10970: loss 0.4173, time 23.81ms, mfu 25.79%
iter 10980: loss 0.4225, time 23.21ms, mfu 24.82%
iter 10990: loss 0.4226, time 23.56ms, mfu 23.92%
step 11000: train loss 0.1630, val loss 2.4401
iter 11000: loss 0.4112, time 2054.62ms, mfu 21.55%
iter 11010: loss 0.4093, time 16.19ms, mfu 21.69%
iter 11020: loss 0.4368, time 16.08ms, mfu 21.84%
iter 11030: loss 0.4370, time 16.10ms, mfu 21.97%
iter 11040: loss 0.4160, time 16.52ms, mfu 22.03%
iter 11050: loss 0.4128, time 16.39ms, mfu 22.10%
iter 11060: loss 0.4203, time 16.19ms, mfu 22.19%
iter 11070: loss 0.4108, time 16.19ms, mfu 22.27%
iter 11080: loss 0.4114, time 16.05ms, mfu 22.37%
iter 11090: loss 0.4181, time 16.09ms, mfu 22.45%
iter 11100: loss 0.4095, time 16.55ms, mfu 22.45%
iter 11110: loss 0.4070, time 16.06ms, mfu 22.53%
iter 11120: loss 0.4356, time 16.12ms, mfu 22.59%
iter 11130: loss 0.4081, time 16.16ms, mfu 22.63%
iter 11140: loss 0.4230, time 16.62ms, mfu 22.61%
iter 11150: loss 0.4088, time 16.09ms, mfu 22.67%
iter 11160: loss 0.4177, time 16.38ms, mfu 22.67%
iter 11170: loss 0.4181, time 16.36ms, mfu 22.69%
iter 11180: loss 0.4189, time 16.39ms, mfu 22.69%
iter 11190: loss 0.4193, time 16.24ms, mfu 22.72%
iter 11200: loss 0.4168, time 16.42ms, mfu 22.71%
iter 11210: loss 0.4245, time 16.14ms, mfu 22.75%
iter 11220: loss 0.4076, time 14.81ms, mfu 22.99%
iter 11230: loss 0.4097, time 14.86ms, mfu 23.20%
iter 11240: loss 0.4255, time 18.65ms, mfu 22.88%
step 11250: train loss 0.1560, val loss 2.4574
iter 11250: loss 0.4195, time 1484.54ms, mfu 20.62%
iter 11260: loss 0.4209, time 12.52ms, mfu 21.53%
iter 11270: loss 0.4050, time 12.38ms, mfu 22.39%
iter 11280: loss 0.4043, time 12.46ms, mfu 23.14%
iter 11290: loss 0.4107, time 12.37ms, mfu 23.84%
iter 11300: loss 0.4190, time 12.40ms, mfu 24.46%
iter 11310: loss 0.4025, time 12.51ms, mfu 24.99%
iter 11320: loss 0.4080, time 12.54ms, mfu 25.47%
iter 11330: loss 0.4177, time 12.35ms, mfu 25.94%
iter 11340: loss 0.4071, time 12.48ms, mfu 26.33%
iter 11350: loss 0.4076, time 12.55ms, mfu 26.66%
iter 11360: loss 0.4051, time 12.44ms, mfu 26.99%
iter 11370: loss 0.4064, time 12.58ms, mfu 27.26%
iter 11380: loss 0.4112, time 12.41ms, mfu 27.53%
iter 11390: loss 0.4096, time 12.43ms, mfu 27.78%
iter 11400: loss 0.4057, time 12.40ms, mfu 28.01%
iter 11410: loss 0.3973, time 12.49ms, mfu 28.19%
iter 11420: loss 0.4089, time 12.46ms, mfu 28.36%
iter 11430: loss 0.4065, time 12.66ms, mfu 28.47%
iter 11440: loss 0.3862, time 12.48ms, mfu 28.61%
iter 11450: loss 0.3951, time 12.36ms, mfu 28.76%
iter 11460: loss 0.4278, time 12.31ms, mfu 28.92%
iter 11470: loss 0.4029, time 22.07ms, mfu 27.71%
iter 11480: loss 0.4123, time 22.58ms, mfu 26.59%
iter 11490: loss 0.4212, time 23.52ms, mfu 25.52%
step 11500: train loss 0.1493, val loss 2.4949
iter 11500: loss 0.4043, time 2060.52ms, mfu 22.98%
iter 11510: loss 0.4070, time 16.65ms, mfu 22.92%
iter 11520: loss 0.4152, time 16.35ms, mfu 22.91%
iter 11530: loss 0.4091, time 16.39ms, mfu 22.89%
iter 11540: loss 0.3895, time 16.34ms, mfu 22.88%
iter 11550: loss 0.4016, time 16.40ms, mfu 22.87%
iter 11560: loss 0.3975, time 16.13ms, mfu 22.89%
iter 11570: loss 0.3865, time 16.21ms, mfu 22.90%
iter 11580: loss 0.3940, time 16.23ms, mfu 22.91%
iter 11590: loss 0.3923, time 16.17ms, mfu 22.92%
iter 11600: loss 0.3980, time 20.14ms, mfu 22.48%
iter 11610: loss 0.4150, time 21.89ms, mfu 21.93%
iter 11620: loss 0.3959, time 22.27ms, mfu 21.41%
iter 11630: loss 0.4057, time 21.80ms, mfu 20.98%
iter 11640: loss 0.3915, time 21.90ms, mfu 20.58%
iter 11650: loss 0.4094, time 22.06ms, mfu 20.21%
iter 11660: loss 0.3884, time 23.80ms, mfu 19.76%
iter 11670: loss 0.3940, time 25.22ms, mfu 19.26%
iter 11680: loss 0.3868, time 25.03ms, mfu 18.82%
iter 11690: loss 0.4023, time 24.83ms, mfu 18.44%
iter 11700: loss 0.3890, time 24.87ms, mfu 18.10%
iter 11710: loss 0.4060, time 25.28ms, mfu 17.76%
iter 11720: loss 0.4042, time 25.05ms, mfu 17.47%
iter 11730: loss 0.3933, time 25.24ms, mfu 17.20%
iter 11740: loss 0.3962, time 25.26ms, mfu 16.96%
step 11750: train loss 0.1445, val loss 2.5131
iter 11750: loss 0.3873, time 2071.05ms, mfu 15.28%
iter 11760: loss 0.3865, time 16.26ms, mfu 16.04%
iter 11770: loss 0.4031, time 16.25ms, mfu 16.73%
iter 11780: loss 0.3849, time 16.33ms, mfu 17.34%
iter 11790: loss 0.3896, time 16.27ms, mfu 17.90%
iter 11800: loss 0.3941, time 16.18ms, mfu 18.41%
iter 11810: loss 0.3904, time 16.55ms, mfu 18.82%
iter 11820: loss 0.4009, time 16.31ms, mfu 19.22%
iter 11830: loss 0.3870, time 16.15ms, mfu 19.61%
iter 11840: loss 0.3944, time 16.21ms, mfu 19.94%
iter 11850: loss 0.3869, time 16.42ms, mfu 20.22%
iter 11860: loss 0.3976, time 16.29ms, mfu 20.48%
iter 11870: loss 0.3686, time 16.19ms, mfu 20.74%
iter 11880: loss 0.3922, time 16.20ms, mfu 20.96%
iter 11890: loss 0.3959, time 16.67ms, mfu 21.10%
iter 11900: loss 0.3926, time 16.45ms, mfu 21.26%
iter 11910: loss 0.4062, time 16.47ms, mfu 21.39%
iter 11920: loss 0.4033, time 16.42ms, mfu 21.52%
iter 11930: loss 0.3920, time 16.49ms, mfu 21.63%
iter 11940: loss 0.3953, time 16.47ms, mfu 21.73%
iter 11950: loss 0.3947, time 16.54ms, mfu 21.81%
iter 11960: loss 0.3862, time 16.23ms, mfu 21.93%
iter 11970: loss 0.3741, time 16.23ms, mfu 22.03%
iter 11980: loss 0.3967, time 16.23ms, mfu 22.12%
iter 11990: loss 0.3838, time 16.68ms, mfu 22.14%
step 12000: train loss 0.1393, val loss 2.5279
iter 12000: loss 0.3857, time 2032.99ms, mfu 19.95%
iter 12010: loss 0.3721, time 16.29ms, mfu 20.24%
iter 12020: loss 0.3969, time 16.12ms, mfu 20.53%
iter 12030: loss 0.3887, time 16.11ms, mfu 20.79%
iter 12040: loss 0.3924, time 16.37ms, mfu 20.99%
iter 12050: loss 0.3806, time 16.42ms, mfu 21.16%
iter 12060: loss 0.4067, time 16.39ms, mfu 21.31%
iter 12070: loss 0.3958, time 16.07ms, mfu 21.50%
iter 12080: loss 0.3839, time 16.19ms, mfu 21.65%
iter 12090: loss 0.3964, time 16.46ms, mfu 21.75%
iter 12100: loss 0.3836, time 16.53ms, mfu 21.83%
iter 12110: loss 0.3901, time 16.49ms, mfu 21.91%
iter 12120: loss 0.3918, time 16.54ms, mfu 21.97%
iter 12130: loss 0.3838, time 16.40ms, mfu 22.04%
iter 12140: loss 0.3766, time 16.19ms, mfu 22.14%
iter 12150: loss 0.3852, time 16.20ms, mfu 22.23%
iter 12160: loss 0.3885, time 16.23ms, mfu 22.30%
iter 12170: loss 0.3749, time 16.44ms, mfu 22.34%
iter 12180: loss 0.3626, time 16.18ms, mfu 22.41%
iter 12190: loss 0.3847, time 16.13ms, mfu 22.47%
iter 12200: loss 0.3800, time 16.27ms, mfu 22.52%
iter 12210: loss 0.3747, time 16.46ms, mfu 22.53%
iter 12220: loss 0.3768, time 15.06ms, mfu 22.75%
iter 12230: loss 0.3773, time 14.92ms, mfu 22.97%
iter 12240: loss 0.4021, time 14.90ms, mfu 23.18%
step 12250: train loss 0.1364, val loss 2.5359
iter 12250: loss 0.3843, time 1869.05ms, mfu 20.88%
iter 12260: loss 0.3800, time 14.92ms, mfu 21.29%
iter 12270: loss 0.3826, time 14.77ms, mfu 21.68%
iter 12280: loss 0.3782, time 14.89ms, mfu 22.02%
iter 12290: loss 0.3716, time 14.80ms, mfu 22.33%
iter 12300: loss 0.3568, time 15.00ms, mfu 22.58%
iter 12310: loss 0.3823, time 14.93ms, mfu 22.82%
iter 12320: loss 0.3933, time 14.72ms, mfu 23.07%
iter 12330: loss 0.3874, time 14.70ms, mfu 23.30%
iter 12340: loss 0.3762, time 14.96ms, mfu 23.46%
iter 12350: loss 0.3822, time 15.01ms, mfu 23.60%
iter 12360: loss 0.3737, time 14.85ms, mfu 23.75%
iter 12370: loss 0.3834, time 14.69ms, mfu 23.91%
iter 12380: loss 0.3770, time 14.66ms, mfu 24.06%
iter 12390: loss 0.3699, time 14.67ms, mfu 24.19%
iter 12400: loss 0.3906, time 14.90ms, mfu 24.27%
iter 12410: loss 0.3625, time 14.84ms, mfu 24.36%
iter 12420: loss 0.3820, time 15.04ms, mfu 24.40%
iter 12430: loss 0.3758, time 14.68ms, mfu 24.50%
iter 12440: loss 0.3913, time 14.88ms, mfu 24.55%
iter 12450: loss 0.3823, time 14.87ms, mfu 24.60%
iter 12460: loss 0.3799, time 14.87ms, mfu 24.65%
iter 12470: loss 0.3942, time 14.73ms, mfu 24.71%
iter 12480: loss 0.3680, time 14.89ms, mfu 24.74%
iter 12490: loss 0.3741, time 14.89ms, mfu 24.77%
step 12500: train loss 0.1332, val loss 2.5729
iter 12500: loss 0.3688, time 1800.08ms, mfu 22.32%
iter 12510: loss 0.3738, time 12.52ms, mfu 23.06%
iter 12520: loss 0.3768, time 12.38ms, mfu 23.77%
iter 12530: loss 0.3712, time 12.52ms, mfu 24.37%
iter 12540: loss 0.3897, time 12.52ms, mfu 24.91%
iter 12550: loss 0.3562, time 12.56ms, mfu 25.38%
iter 12560: loss 0.3748, time 12.36ms, mfu 25.86%
iter 12570: loss 0.3762, time 12.60ms, mfu 26.23%
iter 12580: loss 0.3725, time 12.50ms, mfu 26.59%
iter 12590: loss 0.3777, time 12.55ms, mfu 26.90%
iter 12600: loss 0.3806, time 12.44ms, mfu 27.20%
iter 12610: loss 0.3696, time 12.47ms, mfu 27.47%
iter 12620: loss 0.3744, time 12.39ms, mfu 27.73%
iter 12630: loss 0.3560, time 12.36ms, mfu 27.98%
iter 12640: loss 0.3618, time 12.53ms, mfu 28.15%
iter 12650: loss 0.3734, time 12.56ms, mfu 28.30%
iter 12660: loss 0.3711, time 12.45ms, mfu 28.46%
iter 12670: loss 0.3742, time 12.33ms, mfu 28.64%
iter 12680: loss 0.3694, time 12.31ms, mfu 28.80%
iter 12690: loss 0.3719, time 12.45ms, mfu 28.92%
iter 12700: loss 0.3771, time 12.26ms, mfu 29.07%
iter 12710: loss 0.3826, time 12.39ms, mfu 29.17%
iter 12720: loss 0.3704, time 12.57ms, mfu 29.21%
iter 12730: loss 0.3751, time 12.48ms, mfu 29.28%
iter 12740: loss 0.3581, time 12.35ms, mfu 29.37%
step 12750: train loss 0.1279, val loss 2.5911
iter 12750: loss 0.3755, time 1431.29ms, mfu 26.46%
iter 12760: loss 0.3742, time 12.30ms, mfu 26.84%
iter 12770: loss 0.3747, time 12.56ms, mfu 27.12%
iter 12780: loss 0.3627, time 12.54ms, mfu 27.38%
iter 12790: loss 0.3653, time 12.53ms, mfu 27.62%
iter 12800: loss 0.3583, time 12.52ms, mfu 27.83%
iter 12810: loss 0.3736, time 12.38ms, mfu 28.06%
iter 12820: loss 0.3692, time 12.50ms, mfu 28.23%
iter 12830: loss 0.3665, time 12.24ms, mfu 28.46%
iter 12840: loss 0.3619, time 12.94ms, mfu 28.49%
iter 12850: loss 0.3589, time 12.47ms, mfu 28.63%
iter 12860: loss 0.3657, time 12.27ms, mfu 28.80%
iter 12870: loss 0.3702, time 12.31ms, mfu 28.95%
iter 12880: loss 0.3595, time 12.46ms, mfu 29.05%
iter 12890: loss 0.3613, time 12.49ms, mfu 29.12%
iter 12900: loss 0.3641, time 12.89ms, mfu 29.10%
iter 12910: loss 0.3606, time 12.45ms, mfu 29.19%
iter 12920: loss 0.3573, time 12.40ms, mfu 29.27%
iter 12930: loss 0.3650, time 12.44ms, mfu 29.34%
iter 12940: loss 0.3534, time 12.47ms, mfu 29.39%
iter 12950: loss 0.3702, time 12.47ms, mfu 29.44%
iter 12960: loss 0.3576, time 12.25ms, mfu 29.54%
iter 12970: loss 0.3640, time 12.30ms, mfu 29.61%
iter 12980: loss 0.3622, time 12.23ms, mfu 29.70%
iter 12990: loss 0.3625, time 12.28ms, mfu 29.76%
step 13000: train loss 0.1250, val loss 2.6012
iter 13000: loss 0.3672, time 1422.09ms, mfu 26.81%
iter 13010: loss 0.3594, time 12.24ms, mfu 27.18%
iter 13020: loss 0.3659, time 12.40ms, mfu 27.46%
iter 13030: loss 0.3619, time 12.46ms, mfu 27.71%
iter 13040: loss 0.3595, time 12.45ms, mfu 27.93%
iter 13050: loss 0.3611, time 12.30ms, mfu 28.17%
iter 13060: loss 0.3647, time 12.30ms, mfu 28.38%
iter 13070: loss 0.3599, time 12.29ms, mfu 28.58%
iter 13080: loss 0.3628, time 12.48ms, mfu 28.70%
iter 13090: loss 0.3595, time 12.40ms, mfu 28.84%
iter 13100: loss 0.3613, time 12.38ms, mfu 28.97%
iter 13110: loss 0.3632, time 12.66ms, mfu 29.01%
iter 13120: loss 0.3477, time 12.52ms, mfu 29.09%
iter 13130: loss 0.3571, time 23.05ms, mfu 27.80%
iter 13140: loss 0.3591, time 23.36ms, mfu 26.61%
iter 13150: loss 0.3596, time 23.52ms, mfu 25.54%
iter 13160: loss 0.3634, time 23.58ms, mfu 24.56%
iter 13170: loss 0.3601, time 23.58ms, mfu 23.69%
iter 13180: loss 0.3598, time 23.51ms, mfu 22.90%
iter 13190: loss 0.3667, time 23.50ms, mfu 22.20%
iter 13200: loss 0.3614, time 23.53ms, mfu 21.56%
iter 13210: loss 0.3654, time 24.00ms, mfu 20.96%
iter 13220: loss 0.3667, time 24.53ms, mfu 20.38%
iter 13230: loss 0.3622, time 23.96ms, mfu 19.90%
iter 13240: loss 0.3526, time 23.82ms, mfu 19.47%
step 13250: train loss 0.1228, val loss 2.6219
iter 13250: loss 0.3625, time 2052.84ms, mfu 17.54%
iter 13260: loss 0.3508, time 16.84ms, mfu 18.00%
iter 13270: loss 0.3545, time 16.33ms, mfu 18.48%
iter 13280: loss 0.3576, time 16.81ms, mfu 18.85%
iter 13290: loss 0.3608, time 16.71ms, mfu 19.20%
iter 13300: loss 0.3606, time 16.69ms, mfu 19.51%
iter 13310: loss 0.3412, time 16.72ms, mfu 19.79%
iter 13320: loss 0.3410, time 16.69ms, mfu 20.04%
iter 13330: loss 0.3638, time 16.42ms, mfu 20.31%
iter 13340: loss 0.3530, time 16.63ms, mfu 20.52%
iter 13350: loss 0.3632, time 16.21ms, mfu 20.76%
iter 13360: loss 0.3472, time 16.24ms, mfu 20.98%
iter 13370: loss 0.3657, time 16.40ms, mfu 21.16%
iter 13380: loss 0.3614, time 16.17ms, mfu 21.35%
iter 13390: loss 0.3470, time 16.22ms, mfu 21.51%
iter 13400: loss 0.3714, time 16.56ms, mfu 21.61%
iter 13410: loss 0.3506, time 19.57ms, mfu 21.35%
iter 13420: loss 0.3402, time 19.59ms, mfu 21.12%
iter 13430: loss 0.3536, time 19.65ms, mfu 20.90%
iter 13440: loss 0.3514, time 19.59ms, mfu 20.71%
iter 13450: loss 0.3563, time 19.64ms, mfu 20.54%
iter 13460: loss 0.3501, time 22.35ms, mfu 20.15%
iter 13470: loss 0.3395, time 22.04ms, mfu 19.83%
iter 13480: loss 0.3530, time 22.25ms, mfu 19.52%
iter 13490: loss 0.3403, time 21.97ms, mfu 19.26%
step 13500: train loss 0.1204, val loss 2.6360
iter 13500: loss 0.3635, time 1708.11ms, mfu 17.36%
iter 13510: loss 0.3443, time 12.25ms, mfu 18.67%
iter 13520: loss 0.3621, time 12.63ms, mfu 19.75%
iter 13530: loss 0.3404, time 12.45ms, mfu 20.77%
iter 13540: loss 0.3610, time 12.46ms, mfu 21.68%
iter 13550: loss 0.3473, time 12.32ms, mfu 22.54%
iter 13560: loss 0.3595, time 12.39ms, mfu 23.29%
iter 13570: loss 0.3546, time 12.53ms, mfu 23.94%
iter 13580: loss 0.3499, time 12.56ms, mfu 24.51%
iter 13590: loss 0.3635, time 12.55ms, mfu 25.03%
iter 13600: loss 0.3487, time 12.28ms, mfu 25.56%
iter 13610: loss 0.3430, time 12.32ms, mfu 26.03%
iter 13620: loss 0.3429, time 12.42ms, mfu 26.43%
iter 13630: loss 0.3486, time 12.31ms, mfu 26.81%
iter 13640: loss 0.3412, time 12.40ms, mfu 27.13%
iter 13650: loss 0.3457, time 12.48ms, mfu 27.41%
iter 13660: loss 0.3498, time 12.28ms, mfu 27.70%
iter 13670: loss 0.3465, time 12.27ms, mfu 27.97%
iter 13680: loss 0.3357, time 12.35ms, mfu 28.19%
iter 13690: loss 0.3564, time 12.46ms, mfu 28.36%
iter 13700: loss 0.3396, time 12.51ms, mfu 28.50%
iter 13710: loss 0.3516, time 12.47ms, mfu 28.64%
iter 13720: loss 0.3472, time 12.53ms, mfu 28.75%
iter 13730: loss 0.3561, time 12.24ms, mfu 28.92%
iter 13740: loss 0.3489, time 12.28ms, mfu 29.06%
step 13750: train loss 0.1187, val loss 2.6382
iter 13750: loss 0.3486, time 1435.55ms, mfu 26.18%
iter 13760: loss 0.3494, time 12.73ms, mfu 26.49%
iter 13770: loss 0.3454, time 12.61ms, mfu 26.80%
iter 13780: loss 0.3471, time 12.35ms, mfu 27.13%
iter 13790: loss 0.3523, time 12.35ms, mfu 27.44%
iter 13800: loss 0.3553, time 12.31ms, mfu 27.72%
iter 13810: loss 0.3416, time 12.51ms, mfu 27.93%
iter 13820: loss 0.3428, time 12.55ms, mfu 28.10%
iter 13830: loss 0.3439, time 12.36ms, mfu 28.31%
iter 13840: loss 0.3129, time 12.31ms, mfu 28.50%
iter 13850: loss 0.3613, time 12.30ms, mfu 28.68%
iter 13860: loss 0.3508, time 12.40ms, mfu 28.82%
iter 13870: loss 0.3397, time 12.44ms, mfu 28.93%
iter 13880: loss 0.3413, time 12.43ms, mfu 29.04%
iter 13890: loss 0.3458, time 12.55ms, mfu 29.10%
iter 13900: loss 0.3435, time 12.44ms, mfu 29.19%
iter 13910: loss 0.3416, time 12.41ms, mfu 29.27%
iter 13920: loss 0.3468, time 12.22ms, mfu 29.39%
iter 13930: loss 0.3381, time 12.28ms, mfu 29.49%
iter 13940: loss 0.3349, time 12.34ms, mfu 29.56%
iter 13950: loss 0.3358, time 12.29ms, mfu 29.64%
iter 13960: loss 0.3438, time 12.27ms, mfu 29.71%
iter 13970: loss 0.3457, time 12.27ms, mfu 29.78%
iter 13980: loss 0.3415, time 12.47ms, mfu 29.79%
iter 13990: loss 0.3381, time 12.47ms, mfu 29.80%
step 14000: train loss 0.1173, val loss 2.6647
iter 14000: loss 0.3385, time 1439.36ms, mfu 26.84%
iter 14010: loss 0.3340, time 12.52ms, mfu 27.13%
iter 14020: loss 0.3473, time 12.34ms, mfu 27.44%
iter 14030: loss 0.3511, time 12.44ms, mfu 27.69%
iter 14040: loss 0.3385, time 12.58ms, mfu 27.89%
iter 14050: loss 0.3376, time 12.53ms, mfu 28.07%
iter 14060: loss 0.3415, time 12.56ms, mfu 28.23%
iter 14070: loss 0.3421, time 12.34ms, mfu 28.43%
iter 14080: loss 0.3382, time 12.54ms, mfu 28.56%
iter 14090: loss 0.3297, time 12.49ms, mfu 28.69%
iter 14100: loss 0.3551, time 12.36ms, mfu 28.83%
iter 14110: loss 0.3473, time 12.46ms, mfu 28.94%
iter 14120: loss 0.3303, time 12.55ms, mfu 29.01%
iter 14130: loss 0.3526, time 12.40ms, mfu 29.12%
iter 14140: loss 0.3411, time 12.33ms, mfu 29.23%
iter 14150: loss 0.3392, time 12.58ms, mfu 29.27%
iter 14160: loss 0.3666, time 12.45ms, mfu 29.33%
iter 14170: loss 0.3396, time 12.42ms, mfu 29.40%
iter 14180: loss 0.3478, time 12.39ms, mfu 29.47%
iter 14190: loss 0.3470, time 12.66ms, mfu 29.46%
iter 14200: loss 0.3385, time 12.45ms, mfu 29.51%
iter 14210: loss 0.3373, time 22.92ms, mfu 28.18%
iter 14220: loss 0.3504, time 21.04ms, mfu 27.14%
iter 14230: loss 0.3370, time 21.06ms, mfu 26.19%
iter 14240: loss 0.3420, time 20.90ms, mfu 25.36%
step 14250: train loss 0.1151, val loss 2.6828
iter 14250: loss 0.3483, time 1912.51ms, mfu 22.84%
iter 14260: loss 0.3528, time 15.02ms, mfu 23.04%
iter 14270: loss 0.3397, time 15.81ms, mfu 23.09%
iter 14280: loss 0.3362, time 15.66ms, mfu 23.16%
iter 14290: loss 0.3444, time 18.56ms, mfu 22.85%
iter 14300: loss 0.3524, time 18.35ms, mfu 22.60%
iter 14310: loss 0.3425, time 18.05ms, mfu 22.40%
iter 14320: loss 0.3364, time 18.14ms, mfu 22.22%
iter 14330: loss 0.3465, time 18.38ms, mfu 22.02%
iter 14340: loss 0.3377, time 19.60ms, mfu 21.72%
iter 14350: loss 0.3395, time 19.45ms, mfu 21.46%
iter 14360: loss 0.3375, time 19.68ms, mfu 21.21%
iter 14370: loss 0.3453, time 19.54ms, mfu 21.00%
iter 14380: loss 0.3438, time 19.54ms, mfu 20.80%
iter 14390: loss 0.3490, time 19.48ms, mfu 20.64%
iter 14400: loss 0.3300, time 19.17ms, mfu 20.52%
iter 14410: loss 0.3425, time 19.59ms, mfu 20.37%
iter 14420: loss 0.3371, time 19.17ms, mfu 20.28%
iter 14430: loss 0.3306, time 19.12ms, mfu 20.20%
iter 14440: loss 0.3395, time 19.34ms, mfu 20.10%
iter 14450: loss 0.3383, time 19.37ms, mfu 20.02%
iter 14460: loss 0.3452, time 19.47ms, mfu 19.93%
iter 14470: loss 0.3454, time 19.44ms, mfu 19.85%
iter 14480: loss 0.3480, time 19.13ms, mfu 19.82%
iter 14490: loss 0.3473, time 19.53ms, mfu 19.74%
step 14500: train loss 0.1132, val loss 2.6690
iter 14500: loss 0.3426, time 2038.90ms, mfu 17.79%
iter 14510: loss 0.3420, time 16.36ms, mfu 18.29%
iter 14520: loss 0.3343, time 16.41ms, mfu 18.73%
iter 14530: loss 0.3279, time 16.06ms, mfu 19.18%
iter 14540: loss 0.3233, time 16.18ms, mfu 19.56%
iter 14550: loss 0.3305, time 16.16ms, mfu 19.91%
iter 14560: loss 0.3395, time 16.37ms, mfu 20.20%
iter 14570: loss 0.3329, time 16.08ms, mfu 20.49%
iter 14580: loss 0.3349, time 16.15ms, mfu 20.75%
iter 14590: loss 0.3399, time 16.98ms, mfu 20.87%
iter 14600: loss 0.3409, time 16.42ms, mfu 21.05%
iter 14610: loss 0.3454, time 16.15ms, mfu 21.26%
iter 14620: loss 0.3270, time 16.24ms, mfu 21.43%
iter 14630: loss 0.3398, time 16.56ms, mfu 21.53%
iter 14640: loss 0.3251, time 16.51ms, mfu 21.64%
iter 14650: loss 0.3402, time 16.09ms, mfu 21.79%
iter 14660: loss 0.3354, time 16.43ms, mfu 21.88%
iter 14670: loss 0.3346, time 16.06ms, mfu 22.01%
iter 14680: loss 0.3339, time 19.63ms, mfu 21.71%
iter 14690: loss 0.3307, time 19.46ms, mfu 21.45%
iter 14700: loss 0.3372, time 19.54ms, mfu 21.21%
iter 14710: loss 0.3309, time 19.20ms, mfu 21.03%
iter 14720: loss 0.3313, time 19.73ms, mfu 20.82%
iter 14730: loss 0.3333, time 20.05ms, mfu 20.59%
iter 14740: loss 0.3357, time 20.20ms, mfu 20.38%
step 14750: train loss 0.1126, val loss 2.6935
iter 14750: loss 0.3283, time 2052.86ms, mfu 18.36%
iter 14760: loss 0.3367, time 16.37ms, mfu 18.80%
iter 14770: loss 0.3297, time 14.74ms, mfu 19.45%
iter 14780: loss 0.3438, time 15.14ms, mfu 19.96%
iter 14790: loss 0.3354, time 15.29ms, mfu 20.40%
iter 14800: loss 0.3404, time 16.17ms, mfu 20.67%
iter 14810: loss 0.3516, time 16.52ms, mfu 20.86%
iter 14820: loss 0.3387, time 16.63ms, mfu 21.01%
iter 14830: loss 0.3306, time 16.37ms, mfu 21.19%
iter 14840: loss 0.3401, time 16.64ms, mfu 21.31%
iter 14850: loss 0.3426, time 16.24ms, mfu 21.47%
iter 14860: loss 0.3276, time 16.45ms, mfu 21.59%
iter 14870: loss 0.3310, time 16.68ms, mfu 21.66%
iter 14880: loss 0.3314, time 16.13ms, mfu 21.81%
iter 14890: loss 0.3379, time 16.14ms, mfu 21.94%
iter 14900: loss 0.3307, time 16.11ms, mfu 22.05%
iter 14910: loss 0.3232, time 16.10ms, mfu 22.16%
iter 14920: loss 0.3375, time 16.36ms, mfu 22.23%
iter 14930: loss 0.3208, time 16.41ms, mfu 22.27%
iter 14940: loss 0.3311, time 17.03ms, mfu 22.23%
iter 14950: loss 0.3369, time 16.37ms, mfu 22.29%
iter 14960: loss 0.3407, time 16.44ms, mfu 22.32%
iter 14970: loss 0.3320, time 16.13ms, mfu 22.40%
iter 14980: loss 0.3310, time 16.83ms, mfu 22.38%
iter 14990: loss 0.3380, time 16.67ms, mfu 22.37%
step 15000: train loss 0.1111, val loss 2.7243
iter 15000: loss 0.3219, time 2028.06ms, mfu 20.16%
