Loading 10 checkpoints...

================================================================================
ANALYSIS 1: Coefficient of Variation (CV = std/mean) for Each Norm Type
================================================================================
(Lower CV = more stable across random seeds)

Norm Type            Mean CV (%)     Median CV (%)   Max CV (%)     
----------------------------------------------------------------------
⭐ stable_rank       2.17            2.26            4.66           
   op_norm           2.35            2.33            4.58           
   nuclear_norm      2.65            2.36            4.32           
   frob_norm         2.67            2.34            4.33           
   l1_norm           3.22            2.94            8.61           
   linf_norm         4.01            3.20            14.16          

⭐ stable_rank has the lowest variance across seeds!


================================================================================
ANALYSIS 2: Variance Across Blocks Within Same Layer Category
================================================================================
(Higher CV = more block-to-block variation)


### c_attn
Number of blocks: 6

  op_norm              mean=    4.63  std=   0.86  CV= 18.60%
  frob_norm            mean=   22.11  std=   2.86  CV= 12.95%
  nuclear_norm         mean=  356.12  std=  35.14  CV=  9.87%
  l1_norm              mean=   39.10  std=   6.61  CV= 16.90%
  linf_norm            mean=   14.97  std=   2.82  CV= 18.82%
  stable_rank          mean=   24.18  std=   6.55  CV= 27.11%

### attn.c_proj
Number of blocks: 6

  op_norm              mean=    1.74  std=   0.47  CV= 26.71%
  frob_norm            mean=    9.29  std=   2.06  CV= 22.19%
  nuclear_norm         mean=  124.97  std=  27.48  CV= 21.99%
  l1_norm              mean=    9.60  std=   1.73  CV= 18.04%
  linf_norm            mean=   10.53  std=   2.84  CV= 26.99%
  stable_rank          mean=   32.25  std=  11.80  CV= 36.58%

### mlp.c_fc
Number of blocks: 6

  op_norm              mean=   10.14  std=   0.74  CV=  7.28%
  frob_norm            mean=   31.67  std=   2.05  CV=  6.46%
  nuclear_norm         mean=  495.07  std=  40.20  CV=  8.12%
  l1_norm              mean=   57.80  std=   2.95  CV=  5.10%
  linf_norm            mean=   17.66  std=   2.20  CV= 12.46%
  stable_rank          mean=    9.87  std=   1.40  CV= 14.14%

### mlp.c_proj
Number of blocks: 6

  op_norm              mean=    4.47  std=   1.28  CV= 28.74%
  frob_norm            mean=   25.17  std=   3.42  CV= 13.58%
  nuclear_norm         mean=  382.30  std=  40.85  CV= 10.69%
  l1_norm              mean=   15.55  std=   1.95  CV= 12.52%
  linf_norm            mean=   53.87  std=  12.74  CV= 23.65%
  stable_rank          mean=   35.76  std=  11.53  CV= 32.23%

================================================================================
ANALYSIS 3: Per-Block Operator Norm Details
================================================================================

### c_attn
Block    Op Norm (mean±std)        Range                CV (%)    
----------------------------------------------------------------------
Block 0  4.8777±0.1868          [4.5302, 5.0643]     3.83%
Block 1  3.3336±0.0998          [3.1049, 3.4266]     2.99%
Block 2  5.8826±0.0427          [5.8408, 5.9850]     0.73%
Block 3  5.2249±0.0462          [5.1383, 5.2968]     0.89%
Block 4  4.7100±0.0535          [4.5699, 4.7647]     1.14%
Block 5  3.7471±0.0559          [3.6204, 3.8277]     1.49%

Category summary:
  Mean across blocks: 4.6293
  Std across blocks:  0.8613
  CV across blocks:   18.60%
  Range: [3.3336, 5.8826]

### attn.c_proj
Block    Op Norm (mean±std)        Range                CV (%)    
----------------------------------------------------------------------
Block 0  0.7733±0.0203          [0.7309, 0.7958]     2.62%
Block 1  2.1078±0.0390          [2.0261, 2.1492]     1.85%
Block 2  1.7225±0.0425          [1.6433, 1.7711]     2.47%
Block 3  1.8070±0.0321          [1.7404, 1.8410]     1.78%
Block 4  1.8425±0.0530          [1.7358, 1.9103]     2.87%
Block 5  2.2033±0.0667          [2.0456, 2.2847]     3.03%

Category summary:
  Mean across blocks: 1.7427
  Std across blocks:  0.4654
  CV across blocks:   26.71%
  Range: [0.7733, 2.2033]

### mlp.c_fc
Block    Op Norm (mean±std)        Range                CV (%)    
----------------------------------------------------------------------
Block 0  8.7494±0.2539          [8.2155, 8.9191]     2.90%
Block 1  10.5926±0.2309          [10.1065, 10.7672]     2.18%
Block 2  10.7750±0.2096          [10.3589, 10.9767]     1.95%
Block 3  10.7579±0.1940          [10.3612, 10.9050]     1.80%
Block 4  10.3549±0.1810          [9.9935, 10.4936]     1.75%
Block 5  9.5935±0.1838          [9.2278, 9.7299]     1.92%

Category summary:
  Mean across blocks: 10.1372
  Std across blocks:  0.7381
  CV across blocks:   7.28%
  Range: [8.7494, 10.7750]

### mlp.c_proj
Block    Op Norm (mean±std)        Range                CV (%)    
----------------------------------------------------------------------
Block 0  2.7757±0.0590          [2.6427, 2.8242]     2.13%
Block 1  3.5434±0.1214          [3.3097, 3.6859]     3.43%
Block 2  3.8672±0.1215          [3.6038, 3.9869]     3.14%
Block 3  4.4099±0.1059          [4.1854, 4.5358]     2.40%
Block 4  5.6531±0.1751          [5.3037, 5.8048]     3.10%
Block 5  6.5697±0.3006          [5.9555, 6.7923]     4.58%

Category summary:
  Mean across blocks: 4.4698
  Std across blocks:  1.2848
  CV across blocks:   28.74%
  Range: [2.7757, 6.5697]
