Overriding config with config/phase2.5_stable_rank.py:
# Phase 2.5 Variant 1: Match Stable Rank + Operator Norm
# c_attn: rank=24, scale=4.6293
# mlp.c_fc: rank=10, scale=10.1372

out_dir = '/net/scratch2/junyuren/nanoGPT-manifold/out-phase2.5-stable-rank'
eval_interval = 500
eval_iters = 200
log_interval = 10
always_save_checkpoint = True

wandb_log = False
wandb_project = 'nanogpt-manifold'
wandb_run_name = 'phase2.5-stable-rank'

# Dataset
dataset = 'shakespeare_char'
gradient_accumulation_steps = 1
batch_size = 64
block_size = 256

# Baby GPT architecture
n_layer = 6
n_head = 6
n_embd = 384
dropout = 0.2
bias = False

# AdamW for non-Grassmann params
learning_rate = 1e-3
max_iters = 15000
lr_decay_iters = 15000
min_lr = 1e-4
weight_decay = 1e-1
beta1 = 0.9
beta2 = 0.99
grad_clip = 1.0

decay_lr = True
warmup_iters = 100

# Grassmann config - MATCH STABLE RANK
use_grassmann = True
grassmann_phase = 'phase2.5'

# Rank matching strategy: stable_rank
grass_rank_c_attn = 24      # Stable rank from baseline
grass_rank_mlp_fc = 10      # Stable rank from baseline
grass_scale_c_attn = 4.6293    # Operator norm from baseline
grass_scale_mlp_fc = 10.1372   # Operator norm from baseline

# Legacy unified rank (will be overridden per-layer in model.py)
grass_rank = 24  # c_attn default
grass_lr = 8e-3
grass_a = 1.0
grass_b = 0.0
grass_alpha = 0.01
grass_steps = 10
grass_tol = 1e-6

# System
device = 'cuda'
dtype = 'bfloat16'
compile = True

tokens per iteration will be: 16,384
found vocab_size = 65 (inside data/shakespeare_char/meta.pkl)
Initializing a new model from scratch
number of parameters: 10.65M

=== Phase phase2.5 Grassmann Configuration ===
  Variant .5: attn.c_proj uses AdamW (not Grassmann)

Per-layer configuration:
  c_attn:       rank=24    scale=4.6293
  mlp.c_fc:     rank=10    scale=10.1372
  attn.c_proj:  rank=24    scale=1.0000
  mlp.c_proj:   rank=24    scale=1.0000
Grassmann Muon parameters: 6 weight matrices, 3,538,944 params
AdamW decay parameters: 20 tensors, 7,201,152 params
AdamW no-decay parameters: 13 tensors, 4,992 params
  transformer.h.0.mlp.c_fc.weight: k=4, G_{1.0,0.0,10}, lr=0.008, scale=10.1372, type=vertical
  transformer.h.1.mlp.c_fc.weight: k=4, G_{1.0,0.0,10}, lr=0.008, scale=10.1372, type=vertical
  transformer.h.2.mlp.c_fc.weight: k=4, G_{1.0,0.0,10}, lr=0.008, scale=10.1372, type=vertical
  transformer.h.3.mlp.c_fc.weight: k=4, G_{1.0,0.0,10}, lr=0.008, scale=10.1372, type=vertical
  transformer.h.4.mlp.c_fc.weight: k=4, G_{1.0,0.0,10}, lr=0.008, scale=10.1372, type=vertical
  transformer.h.5.mlp.c_fc.weight: k=4, G_{1.0,0.0,10}, lr=0.008, scale=10.1372, type=vertical
using fused AdamW: True

=== Initializing Grassmann Weights (Block Decomposition) ===
Number of weight types to initialize: 6

Initializing mlp.c_fc.: k=4, G_{1.0,0.0,10}, type=vertical
  Initialized transformer.h.0.mlp.c_fc.weight (1536, 384) as 4 blocks of (384, 384) on G_{1.0,0.0,10}
  Initialized transformer.h.1.mlp.c_fc.weight (1536, 384) as 4 blocks of (384, 384) on G_{1.0,0.0,10}
  Initialized transformer.h.2.mlp.c_fc.weight (1536, 384) as 4 blocks of (384, 384) on G_{1.0,0.0,10}
  Initialized transformer.h.3.mlp.c_fc.weight (1536, 384) as 4 blocks of (384, 384) on G_{1.0,0.0,10}
  Initialized transformer.h.4.mlp.c_fc.weight (1536, 384) as 4 blocks of (384, 384) on G_{1.0,0.0,10}
  Initialized transformer.h.5.mlp.c_fc.weight (1536, 384) as 4 blocks of (384, 384) on G_{1.0,0.0,10}

Initializing transformer.h.1.mlp.c_fc.: k=4, G_{1.0,0.0,10}, type=vertical
  Initialized transformer.h.1.mlp.c_fc.weight (1536, 384) as 4 blocks of (384, 384) on G_{1.0,0.0,10}

Initializing transformer.h.2.mlp.c_fc.: k=4, G_{1.0,0.0,10}, type=vertical
  Initialized transformer.h.2.mlp.c_fc.weight (1536, 384) as 4 blocks of (384, 384) on G_{1.0,0.0,10}

Initializing transformer.h.3.mlp.c_fc.: k=4, G_{1.0,0.0,10}, type=vertical
  Initialized transformer.h.3.mlp.c_fc.weight (1536, 384) as 4 blocks of (384, 384) on G_{1.0,0.0,10}

Initializing transformer.h.4.mlp.c_fc.: k=4, G_{1.0,0.0,10}, type=vertical
  Initialized transformer.h.4.mlp.c_fc.weight (1536, 384) as 4 blocks of (384, 384) on G_{1.0,0.0,10}

Initializing transformer.h.5.mlp.c_fc.: k=4, G_{1.0,0.0,10}, type=vertical
  Initialized transformer.h.5.mlp.c_fc.weight (1536, 384) as 4 blocks of (384, 384) on G_{1.0,0.0,10}

Grassmann block initialization complete.

=== Setting up component-specific dropout ===
AdamW components: dropout = 0.2
Grassmann components: dropout = 0.1
Component-specific dropout setup complete.

=== Setting up norm-preserving scaling (Phase phase2.5) ===
  Added frozen 0.5×I scaling after mlp.c_fc (device=cuda:0)
  Added frozen 0.5×I scaling after mlp.c_fc (device=cuda:0)
  Added frozen 0.5×I scaling after mlp.c_fc (device=cuda:0)
  Added frozen 0.5×I scaling after mlp.c_fc (device=cuda:0)
  Added frozen 0.5×I scaling after mlp.c_fc (device=cuda:0)
  Added frozen 0.5×I scaling after mlp.c_fc (device=cuda:0)
Norm-preserving scaling setup complete.
compiling the model... (takes a ~minute)
step 0: train loss 4.3378, val loss 4.3303
iter 0: loss 4.3405, time 11098.63ms, mfu -100.00%
iter 10: loss 3.3793, time 590.76ms, mfu 1.39%
iter 20: loss 3.2377, time 455.57ms, mfu 1.43%
iter 30: loss 2.8476, time 458.60ms, mfu 1.46%
iter 40: loss 2.6605, time 460.32ms, mfu 1.49%
iter 50: loss 2.5899, time 460.83ms, mfu 1.52%
iter 60: loss 2.5669, time 470.88ms, mfu 1.54%
iter 70: loss 2.5465, time 472.02ms, mfu 1.56%
iter 80: loss 2.5237, time 468.10ms, mfu 1.58%
iter 90: loss 2.5044, time 479.99ms, mfu 1.59%
iter 100: loss 2.5131, time 476.69ms, mfu 1.61%
iter 110: loss 2.4863, time 474.13ms, mfu 1.62%
iter 120: loss 2.4808, time 478.97ms, mfu 1.63%
iter 130: loss 2.4597, time 479.18ms, mfu 1.64%
iter 140: loss 2.4487, time 480.39ms, mfu 1.64%
iter 150: loss 2.4419, time 476.78ms, mfu 1.65%
iter 160: loss 2.4409, time 481.88ms, mfu 1.65%
iter 170: loss 2.4208, time 479.00ms, mfu 1.66%
iter 180: loss 2.4202, time 479.73ms, mfu 1.66%
iter 190: loss 2.4040, time 475.66ms, mfu 1.67%
iter 200: loss 2.4101, time 475.68ms, mfu 1.68%
iter 210: loss 2.4131, time 480.95ms, mfu 1.68%
iter 220: loss 2.3585, time 480.30ms, mfu 1.68%
iter 230: loss 2.3538, time 478.35ms, mfu 1.68%
iter 240: loss 2.2981, time 477.84ms, mfu 1.69%
iter 250: loss 2.2817, time 479.58ms, mfu 1.69%
iter 260: loss 2.2785, time 474.73ms, mfu 1.69%
iter 270: loss 2.2593, time 476.27ms, mfu 1.70%
iter 280: loss 2.2360, time 480.20ms, mfu 1.70%
iter 290: loss 2.1847, time 480.19ms, mfu 1.70%
iter 300: loss 2.2076, time 474.43ms, mfu 1.70%
iter 310: loss 2.1842, time 474.29ms, mfu 1.70%
iter 320: loss 2.1259, time 479.02ms, mfu 1.70%
iter 330: loss 2.1248, time 473.76ms, mfu 1.71%
iter 340: loss 2.0775, time 477.89ms, mfu 1.71%
iter 350: loss 2.0903, time 477.25ms, mfu 1.71%
iter 360: loss 2.1110, time 478.02ms, mfu 1.71%
iter 370: loss 2.0540, time 479.98ms, mfu 1.71%
iter 380: loss 2.0579, time 478.11ms, mfu 1.71%
iter 390: loss 2.0701, time 479.31ms, mfu 1.71%
iter 400: loss 2.0425, time 479.93ms, mfu 1.71%
iter 410: loss 2.0488, time 480.47ms, mfu 1.71%
iter 420: loss 2.0042, time 480.05ms, mfu 1.71%
iter 430: loss 1.9723, time 479.30ms, mfu 1.71%
iter 440: loss 2.0067, time 478.62ms, mfu 1.71%
iter 450: loss 1.9822, time 478.62ms, mfu 1.71%
iter 460: loss 1.9743, time 477.39ms, mfu 1.71%
iter 470: loss 1.9780, time 476.36ms, mfu 1.71%
iter 480: loss 1.9606, time 480.01ms, mfu 1.71%
iter 490: loss 1.9537, time 479.90ms, mfu 1.71%
step 500: train loss 1.8161, val loss 1.9535
saving checkpoint to /net/scratch2/junyuren/nanoGPT-manifold/out-phase2.5-stable-rank
iter 500: loss 1.9557, time 5064.69ms, mfu 1.55%
iter 510: loss 1.9549, time 572.59ms, mfu 1.54%
iter 520: loss 1.9224, time 475.44ms, mfu 1.56%
iter 530: loss 1.9070, time 480.23ms, mfu 1.57%
iter 540: loss 1.9196, time 478.39ms, mfu 1.59%
iter 550: loss 1.9257, time 475.80ms, mfu 1.60%
iter 560: loss 1.8976, time 478.87ms, mfu 1.61%
iter 570: loss 1.9055, time 477.71ms, mfu 1.62%
iter 580: loss 1.8674, time 477.22ms, mfu 1.63%
iter 590: loss 1.8899, time 479.28ms, mfu 1.64%
iter 600: loss 1.8429, time 477.43ms, mfu 1.65%
iter 610: loss 1.8614, time 479.82ms, mfu 1.65%
iter 620: loss 1.8553, time 480.98ms, mfu 1.66%
iter 630: loss 1.8843, time 478.34ms, mfu 1.66%
iter 640: loss 1.8709, time 478.15ms, mfu 1.67%
iter 650: loss 1.8386, time 476.06ms, mfu 1.67%
iter 660: loss 1.8448, time 481.41ms, mfu 1.68%
iter 670: loss 1.8289, time 478.91ms, mfu 1.68%
iter 680: loss 1.8318, time 478.42ms, mfu 1.68%
iter 690: loss 1.8318, time 478.78ms, mfu 1.69%
iter 700: loss 1.8367, time 480.59ms, mfu 1.69%
iter 710: loss 1.8413, time 477.80ms, mfu 1.69%
iter 720: loss 1.7994, time 477.62ms, mfu 1.69%
iter 730: loss 1.8121, time 479.01ms, mfu 1.69%
iter 740: loss 1.8175, time 480.47ms, mfu 1.69%
iter 750: loss 1.8173, time 478.68ms, mfu 1.70%
iter 760: loss 1.7874, time 476.35ms, mfu 1.70%
iter 770: loss 1.8100, time 476.41ms, mfu 1.70%
iter 780: loss 1.7739, time 478.08ms, mfu 1.70%
iter 790: loss 1.7824, time 478.01ms, mfu 1.70%
iter 800: loss 1.7723, time 477.26ms, mfu 1.70%
iter 810: loss 1.7469, time 478.02ms, mfu 1.70%
iter 820: loss 1.7843, time 479.29ms, mfu 1.71%
iter 830: loss 1.8019, time 479.47ms, mfu 1.71%
iter 840: loss 1.7913, time 479.95ms, mfu 1.71%
iter 850: loss 1.7725, time 478.31ms, mfu 1.71%
iter 860: loss 1.7524, time 477.78ms, mfu 1.71%
iter 870: loss 1.7583, time 478.89ms, mfu 1.71%
iter 880: loss 1.7955, time 478.38ms, mfu 1.71%
iter 890: loss 1.7831, time 481.08ms, mfu 1.71%
iter 900: loss 1.7310, time 478.85ms, mfu 1.71%
iter 910: loss 1.7680, time 478.41ms, mfu 1.71%
iter 920: loss 1.7147, time 477.22ms, mfu 1.71%
iter 930: loss 1.7553, time 478.93ms, mfu 1.71%
iter 940: loss 1.7405, time 478.01ms, mfu 1.71%
iter 950: loss 1.7367, time 477.10ms, mfu 1.71%
iter 960: loss 1.7305, time 479.91ms, mfu 1.71%
iter 970: loss 1.7608, time 478.11ms, mfu 1.71%
iter 980: loss 1.7141, time 479.80ms, mfu 1.71%
iter 990: loss 1.7216, time 478.83ms, mfu 1.71%
step 1000: train loss 1.5877, val loss 1.7674
saving checkpoint to /net/scratch2/junyuren/nanoGPT-manifold/out-phase2.5-stable-rank
iter 1000: loss 1.7107, time 5032.06ms, mfu 1.55%
iter 1010: loss 1.7359, time 477.71ms, mfu 1.57%
iter 1020: loss 1.6645, time 480.23ms, mfu 1.58%
iter 1030: loss 1.7118, time 480.16ms, mfu 1.60%
iter 1040: loss 1.7100, time 478.76ms, mfu 1.61%
iter 1050: loss 1.6557, time 479.30ms, mfu 1.62%
iter 1060: loss 1.6914, time 478.55ms, mfu 1.63%
iter 1070: loss 1.7013, time 478.91ms, mfu 1.64%
iter 1080: loss 1.7277, time 479.48ms, mfu 1.64%
iter 1090: loss 1.7083, time 478.02ms, mfu 1.65%
iter 1100: loss 1.6779, time 483.26ms, mfu 1.65%
iter 1110: loss 1.6588, time 481.80ms, mfu 1.66%
iter 1120: loss 1.7079, time 478.65ms, mfu 1.66%
iter 1130: loss 1.7207, time 479.39ms, mfu 1.67%
iter 1140: loss 1.6682, time 479.48ms, mfu 1.67%
iter 1150: loss 1.6604, time 480.06ms, mfu 1.68%
iter 1160: loss 1.7159, time 477.82ms, mfu 1.68%
iter 1170: loss 1.6876, time 478.42ms, mfu 1.68%
iter 1180: loss 1.6590, time 480.97ms, mfu 1.68%
iter 1190: loss 1.6784, time 478.94ms, mfu 1.69%
iter 1200: loss 1.6746, time 478.13ms, mfu 1.69%
iter 1210: loss 1.6835, time 480.17ms, mfu 1.69%
iter 1220: loss 1.6568, time 478.12ms, mfu 1.69%
iter 1230: loss 1.6396, time 477.75ms, mfu 1.70%
iter 1240: loss 1.7025, time 479.95ms, mfu 1.70%
iter 1250: loss 1.6174, time 479.09ms, mfu 1.70%
iter 1260: loss 1.6661, time 479.16ms, mfu 1.70%
iter 1270: loss 1.6756, time 478.40ms, mfu 1.70%
iter 1280: loss 1.6369, time 477.23ms, mfu 1.70%
iter 1290: loss 1.6581, time 479.87ms, mfu 1.70%
iter 1300: loss 1.6572, time 478.40ms, mfu 1.70%
iter 1310: loss 1.6646, time 478.10ms, mfu 1.70%
iter 1320: loss 1.6737, time 479.35ms, mfu 1.70%
iter 1330: loss 1.6651, time 479.45ms, mfu 1.70%
iter 1340: loss 1.6476, time 478.86ms, mfu 1.70%
iter 1350: loss 1.6145, time 479.82ms, mfu 1.71%
iter 1360: loss 1.6339, time 479.20ms, mfu 1.71%
iter 1370: loss 1.6743, time 478.98ms, mfu 1.71%
iter 1380: loss 1.6331, time 478.19ms, mfu 1.71%
iter 1390: loss 1.6224, time 479.34ms, mfu 1.71%
iter 1400: loss 1.6561, time 478.36ms, mfu 1.71%
iter 1410: loss 1.6259, time 480.65ms, mfu 1.71%
iter 1420: loss 1.6119, time 478.92ms, mfu 1.71%
iter 1430: loss 1.6334, time 480.26ms, mfu 1.71%
iter 1440: loss 1.6070, time 478.61ms, mfu 1.71%
iter 1450: loss 1.6098, time 479.24ms, mfu 1.71%
iter 1460: loss 1.6151, time 480.33ms, mfu 1.71%
iter 1470: loss 1.5791, time 478.66ms, mfu 1.71%
iter 1480: loss 1.6268, time 478.83ms, mfu 1.71%
iter 1490: loss 1.6222, time 477.89ms, mfu 1.71%
step 1500: train loss 1.4793, val loss 1.6783
saving checkpoint to /net/scratch2/junyuren/nanoGPT-manifold/out-phase2.5-stable-rank
iter 1500: loss 1.6517, time 5031.69ms, mfu 1.55%
iter 1510: loss 1.6319, time 480.03ms, mfu 1.57%
iter 1520: loss 1.5772, time 479.96ms, mfu 1.58%
iter 1530: loss 1.5871, time 480.76ms, mfu 1.59%
iter 1540: loss 1.6180, time 478.66ms, mfu 1.61%
iter 1550: loss 1.6183, time 479.42ms, mfu 1.62%
iter 1560: loss 1.5991, time 477.31ms, mfu 1.63%
iter 1570: loss 1.5568, time 479.98ms, mfu 1.63%
iter 1580: loss 1.5970, time 478.44ms, mfu 1.64%
iter 1590: loss 1.5776, time 478.93ms, mfu 1.65%
iter 1600: loss 1.6013, time 477.71ms, mfu 1.65%
iter 1610: loss 1.6252, time 477.08ms, mfu 1.66%
iter 1620: loss 1.5969, time 479.09ms, mfu 1.67%
iter 1630: loss 1.6410, time 478.72ms, mfu 1.67%
iter 1640: loss 1.6090, time 482.00ms, mfu 1.67%
iter 1650: loss 1.5899, time 477.43ms, mfu 1.68%
iter 1660: loss 1.5690, time 478.43ms, mfu 1.68%
iter 1670: loss 1.6018, time 479.46ms, mfu 1.68%
iter 1680: loss 1.6128, time 479.91ms, mfu 1.69%
iter 1690: loss 1.5848, time 478.89ms, mfu 1.69%
iter 1700: loss 1.5810, time 478.06ms, mfu 1.69%
iter 1710: loss 1.6116, time 479.93ms, mfu 1.69%
iter 1720: loss 1.5723, time 477.53ms, mfu 1.69%
iter 1730: loss 1.5901, time 480.04ms, mfu 1.70%
iter 1740: loss 1.5749, time 479.84ms, mfu 1.70%
iter 1750: loss 1.5957, time 478.96ms, mfu 1.70%
iter 1760: loss 1.5903, time 478.45ms, mfu 1.70%
iter 1770: loss 1.5853, time 478.14ms, mfu 1.70%
iter 1780: loss 1.5799, time 480.83ms, mfu 1.70%
iter 1790: loss 1.5560, time 477.44ms, mfu 1.70%
iter 1800: loss 1.5498, time 480.47ms, mfu 1.70%
iter 1810: loss 1.5889, time 479.52ms, mfu 1.70%
iter 1820: loss 1.5786, time 478.43ms, mfu 1.70%
iter 1830: loss 1.5648, time 478.50ms, mfu 1.70%
iter 1840: loss 1.5670, time 476.23ms, mfu 1.71%
iter 1850: loss 1.5698, time 479.62ms, mfu 1.71%
iter 1860: loss 1.5727, time 477.62ms, mfu 1.71%
iter 1870: loss 1.5463, time 480.07ms, mfu 1.71%
iter 1880: loss 1.5890, time 477.71ms, mfu 1.71%
iter 1890: loss 1.5711, time 478.24ms, mfu 1.71%
iter 1900: loss 1.5555, time 479.14ms, mfu 1.71%
iter 1910: loss 1.5382, time 476.89ms, mfu 1.71%
iter 1920: loss 1.5648, time 478.81ms, mfu 1.71%
iter 1930: loss 1.5740, time 479.57ms, mfu 1.71%
iter 1940: loss 1.5525, time 481.18ms, mfu 1.71%
iter 1950: loss 1.5790, time 479.78ms, mfu 1.71%
iter 1960: loss 1.5336, time 479.76ms, mfu 1.71%
iter 1970: loss 1.5669, time 480.35ms, mfu 1.71%
iter 1980: loss 1.5500, time 479.80ms, mfu 1.71%
iter 1990: loss 1.5400, time 478.86ms, mfu 1.71%
step 2000: train loss 1.4142, val loss 1.6244
saving checkpoint to /net/scratch2/junyuren/nanoGPT-manifold/out-phase2.5-stable-rank
iter 2000: loss 1.5549, time 4994.90ms, mfu 1.55%
iter 2010: loss 1.5353, time 478.80ms, mfu 1.57%
iter 2020: loss 1.5706, time 479.11ms, mfu 1.58%
iter 2030: loss 1.5694, time 480.95ms, mfu 1.59%
iter 2040: loss 1.5439, time 478.39ms, mfu 1.61%
iter 2050: loss 1.5391, time 481.65ms, mfu 1.62%
iter 2060: loss 1.5439, time 478.35ms, mfu 1.63%
iter 2070: loss 1.5571, time 480.43ms, mfu 1.63%
iter 2080: loss 1.5188, time 479.50ms, mfu 1.64%
iter 2090: loss 1.5462, time 478.76ms, mfu 1.65%
iter 2100: loss 1.5145, time 479.59ms, mfu 1.65%
iter 2110: loss 1.5080, time 479.42ms, mfu 1.66%
iter 2120: loss 1.5371, time 478.06ms, mfu 1.66%
iter 2130: loss 1.5087, time 480.62ms, mfu 1.67%
iter 2140: loss 1.5108, time 477.30ms, mfu 1.67%
iter 2150: loss 1.5361, time 479.70ms, mfu 1.68%
iter 2160: loss 1.5224, time 479.88ms, mfu 1.68%
iter 2170: loss 1.5215, time 479.14ms, mfu 1.68%
iter 2180: loss 1.5295, time 476.36ms, mfu 1.69%
iter 2190: loss 1.5083, time 479.78ms, mfu 1.69%
iter 2200: loss 1.5467, time 478.64ms, mfu 1.69%
iter 2210: loss 1.5353, time 479.13ms, mfu 1.69%
iter 2220: loss 1.5087, time 478.81ms, mfu 1.69%
iter 2230: loss 1.5150, time 479.75ms, mfu 1.69%
iter 2240: loss 1.5253, time 478.04ms, mfu 1.70%
iter 2250: loss 1.5245, time 478.48ms, mfu 1.70%
iter 2260: loss 1.4748, time 480.07ms, mfu 1.70%
iter 2270: loss 1.4759, time 479.55ms, mfu 1.70%
iter 2280: loss 1.4927, time 479.73ms, mfu 1.70%
iter 2290: loss 1.5162, time 478.68ms, mfu 1.70%
iter 2300: loss 1.5248, time 477.70ms, mfu 1.70%
iter 2310: loss 1.5451, time 478.82ms, mfu 1.70%
iter 2320: loss 1.5360, time 477.60ms, mfu 1.70%
iter 2330: loss 1.5349, time 480.06ms, mfu 1.70%
iter 2340: loss 1.5059, time 480.67ms, mfu 1.70%
iter 2350: loss 1.5394, time 479.39ms, mfu 1.70%
iter 2360: loss 1.5267, time 477.52ms, mfu 1.71%
iter 2370: loss 1.4918, time 479.30ms, mfu 1.71%
iter 2380: loss 1.5267, time 480.10ms, mfu 1.71%
iter 2390: loss 1.5033, time 479.83ms, mfu 1.71%
iter 2400: loss 1.5185, time 479.63ms, mfu 1.71%
iter 2410: loss 1.4682, time 480.19ms, mfu 1.71%
iter 2420: loss 1.5188, time 480.28ms, mfu 1.71%
iter 2430: loss 1.5025, time 478.55ms, mfu 1.71%
iter 2440: loss 1.5053, time 480.10ms, mfu 1.71%
iter 2450: loss 1.4822, time 480.32ms, mfu 1.71%
iter 2460: loss 1.4998, time 479.34ms, mfu 1.71%
iter 2470: loss 1.5064, time 481.89ms, mfu 1.71%
iter 2480: loss 1.4962, time 478.36ms, mfu 1.71%
iter 2490: loss 1.5011, time 477.46ms, mfu 1.71%
step 2500: train loss 1.3778, val loss 1.5938
saving checkpoint to /net/scratch2/junyuren/nanoGPT-manifold/out-phase2.5-stable-rank
iter 2500: loss 1.4758, time 5019.82ms, mfu 1.55%
iter 2510: loss 1.4945, time 478.07ms, mfu 1.57%
iter 2520: loss 1.4894, time 478.63ms, mfu 1.58%
iter 2530: loss 1.4731, time 478.23ms, mfu 1.60%
iter 2540: loss 1.5056, time 479.99ms, mfu 1.61%
iter 2550: loss 1.4533, time 479.16ms, mfu 1.62%
iter 2560: loss 1.5065, time 478.15ms, mfu 1.63%
iter 2570: loss 1.4951, time 480.23ms, mfu 1.63%
iter 2580: loss 1.4700, time 477.19ms, mfu 1.64%
iter 2590: loss 1.4836, time 478.66ms, mfu 1.65%
iter 2600: loss 1.5013, time 479.55ms, mfu 1.65%
iter 2610: loss 1.4948, time 479.17ms, mfu 1.66%
iter 2620: loss 1.4644, time 481.60ms, mfu 1.66%
iter 2630: loss 1.5275, time 478.56ms, mfu 1.67%
iter 2640: loss 1.4890, time 478.55ms, mfu 1.67%
iter 2650: loss 1.4884, time 478.47ms, mfu 1.68%
iter 2660: loss 1.4774, time 479.04ms, mfu 1.68%
iter 2670: loss 1.5004, time 477.77ms, mfu 1.68%
iter 2680: loss 1.4871, time 480.50ms, mfu 1.69%
iter 2690: loss 1.4693, time 479.68ms, mfu 1.69%
iter 2700: loss 1.4942, time 478.55ms, mfu 1.69%
iter 2710: loss 1.4515, time 479.59ms, mfu 1.69%
iter 2720: loss 1.4608, time 478.44ms, mfu 1.69%
iter 2730: loss 1.5238, time 480.40ms, mfu 1.69%
iter 2740: loss 1.4547, time 478.81ms, mfu 1.70%
iter 2750: loss 1.4808, time 477.33ms, mfu 1.70%
iter 2760: loss 1.5043, time 478.02ms, mfu 1.70%
iter 2770: loss 1.4376, time 479.57ms, mfu 1.70%
iter 2780: loss 1.4838, time 479.02ms, mfu 1.70%
iter 2790: loss 1.4590, time 480.01ms, mfu 1.70%
iter 2800: loss 1.4686, time 480.24ms, mfu 1.70%
iter 2810: loss 1.4747, time 478.57ms, mfu 1.70%
iter 2820: loss 1.4390, time 477.13ms, mfu 1.70%
iter 2830: loss 1.4345, time 479.39ms, mfu 1.70%
iter 2840: loss 1.4775, time 478.87ms, mfu 1.70%
iter 2850: loss 1.4678, time 479.31ms, mfu 1.71%
iter 2860: loss 1.4654, time 480.31ms, mfu 1.71%
iter 2870: loss 1.4601, time 479.67ms, mfu 1.71%
iter 2880: loss 1.4814, time 478.90ms, mfu 1.71%
iter 2890: loss 1.4456, time 478.21ms, mfu 1.71%
iter 2900: loss 1.4812, time 477.05ms, mfu 1.71%
iter 2910: loss 1.4786, time 479.71ms, mfu 1.71%
iter 2920: loss 1.4765, time 478.89ms, mfu 1.71%
iter 2930: loss 1.4301, time 478.15ms, mfu 1.71%
iter 2940: loss 1.4478, time 479.59ms, mfu 1.71%
iter 2950: loss 1.4600, time 479.36ms, mfu 1.71%
iter 2960: loss 1.4616, time 477.82ms, mfu 1.71%
iter 2970: loss 1.4558, time 478.10ms, mfu 1.71%
iter 2980: loss 1.4624, time 480.09ms, mfu 1.71%
iter 2990: loss 1.4606, time 478.92ms, mfu 1.71%
step 3000: train loss 1.3325, val loss 1.5700
saving checkpoint to /net/scratch2/junyuren/nanoGPT-manifold/out-phase2.5-stable-rank
iter 3000: loss 1.4492, time 5032.44ms, mfu 1.55%
iter 3010: loss 1.4516, time 480.00ms, mfu 1.57%
iter 3020: loss 1.4256, time 480.64ms, mfu 1.58%
iter 3030: loss 1.4665, time 478.89ms, mfu 1.60%
iter 3040: loss 1.4403, time 478.31ms, mfu 1.61%
iter 3050: loss 1.4590, time 477.99ms, mfu 1.62%
iter 3060: loss 1.4580, time 478.70ms, mfu 1.63%
iter 3070: loss 1.4427, time 479.22ms, mfu 1.63%
iter 3080: loss 1.4292, time 478.74ms, mfu 1.64%
iter 3090: loss 1.4888, time 479.58ms, mfu 1.65%
iter 3100: loss 1.4275, time 479.47ms, mfu 1.65%
iter 3110: loss 1.4500, time 479.04ms, mfu 1.66%
iter 3120: loss 1.4400, time 478.82ms, mfu 1.67%
iter 3130: loss 1.4502, time 478.42ms, mfu 1.67%
iter 3140: loss 1.4600, time 479.61ms, mfu 1.67%
iter 3150: loss 1.4270, time 478.18ms, mfu 1.68%
iter 3160: loss 1.4186, time 477.56ms, mfu 1.68%
iter 3170: loss 1.4489, time 479.48ms, mfu 1.68%
iter 3180: loss 1.4563, time 477.09ms, mfu 1.69%
iter 3190: loss 1.4336, time 478.52ms, mfu 1.69%
iter 3200: loss 1.4514, time 478.69ms, mfu 1.69%
iter 3210: loss 1.4469, time 481.55ms, mfu 1.69%
iter 3220: loss 1.4470, time 476.90ms, mfu 1.69%
iter 3230: loss 1.4342, time 478.42ms, mfu 1.70%
iter 3240: loss 1.4471, time 478.82ms, mfu 1.70%
iter 3250: loss 1.4261, time 482.96ms, mfu 1.70%
iter 3260: loss 1.3940, time 479.04ms, mfu 1.70%
iter 3270: loss 1.4652, time 479.24ms, mfu 1.70%
iter 3280: loss 1.4229, time 477.93ms, mfu 1.70%
iter 3290: loss 1.4385, time 477.02ms, mfu 1.70%
iter 3300: loss 1.4126, time 477.10ms, mfu 1.70%
iter 3310: loss 1.4540, time 477.55ms, mfu 1.70%
iter 3320: loss 1.4081, time 478.27ms, mfu 1.71%
iter 3330: loss 1.4067, time 478.47ms, mfu 1.71%
iter 3340: loss 1.4156, time 479.10ms, mfu 1.71%
iter 3350: loss 1.4204, time 479.18ms, mfu 1.71%
iter 3360: loss 1.4442, time 477.72ms, mfu 1.71%
iter 3370: loss 1.4108, time 479.13ms, mfu 1.71%
iter 3380: loss 1.4153, time 478.18ms, mfu 1.71%
iter 3390: loss 1.4677, time 479.51ms, mfu 1.71%
iter 3400: loss 1.4902, time 480.66ms, mfu 1.71%
iter 3410: loss 1.4143, time 478.52ms, mfu 1.71%
iter 3420: loss 1.4308, time 477.08ms, mfu 1.71%
iter 3430: loss 1.3970, time 476.40ms, mfu 1.71%
iter 3440: loss 1.3910, time 479.93ms, mfu 1.71%
iter 3450: loss 1.4228, time 478.18ms, mfu 1.71%
iter 3460: loss 1.4249, time 478.13ms, mfu 1.71%
iter 3470: loss 1.4238, time 477.88ms, mfu 1.71%
iter 3480: loss 1.4226, time 479.89ms, mfu 1.71%
iter 3490: loss 1.4174, time 480.37ms, mfu 1.71%
step 3500: train loss 1.3002, val loss 1.5582
saving checkpoint to /net/scratch2/junyuren/nanoGPT-manifold/out-phase2.5-stable-rank
iter 3500: loss 1.4277, time 5012.36ms, mfu 1.55%
iter 3510: loss 1.4081, time 478.79ms, mfu 1.57%
iter 3520: loss 1.4069, time 480.80ms, mfu 1.58%
iter 3530: loss 1.4500, time 478.88ms, mfu 1.60%
iter 3540: loss 1.4138, time 479.36ms, mfu 1.61%
iter 3550: loss 1.4198, time 479.25ms, mfu 1.62%
iter 3560: loss 1.4357, time 479.79ms, mfu 1.63%
iter 3570: loss 1.3991, time 482.63ms, mfu 1.63%
iter 3580: loss 1.4155, time 478.73ms, mfu 1.64%
iter 3590: loss 1.4243, time 480.26ms, mfu 1.65%
iter 3600: loss 1.3972, time 478.69ms, mfu 1.65%
iter 3610: loss 1.4265, time 478.44ms, mfu 1.66%
iter 3620: loss 1.4425, time 478.09ms, mfu 1.66%
iter 3630: loss 1.4014, time 478.00ms, mfu 1.67%
iter 3640: loss 1.4030, time 479.52ms, mfu 1.67%
iter 3650: loss 1.4169, time 479.82ms, mfu 1.68%
iter 3660: loss 1.4206, time 477.88ms, mfu 1.68%
iter 3670: loss 1.4105, time 477.55ms, mfu 1.68%
iter 3680: loss 1.4191, time 479.09ms, mfu 1.69%
iter 3690: loss 1.4070, time 479.54ms, mfu 1.69%
iter 3700: loss 1.3704, time 479.98ms, mfu 1.69%
iter 3710: loss 1.4402, time 477.94ms, mfu 1.69%
iter 3720: loss 1.4282, time 480.03ms, mfu 1.69%
iter 3730: loss 1.4195, time 478.01ms, mfu 1.70%
iter 3740: loss 1.4124, time 478.58ms, mfu 1.70%
iter 3750: loss 1.4426, time 478.89ms, mfu 1.70%
iter 3760: loss 1.4099, time 479.51ms, mfu 1.70%
iter 3770: loss 1.4213, time 479.82ms, mfu 1.70%
iter 3780: loss 1.4033, time 477.45ms, mfu 1.70%
iter 3790: loss 1.4258, time 478.57ms, mfu 1.70%
iter 3800: loss 1.4294, time 481.26ms, mfu 1.70%
iter 3810: loss 1.4235, time 475.35ms, mfu 1.70%
iter 3820: loss 1.4269, time 477.51ms, mfu 1.71%
iter 3830: loss 1.3954, time 479.36ms, mfu 1.71%
iter 3840: loss 1.4107, time 479.56ms, mfu 1.71%
iter 3850: loss 1.3754, time 476.95ms, mfu 1.71%
iter 3860: loss 1.3790, time 477.87ms, mfu 1.71%
iter 3870: loss 1.3968, time 477.11ms, mfu 1.71%
iter 3880: loss 1.4186, time 479.34ms, mfu 1.71%
iter 3890: loss 1.4150, time 479.13ms, mfu 1.71%
iter 3900: loss 1.4091, time 477.73ms, mfu 1.71%
iter 3910: loss 1.4101, time 477.58ms, mfu 1.71%
iter 3920: loss 1.3811, time 478.43ms, mfu 1.71%
iter 3930: loss 1.4178, time 480.25ms, mfu 1.71%
iter 3940: loss 1.3867, time 479.51ms, mfu 1.71%
iter 3950: loss 1.3956, time 478.76ms, mfu 1.71%
iter 3960: loss 1.3836, time 479.42ms, mfu 1.71%
iter 3970: loss 1.3907, time 480.02ms, mfu 1.71%
iter 3980: loss 1.3944, time 478.98ms, mfu 1.71%
iter 3990: loss 1.4032, time 477.68ms, mfu 1.71%
step 4000: train loss 1.2743, val loss 1.5395
saving checkpoint to /net/scratch2/junyuren/nanoGPT-manifold/out-phase2.5-stable-rank
iter 4000: loss 1.4057, time 5011.38ms, mfu 1.55%
iter 4010: loss 1.4080, time 479.63ms, mfu 1.57%
iter 4020: loss 1.3890, time 479.43ms, mfu 1.58%
iter 4030: loss 1.4153, time 479.40ms, mfu 1.60%
iter 4040: loss 1.4001, time 478.66ms, mfu 1.61%
iter 4050: loss 1.4413, time 477.56ms, mfu 1.62%
iter 4060: loss 1.4291, time 479.92ms, mfu 1.63%
iter 4070: loss 1.4126, time 572.44ms, mfu 1.61%
iter 4080: loss 1.3687, time 479.71ms, mfu 1.62%
iter 4090: loss 1.4053, time 477.65ms, mfu 1.63%
iter 4100: loss 1.3896, time 476.74ms, mfu 1.64%
iter 4110: loss 1.3809, time 476.57ms, mfu 1.64%
iter 4120: loss 1.3722, time 479.42ms, mfu 1.65%
iter 4130: loss 1.3813, time 480.17ms, mfu 1.66%
iter 4140: loss 1.4039, time 481.72ms, mfu 1.66%
iter 4150: loss 1.3932, time 478.46ms, mfu 1.67%
iter 4160: loss 1.4078, time 479.33ms, mfu 1.67%
iter 4170: loss 1.3852, time 477.42ms, mfu 1.67%
iter 4180: loss 1.3516, time 478.99ms, mfu 1.68%
iter 4190: loss 1.3741, time 479.08ms, mfu 1.68%
iter 4200: loss 1.3938, time 479.64ms, mfu 1.68%
iter 4210: loss 1.4146, time 479.37ms, mfu 1.69%
iter 4220: loss 1.3470, time 477.85ms, mfu 1.69%
iter 4230: loss 1.3915, time 479.68ms, mfu 1.69%
iter 4240: loss 1.3701, time 479.05ms, mfu 1.69%
iter 4250: loss 1.3848, time 476.95ms, mfu 1.69%
iter 4260: loss 1.3483, time 478.09ms, mfu 1.70%
iter 4270: loss 1.4156, time 478.93ms, mfu 1.70%
iter 4280: loss 1.3942, time 479.75ms, mfu 1.70%
iter 4290: loss 1.3807, time 479.36ms, mfu 1.70%
iter 4300: loss 1.3634, time 479.20ms, mfu 1.70%
iter 4310: loss 1.3766, time 479.06ms, mfu 1.70%
iter 4320: loss 1.3927, time 479.53ms, mfu 1.70%
iter 4330: loss 1.3984, time 479.15ms, mfu 1.70%
iter 4340: loss 1.3691, time 480.24ms, mfu 1.70%
iter 4350: loss 1.3748, time 478.57ms, mfu 1.70%
iter 4360: loss 1.3870, time 478.33ms, mfu 1.70%
iter 4370: loss 1.3802, time 478.07ms, mfu 1.71%
iter 4380: loss 1.3846, time 479.86ms, mfu 1.71%
iter 4390: loss 1.3571, time 480.59ms, mfu 1.70%
iter 4400: loss 1.3734, time 480.04ms, mfu 1.71%
iter 4410: loss 1.3685, time 478.82ms, mfu 1.71%
iter 4420: loss 1.3996, time 480.12ms, mfu 1.71%
iter 4430: loss 1.3507, time 477.56ms, mfu 1.71%
iter 4440: loss 1.4143, time 478.64ms, mfu 1.71%
iter 4450: loss 1.3853, time 478.39ms, mfu 1.71%
iter 4460: loss 1.3779, time 478.67ms, mfu 1.71%
iter 4470: loss 1.3710, time 478.51ms, mfu 1.71%
iter 4480: loss 1.3665, time 478.68ms, mfu 1.71%
iter 4490: loss 1.4048, time 482.11ms, mfu 1.71%
step 4500: train loss 1.2581, val loss 1.5354
saving checkpoint to /net/scratch2/junyuren/nanoGPT-manifold/out-phase2.5-stable-rank
iter 4500: loss 1.3855, time 5039.00ms, mfu 1.55%
iter 4510: loss 1.3325, time 480.04ms, mfu 1.57%
iter 4520: loss 1.3567, time 477.48ms, mfu 1.58%
iter 4530: loss 1.3937, time 478.99ms, mfu 1.60%
iter 4540: loss 1.3712, time 478.18ms, mfu 1.61%
iter 4550: loss 1.3954, time 478.98ms, mfu 1.62%
iter 4560: loss 1.3889, time 479.48ms, mfu 1.63%
iter 4570: loss 1.3493, time 479.92ms, mfu 1.63%
iter 4580: loss 1.3711, time 476.98ms, mfu 1.64%
iter 4590: loss 1.3815, time 478.38ms, mfu 1.65%
iter 4600: loss 1.3702, time 479.20ms, mfu 1.66%
iter 4610: loss 1.3650, time 479.00ms, mfu 1.66%
iter 4620: loss 1.3532, time 478.53ms, mfu 1.67%
iter 4630: loss 1.3467, time 477.86ms, mfu 1.67%
iter 4640: loss 1.3821, time 478.96ms, mfu 1.67%
iter 4650: loss 1.3565, time 479.04ms, mfu 1.68%
iter 4660: loss 1.3679, time 480.75ms, mfu 1.68%
iter 4670: loss 1.3304, time 478.93ms, mfu 1.68%
iter 4680: loss 1.3843, time 477.83ms, mfu 1.69%
iter 4690: loss 1.3812, time 480.20ms, mfu 1.69%
iter 4700: loss 1.3420, time 477.18ms, mfu 1.69%
iter 4710: loss 1.3749, time 478.49ms, mfu 1.69%
iter 4720: loss 1.3615, time 478.22ms, mfu 1.69%
iter 4730: loss 1.3655, time 481.91ms, mfu 1.70%
iter 4740: loss 1.3882, time 478.10ms, mfu 1.70%
iter 4750: loss 1.3504, time 478.76ms, mfu 1.70%
iter 4760: loss 1.3359, time 478.69ms, mfu 1.70%
iter 4770: loss 1.3635, time 478.70ms, mfu 1.70%
iter 4780: loss 1.3496, time 477.63ms, mfu 1.70%
iter 4790: loss 1.3513, time 478.37ms, mfu 1.70%
iter 4800: loss 1.3777, time 478.38ms, mfu 1.70%
iter 4810: loss 1.3380, time 478.13ms, mfu 1.70%
iter 4820: loss 1.3541, time 478.30ms, mfu 1.71%
iter 4830: loss 1.3550, time 477.16ms, mfu 1.71%
iter 4840: loss 1.3627, time 478.67ms, mfu 1.71%
iter 4850: loss 1.3797, time 477.49ms, mfu 1.71%
iter 4860: loss 1.3323, time 478.74ms, mfu 1.71%
iter 4870: loss 1.3312, time 479.56ms, mfu 1.71%
iter 4880: loss 1.3531, time 477.90ms, mfu 1.71%
iter 4890: loss 1.3456, time 480.66ms, mfu 1.71%
iter 4900: loss 1.3548, time 482.44ms, mfu 1.71%
iter 4910: loss 1.3942, time 480.15ms, mfu 1.71%
iter 4920: loss 1.3865, time 480.03ms, mfu 1.71%
iter 4930: loss 1.3161, time 478.26ms, mfu 1.71%
iter 4940: loss 1.3490, time 481.21ms, mfu 1.71%
iter 4950: loss 1.3726, time 477.68ms, mfu 1.71%
iter 4960: loss 1.3454, time 478.60ms, mfu 1.71%
iter 4970: loss 1.3419, time 479.01ms, mfu 1.71%
iter 4980: loss 1.3402, time 479.62ms, mfu 1.71%
iter 4990: loss 1.3496, time 478.24ms, mfu 1.71%
step 5000: train loss 1.2345, val loss 1.5169
saving checkpoint to /net/scratch2/junyuren/nanoGPT-manifold/out-phase2.5-stable-rank
iter 5000: loss 1.3413, time 5040.36ms, mfu 1.55%
iter 5010: loss 1.3247, time 483.00ms, mfu 1.57%
iter 5020: loss 1.3118, time 478.92ms, mfu 1.58%
iter 5030: loss 1.3677, time 479.39ms, mfu 1.59%
iter 5040: loss 1.3282, time 479.42ms, mfu 1.61%
iter 5050: loss 1.3342, time 479.72ms, mfu 1.62%
iter 5060: loss 1.3367, time 479.06ms, mfu 1.63%
iter 5070: loss 1.3565, time 477.02ms, mfu 1.63%
iter 5080: loss 1.3403, time 480.83ms, mfu 1.64%
iter 5090: loss 1.3350, time 479.94ms, mfu 1.65%
iter 5100: loss 1.3245, time 478.40ms, mfu 1.65%
iter 5110: loss 1.3402, time 479.64ms, mfu 1.66%
iter 5120: loss 1.3266, time 478.30ms, mfu 1.66%
iter 5130: loss 1.3396, time 480.41ms, mfu 1.67%
iter 5140: loss 1.3450, time 479.79ms, mfu 1.67%
iter 5150: loss 1.3515, time 479.17ms, mfu 1.68%
iter 5160: loss 1.3746, time 479.59ms, mfu 1.68%
iter 5170: loss 1.3434, time 479.60ms, mfu 1.68%
iter 5180: loss 1.3520, time 478.30ms, mfu 1.68%
iter 5190: loss 1.3737, time 478.96ms, mfu 1.69%
iter 5200: loss 1.3521, time 479.15ms, mfu 1.69%
iter 5210: loss 1.3048, time 478.35ms, mfu 1.69%
iter 5220: loss 1.3648, time 477.64ms, mfu 1.69%
iter 5230: loss 1.3261, time 480.99ms, mfu 1.69%
iter 5240: loss 1.3271, time 477.99ms, mfu 1.70%
iter 5250: loss 1.3422, time 482.95ms, mfu 1.70%
iter 5260: loss 1.3401, time 479.49ms, mfu 1.70%
iter 5270: loss 1.3520, time 479.52ms, mfu 1.70%
iter 5280: loss 1.3317, time 477.99ms, mfu 1.70%
iter 5290: loss 1.3346, time 479.82ms, mfu 1.70%
iter 5300: loss 1.3419, time 478.98ms, mfu 1.70%
iter 5310: loss 1.3452, time 478.43ms, mfu 1.70%
iter 5320: loss 1.3184, time 474.97ms, mfu 1.70%
iter 5330: loss 1.3379, time 478.93ms, mfu 1.70%
iter 5340: loss 1.3268, time 480.05ms, mfu 1.70%
iter 5350: loss 1.3662, time 479.56ms, mfu 1.71%
iter 5360: loss 1.3695, time 478.73ms, mfu 1.71%
iter 5370: loss 1.3694, time 480.23ms, mfu 1.71%
iter 5380: loss 1.3305, time 479.09ms, mfu 1.71%
iter 5390: loss 1.3556, time 500.82ms, mfu 1.70%
iter 5400: loss 1.3597, time 480.58ms, mfu 1.70%
iter 5410: loss 1.3623, time 479.66ms, mfu 1.70%
iter 5420: loss 1.3608, time 481.90ms, mfu 1.70%
iter 5430: loss 1.3188, time 479.34ms, mfu 1.70%
iter 5440: loss 1.3395, time 479.95ms, mfu 1.70%
iter 5450: loss 1.3760, time 480.84ms, mfu 1.70%
iter 5460: loss 1.3551, time 478.91ms, mfu 1.70%
iter 5470: loss 1.3315, time 478.36ms, mfu 1.70%
iter 5480: loss 1.3319, time 479.12ms, mfu 1.70%
iter 5490: loss 1.3399, time 480.12ms, mfu 1.70%
step 5500: train loss 1.2146, val loss 1.5183
saving checkpoint to /net/scratch2/junyuren/nanoGPT-manifold/out-phase2.5-stable-rank
iter 5500: loss 1.3144, time 4996.80ms, mfu 1.55%
iter 5510: loss 1.3365, time 478.93ms, mfu 1.57%
iter 5520: loss 1.3342, time 478.94ms, mfu 1.58%
iter 5530: loss 1.3407, time 478.87ms, mfu 1.59%
iter 5540: loss 1.3138, time 479.28ms, mfu 1.60%
iter 5550: loss 1.3311, time 478.74ms, mfu 1.62%
iter 5560: loss 1.3480, time 476.30ms, mfu 1.63%
iter 5570: loss 1.3608, time 479.57ms, mfu 1.63%
iter 5580: loss 1.2923, time 478.48ms, mfu 1.64%
iter 5590: loss 1.3385, time 479.63ms, mfu 1.65%
iter 5600: loss 1.3287, time 479.25ms, mfu 1.65%
iter 5610: loss 1.3292, time 479.34ms, mfu 1.66%
iter 5620: loss 1.3500, time 480.05ms, mfu 1.66%
iter 5630: loss 1.2995, time 478.82ms, mfu 1.67%
iter 5640: loss 1.3194, time 480.40ms, mfu 1.67%
iter 5650: loss 1.3573, time 481.71ms, mfu 1.67%
iter 5660: loss 1.3178, time 478.73ms, mfu 1.68%
iter 5670: loss 1.3020, time 476.39ms, mfu 1.68%
iter 5680: loss 1.3414, time 477.78ms, mfu 1.69%
iter 5690: loss 1.3114, time 478.25ms, mfu 1.69%
iter 5700: loss 1.3519, time 481.18ms, mfu 1.69%
iter 5710: loss 1.3381, time 480.60ms, mfu 1.69%
iter 5720: loss 1.2763, time 481.76ms, mfu 1.69%
iter 5730: loss 1.3500, time 479.27ms, mfu 1.69%
iter 5740: loss 1.3606, time 480.32ms, mfu 1.69%
iter 5750: loss 1.3188, time 480.41ms, mfu 1.70%
iter 5760: loss 1.3410, time 482.78ms, mfu 1.70%
iter 5770: loss 1.3071, time 482.80ms, mfu 1.70%
iter 5780: loss 1.3450, time 480.48ms, mfu 1.70%
iter 5790: loss 1.3411, time 480.06ms, mfu 1.70%
iter 5800: loss 1.3146, time 480.28ms, mfu 1.70%
iter 5810: loss 1.3046, time 481.53ms, mfu 1.70%
iter 5820: loss 1.3266, time 480.71ms, mfu 1.70%
iter 5830: loss 1.3185, time 481.36ms, mfu 1.70%
iter 5840: loss 1.3608, time 480.26ms, mfu 1.70%
iter 5850: loss 1.3096, time 480.82ms, mfu 1.70%
iter 5860: loss 1.3098, time 480.19ms, mfu 1.70%
iter 5870: loss 1.2680, time 480.12ms, mfu 1.70%
iter 5880: loss 1.3030, time 480.93ms, mfu 1.70%
iter 5890: loss 1.3227, time 479.79ms, mfu 1.70%
iter 5900: loss 1.3171, time 481.01ms, mfu 1.70%
iter 5910: loss 1.3121, time 480.61ms, mfu 1.70%
iter 5920: loss 1.3033, time 480.85ms, mfu 1.70%
iter 5930: loss 1.3291, time 479.65ms, mfu 1.70%
iter 5940: loss 1.3224, time 478.81ms, mfu 1.70%
iter 5950: loss 1.2715, time 479.33ms, mfu 1.70%
iter 5960: loss 1.3598, time 479.84ms, mfu 1.70%
iter 5970: loss 1.3392, time 479.50ms, mfu 1.70%
iter 5980: loss 1.3007, time 478.75ms, mfu 1.70%
iter 5990: loss 1.2836, time 479.43ms, mfu 1.70%
step 6000: train loss 1.1935, val loss 1.5086
saving checkpoint to /net/scratch2/junyuren/nanoGPT-manifold/out-phase2.5-stable-rank
iter 6000: loss 1.3290, time 5009.94ms, mfu 1.55%
iter 6010: loss 1.3077, time 479.20ms, mfu 1.57%
iter 6020: loss 1.3046, time 481.97ms, mfu 1.58%
iter 6030: loss 1.3003, time 479.45ms, mfu 1.59%
iter 6040: loss 1.3445, time 480.47ms, mfu 1.60%
iter 6050: loss 1.2905, time 481.31ms, mfu 1.61%
iter 6060: loss 1.3311, time 575.38ms, mfu 1.59%
iter 6070: loss 1.3399, time 479.63ms, mfu 1.61%
iter 6080: loss 1.3066, time 479.70ms, mfu 1.62%
iter 6090: loss 1.3069, time 479.49ms, mfu 1.62%
iter 6100: loss 1.3129, time 480.68ms, mfu 1.63%
iter 6110: loss 1.3117, time 480.69ms, mfu 1.64%
iter 6120: loss 1.3044, time 480.05ms, mfu 1.65%
iter 6130: loss 1.2937, time 481.05ms, mfu 1.65%
iter 6140: loss 1.3293, time 481.16ms, mfu 1.66%
iter 6150: loss 1.2848, time 482.58ms, mfu 1.66%
iter 6160: loss 1.2974, time 479.96ms, mfu 1.67%
iter 6170: loss 1.2953, time 480.80ms, mfu 1.67%
iter 6180: loss 1.2899, time 479.57ms, mfu 1.67%
iter 6190: loss 1.2860, time 480.04ms, mfu 1.68%
iter 6200: loss 1.3381, time 481.08ms, mfu 1.68%
iter 6210: loss 1.3074, time 478.88ms, mfu 1.68%
iter 6220: loss 1.3163, time 482.34ms, mfu 1.68%
iter 6230: loss 1.3301, time 478.32ms, mfu 1.69%
iter 6240: loss 1.2884, time 480.15ms, mfu 1.69%
iter 6250: loss 1.2999, time 478.80ms, mfu 1.69%
iter 6260: loss 1.3036, time 480.59ms, mfu 1.69%
iter 6270: loss 1.3125, time 480.62ms, mfu 1.69%
iter 6280: loss 1.3204, time 479.56ms, mfu 1.69%
iter 6290: loss 1.3525, time 479.06ms, mfu 1.70%
iter 6300: loss 1.2883, time 477.70ms, mfu 1.70%
iter 6310: loss 1.3076, time 482.37ms, mfu 1.70%
iter 6320: loss 1.3224, time 479.66ms, mfu 1.70%
iter 6330: loss 1.3129, time 480.55ms, mfu 1.70%
iter 6340: loss 1.2777, time 481.06ms, mfu 1.70%
iter 6350: loss 1.2933, time 478.37ms, mfu 1.70%
iter 6360: loss 1.3218, time 478.61ms, mfu 1.70%
iter 6370: loss 1.2868, time 479.18ms, mfu 1.70%
iter 6380: loss 1.3166, time 480.31ms, mfu 1.70%
iter 6390: loss 1.2940, time 478.07ms, mfu 1.70%
iter 6400: loss 1.3413, time 479.81ms, mfu 1.70%
iter 6410: loss 1.2837, time 496.33ms, mfu 1.70%
iter 6420: loss 1.3136, time 481.97ms, mfu 1.70%
iter 6430: loss 1.3029, time 478.72ms, mfu 1.70%
iter 6440: loss 1.2859, time 478.95ms, mfu 1.70%
iter 6450: loss 1.3121, time 477.74ms, mfu 1.70%
iter 6460: loss 1.2923, time 479.95ms, mfu 1.70%
iter 6470: loss 1.2687, time 480.19ms, mfu 1.70%
iter 6480: loss 1.3084, time 480.68ms, mfu 1.70%
iter 6490: loss 1.3041, time 479.67ms, mfu 1.70%
step 6500: train loss 1.1753, val loss 1.4994
saving checkpoint to /net/scratch2/junyuren/nanoGPT-manifold/out-phase2.5-stable-rank
iter 6500: loss 1.2852, time 5052.93ms, mfu 1.55%
iter 6510: loss 1.3022, time 555.29ms, mfu 1.54%
iter 6520: loss 1.3007, time 478.50ms, mfu 1.56%
iter 6530: loss 1.3104, time 480.63ms, mfu 1.57%
iter 6540: loss 1.3269, time 533.65ms, mfu 1.57%
iter 6550: loss 1.3107, time 478.73ms, mfu 1.58%
iter 6560: loss 1.3104, time 477.86ms, mfu 1.60%
iter 6570: loss 1.3085, time 478.55ms, mfu 1.61%
iter 6580: loss 1.3015, time 478.72ms, mfu 1.62%
iter 6590: loss 1.2949, time 478.83ms, mfu 1.63%
iter 6600: loss 1.3306, time 481.77ms, mfu 1.63%
iter 6610: loss 1.3030, time 476.29ms, mfu 1.64%
iter 6620: loss 1.3055, time 476.38ms, mfu 1.65%
iter 6630: loss 1.3197, time 479.00ms, mfu 1.66%
iter 6640: loss 1.2535, time 480.84ms, mfu 1.66%
iter 6650: loss 1.2900, time 479.23ms, mfu 1.67%
iter 6660: loss 1.3086, time 480.54ms, mfu 1.67%
iter 6670: loss 1.2851, time 479.61ms, mfu 1.67%
iter 6680: loss 1.2793, time 480.39ms, mfu 1.68%
iter 6690: loss 1.2928, time 479.59ms, mfu 1.68%
iter 6700: loss 1.3092, time 480.28ms, mfu 1.68%
iter 6710: loss 1.2874, time 478.79ms, mfu 1.68%
iter 6720: loss 1.3034, time 482.03ms, mfu 1.69%
iter 6730: loss 1.2787, time 480.01ms, mfu 1.69%
iter 6740: loss 1.3045, time 478.99ms, mfu 1.69%
iter 6750: loss 1.2616, time 478.48ms, mfu 1.69%
iter 6760: loss 1.2931, time 480.51ms, mfu 1.69%
iter 6770: loss 1.2924, time 479.96ms, mfu 1.69%
iter 6780: loss 1.3000, time 477.14ms, mfu 1.70%
iter 6790: loss 1.2923, time 480.26ms, mfu 1.70%
iter 6800: loss 1.2945, time 478.88ms, mfu 1.70%
iter 6810: loss 1.3132, time 477.79ms, mfu 1.70%
iter 6820: loss 1.3183, time 479.64ms, mfu 1.70%
iter 6830: loss 1.2664, time 480.59ms, mfu 1.70%
iter 6840: loss 1.2505, time 479.52ms, mfu 1.70%
iter 6850: loss 1.2809, time 479.70ms, mfu 1.70%
iter 6860: loss 1.2951, time 479.39ms, mfu 1.70%
iter 6870: loss 1.2856, time 478.88ms, mfu 1.70%
iter 6880: loss 1.2804, time 479.30ms, mfu 1.70%
iter 6890: loss 1.2746, time 480.34ms, mfu 1.70%
iter 6900: loss 1.2807, time 477.79ms, mfu 1.70%
iter 6910: loss 1.2931, time 480.98ms, mfu 1.70%
iter 6920: loss 1.2842, time 478.58ms, mfu 1.71%
iter 6930: loss 1.2852, time 479.40ms, mfu 1.71%
iter 6940: loss 1.2910, time 479.98ms, mfu 1.71%
iter 6950: loss 1.2582, time 480.86ms, mfu 1.71%
iter 6960: loss 1.2750, time 479.12ms, mfu 1.71%
iter 6970: loss 1.2803, time 480.86ms, mfu 1.71%
iter 6980: loss 1.2888, time 478.86ms, mfu 1.71%
iter 6990: loss 1.2622, time 479.18ms, mfu 1.71%
step 7000: train loss 1.1604, val loss 1.4971
saving checkpoint to /net/scratch2/junyuren/nanoGPT-manifold/out-phase2.5-stable-rank
iter 7000: loss 1.2793, time 5037.15ms, mfu 1.55%
iter 7010: loss 1.2965, time 479.36ms, mfu 1.57%
iter 7020: loss 1.2673, time 479.63ms, mfu 1.58%
iter 7030: loss 1.2875, time 478.40ms, mfu 1.59%
iter 7040: loss 1.2421, time 478.78ms, mfu 1.61%
iter 7050: loss 1.2750, time 480.35ms, mfu 1.62%
iter 7060: loss 1.3018, time 479.20ms, mfu 1.62%
iter 7070: loss 1.2610, time 478.66ms, mfu 1.63%
iter 7080: loss 1.2746, time 481.82ms, mfu 1.64%
iter 7090: loss 1.2876, time 477.23ms, mfu 1.65%
iter 7100: loss 1.2508, time 478.63ms, mfu 1.65%
iter 7110: loss 1.2954, time 478.14ms, mfu 1.66%
iter 7120: loss 1.2877, time 476.20ms, mfu 1.67%
iter 7130: loss 1.2798, time 479.53ms, mfu 1.67%
iter 7140: loss 1.2845, time 478.98ms, mfu 1.67%
iter 7150: loss 1.2864, time 486.52ms, mfu 1.67%
iter 7160: loss 1.2832, time 481.36ms, mfu 1.68%
iter 7170: loss 1.2580, time 480.32ms, mfu 1.68%
iter 7180: loss 1.2884, time 477.57ms, mfu 1.68%
iter 7190: loss 1.2829, time 479.81ms, mfu 1.69%
iter 7200: loss 1.2855, time 477.37ms, mfu 1.69%
iter 7210: loss 1.2676, time 480.15ms, mfu 1.69%
iter 7220: loss 1.2730, time 476.73ms, mfu 1.69%
iter 7230: loss 1.2865, time 476.90ms, mfu 1.70%
iter 7240: loss 1.2967, time 479.46ms, mfu 1.70%
iter 7250: loss 1.2537, time 477.65ms, mfu 1.70%
iter 7260: loss 1.2574, time 480.77ms, mfu 1.70%
iter 7270: loss 1.2615, time 480.45ms, mfu 1.70%
iter 7280: loss 1.2933, time 479.87ms, mfu 1.70%
iter 7290: loss 1.2611, time 479.64ms, mfu 1.70%
iter 7300: loss 1.2842, time 479.25ms, mfu 1.70%
iter 7310: loss 1.3022, time 478.03ms, mfu 1.70%
iter 7320: loss 1.2913, time 479.57ms, mfu 1.70%
iter 7330: loss 1.2896, time 478.84ms, mfu 1.70%
iter 7340: loss 1.2800, time 480.08ms, mfu 1.70%
iter 7350: loss 1.2528, time 479.82ms, mfu 1.70%
iter 7360: loss 1.2612, time 479.31ms, mfu 1.70%
iter 7370: loss 1.2721, time 478.59ms, mfu 1.70%
iter 7380: loss 1.2798, time 480.58ms, mfu 1.70%
iter 7390: loss 1.2411, time 479.64ms, mfu 1.71%
iter 7400: loss 1.2917, time 478.50ms, mfu 1.71%
iter 7410: loss 1.2959, time 479.19ms, mfu 1.71%
iter 7420: loss 1.2984, time 481.06ms, mfu 1.71%
iter 7430: loss 1.2555, time 478.15ms, mfu 1.71%
iter 7440: loss 1.2567, time 479.74ms, mfu 1.71%
iter 7450: loss 1.2754, time 479.71ms, mfu 1.71%
iter 7460: loss 1.2900, time 476.76ms, mfu 1.71%
iter 7470: loss 1.2670, time 479.46ms, mfu 1.71%
iter 7480: loss 1.2576, time 479.62ms, mfu 1.71%
iter 7490: loss 1.2702, time 479.92ms, mfu 1.71%
step 7500: train loss 1.1492, val loss 1.4877
saving checkpoint to /net/scratch2/junyuren/nanoGPT-manifold/out-phase2.5-stable-rank
iter 7500: loss 1.2725, time 5047.35ms, mfu 1.55%
iter 7510: loss 1.2714, time 479.87ms, mfu 1.57%
iter 7520: loss 1.2616, time 480.36ms, mfu 1.58%
iter 7530: loss 1.2843, time 479.77ms, mfu 1.59%
iter 7540: loss 1.2979, time 480.30ms, mfu 1.61%
iter 7550: loss 1.2690, time 478.91ms, mfu 1.62%
iter 7560: loss 1.2810, time 480.24ms, mfu 1.62%
iter 7570: loss 1.2696, time 480.70ms, mfu 1.63%
iter 7580: loss 1.2754, time 479.87ms, mfu 1.64%
iter 7590: loss 1.2963, time 480.76ms, mfu 1.65%
iter 7600: loss 1.2800, time 478.93ms, mfu 1.65%
iter 7610: loss 1.2575, time 480.16ms, mfu 1.66%
iter 7620: loss 1.2713, time 479.50ms, mfu 1.66%
iter 7630: loss 1.2478, time 479.45ms, mfu 1.67%
iter 7640: loss 1.2759, time 479.52ms, mfu 1.67%
iter 7650: loss 1.2681, time 477.72ms, mfu 1.68%
iter 7660: loss 1.2544, time 480.13ms, mfu 1.68%
iter 7670: loss 1.2656, time 479.67ms, mfu 1.68%
iter 7680: loss 1.2520, time 481.55ms, mfu 1.68%
iter 7690: loss 1.2992, time 480.31ms, mfu 1.69%
iter 7700: loss 1.2877, time 479.52ms, mfu 1.69%
iter 7710: loss 1.2920, time 480.32ms, mfu 1.69%
iter 7720: loss 1.2795, time 479.48ms, mfu 1.69%
iter 7730: loss 1.2852, time 478.07ms, mfu 1.69%
iter 7740: loss 1.2523, time 479.80ms, mfu 1.69%
iter 7750: loss 1.2637, time 480.84ms, mfu 1.70%
iter 7760: loss 1.2235, time 479.95ms, mfu 1.70%
iter 7770: loss 1.2408, time 479.86ms, mfu 1.70%
iter 7780: loss 1.2615, time 479.51ms, mfu 1.70%
iter 7790: loss 1.2755, time 479.33ms, mfu 1.70%
iter 7800: loss 1.2288, time 479.61ms, mfu 1.70%
iter 7810: loss 1.2584, time 479.89ms, mfu 1.70%
iter 7820: loss 1.2791, time 478.07ms, mfu 1.70%
iter 7830: loss 1.2783, time 479.68ms, mfu 1.70%
iter 7840: loss 1.2697, time 479.73ms, mfu 1.70%
iter 7850: loss 1.2583, time 479.88ms, mfu 1.70%
iter 7860: loss 1.2642, time 479.80ms, mfu 1.70%
iter 7870: loss 1.2959, time 479.42ms, mfu 1.70%
iter 7880: loss 1.2777, time 479.39ms, mfu 1.70%
iter 7890: loss 1.2620, time 481.03ms, mfu 1.70%
iter 7900: loss 1.2394, time 480.71ms, mfu 1.70%
iter 7910: loss 1.2511, time 481.43ms, mfu 1.70%
iter 7920: loss 1.2811, time 480.98ms, mfu 1.70%
iter 7930: loss 1.2617, time 479.36ms, mfu 1.70%
iter 7940: loss 1.2740, time 480.40ms, mfu 1.70%
iter 7950: loss 1.2513, time 479.68ms, mfu 1.70%
iter 7960: loss 1.2363, time 480.03ms, mfu 1.70%
iter 7970: loss 1.2481, time 481.13ms, mfu 1.70%
iter 7980: loss 1.2636, time 478.71ms, mfu 1.70%
iter 7990: loss 1.2609, time 479.66ms, mfu 1.70%
step 8000: train loss 1.1324, val loss 1.4883
saving checkpoint to /net/scratch2/junyuren/nanoGPT-manifold/out-phase2.5-stable-rank
iter 8000: loss 1.2629, time 5005.03ms, mfu 1.55%
iter 8010: loss 1.2837, time 478.12ms, mfu 1.57%
iter 8020: loss 1.2470, time 478.77ms, mfu 1.58%
iter 8030: loss 1.2772, time 479.39ms, mfu 1.59%
iter 8040: loss 1.2739, time 479.47ms, mfu 1.61%
iter 8050: loss 1.2649, time 478.48ms, mfu 1.62%
iter 8060: loss 1.2541, time 481.26ms, mfu 1.62%
iter 8070: loss 1.2677, time 478.58ms, mfu 1.63%
iter 8080: loss 1.2713, time 476.99ms, mfu 1.64%
iter 8090: loss 1.2785, time 480.70ms, mfu 1.65%
iter 8100: loss 1.2599, time 478.73ms, mfu 1.65%
iter 8110: loss 1.2530, time 479.00ms, mfu 1.66%
iter 8120: loss 1.2595, time 481.61ms, mfu 1.66%
iter 8130: loss 1.2747, time 480.31ms, mfu 1.67%
iter 8140: loss 1.2764, time 479.03ms, mfu 1.67%
iter 8150: loss 1.2657, time 478.66ms, mfu 1.68%
iter 8160: loss 1.2610, time 479.34ms, mfu 1.68%
iter 8170: loss 1.2527, time 481.37ms, mfu 1.68%
iter 8180: loss 1.2601, time 480.69ms, mfu 1.68%
iter 8190: loss 1.2650, time 479.79ms, mfu 1.69%
iter 8200: loss 1.2308, time 479.83ms, mfu 1.69%
