Overriding config with config/phase2.5_lr4x.py:
# Phase 2.5 LR Sweep: 4× multiplier (.004)
# Base: stable_rank_x2 (r=48,20, scale=4.63,10.14)

out_dir = '/net/scratch2/junyuren/nanoGPT-manifold/out-phase2.5-lr4x'
eval_interval = 500
eval_iters = 200
log_interval = 10
always_save_checkpoint = True

wandb_log = False
wandb_project = 'nanogpt-manifold'
wandb_run_name = 'phase2.5-lr4x'

dataset = 'shakespeare_char'
gradient_accumulation_steps = 1
batch_size = 64
block_size = 256

n_layer = 6
n_head = 6
n_embd = 384
dropout = 0.2
bias = False

learning_rate = 1e-3
max_iters = 15000
lr_decay_iters = 15000
min_lr = 1e-4
weight_decay = 1e-1
beta1 = 0.9
beta2 = 0.99
grad_clip = 1.0

decay_lr = True
warmup_iters = 100

use_grassmann = True
grassmann_phase = 'phase2.5'

grass_rank_c_attn = 48
grass_rank_mlp_fc = 20
grass_scale_c_attn = 4.6293
grass_scale_mlp_fc = 10.1372

grass_rank = 48
grass_lr = .004  # 4× multiplier
grass_a = 1.0
grass_b = 0.0
grass_alpha = 0.01
grass_steps = 10
grass_tol = 1e-6

device = 'cuda'
dtype = 'bfloat16'
compile = True

tokens per iteration will be: 16,384
found vocab_size = 65 (inside data/shakespeare_char/meta.pkl)
Initializing a new model from scratch
number of parameters: 10.65M

=== Phase phase2.5 Grassmann Configuration ===
  Variant .5: attn.c_proj uses AdamW (not Grassmann)

Per-block configuration (6 blocks):
  c_attn ranks:       [48, 48, 48, 48, 48, 48]
  c_attn scales:      ['4.63', '4.63', '4.63', '4.63', '4.63', '4.63']
  mlp.c_fc ranks:     [20, 20, 20, 20, 20, 20]
  mlp.c_fc scales:    ['10.14', '10.14', '10.14', '10.14', '10.14', '10.14']
Grassmann Muon parameters: 6 weight matrices, 3,538,944 params
AdamW decay parameters: 20 tensors, 7,201,152 params
AdamW no-decay parameters: 13 tensors, 4,992 params
  transformer.h.0.mlp.c_fc.weight: k=4, G_{1.0,0.0,20}, lr=0.008, scale=10.1372, type=vertical
  transformer.h.1.mlp.c_fc.weight: k=4, G_{1.0,0.0,20}, lr=0.008, scale=10.1372, type=vertical
  transformer.h.2.mlp.c_fc.weight: k=4, G_{1.0,0.0,20}, lr=0.008, scale=10.1372, type=vertical
  transformer.h.3.mlp.c_fc.weight: k=4, G_{1.0,0.0,20}, lr=0.008, scale=10.1372, type=vertical
  transformer.h.4.mlp.c_fc.weight: k=4, G_{1.0,0.0,20}, lr=0.008, scale=10.1372, type=vertical
  transformer.h.5.mlp.c_fc.weight: k=4, G_{1.0,0.0,20}, lr=0.008, scale=10.1372, type=vertical
using fused AdamW: True

=== Initializing Grassmann Weights (Block Decomposition) ===
Number of weight types to initialize: 6

Initializing mlp.c_fc.: k=4, G_{1.0,0.0,20}, type=vertical
  Initialized transformer.h.0.mlp.c_fc.weight (1536, 384) as 4 blocks of (384, 384) on G_{1.0,0.0,20}
  Initialized transformer.h.1.mlp.c_fc.weight (1536, 384) as 4 blocks of (384, 384) on G_{1.0,0.0,20}
  Initialized transformer.h.2.mlp.c_fc.weight (1536, 384) as 4 blocks of (384, 384) on G_{1.0,0.0,20}
  Initialized transformer.h.3.mlp.c_fc.weight (1536, 384) as 4 blocks of (384, 384) on G_{1.0,0.0,20}
  Initialized transformer.h.4.mlp.c_fc.weight (1536, 384) as 4 blocks of (384, 384) on G_{1.0,0.0,20}
  Initialized transformer.h.5.mlp.c_fc.weight (1536, 384) as 4 blocks of (384, 384) on G_{1.0,0.0,20}

Initializing transformer.h.1.mlp.c_fc.: k=4, G_{1.0,0.0,20}, type=vertical
  Initialized transformer.h.1.mlp.c_fc.weight (1536, 384) as 4 blocks of (384, 384) on G_{1.0,0.0,20}

Initializing transformer.h.2.mlp.c_fc.: k=4, G_{1.0,0.0,20}, type=vertical
  Initialized transformer.h.2.mlp.c_fc.weight (1536, 384) as 4 blocks of (384, 384) on G_{1.0,0.0,20}

Initializing transformer.h.3.mlp.c_fc.: k=4, G_{1.0,0.0,20}, type=vertical
  Initialized transformer.h.3.mlp.c_fc.weight (1536, 384) as 4 blocks of (384, 384) on G_{1.0,0.0,20}

Initializing transformer.h.4.mlp.c_fc.: k=4, G_{1.0,0.0,20}, type=vertical
  Initialized transformer.h.4.mlp.c_fc.weight (1536, 384) as 4 blocks of (384, 384) on G_{1.0,0.0,20}

Initializing transformer.h.5.mlp.c_fc.: k=4, G_{1.0,0.0,20}, type=vertical
  Initialized transformer.h.5.mlp.c_fc.weight (1536, 384) as 4 blocks of (384, 384) on G_{1.0,0.0,20}

Grassmann block initialization complete.

=== Setting up component-specific dropout ===
AdamW components: dropout = 0.2
Grassmann components: dropout = 0.1
Component-specific dropout setup complete.

=== Setting up norm-preserving scaling (Phase phase2.5) ===
  Added frozen 0.5×I scaling after mlp.c_fc (device=cuda:0)
  Added frozen 0.5×I scaling after mlp.c_fc (device=cuda:0)
  Added frozen 0.5×I scaling after mlp.c_fc (device=cuda:0)
  Added frozen 0.5×I scaling after mlp.c_fc (device=cuda:0)
  Added frozen 0.5×I scaling after mlp.c_fc (device=cuda:0)
  Added frozen 0.5×I scaling after mlp.c_fc (device=cuda:0)
Norm-preserving scaling setup complete.
compiling the model... (takes a ~minute)
step 0: train loss 4.3558, val loss 4.3521
iter 0: loss 4.3465, time 13423.86ms, mfu -100.00%
iter 10: loss 3.3617, time 611.37ms, mfu 1.34%
iter 20: loss 3.1180, time 471.95ms, mfu 1.38%
iter 30: loss 2.7673, time 475.78ms, mfu 1.41%
iter 40: loss 2.6133, time 482.28ms, mfu 1.44%
iter 50: loss 2.5545, time 487.57ms, mfu 1.47%
iter 60: loss 2.5504, time 482.89ms, mfu 1.49%
iter 70: loss 2.5288, time 489.28ms, mfu 1.51%
iter 80: loss 2.5026, time 486.15ms, mfu 1.52%
iter 90: loss 2.4958, time 489.17ms, mfu 1.54%
iter 100: loss 2.5104, time 489.07ms, mfu 1.55%
iter 110: loss 2.4611, time 491.14ms, mfu 1.56%
iter 120: loss 2.4686, time 493.93ms, mfu 1.57%
iter 130: loss 2.4506, time 486.76ms, mfu 1.58%
iter 140: loss 2.4467, time 490.05ms, mfu 1.59%
iter 150: loss 2.4336, time 494.14ms, mfu 1.60%
iter 160: loss 2.4278, time 490.77ms, mfu 1.61%
iter 170: loss 2.4025, time 490.91ms, mfu 1.61%
iter 180: loss 2.3986, time 491.77ms, mfu 1.62%
iter 190: loss 2.3671, time 491.32ms, mfu 1.62%
iter 200: loss 2.3669, time 486.38ms, mfu 1.63%
iter 210: loss 2.3645, time 489.69ms, mfu 1.63%
iter 220: loss 2.3362, time 488.25ms, mfu 1.64%
iter 230: loss 2.3250, time 488.45ms, mfu 1.64%
iter 240: loss 2.2280, time 488.90ms, mfu 1.64%
iter 250: loss 2.2397, time 490.29ms, mfu 1.65%
iter 260: loss 2.2141, time 489.03ms, mfu 1.65%
iter 270: loss 2.1965, time 487.87ms, mfu 1.65%
iter 280: loss 2.1837, time 493.03ms, mfu 1.65%
iter 290: loss 2.1399, time 489.01ms, mfu 1.66%
iter 300: loss 2.1577, time 490.98ms, mfu 1.66%
iter 310: loss 2.1096, time 488.38ms, mfu 1.66%
iter 320: loss 2.0813, time 489.08ms, mfu 1.66%
iter 330: loss 2.0649, time 488.16ms, mfu 1.66%
iter 340: loss 2.0394, time 490.64ms, mfu 1.66%
iter 350: loss 2.0583, time 488.59ms, mfu 1.66%
iter 360: loss 2.0740, time 488.72ms, mfu 1.66%
iter 370: loss 2.0117, time 489.74ms, mfu 1.67%
iter 380: loss 2.0087, time 490.27ms, mfu 1.67%
iter 390: loss 2.0442, time 489.19ms, mfu 1.67%
iter 400: loss 2.0061, time 490.91ms, mfu 1.67%
iter 410: loss 2.0195, time 492.08ms, mfu 1.67%
iter 420: loss 1.9693, time 490.81ms, mfu 1.67%
iter 430: loss 1.9359, time 490.03ms, mfu 1.67%
iter 440: loss 1.9570, time 488.85ms, mfu 1.67%
iter 450: loss 1.9473, time 489.83ms, mfu 1.67%
iter 460: loss 1.9383, time 491.88ms, mfu 1.67%
iter 470: loss 1.9372, time 490.24ms, mfu 1.67%
iter 480: loss 1.9143, time 490.19ms, mfu 1.67%
iter 490: loss 1.9204, time 492.08ms, mfu 1.67%
step 500: train loss 1.7758, val loss 1.9227
saving checkpoint to /net/scratch2/junyuren/nanoGPT-manifold/out-phase2.5-lr4x
iter 500: loss 1.9280, time 8235.66ms, mfu 1.51%
iter 510: loss 1.9086, time 490.90ms, mfu 1.53%
iter 520: loss 1.8710, time 487.21ms, mfu 1.54%
iter 530: loss 1.8662, time 491.02ms, mfu 1.55%
iter 540: loss 1.8754, time 490.15ms, mfu 1.57%
iter 550: loss 1.8717, time 493.16ms, mfu 1.58%
iter 560: loss 1.8606, time 489.95ms, mfu 1.58%
iter 570: loss 1.8558, time 490.49ms, mfu 1.59%
iter 580: loss 1.8193, time 491.48ms, mfu 1.60%
iter 590: loss 1.8369, time 488.53ms, mfu 1.61%
iter 600: loss 1.7871, time 489.21ms, mfu 1.61%
iter 610: loss 1.8205, time 490.89ms, mfu 1.62%
iter 620: loss 1.8065, time 491.97ms, mfu 1.62%
iter 630: loss 1.8461, time 489.25ms, mfu 1.63%
iter 640: loss 1.8202, time 491.35ms, mfu 1.63%
iter 650: loss 1.7873, time 489.27ms, mfu 1.64%
iter 660: loss 1.7914, time 489.89ms, mfu 1.64%
iter 670: loss 1.7815, time 490.37ms, mfu 1.64%
iter 680: loss 1.7864, time 491.39ms, mfu 1.65%
iter 690: loss 1.7772, time 490.92ms, mfu 1.65%
iter 700: loss 1.7857, time 490.25ms, mfu 1.65%
iter 710: loss 1.7957, time 488.32ms, mfu 1.65%
iter 720: loss 1.7480, time 489.46ms, mfu 1.65%
iter 730: loss 1.7581, time 490.48ms, mfu 1.66%
iter 740: loss 1.7616, time 489.31ms, mfu 1.66%
iter 750: loss 1.7707, time 488.77ms, mfu 1.66%
iter 760: loss 1.7319, time 491.00ms, mfu 1.66%
iter 770: loss 1.7566, time 489.39ms, mfu 1.66%
iter 780: loss 1.7236, time 490.23ms, mfu 1.66%
iter 790: loss 1.7297, time 487.19ms, mfu 1.66%
iter 800: loss 1.7186, time 488.51ms, mfu 1.67%
iter 810: loss 1.6899, time 484.39ms, mfu 1.67%
iter 820: loss 1.7264, time 491.19ms, mfu 1.67%
iter 830: loss 1.7487, time 489.14ms, mfu 1.67%
iter 840: loss 1.7405, time 489.66ms, mfu 1.67%
iter 850: loss 1.7120, time 489.39ms, mfu 1.67%
iter 860: loss 1.7013, time 487.70ms, mfu 1.67%
iter 870: loss 1.7018, time 486.77ms, mfu 1.67%
iter 880: loss 1.7439, time 488.50ms, mfu 1.67%
iter 890: loss 1.7217, time 487.08ms, mfu 1.67%
iter 900: loss 1.6801, time 488.22ms, mfu 1.67%
iter 910: loss 1.7105, time 488.35ms, mfu 1.67%
iter 920: loss 1.6615, time 487.85ms, mfu 1.67%
iter 930: loss 1.6909, time 488.21ms, mfu 1.67%
iter 940: loss 1.6894, time 485.52ms, mfu 1.68%
iter 950: loss 1.6855, time 489.38ms, mfu 1.68%
iter 960: loss 1.6763, time 487.56ms, mfu 1.68%
iter 970: loss 1.7002, time 484.44ms, mfu 1.68%
iter 980: loss 1.6653, time 491.23ms, mfu 1.68%
iter 990: loss 1.6672, time 486.06ms, mfu 1.68%
step 1000: train loss 1.5406, val loss 1.7236
saving checkpoint to /net/scratch2/junyuren/nanoGPT-manifold/out-phase2.5-lr4x
iter 1000: loss 1.6548, time 8751.97ms, mfu 1.52%
iter 1010: loss 1.6698, time 488.89ms, mfu 1.53%
iter 1020: loss 1.6135, time 488.71ms, mfu 1.55%
iter 1030: loss 1.6540, time 488.70ms, mfu 1.56%
iter 1040: loss 1.6577, time 488.51ms, mfu 1.57%
iter 1050: loss 1.5955, time 491.22ms, mfu 1.58%
iter 1060: loss 1.6270, time 490.46ms, mfu 1.59%
iter 1070: loss 1.6446, time 488.13ms, mfu 1.60%
iter 1080: loss 1.6577, time 486.72ms, mfu 1.61%
iter 1090: loss 1.6474, time 488.33ms, mfu 1.61%
iter 1100: loss 1.6342, time 487.84ms, mfu 1.62%
iter 1110: loss 1.5979, time 486.03ms, mfu 1.63%
iter 1120: loss 1.6447, time 489.74ms, mfu 1.63%
iter 1130: loss 1.6643, time 489.43ms, mfu 1.64%
iter 1140: loss 1.6135, time 488.98ms, mfu 1.64%
iter 1150: loss 1.5986, time 490.83ms, mfu 1.64%
iter 1160: loss 1.6521, time 490.18ms, mfu 1.65%
iter 1170: loss 1.6369, time 489.23ms, mfu 1.65%
iter 1180: loss 1.5945, time 489.69ms, mfu 1.65%
iter 1190: loss 1.6062, time 489.27ms, mfu 1.65%
iter 1200: loss 1.6251, time 487.97ms, mfu 1.66%
iter 1210: loss 1.6211, time 491.77ms, mfu 1.66%
iter 1220: loss 1.6004, time 488.67ms, mfu 1.66%
iter 1230: loss 1.5774, time 488.65ms, mfu 1.66%
iter 1240: loss 1.6429, time 487.17ms, mfu 1.66%
iter 1250: loss 1.5644, time 488.75ms, mfu 1.66%
iter 1260: loss 1.6099, time 487.76ms, mfu 1.66%
iter 1270: loss 1.6151, time 487.13ms, mfu 1.67%
iter 1280: loss 1.5853, time 488.59ms, mfu 1.67%
iter 1290: loss 1.5910, time 492.44ms, mfu 1.67%
iter 1300: loss 1.5920, time 489.36ms, mfu 1.67%
iter 1310: loss 1.5892, time 488.99ms, mfu 1.67%
iter 1320: loss 1.6131, time 489.67ms, mfu 1.67%
iter 1330: loss 1.5958, time 488.47ms, mfu 1.67%
iter 1340: loss 1.5762, time 489.32ms, mfu 1.67%
iter 1350: loss 1.5531, time 488.34ms, mfu 1.67%
iter 1360: loss 1.5662, time 489.15ms, mfu 1.67%
iter 1370: loss 1.6144, time 487.27ms, mfu 1.67%
iter 1380: loss 1.5765, time 488.97ms, mfu 1.67%
iter 1390: loss 1.5616, time 489.31ms, mfu 1.67%
iter 1400: loss 1.5893, time 490.28ms, mfu 1.67%
iter 1410: loss 1.5610, time 490.62ms, mfu 1.67%
iter 1420: loss 1.5434, time 490.06ms, mfu 1.67%
iter 1430: loss 1.5606, time 487.95ms, mfu 1.67%
iter 1440: loss 1.5420, time 488.97ms, mfu 1.67%
iter 1450: loss 1.5495, time 489.77ms, mfu 1.67%
iter 1460: loss 1.5539, time 488.70ms, mfu 1.67%
iter 1470: loss 1.5201, time 488.89ms, mfu 1.67%
iter 1480: loss 1.5633, time 489.48ms, mfu 1.67%
iter 1490: loss 1.5611, time 488.02ms, mfu 1.67%
step 1500: train loss 1.4326, val loss 1.6361
saving checkpoint to /net/scratch2/junyuren/nanoGPT-manifold/out-phase2.5-lr4x
iter 1500: loss 1.5862, time 6666.61ms, mfu 1.52%
iter 1510: loss 1.5737, time 488.59ms, mfu 1.53%
iter 1520: loss 1.5247, time 487.05ms, mfu 1.55%
iter 1530: loss 1.5246, time 490.01ms, mfu 1.56%
iter 1540: loss 1.5516, time 487.79ms, mfu 1.57%
iter 1550: loss 1.5456, time 490.03ms, mfu 1.58%
iter 1560: loss 1.5450, time 488.00ms, mfu 1.59%
iter 1570: loss 1.4883, time 490.48ms, mfu 1.60%
iter 1580: loss 1.5396, time 489.64ms, mfu 1.61%
iter 1590: loss 1.5152, time 492.99ms, mfu 1.61%
iter 1600: loss 1.5398, time 489.54ms, mfu 1.62%
iter 1610: loss 1.5600, time 487.02ms, mfu 1.62%
iter 1620: loss 1.5437, time 489.55ms, mfu 1.63%
iter 1630: loss 1.5753, time 488.65ms, mfu 1.63%
iter 1640: loss 1.5485, time 490.22ms, mfu 1.64%
iter 1650: loss 1.5173, time 490.91ms, mfu 1.64%
iter 1660: loss 1.5169, time 486.47ms, mfu 1.64%
iter 1670: loss 1.5368, time 487.84ms, mfu 1.65%
iter 1680: loss 1.5472, time 485.55ms, mfu 1.65%
iter 1690: loss 1.5339, time 487.15ms, mfu 1.65%
iter 1700: loss 1.5221, time 488.51ms, mfu 1.66%
iter 1710: loss 1.5548, time 487.67ms, mfu 1.66%
iter 1720: loss 1.5101, time 487.30ms, mfu 1.66%
iter 1730: loss 1.5193, time 487.93ms, mfu 1.66%
iter 1740: loss 1.5165, time 488.84ms, mfu 1.66%
iter 1750: loss 1.5171, time 488.35ms, mfu 1.67%
iter 1760: loss 1.5265, time 489.87ms, mfu 1.67%
iter 1770: loss 1.5243, time 489.02ms, mfu 1.67%
iter 1780: loss 1.5122, time 490.02ms, mfu 1.67%
iter 1790: loss 1.4907, time 489.00ms, mfu 1.67%
iter 1800: loss 1.5015, time 492.01ms, mfu 1.67%
iter 1810: loss 1.5181, time 488.53ms, mfu 1.67%
iter 1820: loss 1.5040, time 490.23ms, mfu 1.67%
iter 1830: loss 1.5075, time 488.35ms, mfu 1.67%
iter 1840: loss 1.4999, time 490.63ms, mfu 1.67%
iter 1850: loss 1.5073, time 490.57ms, mfu 1.67%
iter 1860: loss 1.5066, time 489.88ms, mfu 1.67%
iter 1870: loss 1.4831, time 488.93ms, mfu 1.67%
iter 1880: loss 1.5199, time 489.64ms, mfu 1.67%
iter 1890: loss 1.5139, time 490.34ms, mfu 1.67%
iter 1900: loss 1.4934, time 488.97ms, mfu 1.67%
iter 1910: loss 1.4652, time 488.94ms, mfu 1.67%
iter 1920: loss 1.5038, time 490.63ms, mfu 1.67%
iter 1930: loss 1.5037, time 487.57ms, mfu 1.67%
iter 1940: loss 1.4849, time 490.79ms, mfu 1.67%
iter 1950: loss 1.5203, time 487.39ms, mfu 1.67%
iter 1960: loss 1.4672, time 491.39ms, mfu 1.67%
iter 1970: loss 1.4992, time 490.21ms, mfu 1.67%
iter 1980: loss 1.4783, time 488.79ms, mfu 1.67%
iter 1990: loss 1.4692, time 490.88ms, mfu 1.67%
step 2000: train loss 1.3622, val loss 1.5862
saving checkpoint to /net/scratch2/junyuren/nanoGPT-manifold/out-phase2.5-lr4x
iter 2000: loss 1.4941, time 5014.73ms, mfu 1.52%
iter 2010: loss 1.4731, time 490.91ms, mfu 1.54%
iter 2020: loss 1.5118, time 489.23ms, mfu 1.55%
iter 2030: loss 1.4990, time 489.54ms, mfu 1.56%
iter 2040: loss 1.4761, time 489.04ms, mfu 1.57%
iter 2050: loss 1.4755, time 488.85ms, mfu 1.58%
iter 2060: loss 1.4819, time 489.42ms, mfu 1.59%
iter 2070: loss 1.4976, time 488.09ms, mfu 1.60%
iter 2080: loss 1.4650, time 489.05ms, mfu 1.61%
iter 2090: loss 1.4758, time 489.62ms, mfu 1.61%
iter 2100: loss 1.4488, time 488.80ms, mfu 1.62%
iter 2110: loss 1.4447, time 489.32ms, mfu 1.63%
iter 2120: loss 1.4738, time 490.03ms, mfu 1.63%
iter 2130: loss 1.4330, time 489.94ms, mfu 1.63%
iter 2140: loss 1.4313, time 489.49ms, mfu 1.64%
iter 2150: loss 1.4555, time 490.64ms, mfu 1.64%
iter 2160: loss 1.4594, time 488.23ms, mfu 1.64%
iter 2170: loss 1.4565, time 488.87ms, mfu 1.65%
iter 2180: loss 1.4705, time 485.80ms, mfu 1.65%
iter 2190: loss 1.4435, time 489.50ms, mfu 1.65%
iter 2200: loss 1.4765, time 490.84ms, mfu 1.65%
iter 2210: loss 1.4722, time 489.47ms, mfu 1.66%
iter 2220: loss 1.4502, time 490.04ms, mfu 1.66%
iter 2230: loss 1.4490, time 492.83ms, mfu 1.66%
iter 2240: loss 1.4687, time 487.34ms, mfu 1.66%
iter 2250: loss 1.4568, time 488.89ms, mfu 1.66%
iter 2260: loss 1.4095, time 489.89ms, mfu 1.66%
iter 2270: loss 1.4089, time 488.03ms, mfu 1.66%
iter 2280: loss 1.4159, time 490.05ms, mfu 1.66%
iter 2290: loss 1.4450, time 488.33ms, mfu 1.67%
iter 2300: loss 1.4613, time 489.83ms, mfu 1.67%
iter 2310: loss 1.4799, time 488.58ms, mfu 1.67%
iter 2320: loss 1.4645, time 488.05ms, mfu 1.67%
iter 2330: loss 1.4600, time 488.39ms, mfu 1.67%
iter 2340: loss 1.4488, time 490.96ms, mfu 1.67%
iter 2350: loss 1.4626, time 490.12ms, mfu 1.67%
iter 2360: loss 1.4697, time 490.42ms, mfu 1.67%
iter 2370: loss 1.4298, time 490.84ms, mfu 1.67%
iter 2380: loss 1.4547, time 491.60ms, mfu 1.67%
iter 2390: loss 1.4396, time 490.66ms, mfu 1.67%
iter 2400: loss 1.4487, time 492.12ms, mfu 1.67%
iter 2410: loss 1.3940, time 488.79ms, mfu 1.67%
iter 2420: loss 1.4487, time 487.42ms, mfu 1.67%
iter 2430: loss 1.4376, time 489.48ms, mfu 1.67%
iter 2440: loss 1.4394, time 490.02ms, mfu 1.67%
iter 2450: loss 1.4156, time 488.99ms, mfu 1.67%
iter 2460: loss 1.4355, time 488.57ms, mfu 1.67%
iter 2470: loss 1.4460, time 488.75ms, mfu 1.67%
iter 2480: loss 1.4340, time 489.86ms, mfu 1.67%
iter 2490: loss 1.4399, time 489.77ms, mfu 1.67%
step 2500: train loss 1.3290, val loss 1.5543
saving checkpoint to /net/scratch2/junyuren/nanoGPT-manifold/out-phase2.5-lr4x
iter 2500: loss 1.4158, time 5056.27ms, mfu 1.52%
iter 2510: loss 1.4349, time 492.12ms, mfu 1.53%
iter 2520: loss 1.4248, time 491.76ms, mfu 1.55%
iter 2530: loss 1.4156, time 491.40ms, mfu 1.56%
iter 2540: loss 1.4395, time 487.22ms, mfu 1.57%
iter 2550: loss 1.3869, time 488.48ms, mfu 1.58%
iter 2560: loss 1.4387, time 491.58ms, mfu 1.59%
iter 2570: loss 1.4268, time 488.18ms, mfu 1.60%
iter 2580: loss 1.4073, time 491.20ms, mfu 1.61%
iter 2590: loss 1.4198, time 489.86ms, mfu 1.61%
iter 2600: loss 1.4350, time 492.52ms, mfu 1.62%
iter 2610: loss 1.4285, time 491.05ms, mfu 1.62%
iter 2620: loss 1.3902, time 487.96ms, mfu 1.63%
iter 2630: loss 1.4648, time 490.99ms, mfu 1.63%
iter 2640: loss 1.4291, time 490.34ms, mfu 1.64%
iter 2650: loss 1.4219, time 490.90ms, mfu 1.64%
iter 2660: loss 1.4268, time 489.61ms, mfu 1.64%
iter 2670: loss 1.4286, time 489.34ms, mfu 1.65%
iter 2680: loss 1.4233, time 488.72ms, mfu 1.65%
iter 2690: loss 1.4118, time 488.22ms, mfu 1.65%
iter 2700: loss 1.4227, time 488.49ms, mfu 1.65%
iter 2710: loss 1.3886, time 489.77ms, mfu 1.66%
iter 2720: loss 1.4042, time 490.94ms, mfu 1.66%
iter 2730: loss 1.4649, time 490.82ms, mfu 1.66%
iter 2740: loss 1.3879, time 487.87ms, mfu 1.66%
iter 2750: loss 1.4174, time 488.35ms, mfu 1.66%
iter 2760: loss 1.4382, time 491.45ms, mfu 1.66%
iter 2770: loss 1.3719, time 490.64ms, mfu 1.66%
iter 2780: loss 1.4187, time 489.98ms, mfu 1.66%
iter 2790: loss 1.3846, time 491.53ms, mfu 1.66%
iter 2800: loss 1.3984, time 489.19ms, mfu 1.66%
iter 2810: loss 1.4075, time 491.11ms, mfu 1.66%
iter 2820: loss 1.3728, time 487.30ms, mfu 1.67%
iter 2830: loss 1.3713, time 489.46ms, mfu 1.67%
iter 2840: loss 1.4068, time 489.85ms, mfu 1.67%
iter 2850: loss 1.4050, time 491.61ms, mfu 1.67%
iter 2860: loss 1.3954, time 490.61ms, mfu 1.67%
iter 2870: loss 1.3865, time 492.65ms, mfu 1.67%
iter 2880: loss 1.4068, time 490.32ms, mfu 1.67%
iter 2890: loss 1.3689, time 490.36ms, mfu 1.67%
iter 2900: loss 1.4001, time 491.55ms, mfu 1.67%
iter 2910: loss 1.3999, time 489.21ms, mfu 1.67%
iter 2920: loss 1.4151, time 490.50ms, mfu 1.67%
iter 2930: loss 1.3641, time 489.56ms, mfu 1.67%
iter 2940: loss 1.3809, time 492.47ms, mfu 1.67%
iter 2950: loss 1.3928, time 489.96ms, mfu 1.67%
iter 2960: loss 1.3967, time 492.18ms, mfu 1.67%
iter 2970: loss 1.3971, time 492.10ms, mfu 1.67%
iter 2980: loss 1.3957, time 488.95ms, mfu 1.67%
iter 2990: loss 1.3948, time 491.47ms, mfu 1.67%
step 3000: train loss 1.2835, val loss 1.5327
saving checkpoint to /net/scratch2/junyuren/nanoGPT-manifold/out-phase2.5-lr4x
iter 3000: loss 1.3839, time 5016.91ms, mfu 1.52%
iter 3010: loss 1.3899, time 491.16ms, mfu 1.53%
iter 3020: loss 1.3657, time 490.82ms, mfu 1.55%
iter 3030: loss 1.3981, time 491.35ms, mfu 1.56%
iter 3040: loss 1.3728, time 489.20ms, mfu 1.57%
iter 3050: loss 1.3981, time 492.60ms, mfu 1.58%
iter 3060: loss 1.4007, time 489.54ms, mfu 1.59%
iter 3070: loss 1.3801, time 491.18ms, mfu 1.60%
iter 3080: loss 1.3654, time 487.61ms, mfu 1.60%
iter 3090: loss 1.4259, time 493.09ms, mfu 1.61%
iter 3100: loss 1.3638, time 491.24ms, mfu 1.62%
iter 3110: loss 1.3856, time 488.62ms, mfu 1.62%
iter 3120: loss 1.3731, time 492.42ms, mfu 1.63%
iter 3130: loss 1.3813, time 489.52ms, mfu 1.63%
iter 3140: loss 1.3953, time 488.34ms, mfu 1.63%
iter 3150: loss 1.3587, time 492.13ms, mfu 1.64%
iter 3160: loss 1.3550, time 490.54ms, mfu 1.64%
iter 3170: loss 1.3876, time 490.90ms, mfu 1.64%
iter 3180: loss 1.3976, time 492.18ms, mfu 1.65%
iter 3190: loss 1.3651, time 490.32ms, mfu 1.65%
iter 3200: loss 1.3923, time 491.51ms, mfu 1.65%
iter 3210: loss 1.3837, time 490.77ms, mfu 1.65%
iter 3220: loss 1.3840, time 491.94ms, mfu 1.65%
iter 3230: loss 1.3643, time 491.82ms, mfu 1.65%
iter 3240: loss 1.3889, time 489.63ms, mfu 1.66%
iter 3250: loss 1.3586, time 489.35ms, mfu 1.66%
iter 3260: loss 1.3280, time 492.66ms, mfu 1.66%
iter 3270: loss 1.3904, time 494.76ms, mfu 1.66%
iter 3280: loss 1.3638, time 489.66ms, mfu 1.66%
iter 3290: loss 1.3655, time 491.22ms, mfu 1.66%
iter 3300: loss 1.3540, time 490.50ms, mfu 1.66%
iter 3310: loss 1.3973, time 491.66ms, mfu 1.66%
iter 3320: loss 1.3502, time 490.70ms, mfu 1.66%
iter 3330: loss 1.3425, time 494.84ms, mfu 1.66%
iter 3340: loss 1.3494, time 492.74ms, mfu 1.66%
iter 3350: loss 1.3606, time 491.04ms, mfu 1.66%
iter 3360: loss 1.3703, time 492.84ms, mfu 1.66%
iter 3370: loss 1.3454, time 493.01ms, mfu 1.66%
iter 3380: loss 1.3478, time 493.55ms, mfu 1.66%
iter 3390: loss 1.4025, time 491.20ms, mfu 1.66%
iter 3400: loss 1.4187, time 490.70ms, mfu 1.66%
iter 3410: loss 1.3508, time 492.54ms, mfu 1.66%
iter 3420: loss 1.3588, time 489.78ms, mfu 1.66%
iter 3430: loss 1.3309, time 490.15ms, mfu 1.66%
iter 3440: loss 1.3208, time 493.46ms, mfu 1.66%
iter 3450: loss 1.3536, time 492.17ms, mfu 1.66%
iter 3460: loss 1.3568, time 490.62ms, mfu 1.66%
iter 3470: loss 1.3585, time 494.34ms, mfu 1.66%
iter 3480: loss 1.3565, time 493.21ms, mfu 1.66%
iter 3490: loss 1.3578, time 490.72ms, mfu 1.66%
step 3500: train loss 1.2475, val loss 1.5143
saving checkpoint to /net/scratch2/junyuren/nanoGPT-manifold/out-phase2.5-lr4x
iter 3500: loss 1.3715, time 5025.48ms, mfu 1.51%
iter 3510: loss 1.3409, time 491.81ms, mfu 1.53%
iter 3520: loss 1.3438, time 494.84ms, mfu 1.54%
iter 3530: loss 1.3820, time 492.32ms, mfu 1.55%
iter 3540: loss 1.3416, time 493.08ms, mfu 1.56%
iter 3550: loss 1.3564, time 493.36ms, mfu 1.57%
iter 3560: loss 1.3623, time 491.65ms, mfu 1.58%
iter 3570: loss 1.3334, time 491.70ms, mfu 1.59%
iter 3580: loss 1.3464, time 492.19ms, mfu 1.60%
iter 3590: loss 1.3619, time 492.49ms, mfu 1.60%
iter 3600: loss 1.3369, time 491.51ms, mfu 1.61%
iter 3610: loss 1.3598, time 494.06ms, mfu 1.62%
iter 3620: loss 1.3751, time 490.62ms, mfu 1.62%
iter 3630: loss 1.3341, time 492.19ms, mfu 1.62%
iter 3640: loss 1.3425, time 492.86ms, mfu 1.63%
iter 3650: loss 1.3524, time 491.60ms, mfu 1.63%
iter 3660: loss 1.3532, time 490.23ms, mfu 1.64%
iter 3670: loss 1.3396, time 492.82ms, mfu 1.64%
iter 3680: loss 1.3578, time 490.88ms, mfu 1.64%
iter 3690: loss 1.3412, time 492.36ms, mfu 1.64%
iter 3700: loss 1.3035, time 493.75ms, mfu 1.64%
iter 3710: loss 1.3730, time 491.31ms, mfu 1.65%
iter 3720: loss 1.3614, time 495.23ms, mfu 1.65%
iter 3730: loss 1.3531, time 495.14ms, mfu 1.65%
iter 3740: loss 1.3474, time 491.03ms, mfu 1.65%
iter 3750: loss 1.3750, time 493.64ms, mfu 1.65%
iter 3760: loss 1.3428, time 493.58ms, mfu 1.65%
iter 3770: loss 1.3524, time 495.17ms, mfu 1.65%
iter 3780: loss 1.3301, time 492.10ms, mfu 1.65%
iter 3790: loss 1.3606, time 492.07ms, mfu 1.65%
iter 3800: loss 1.3570, time 493.07ms, mfu 1.65%
iter 3810: loss 1.3495, time 493.16ms, mfu 1.66%
iter 3820: loss 1.3546, time 490.56ms, mfu 1.66%
iter 3830: loss 1.3347, time 495.65ms, mfu 1.66%
iter 3840: loss 1.3581, time 490.93ms, mfu 1.66%
iter 3850: loss 1.3082, time 492.24ms, mfu 1.66%
iter 3860: loss 1.3124, time 488.32ms, mfu 1.66%
iter 3870: loss 1.3287, time 491.22ms, mfu 1.66%
iter 3880: loss 1.3583, time 490.91ms, mfu 1.66%
iter 3890: loss 1.3512, time 491.05ms, mfu 1.66%
iter 3900: loss 1.3448, time 491.94ms, mfu 1.66%
iter 3910: loss 1.3459, time 493.84ms, mfu 1.66%
iter 3920: loss 1.3025, time 490.70ms, mfu 1.66%
iter 3930: loss 1.3557, time 490.95ms, mfu 1.66%
iter 3940: loss 1.3173, time 492.84ms, mfu 1.66%
iter 3950: loss 1.3331, time 493.45ms, mfu 1.66%
iter 3960: loss 1.3173, time 492.88ms, mfu 1.66%
iter 3970: loss 1.3255, time 492.54ms, mfu 1.66%
iter 3980: loss 1.3270, time 491.14ms, mfu 1.66%
iter 3990: loss 1.3369, time 497.04ms, mfu 1.66%
step 4000: train loss 1.2199, val loss 1.5035
saving checkpoint to /net/scratch2/junyuren/nanoGPT-manifold/out-phase2.5-lr4x
iter 4000: loss 1.3426, time 5039.27ms, mfu 1.51%
iter 4010: loss 1.3409, time 491.85ms, mfu 1.53%
iter 4020: loss 1.3321, time 493.37ms, mfu 1.54%
iter 4030: loss 1.3401, time 491.73ms, mfu 1.55%
iter 4040: loss 1.3259, time 494.22ms, mfu 1.56%
iter 4050: loss 1.3861, time 492.73ms, mfu 1.57%
iter 4060: loss 1.3639, time 493.05ms, mfu 1.58%
iter 4070: loss 1.3384, time 493.57ms, mfu 1.59%
iter 4080: loss 1.3013, time 493.84ms, mfu 1.60%
iter 4090: loss 1.3369, time 493.02ms, mfu 1.60%
iter 4100: loss 1.3258, time 494.78ms, mfu 1.61%
iter 4110: loss 1.3197, time 491.22ms, mfu 1.61%
iter 4120: loss 1.2985, time 492.23ms, mfu 1.62%
iter 4130: loss 1.3151, time 492.68ms, mfu 1.62%
iter 4140: loss 1.3330, time 493.93ms, mfu 1.63%
iter 4150: loss 1.3241, time 492.84ms, mfu 1.63%
iter 4160: loss 1.3422, time 493.18ms, mfu 1.63%
iter 4170: loss 1.3127, time 494.22ms, mfu 1.64%
iter 4180: loss 1.2844, time 492.31ms, mfu 1.64%
iter 4190: loss 1.3111, time 496.24ms, mfu 1.64%
iter 4200: loss 1.3184, time 491.26ms, mfu 1.64%
iter 4210: loss 1.3457, time 495.10ms, mfu 1.64%
iter 4220: loss 1.2789, time 494.37ms, mfu 1.64%
iter 4230: loss 1.3158, time 495.35ms, mfu 1.65%
iter 4240: loss 1.3030, time 487.86ms, mfu 1.65%
iter 4250: loss 1.3140, time 490.25ms, mfu 1.65%
iter 4260: loss 1.2860, time 491.95ms, mfu 1.65%
iter 4270: loss 1.3515, time 497.98ms, mfu 1.65%
iter 4280: loss 1.3268, time 492.50ms, mfu 1.65%
iter 4290: loss 1.3168, time 496.90ms, mfu 1.65%
iter 4300: loss 1.2887, time 492.29ms, mfu 1.65%
iter 4310: loss 1.3082, time 491.50ms, mfu 1.65%
iter 4320: loss 1.3205, time 495.10ms, mfu 1.65%
iter 4330: loss 1.3315, time 493.34ms, mfu 1.65%
iter 4340: loss 1.3032, time 496.49ms, mfu 1.65%
iter 4350: loss 1.3074, time 491.20ms, mfu 1.66%
iter 4360: loss 1.3214, time 493.09ms, mfu 1.66%
iter 4370: loss 1.3025, time 495.08ms, mfu 1.66%
iter 4380: loss 1.3160, time 494.52ms, mfu 1.66%
iter 4390: loss 1.2844, time 494.30ms, mfu 1.66%
iter 4400: loss 1.3019, time 495.70ms, mfu 1.66%
iter 4410: loss 1.2972, time 493.81ms, mfu 1.66%
iter 4420: loss 1.3207, time 492.55ms, mfu 1.66%
iter 4430: loss 1.2702, time 492.80ms, mfu 1.66%
iter 4440: loss 1.3388, time 494.75ms, mfu 1.66%
iter 4450: loss 1.3146, time 493.97ms, mfu 1.66%
iter 4460: loss 1.3146, time 494.96ms, mfu 1.66%
iter 4470: loss 1.2981, time 496.30ms, mfu 1.66%
iter 4480: loss 1.3016, time 495.10ms, mfu 1.66%
iter 4490: loss 1.3355, time 497.73ms, mfu 1.65%
step 4500: train loss 1.1987, val loss 1.4969
saving checkpoint to /net/scratch2/junyuren/nanoGPT-manifold/out-phase2.5-lr4x
iter 4500: loss 1.3183, time 5032.72ms, mfu 1.51%
iter 4510: loss 1.2629, time 495.32ms, mfu 1.52%
iter 4520: loss 1.2875, time 494.08ms, mfu 1.53%
iter 4530: loss 1.3355, time 495.63ms, mfu 1.55%
iter 4540: loss 1.3044, time 494.26ms, mfu 1.56%
iter 4550: loss 1.3212, time 495.71ms, mfu 1.57%
iter 4560: loss 1.3251, time 493.45ms, mfu 1.58%
iter 4570: loss 1.2849, time 492.03ms, mfu 1.58%
iter 4580: loss 1.3033, time 497.36ms, mfu 1.59%
iter 4590: loss 1.3089, time 494.49ms, mfu 1.60%
iter 4600: loss 1.3002, time 494.94ms, mfu 1.60%
iter 4610: loss 1.3048, time 496.10ms, mfu 1.61%
iter 4620: loss 1.2914, time 497.00ms, mfu 1.61%
iter 4630: loss 1.2929, time 493.36ms, mfu 1.62%
iter 4640: loss 1.3033, time 493.09ms, mfu 1.62%
iter 4650: loss 1.2857, time 494.42ms, mfu 1.62%
iter 4660: loss 1.3074, time 494.76ms, mfu 1.63%
iter 4670: loss 1.2636, time 494.49ms, mfu 1.63%
iter 4680: loss 1.3083, time 495.77ms, mfu 1.63%
iter 4690: loss 1.3161, time 494.71ms, mfu 1.63%
iter 4700: loss 1.2736, time 495.87ms, mfu 1.64%
iter 4710: loss 1.3087, time 500.55ms, mfu 1.64%
iter 4720: loss 1.2930, time 496.49ms, mfu 1.64%
iter 4730: loss 1.2942, time 495.45ms, mfu 1.64%
iter 4740: loss 1.3176, time 495.66ms, mfu 1.64%
iter 4750: loss 1.2745, time 495.90ms, mfu 1.64%
iter 4760: loss 1.2779, time 493.53ms, mfu 1.64%
iter 4770: loss 1.2858, time 494.29ms, mfu 1.64%
iter 4780: loss 1.2812, time 493.71ms, mfu 1.65%
iter 4790: loss 1.2897, time 494.98ms, mfu 1.65%
iter 4800: loss 1.2998, time 494.60ms, mfu 1.65%
iter 4810: loss 1.2803, time 493.98ms, mfu 1.65%
iter 4820: loss 1.2858, time 494.86ms, mfu 1.65%
iter 4830: loss 1.2843, time 495.36ms, mfu 1.65%
iter 4840: loss 1.2959, time 493.13ms, mfu 1.65%
iter 4850: loss 1.3078, time 498.15ms, mfu 1.65%
iter 4860: loss 1.2741, time 493.48ms, mfu 1.65%
iter 4870: loss 1.2725, time 498.67ms, mfu 1.65%
iter 4880: loss 1.2883, time 496.30ms, mfu 1.65%
iter 4890: loss 1.2855, time 495.58ms, mfu 1.65%
iter 4900: loss 1.2926, time 494.27ms, mfu 1.65%
iter 4910: loss 1.3256, time 497.64ms, mfu 1.65%
iter 4920: loss 1.3101, time 491.93ms, mfu 1.65%
iter 4930: loss 1.2496, time 495.91ms, mfu 1.65%
iter 4940: loss 1.2867, time 494.29ms, mfu 1.65%
iter 4950: loss 1.3121, time 494.37ms, mfu 1.65%
iter 4960: loss 1.2764, time 496.08ms, mfu 1.65%
iter 4970: loss 1.2762, time 498.39ms, mfu 1.65%
iter 4980: loss 1.2629, time 494.05ms, mfu 1.65%
iter 4990: loss 1.2898, time 496.72ms, mfu 1.65%
step 5000: train loss 1.1788, val loss 1.4902
saving checkpoint to /net/scratch2/junyuren/nanoGPT-manifold/out-phase2.5-lr4x
iter 5000: loss 1.2787, time 5037.84ms, mfu 1.50%
iter 5010: loss 1.2650, time 494.40ms, mfu 1.52%
iter 5020: loss 1.2457, time 493.42ms, mfu 1.53%
iter 5030: loss 1.3032, time 497.17ms, mfu 1.54%
iter 5040: loss 1.2605, time 494.66ms, mfu 1.55%
iter 5050: loss 1.2654, time 495.01ms, mfu 1.56%
iter 5060: loss 1.2642, time 492.07ms, mfu 1.57%
iter 5070: loss 1.2977, time 496.68ms, mfu 1.58%
iter 5080: loss 1.2692, time 495.74ms, mfu 1.59%
iter 5090: loss 1.2741, time 496.90ms, mfu 1.59%
iter 5100: loss 1.2505, time 497.35ms, mfu 1.60%
iter 5110: loss 1.2766, time 495.60ms, mfu 1.60%
iter 5120: loss 1.2599, time 493.30ms, mfu 1.61%
iter 5130: loss 1.2739, time 497.09ms, mfu 1.61%
iter 5140: loss 1.2708, time 494.90ms, mfu 1.62%
iter 5150: loss 1.2909, time 496.85ms, mfu 1.62%
iter 5160: loss 1.3027, time 496.63ms, mfu 1.62%
iter 5170: loss 1.2791, time 493.50ms, mfu 1.63%
iter 5180: loss 1.2864, time 493.89ms, mfu 1.63%
iter 5190: loss 1.2997, time 495.81ms, mfu 1.63%
iter 5200: loss 1.2910, time 496.81ms, mfu 1.63%
iter 5210: loss 1.2417, time 497.49ms, mfu 1.64%
iter 5220: loss 1.3033, time 495.20ms, mfu 1.64%
iter 5230: loss 1.2584, time 495.39ms, mfu 1.64%
iter 5240: loss 1.2484, time 493.35ms, mfu 1.64%
iter 5250: loss 1.2658, time 498.45ms, mfu 1.64%
iter 5260: loss 1.2661, time 496.38ms, mfu 1.64%
iter 5270: loss 1.2819, time 495.05ms, mfu 1.64%
iter 5280: loss 1.2609, time 493.55ms, mfu 1.64%
iter 5290: loss 1.2710, time 491.82ms, mfu 1.65%
iter 5300: loss 1.2735, time 492.56ms, mfu 1.65%
iter 5310: loss 1.2676, time 495.90ms, mfu 1.65%
iter 5320: loss 1.2434, time 493.23ms, mfu 1.65%
iter 5330: loss 1.2670, time 495.46ms, mfu 1.65%
iter 5340: loss 1.2632, time 493.42ms, mfu 1.65%
iter 5350: loss 1.3051, time 497.59ms, mfu 1.65%
iter 5360: loss 1.3122, time 494.60ms, mfu 1.65%
iter 5370: loss 1.3018, time 496.61ms, mfu 1.65%
iter 5380: loss 1.2705, time 493.85ms, mfu 1.65%
iter 5390: loss 1.2816, time 495.68ms, mfu 1.65%
iter 5400: loss 1.2812, time 490.89ms, mfu 1.65%
iter 5410: loss 1.3002, time 494.53ms, mfu 1.65%
iter 5420: loss 1.2914, time 496.52ms, mfu 1.65%
iter 5430: loss 1.2443, time 495.67ms, mfu 1.65%
iter 5440: loss 1.2614, time 501.29ms, mfu 1.65%
iter 5450: loss 1.3022, time 497.49ms, mfu 1.65%
iter 5460: loss 1.2850, time 496.80ms, mfu 1.65%
iter 5470: loss 1.2690, time 495.16ms, mfu 1.65%
iter 5480: loss 1.2694, time 494.51ms, mfu 1.65%
iter 5490: loss 1.2717, time 492.63ms, mfu 1.65%
step 5500: train loss 1.1524, val loss 1.4852
saving checkpoint to /net/scratch2/junyuren/nanoGPT-manifold/out-phase2.5-lr4x
iter 5500: loss 1.2469, time 5038.18ms, mfu 1.50%
iter 5510: loss 1.2733, time 495.61ms, mfu 1.52%
iter 5520: loss 1.2636, time 493.90ms, mfu 1.53%
iter 5530: loss 1.2696, time 498.49ms, mfu 1.54%
iter 5540: loss 1.2485, time 493.83ms, mfu 1.55%
iter 5550: loss 1.2652, time 493.21ms, mfu 1.56%
iter 5560: loss 1.2749, time 493.40ms, mfu 1.57%
iter 5570: loss 1.2865, time 499.40ms, mfu 1.58%
iter 5580: loss 1.2306, time 495.95ms, mfu 1.59%
iter 5590: loss 1.2740, time 496.91ms, mfu 1.59%
iter 5600: loss 1.2545, time 495.10ms, mfu 1.60%
iter 5610: loss 1.2633, time 495.31ms, mfu 1.61%
iter 5620: loss 1.2776, time 496.82ms, mfu 1.61%
iter 5630: loss 1.2334, time 493.54ms, mfu 1.61%
iter 5640: loss 1.2477, time 496.67ms, mfu 1.62%
iter 5650: loss 1.2853, time 496.86ms, mfu 1.62%
iter 5660: loss 1.2518, time 494.78ms, mfu 1.62%
iter 5670: loss 1.2291, time 493.58ms, mfu 1.63%
iter 5680: loss 1.2673, time 496.65ms, mfu 1.63%
iter 5690: loss 1.2414, time 493.88ms, mfu 1.63%
iter 5700: loss 1.2813, time 497.06ms, mfu 1.63%
iter 5710: loss 1.2738, time 494.30ms, mfu 1.64%
iter 5720: loss 1.2045, time 498.20ms, mfu 1.64%
iter 5730: loss 1.2819, time 493.84ms, mfu 1.64%
iter 5740: loss 1.2898, time 495.22ms, mfu 1.64%
iter 5750: loss 1.2471, time 495.62ms, mfu 1.64%
iter 5760: loss 1.2675, time 499.87ms, mfu 1.64%
iter 5770: loss 1.2337, time 495.10ms, mfu 1.64%
iter 5780: loss 1.2890, time 494.72ms, mfu 1.64%
iter 5790: loss 1.2691, time 496.89ms, mfu 1.64%
iter 5800: loss 1.2421, time 539.94ms, mfu 1.63%
iter 5810: loss 1.2344, time 500.51ms, mfu 1.63%
iter 5820: loss 1.2597, time 492.46ms, mfu 1.63%
iter 5830: loss 1.2507, time 493.70ms, mfu 1.64%
iter 5840: loss 1.2866, time 491.55ms, mfu 1.64%
iter 5850: loss 1.2378, time 492.66ms, mfu 1.64%
iter 5860: loss 1.2484, time 493.45ms, mfu 1.64%
iter 5870: loss 1.2053, time 498.33ms, mfu 1.64%
iter 5880: loss 1.2341, time 498.08ms, mfu 1.64%
iter 5890: loss 1.2488, time 497.03ms, mfu 1.64%
iter 5900: loss 1.2500, time 495.18ms, mfu 1.64%
iter 5910: loss 1.2466, time 498.35ms, mfu 1.64%
iter 5920: loss 1.2345, time 496.67ms, mfu 1.65%
iter 5930: loss 1.2649, time 498.26ms, mfu 1.64%
iter 5940: loss 1.2535, time 499.27ms, mfu 1.64%
iter 5950: loss 1.2009, time 496.71ms, mfu 1.64%
iter 5960: loss 1.2976, time 496.16ms, mfu 1.65%
iter 5970: loss 1.2597, time 498.55ms, mfu 1.64%
iter 5980: loss 1.2490, time 495.15ms, mfu 1.65%
iter 5990: loss 1.2121, time 498.83ms, mfu 1.65%
step 6000: train loss 1.1312, val loss 1.4739
saving checkpoint to /net/scratch2/junyuren/nanoGPT-manifold/out-phase2.5-lr4x
iter 6000: loss 1.2493, time 5070.29ms, mfu 1.50%
iter 6010: loss 1.2393, time 498.40ms, mfu 1.51%
iter 6020: loss 1.2325, time 497.53ms, mfu 1.52%
iter 6030: loss 1.2281, time 496.00ms, mfu 1.54%
iter 6040: loss 1.2871, time 493.52ms, mfu 1.55%
iter 6050: loss 1.2280, time 498.05ms, mfu 1.56%
iter 6060: loss 1.2494, time 498.98ms, mfu 1.57%
iter 6070: loss 1.2614, time 496.42ms, mfu 1.58%
iter 6080: loss 1.2395, time 495.06ms, mfu 1.58%
iter 6090: loss 1.2391, time 495.41ms, mfu 1.59%
iter 6100: loss 1.2374, time 494.04ms, mfu 1.60%
iter 6110: loss 1.2484, time 497.36ms, mfu 1.60%
iter 6120: loss 1.2426, time 496.66ms, mfu 1.61%
iter 6130: loss 1.2281, time 497.24ms, mfu 1.61%
iter 6140: loss 1.2621, time 493.40ms, mfu 1.62%
iter 6150: loss 1.2171, time 492.87ms, mfu 1.62%
iter 6160: loss 1.2209, time 501.43ms, mfu 1.62%
iter 6170: loss 1.2234, time 497.26ms, mfu 1.62%
iter 6180: loss 1.2225, time 496.15ms, mfu 1.63%
iter 6190: loss 1.2142, time 495.67ms, mfu 1.63%
iter 6200: loss 1.2656, time 504.12ms, mfu 1.63%
iter 6210: loss 1.2330, time 496.21ms, mfu 1.63%
iter 6220: loss 1.2331, time 496.09ms, mfu 1.63%
iter 6230: loss 1.2602, time 498.20ms, mfu 1.63%
iter 6240: loss 1.2265, time 496.90ms, mfu 1.63%
iter 6250: loss 1.2312, time 499.97ms, mfu 1.64%
iter 6260: loss 1.2315, time 496.07ms, mfu 1.64%
iter 6270: loss 1.2320, time 497.91ms, mfu 1.64%
iter 6280: loss 1.2416, time 493.68ms, mfu 1.64%
iter 6290: loss 1.2820, time 497.28ms, mfu 1.64%
iter 6300: loss 1.2166, time 496.04ms, mfu 1.64%
iter 6310: loss 1.2260, time 496.26ms, mfu 1.64%
iter 6320: loss 1.2513, time 495.86ms, mfu 1.64%
iter 6330: loss 1.2490, time 498.58ms, mfu 1.64%
iter 6340: loss 1.2085, time 496.87ms, mfu 1.64%
iter 6350: loss 1.2212, time 498.29ms, mfu 1.64%
iter 6360: loss 1.2526, time 498.07ms, mfu 1.64%
iter 6370: loss 1.2236, time 496.35ms, mfu 1.64%
iter 6380: loss 1.2376, time 499.77ms, mfu 1.64%
iter 6390: loss 1.2191, time 493.98ms, mfu 1.64%
iter 6400: loss 1.2816, time 499.50ms, mfu 1.64%
iter 6410: loss 1.2041, time 497.98ms, mfu 1.64%
iter 6420: loss 1.2493, time 497.99ms, mfu 1.64%
iter 6430: loss 1.2336, time 493.65ms, mfu 1.65%
iter 6440: loss 1.2313, time 496.04ms, mfu 1.65%
iter 6450: loss 1.2342, time 495.10ms, mfu 1.65%
iter 6460: loss 1.2141, time 495.95ms, mfu 1.65%
iter 6470: loss 1.1987, time 493.89ms, mfu 1.65%
iter 6480: loss 1.2347, time 498.33ms, mfu 1.65%
iter 6490: loss 1.2315, time 496.19ms, mfu 1.65%
step 6500: train loss 1.1079, val loss 1.4679
saving checkpoint to /net/scratch2/junyuren/nanoGPT-manifold/out-phase2.5-lr4x
iter 6500: loss 1.2181, time 5034.21ms, mfu 1.50%
iter 6510: loss 1.2201, time 499.19ms, mfu 1.51%
iter 6520: loss 1.2324, time 497.26ms, mfu 1.53%
iter 6530: loss 1.2384, time 494.56ms, mfu 1.54%
iter 6540: loss 1.2596, time 496.38ms, mfu 1.55%
iter 6550: loss 1.2365, time 495.35ms, mfu 1.56%
iter 6560: loss 1.2456, time 498.04ms, mfu 1.57%
iter 6570: loss 1.2292, time 495.73ms, mfu 1.58%
iter 6580: loss 1.2332, time 499.18ms, mfu 1.58%
iter 6590: loss 1.2322, time 497.76ms, mfu 1.59%
iter 6600: loss 1.2488, time 497.49ms, mfu 1.60%
iter 6610: loss 1.2280, time 497.81ms, mfu 1.60%
iter 6620: loss 1.2362, time 495.02ms, mfu 1.61%
iter 6630: loss 1.2430, time 497.90ms, mfu 1.61%
iter 6640: loss 1.1908, time 498.00ms, mfu 1.61%
iter 6650: loss 1.2233, time 496.80ms, mfu 1.62%
iter 6660: loss 1.2356, time 499.79ms, mfu 1.62%
iter 6670: loss 1.2213, time 498.62ms, mfu 1.62%
iter 6680: loss 1.2080, time 496.17ms, mfu 1.62%
iter 6690: loss 1.2357, time 499.29ms, mfu 1.63%
iter 6700: loss 1.2330, time 496.20ms, mfu 1.63%
iter 6710: loss 1.2179, time 496.72ms, mfu 1.63%
iter 6720: loss 1.2240, time 499.88ms, mfu 1.63%
iter 6730: loss 1.2026, time 496.40ms, mfu 1.63%
iter 6740: loss 1.2178, time 497.53ms, mfu 1.63%
iter 6750: loss 1.1945, time 496.76ms, mfu 1.64%
iter 6760: loss 1.2112, time 496.73ms, mfu 1.64%
iter 6770: loss 1.2209, time 493.54ms, mfu 1.64%
iter 6780: loss 1.2268, time 494.50ms, mfu 1.64%
iter 6790: loss 1.2205, time 496.82ms, mfu 1.64%
iter 6800: loss 1.2306, time 496.70ms, mfu 1.64%
iter 6810: loss 1.2445, time 496.99ms, mfu 1.64%
iter 6820: loss 1.2417, time 495.89ms, mfu 1.64%
iter 6830: loss 1.1957, time 500.35ms, mfu 1.64%
iter 6840: loss 1.1766, time 498.37ms, mfu 1.64%
iter 6850: loss 1.2106, time 496.39ms, mfu 1.64%
iter 6860: loss 1.2177, time 497.38ms, mfu 1.64%
iter 6870: loss 1.2150, time 495.12ms, mfu 1.64%
iter 6880: loss 1.2001, time 497.87ms, mfu 1.64%
iter 6890: loss 1.2026, time 495.90ms, mfu 1.65%
iter 6900: loss 1.2137, time 497.42ms, mfu 1.65%
iter 6910: loss 1.2172, time 498.24ms, mfu 1.64%
iter 6920: loss 1.2066, time 493.58ms, mfu 1.65%
iter 6930: loss 1.2166, time 494.58ms, mfu 1.65%
iter 6940: loss 1.2173, time 493.44ms, mfu 1.65%
iter 6950: loss 1.1834, time 496.77ms, mfu 1.65%
iter 6960: loss 1.1995, time 495.96ms, mfu 1.65%
iter 6970: loss 1.2106, time 497.05ms, mfu 1.65%
iter 6980: loss 1.2190, time 494.76ms, mfu 1.65%
iter 6990: loss 1.1855, time 499.82ms, mfu 1.65%
step 7000: train loss 1.0908, val loss 1.4616
saving checkpoint to /net/scratch2/junyuren/nanoGPT-manifold/out-phase2.5-lr4x
iter 7000: loss 1.2088, time 5034.58ms, mfu 1.50%
iter 7010: loss 1.2299, time 494.87ms, mfu 1.51%
iter 7020: loss 1.2032, time 497.91ms, mfu 1.53%
iter 7030: loss 1.2066, time 500.38ms, mfu 1.54%
iter 7040: loss 1.1755, time 492.73ms, mfu 1.55%
iter 7050: loss 1.1910, time 493.27ms, mfu 1.56%
iter 7060: loss 1.2254, time 495.22ms, mfu 1.57%
iter 7070: loss 1.1930, time 493.97ms, mfu 1.58%
iter 7080: loss 1.2054, time 497.15ms, mfu 1.59%
iter 7090: loss 1.2093, time 494.99ms, mfu 1.59%
iter 7100: loss 1.1849, time 497.16ms, mfu 1.60%
iter 7110: loss 1.2140, time 497.07ms, mfu 1.60%
iter 7120: loss 1.2128, time 496.28ms, mfu 1.61%
iter 7130: loss 1.2026, time 493.90ms, mfu 1.61%
iter 7140: loss 1.2008, time 496.79ms, mfu 1.62%
iter 7150: loss 1.2135, time 497.45ms, mfu 1.62%
iter 7160: loss 1.2084, time 496.40ms, mfu 1.62%
iter 7170: loss 1.1903, time 496.77ms, mfu 1.62%
iter 7180: loss 1.2083, time 495.50ms, mfu 1.63%
iter 7190: loss 1.2068, time 496.31ms, mfu 1.63%
iter 7200: loss 1.2055, time 497.84ms, mfu 1.63%
iter 7210: loss 1.1905, time 497.11ms, mfu 1.63%
iter 7220: loss 1.2073, time 496.17ms, mfu 1.63%
iter 7230: loss 1.2024, time 497.02ms, mfu 1.64%
iter 7240: loss 1.2156, time 496.99ms, mfu 1.64%
iter 7250: loss 1.1783, time 498.39ms, mfu 1.64%
iter 7260: loss 1.1861, time 493.98ms, mfu 1.64%
iter 7270: loss 1.1816, time 497.37ms, mfu 1.64%
iter 7280: loss 1.2196, time 499.96ms, mfu 1.64%
iter 7290: loss 1.1871, time 497.34ms, mfu 1.64%
iter 7300: loss 1.2034, time 494.78ms, mfu 1.64%
iter 7310: loss 1.2246, time 497.28ms, mfu 1.64%
iter 7320: loss 1.2151, time 499.17ms, mfu 1.64%
iter 7330: loss 1.2163, time 496.35ms, mfu 1.64%
iter 7340: loss 1.1975, time 495.02ms, mfu 1.64%
iter 7350: loss 1.1795, time 496.72ms, mfu 1.64%
iter 7360: loss 1.1764, time 499.69ms, mfu 1.64%
iter 7370: loss 1.1957, time 497.13ms, mfu 1.64%
iter 7380: loss 1.2001, time 499.68ms, mfu 1.64%
iter 7390: loss 1.1653, time 498.01ms, mfu 1.64%
iter 7400: loss 1.2206, time 497.05ms, mfu 1.64%
iter 7410: loss 1.2196, time 495.52ms, mfu 1.64%
iter 7420: loss 1.2312, time 497.34ms, mfu 1.64%
iter 7430: loss 1.1923, time 495.78ms, mfu 1.65%
iter 7440: loss 1.1855, time 494.76ms, mfu 1.65%
iter 7450: loss 1.2022, time 495.83ms, mfu 1.65%
iter 7460: loss 1.2143, time 496.23ms, mfu 1.65%
iter 7470: loss 1.2068, time 498.31ms, mfu 1.65%
iter 7480: loss 1.1846, time 495.99ms, mfu 1.65%
iter 7490: loss 1.1925, time 497.84ms, mfu 1.65%
step 7500: train loss 1.0757, val loss 1.4662
saving checkpoint to /net/scratch2/junyuren/nanoGPT-manifold/out-phase2.5-lr4x
iter 7500: loss 1.1952, time 5069.77ms, mfu 1.50%
iter 7510: loss 1.1862, time 499.44ms, mfu 1.51%
iter 7520: loss 1.1898, time 498.89ms, mfu 1.53%
iter 7530: loss 1.2153, time 495.65ms, mfu 1.54%
iter 7540: loss 1.2249, time 494.31ms, mfu 1.55%
iter 7550: loss 1.1949, time 493.57ms, mfu 1.56%
iter 7560: loss 1.2070, time 494.35ms, mfu 1.57%
iter 7570: loss 1.2011, time 496.36ms, mfu 1.58%
iter 7580: loss 1.1910, time 495.92ms, mfu 1.59%
iter 7590: loss 1.2218, time 493.77ms, mfu 1.59%
iter 7600: loss 1.1963, time 496.17ms, mfu 1.60%
iter 7610: loss 1.1798, time 493.52ms, mfu 1.60%
iter 7620: loss 1.1822, time 495.83ms, mfu 1.61%
iter 7630: loss 1.1665, time 493.36ms, mfu 1.61%
iter 7640: loss 1.2064, time 496.32ms, mfu 1.62%
iter 7650: loss 1.1881, time 496.21ms, mfu 1.62%
iter 7660: loss 1.1869, time 494.43ms, mfu 1.62%
iter 7670: loss 1.1923, time 494.96ms, mfu 1.63%
iter 7680: loss 1.1679, time 494.77ms, mfu 1.63%
iter 7690: loss 1.2280, time 496.19ms, mfu 1.63%
iter 7700: loss 1.2032, time 491.62ms, mfu 1.64%
iter 7710: loss 1.2095, time 493.07ms, mfu 1.64%
iter 7720: loss 1.2002, time 494.17ms, mfu 1.64%
iter 7730: loss 1.1969, time 497.56ms, mfu 1.64%
iter 7740: loss 1.1836, time 495.97ms, mfu 1.64%
iter 7750: loss 1.1867, time 497.81ms, mfu 1.64%
iter 7760: loss 1.1538, time 496.98ms, mfu 1.64%
iter 7770: loss 1.1633, time 497.23ms, mfu 1.64%
iter 7780: loss 1.1818, time 495.18ms, mfu 1.64%
iter 7790: loss 1.1929, time 496.33ms, mfu 1.64%
iter 7800: loss 1.1480, time 496.47ms, mfu 1.64%
iter 7810: loss 1.1937, time 494.96ms, mfu 1.65%
iter 7820: loss 1.1921, time 498.29ms, mfu 1.65%
iter 7830: loss 1.1962, time 497.35ms, mfu 1.65%
iter 7840: loss 1.1974, time 496.31ms, mfu 1.65%
iter 7850: loss 1.1903, time 494.52ms, mfu 1.65%
iter 7860: loss 1.1815, time 494.21ms, mfu 1.65%
iter 7870: loss 1.2190, time 495.52ms, mfu 1.65%
iter 7880: loss 1.1976, time 494.16ms, mfu 1.65%
iter 7890: loss 1.1862, time 495.39ms, mfu 1.65%
iter 7900: loss 1.1731, time 495.88ms, mfu 1.65%
iter 7910: loss 1.1799, time 494.94ms, mfu 1.65%
iter 7920: loss 1.1966, time 496.61ms, mfu 1.65%
iter 7930: loss 1.1806, time 493.83ms, mfu 1.65%
iter 7940: loss 1.1866, time 495.11ms, mfu 1.65%
iter 7950: loss 1.1744, time 496.92ms, mfu 1.65%
iter 7960: loss 1.1611, time 497.12ms, mfu 1.65%
iter 7970: loss 1.1692, time 494.49ms, mfu 1.65%
iter 7980: loss 1.1922, time 492.53ms, mfu 1.65%
iter 7990: loss 1.1915, time 494.51ms, mfu 1.65%
step 8000: train loss 1.0550, val loss 1.4707
saving checkpoint to /net/scratch2/junyuren/nanoGPT-manifold/out-phase2.5-lr4x
iter 8000: loss 1.1838, time 5088.97ms, mfu 1.50%
iter 8010: loss 1.2102, time 495.12ms, mfu 1.52%
iter 8020: loss 1.1690, time 494.79ms, mfu 1.53%
iter 8030: loss 1.1922, time 492.61ms, mfu 1.54%
iter 8040: loss 1.1823, time 492.14ms, mfu 1.56%
iter 8050: loss 1.1892, time 494.79ms, mfu 1.57%
iter 8060: loss 1.1650, time 494.38ms, mfu 1.58%
iter 8070: loss 1.1898, time 494.55ms, mfu 1.58%
iter 8080: loss 1.1904, time 497.13ms, mfu 1.59%
iter 8090: loss 1.1938, time 495.98ms, mfu 1.60%
iter 8100: loss 1.1722, time 494.71ms, mfu 1.60%
iter 8110: loss 1.1642, time 494.75ms, mfu 1.61%
iter 8120: loss 1.1884, time 500.23ms, mfu 1.61%
iter 8130: loss 1.1951, time 493.90ms, mfu 1.61%
iter 8140: loss 1.1943, time 494.47ms, mfu 1.62%
iter 8150: loss 1.1870, time 494.54ms, mfu 1.62%
iter 8160: loss 1.1810, time 493.28ms, mfu 1.63%
iter 8170: loss 1.1713, time 493.40ms, mfu 1.63%
iter 8180: loss 1.1919, time 493.94ms, mfu 1.63%
iter 8190: loss 1.1734, time 490.93ms, mfu 1.64%
iter 8200: loss 1.1547, time 494.57ms, mfu 1.64%
iter 8210: loss 1.1481, time 494.10ms, mfu 1.64%
iter 8220: loss 1.1951, time 493.65ms, mfu 1.64%
iter 8230: loss 1.1277, time 493.33ms, mfu 1.64%
iter 8240: loss 1.1691, time 492.08ms, mfu 1.65%
iter 8250: loss 1.1616, time 493.66ms, mfu 1.65%
iter 8260: loss 1.1402, time 492.64ms, mfu 1.65%
iter 8270: loss 1.1705, time 492.56ms, mfu 1.65%
iter 8280: loss 1.1736, time 490.59ms, mfu 1.65%
iter 8290: loss 1.1633, time 493.26ms, mfu 1.65%
iter 8300: loss 1.1620, time 495.23ms, mfu 1.65%
iter 8310: loss 1.1638, time 492.61ms, mfu 1.65%
iter 8320: loss 1.1805, time 493.62ms, mfu 1.65%
iter 8330: loss 1.1677, time 496.82ms, mfu 1.65%
iter 8340: loss 1.1730, time 492.34ms, mfu 1.65%
iter 8350: loss 1.2062, time 517.06ms, mfu 1.65%
iter 8360: loss 1.1706, time 495.90ms, mfu 1.65%
iter 8370: loss 1.1877, time 494.44ms, mfu 1.65%
iter 8380: loss 1.1367, time 494.84ms, mfu 1.65%
iter 8390: loss 1.1877, time 492.82ms, mfu 1.65%
iter 8400: loss 1.1452, time 496.06ms, mfu 1.65%
iter 8410: loss 1.1919, time 491.95ms, mfu 1.65%
iter 8420: loss 1.1715, time 494.08ms, mfu 1.65%
iter 8430: loss 1.1663, time 493.72ms, mfu 1.65%
iter 8440: loss 1.2139, time 492.79ms, mfu 1.65%
iter 8450: loss 1.1459, time 493.78ms, mfu 1.65%
iter 8460: loss 1.1593, time 493.60ms, mfu 1.65%
iter 8470: loss 1.1666, time 492.61ms, mfu 1.66%
iter 8480: loss 1.1693, time 491.04ms, mfu 1.66%
iter 8490: loss 1.1660, time 496.22ms, mfu 1.66%
step 8500: train loss 1.0365, val loss 1.4735
saving checkpoint to /net/scratch2/junyuren/nanoGPT-manifold/out-phase2.5-lr4x
iter 8500: loss 1.1557, time 5030.94ms, mfu 1.51%
iter 8510: loss 1.1514, time 492.76ms, mfu 1.52%
iter 8520: loss 1.1555, time 495.06ms, mfu 1.54%
iter 8530: loss 1.1552, time 492.33ms, mfu 1.55%
iter 8540: loss 1.1441, time 491.77ms, mfu 1.56%
iter 8550: loss 1.1698, time 493.06ms, mfu 1.57%
iter 8560: loss 1.1348, time 492.00ms, mfu 1.58%
iter 8570: loss 1.1489, time 494.86ms, mfu 1.59%
iter 8580: loss 1.1346, time 496.67ms, mfu 1.59%
iter 8590: loss 1.1450, time 492.72ms, mfu 1.60%
iter 8600: loss 1.1636, time 496.83ms, mfu 1.60%
iter 8610: loss 1.1523, time 493.48ms, mfu 1.61%
iter 8620: loss 1.1768, time 493.75ms, mfu 1.61%
iter 8630: loss 1.1361, time 493.26ms, mfu 1.62%
iter 8640: loss 1.1598, time 492.69ms, mfu 1.62%
iter 8650: loss 1.1715, time 488.93ms, mfu 1.63%
iter 8660: loss 1.1707, time 493.71ms, mfu 1.63%
iter 8670: loss 1.1539, time 491.10ms, mfu 1.64%
iter 8680: loss 1.1361, time 493.60ms, mfu 1.64%
iter 8690: loss 1.1727, time 493.42ms, mfu 1.64%
iter 8700: loss 1.1584, time 494.99ms, mfu 1.64%
iter 8710: loss 1.1742, time 491.03ms, mfu 1.64%
iter 8720: loss 1.1562, time 491.93ms, mfu 1.65%
iter 8730: loss 1.1611, time 491.76ms, mfu 1.65%
iter 8740: loss 1.1479, time 492.47ms, mfu 1.65%
iter 8750: loss 1.1746, time 490.99ms, mfu 1.65%
iter 8760: loss 1.1384, time 493.60ms, mfu 1.65%
iter 8770: loss 1.1541, time 489.80ms, mfu 1.65%
iter 8780: loss 1.1387, time 493.79ms, mfu 1.65%
iter 8790: loss 1.1388, time 494.53ms, mfu 1.65%
iter 8800: loss 1.1606, time 492.49ms, mfu 1.65%
iter 8810: loss 1.1457, time 492.72ms, mfu 1.66%
iter 8820: loss 1.1752, time 493.22ms, mfu 1.66%
iter 8830: loss 1.1630, time 493.68ms, mfu 1.66%
iter 8840: loss 1.1624, time 493.51ms, mfu 1.66%
iter 8850: loss 1.1795, time 492.67ms, mfu 1.66%
iter 8860: loss 1.1648, time 493.46ms, mfu 1.66%
iter 8870: loss 1.1387, time 491.25ms, mfu 1.66%
iter 8880: loss 1.1597, time 493.31ms, mfu 1.66%
iter 8890: loss 1.1484, time 495.17ms, mfu 1.66%
iter 8900: loss 1.1385, time 490.15ms, mfu 1.66%
iter 8910: loss 1.1868, time 490.51ms, mfu 1.66%
iter 8920: loss 1.1700, time 493.58ms, mfu 1.66%
iter 8930: loss 1.1357, time 489.79ms, mfu 1.66%
iter 8940: loss 1.1506, time 493.13ms, mfu 1.66%
iter 8950: loss 1.1690, time 492.92ms, mfu 1.66%
iter 8960: loss 1.1565, time 491.31ms, mfu 1.66%
iter 8970: loss 1.1292, time 491.47ms, mfu 1.66%
iter 8980: loss 1.1642, time 490.22ms, mfu 1.66%
iter 8990: loss 1.1655, time 490.82ms, mfu 1.66%
step 9000: train loss 1.0166, val loss 1.4754
saving checkpoint to /net/scratch2/junyuren/nanoGPT-manifold/out-phase2.5-lr4x
iter 9000: loss 1.1683, time 5061.87ms, mfu 1.51%
iter 9010: loss 1.1492, time 490.83ms, mfu 1.53%
iter 9020: loss 1.1629, time 491.53ms, mfu 1.54%
iter 9030: loss 1.1704, time 489.92ms, mfu 1.56%
iter 9040: loss 1.1468, time 491.71ms, mfu 1.57%
iter 9050: loss 1.1476, time 492.52ms, mfu 1.58%
iter 9060: loss 1.1400, time 490.84ms, mfu 1.58%
iter 9070: loss 1.1638, time 491.41ms, mfu 1.59%
iter 9080: loss 1.1135, time 501.01ms, mfu 1.60%
iter 9090: loss 1.1543, time 494.66ms, mfu 1.60%
iter 9100: loss 1.1616, time 491.22ms, mfu 1.61%
iter 9110: loss 1.1688, time 487.77ms, mfu 1.62%
iter 9120: loss 1.1543, time 491.83ms, mfu 1.62%
iter 9130: loss 1.1187, time 489.55ms, mfu 1.63%
iter 9140: loss 1.1280, time 493.19ms, mfu 1.63%
iter 9150: loss 1.1266, time 493.05ms, mfu 1.63%
iter 9160: loss 1.1516, time 494.89ms, mfu 1.63%
iter 9170: loss 1.1495, time 494.17ms, mfu 1.64%
iter 9180: loss 1.1337, time 492.45ms, mfu 1.64%
iter 9190: loss 1.1696, time 491.07ms, mfu 1.64%
iter 9200: loss 1.1728, time 493.34ms, mfu 1.64%
iter 9210: loss 1.1702, time 493.78ms, mfu 1.65%
iter 9220: loss 1.1152, time 492.46ms, mfu 1.65%
iter 9230: loss 1.1393, time 492.07ms, mfu 1.65%
iter 9240: loss 1.1392, time 491.68ms, mfu 1.65%
iter 9250: loss 1.1643, time 492.35ms, mfu 1.65%
iter 9260: loss 1.1474, time 491.70ms, mfu 1.65%
iter 9270: loss 1.1308, time 491.85ms, mfu 1.65%
iter 9280: loss 1.1881, time 491.18ms, mfu 1.66%
iter 9290: loss 1.1466, time 493.03ms, mfu 1.66%
iter 9300: loss 1.1290, time 493.29ms, mfu 1.66%
iter 9310: loss 1.1691, time 491.63ms, mfu 1.66%
iter 9320: loss 1.1652, time 493.85ms, mfu 1.66%
iter 9330: loss 1.1490, time 492.74ms, mfu 1.66%
iter 9340: loss 1.1744, time 491.10ms, mfu 1.66%
iter 9350: loss 1.1408, time 492.45ms, mfu 1.66%
iter 9360: loss 1.1476, time 490.76ms, mfu 1.66%
iter 9370: loss 1.1375, time 490.91ms, mfu 1.66%
iter 9380: loss 1.1666, time 489.82ms, mfu 1.66%
iter 9390: loss 1.1351, time 492.02ms, mfu 1.66%
iter 9400: loss 1.1132, time 492.40ms, mfu 1.66%
iter 9410: loss 1.1471, time 493.21ms, mfu 1.66%
iter 9420: loss 1.1494, time 492.41ms, mfu 1.66%
iter 9430: loss 1.1280, time 493.19ms, mfu 1.66%
iter 9440: loss 1.1419, time 491.16ms, mfu 1.66%
iter 9450: loss 1.1457, time 491.93ms, mfu 1.66%
iter 9460: loss 1.1050, time 493.70ms, mfu 1.66%
iter 9470: loss 1.1659, time 488.84ms, mfu 1.66%
iter 9480: loss 1.1662, time 492.24ms, mfu 1.66%
iter 9490: loss 1.1305, time 490.56ms, mfu 1.66%
step 9500: train loss 0.9971, val loss 1.4789
saving checkpoint to /net/scratch2/junyuren/nanoGPT-manifold/out-phase2.5-lr4x
iter 9500: loss 1.1567, time 5030.07ms, mfu 1.51%
iter 9510: loss 1.1317, time 491.78ms, mfu 1.53%
iter 9520: loss 1.1383, time 491.14ms, mfu 1.54%
iter 9530: loss 1.1122, time 490.37ms, mfu 1.56%
iter 9540: loss 1.1616, time 491.31ms, mfu 1.57%
iter 9550: loss 1.1229, time 490.58ms, mfu 1.58%
iter 9560: loss 1.1510, time 490.06ms, mfu 1.59%
iter 9570: loss 1.1261, time 490.27ms, mfu 1.59%
iter 9580: loss 1.1256, time 491.88ms, mfu 1.60%
iter 9590: loss 1.1391, time 491.53ms, mfu 1.61%
iter 9600: loss 1.1447, time 490.91ms, mfu 1.61%
iter 9610: loss 1.1436, time 490.65ms, mfu 1.62%
iter 9620: loss 1.1210, time 491.22ms, mfu 1.62%
iter 9630: loss 1.1322, time 491.08ms, mfu 1.63%
iter 9640: loss 1.1328, time 490.44ms, mfu 1.63%
iter 9650: loss 1.1239, time 491.18ms, mfu 1.64%
iter 9660: loss 1.1376, time 491.74ms, mfu 1.64%
iter 9670: loss 1.1603, time 492.08ms, mfu 1.64%
iter 9680: loss 1.1477, time 492.55ms, mfu 1.64%
iter 9690: loss 1.1180, time 490.60ms, mfu 1.65%
iter 9700: loss 1.1212, time 491.57ms, mfu 1.65%
iter 9710: loss 1.1157, time 490.62ms, mfu 1.65%
iter 9720: loss 1.1630, time 488.26ms, mfu 1.65%
iter 9730: loss 1.1140, time 489.11ms, mfu 1.65%
iter 9740: loss 1.1351, time 490.63ms, mfu 1.66%
iter 9750: loss 1.1566, time 490.47ms, mfu 1.66%
iter 9760: loss 1.1519, time 488.97ms, mfu 1.66%
iter 9770: loss 1.1058, time 489.06ms, mfu 1.66%
iter 9780: loss 1.1277, time 494.17ms, mfu 1.66%
iter 9790: loss 1.1396, time 488.76ms, mfu 1.66%
iter 9800: loss 1.1434, time 490.52ms, mfu 1.66%
iter 9810: loss 1.1378, time 490.90ms, mfu 1.66%
iter 9820: loss 1.1085, time 492.85ms, mfu 1.66%
iter 9830: loss 1.1361, time 491.80ms, mfu 1.66%
iter 9840: loss 1.1337, time 490.25ms, mfu 1.66%
iter 9850: loss 1.1333, time 491.02ms, mfu 1.66%
iter 9860: loss 1.1322, time 490.92ms, mfu 1.66%
iter 9870: loss 1.1220, time 489.08ms, mfu 1.67%
iter 9880: loss 1.1338, time 492.96ms, mfu 1.66%
iter 9890: loss 1.1187, time 491.12ms, mfu 1.66%
iter 9900: loss 1.1369, time 492.04ms, mfu 1.66%
iter 9910: loss 1.1611, time 488.70ms, mfu 1.67%
iter 9920: loss 1.1397, time 491.69ms, mfu 1.67%
iter 9930: loss 1.1156, time 491.10ms, mfu 1.67%
iter 9940: loss 1.1613, time 488.70ms, mfu 1.67%
iter 9950: loss 1.1086, time 492.02ms, mfu 1.67%
iter 9960: loss 1.1428, time 489.12ms, mfu 1.67%
iter 9970: loss 1.1467, time 489.87ms, mfu 1.67%
iter 9980: loss 1.1378, time 490.37ms, mfu 1.67%
iter 9990: loss 1.1293, time 490.02ms, mfu 1.67%
step 10000: train loss 0.9835, val loss 1.4821
saving checkpoint to /net/scratch2/junyuren/nanoGPT-manifold/out-phase2.5-lr4x
iter 10000: loss 1.1212, time 5026.00ms, mfu 1.52%
iter 10010: loss 1.1436, time 489.84ms, mfu 1.53%
iter 10020: loss 1.1549, time 490.59ms, mfu 1.55%
iter 10030: loss 1.1154, time 490.47ms, mfu 1.56%
iter 10040: loss 1.1048, time 491.23ms, mfu 1.57%
iter 10050: loss 1.1263, time 490.38ms, mfu 1.58%
iter 10060: loss 1.1191, time 488.09ms, mfu 1.59%
iter 10070: loss 1.1335, time 489.14ms, mfu 1.60%
iter 10080: loss 1.1090, time 490.78ms, mfu 1.60%
iter 10090: loss 1.0999, time 491.69ms, mfu 1.61%
iter 10100: loss 1.1233, time 491.27ms, mfu 1.62%
iter 10110: loss 1.1341, time 489.23ms, mfu 1.62%
iter 10120: loss 1.1346, time 491.89ms, mfu 1.63%
iter 10130: loss 1.1276, time 489.54ms, mfu 1.63%
iter 10140: loss 1.1148, time 492.53ms, mfu 1.63%
iter 10150: loss 1.1424, time 490.68ms, mfu 1.64%
iter 10160: loss 1.1141, time 489.28ms, mfu 1.64%
iter 10170: loss 1.1160, time 489.49ms, mfu 1.64%
iter 10180: loss 1.1214, time 491.33ms, mfu 1.65%
iter 10190: loss 1.1083, time 490.36ms, mfu 1.65%
iter 10200: loss 1.1288, time 491.04ms, mfu 1.65%
iter 10210: loss 1.1389, time 489.97ms, mfu 1.65%
iter 10220: loss 1.1134, time 491.31ms, mfu 1.65%
iter 10230: loss 1.1452, time 490.30ms, mfu 1.66%
iter 10240: loss 1.1469, time 491.01ms, mfu 1.66%
iter 10250: loss 1.1085, time 490.87ms, mfu 1.66%
iter 10260: loss 1.0964, time 493.37ms, mfu 1.66%
iter 10270: loss 1.1192, time 490.22ms, mfu 1.66%
iter 10280: loss 1.1375, time 490.32ms, mfu 1.66%
iter 10290: loss 1.1235, time 494.65ms, mfu 1.66%
iter 10300: loss 1.1156, time 490.41ms, mfu 1.66%
iter 10310: loss 1.1520, time 489.90ms, mfu 1.66%
iter 10320: loss 1.1141, time 490.00ms, mfu 1.66%
iter 10330: loss 1.1302, time 489.23ms, mfu 1.66%
iter 10340: loss 1.1500, time 487.73ms, mfu 1.67%
iter 10350: loss 1.1263, time 490.71ms, mfu 1.67%
iter 10360: loss 1.0975, time 488.54ms, mfu 1.67%
iter 10370: loss 1.1213, time 491.77ms, mfu 1.67%
iter 10380: loss 1.0970, time 488.31ms, mfu 1.67%
iter 10390: loss 1.1152, time 488.84ms, mfu 1.67%
iter 10400: loss 1.1153, time 489.57ms, mfu 1.67%
iter 10410: loss 1.0964, time 490.95ms, mfu 1.67%
iter 10420: loss 1.1275, time 492.03ms, mfu 1.67%
iter 10430: loss 1.1133, time 490.15ms, mfu 1.67%
iter 10440: loss 1.1020, time 489.80ms, mfu 1.67%
iter 10450: loss 1.1299, time 489.95ms, mfu 1.67%
iter 10460: loss 1.0886, time 489.52ms, mfu 1.67%
iter 10470: loss 1.1420, time 491.41ms, mfu 1.67%
iter 10480: loss 1.1199, time 489.33ms, mfu 1.67%
iter 10490: loss 1.1269, time 490.91ms, mfu 1.67%
step 10500: train loss 0.9670, val loss 1.4822
saving checkpoint to /net/scratch2/junyuren/nanoGPT-manifold/out-phase2.5-lr4x
iter 10500: loss 1.1113, time 5060.03ms, mfu 1.52%
iter 10510: loss 1.0769, time 490.87ms, mfu 1.53%
iter 10520: loss 1.1108, time 489.85ms, mfu 1.55%
iter 10530: loss 1.0987, time 488.07ms, mfu 1.56%
iter 10540: loss 1.1048, time 490.48ms, mfu 1.57%
iter 10550: loss 1.1332, time 489.97ms, mfu 1.58%
iter 10560: loss 1.1109, time 492.84ms, mfu 1.59%
iter 10570: loss 1.1088, time 489.44ms, mfu 1.60%
iter 10580: loss 1.0683, time 486.82ms, mfu 1.61%
iter 10590: loss 1.1221, time 490.55ms, mfu 1.61%
iter 10600: loss 1.0927, time 488.02ms, mfu 1.62%
iter 10610: loss 1.1096, time 492.53ms, mfu 1.62%
iter 10620: loss 1.1077, time 490.56ms, mfu 1.63%
iter 10630: loss 1.1243, time 490.94ms, mfu 1.63%
iter 10640: loss 1.1158, time 491.07ms, mfu 1.64%
iter 10650: loss 1.1061, time 490.30ms, mfu 1.64%
iter 10660: loss 1.0960, time 488.27ms, mfu 1.64%
iter 10670: loss 1.1074, time 490.84ms, mfu 1.64%
iter 10680: loss 1.1185, time 489.55ms, mfu 1.65%
iter 10690: loss 1.1368, time 492.17ms, mfu 1.65%
iter 10700: loss 1.1175, time 492.67ms, mfu 1.65%
iter 10710: loss 1.1121, time 491.15ms, mfu 1.65%
iter 10720: loss 1.1194, time 492.98ms, mfu 1.65%
iter 10730: loss 1.1095, time 489.84ms, mfu 1.65%
iter 10740: loss 1.1193, time 488.94ms, mfu 1.66%
iter 10750: loss 1.0955, time 491.09ms, mfu 1.66%
iter 10760: loss 1.0890, time 490.88ms, mfu 1.66%
iter 10770: loss 1.1141, time 490.39ms, mfu 1.66%
iter 10780: loss 1.1295, time 488.75ms, mfu 1.66%
iter 10790: loss 1.1104, time 490.41ms, mfu 1.66%
iter 10800: loss 1.1419, time 490.74ms, mfu 1.66%
iter 10810: loss 1.1044, time 491.74ms, mfu 1.66%
iter 10820: loss 1.0977, time 491.82ms, mfu 1.66%
iter 10830: loss 1.1009, time 489.45ms, mfu 1.66%
iter 10840: loss 1.1030, time 490.94ms, mfu 1.66%
iter 10850: loss 1.1030, time 489.83ms, mfu 1.67%
iter 10860: loss 1.1063, time 490.58ms, mfu 1.67%
iter 10870: loss 1.0970, time 493.05ms, mfu 1.66%
iter 10880: loss 1.0898, time 491.75ms, mfu 1.66%
iter 10890: loss 1.1178, time 490.05ms, mfu 1.67%
iter 10900: loss 1.0996, time 489.52ms, mfu 1.67%
iter 10910: loss 1.1096, time 489.72ms, mfu 1.67%
iter 10920: loss 1.1246, time 490.72ms, mfu 1.67%
iter 10930: loss 1.1072, time 490.74ms, mfu 1.67%
iter 10940: loss 1.1030, time 488.46ms, mfu 1.67%
iter 10950: loss 1.1077, time 491.35ms, mfu 1.67%
iter 10960: loss 1.0832, time 492.44ms, mfu 1.67%
iter 10970: loss 1.0988, time 490.77ms, mfu 1.67%
iter 10980: loss 1.1114, time 489.50ms, mfu 1.67%
iter 10990: loss 1.0755, time 490.40ms, mfu 1.67%
step 11000: train loss 0.9523, val loss 1.4905
saving checkpoint to /net/scratch2/junyuren/nanoGPT-manifold/out-phase2.5-lr4x
iter 11000: loss 1.0893, time 5032.65ms, mfu 1.52%
iter 11010: loss 1.0916, time 490.80ms, mfu 1.53%
iter 11020: loss 1.1139, time 488.72ms, mfu 1.55%
iter 11030: loss 1.0898, time 489.57ms, mfu 1.56%
iter 11040: loss 1.1016, time 489.27ms, mfu 1.57%
iter 11050: loss 1.1063, time 489.53ms, mfu 1.58%
iter 11060: loss 1.0867, time 494.16ms, mfu 1.59%
iter 11070: loss 1.1129, time 489.86ms, mfu 1.60%
iter 11080: loss 1.0773, time 491.90ms, mfu 1.60%
iter 11090: loss 1.0959, time 490.07ms, mfu 1.61%
iter 11100: loss 1.0689, time 489.31ms, mfu 1.62%
iter 11110: loss 1.1001, time 489.33ms, mfu 1.62%
iter 11120: loss 1.1147, time 488.25ms, mfu 1.63%
iter 11130: loss 1.1255, time 490.07ms, mfu 1.63%
iter 11140: loss 1.0868, time 489.60ms, mfu 1.64%
iter 11150: loss 1.0896, time 489.25ms, mfu 1.64%
iter 11160: loss 1.1280, time 489.58ms, mfu 1.64%
iter 11170: loss 1.0973, time 490.94ms, mfu 1.65%
iter 11180: loss 1.0735, time 491.60ms, mfu 1.65%
iter 11190: loss 1.1024, time 491.00ms, mfu 1.65%
iter 11200: loss 1.0819, time 488.14ms, mfu 1.65%
iter 11210: loss 1.1121, time 490.75ms, mfu 1.65%
iter 11220: loss 1.0934, time 488.88ms, mfu 1.66%
iter 11230: loss 1.0788, time 488.33ms, mfu 1.66%
iter 11240: loss 1.1284, time 487.22ms, mfu 1.66%
iter 11250: loss 1.0886, time 488.40ms, mfu 1.66%
iter 11260: loss 1.0789, time 491.84ms, mfu 1.66%
iter 11270: loss 1.1147, time 487.26ms, mfu 1.66%
iter 11280: loss 1.1271, time 488.63ms, mfu 1.66%
iter 11290: loss 1.0671, time 492.72ms, mfu 1.66%
iter 11300: loss 1.1073, time 490.38ms, mfu 1.67%
iter 11310: loss 1.1017, time 488.90ms, mfu 1.67%
iter 11320: loss 1.1103, time 491.11ms, mfu 1.67%
iter 11330: loss 1.0768, time 491.29ms, mfu 1.67%
iter 11340: loss 1.1159, time 490.75ms, mfu 1.67%
iter 11350: loss 1.1139, time 490.25ms, mfu 1.67%
iter 11360: loss 1.0961, time 488.33ms, mfu 1.67%
iter 11370: loss 1.0920, time 488.56ms, mfu 1.67%
iter 11380: loss 1.1059, time 489.51ms, mfu 1.67%
iter 11390: loss 1.1084, time 487.66ms, mfu 1.67%
iter 11400: loss 1.0849, time 489.41ms, mfu 1.67%
iter 11410: loss 1.0846, time 492.26ms, mfu 1.67%
iter 11420: loss 1.0696, time 489.59ms, mfu 1.67%
iter 11430: loss 1.0991, time 488.39ms, mfu 1.67%
iter 11440: loss 1.1125, time 489.88ms, mfu 1.67%
iter 11450: loss 1.1011, time 491.00ms, mfu 1.67%
iter 11460: loss 1.0804, time 490.29ms, mfu 1.67%
iter 11470: loss 1.0962, time 491.70ms, mfu 1.67%
iter 11480: loss 1.0927, time 491.50ms, mfu 1.67%
iter 11490: loss 1.1235, time 489.84ms, mfu 1.67%
step 11500: train loss 0.9379, val loss 1.4902
saving checkpoint to /net/scratch2/junyuren/nanoGPT-manifold/out-phase2.5-lr4x
iter 11500: loss 1.0756, time 5027.77ms, mfu 1.52%
iter 11510: loss 1.0746, time 488.63ms, mfu 1.53%
iter 11520: loss 1.0879, time 490.08ms, mfu 1.55%
iter 11530: loss 1.1098, time 488.70ms, mfu 1.56%
iter 11540: loss 1.1007, time 488.05ms, mfu 1.57%
iter 11550: loss 1.0975, time 490.17ms, mfu 1.58%
iter 11560: loss 1.0902, time 490.59ms, mfu 1.59%
iter 11570: loss 1.1162, time 488.60ms, mfu 1.60%
iter 11580: loss 1.0848, time 489.44ms, mfu 1.61%
iter 11590: loss 1.1160, time 489.85ms, mfu 1.61%
iter 11600: loss 1.0872, time 487.54ms, mfu 1.62%
iter 11610: loss 1.0784, time 489.20ms, mfu 1.63%
iter 11620: loss 1.0863, time 490.01ms, mfu 1.63%
iter 11630: loss 1.0737, time 488.66ms, mfu 1.63%
iter 11640: loss 1.0864, time 489.26ms, mfu 1.64%
iter 11650: loss 1.1009, time 490.13ms, mfu 1.64%
iter 11660: loss 1.1127, time 491.88ms, mfu 1.64%
iter 11670: loss 1.0975, time 490.23ms, mfu 1.65%
iter 11680: loss 1.0727, time 488.66ms, mfu 1.65%
iter 11690: loss 1.0769, time 488.10ms, mfu 1.65%
iter 11700: loss 1.0828, time 483.30ms, mfu 1.66%
iter 11710: loss 1.0734, time 490.01ms, mfu 1.66%
iter 11720: loss 1.1023, time 490.50ms, mfu 1.66%
iter 11730: loss 1.0848, time 489.97ms, mfu 1.66%
iter 11740: loss 1.0986, time 489.11ms, mfu 1.66%
iter 11750: loss 1.1030, time 486.90ms, mfu 1.66%
iter 11760: loss 1.0756, time 489.13ms, mfu 1.66%
iter 11770: loss 1.0831, time 490.00ms, mfu 1.66%
iter 11780: loss 1.1160, time 489.04ms, mfu 1.67%
iter 11790: loss 1.0773, time 490.12ms, mfu 1.67%
iter 11800: loss 1.0773, time 489.12ms, mfu 1.67%
iter 11810: loss 1.1006, time 490.37ms, mfu 1.67%
iter 11820: loss 1.0939, time 489.71ms, mfu 1.67%
iter 11830: loss 1.0979, time 489.71ms, mfu 1.67%
iter 11840: loss 1.0847, time 490.41ms, mfu 1.67%
iter 11850: loss 1.1063, time 489.44ms, mfu 1.67%
iter 11860: loss 1.0889, time 487.81ms, mfu 1.67%
iter 11870: loss 1.0860, time 490.21ms, mfu 1.67%
iter 11880: loss 1.0936, time 488.66ms, mfu 1.67%
iter 11890: loss 1.1012, time 491.36ms, mfu 1.67%
iter 11900: loss 1.0691, time 489.72ms, mfu 1.67%
iter 11910: loss 1.0853, time 489.29ms, mfu 1.67%
iter 11920: loss 1.1104, time 490.36ms, mfu 1.67%
iter 11930: loss 1.0928, time 488.03ms, mfu 1.67%
iter 11940: loss 1.0872, time 489.56ms, mfu 1.67%
iter 11950: loss 1.0451, time 489.03ms, mfu 1.67%
iter 11960: loss 1.0526, time 488.61ms, mfu 1.67%
iter 11970: loss 1.0706, time 489.63ms, mfu 1.67%
iter 11980: loss 1.0837, time 487.15ms, mfu 1.67%
iter 11990: loss 1.0621, time 492.21ms, mfu 1.67%
step 12000: train loss 0.9255, val loss 1.4934
saving checkpoint to /net/scratch2/junyuren/nanoGPT-manifold/out-phase2.5-lr4x
iter 12000: loss 1.0769, time 5174.40ms, mfu 1.52%
iter 12010: loss 1.0838, time 488.92ms, mfu 1.54%
iter 12020: loss 1.0789, time 490.95ms, mfu 1.55%
iter 12030: loss 1.0818, time 490.44ms, mfu 1.56%
iter 12040: loss 1.0708, time 489.20ms, mfu 1.57%
iter 12050: loss 1.0850, time 489.80ms, mfu 1.58%
iter 12060: loss 1.0747, time 490.21ms, mfu 1.59%
iter 12070: loss 1.0911, time 490.49ms, mfu 1.60%
iter 12080: loss 1.1043, time 490.72ms, mfu 1.61%
iter 12090: loss 1.1023, time 492.03ms, mfu 1.61%
iter 12100: loss 1.0888, time 485.87ms, mfu 1.62%
iter 12110: loss 1.0788, time 488.78ms, mfu 1.62%
iter 12120: loss 1.0636, time 488.38ms, mfu 1.63%
iter 12130: loss 1.0704, time 490.65ms, mfu 1.63%
iter 12140: loss 1.0841, time 487.68ms, mfu 1.64%
iter 12150: loss 1.0768, time 490.57ms, mfu 1.64%
iter 12160: loss 1.0598, time 489.49ms, mfu 1.64%
iter 12170: loss 1.0933, time 489.41ms, mfu 1.65%
iter 12180: loss 1.1007, time 489.89ms, mfu 1.65%
iter 12190: loss 1.0865, time 489.80ms, mfu 1.65%
iter 12200: loss 1.0832, time 490.78ms, mfu 1.65%
iter 12210: loss 1.0700, time 489.60ms, mfu 1.66%
iter 12220: loss 1.1105, time 489.86ms, mfu 1.66%
iter 12230: loss 1.0733, time 491.36ms, mfu 1.66%
iter 12240: loss 1.0701, time 489.62ms, mfu 1.66%
iter 12250: loss 1.0578, time 487.38ms, mfu 1.66%
iter 12260: loss 1.0661, time 488.46ms, mfu 1.66%
iter 12270: loss 1.0726, time 492.02ms, mfu 1.66%
iter 12280: loss 1.0723, time 488.68ms, mfu 1.66%
iter 12290: loss 1.0673, time 489.75ms, mfu 1.66%
iter 12300: loss 1.0807, time 489.58ms, mfu 1.67%
iter 12310: loss 1.0715, time 490.08ms, mfu 1.67%
iter 12320: loss 1.0575, time 489.87ms, mfu 1.67%
iter 12330: loss 1.0703, time 488.91ms, mfu 1.67%
iter 12340: loss 1.0777, time 488.92ms, mfu 1.67%
iter 12350: loss 1.0355, time 488.36ms, mfu 1.67%
iter 12360: loss 1.0726, time 489.93ms, mfu 1.67%
iter 12370: loss 1.0646, time 488.78ms, mfu 1.67%
iter 12380: loss 1.0774, time 491.56ms, mfu 1.67%
iter 12390: loss 1.0825, time 488.11ms, mfu 1.67%
iter 12400: loss 1.0574, time 489.87ms, mfu 1.67%
iter 12410: loss 1.0744, time 491.14ms, mfu 1.67%
iter 12420: loss 1.0747, time 488.82ms, mfu 1.67%
iter 12430: loss 1.0706, time 489.99ms, mfu 1.67%
iter 12440: loss 1.0805, time 489.45ms, mfu 1.67%
iter 12450: loss 1.0397, time 489.86ms, mfu 1.67%
iter 12460: loss 1.0774, time 488.41ms, mfu 1.67%
iter 12470: loss 1.1020, time 488.00ms, mfu 1.67%
iter 12480: loss 1.0366, time 490.79ms, mfu 1.67%
iter 12490: loss 1.0953, time 488.45ms, mfu 1.67%
step 12500: train loss 0.9144, val loss 1.4992
saving checkpoint to /net/scratch2/junyuren/nanoGPT-manifold/out-phase2.5-lr4x
iter 12500: loss 1.0659, time 5134.47ms, mfu 1.52%
iter 12510: loss 1.0842, time 585.72ms, mfu 1.51%
iter 12520: loss 1.0838, time 492.46ms, mfu 1.52%
iter 12530: loss 1.0783, time 490.75ms, mfu 1.54%
iter 12540: loss 1.0718, time 490.22ms, mfu 1.55%
iter 12550: loss 1.0852, time 490.26ms, mfu 1.56%
iter 12560: loss 1.0515, time 490.04ms, mfu 1.57%
iter 12570: loss 1.0593, time 492.39ms, mfu 1.58%
iter 12580: loss 1.0796, time 489.34ms, mfu 1.59%
iter 12590: loss 1.0908, time 488.75ms, mfu 1.60%
iter 12600: loss 1.0379, time 490.06ms, mfu 1.61%
iter 12610: loss 1.0605, time 489.62ms, mfu 1.61%
iter 12620: loss 1.0669, time 487.94ms, mfu 1.62%
iter 12630: loss 1.0873, time 489.38ms, mfu 1.63%
iter 12640: loss 1.0696, time 490.02ms, mfu 1.63%
iter 12650: loss 1.0462, time 489.05ms, mfu 1.63%
iter 12660: loss 1.0637, time 489.51ms, mfu 1.64%
iter 12670: loss 1.0768, time 489.13ms, mfu 1.64%
iter 12680: loss 1.0845, time 488.02ms, mfu 1.65%
iter 12690: loss 1.0291, time 489.13ms, mfu 1.65%
iter 12700: loss 1.0650, time 488.46ms, mfu 1.65%
iter 12710: loss 1.0855, time 489.92ms, mfu 1.65%
iter 12720: loss 1.0714, time 490.02ms, mfu 1.65%
iter 12730: loss 1.0714, time 488.98ms, mfu 1.66%
iter 12740: loss 1.0696, time 488.27ms, mfu 1.66%
iter 12750: loss 1.0511, time 490.83ms, mfu 1.66%
iter 12760: loss 1.0737, time 488.97ms, mfu 1.66%
iter 12770: loss 1.0541, time 490.51ms, mfu 1.66%
iter 12780: loss 1.0866, time 489.00ms, mfu 1.66%
iter 12790: loss 1.0842, time 489.83ms, mfu 1.66%
iter 12800: loss 1.1055, time 488.80ms, mfu 1.66%
iter 12810: loss 1.0689, time 489.43ms, mfu 1.67%
iter 12820: loss 1.0794, time 489.04ms, mfu 1.67%
iter 12830: loss 1.0885, time 492.82ms, mfu 1.67%
iter 12840: loss 1.0563, time 489.78ms, mfu 1.67%
iter 12850: loss 1.0773, time 489.97ms, mfu 1.67%
iter 12860: loss 1.0645, time 487.72ms, mfu 1.67%
iter 12870: loss 1.0753, time 489.53ms, mfu 1.67%
iter 12880: loss 1.0824, time 490.76ms, mfu 1.67%
iter 12890: loss 1.0954, time 489.20ms, mfu 1.67%
iter 12900: loss 1.0778, time 489.54ms, mfu 1.67%
iter 12910: loss 1.0884, time 486.96ms, mfu 1.67%
iter 12920: loss 1.0765, time 487.97ms, mfu 1.67%
iter 12930: loss 1.0789, time 488.55ms, mfu 1.67%
iter 12940: loss 1.0709, time 488.79ms, mfu 1.67%
iter 12950: loss 1.0627, time 490.61ms, mfu 1.67%
iter 12960: loss 1.0802, time 488.23ms, mfu 1.67%
iter 12970: loss 1.0947, time 488.92ms, mfu 1.67%
iter 12980: loss 1.0546, time 491.30ms, mfu 1.67%
iter 12990: loss 1.0871, time 490.47ms, mfu 1.67%
step 13000: train loss 0.9022, val loss 1.4957
saving checkpoint to /net/scratch2/junyuren/nanoGPT-manifold/out-phase2.5-lr4x
iter 13000: loss 1.0722, time 5115.54ms, mfu 1.52%
iter 13010: loss 1.0757, time 571.08ms, mfu 1.51%
iter 13020: loss 1.0562, time 489.01ms, mfu 1.53%
iter 13030: loss 1.0791, time 489.61ms, mfu 1.54%
iter 13040: loss 1.0595, time 487.33ms, mfu 1.56%
iter 13050: loss 1.0483, time 489.21ms, mfu 1.57%
iter 13060: loss 1.0634, time 484.25ms, mfu 1.58%
iter 13070: loss 1.0935, time 488.31ms, mfu 1.59%
iter 13080: loss 1.0961, time 487.08ms, mfu 1.60%
iter 13090: loss 1.0460, time 489.47ms, mfu 1.61%
iter 13100: loss 1.0777, time 486.93ms, mfu 1.61%
iter 13110: loss 1.0794, time 485.85ms, mfu 1.62%
iter 13120: loss 1.0669, time 486.22ms, mfu 1.63%
iter 13130: loss 1.0671, time 486.62ms, mfu 1.63%
iter 13140: loss 1.0423, time 489.65ms, mfu 1.64%
iter 13150: loss 1.0311, time 485.14ms, mfu 1.64%
iter 13160: loss 1.0637, time 486.97ms, mfu 1.65%
iter 13170: loss 1.0904, time 484.94ms, mfu 1.65%
iter 13180: loss 1.0607, time 485.37ms, mfu 1.65%
iter 13190: loss 1.0928, time 486.75ms, mfu 1.66%
iter 13200: loss 1.0603, time 485.86ms, mfu 1.66%
iter 13210: loss 1.0716, time 488.09ms, mfu 1.66%
iter 13220: loss 1.0560, time 488.25ms, mfu 1.66%
iter 13230: loss 1.0730, time 490.00ms, mfu 1.66%
iter 13240: loss 1.0581, time 487.72ms, mfu 1.66%
iter 13250: loss 1.0514, time 487.69ms, mfu 1.67%
iter 13260: loss 1.0711, time 486.81ms, mfu 1.67%
iter 13270: loss 1.0548, time 486.56ms, mfu 1.67%
iter 13280: loss 1.0869, time 486.84ms, mfu 1.67%
iter 13290: loss 1.0863, time 488.16ms, mfu 1.67%
iter 13300: loss 1.0639, time 490.73ms, mfu 1.67%
iter 13310: loss 1.0930, time 489.22ms, mfu 1.67%
iter 13320: loss 1.0579, time 488.27ms, mfu 1.67%
iter 13330: loss 1.0761, time 489.24ms, mfu 1.67%
iter 13340: loss 1.0648, time 488.77ms, mfu 1.67%
iter 13350: loss 1.0549, time 487.75ms, mfu 1.67%
iter 13360: loss 1.0708, time 486.78ms, mfu 1.67%
iter 13370: loss 1.0501, time 487.88ms, mfu 1.67%
iter 13380: loss 1.0899, time 486.93ms, mfu 1.67%
iter 13390: loss 1.0874, time 487.37ms, mfu 1.68%
iter 13400: loss 1.0391, time 488.16ms, mfu 1.68%
iter 13410: loss 1.0524, time 487.90ms, mfu 1.68%
iter 13420: loss 1.0656, time 489.96ms, mfu 1.68%
iter 13430: loss 1.0640, time 486.76ms, mfu 1.68%
iter 13440: loss 1.0849, time 486.81ms, mfu 1.68%
iter 13450: loss 1.0493, time 487.05ms, mfu 1.68%
iter 13460: loss 1.0784, time 487.56ms, mfu 1.68%
iter 13470: loss 1.0550, time 485.75ms, mfu 1.68%
iter 13480: loss 1.0394, time 488.56ms, mfu 1.68%
iter 13490: loss 1.0668, time 488.19ms, mfu 1.68%
step 13500: train loss 0.8927, val loss 1.5057
saving checkpoint to /net/scratch2/junyuren/nanoGPT-manifold/out-phase2.5-lr4x
iter 13500: loss 1.0443, time 10950.87ms, mfu 1.52%
iter 13510: loss 1.0787, time 583.64ms, mfu 1.51%
iter 13520: loss 1.0712, time 488.47ms, mfu 1.52%
iter 13530: loss 1.0841, time 490.80ms, mfu 1.54%
iter 13540: loss 1.0593, time 489.89ms, mfu 1.55%
iter 13550: loss 1.0762, time 489.23ms, mfu 1.56%
iter 13560: loss 1.0614, time 490.28ms, mfu 1.57%
iter 13570: loss 1.0427, time 487.71ms, mfu 1.58%
iter 13580: loss 1.0525, time 489.59ms, mfu 1.59%
iter 13590: loss 1.0671, time 490.56ms, mfu 1.60%
iter 13600: loss 1.0549, time 488.72ms, mfu 1.61%
iter 13610: loss 1.0694, time 485.25ms, mfu 1.62%
iter 13620: loss 1.0749, time 489.06ms, mfu 1.62%
iter 13630: loss 1.0647, time 490.01ms, mfu 1.63%
iter 13640: loss 1.0508, time 490.65ms, mfu 1.63%
iter 13650: loss 1.0629, time 486.25ms, mfu 1.64%
iter 13660: loss 1.0536, time 490.11ms, mfu 1.64%
iter 13670: loss 1.0603, time 489.06ms, mfu 1.64%
iter 13680: loss 1.0599, time 488.67ms, mfu 1.65%
iter 13690: loss 1.0643, time 490.90ms, mfu 1.65%
iter 13700: loss 1.0243, time 488.19ms, mfu 1.65%
iter 13710: loss 1.0596, time 487.91ms, mfu 1.65%
iter 13720: loss 1.0569, time 488.71ms, mfu 1.66%
iter 13730: loss 1.0498, time 488.65ms, mfu 1.66%
iter 13740: loss 1.0430, time 489.76ms, mfu 1.66%
iter 13750: loss 1.0347, time 487.72ms, mfu 1.66%
iter 13760: loss 1.0430, time 489.91ms, mfu 1.66%
iter 13770: loss 1.0468, time 489.67ms, mfu 1.66%
iter 13780: loss 1.0945, time 488.00ms, mfu 1.66%
iter 13790: loss 1.0544, time 489.39ms, mfu 1.67%
iter 13800: loss 1.0564, time 488.58ms, mfu 1.67%
iter 13810: loss 1.0346, time 489.47ms, mfu 1.67%
iter 13820: loss 1.0418, time 488.26ms, mfu 1.67%
iter 13830: loss 1.0752, time 489.70ms, mfu 1.67%
iter 13840: loss 1.0393, time 490.44ms, mfu 1.67%
iter 13850: loss 1.0633, time 487.46ms, mfu 1.67%
iter 13860: loss 1.0466, time 486.38ms, mfu 1.67%
iter 13870: loss 1.0606, time 491.28ms, mfu 1.67%
iter 13880: loss 1.0655, time 491.34ms, mfu 1.67%
iter 13890: loss 1.0431, time 488.39ms, mfu 1.67%
iter 13900: loss 1.0724, time 486.96ms, mfu 1.67%
iter 13910: loss 1.0615, time 489.71ms, mfu 1.67%
iter 13920: loss 1.0802, time 489.40ms, mfu 1.67%
iter 13930: loss 1.0665, time 491.30ms, mfu 1.67%
iter 13940: loss 1.0666, time 488.36ms, mfu 1.67%
iter 13950: loss 1.0870, time 487.29ms, mfu 1.67%
iter 13960: loss 1.0270, time 489.78ms, mfu 1.67%
iter 13970: loss 1.0686, time 487.26ms, mfu 1.67%
iter 13980: loss 1.0705, time 488.83ms, mfu 1.67%
iter 13990: loss 1.0634, time 489.04ms, mfu 1.67%
step 14000: train loss 0.8851, val loss 1.5022
saving checkpoint to /net/scratch2/junyuren/nanoGPT-manifold/out-phase2.5-lr4x
iter 14000: loss 1.0791, time 5066.19ms, mfu 1.52%
iter 14010: loss 1.0393, time 487.89ms, mfu 1.54%
iter 14020: loss 1.0421, time 489.91ms, mfu 1.55%
iter 14030: loss 1.0558, time 490.11ms, mfu 1.56%
iter 14040: loss 1.0547, time 490.03ms, mfu 1.57%
iter 14050: loss 1.0488, time 490.12ms, mfu 1.58%
iter 14060: loss 1.0536, time 489.27ms, mfu 1.59%
iter 14070: loss 1.0814, time 487.62ms, mfu 1.60%
iter 14080: loss 1.0249, time 487.65ms, mfu 1.61%
iter 14090: loss 1.0837, time 487.02ms, mfu 1.62%
iter 14100: loss 1.0523, time 488.57ms, mfu 1.62%
iter 14110: loss 1.0278, time 487.49ms, mfu 1.63%
iter 14120: loss 1.0261, time 488.79ms, mfu 1.63%
iter 14130: loss 1.0708, time 489.75ms, mfu 1.64%
iter 14140: loss 1.0741, time 489.77ms, mfu 1.64%
iter 14150: loss 1.0634, time 487.00ms, mfu 1.64%
iter 14160: loss 1.0261, time 489.03ms, mfu 1.65%
iter 14170: loss 1.0543, time 486.80ms, mfu 1.65%
iter 14180: loss 1.0551, time 486.06ms, mfu 1.65%
iter 14190: loss 1.0506, time 489.46ms, mfu 1.66%
iter 14200: loss 1.0490, time 504.33ms, mfu 1.65%
iter 14210: loss 1.0513, time 491.58ms, mfu 1.65%
iter 14220: loss 1.0436, time 487.94ms, mfu 1.66%
iter 14230: loss 1.0406, time 486.60ms, mfu 1.66%
iter 14240: loss 1.0433, time 487.02ms, mfu 1.66%
iter 14250: loss 1.0184, time 487.45ms, mfu 1.66%
iter 14260: loss 1.0416, time 489.51ms, mfu 1.66%
iter 14270: loss 1.0420, time 488.21ms, mfu 1.67%
iter 14280: loss 1.0472, time 488.15ms, mfu 1.67%
iter 14290: loss 1.0517, time 489.77ms, mfu 1.67%
iter 14300: loss 1.0252, time 488.74ms, mfu 1.67%
iter 14310: loss 1.0693, time 490.02ms, mfu 1.67%
iter 14320: loss 1.0703, time 487.91ms, mfu 1.67%
iter 14330: loss 1.0715, time 486.68ms, mfu 1.67%
iter 14340: loss 1.0425, time 488.64ms, mfu 1.67%
iter 14350: loss 1.0495, time 486.20ms, mfu 1.67%
iter 14360: loss 1.0568, time 486.49ms, mfu 1.67%
iter 14370: loss 1.0455, time 489.06ms, mfu 1.67%
iter 14380: loss 1.0684, time 486.98ms, mfu 1.67%
iter 14390: loss 1.0506, time 487.79ms, mfu 1.67%
iter 14400: loss 1.0768, time 488.11ms, mfu 1.67%
iter 14410: loss 1.0521, time 488.28ms, mfu 1.67%
iter 14420: loss 1.0769, time 488.06ms, mfu 1.68%
iter 14430: loss 1.0399, time 489.54ms, mfu 1.67%
iter 14440: loss 1.0319, time 489.46ms, mfu 1.67%
iter 14450: loss 1.0711, time 487.11ms, mfu 1.68%
iter 14460: loss 1.0476, time 487.40ms, mfu 1.68%
iter 14470: loss 1.0448, time 488.58ms, mfu 1.68%
iter 14480: loss 1.0591, time 488.80ms, mfu 1.68%
iter 14490: loss 1.0310, time 490.48ms, mfu 1.67%
step 14500: train loss 0.8779, val loss 1.5072
saving checkpoint to /net/scratch2/junyuren/nanoGPT-manifold/out-phase2.5-lr4x
iter 14500: loss 1.0644, time 5036.04ms, mfu 1.52%
iter 14510: loss 1.0667, time 490.06ms, mfu 1.54%
iter 14520: loss 1.0510, time 489.75ms, mfu 1.55%
iter 14530: loss 1.0562, time 487.12ms, mfu 1.56%
iter 14540: loss 1.0472, time 488.06ms, mfu 1.58%
iter 14550: loss 1.0659, time 488.03ms, mfu 1.59%
iter 14560: loss 1.0572, time 488.95ms, mfu 1.59%
iter 14570: loss 1.0313, time 489.32ms, mfu 1.60%
iter 14580: loss 1.0556, time 488.43ms, mfu 1.61%
iter 14590: loss 1.0493, time 489.58ms, mfu 1.62%
iter 14600: loss 1.0354, time 487.70ms, mfu 1.62%
iter 14610: loss 1.0706, time 486.28ms, mfu 1.63%
iter 14620: loss 1.0585, time 488.40ms, mfu 1.63%
iter 14630: loss 1.0614, time 488.99ms, mfu 1.64%
iter 14640: loss 1.0458, time 487.84ms, mfu 1.64%
iter 14650: loss 1.0510, time 488.50ms, mfu 1.64%
iter 14660: loss 1.0290, time 488.26ms, mfu 1.65%
iter 14670: loss 1.0750, time 487.22ms, mfu 1.65%
iter 14680: loss 1.0469, time 489.10ms, mfu 1.65%
iter 14690: loss 1.0319, time 489.02ms, mfu 1.66%
iter 14700: loss 1.0523, time 489.73ms, mfu 1.66%
iter 14710: loss 1.0649, time 488.51ms, mfu 1.66%
iter 14720: loss 1.0502, time 487.91ms, mfu 1.66%
iter 14730: loss 1.0293, time 490.57ms, mfu 1.66%
iter 14740: loss 1.0584, time 487.60ms, mfu 1.66%
iter 14750: loss 1.0483, time 493.90ms, mfu 1.66%
iter 14760: loss 1.0757, time 489.59ms, mfu 1.66%
iter 14770: loss 1.0439, time 487.47ms, mfu 1.67%
iter 14780: loss 1.0497, time 490.25ms, mfu 1.67%
iter 14790: loss 1.0436, time 484.53ms, mfu 1.67%
iter 14800: loss 1.0664, time 582.14ms, mfu 1.64%
iter 14810: loss 1.0416, time 486.58ms, mfu 1.65%
iter 14820: loss 1.0290, time 486.09ms, mfu 1.65%
iter 14830: loss 1.0484, time 487.11ms, mfu 1.65%
iter 14840: loss 1.0512, time 486.73ms, mfu 1.66%
iter 14850: loss 1.0735, time 489.34ms, mfu 1.66%
iter 14860: loss 1.0369, time 484.55ms, mfu 1.66%
iter 14870: loss 1.0277, time 485.39ms, mfu 1.66%
iter 14880: loss 1.0548, time 486.22ms, mfu 1.67%
iter 14890: loss 1.0656, time 486.49ms, mfu 1.67%
iter 14900: loss 1.0316, time 487.38ms, mfu 1.67%
iter 14910: loss 1.0188, time 488.10ms, mfu 1.67%
iter 14920: loss 1.0478, time 488.35ms, mfu 1.67%
iter 14930: loss 1.0665, time 486.86ms, mfu 1.67%
iter 14940: loss 1.0268, time 488.70ms, mfu 1.67%
iter 14950: loss 1.0299, time 488.42ms, mfu 1.67%
iter 14960: loss 1.0531, time 485.72ms, mfu 1.67%
iter 14970: loss 1.0596, time 487.30ms, mfu 1.67%
iter 14980: loss 1.0597, time 485.60ms, mfu 1.68%
iter 14990: loss 1.0517, time 485.76ms, mfu 1.68%
step 15000: train loss 0.8715, val loss 1.5124
saving checkpoint to /net/scratch2/junyuren/nanoGPT-manifold/out-phase2.5-lr4x
iter 15000: loss 1.0694, time 5028.65ms, mfu 1.52%
