Overriding config with config/phase2.5_drop10.py:
# Phase 2.5 Dropout Sweep: 0.1 for Grassmann layers
# Base: stable_rank_x2 (r=48,20, scale=4.63,10.14), LR=8e-3

out_dir = '/net/scratch2/junyuren/nanoGPT-manifold/out-phase2.5-drop10'
eval_interval = 500
eval_iters = 200
log_interval = 10
always_save_checkpoint = True

wandb_log = False
wandb_project = 'nanogpt-manifold'
wandb_run_name = 'phase2.5-drop10'

dataset = 'shakespeare_char'
gradient_accumulation_steps = 1
batch_size = 64
block_size = 256

n_layer = 6
n_head = 6
n_embd = 384
dropout = 0.1  # Grassmann-specific dropout
bias = False

learning_rate = 1e-3
max_iters = 15000
lr_decay_iters = 15000
min_lr = 1e-4
weight_decay = 1e-1
beta1 = 0.9
beta2 = 0.99
grad_clip = 1.0

decay_lr = True
warmup_iters = 100

use_grassmann = True
grassmann_phase = 'phase2.5'

grass_rank_c_attn = 48
grass_rank_mlp_fc = 20
grass_scale_c_attn = 4.6293
grass_scale_mlp_fc = 10.1372

grass_rank = 48
grass_lr = 8e-3
grass_a = 1.0
grass_b = 0.0
grass_alpha = 0.01
grass_steps = 10
grass_tol = 1e-6

device = 'cuda'
dtype = 'bfloat16'
compile = True

tokens per iteration will be: 16,384
found vocab_size = 65 (inside data/shakespeare_char/meta.pkl)
Initializing a new model from scratch
number of parameters: 10.65M

=== Phase phase2.5 Grassmann Configuration ===
  Variant .5: attn.c_proj uses AdamW (not Grassmann)

Per-block configuration (6 blocks):
  c_attn ranks:       [48, 48, 48, 48, 48, 48]
  c_attn scales:      ['4.63', '4.63', '4.63', '4.63', '4.63', '4.63']
  mlp.c_fc ranks:     [20, 20, 20, 20, 20, 20]
  mlp.c_fc scales:    ['10.14', '10.14', '10.14', '10.14', '10.14', '10.14']
Grassmann Muon parameters: 6 weight matrices, 3,538,944 params
AdamW decay parameters: 20 tensors, 7,201,152 params
AdamW no-decay parameters: 13 tensors, 4,992 params
  transformer.h.0.mlp.c_fc.weight: k=4, G_{1.0,0.0,20}, lr=0.008, scale=10.1372, type=vertical
  transformer.h.1.mlp.c_fc.weight: k=4, G_{1.0,0.0,20}, lr=0.008, scale=10.1372, type=vertical
  transformer.h.2.mlp.c_fc.weight: k=4, G_{1.0,0.0,20}, lr=0.008, scale=10.1372, type=vertical
  transformer.h.3.mlp.c_fc.weight: k=4, G_{1.0,0.0,20}, lr=0.008, scale=10.1372, type=vertical
  transformer.h.4.mlp.c_fc.weight: k=4, G_{1.0,0.0,20}, lr=0.008, scale=10.1372, type=vertical
  transformer.h.5.mlp.c_fc.weight: k=4, G_{1.0,0.0,20}, lr=0.008, scale=10.1372, type=vertical
using fused AdamW: True

=== Initializing Grassmann Weights (Block Decomposition) ===
Number of weight types to initialize: 6

Initializing mlp.c_fc.: k=4, G_{1.0,0.0,20}, type=vertical
  Initialized transformer.h.0.mlp.c_fc.weight (1536, 384) as 4 blocks of (384, 384) on G_{1.0,0.0,20}
  Initialized transformer.h.1.mlp.c_fc.weight (1536, 384) as 4 blocks of (384, 384) on G_{1.0,0.0,20}
  Initialized transformer.h.2.mlp.c_fc.weight (1536, 384) as 4 blocks of (384, 384) on G_{1.0,0.0,20}
  Initialized transformer.h.3.mlp.c_fc.weight (1536, 384) as 4 blocks of (384, 384) on G_{1.0,0.0,20}
  Initialized transformer.h.4.mlp.c_fc.weight (1536, 384) as 4 blocks of (384, 384) on G_{1.0,0.0,20}
  Initialized transformer.h.5.mlp.c_fc.weight (1536, 384) as 4 blocks of (384, 384) on G_{1.0,0.0,20}

Initializing transformer.h.1.mlp.c_fc.: k=4, G_{1.0,0.0,20}, type=vertical
  Initialized transformer.h.1.mlp.c_fc.weight (1536, 384) as 4 blocks of (384, 384) on G_{1.0,0.0,20}

Initializing transformer.h.2.mlp.c_fc.: k=4, G_{1.0,0.0,20}, type=vertical
  Initialized transformer.h.2.mlp.c_fc.weight (1536, 384) as 4 blocks of (384, 384) on G_{1.0,0.0,20}

Initializing transformer.h.3.mlp.c_fc.: k=4, G_{1.0,0.0,20}, type=vertical
  Initialized transformer.h.3.mlp.c_fc.weight (1536, 384) as 4 blocks of (384, 384) on G_{1.0,0.0,20}

Initializing transformer.h.4.mlp.c_fc.: k=4, G_{1.0,0.0,20}, type=vertical
  Initialized transformer.h.4.mlp.c_fc.weight (1536, 384) as 4 blocks of (384, 384) on G_{1.0,0.0,20}

Initializing transformer.h.5.mlp.c_fc.: k=4, G_{1.0,0.0,20}, type=vertical
  Initialized transformer.h.5.mlp.c_fc.weight (1536, 384) as 4 blocks of (384, 384) on G_{1.0,0.0,20}

Grassmann block initialization complete.

=== Setting up component-specific dropout ===
AdamW components: dropout = 0.1
Grassmann components: dropout = 0.05
Component-specific dropout setup complete.

=== Setting up norm-preserving scaling (Phase phase2.5) ===
  Added frozen 0.5×I scaling after mlp.c_fc (device=cuda:0)
  Added frozen 0.5×I scaling after mlp.c_fc (device=cuda:0)
  Added frozen 0.5×I scaling after mlp.c_fc (device=cuda:0)
  Added frozen 0.5×I scaling after mlp.c_fc (device=cuda:0)
  Added frozen 0.5×I scaling after mlp.c_fc (device=cuda:0)
  Added frozen 0.5×I scaling after mlp.c_fc (device=cuda:0)
Norm-preserving scaling setup complete.
compiling the model... (takes a ~minute)
step 0: train loss 4.3558, val loss 4.3521
iter 0: loss 4.3523, time 16311.25ms, mfu -100.00%
iter 10: loss 3.3516, time 582.35ms, mfu 1.41%
iter 20: loss 3.0925, time 477.61ms, mfu 1.44%
iter 30: loss 2.7452, time 477.81ms, mfu 1.46%
iter 40: loss 2.6005, time 487.63ms, mfu 1.49%
iter 50: loss 2.5438, time 487.11ms, mfu 1.51%
iter 60: loss 2.5445, time 488.87ms, mfu 1.52%
iter 70: loss 2.5121, time 498.95ms, mfu 1.53%
iter 80: loss 2.4893, time 487.98ms, mfu 1.55%
iter 90: loss 2.4785, time 494.88ms, mfu 1.56%
iter 100: loss 2.4965, time 494.61ms, mfu 1.57%
iter 110: loss 2.4414, time 500.19ms, mfu 1.58%
iter 120: loss 2.4488, time 496.54ms, mfu 1.58%
iter 130: loss 2.4209, time 500.07ms, mfu 1.59%
iter 140: loss 2.4138, time 499.36ms, mfu 1.59%
iter 150: loss 2.3931, time 498.51ms, mfu 1.60%
iter 160: loss 2.3903, time 498.85ms, mfu 1.60%
iter 170: loss 2.3455, time 498.10ms, mfu 1.61%
iter 180: loss 2.3469, time 493.43ms, mfu 1.61%
iter 190: loss 2.2811, time 496.07ms, mfu 1.62%
iter 200: loss 2.2571, time 495.39ms, mfu 1.62%
iter 210: loss 2.2516, time 496.00ms, mfu 1.62%
iter 220: loss 2.1710, time 496.28ms, mfu 1.63%
iter 230: loss 2.1642, time 495.32ms, mfu 1.63%
iter 240: loss 2.0792, time 504.14ms, mfu 1.63%
iter 250: loss 2.0845, time 496.26ms, mfu 1.63%
iter 260: loss 2.0706, time 495.98ms, mfu 1.63%
iter 270: loss 2.0468, time 497.74ms, mfu 1.63%
iter 280: loss 2.0454, time 499.67ms, mfu 1.63%
iter 290: loss 1.9965, time 498.23ms, mfu 1.63%
iter 300: loss 2.0399, time 490.68ms, mfu 1.64%
iter 310: loss 1.9727, time 494.04ms, mfu 1.64%
iter 320: loss 1.9436, time 502.95ms, mfu 1.64%
iter 330: loss 1.9319, time 498.41ms, mfu 1.64%
iter 340: loss 1.9097, time 494.40ms, mfu 1.64%
iter 350: loss 1.9172, time 499.36ms, mfu 1.64%
iter 360: loss 1.9355, time 495.25ms, mfu 1.64%
iter 370: loss 1.8733, time 493.91ms, mfu 1.64%
iter 380: loss 1.8696, time 497.08ms, mfu 1.64%
iter 390: loss 1.9177, time 496.75ms, mfu 1.64%
iter 400: loss 1.8803, time 496.09ms, mfu 1.64%
iter 410: loss 1.8831, time 497.77ms, mfu 1.64%
iter 420: loss 1.8325, time 495.60ms, mfu 1.65%
iter 430: loss 1.7999, time 496.94ms, mfu 1.65%
iter 440: loss 1.8292, time 498.66ms, mfu 1.65%
iter 450: loss 1.8103, time 496.53ms, mfu 1.65%
iter 460: loss 1.7947, time 498.16ms, mfu 1.65%
iter 470: loss 1.8088, time 494.33ms, mfu 1.65%
iter 480: loss 1.7899, time 496.54ms, mfu 1.65%
iter 490: loss 1.7872, time 498.03ms, mfu 1.65%
step 500: train loss 1.6731, val loss 1.8325
saving checkpoint to /net/scratch2/junyuren/nanoGPT-manifold/out-phase2.5-drop10
iter 500: loss 1.7852, time 5065.38ms, mfu 1.50%
iter 510: loss 1.7801, time 496.45ms, mfu 1.51%
iter 520: loss 1.7524, time 495.02ms, mfu 1.53%
iter 530: loss 1.7392, time 496.06ms, mfu 1.54%
iter 540: loss 1.7396, time 495.86ms, mfu 1.55%
iter 550: loss 1.7608, time 495.37ms, mfu 1.56%
iter 560: loss 1.7345, time 495.68ms, mfu 1.57%
iter 570: loss 1.7285, time 498.93ms, mfu 1.58%
iter 580: loss 1.7052, time 495.85ms, mfu 1.58%
iter 590: loss 1.6981, time 496.11ms, mfu 1.59%
iter 600: loss 1.6652, time 494.12ms, mfu 1.60%
iter 610: loss 1.6833, time 494.05ms, mfu 1.60%
iter 620: loss 1.6766, time 512.11ms, mfu 1.60%
iter 630: loss 1.7153, time 495.47ms, mfu 1.61%
iter 640: loss 1.7099, time 495.90ms, mfu 1.61%
iter 650: loss 1.6616, time 494.55ms, mfu 1.62%
iter 660: loss 1.6760, time 496.34ms, mfu 1.62%
iter 670: loss 1.6609, time 497.72ms, mfu 1.62%
iter 680: loss 1.6616, time 496.15ms, mfu 1.63%
iter 690: loss 1.6620, time 497.93ms, mfu 1.63%
iter 700: loss 1.6629, time 496.19ms, mfu 1.63%
iter 710: loss 1.6622, time 496.32ms, mfu 1.63%
iter 720: loss 1.6227, time 494.69ms, mfu 1.63%
iter 730: loss 1.6296, time 496.29ms, mfu 1.64%
iter 740: loss 1.6444, time 494.53ms, mfu 1.64%
iter 750: loss 1.6339, time 498.85ms, mfu 1.64%
iter 760: loss 1.6121, time 496.10ms, mfu 1.64%
iter 770: loss 1.6341, time 494.79ms, mfu 1.64%
iter 780: loss 1.6048, time 495.44ms, mfu 1.64%
iter 790: loss 1.6157, time 493.35ms, mfu 1.64%
iter 800: loss 1.5957, time 495.21ms, mfu 1.64%
iter 810: loss 1.5750, time 496.92ms, mfu 1.64%
iter 820: loss 1.6209, time 496.71ms, mfu 1.65%
iter 830: loss 1.6251, time 496.47ms, mfu 1.65%
iter 840: loss 1.6050, time 496.64ms, mfu 1.65%
iter 850: loss 1.5978, time 496.34ms, mfu 1.65%
iter 860: loss 1.5905, time 495.48ms, mfu 1.65%
iter 870: loss 1.5848, time 495.76ms, mfu 1.65%
iter 880: loss 1.6197, time 496.90ms, mfu 1.65%
iter 890: loss 1.6103, time 496.29ms, mfu 1.65%
iter 900: loss 1.5645, time 495.87ms, mfu 1.65%
iter 910: loss 1.5956, time 494.07ms, mfu 1.65%
iter 920: loss 1.5572, time 496.23ms, mfu 1.65%
iter 930: loss 1.5806, time 494.92ms, mfu 1.65%
iter 940: loss 1.5759, time 492.96ms, mfu 1.65%
iter 950: loss 1.5549, time 495.13ms, mfu 1.65%
iter 960: loss 1.5584, time 496.33ms, mfu 1.65%
iter 970: loss 1.5837, time 494.70ms, mfu 1.65%
iter 980: loss 1.5519, time 495.17ms, mfu 1.65%
iter 990: loss 1.5518, time 496.35ms, mfu 1.65%
step 1000: train loss 1.4610, val loss 1.6585
saving checkpoint to /net/scratch2/junyuren/nanoGPT-manifold/out-phase2.5-drop10
iter 1000: loss 1.5446, time 5067.94ms, mfu 1.50%
iter 1010: loss 1.5506, time 495.06ms, mfu 1.52%
iter 1020: loss 1.5027, time 499.94ms, mfu 1.53%
iter 1030: loss 1.5315, time 495.15ms, mfu 1.54%
iter 1040: loss 1.5422, time 495.96ms, mfu 1.55%
iter 1050: loss 1.4806, time 494.30ms, mfu 1.56%
iter 1060: loss 1.5176, time 496.09ms, mfu 1.57%
iter 1070: loss 1.5354, time 494.00ms, mfu 1.58%
iter 1080: loss 1.5411, time 497.75ms, mfu 1.59%
iter 1090: loss 1.5358, time 494.87ms, mfu 1.59%
iter 1100: loss 1.5241, time 497.67ms, mfu 1.60%
iter 1110: loss 1.4889, time 496.25ms, mfu 1.60%
iter 1120: loss 1.5373, time 493.25ms, mfu 1.61%
iter 1130: loss 1.5339, time 496.48ms, mfu 1.61%
iter 1140: loss 1.4968, time 494.43ms, mfu 1.62%
iter 1150: loss 1.4785, time 497.18ms, mfu 1.62%
iter 1160: loss 1.5437, time 496.69ms, mfu 1.62%
iter 1170: loss 1.5228, time 495.58ms, mfu 1.63%
iter 1180: loss 1.4846, time 497.02ms, mfu 1.63%
iter 1190: loss 1.5029, time 495.60ms, mfu 1.63%
iter 1200: loss 1.5095, time 496.70ms, mfu 1.63%
iter 1210: loss 1.5042, time 495.19ms, mfu 1.63%
iter 1220: loss 1.4870, time 495.29ms, mfu 1.64%
iter 1230: loss 1.4677, time 495.35ms, mfu 1.64%
iter 1240: loss 1.5413, time 493.96ms, mfu 1.64%
iter 1250: loss 1.4478, time 493.75ms, mfu 1.64%
iter 1260: loss 1.4949, time 495.45ms, mfu 1.64%
iter 1270: loss 1.5043, time 497.64ms, mfu 1.64%
iter 1280: loss 1.4700, time 493.34ms, mfu 1.64%
iter 1290: loss 1.4897, time 495.57ms, mfu 1.65%
iter 1300: loss 1.4808, time 497.93ms, mfu 1.65%
iter 1310: loss 1.4861, time 494.63ms, mfu 1.65%
iter 1320: loss 1.5102, time 495.36ms, mfu 1.65%
iter 1330: loss 1.4940, time 495.79ms, mfu 1.65%
iter 1340: loss 1.4729, time 502.12ms, mfu 1.65%
iter 1350: loss 1.4468, time 498.63ms, mfu 1.65%
iter 1360: loss 1.4513, time 496.72ms, mfu 1.65%
iter 1370: loss 1.5028, time 494.01ms, mfu 1.65%
iter 1380: loss 1.4620, time 496.15ms, mfu 1.65%
iter 1390: loss 1.4410, time 491.33ms, mfu 1.65%
iter 1400: loss 1.4797, time 498.34ms, mfu 1.65%
iter 1410: loss 1.4468, time 496.22ms, mfu 1.65%
iter 1420: loss 1.4344, time 497.46ms, mfu 1.65%
iter 1430: loss 1.4547, time 495.22ms, mfu 1.65%
iter 1440: loss 1.4314, time 496.16ms, mfu 1.65%
iter 1450: loss 1.4369, time 496.20ms, mfu 1.65%
iter 1460: loss 1.4513, time 495.27ms, mfu 1.65%
iter 1470: loss 1.4129, time 495.92ms, mfu 1.65%
iter 1480: loss 1.4626, time 496.76ms, mfu 1.65%
iter 1490: loss 1.4443, time 495.99ms, mfu 1.65%
step 1500: train loss 1.3545, val loss 1.5856
saving checkpoint to /net/scratch2/junyuren/nanoGPT-manifold/out-phase2.5-drop10
iter 1500: loss 1.4659, time 7138.30ms, mfu 1.50%
iter 1510: loss 1.4592, time 494.30ms, mfu 1.51%
iter 1520: loss 1.3987, time 498.13ms, mfu 1.53%
iter 1530: loss 1.4250, time 496.15ms, mfu 1.54%
iter 1540: loss 1.4434, time 495.25ms, mfu 1.55%
iter 1550: loss 1.4491, time 496.20ms, mfu 1.56%
iter 1560: loss 1.4313, time 496.85ms, mfu 1.57%
iter 1570: loss 1.3827, time 494.94ms, mfu 1.58%
iter 1580: loss 1.4362, time 495.28ms, mfu 1.58%
iter 1590: loss 1.4124, time 497.47ms, mfu 1.59%
iter 1600: loss 1.4406, time 495.69ms, mfu 1.60%
iter 1610: loss 1.4602, time 496.53ms, mfu 1.60%
iter 1620: loss 1.4300, time 495.85ms, mfu 1.61%
iter 1630: loss 1.4641, time 495.32ms, mfu 1.61%
iter 1640: loss 1.4479, time 495.32ms, mfu 1.62%
iter 1650: loss 1.4306, time 496.31ms, mfu 1.62%
iter 1660: loss 1.3952, time 495.65ms, mfu 1.62%
iter 1670: loss 1.4288, time 495.76ms, mfu 1.63%
iter 1680: loss 1.4361, time 495.96ms, mfu 1.63%
iter 1690: loss 1.4138, time 494.30ms, mfu 1.63%
iter 1700: loss 1.4094, time 496.57ms, mfu 1.63%
iter 1710: loss 1.4477, time 494.51ms, mfu 1.63%
iter 1720: loss 1.4098, time 495.09ms, mfu 1.64%
iter 1730: loss 1.4154, time 495.81ms, mfu 1.64%
iter 1740: loss 1.4153, time 494.63ms, mfu 1.64%
iter 1750: loss 1.4256, time 495.28ms, mfu 1.64%
iter 1760: loss 1.4219, time 495.33ms, mfu 1.64%
iter 1770: loss 1.4089, time 497.96ms, mfu 1.64%
iter 1780: loss 1.4095, time 496.65ms, mfu 1.64%
iter 1790: loss 1.3962, time 495.00ms, mfu 1.64%
iter 1800: loss 1.3887, time 496.32ms, mfu 1.64%
iter 1810: loss 1.4194, time 496.09ms, mfu 1.65%
iter 1820: loss 1.4086, time 496.47ms, mfu 1.65%
iter 1830: loss 1.3925, time 495.40ms, mfu 1.65%
iter 1840: loss 1.3989, time 497.82ms, mfu 1.65%
iter 1850: loss 1.4057, time 496.39ms, mfu 1.65%
iter 1860: loss 1.4122, time 496.19ms, mfu 1.65%
iter 1870: loss 1.3726, time 497.73ms, mfu 1.65%
iter 1880: loss 1.4162, time 494.84ms, mfu 1.65%
iter 1890: loss 1.4078, time 494.09ms, mfu 1.65%
iter 1900: loss 1.3932, time 495.45ms, mfu 1.65%
iter 1910: loss 1.3609, time 497.98ms, mfu 1.65%
iter 1920: loss 1.4156, time 496.28ms, mfu 1.65%
iter 1930: loss 1.4028, time 496.77ms, mfu 1.65%
iter 1940: loss 1.3909, time 495.43ms, mfu 1.65%
iter 1950: loss 1.4242, time 497.00ms, mfu 1.65%
iter 1960: loss 1.3585, time 495.45ms, mfu 1.65%
iter 1970: loss 1.3992, time 494.83ms, mfu 1.65%
iter 1980: loss 1.3910, time 492.53ms, mfu 1.65%
iter 1990: loss 1.3661, time 496.62ms, mfu 1.65%
step 2000: train loss 1.2859, val loss 1.5473
saving checkpoint to /net/scratch2/junyuren/nanoGPT-manifold/out-phase2.5-drop10
iter 2000: loss 1.3733, time 5111.42ms, mfu 1.50%
iter 2010: loss 1.3724, time 495.54ms, mfu 1.52%
iter 2020: loss 1.4197, time 496.16ms, mfu 1.53%
iter 2030: loss 1.3972, time 495.60ms, mfu 1.54%
iter 2040: loss 1.3746, time 497.82ms, mfu 1.55%
iter 2050: loss 1.3680, time 498.15ms, mfu 1.56%
iter 2060: loss 1.3825, time 495.74ms, mfu 1.57%
iter 2070: loss 1.3945, time 497.50ms, mfu 1.58%
iter 2080: loss 1.3561, time 495.52ms, mfu 1.59%
iter 2090: loss 1.3820, time 495.46ms, mfu 1.59%
iter 2100: loss 1.3529, time 495.59ms, mfu 1.60%
iter 2110: loss 1.3407, time 495.85ms, mfu 1.60%
iter 2120: loss 1.3794, time 493.94ms, mfu 1.61%
iter 2130: loss 1.3467, time 497.18ms, mfu 1.61%
iter 2140: loss 1.3338, time 495.61ms, mfu 1.62%
iter 2150: loss 1.3583, time 495.80ms, mfu 1.62%
iter 2160: loss 1.3655, time 494.73ms, mfu 1.62%
iter 2170: loss 1.3585, time 498.59ms, mfu 1.63%
iter 2180: loss 1.3717, time 495.05ms, mfu 1.63%
iter 2190: loss 1.3438, time 495.15ms, mfu 1.63%
iter 2200: loss 1.3773, time 495.27ms, mfu 1.63%
iter 2210: loss 1.3825, time 494.95ms, mfu 1.63%
iter 2220: loss 1.3519, time 496.11ms, mfu 1.64%
iter 2230: loss 1.3432, time 497.22ms, mfu 1.64%
iter 2240: loss 1.3685, time 496.99ms, mfu 1.64%
iter 2250: loss 1.3490, time 497.56ms, mfu 1.64%
iter 2260: loss 1.3065, time 496.22ms, mfu 1.64%
iter 2270: loss 1.3148, time 495.84ms, mfu 1.64%
iter 2280: loss 1.3273, time 498.09ms, mfu 1.64%
iter 2290: loss 1.3520, time 494.76ms, mfu 1.64%
iter 2300: loss 1.3590, time 495.75ms, mfu 1.64%
iter 2310: loss 1.3766, time 497.32ms, mfu 1.64%
iter 2320: loss 1.3595, time 495.75ms, mfu 1.64%
iter 2330: loss 1.3709, time 494.83ms, mfu 1.65%
iter 2340: loss 1.3504, time 495.93ms, mfu 1.65%
iter 2350: loss 1.3680, time 497.87ms, mfu 1.65%
iter 2360: loss 1.3625, time 497.86ms, mfu 1.65%
iter 2370: loss 1.3268, time 494.40ms, mfu 1.65%
iter 2380: loss 1.3600, time 494.95ms, mfu 1.65%
iter 2390: loss 1.3406, time 496.01ms, mfu 1.65%
iter 2400: loss 1.3495, time 495.12ms, mfu 1.65%
iter 2410: loss 1.3047, time 496.48ms, mfu 1.65%
iter 2420: loss 1.3483, time 494.76ms, mfu 1.65%
iter 2430: loss 1.3347, time 495.91ms, mfu 1.65%
iter 2440: loss 1.3404, time 496.20ms, mfu 1.65%
iter 2450: loss 1.3240, time 495.39ms, mfu 1.65%
iter 2460: loss 1.3439, time 495.70ms, mfu 1.65%
iter 2470: loss 1.3552, time 496.44ms, mfu 1.65%
iter 2480: loss 1.3412, time 496.10ms, mfu 1.65%
iter 2490: loss 1.3398, time 496.85ms, mfu 1.65%
step 2500: train loss 1.2399, val loss 1.5172
saving checkpoint to /net/scratch2/junyuren/nanoGPT-manifold/out-phase2.5-drop10
iter 2500: loss 1.3046, time 5135.87ms, mfu 1.50%
iter 2510: loss 1.3404, time 494.38ms, mfu 1.52%
iter 2520: loss 1.3267, time 496.87ms, mfu 1.53%
iter 2530: loss 1.3153, time 493.92ms, mfu 1.54%
iter 2540: loss 1.3384, time 497.59ms, mfu 1.55%
iter 2550: loss 1.2901, time 495.69ms, mfu 1.56%
iter 2560: loss 1.3320, time 495.90ms, mfu 1.57%
iter 2570: loss 1.3128, time 497.15ms, mfu 1.58%
iter 2580: loss 1.3014, time 496.75ms, mfu 1.59%
iter 2590: loss 1.3245, time 496.68ms, mfu 1.59%
iter 2600: loss 1.3367, time 495.55ms, mfu 1.60%
iter 2610: loss 1.3272, time 497.10ms, mfu 1.60%
iter 2620: loss 1.2963, time 496.18ms, mfu 1.61%
iter 2630: loss 1.3638, time 495.55ms, mfu 1.61%
iter 2640: loss 1.3216, time 498.92ms, mfu 1.61%
iter 2650: loss 1.3328, time 496.46ms, mfu 1.62%
iter 2660: loss 1.3317, time 494.84ms, mfu 1.62%
iter 2670: loss 1.3406, time 496.10ms, mfu 1.62%
iter 2680: loss 1.3239, time 500.35ms, mfu 1.63%
iter 2690: loss 1.3119, time 497.66ms, mfu 1.63%
iter 2700: loss 1.3356, time 494.46ms, mfu 1.63%
iter 2710: loss 1.2956, time 496.53ms, mfu 1.63%
iter 2720: loss 1.3207, time 496.01ms, mfu 1.63%
iter 2730: loss 1.3667, time 495.47ms, mfu 1.64%
iter 2740: loss 1.2821, time 495.11ms, mfu 1.64%
iter 2750: loss 1.3168, time 493.10ms, mfu 1.64%
iter 2760: loss 1.3358, time 495.06ms, mfu 1.64%
iter 2770: loss 1.2631, time 506.52ms, mfu 1.64%
iter 2780: loss 1.3245, time 497.88ms, mfu 1.64%
iter 2790: loss 1.3011, time 495.01ms, mfu 1.64%
iter 2800: loss 1.3041, time 493.57ms, mfu 1.64%
iter 2810: loss 1.3117, time 496.68ms, mfu 1.64%
iter 2820: loss 1.2738, time 493.81ms, mfu 1.64%
iter 2830: loss 1.2693, time 497.23ms, mfu 1.64%
iter 2840: loss 1.3122, time 499.62ms, mfu 1.64%
iter 2850: loss 1.3058, time 497.46ms, mfu 1.64%
iter 2860: loss 1.2908, time 498.02ms, mfu 1.64%
iter 2870: loss 1.2899, time 496.41ms, mfu 1.64%
iter 2880: loss 1.3058, time 497.22ms, mfu 1.64%
iter 2890: loss 1.2755, time 495.44ms, mfu 1.65%
iter 2900: loss 1.3126, time 496.31ms, mfu 1.65%
iter 2910: loss 1.3080, time 496.90ms, mfu 1.65%
iter 2920: loss 1.3089, time 494.56ms, mfu 1.65%
iter 2930: loss 1.2698, time 495.96ms, mfu 1.65%
iter 2940: loss 1.2838, time 496.65ms, mfu 1.65%
iter 2950: loss 1.3048, time 495.63ms, mfu 1.65%
iter 2960: loss 1.2958, time 499.55ms, mfu 1.65%
iter 2970: loss 1.2984, time 494.56ms, mfu 1.65%
iter 2980: loss 1.2900, time 496.18ms, mfu 1.65%
iter 2990: loss 1.2993, time 497.57ms, mfu 1.65%
step 3000: train loss 1.1978, val loss 1.5161
saving checkpoint to /net/scratch2/junyuren/nanoGPT-manifold/out-phase2.5-drop10
iter 3000: loss 1.2862, time 5122.61ms, mfu 1.50%
iter 3010: loss 1.2846, time 496.49ms, mfu 1.51%
iter 3020: loss 1.2702, time 497.27ms, mfu 1.53%
iter 3030: loss 1.2934, time 497.14ms, mfu 1.54%
iter 3040: loss 1.2718, time 496.96ms, mfu 1.55%
iter 3050: loss 1.3005, time 497.73ms, mfu 1.56%
iter 3060: loss 1.3051, time 496.53ms, mfu 1.57%
iter 3070: loss 1.2807, time 494.81ms, mfu 1.58%
iter 3080: loss 1.2713, time 499.73ms, mfu 1.58%
iter 3090: loss 1.3220, time 497.34ms, mfu 1.59%
iter 3100: loss 1.2776, time 495.78ms, mfu 1.60%
iter 3110: loss 1.2835, time 497.11ms, mfu 1.60%
iter 3120: loss 1.2775, time 496.17ms, mfu 1.61%
iter 3130: loss 1.2858, time 497.01ms, mfu 1.61%
iter 3140: loss 1.2916, time 495.36ms, mfu 1.61%
iter 3150: loss 1.2561, time 495.18ms, mfu 1.62%
iter 3160: loss 1.2651, time 496.83ms, mfu 1.62%
iter 3170: loss 1.2931, time 497.43ms, mfu 1.62%
iter 3180: loss 1.2962, time 494.88ms, mfu 1.63%
iter 3190: loss 1.2636, time 496.86ms, mfu 1.63%
iter 3200: loss 1.2917, time 495.18ms, mfu 1.63%
iter 3210: loss 1.2817, time 497.29ms, mfu 1.63%
iter 3220: loss 1.2782, time 494.43ms, mfu 1.63%
iter 3230: loss 1.2734, time 496.94ms, mfu 1.64%
iter 3240: loss 1.2794, time 495.66ms, mfu 1.64%
iter 3250: loss 1.2640, time 495.36ms, mfu 1.64%
iter 3260: loss 1.2352, time 495.85ms, mfu 1.64%
iter 3270: loss 1.2964, time 498.22ms, mfu 1.64%
iter 3280: loss 1.2750, time 495.56ms, mfu 1.64%
iter 3290: loss 1.2701, time 499.67ms, mfu 1.64%
iter 3300: loss 1.2599, time 497.31ms, mfu 1.64%
iter 3310: loss 1.2891, time 494.85ms, mfu 1.64%
iter 3320: loss 1.2589, time 496.93ms, mfu 1.64%
iter 3330: loss 1.2467, time 496.31ms, mfu 1.64%
iter 3340: loss 1.2498, time 496.51ms, mfu 1.64%
iter 3350: loss 1.2658, time 495.76ms, mfu 1.65%
iter 3360: loss 1.2639, time 496.87ms, mfu 1.65%
iter 3370: loss 1.2420, time 496.52ms, mfu 1.65%
iter 3380: loss 1.2544, time 496.85ms, mfu 1.65%
iter 3390: loss 1.3065, time 495.75ms, mfu 1.65%
iter 3400: loss 1.3202, time 497.75ms, mfu 1.65%
iter 3410: loss 1.2508, time 496.19ms, mfu 1.65%
iter 3420: loss 1.2568, time 495.74ms, mfu 1.65%
iter 3430: loss 1.2348, time 496.16ms, mfu 1.65%
iter 3440: loss 1.2260, time 495.92ms, mfu 1.65%
iter 3450: loss 1.2632, time 495.36ms, mfu 1.65%
iter 3460: loss 1.2610, time 495.71ms, mfu 1.65%
iter 3470: loss 1.2571, time 497.05ms, mfu 1.65%
iter 3480: loss 1.2591, time 498.84ms, mfu 1.65%
iter 3490: loss 1.2425, time 494.73ms, mfu 1.65%
step 3500: train loss 1.1572, val loss 1.5133
saving checkpoint to /net/scratch2/junyuren/nanoGPT-manifold/out-phase2.5-drop10
iter 3500: loss 1.2722, time 5088.27ms, mfu 1.50%
iter 3510: loss 1.2471, time 494.67ms, mfu 1.52%
iter 3520: loss 1.2499, time 497.61ms, mfu 1.53%
iter 3530: loss 1.2868, time 496.20ms, mfu 1.54%
iter 3540: loss 1.2478, time 496.29ms, mfu 1.55%
iter 3550: loss 1.2639, time 498.63ms, mfu 1.56%
iter 3560: loss 1.2588, time 498.60ms, mfu 1.57%
iter 3570: loss 1.2340, time 496.15ms, mfu 1.58%
iter 3580: loss 1.2485, time 494.64ms, mfu 1.58%
iter 3590: loss 1.2651, time 496.58ms, mfu 1.59%
iter 3600: loss 1.2427, time 498.33ms, mfu 1.60%
iter 3610: loss 1.2519, time 498.06ms, mfu 1.60%
iter 3620: loss 1.2662, time 496.21ms, mfu 1.61%
iter 3630: loss 1.2332, time 495.00ms, mfu 1.61%
iter 3640: loss 1.2342, time 499.04ms, mfu 1.61%
iter 3650: loss 1.2549, time 496.10ms, mfu 1.62%
iter 3660: loss 1.2471, time 499.37ms, mfu 1.62%
iter 3670: loss 1.2415, time 498.71ms, mfu 1.62%
iter 3680: loss 1.2635, time 494.84ms, mfu 1.62%
iter 3690: loss 1.2319, time 498.04ms, mfu 1.63%
iter 3700: loss 1.1955, time 497.91ms, mfu 1.63%
iter 3710: loss 1.2689, time 498.31ms, mfu 1.63%
iter 3720: loss 1.2605, time 498.67ms, mfu 1.63%
iter 3730: loss 1.2449, time 495.33ms, mfu 1.63%
iter 3740: loss 1.2417, time 498.21ms, mfu 1.63%
iter 3750: loss 1.2645, time 497.27ms, mfu 1.64%
iter 3760: loss 1.2322, time 498.27ms, mfu 1.64%
iter 3770: loss 1.2497, time 499.46ms, mfu 1.64%
iter 3780: loss 1.2366, time 497.94ms, mfu 1.64%
iter 3790: loss 1.2498, time 499.49ms, mfu 1.64%
iter 3800: loss 1.2587, time 496.51ms, mfu 1.64%
iter 3810: loss 1.2434, time 498.34ms, mfu 1.64%
iter 3820: loss 1.2451, time 497.26ms, mfu 1.64%
iter 3830: loss 1.2257, time 498.90ms, mfu 1.64%
iter 3840: loss 1.2528, time 500.50ms, mfu 1.64%
iter 3850: loss 1.2076, time 498.19ms, mfu 1.64%
iter 3860: loss 1.1989, time 494.92ms, mfu 1.64%
iter 3870: loss 1.2316, time 497.58ms, mfu 1.64%
iter 3880: loss 1.2543, time 497.40ms, mfu 1.64%
iter 3890: loss 1.2491, time 499.12ms, mfu 1.64%
iter 3900: loss 1.2449, time 495.33ms, mfu 1.64%
iter 3910: loss 1.2575, time 497.80ms, mfu 1.64%
iter 3920: loss 1.2133, time 497.72ms, mfu 1.64%
iter 3930: loss 1.2568, time 496.92ms, mfu 1.64%
iter 3940: loss 1.2146, time 498.69ms, mfu 1.64%
iter 3950: loss 1.2262, time 497.83ms, mfu 1.64%
iter 3960: loss 1.2068, time 497.20ms, mfu 1.64%
iter 3970: loss 1.2207, time 496.92ms, mfu 1.64%
iter 3980: loss 1.2204, time 499.19ms, mfu 1.64%
iter 3990: loss 1.2302, time 496.01ms, mfu 1.64%
step 4000: train loss 1.1196, val loss 1.5101
saving checkpoint to /net/scratch2/junyuren/nanoGPT-manifold/out-phase2.5-drop10
iter 4000: loss 1.2310, time 5106.50ms, mfu 1.50%
iter 4010: loss 1.2380, time 497.23ms, mfu 1.51%
iter 4020: loss 1.2303, time 501.64ms, mfu 1.52%
iter 4030: loss 1.2468, time 497.53ms, mfu 1.54%
iter 4040: loss 1.2215, time 499.49ms, mfu 1.55%
iter 4050: loss 1.2836, time 497.58ms, mfu 1.56%
iter 4060: loss 1.2479, time 498.21ms, mfu 1.56%
iter 4070: loss 1.2257, time 494.67ms, mfu 1.57%
iter 4080: loss 1.2012, time 496.12ms, mfu 1.58%
iter 4090: loss 1.2293, time 500.90ms, mfu 1.59%
iter 4100: loss 1.2204, time 499.55ms, mfu 1.59%
iter 4110: loss 1.2102, time 498.65ms, mfu 1.60%
iter 4120: loss 1.1984, time 497.48ms, mfu 1.60%
iter 4130: loss 1.2037, time 496.33ms, mfu 1.61%
iter 4140: loss 1.2171, time 498.22ms, mfu 1.61%
iter 4150: loss 1.2219, time 497.41ms, mfu 1.61%
iter 4160: loss 1.2430, time 497.19ms, mfu 1.62%
iter 4170: loss 1.2057, time 497.64ms, mfu 1.62%
iter 4180: loss 1.1868, time 496.32ms, mfu 1.62%
iter 4190: loss 1.2007, time 498.32ms, mfu 1.62%
iter 4200: loss 1.2151, time 498.22ms, mfu 1.63%
iter 4210: loss 1.2389, time 496.50ms, mfu 1.63%
iter 4220: loss 1.1708, time 497.78ms, mfu 1.63%
iter 4230: loss 1.2158, time 496.04ms, mfu 1.63%
iter 4240: loss 1.1967, time 500.79ms, mfu 1.63%
iter 4250: loss 1.2067, time 501.70ms, mfu 1.63%
iter 4260: loss 1.1896, time 496.00ms, mfu 1.63%
iter 4270: loss 1.2438, time 496.56ms, mfu 1.64%
iter 4280: loss 1.2178, time 498.16ms, mfu 1.64%
iter 4290: loss 1.2045, time 501.27ms, mfu 1.64%
iter 4300: loss 1.1907, time 499.47ms, mfu 1.64%
iter 4310: loss 1.1956, time 498.21ms, mfu 1.64%
iter 4320: loss 1.2165, time 496.35ms, mfu 1.64%
iter 4330: loss 1.2317, time 497.98ms, mfu 1.64%
iter 4340: loss 1.1988, time 497.70ms, mfu 1.64%
iter 4350: loss 1.2058, time 500.59ms, mfu 1.64%
iter 4360: loss 1.2240, time 499.38ms, mfu 1.64%
iter 4370: loss 1.1976, time 499.76ms, mfu 1.64%
iter 4380: loss 1.2077, time 497.15ms, mfu 1.64%
iter 4390: loss 1.1691, time 496.90ms, mfu 1.64%
iter 4400: loss 1.1996, time 495.76ms, mfu 1.64%
iter 4410: loss 1.1860, time 498.29ms, mfu 1.64%
iter 4420: loss 1.2143, time 499.46ms, mfu 1.64%
iter 4430: loss 1.1677, time 496.41ms, mfu 1.64%
iter 4440: loss 1.2353, time 498.30ms, mfu 1.64%
iter 4450: loss 1.2049, time 498.91ms, mfu 1.64%
iter 4460: loss 1.2042, time 498.44ms, mfu 1.64%
iter 4470: loss 1.1907, time 498.43ms, mfu 1.64%
iter 4480: loss 1.1932, time 495.75ms, mfu 1.64%
iter 4490: loss 1.2388, time 494.90ms, mfu 1.64%
step 4500: train loss 1.0880, val loss 1.5055
saving checkpoint to /net/scratch2/junyuren/nanoGPT-manifold/out-phase2.5-drop10
iter 4500: loss 1.2101, time 5071.18ms, mfu 1.50%
iter 4510: loss 1.1600, time 500.08ms, mfu 1.51%
iter 4520: loss 1.1807, time 500.91ms, mfu 1.52%
iter 4530: loss 1.2170, time 498.83ms, mfu 1.53%
iter 4540: loss 1.2028, time 496.79ms, mfu 1.55%
iter 4550: loss 1.2141, time 495.61ms, mfu 1.56%
iter 4560: loss 1.2174, time 496.86ms, mfu 1.57%
iter 4570: loss 1.1780, time 498.32ms, mfu 1.57%
iter 4580: loss 1.1969, time 498.58ms, mfu 1.58%
iter 4590: loss 1.1859, time 498.45ms, mfu 1.59%
iter 4600: loss 1.1850, time 497.82ms, mfu 1.59%
iter 4610: loss 1.1899, time 497.37ms, mfu 1.60%
iter 4620: loss 1.1762, time 497.05ms, mfu 1.60%
iter 4630: loss 1.1806, time 500.19ms, mfu 1.61%
iter 4640: loss 1.2025, time 497.56ms, mfu 1.61%
iter 4650: loss 1.1806, time 498.40ms, mfu 1.61%
iter 4660: loss 1.1792, time 497.02ms, mfu 1.62%
iter 4670: loss 1.1498, time 497.12ms, mfu 1.62%
iter 4680: loss 1.2058, time 500.58ms, mfu 1.62%
iter 4690: loss 1.2066, time 499.87ms, mfu 1.62%
iter 4700: loss 1.1739, time 499.77ms, mfu 1.62%
iter 4710: loss 1.1928, time 498.19ms, mfu 1.63%
iter 4720: loss 1.1825, time 496.98ms, mfu 1.63%
iter 4730: loss 1.1838, time 503.01ms, mfu 1.63%
iter 4740: loss 1.1959, time 501.22ms, mfu 1.63%
iter 4750: loss 1.1654, time 499.24ms, mfu 1.63%
iter 4760: loss 1.1726, time 500.85ms, mfu 1.63%
iter 4770: loss 1.1800, time 500.41ms, mfu 1.63%
iter 4780: loss 1.1694, time 502.24ms, mfu 1.63%
iter 4790: loss 1.1741, time 498.17ms, mfu 1.63%
iter 4800: loss 1.1861, time 500.05ms, mfu 1.63%
iter 4810: loss 1.1797, time 501.21ms, mfu 1.63%
iter 4820: loss 1.1871, time 497.06ms, mfu 1.63%
iter 4830: loss 1.1664, time 497.25ms, mfu 1.64%
iter 4840: loss 1.1799, time 497.18ms, mfu 1.64%
iter 4850: loss 1.1938, time 500.61ms, mfu 1.64%
iter 4860: loss 1.1629, time 497.13ms, mfu 1.64%
iter 4870: loss 1.1573, time 498.69ms, mfu 1.64%
iter 4880: loss 1.1832, time 497.35ms, mfu 1.64%
iter 4890: loss 1.1738, time 500.61ms, mfu 1.64%
iter 4900: loss 1.1786, time 497.96ms, mfu 1.64%
iter 4910: loss 1.2199, time 498.35ms, mfu 1.64%
iter 4920: loss 1.1966, time 498.43ms, mfu 1.64%
iter 4930: loss 1.1330, time 497.95ms, mfu 1.64%
iter 4940: loss 1.1622, time 498.53ms, mfu 1.64%
iter 4950: loss 1.1901, time 499.30ms, mfu 1.64%
iter 4960: loss 1.1690, time 500.10ms, mfu 1.64%
iter 4970: loss 1.1636, time 498.10ms, mfu 1.64%
iter 4980: loss 1.1413, time 500.30ms, mfu 1.64%
iter 4990: loss 1.1813, time 501.24ms, mfu 1.64%
step 5000: train loss 1.0528, val loss 1.5120
saving checkpoint to /net/scratch2/junyuren/nanoGPT-manifold/out-phase2.5-drop10
iter 5000: loss 1.1617, time 8020.51ms, mfu 1.49%
iter 5010: loss 1.1538, time 498.46ms, mfu 1.50%
iter 5020: loss 1.1337, time 500.77ms, mfu 1.51%
iter 5030: loss 1.1816, time 501.22ms, mfu 1.53%
iter 5040: loss 1.1483, time 498.41ms, mfu 1.54%
iter 5050: loss 1.1522, time 498.05ms, mfu 1.55%
iter 5060: loss 1.1496, time 498.82ms, mfu 1.56%
iter 5070: loss 1.1775, time 498.34ms, mfu 1.57%
iter 5080: loss 1.1535, time 499.10ms, mfu 1.57%
iter 5090: loss 1.1650, time 499.66ms, mfu 1.58%
iter 5100: loss 1.1301, time 500.00ms, mfu 1.59%
iter 5110: loss 1.1599, time 501.48ms, mfu 1.59%
iter 5120: loss 1.1341, time 498.91ms, mfu 1.60%
iter 5130: loss 1.1760, time 499.83ms, mfu 1.60%
iter 5140: loss 1.1642, time 501.67ms, mfu 1.60%
iter 5150: loss 1.1767, time 500.56ms, mfu 1.61%
iter 5160: loss 1.1901, time 498.69ms, mfu 1.61%
iter 5170: loss 1.1597, time 500.24ms, mfu 1.61%
iter 5180: loss 1.1624, time 501.37ms, mfu 1.61%
iter 5190: loss 1.1823, time 502.60ms, mfu 1.62%
iter 5200: loss 1.1664, time 499.87ms, mfu 1.62%
iter 5210: loss 1.1229, time 503.72ms, mfu 1.62%
iter 5220: loss 1.1840, time 497.87ms, mfu 1.62%
iter 5230: loss 1.1430, time 501.08ms, mfu 1.62%
iter 5240: loss 1.1363, time 496.88ms, mfu 1.63%
iter 5250: loss 1.1507, time 499.61ms, mfu 1.63%
iter 5260: loss 1.1504, time 495.18ms, mfu 1.63%
iter 5270: loss 1.1680, time 500.13ms, mfu 1.63%
iter 5280: loss 1.1409, time 499.37ms, mfu 1.63%
iter 5290: loss 1.1579, time 500.77ms, mfu 1.63%
iter 5300: loss 1.1593, time 500.16ms, mfu 1.63%
iter 5310: loss 1.1545, time 496.34ms, mfu 1.63%
iter 5320: loss 1.1327, time 500.06ms, mfu 1.63%
iter 5330: loss 1.1515, time 500.58ms, mfu 1.63%
iter 5340: loss 1.1384, time 500.05ms, mfu 1.63%
iter 5350: loss 1.1845, time 500.82ms, mfu 1.63%
iter 5360: loss 1.1810, time 498.17ms, mfu 1.64%
iter 5370: loss 1.1722, time 496.38ms, mfu 1.64%
iter 5380: loss 1.1392, time 499.18ms, mfu 1.64%
iter 5390: loss 1.1625, time 498.35ms, mfu 1.64%
iter 5400: loss 1.1649, time 498.78ms, mfu 1.64%
iter 5410: loss 1.1734, time 500.66ms, mfu 1.64%
iter 5420: loss 1.1653, time 498.91ms, mfu 1.64%
iter 5430: loss 1.1370, time 500.88ms, mfu 1.64%
iter 5440: loss 1.1484, time 502.11ms, mfu 1.64%
iter 5450: loss 1.1701, time 501.25ms, mfu 1.64%
iter 5460: loss 1.1642, time 499.69ms, mfu 1.64%
iter 5470: loss 1.1388, time 500.89ms, mfu 1.64%
iter 5480: loss 1.1513, time 500.43ms, mfu 1.64%
iter 5490: loss 1.1479, time 503.27ms, mfu 1.64%
step 5500: train loss 1.0177, val loss 1.5310
saving checkpoint to /net/scratch2/junyuren/nanoGPT-manifold/out-phase2.5-drop10
iter 5500: loss 1.1230, time 5067.38ms, mfu 1.49%
iter 5510: loss 1.1526, time 501.35ms, mfu 1.50%
iter 5520: loss 1.1332, time 499.06ms, mfu 1.52%
iter 5530: loss 1.1508, time 499.87ms, mfu 1.53%
iter 5540: loss 1.1269, time 498.92ms, mfu 1.54%
iter 5550: loss 1.1523, time 500.76ms, mfu 1.55%
iter 5560: loss 1.1601, time 500.06ms, mfu 1.56%
iter 5570: loss 1.1632, time 498.82ms, mfu 1.57%
iter 5580: loss 1.1039, time 500.08ms, mfu 1.57%
iter 5590: loss 1.1542, time 501.09ms, mfu 1.58%
iter 5600: loss 1.1301, time 499.67ms, mfu 1.59%
iter 5610: loss 1.1420, time 498.90ms, mfu 1.59%
iter 5620: loss 1.1522, time 503.45ms, mfu 1.59%
iter 5630: loss 1.1135, time 500.44ms, mfu 1.60%
iter 5640: loss 1.1365, time 502.48ms, mfu 1.60%
iter 5650: loss 1.1650, time 497.69ms, mfu 1.61%
iter 5660: loss 1.1244, time 499.75ms, mfu 1.61%
iter 5670: loss 1.1128, time 503.12ms, mfu 1.61%
iter 5680: loss 1.1430, time 500.35ms, mfu 1.61%
iter 5690: loss 1.1226, time 501.48ms, mfu 1.62%
iter 5700: loss 1.1609, time 501.13ms, mfu 1.62%
iter 5710: loss 1.1400, time 500.28ms, mfu 1.62%
iter 5720: loss 1.0903, time 498.13ms, mfu 1.62%
iter 5730: loss 1.1483, time 501.24ms, mfu 1.62%
iter 5740: loss 1.1477, time 499.95ms, mfu 1.62%
iter 5750: loss 1.1294, time 500.96ms, mfu 1.63%
iter 5760: loss 1.1377, time 500.18ms, mfu 1.63%
iter 5770: loss 1.1132, time 501.23ms, mfu 1.63%
iter 5780: loss 1.1583, time 503.15ms, mfu 1.63%
iter 5790: loss 1.1327, time 502.13ms, mfu 1.63%
iter 5800: loss 1.1202, time 502.21ms, mfu 1.63%
iter 5810: loss 1.1072, time 500.49ms, mfu 1.63%
iter 5820: loss 1.1348, time 502.47ms, mfu 1.63%
iter 5830: loss 1.1331, time 502.00ms, mfu 1.63%
iter 5840: loss 1.1626, time 499.82ms, mfu 1.63%
iter 5850: loss 1.1093, time 501.97ms, mfu 1.63%
iter 5860: loss 1.1145, time 503.00ms, mfu 1.63%
iter 5870: loss 1.0783, time 502.02ms, mfu 1.63%
iter 5880: loss 1.1197, time 500.01ms, mfu 1.63%
iter 5890: loss 1.1216, time 504.19ms, mfu 1.63%
iter 5900: loss 1.1267, time 501.28ms, mfu 1.63%
iter 5910: loss 1.1207, time 499.63ms, mfu 1.63%
iter 5920: loss 1.1071, time 503.83ms, mfu 1.63%
iter 5930: loss 1.1313, time 502.34ms, mfu 1.63%
iter 5940: loss 1.1294, time 501.01ms, mfu 1.63%
iter 5950: loss 1.0724, time 500.09ms, mfu 1.63%
iter 5960: loss 1.1565, time 500.40ms, mfu 1.63%
iter 5970: loss 1.1298, time 502.40ms, mfu 1.63%
iter 5980: loss 1.1143, time 502.23ms, mfu 1.63%
iter 5990: loss 1.0900, time 500.87ms, mfu 1.63%
step 6000: train loss 0.9808, val loss 1.5388
saving checkpoint to /net/scratch2/junyuren/nanoGPT-manifold/out-phase2.5-drop10
iter 6000: loss 1.1174, time 5182.63ms, mfu 1.48%
iter 6010: loss 1.1182, time 503.09ms, mfu 1.50%
iter 6020: loss 1.0898, time 503.74ms, mfu 1.51%
iter 6030: loss 1.1026, time 504.39ms, mfu 1.52%
iter 6040: loss 1.1458, time 502.16ms, mfu 1.53%
iter 6050: loss 1.0959, time 499.37ms, mfu 1.54%
iter 6060: loss 1.1254, time 498.57ms, mfu 1.55%
iter 6070: loss 1.1245, time 501.06ms, mfu 1.56%
iter 6080: loss 1.1069, time 504.86ms, mfu 1.57%
iter 6090: loss 1.0983, time 503.59ms, mfu 1.57%
iter 6100: loss 1.1110, time 499.67ms, mfu 1.58%
iter 6110: loss 1.1121, time 502.43ms, mfu 1.58%
iter 6120: loss 1.1097, time 502.35ms, mfu 1.59%
iter 6130: loss 1.1019, time 504.69ms, mfu 1.59%
iter 6140: loss 1.1178, time 501.96ms, mfu 1.60%
iter 6150: loss 1.0955, time 498.75ms, mfu 1.60%
iter 6160: loss 1.0974, time 501.78ms, mfu 1.60%
iter 6170: loss 1.0969, time 502.87ms, mfu 1.61%
iter 6180: loss 1.0894, time 503.44ms, mfu 1.61%
iter 6190: loss 1.0789, time 500.22ms, mfu 1.61%
iter 6200: loss 1.1307, time 502.16ms, mfu 1.61%
iter 6210: loss 1.0915, time 505.60ms, mfu 1.61%
iter 6220: loss 1.1113, time 504.42ms, mfu 1.61%
iter 6230: loss 1.1385, time 503.15ms, mfu 1.62%
iter 6240: loss 1.0823, time 501.25ms, mfu 1.62%
iter 6250: loss 1.0997, time 501.72ms, mfu 1.62%
iter 6260: loss 1.1002, time 499.75ms, mfu 1.62%
iter 6270: loss 1.1089, time 504.65ms, mfu 1.62%
iter 6280: loss 1.1236, time 500.91ms, mfu 1.62%
iter 6290: loss 1.1399, time 503.81ms, mfu 1.62%
iter 6300: loss 1.0840, time 500.51ms, mfu 1.62%
iter 6310: loss 1.0948, time 502.62ms, mfu 1.62%
iter 6320: loss 1.1126, time 501.65ms, mfu 1.63%
iter 6330: loss 1.1046, time 503.46ms, mfu 1.63%
iter 6340: loss 1.0766, time 505.38ms, mfu 1.62%
iter 6350: loss 1.0985, time 500.77ms, mfu 1.63%
iter 6360: loss 1.1177, time 502.88ms, mfu 1.63%
iter 6370: loss 1.0935, time 503.33ms, mfu 1.63%
iter 6380: loss 1.1129, time 506.40ms, mfu 1.63%
iter 6390: loss 1.0842, time 500.94ms, mfu 1.63%
iter 6400: loss 1.1333, time 502.82ms, mfu 1.63%
iter 6410: loss 1.0797, time 503.73ms, mfu 1.63%
iter 6420: loss 1.1080, time 508.30ms, mfu 1.62%
iter 6430: loss 1.0953, time 502.90ms, mfu 1.62%
iter 6440: loss 1.0866, time 501.11ms, mfu 1.63%
iter 6450: loss 1.1041, time 504.71ms, mfu 1.63%
iter 6460: loss 1.0780, time 502.62ms, mfu 1.63%
iter 6470: loss 1.0519, time 506.81ms, mfu 1.62%
iter 6480: loss 1.1058, time 503.24ms, mfu 1.62%
iter 6490: loss 1.1020, time 501.84ms, mfu 1.63%
step 6500: train loss 0.9458, val loss 1.5502
saving checkpoint to /net/scratch2/junyuren/nanoGPT-manifold/out-phase2.5-drop10
iter 6500: loss 1.0813, time 5159.68ms, mfu 1.48%
iter 6510: loss 1.0839, time 510.36ms, mfu 1.49%
iter 6520: loss 1.0933, time 503.14ms, mfu 1.50%
iter 6530: loss 1.1023, time 502.93ms, mfu 1.52%
iter 6540: loss 1.1186, time 503.33ms, mfu 1.53%
iter 6550: loss 1.0966, time 500.31ms, mfu 1.54%
iter 6560: loss 1.0983, time 500.64ms, mfu 1.55%
iter 6570: loss 1.0901, time 503.95ms, mfu 1.56%
iter 6580: loss 1.0931, time 505.48ms, mfu 1.56%
iter 6590: loss 1.0892, time 503.64ms, mfu 1.57%
iter 6600: loss 1.1032, time 500.18ms, mfu 1.58%
iter 6610: loss 1.0933, time 502.79ms, mfu 1.58%
iter 6620: loss 1.0981, time 504.21ms, mfu 1.59%
iter 6630: loss 1.1006, time 500.89ms, mfu 1.59%
iter 6640: loss 1.0634, time 502.44ms, mfu 1.59%
iter 6650: loss 1.0721, time 503.77ms, mfu 1.60%
iter 6660: loss 1.1045, time 499.68ms, mfu 1.60%
iter 6670: loss 1.0830, time 503.50ms, mfu 1.60%
iter 6680: loss 1.0735, time 501.68ms, mfu 1.61%
iter 6690: loss 1.0734, time 499.25ms, mfu 1.61%
iter 6700: loss 1.0916, time 504.65ms, mfu 1.61%
iter 6710: loss 1.0740, time 502.48ms, mfu 1.61%
iter 6720: loss 1.0854, time 501.23ms, mfu 1.61%
iter 6730: loss 1.0798, time 503.63ms, mfu 1.62%
iter 6740: loss 1.0713, time 504.94ms, mfu 1.62%
iter 6750: loss 1.0647, time 503.86ms, mfu 1.62%
iter 6760: loss 1.0671, time 502.23ms, mfu 1.62%
iter 6770: loss 1.0852, time 499.88ms, mfu 1.62%
iter 6780: loss 1.0796, time 501.69ms, mfu 1.62%
iter 6790: loss 1.0750, time 500.76ms, mfu 1.62%
iter 6800: loss 1.0794, time 502.02ms, mfu 1.62%
iter 6810: loss 1.0998, time 504.03ms, mfu 1.62%
iter 6820: loss 1.0941, time 501.09ms, mfu 1.62%
iter 6830: loss 1.0449, time 500.22ms, mfu 1.63%
iter 6840: loss 1.0347, time 503.18ms, mfu 1.63%
iter 6850: loss 1.0619, time 504.15ms, mfu 1.63%
iter 6860: loss 1.0757, time 502.18ms, mfu 1.63%
iter 6870: loss 1.0799, time 503.31ms, mfu 1.63%
iter 6880: loss 1.0632, time 500.19ms, mfu 1.63%
iter 6890: loss 1.0660, time 500.99ms, mfu 1.63%
iter 6900: loss 1.0717, time 501.44ms, mfu 1.63%
iter 6910: loss 1.0784, time 503.00ms, mfu 1.63%
iter 6920: loss 1.0755, time 504.91ms, mfu 1.63%
iter 6930: loss 1.0876, time 503.01ms, mfu 1.63%
iter 6940: loss 1.0632, time 503.03ms, mfu 1.63%
iter 6950: loss 1.0457, time 503.24ms, mfu 1.63%
iter 6960: loss 1.0651, time 506.58ms, mfu 1.63%
iter 6970: loss 1.0728, time 504.48ms, mfu 1.63%
iter 6980: loss 1.0647, time 503.57ms, mfu 1.63%
iter 6990: loss 1.0483, time 506.53ms, mfu 1.62%
step 7000: train loss 0.9127, val loss 1.5548
saving checkpoint to /net/scratch2/junyuren/nanoGPT-manifold/out-phase2.5-drop10
iter 7000: loss 1.0667, time 5121.72ms, mfu 1.48%
iter 7010: loss 1.0797, time 500.25ms, mfu 1.49%
iter 7020: loss 1.0555, time 501.85ms, mfu 1.51%
iter 7030: loss 1.0511, time 502.89ms, mfu 1.52%
iter 7040: loss 1.0255, time 502.96ms, mfu 1.53%
iter 7050: loss 1.0429, time 504.73ms, mfu 1.54%
iter 7060: loss 1.0719, time 501.04ms, mfu 1.55%
iter 7070: loss 1.0481, time 500.10ms, mfu 1.56%
iter 7080: loss 1.0445, time 503.55ms, mfu 1.56%
iter 7090: loss 1.0707, time 502.39ms, mfu 1.57%
iter 7100: loss 1.0426, time 501.31ms, mfu 1.58%
iter 7110: loss 1.0638, time 513.60ms, mfu 1.58%
iter 7120: loss 1.0665, time 505.54ms, mfu 1.58%
iter 7130: loss 1.0532, time 502.83ms, mfu 1.59%
iter 7140: loss 1.0580, time 500.38ms, mfu 1.59%
iter 7150: loss 1.0568, time 502.42ms, mfu 1.60%
iter 7160: loss 1.0592, time 504.91ms, mfu 1.60%
iter 7170: loss 1.0390, time 501.76ms, mfu 1.60%
iter 7180: loss 1.0592, time 505.55ms, mfu 1.60%
iter 7190: loss 1.0496, time 503.15ms, mfu 1.61%
iter 7200: loss 1.0614, time 502.98ms, mfu 1.61%
iter 7210: loss 1.0370, time 499.88ms, mfu 1.61%
iter 7220: loss 1.0511, time 506.63ms, mfu 1.61%
iter 7230: loss 1.0661, time 505.66ms, mfu 1.61%
iter 7240: loss 1.0744, time 504.22ms, mfu 1.61%
iter 7250: loss 1.0326, time 506.83ms, mfu 1.61%
iter 7260: loss 1.0357, time 502.25ms, mfu 1.62%
iter 7270: loss 1.0318, time 500.72ms, mfu 1.62%
iter 7280: loss 1.0644, time 501.14ms, mfu 1.62%
iter 7290: loss 1.0399, time 505.31ms, mfu 1.62%
iter 7300: loss 1.0548, time 500.66ms, mfu 1.62%
iter 7310: loss 1.0807, time 503.36ms, mfu 1.62%
iter 7320: loss 1.0634, time 501.40ms, mfu 1.62%
iter 7330: loss 1.0635, time 498.61ms, mfu 1.62%
iter 7340: loss 1.0543, time 504.31ms, mfu 1.62%
iter 7350: loss 1.0413, time 503.04ms, mfu 1.62%
iter 7360: loss 1.0305, time 502.95ms, mfu 1.62%
iter 7370: loss 1.0412, time 503.50ms, mfu 1.62%
iter 7380: loss 1.0539, time 500.40ms, mfu 1.63%
iter 7390: loss 1.0308, time 504.92ms, mfu 1.63%
iter 7400: loss 1.0671, time 503.71ms, mfu 1.63%
iter 7410: loss 1.0711, time 503.65ms, mfu 1.63%
iter 7420: loss 1.0645, time 501.18ms, mfu 1.63%
iter 7430: loss 1.0373, time 499.98ms, mfu 1.63%
iter 7440: loss 1.0389, time 500.55ms, mfu 1.63%
iter 7450: loss 1.0520, time 503.48ms, mfu 1.63%
iter 7460: loss 1.0534, time 501.81ms, mfu 1.63%
iter 7470: loss 1.0596, time 500.86ms, mfu 1.63%
iter 7480: loss 1.0331, time 502.88ms, mfu 1.63%
iter 7490: loss 1.0266, time 501.06ms, mfu 1.63%
step 7500: train loss 0.8831, val loss 1.5771
saving checkpoint to /net/scratch2/junyuren/nanoGPT-manifold/out-phase2.5-drop10
iter 7500: loss 1.0468, time 5070.06ms, mfu 1.48%
iter 7510: loss 1.0382, time 500.81ms, mfu 1.50%
iter 7520: loss 1.0344, time 502.27ms, mfu 1.51%
iter 7530: loss 1.0508, time 502.02ms, mfu 1.52%
iter 7540: loss 1.0518, time 502.59ms, mfu 1.53%
iter 7550: loss 1.0461, time 501.59ms, mfu 1.54%
iter 7560: loss 1.0449, time 500.66ms, mfu 1.55%
iter 7570: loss 1.0495, time 501.01ms, mfu 1.56%
iter 7580: loss 1.0366, time 502.33ms, mfu 1.57%
iter 7590: loss 1.0585, time 500.36ms, mfu 1.57%
iter 7600: loss 1.0444, time 500.71ms, mfu 1.58%
iter 7610: loss 1.0261, time 502.19ms, mfu 1.59%
iter 7620: loss 1.0466, time 501.70ms, mfu 1.59%
iter 7630: loss 1.0051, time 505.04ms, mfu 1.59%
iter 7640: loss 1.0487, time 504.50ms, mfu 1.60%
iter 7650: loss 1.0362, time 502.78ms, mfu 1.60%
iter 7660: loss 1.0183, time 500.80ms, mfu 1.60%
iter 7670: loss 1.0253, time 502.87ms, mfu 1.61%
iter 7680: loss 1.0121, time 504.29ms, mfu 1.61%
iter 7690: loss 1.0639, time 501.80ms, mfu 1.61%
iter 7700: loss 1.0385, time 500.89ms, mfu 1.61%
iter 7710: loss 1.0561, time 501.52ms, mfu 1.61%
iter 7720: loss 1.0392, time 500.40ms, mfu 1.62%
iter 7730: loss 1.0489, time 499.54ms, mfu 1.62%
iter 7740: loss 1.0180, time 501.35ms, mfu 1.62%
iter 7750: loss 1.0343, time 498.96ms, mfu 1.62%
iter 7760: loss 1.0016, time 500.02ms, mfu 1.62%
iter 7770: loss 1.0096, time 500.28ms, mfu 1.62%
iter 7780: loss 1.0290, time 504.72ms, mfu 1.62%
iter 7790: loss 1.0380, time 500.52ms, mfu 1.63%
iter 7800: loss 1.0007, time 501.68ms, mfu 1.63%
iter 7810: loss 1.0199, time 502.47ms, mfu 1.63%
iter 7820: loss 1.0331, time 503.05ms, mfu 1.63%
iter 7830: loss 1.0344, time 505.11ms, mfu 1.63%
iter 7840: loss 1.0417, time 499.07ms, mfu 1.63%
iter 7850: loss 1.0342, time 499.77ms, mfu 1.63%
iter 7860: loss 1.0264, time 502.56ms, mfu 1.63%
iter 7870: loss 1.0440, time 502.08ms, mfu 1.63%
iter 7880: loss 1.0404, time 500.62ms, mfu 1.63%
iter 7890: loss 1.0213, time 502.90ms, mfu 1.63%
iter 7900: loss 1.0139, time 497.46ms, mfu 1.63%
iter 7910: loss 1.0142, time 501.30ms, mfu 1.63%
iter 7920: loss 1.0263, time 499.42ms, mfu 1.63%
iter 7930: loss 1.0034, time 500.31ms, mfu 1.63%
iter 7940: loss 1.0335, time 500.90ms, mfu 1.63%
iter 7950: loss 1.0222, time 502.69ms, mfu 1.63%
iter 7960: loss 1.0011, time 502.45ms, mfu 1.63%
iter 7970: loss 1.0191, time 501.01ms, mfu 1.63%
iter 7980: loss 1.0218, time 503.72ms, mfu 1.63%
iter 7990: loss 1.0302, time 506.04ms, mfu 1.63%
step 8000: train loss 0.8497, val loss 1.5948
saving checkpoint to /net/scratch2/junyuren/nanoGPT-manifold/out-phase2.5-drop10
iter 8000: loss 1.0152, time 5050.49ms, mfu 1.48%
iter 8010: loss 1.0463, time 500.61ms, mfu 1.50%
iter 8020: loss 1.0175, time 499.37ms, mfu 1.51%
iter 8030: loss 1.0292, time 499.86ms, mfu 1.53%
iter 8040: loss 1.0144, time 503.34ms, mfu 1.54%
iter 8050: loss 1.0293, time 498.86ms, mfu 1.55%
iter 8060: loss 0.9978, time 502.58ms, mfu 1.55%
iter 8070: loss 1.0288, time 498.72ms, mfu 1.56%
iter 8080: loss 1.0229, time 498.71ms, mfu 1.57%
iter 8090: loss 1.0293, time 501.35ms, mfu 1.58%
iter 8100: loss 1.0012, time 501.47ms, mfu 1.58%
iter 8110: loss 0.9995, time 500.35ms, mfu 1.59%
iter 8120: loss 1.0107, time 501.09ms, mfu 1.59%
iter 8130: loss 1.0302, time 499.91ms, mfu 1.60%
iter 8140: loss 1.0332, time 500.30ms, mfu 1.60%
iter 8150: loss 1.0214, time 498.89ms, mfu 1.60%
iter 8160: loss 1.0080, time 500.85ms, mfu 1.61%
iter 8170: loss 1.0140, time 503.28ms, mfu 1.61%
iter 8180: loss 1.0197, time 502.02ms, mfu 1.61%
iter 8190: loss 1.0061, time 499.07ms, mfu 1.61%
iter 8200: loss 1.0031, time 501.58ms, mfu 1.62%
iter 8210: loss 0.9883, time 501.48ms, mfu 1.62%
iter 8220: loss 1.0239, time 503.14ms, mfu 1.62%
iter 8230: loss 0.9596, time 501.62ms, mfu 1.62%
iter 8240: loss 0.9914, time 500.77ms, mfu 1.62%
iter 8250: loss 1.0028, time 502.14ms, mfu 1.62%
iter 8260: loss 0.9762, time 499.82ms, mfu 1.62%
iter 8270: loss 1.0014, time 500.55ms, mfu 1.63%
iter 8280: loss 1.0124, time 501.63ms, mfu 1.63%
iter 8290: loss 0.9951, time 498.59ms, mfu 1.63%
iter 8300: loss 1.0016, time 501.13ms, mfu 1.63%
iter 8310: loss 0.9784, time 504.10ms, mfu 1.63%
iter 8320: loss 1.0063, time 497.84ms, mfu 1.63%
iter 8330: loss 0.9985, time 499.88ms, mfu 1.63%
iter 8340: loss 0.9997, time 503.59ms, mfu 1.63%
iter 8350: loss 1.0410, time 501.92ms, mfu 1.63%
iter 8360: loss 1.0060, time 499.53ms, mfu 1.63%
iter 8370: loss 1.0176, time 501.13ms, mfu 1.63%
iter 8380: loss 0.9610, time 502.74ms, mfu 1.63%
iter 8390: loss 1.0105, time 498.24ms, mfu 1.63%
iter 8400: loss 0.9833, time 501.03ms, mfu 1.63%
iter 8410: loss 1.0177, time 499.69ms, mfu 1.63%
iter 8420: loss 0.9987, time 498.47ms, mfu 1.63%
iter 8430: loss 1.0027, time 500.37ms, mfu 1.63%
iter 8440: loss 1.0387, time 498.52ms, mfu 1.63%
iter 8450: loss 0.9795, time 499.99ms, mfu 1.64%
iter 8460: loss 0.9848, time 500.03ms, mfu 1.64%
iter 8470: loss 1.0124, time 501.44ms, mfu 1.63%
iter 8480: loss 0.9964, time 498.89ms, mfu 1.64%
iter 8490: loss 0.9966, time 503.49ms, mfu 1.63%
step 8500: train loss 0.8165, val loss 1.6092
saving checkpoint to /net/scratch2/junyuren/nanoGPT-manifold/out-phase2.5-drop10
iter 8500: loss 0.9913, time 5075.77ms, mfu 1.49%
iter 8510: loss 0.9755, time 501.78ms, mfu 1.50%
iter 8520: loss 0.9839, time 503.22ms, mfu 1.51%
iter 8530: loss 0.9835, time 503.86ms, mfu 1.53%
iter 8540: loss 0.9759, time 497.51ms, mfu 1.54%
iter 8550: loss 1.0001, time 498.91ms, mfu 1.55%
iter 8560: loss 0.9802, time 501.42ms, mfu 1.56%
iter 8570: loss 0.9792, time 498.57ms, mfu 1.56%
iter 8580: loss 0.9710, time 500.40ms, mfu 1.57%
iter 8590: loss 0.9680, time 499.89ms, mfu 1.58%
iter 8600: loss 0.9861, time 501.52ms, mfu 1.58%
iter 8610: loss 0.9733, time 501.73ms, mfu 1.59%
iter 8620: loss 1.0030, time 501.32ms, mfu 1.59%
iter 8630: loss 0.9587, time 500.76ms, mfu 1.60%
iter 8640: loss 0.9836, time 500.60ms, mfu 1.60%
iter 8650: loss 0.9962, time 499.49ms, mfu 1.60%
iter 8660: loss 0.9970, time 499.65ms, mfu 1.61%
iter 8670: loss 0.9744, time 500.40ms, mfu 1.61%
iter 8680: loss 0.9678, time 502.90ms, mfu 1.61%
iter 8690: loss 1.0021, time 501.16ms, mfu 1.61%
iter 8700: loss 0.9906, time 500.56ms, mfu 1.62%
iter 8710: loss 1.0025, time 497.27ms, mfu 1.62%
iter 8720: loss 0.9846, time 500.48ms, mfu 1.62%
iter 8730: loss 0.9843, time 502.56ms, mfu 1.62%
iter 8740: loss 0.9747, time 499.05ms, mfu 1.62%
iter 8750: loss 1.0042, time 497.15ms, mfu 1.63%
iter 8760: loss 0.9611, time 499.30ms, mfu 1.63%
iter 8770: loss 0.9858, time 499.44ms, mfu 1.63%
iter 8780: loss 0.9573, time 500.66ms, mfu 1.63%
iter 8790: loss 0.9766, time 502.11ms, mfu 1.63%
iter 8800: loss 0.9813, time 499.14ms, mfu 1.63%
iter 8810: loss 0.9829, time 499.21ms, mfu 1.63%
iter 8820: loss 0.9903, time 497.28ms, mfu 1.63%
iter 8830: loss 0.9880, time 498.05ms, mfu 1.63%
iter 8840: loss 0.9813, time 496.42ms, mfu 1.64%
iter 8850: loss 1.0181, time 498.03ms, mfu 1.64%
iter 8860: loss 0.9791, time 501.33ms, mfu 1.64%
iter 8870: loss 0.9575, time 498.62ms, mfu 1.64%
iter 8880: loss 0.9798, time 499.82ms, mfu 1.64%
iter 8890: loss 0.9741, time 499.94ms, mfu 1.64%
iter 8900: loss 0.9565, time 502.33ms, mfu 1.64%
iter 8910: loss 1.0010, time 500.14ms, mfu 1.64%
iter 8920: loss 0.9840, time 501.58ms, mfu 1.64%
iter 8930: loss 0.9541, time 499.85ms, mfu 1.64%
iter 8940: loss 0.9670, time 497.45ms, mfu 1.64%
iter 8950: loss 0.9899, time 502.17ms, mfu 1.64%
iter 8960: loss 0.9807, time 499.45ms, mfu 1.64%
iter 8970: loss 0.9628, time 501.79ms, mfu 1.64%
iter 8980: loss 0.9815, time 501.13ms, mfu 1.64%
iter 8990: loss 0.9859, time 495.62ms, mfu 1.64%
step 9000: train loss 0.7852, val loss 1.6319
saving checkpoint to /net/scratch2/junyuren/nanoGPT-manifold/out-phase2.5-drop10
iter 9000: loss 0.9816, time 5074.26ms, mfu 1.49%
iter 9010: loss 0.9669, time 499.84ms, mfu 1.50%
iter 9020: loss 0.9821, time 498.29ms, mfu 1.52%
iter 9030: loss 0.9867, time 500.21ms, mfu 1.53%
iter 9040: loss 0.9729, time 499.23ms, mfu 1.54%
iter 9050: loss 0.9638, time 498.95ms, mfu 1.55%
iter 9060: loss 0.9512, time 498.05ms, mfu 1.56%
iter 9070: loss 0.9766, time 499.90ms, mfu 1.57%
iter 9080: loss 0.9295, time 500.38ms, mfu 1.57%
iter 9090: loss 0.9598, time 499.66ms, mfu 1.58%
iter 9100: loss 0.9894, time 497.32ms, mfu 1.59%
iter 9110: loss 0.9895, time 499.97ms, mfu 1.59%
iter 9120: loss 0.9728, time 498.44ms, mfu 1.60%
iter 9130: loss 0.9424, time 495.09ms, mfu 1.60%
iter 9140: loss 0.9521, time 496.30ms, mfu 1.61%
iter 9150: loss 0.9505, time 498.09ms, mfu 1.61%
iter 9160: loss 0.9624, time 499.23ms, mfu 1.61%
iter 9170: loss 0.9691, time 497.47ms, mfu 1.62%
iter 9180: loss 0.9548, time 495.39ms, mfu 1.62%
iter 9190: loss 0.9822, time 497.52ms, mfu 1.62%
iter 9200: loss 0.9958, time 498.52ms, mfu 1.63%
iter 9210: loss 0.9785, time 498.53ms, mfu 1.63%
iter 9220: loss 0.9425, time 496.72ms, mfu 1.63%
iter 9230: loss 0.9490, time 496.56ms, mfu 1.63%
iter 9240: loss 0.9567, time 498.13ms, mfu 1.63%
iter 9250: loss 0.9806, time 499.01ms, mfu 1.63%
iter 9260: loss 0.9662, time 497.94ms, mfu 1.63%
iter 9270: loss 0.9582, time 494.79ms, mfu 1.64%
iter 9280: loss 1.0056, time 498.06ms, mfu 1.64%
iter 9290: loss 0.9715, time 496.21ms, mfu 1.64%
iter 9300: loss 0.9446, time 497.93ms, mfu 1.64%
iter 9310: loss 0.9910, time 497.35ms, mfu 1.64%
iter 9320: loss 0.9641, time 497.87ms, mfu 1.64%
iter 9330: loss 0.9537, time 499.49ms, mfu 1.64%
iter 9340: loss 0.9850, time 495.61ms, mfu 1.64%
iter 9350: loss 0.9611, time 496.94ms, mfu 1.64%
iter 9360: loss 0.9666, time 494.92ms, mfu 1.64%
iter 9370: loss 0.9598, time 499.15ms, mfu 1.64%
iter 9380: loss 0.9827, time 500.03ms, mfu 1.64%
iter 9390: loss 0.9564, time 497.05ms, mfu 1.64%
iter 9400: loss 0.9205, time 498.95ms, mfu 1.64%
iter 9410: loss 0.9716, time 499.89ms, mfu 1.64%
iter 9420: loss 0.9712, time 497.33ms, mfu 1.64%
iter 9430: loss 0.9440, time 498.77ms, mfu 1.64%
iter 9440: loss 0.9762, time 498.27ms, mfu 1.64%
iter 9450: loss 0.9606, time 496.29ms, mfu 1.64%
iter 9460: loss 0.9220, time 496.87ms, mfu 1.64%
iter 9470: loss 0.9708, time 494.59ms, mfu 1.64%
iter 9480: loss 0.9798, time 495.71ms, mfu 1.65%
iter 9490: loss 0.9281, time 495.95ms, mfu 1.65%
step 9500: train loss 0.7552, val loss 1.6416
saving checkpoint to /net/scratch2/junyuren/nanoGPT-manifold/out-phase2.5-drop10
iter 9500: loss 0.9588, time 5074.07ms, mfu 1.50%
iter 9510: loss 0.9451, time 497.15ms, mfu 1.51%
iter 9520: loss 0.9482, time 496.35ms, mfu 1.53%
iter 9530: loss 0.9238, time 497.58ms, mfu 1.54%
iter 9540: loss 0.9809, time 497.78ms, mfu 1.55%
iter 9550: loss 0.9513, time 498.64ms, mfu 1.56%
iter 9560: loss 0.9565, time 497.87ms, mfu 1.57%
iter 9570: loss 0.9439, time 497.48ms, mfu 1.57%
iter 9580: loss 0.9414, time 497.53ms, mfu 1.58%
iter 9590: loss 0.9599, time 497.29ms, mfu 1.59%
iter 9600: loss 0.9548, time 501.47ms, mfu 1.59%
iter 9610: loss 0.9588, time 495.98ms, mfu 1.60%
iter 9620: loss 0.9427, time 496.67ms, mfu 1.60%
iter 9630: loss 0.9449, time 496.80ms, mfu 1.61%
iter 9640: loss 0.9489, time 497.65ms, mfu 1.61%
iter 9650: loss 0.9436, time 496.16ms, mfu 1.62%
iter 9660: loss 0.9519, time 497.30ms, mfu 1.62%
iter 9670: loss 0.9588, time 496.90ms, mfu 1.62%
iter 9680: loss 0.9627, time 495.17ms, mfu 1.62%
iter 9690: loss 0.9318, time 495.11ms, mfu 1.63%
iter 9700: loss 0.9342, time 497.15ms, mfu 1.63%
iter 9710: loss 0.9243, time 499.49ms, mfu 1.63%
iter 9720: loss 0.9681, time 494.61ms, mfu 1.63%
iter 9730: loss 0.9256, time 494.82ms, mfu 1.63%
iter 9740: loss 0.9411, time 496.48ms, mfu 1.64%
iter 9750: loss 0.9732, time 496.54ms, mfu 1.64%
iter 9760: loss 0.9595, time 495.15ms, mfu 1.64%
iter 9770: loss 0.9248, time 495.27ms, mfu 1.64%
iter 9780: loss 0.9361, time 498.35ms, mfu 1.64%
iter 9790: loss 0.9497, time 497.54ms, mfu 1.64%
iter 9800: loss 0.9544, time 495.67ms, mfu 1.64%
iter 9810: loss 0.9448, time 496.12ms, mfu 1.64%
iter 9820: loss 0.9150, time 496.80ms, mfu 1.64%
iter 9830: loss 0.9373, time 495.52ms, mfu 1.64%
iter 9840: loss 0.9436, time 498.03ms, mfu 1.64%
iter 9850: loss 0.9460, time 495.50ms, mfu 1.65%
iter 9860: loss 0.9514, time 496.96ms, mfu 1.65%
iter 9870: loss 0.9349, time 495.44ms, mfu 1.65%
iter 9880: loss 0.9374, time 497.66ms, mfu 1.65%
iter 9890: loss 0.9168, time 493.54ms, mfu 1.65%
iter 9900: loss 0.9373, time 497.87ms, mfu 1.65%
iter 9910: loss 0.9606, time 496.47ms, mfu 1.65%
iter 9920: loss 0.9477, time 494.89ms, mfu 1.65%
iter 9930: loss 0.9228, time 496.38ms, mfu 1.65%
iter 9940: loss 0.9617, time 495.90ms, mfu 1.65%
iter 9950: loss 0.9209, time 496.68ms, mfu 1.65%
iter 9960: loss 0.9509, time 495.41ms, mfu 1.65%
iter 9970: loss 0.9547, time 494.72ms, mfu 1.65%
iter 9980: loss 0.9416, time 496.11ms, mfu 1.65%
iter 9990: loss 0.9425, time 494.76ms, mfu 1.65%
step 10000: train loss 0.7278, val loss 1.6643
saving checkpoint to /net/scratch2/junyuren/nanoGPT-manifold/out-phase2.5-drop10
iter 10000: loss 0.9272, time 5093.55ms, mfu 1.50%
iter 10010: loss 0.9451, time 495.50ms, mfu 1.52%
iter 10020: loss 0.9655, time 497.78ms, mfu 1.53%
iter 10030: loss 0.9202, time 497.08ms, mfu 1.54%
iter 10040: loss 0.9167, time 498.12ms, mfu 1.55%
iter 10050: loss 0.9335, time 496.08ms, mfu 1.56%
iter 10060: loss 0.9266, time 496.20ms, mfu 1.57%
iter 10070: loss 0.9325, time 496.29ms, mfu 1.58%
iter 10080: loss 0.9186, time 497.31ms, mfu 1.58%
iter 10090: loss 0.9186, time 497.56ms, mfu 1.59%
iter 10100: loss 0.9181, time 496.61ms, mfu 1.60%
iter 10110: loss 0.9350, time 494.49ms, mfu 1.60%
iter 10120: loss 0.9427, time 496.95ms, mfu 1.61%
iter 10130: loss 0.9404, time 496.78ms, mfu 1.61%
iter 10140: loss 0.9207, time 494.77ms, mfu 1.62%
iter 10150: loss 0.9367, time 496.61ms, mfu 1.62%
iter 10160: loss 0.9130, time 495.46ms, mfu 1.62%
iter 10170: loss 0.9216, time 494.58ms, mfu 1.63%
iter 10180: loss 0.9105, time 497.23ms, mfu 1.63%
iter 10190: loss 0.9106, time 498.60ms, mfu 1.63%
iter 10200: loss 0.9350, time 497.46ms, mfu 1.63%
iter 10210: loss 0.9411, time 496.14ms, mfu 1.63%
iter 10220: loss 0.9244, time 496.55ms, mfu 1.63%
iter 10230: loss 0.9389, time 497.19ms, mfu 1.64%
iter 10240: loss 0.9201, time 497.84ms, mfu 1.64%
iter 10250: loss 0.9189, time 496.20ms, mfu 1.64%
iter 10260: loss 0.8986, time 497.66ms, mfu 1.64%
iter 10270: loss 0.9120, time 494.70ms, mfu 1.64%
iter 10280: loss 0.9328, time 494.91ms, mfu 1.64%
iter 10290: loss 0.9180, time 496.63ms, mfu 1.64%
iter 10300: loss 0.9247, time 493.96ms, mfu 1.64%
iter 10310: loss 0.9519, time 495.53ms, mfu 1.64%
iter 10320: loss 0.9149, time 495.35ms, mfu 1.65%
iter 10330: loss 0.9422, time 497.15ms, mfu 1.65%
iter 10340: loss 0.9350, time 498.07ms, mfu 1.65%
iter 10350: loss 0.9304, time 497.52ms, mfu 1.65%
iter 10360: loss 0.9068, time 496.48ms, mfu 1.65%
iter 10370: loss 0.9279, time 495.87ms, mfu 1.65%
iter 10380: loss 0.9099, time 497.06ms, mfu 1.65%
iter 10390: loss 0.9058, time 496.34ms, mfu 1.65%
iter 10400: loss 0.9141, time 496.53ms, mfu 1.65%
iter 10410: loss 0.8915, time 494.44ms, mfu 1.65%
iter 10420: loss 0.9403, time 496.55ms, mfu 1.65%
iter 10430: loss 0.9087, time 496.81ms, mfu 1.65%
iter 10440: loss 0.8949, time 497.86ms, mfu 1.65%
iter 10450: loss 0.9280, time 494.66ms, mfu 1.65%
iter 10460: loss 0.9003, time 496.50ms, mfu 1.65%
iter 10470: loss 0.9280, time 496.64ms, mfu 1.65%
iter 10480: loss 0.9218, time 496.33ms, mfu 1.65%
iter 10490: loss 0.9362, time 498.00ms, mfu 1.65%
step 10500: train loss 0.7005, val loss 1.6832
saving checkpoint to /net/scratch2/junyuren/nanoGPT-manifold/out-phase2.5-drop10
iter 10500: loss 0.9118, time 5068.92ms, mfu 1.50%
iter 10510: loss 0.8934, time 497.44ms, mfu 1.51%
iter 10520: loss 0.9044, time 499.44ms, mfu 1.53%
iter 10530: loss 0.9020, time 497.26ms, mfu 1.54%
iter 10540: loss 0.9060, time 497.85ms, mfu 1.55%
iter 10550: loss 0.9299, time 497.01ms, mfu 1.56%
iter 10560: loss 0.9154, time 495.52ms, mfu 1.57%
iter 10570: loss 0.9028, time 494.26ms, mfu 1.58%
iter 10580: loss 0.8712, time 495.41ms, mfu 1.58%
iter 10590: loss 0.9366, time 497.62ms, mfu 1.59%
iter 10600: loss 0.9053, time 496.35ms, mfu 1.60%
iter 10610: loss 0.9058, time 496.07ms, mfu 1.60%
iter 10620: loss 0.9165, time 495.55ms, mfu 1.61%
iter 10630: loss 0.9249, time 495.75ms, mfu 1.61%
iter 10640: loss 0.9092, time 495.99ms, mfu 1.62%
iter 10650: loss 0.9154, time 495.08ms, mfu 1.62%
iter 10660: loss 0.8914, time 496.88ms, mfu 1.62%
iter 10670: loss 0.9098, time 498.20ms, mfu 1.62%
iter 10680: loss 0.9138, time 498.17ms, mfu 1.63%
iter 10690: loss 0.9299, time 497.29ms, mfu 1.63%
iter 10700: loss 0.9089, time 494.24ms, mfu 1.63%
iter 10710: loss 0.9235, time 494.77ms, mfu 1.63%
iter 10720: loss 0.9089, time 496.22ms, mfu 1.63%
iter 10730: loss 0.8984, time 495.87ms, mfu 1.64%
iter 10740: loss 0.9103, time 497.56ms, mfu 1.64%
iter 10750: loss 0.9024, time 496.90ms, mfu 1.64%
iter 10760: loss 0.8841, time 494.56ms, mfu 1.64%
iter 10770: loss 0.9089, time 492.87ms, mfu 1.64%
iter 10780: loss 0.9065, time 495.16ms, mfu 1.64%
iter 10790: loss 0.9086, time 497.31ms, mfu 1.64%
iter 10800: loss 0.9374, time 496.51ms, mfu 1.64%
iter 10810: loss 0.8910, time 496.06ms, mfu 1.64%
iter 10820: loss 0.8738, time 496.20ms, mfu 1.65%
iter 10830: loss 0.9000, time 495.03ms, mfu 1.65%
iter 10840: loss 0.9087, time 494.85ms, mfu 1.65%
iter 10850: loss 0.9114, time 496.74ms, mfu 1.65%
iter 10860: loss 0.8938, time 500.72ms, mfu 1.65%
iter 10870: loss 0.9027, time 496.66ms, mfu 1.65%
iter 10880: loss 0.8878, time 495.52ms, mfu 1.65%
iter 10890: loss 0.9087, time 495.57ms, mfu 1.65%
iter 10900: loss 0.8987, time 496.64ms, mfu 1.65%
iter 10910: loss 0.9098, time 498.27ms, mfu 1.65%
iter 10920: loss 0.9164, time 496.07ms, mfu 1.65%
iter 10930: loss 0.9046, time 497.99ms, mfu 1.65%
iter 10940: loss 0.8924, time 495.63ms, mfu 1.65%
iter 10950: loss 0.8955, time 494.59ms, mfu 1.65%
iter 10960: loss 0.8914, time 495.84ms, mfu 1.65%
iter 10970: loss 0.8874, time 496.14ms, mfu 1.65%
iter 10980: loss 0.8841, time 498.38ms, mfu 1.65%
iter 10990: loss 0.8717, time 495.83ms, mfu 1.65%
step 11000: train loss 0.6753, val loss 1.7079
saving checkpoint to /net/scratch2/junyuren/nanoGPT-manifold/out-phase2.5-drop10
iter 11000: loss 0.8951, time 5075.91ms, mfu 1.50%
iter 11010: loss 0.8966, time 497.47ms, mfu 1.51%
iter 11020: loss 0.9026, time 495.94ms, mfu 1.53%
iter 11030: loss 0.8775, time 494.97ms, mfu 1.54%
iter 11040: loss 0.9019, time 496.83ms, mfu 1.55%
iter 11050: loss 0.8942, time 495.13ms, mfu 1.56%
iter 11060: loss 0.8864, time 496.48ms, mfu 1.57%
iter 11070: loss 0.9049, time 498.29ms, mfu 1.58%
iter 11080: loss 0.8848, time 493.11ms, mfu 1.59%
iter 11090: loss 0.9021, time 495.79ms, mfu 1.59%
iter 11100: loss 0.8706, time 494.28ms, mfu 1.60%
iter 11110: loss 0.8992, time 495.34ms, mfu 1.60%
iter 11120: loss 0.9004, time 496.99ms, mfu 1.61%
iter 11130: loss 0.9191, time 494.98ms, mfu 1.61%
iter 11140: loss 0.8727, time 494.87ms, mfu 1.62%
iter 11150: loss 0.8904, time 496.27ms, mfu 1.62%
iter 11160: loss 0.9138, time 494.32ms, mfu 1.62%
iter 11170: loss 0.8880, time 495.46ms, mfu 1.63%
iter 11180: loss 0.8648, time 495.47ms, mfu 1.63%
iter 11190: loss 0.8974, time 496.38ms, mfu 1.63%
iter 11200: loss 0.8765, time 494.12ms, mfu 1.63%
iter 11210: loss 0.9037, time 497.18ms, mfu 1.64%
iter 11220: loss 0.8895, time 496.88ms, mfu 1.64%
iter 11230: loss 0.8855, time 592.74ms, mfu 1.61%
iter 11240: loss 0.9102, time 496.35ms, mfu 1.61%
iter 11250: loss 0.8859, time 496.30ms, mfu 1.62%
iter 11260: loss 0.8721, time 494.94ms, mfu 1.62%
iter 11270: loss 0.8949, time 494.94ms, mfu 1.62%
iter 11280: loss 0.9160, time 494.58ms, mfu 1.63%
iter 11290: loss 0.8707, time 495.81ms, mfu 1.63%
iter 11300: loss 0.8930, time 496.03ms, mfu 1.63%
iter 11310: loss 0.8980, time 496.21ms, mfu 1.63%
iter 11320: loss 0.8961, time 494.93ms, mfu 1.64%
iter 11330: loss 0.8671, time 496.08ms, mfu 1.64%
iter 11340: loss 0.8976, time 495.44ms, mfu 1.64%
iter 11350: loss 0.8962, time 495.69ms, mfu 1.64%
iter 11360: loss 0.8748, time 495.41ms, mfu 1.64%
iter 11370: loss 0.8757, time 496.15ms, mfu 1.64%
iter 11380: loss 0.8955, time 495.58ms, mfu 1.64%
iter 11390: loss 0.8920, time 492.60ms, mfu 1.65%
iter 11400: loss 0.8742, time 497.00ms, mfu 1.65%
iter 11410: loss 0.8811, time 492.99ms, mfu 1.65%
iter 11420: loss 0.8629, time 494.73ms, mfu 1.65%
iter 11430: loss 0.8869, time 493.17ms, mfu 1.65%
iter 11440: loss 0.8917, time 496.42ms, mfu 1.65%
iter 11450: loss 0.8768, time 493.73ms, mfu 1.65%
iter 11460: loss 0.8574, time 496.32ms, mfu 1.65%
iter 11470: loss 0.8873, time 495.30ms, mfu 1.65%
iter 11480: loss 0.8836, time 497.12ms, mfu 1.65%
iter 11490: loss 0.9046, time 499.96ms, mfu 1.65%
step 11500: train loss 0.6534, val loss 1.7162
saving checkpoint to /net/scratch2/junyuren/nanoGPT-manifold/out-phase2.5-drop10
iter 11500: loss 0.8726, time 5123.42ms, mfu 1.50%
iter 11510: loss 0.8580, time 495.50ms, mfu 1.51%
iter 11520: loss 0.8754, time 495.46ms, mfu 1.53%
iter 11530: loss 0.8900, time 497.40ms, mfu 1.54%
iter 11540: loss 0.8881, time 495.55ms, mfu 1.55%
iter 11550: loss 0.8860, time 494.91ms, mfu 1.56%
iter 11560: loss 0.8845, time 496.56ms, mfu 1.57%
iter 11570: loss 0.9011, time 494.59ms, mfu 1.58%
iter 11580: loss 0.8702, time 494.93ms, mfu 1.59%
iter 11590: loss 0.8985, time 496.23ms, mfu 1.59%
iter 11600: loss 0.8703, time 495.52ms, mfu 1.60%
iter 11610: loss 0.8730, time 493.71ms, mfu 1.60%
iter 11620: loss 0.8756, time 496.99ms, mfu 1.61%
iter 11630: loss 0.8614, time 495.47ms, mfu 1.61%
iter 11640: loss 0.8767, time 496.26ms, mfu 1.62%
iter 11650: loss 0.8880, time 495.43ms, mfu 1.62%
iter 11660: loss 0.8962, time 494.39ms, mfu 1.62%
iter 11670: loss 0.8757, time 495.18ms, mfu 1.63%
iter 11680: loss 0.8701, time 496.02ms, mfu 1.63%
iter 11690: loss 0.8653, time 497.24ms, mfu 1.63%
iter 11700: loss 0.8774, time 495.34ms, mfu 1.63%
iter 11710: loss 0.8772, time 498.23ms, mfu 1.63%
iter 11720: loss 0.8859, time 496.86ms, mfu 1.64%
iter 11730: loss 0.8841, time 495.74ms, mfu 1.64%
iter 11740: loss 0.8822, time 497.45ms, mfu 1.64%
iter 11750: loss 0.8894, time 496.08ms, mfu 1.64%
iter 11760: loss 0.8643, time 496.91ms, mfu 1.64%
iter 11770: loss 0.8679, time 497.15ms, mfu 1.64%
iter 11780: loss 0.8843, time 496.46ms, mfu 1.64%
iter 11790: loss 0.8575, time 495.43ms, mfu 1.64%
iter 11800: loss 0.8506, time 496.72ms, mfu 1.64%
iter 11810: loss 0.8656, time 496.31ms, mfu 1.64%
iter 11820: loss 0.8680, time 495.78ms, mfu 1.64%
iter 11830: loss 0.8808, time 495.67ms, mfu 1.65%
iter 11840: loss 0.8740, time 497.22ms, mfu 1.65%
iter 11850: loss 0.8927, time 493.63ms, mfu 1.65%
iter 11860: loss 0.8724, time 499.18ms, mfu 1.65%
iter 11870: loss 0.8756, time 495.21ms, mfu 1.65%
iter 11880: loss 0.8649, time 497.71ms, mfu 1.65%
iter 11890: loss 0.8695, time 494.22ms, mfu 1.65%
iter 11900: loss 0.8625, time 496.75ms, mfu 1.65%
iter 11910: loss 0.8660, time 495.60ms, mfu 1.65%
iter 11920: loss 0.8874, time 495.95ms, mfu 1.65%
iter 11930: loss 0.8714, time 494.92ms, mfu 1.65%
iter 11940: loss 0.8585, time 495.32ms, mfu 1.65%
iter 11950: loss 0.8260, time 498.87ms, mfu 1.65%
iter 11960: loss 0.8452, time 495.30ms, mfu 1.65%
iter 11970: loss 0.8495, time 497.26ms, mfu 1.65%
iter 11980: loss 0.8736, time 498.45ms, mfu 1.65%
iter 11990: loss 0.8518, time 494.00ms, mfu 1.65%
step 12000: train loss 0.6308, val loss 1.7334
saving checkpoint to /net/scratch2/junyuren/nanoGPT-manifold/out-phase2.5-drop10
iter 12000: loss 0.8494, time 5412.61ms, mfu 1.50%
iter 12010: loss 0.8732, time 495.90ms, mfu 1.51%
iter 12020: loss 0.8494, time 494.67ms, mfu 1.53%
iter 12030: loss 0.8581, time 493.99ms, mfu 1.54%
iter 12040: loss 0.8542, time 495.14ms, mfu 1.55%
iter 12050: loss 0.8571, time 496.16ms, mfu 1.56%
iter 12060: loss 0.8630, time 494.38ms, mfu 1.57%
iter 12070: loss 0.8659, time 493.07ms, mfu 1.58%
iter 12080: loss 0.8658, time 494.27ms, mfu 1.59%
iter 12090: loss 0.8725, time 494.49ms, mfu 1.59%
iter 12100: loss 0.8579, time 497.31ms, mfu 1.60%
iter 12110: loss 0.8686, time 499.42ms, mfu 1.60%
iter 12120: loss 0.8473, time 496.63ms, mfu 1.61%
iter 12130: loss 0.8556, time 493.65ms, mfu 1.61%
iter 12140: loss 0.8582, time 497.09ms, mfu 1.62%
iter 12150: loss 0.8603, time 493.39ms, mfu 1.62%
iter 12160: loss 0.8464, time 493.98ms, mfu 1.62%
iter 12170: loss 0.8672, time 495.21ms, mfu 1.63%
iter 12180: loss 0.8712, time 495.59ms, mfu 1.63%
iter 12190: loss 0.8721, time 494.76ms, mfu 1.63%
iter 12200: loss 0.8559, time 495.87ms, mfu 1.63%
iter 12210: loss 0.8463, time 496.35ms, mfu 1.64%
iter 12220: loss 0.8833, time 495.89ms, mfu 1.64%
iter 12230: loss 0.8523, time 496.92ms, mfu 1.64%
iter 12240: loss 0.8660, time 495.53ms, mfu 1.64%
iter 12250: loss 0.8409, time 495.23ms, mfu 1.64%
iter 12260: loss 0.8507, time 493.31ms, mfu 1.64%
iter 12270: loss 0.8576, time 496.65ms, mfu 1.64%
iter 12280: loss 0.8565, time 495.36ms, mfu 1.64%
iter 12290: loss 0.8414, time 496.43ms, mfu 1.64%
iter 12300: loss 0.8687, time 494.74ms, mfu 1.65%
iter 12310: loss 0.8503, time 497.83ms, mfu 1.65%
iter 12320: loss 0.8535, time 494.96ms, mfu 1.65%
iter 12330: loss 0.8477, time 496.40ms, mfu 1.65%
iter 12340: loss 0.8485, time 495.76ms, mfu 1.65%
iter 12350: loss 0.8248, time 495.75ms, mfu 1.65%
iter 12360: loss 0.8514, time 496.25ms, mfu 1.65%
iter 12370: loss 0.8558, time 494.37ms, mfu 1.65%
iter 12380: loss 0.8472, time 493.48ms, mfu 1.65%
iter 12390: loss 0.8533, time 494.19ms, mfu 1.65%
iter 12400: loss 0.8385, time 495.85ms, mfu 1.65%
iter 12410: loss 0.8775, time 494.75ms, mfu 1.65%
iter 12420: loss 0.8582, time 495.78ms, mfu 1.65%
iter 12430: loss 0.8526, time 496.98ms, mfu 1.65%
iter 12440: loss 0.8648, time 497.25ms, mfu 1.65%
iter 12450: loss 0.8278, time 496.06ms, mfu 1.65%
iter 12460: loss 0.8628, time 497.20ms, mfu 1.65%
iter 12470: loss 0.8749, time 495.73ms, mfu 1.65%
iter 12480: loss 0.8137, time 498.66ms, mfu 1.65%
iter 12490: loss 0.8694, time 495.41ms, mfu 1.65%
step 12500: train loss 0.6131, val loss 1.7426
saving checkpoint to /net/scratch2/junyuren/nanoGPT-manifold/out-phase2.5-drop10
iter 12500: loss 0.8410, time 5076.31ms, mfu 1.50%
iter 12510: loss 0.8566, time 495.37ms, mfu 1.52%
iter 12520: loss 0.8756, time 497.24ms, mfu 1.53%
iter 12530: loss 0.8659, time 494.38ms, mfu 1.54%
iter 12540: loss 0.8342, time 497.45ms, mfu 1.55%
iter 12550: loss 0.8570, time 495.45ms, mfu 1.56%
iter 12560: loss 0.8343, time 495.61ms, mfu 1.57%
iter 12570: loss 0.8379, time 496.54ms, mfu 1.58%
iter 12580: loss 0.8466, time 496.90ms, mfu 1.59%
iter 12590: loss 0.8725, time 494.92ms, mfu 1.59%
iter 12600: loss 0.8062, time 493.50ms, mfu 1.60%
iter 12610: loss 0.8548, time 493.70ms, mfu 1.61%
iter 12620: loss 0.8475, time 493.77ms, mfu 1.61%
iter 12630: loss 0.8562, time 495.70ms, mfu 1.61%
iter 12640: loss 0.8513, time 496.31ms, mfu 1.62%
iter 12650: loss 0.8407, time 496.45ms, mfu 1.62%
iter 12660: loss 0.8442, time 494.31ms, mfu 1.62%
iter 12670: loss 0.8463, time 496.91ms, mfu 1.63%
iter 12680: loss 0.8650, time 494.82ms, mfu 1.63%
iter 12690: loss 0.8123, time 493.82ms, mfu 1.63%
iter 12700: loss 0.8529, time 496.03ms, mfu 1.63%
iter 12710: loss 0.8528, time 495.29ms, mfu 1.64%
iter 12720: loss 0.8424, time 494.41ms, mfu 1.64%
iter 12730: loss 0.8279, time 493.94ms, mfu 1.64%
iter 12740: loss 0.8503, time 491.89ms, mfu 1.64%
iter 12750: loss 0.8299, time 492.77ms, mfu 1.64%
iter 12760: loss 0.8491, time 496.24ms, mfu 1.64%
iter 12770: loss 0.8255, time 493.47ms, mfu 1.65%
iter 12780: loss 0.8537, time 495.38ms, mfu 1.65%
iter 12790: loss 0.8608, time 494.55ms, mfu 1.65%
iter 12800: loss 0.8948, time 493.51ms, mfu 1.65%
iter 12810: loss 0.8468, time 496.30ms, mfu 1.65%
iter 12820: loss 0.8451, time 493.26ms, mfu 1.65%
iter 12830: loss 0.8622, time 494.30ms, mfu 1.65%
iter 12840: loss 0.8272, time 497.63ms, mfu 1.65%
iter 12850: loss 0.8443, time 495.79ms, mfu 1.65%
iter 12860: loss 0.8386, time 492.25ms, mfu 1.65%
iter 12870: loss 0.8467, time 495.17ms, mfu 1.65%
iter 12880: loss 0.8466, time 494.32ms, mfu 1.65%
iter 12890: loss 0.8713, time 494.21ms, mfu 1.65%
iter 12900: loss 0.8571, time 495.63ms, mfu 1.65%
iter 12910: loss 0.8733, time 495.11ms, mfu 1.65%
iter 12920: loss 0.8469, time 495.62ms, mfu 1.65%
iter 12930: loss 0.8536, time 494.75ms, mfu 1.65%
iter 12940: loss 0.8413, time 496.01ms, mfu 1.65%
iter 12950: loss 0.8348, time 494.94ms, mfu 1.65%
iter 12960: loss 0.8444, time 496.95ms, mfu 1.65%
iter 12970: loss 0.8540, time 492.93ms, mfu 1.65%
iter 12980: loss 0.8383, time 496.08ms, mfu 1.65%
iter 12990: loss 0.8526, time 495.99ms, mfu 1.65%
step 13000: train loss 0.5978, val loss 1.7487
saving checkpoint to /net/scratch2/junyuren/nanoGPT-manifold/out-phase2.5-drop10
iter 13000: loss 0.8458, time 5088.60ms, mfu 1.50%
iter 13010: loss 0.8399, time 494.93ms, mfu 1.52%
iter 13020: loss 0.8354, time 496.85ms, mfu 1.53%
iter 13030: loss 0.8570, time 495.29ms, mfu 1.54%
iter 13040: loss 0.8416, time 495.23ms, mfu 1.55%
iter 13050: loss 0.8292, time 497.40ms, mfu 1.56%
iter 13060: loss 0.8393, time 495.75ms, mfu 1.57%
iter 13070: loss 0.8534, time 495.20ms, mfu 1.58%
iter 13080: loss 0.8537, time 495.54ms, mfu 1.59%
iter 13090: loss 0.8211, time 492.66ms, mfu 1.59%
iter 13100: loss 0.8426, time 493.78ms, mfu 1.60%
iter 13110: loss 0.8488, time 493.48ms, mfu 1.61%
iter 13120: loss 0.8386, time 493.49ms, mfu 1.61%
iter 13130: loss 0.8396, time 498.01ms, mfu 1.62%
iter 13140: loss 0.8295, time 496.06ms, mfu 1.62%
iter 13150: loss 0.8192, time 493.67ms, mfu 1.62%
iter 13160: loss 0.8319, time 493.94ms, mfu 1.63%
iter 13170: loss 0.8598, time 590.93ms, mfu 1.60%
iter 13180: loss 0.8251, time 493.74ms, mfu 1.61%
iter 13190: loss 0.8503, time 495.38ms, mfu 1.61%
iter 13200: loss 0.8246, time 496.56ms, mfu 1.62%
iter 13210: loss 0.8373, time 496.71ms, mfu 1.62%
iter 13220: loss 0.8199, time 494.30ms, mfu 1.62%
iter 13230: loss 0.8333, time 494.56ms, mfu 1.63%
iter 13240: loss 0.8213, time 494.65ms, mfu 1.63%
iter 13250: loss 0.8314, time 496.19ms, mfu 1.63%
iter 13260: loss 0.8502, time 491.68ms, mfu 1.63%
iter 13270: loss 0.8302, time 494.12ms, mfu 1.64%
iter 13280: loss 0.8518, time 495.71ms, mfu 1.64%
iter 13290: loss 0.8422, time 494.51ms, mfu 1.64%
iter 13300: loss 0.8466, time 494.06ms, mfu 1.64%
iter 13310: loss 0.8504, time 493.66ms, mfu 1.64%
iter 13320: loss 0.8310, time 494.15ms, mfu 1.64%
iter 13330: loss 0.8498, time 495.59ms, mfu 1.65%
iter 13340: loss 0.8198, time 495.14ms, mfu 1.65%
iter 13350: loss 0.8303, time 495.43ms, mfu 1.65%
iter 13360: loss 0.8173, time 491.93ms, mfu 1.65%
iter 13370: loss 0.8241, time 495.36ms, mfu 1.65%
iter 13380: loss 0.8526, time 494.30ms, mfu 1.65%
iter 13390: loss 0.8469, time 493.58ms, mfu 1.65%
iter 13400: loss 0.8249, time 495.10ms, mfu 1.65%
iter 13410: loss 0.8421, time 492.33ms, mfu 1.65%
iter 13420: loss 0.8394, time 492.58ms, mfu 1.65%
iter 13430: loss 0.8294, time 494.86ms, mfu 1.65%
iter 13440: loss 0.8553, time 496.83ms, mfu 1.65%
iter 13450: loss 0.8329, time 494.65ms, mfu 1.65%
iter 13460: loss 0.8530, time 494.23ms, mfu 1.65%
iter 13470: loss 0.8427, time 490.66ms, mfu 1.65%
iter 13480: loss 0.8077, time 493.42ms, mfu 1.66%
iter 13490: loss 0.8374, time 493.73ms, mfu 1.66%
step 13500: train loss 0.5842, val loss 1.7743
saving checkpoint to /net/scratch2/junyuren/nanoGPT-manifold/out-phase2.5-drop10
iter 13500: loss 0.8193, time 5084.90ms, mfu 1.51%
iter 13510: loss 0.8567, time 493.45ms, mfu 1.52%
iter 13520: loss 0.8433, time 494.71ms, mfu 1.53%
iter 13530: loss 0.8437, time 494.12ms, mfu 1.55%
iter 13540: loss 0.8268, time 495.09ms, mfu 1.56%
iter 13550: loss 0.8410, time 494.15ms, mfu 1.57%
iter 13560: loss 0.8319, time 494.01ms, mfu 1.58%
iter 13570: loss 0.8199, time 490.83ms, mfu 1.59%
iter 13580: loss 0.8230, time 492.92ms, mfu 1.59%
iter 13590: loss 0.8368, time 494.04ms, mfu 1.60%
iter 13600: loss 0.8322, time 494.00ms, mfu 1.61%
iter 13610: loss 0.8306, time 491.80ms, mfu 1.61%
iter 13620: loss 0.8405, time 495.50ms, mfu 1.62%
iter 13630: loss 0.8142, time 494.01ms, mfu 1.62%
iter 13640: loss 0.8266, time 495.36ms, mfu 1.62%
iter 13650: loss 0.8397, time 495.65ms, mfu 1.63%
iter 13660: loss 0.8127, time 493.57ms, mfu 1.63%
iter 13670: loss 0.8252, time 493.39ms, mfu 1.63%
iter 13680: loss 0.8351, time 494.34ms, mfu 1.63%
iter 13690: loss 0.8383, time 495.99ms, mfu 1.64%
iter 13700: loss 0.7972, time 494.75ms, mfu 1.64%
iter 13710: loss 0.8297, time 494.19ms, mfu 1.64%
iter 13720: loss 0.8134, time 493.78ms, mfu 1.64%
iter 13730: loss 0.8219, time 494.98ms, mfu 1.64%
iter 13740: loss 0.8192, time 493.71ms, mfu 1.64%
iter 13750: loss 0.8157, time 495.13ms, mfu 1.65%
iter 13760: loss 0.8124, time 493.52ms, mfu 1.65%
iter 13770: loss 0.8036, time 493.75ms, mfu 1.65%
iter 13780: loss 0.8601, time 489.21ms, mfu 1.65%
iter 13790: loss 0.8316, time 494.67ms, mfu 1.65%
iter 13800: loss 0.8141, time 494.66ms, mfu 1.65%
iter 13810: loss 0.8097, time 491.52ms, mfu 1.65%
iter 13820: loss 0.8147, time 494.04ms, mfu 1.65%
iter 13830: loss 0.8280, time 493.33ms, mfu 1.65%
iter 13840: loss 0.8035, time 495.22ms, mfu 1.65%
iter 13850: loss 0.8358, time 492.06ms, mfu 1.65%
iter 13860: loss 0.8269, time 493.84ms, mfu 1.65%
iter 13870: loss 0.8204, time 492.89ms, mfu 1.66%
iter 13880: loss 0.8317, time 492.87ms, mfu 1.66%
iter 13890: loss 0.8228, time 494.63ms, mfu 1.66%
iter 13900: loss 0.8260, time 495.21ms, mfu 1.66%
iter 13910: loss 0.8230, time 493.42ms, mfu 1.66%
iter 13920: loss 0.8476, time 492.38ms, mfu 1.66%
iter 13930: loss 0.8262, time 493.42ms, mfu 1.66%
iter 13940: loss 0.8216, time 495.51ms, mfu 1.66%
iter 13950: loss 0.8407, time 494.73ms, mfu 1.66%
iter 13960: loss 0.7870, time 496.95ms, mfu 1.66%
iter 13970: loss 0.8319, time 495.38ms, mfu 1.66%
iter 13980: loss 0.8393, time 492.99ms, mfu 1.66%
iter 13990: loss 0.8493, time 494.17ms, mfu 1.66%
step 14000: train loss 0.5718, val loss 1.7773
saving checkpoint to /net/scratch2/junyuren/nanoGPT-manifold/out-phase2.5-drop10
iter 14000: loss 0.8377, time 5092.13ms, mfu 1.51%
iter 14010: loss 0.7969, time 493.07ms, mfu 1.52%
iter 14020: loss 0.8150, time 495.09ms, mfu 1.53%
iter 14030: loss 0.8252, time 496.36ms, mfu 1.55%
iter 14040: loss 0.8216, time 493.52ms, mfu 1.56%
iter 14050: loss 0.8258, time 492.89ms, mfu 1.57%
iter 14060: loss 0.8275, time 495.15ms, mfu 1.58%
iter 14070: loss 0.8373, time 493.55ms, mfu 1.58%
iter 14080: loss 0.7967, time 493.87ms, mfu 1.59%
iter 14090: loss 0.8405, time 493.68ms, mfu 1.60%
iter 14100: loss 0.8157, time 491.23ms, mfu 1.61%
iter 14110: loss 0.7916, time 493.82ms, mfu 1.61%
iter 14120: loss 0.8056, time 492.93ms, mfu 1.62%
iter 14130: loss 0.8395, time 493.44ms, mfu 1.62%
iter 14140: loss 0.8373, time 495.76ms, mfu 1.62%
iter 14150: loss 0.8229, time 492.66ms, mfu 1.63%
iter 14160: loss 0.7971, time 491.63ms, mfu 1.63%
iter 14170: loss 0.8145, time 492.15ms, mfu 1.63%
iter 14180: loss 0.8288, time 495.46ms, mfu 1.64%
iter 14190: loss 0.8140, time 493.40ms, mfu 1.64%
iter 14200: loss 0.8188, time 493.24ms, mfu 1.64%
iter 14210: loss 0.8174, time 492.99ms, mfu 1.64%
iter 14220: loss 0.8248, time 493.39ms, mfu 1.64%
iter 14230: loss 0.8139, time 493.69ms, mfu 1.65%
iter 14240: loss 0.8212, time 492.65ms, mfu 1.65%
iter 14250: loss 0.7914, time 493.04ms, mfu 1.65%
iter 14260: loss 0.8104, time 492.36ms, mfu 1.65%
iter 14270: loss 0.8168, time 493.09ms, mfu 1.65%
iter 14280: loss 0.8182, time 509.12ms, mfu 1.65%
iter 14290: loss 0.8123, time 492.89ms, mfu 1.65%
iter 14300: loss 0.8032, time 493.59ms, mfu 1.65%
iter 14310: loss 0.8323, time 494.09ms, mfu 1.65%
iter 14320: loss 0.8239, time 496.00ms, mfu 1.65%
iter 14330: loss 0.8331, time 493.61ms, mfu 1.65%
iter 14340: loss 0.8010, time 491.71ms, mfu 1.65%
iter 14350: loss 0.8177, time 492.72ms, mfu 1.65%
iter 14360: loss 0.8120, time 494.35ms, mfu 1.65%
iter 14370: loss 0.8065, time 495.12ms, mfu 1.65%
iter 14380: loss 0.8265, time 494.17ms, mfu 1.65%
iter 14390: loss 0.8126, time 493.92ms, mfu 1.65%
iter 14400: loss 0.8429, time 493.85ms, mfu 1.65%
iter 14410: loss 0.8125, time 491.50ms, mfu 1.66%
iter 14420: loss 0.8424, time 492.08ms, mfu 1.66%
iter 14430: loss 0.8106, time 491.68ms, mfu 1.66%
iter 14440: loss 0.7986, time 493.49ms, mfu 1.66%
iter 14450: loss 0.8163, time 495.04ms, mfu 1.66%
iter 14460: loss 0.8171, time 494.58ms, mfu 1.66%
iter 14470: loss 0.8066, time 490.01ms, mfu 1.66%
iter 14480: loss 0.8208, time 493.44ms, mfu 1.66%
iter 14490: loss 0.8109, time 492.92ms, mfu 1.66%
step 14500: train loss 0.5593, val loss 1.7882
saving checkpoint to /net/scratch2/junyuren/nanoGPT-manifold/out-phase2.5-drop10
iter 14500: loss 0.8400, time 5056.32ms, mfu 1.51%
iter 14510: loss 0.8312, time 492.95ms, mfu 1.52%
iter 14520: loss 0.8272, time 492.58ms, mfu 1.54%
iter 14530: loss 0.8162, time 492.04ms, mfu 1.55%
iter 14540: loss 0.8151, time 492.56ms, mfu 1.56%
iter 14550: loss 0.8399, time 496.47ms, mfu 1.57%
iter 14560: loss 0.8139, time 494.47ms, mfu 1.58%
iter 14570: loss 0.7940, time 494.77ms, mfu 1.59%
iter 14580: loss 0.8130, time 491.81ms, mfu 1.59%
iter 14590: loss 0.8103, time 495.48ms, mfu 1.60%
iter 14600: loss 0.7955, time 492.30ms, mfu 1.61%
iter 14610: loss 0.8341, time 493.51ms, mfu 1.61%
iter 14620: loss 0.8141, time 492.33ms, mfu 1.62%
iter 14630: loss 0.8181, time 493.41ms, mfu 1.62%
iter 14640: loss 0.8186, time 492.19ms, mfu 1.63%
iter 14650: loss 0.8112, time 493.48ms, mfu 1.63%
iter 14660: loss 0.7933, time 492.92ms, mfu 1.63%
iter 14670: loss 0.8338, time 492.23ms, mfu 1.63%
iter 14680: loss 0.8046, time 494.02ms, mfu 1.64%
iter 14690: loss 0.7931, time 495.00ms, mfu 1.64%
iter 14700: loss 0.8150, time 492.96ms, mfu 1.64%
iter 14710: loss 0.8194, time 494.46ms, mfu 1.64%
iter 14720: loss 0.8168, time 493.34ms, mfu 1.64%
iter 14730: loss 0.8006, time 491.05ms, mfu 1.65%
iter 14740: loss 0.8203, time 493.40ms, mfu 1.65%
iter 14750: loss 0.8182, time 491.57ms, mfu 1.65%
iter 14760: loss 0.8257, time 491.94ms, mfu 1.65%
iter 14770: loss 0.8107, time 489.90ms, mfu 1.65%
iter 14780: loss 0.8203, time 496.48ms, mfu 1.65%
iter 14790: loss 0.7964, time 494.59ms, mfu 1.65%
iter 14800: loss 0.8156, time 492.68ms, mfu 1.65%
iter 14810: loss 0.8022, time 493.53ms, mfu 1.65%
iter 14820: loss 0.7943, time 495.84ms, mfu 1.65%
iter 14830: loss 0.8217, time 491.38ms, mfu 1.66%
iter 14840: loss 0.8138, time 492.89ms, mfu 1.66%
iter 14850: loss 0.8253, time 494.09ms, mfu 1.66%
iter 14860: loss 0.7958, time 492.00ms, mfu 1.66%
iter 14870: loss 0.7907, time 494.26ms, mfu 1.66%
iter 14880: loss 0.8302, time 494.68ms, mfu 1.66%
iter 14890: loss 0.8358, time 492.51ms, mfu 1.66%
iter 14900: loss 0.7965, time 492.40ms, mfu 1.66%
iter 14910: loss 0.7913, time 494.01ms, mfu 1.66%
iter 14920: loss 0.8150, time 492.46ms, mfu 1.66%
iter 14930: loss 0.8321, time 494.23ms, mfu 1.66%
iter 14940: loss 0.7994, time 493.43ms, mfu 1.66%
iter 14950: loss 0.7926, time 492.98ms, mfu 1.66%
iter 14960: loss 0.8166, time 492.43ms, mfu 1.66%
iter 14970: loss 0.8159, time 494.06ms, mfu 1.66%
iter 14980: loss 0.8119, time 492.08ms, mfu 1.66%
iter 14990: loss 0.8160, time 491.81ms, mfu 1.66%
step 15000: train loss 0.5524, val loss 1.7941
saving checkpoint to /net/scratch2/junyuren/nanoGPT-manifold/out-phase2.5-drop10
iter 15000: loss 0.8346, time 5112.47ms, mfu 1.51%
