Overriding config with config/train_openwebtext_grassmann_resume.py:
# Resume OpenWebText stable_rank_x2 from checkpoint
# Continuing from step 9000

# I/O
out_dir = '/net/scratch2/junyuren/nanoGPT-manifold/out-openwebtext-grassmann'
eval_interval = 1000
eval_iters = 200
log_interval = 10
always_save_checkpoint = True

# CRITICAL: Resume from checkpoint
init_from = 'resume'

wandb_log = False
wandb_project = 'openwebtext'
wandb_run_name = 'grassmann-6L-384d-stable-rank-x2-resume'

# Data
dataset = 'openwebtext'
data_dir = '/net/scratch2/junyuren/nanoGPT-manifold/data/openwebtext'
gradient_accumulation_steps = 40
batch_size = 64
block_size = 1024

# Model
n_layer = 6
n_head = 6
n_embd = 384
dropout = 0.2
bias = False

# AdamW optimizer
learning_rate = 1e-3
max_iters = 100000
lr_decay_iters = 100000
min_lr = 1e-4
beta1 = 0.9
beta2 = 0.99
weight_decay = 1e-1
grad_clip = 1.0

decay_lr = True
warmup_iters = 2000

# Grassmann config - stable_rank_x2
use_grassmann = True
grassmann_phase = 'phase2.5'

grass_rank_c_attn = 48
grass_rank_mlp_fc = 20
grass_scale_c_attn = 4.6293
grass_scale_mlp_fc = 10.1372

grass_rank = 48
grass_lr = 8e-3
grass_a = 1.0
grass_b = 0.0
grass_alpha = 0.01
grass_steps = 10
grass_tol = 1e-6

# System
device = 'cuda'
dtype = 'bfloat16'
compile = True

tokens per iteration will be: 2,621,440
Resuming training from /net/scratch2/junyuren/nanoGPT-manifold/out-openwebtext-grassmann
number of parameters: 29.94M

=== Phase phase2.5 Grassmann Configuration ===
  Variant .5: attn.c_proj uses AdamW (not Grassmann)

Per-block configuration (6 blocks):
  c_attn ranks:       [48, 48, 48, 48, 48, 48]
  c_attn scales:      ['4.63', '4.63', '4.63', '4.63', '4.63', '4.63']
  mlp.c_fc ranks:     [20, 20, 20, 20, 20, 20]
  mlp.c_fc scales:    ['10.14', '10.14', '10.14', '10.14', '10.14', '10.14']
Grassmann Muon parameters: 6 weight matrices, 3,538,944 params
AdamW decay parameters: 20 tensors, 26,787,840 params
AdamW no-decay parameters: 13 tensors, 4,992 params
  transformer.h.0.mlp.c_fc.weight: k=4, G_{1.0,0.0,20}, lr=0.008, scale=10.1372, type=vertical
  transformer.h.1.mlp.c_fc.weight: k=4, G_{1.0,0.0,20}, lr=0.008, scale=10.1372, type=vertical
  transformer.h.2.mlp.c_fc.weight: k=4, G_{1.0,0.0,20}, lr=0.008, scale=10.1372, type=vertical
  transformer.h.3.mlp.c_fc.weight: k=4, G_{1.0,0.0,20}, lr=0.008, scale=10.1372, type=vertical
  transformer.h.4.mlp.c_fc.weight: k=4, G_{1.0,0.0,20}, lr=0.008, scale=10.1372, type=vertical
  transformer.h.5.mlp.c_fc.weight: k=4, G_{1.0,0.0,20}, lr=0.008, scale=10.1372, type=vertical
using fused AdamW: True

=== Setting up component-specific dropout ===
AdamW components: dropout = 0.2
Grassmann components: dropout = 0.1
Component-specific dropout setup complete.

=== Setting up norm-preserving scaling (Phase phase2.5) ===
  Added frozen 0.5×I scaling after mlp.c_fc (device=cuda:0)
  Added frozen 0.5×I scaling after mlp.c_fc (device=cuda:0)
  Added frozen 0.5×I scaling after mlp.c_fc (device=cuda:0)
  Added frozen 0.5×I scaling after mlp.c_fc (device=cuda:0)
  Added frozen 0.5×I scaling after mlp.c_fc (device=cuda:0)
  Added frozen 0.5×I scaling after mlp.c_fc (device=cuda:0)
Norm-preserving scaling setup complete.
compiling the model... (takes a ~minute)
step 42000: train loss 4.0916, val loss 4.0975
saving checkpoint to /net/scratch2/junyuren/nanoGPT-manifold/out-openwebtext-grassmann
iter 42000: loss 3.9498, time 32724.13ms, mfu -100.00%
iter 42010: loss 4.0910, time 3503.42ms, mfu 70.24%
iter 42020: loss 4.0158, time 3517.37ms, mfu 70.21%
iter 42030: loss 4.0562, time 3534.10ms, mfu 70.15%
iter 42040: loss 4.1046, time 3521.54ms, mfu 70.13%
iter 42050: loss 4.1046, time 3510.16ms, mfu 70.12%
iter 42060: loss 4.1157, time 3538.36ms, mfu 70.07%
iter 42070: loss 3.9244, time 3530.87ms, mfu 70.03%
iter 42080: loss 4.0036, time 3526.09ms, mfu 70.00%
iter 42090: loss 4.1006, time 3517.88ms, mfu 70.00%
iter 42100: loss 4.1001, time 3520.27ms, mfu 69.99%
iter 42110: loss 4.0313, time 3531.09ms, mfu 69.96%
iter 42120: loss 4.0901, time 3524.78ms, mfu 69.94%
iter 42130: loss 4.0448, time 3509.18ms, mfu 69.96%
iter 42140: loss 4.0462, time 3526.30ms, mfu 69.94%
iter 42150: loss 4.0826, time 3515.44ms, mfu 69.95%
iter 42160: loss 4.0532, time 3541.28ms, mfu 69.90%
iter 42170: loss 4.0247, time 3525.19ms, mfu 69.89%
iter 42180: loss 4.1039, time 3511.05ms, mfu 69.91%
iter 42190: loss 4.0755, time 3530.70ms, mfu 69.89%
iter 42200: loss 4.1413, time 3528.93ms, mfu 69.88%
iter 42210: loss 4.1278, time 3532.70ms, mfu 69.85%
iter 42220: loss 3.9951, time 3530.13ms, mfu 69.84%
iter 42230: loss 3.9853, time 3524.65ms, mfu 69.84%
iter 42240: loss 4.0635, time 3518.51ms, mfu 69.85%
iter 42250: loss 4.0719, time 3519.23ms, mfu 69.85%
iter 42260: loss 4.1040, time 3530.33ms, mfu 69.84%
iter 42270: loss 4.0920, time 3525.52ms, mfu 69.84%
iter 42280: loss 4.0889, time 3535.58ms, mfu 69.81%
iter 42290: loss 4.0569, time 3531.27ms, mfu 69.80%
iter 42300: loss 4.1055, time 3537.87ms, mfu 69.77%
iter 42310: loss 4.0991, time 3532.78ms, mfu 69.76%
iter 42320: loss 4.0336, time 3537.21ms, mfu 69.74%
iter 42330: loss 4.0157, time 3516.15ms, mfu 69.77%
iter 42340: loss 4.0501, time 3534.93ms, mfu 69.75%
iter 42350: loss 4.0480, time 3526.45ms, mfu 69.75%
iter 42360: loss 4.0633, time 3516.79ms, mfu 69.78%
iter 42370: loss 3.9958, time 3534.32ms, mfu 69.76%
iter 42380: loss 4.0185, time 3531.15ms, mfu 69.75%
iter 42390: loss 4.0589, time 3528.29ms, mfu 69.75%
iter 42400: loss 4.1246, time 3538.84ms, mfu 69.73%
iter 42410: loss 3.9440, time 3535.51ms, mfu 69.72%
iter 42420: loss 4.0377, time 3530.86ms, mfu 69.72%
iter 42430: loss 4.0120, time 3532.18ms, mfu 69.71%
iter 42440: loss 4.0136, time 3532.03ms, mfu 69.71%
iter 42450: loss 4.0168, time 3532.94ms, mfu 69.70%
iter 42460: loss 4.0385, time 3524.86ms, mfu 69.71%
iter 42470: loss 4.0433, time 3539.39ms, mfu 69.69%
iter 42480: loss 4.0226, time 3532.34ms, mfu 69.69%
iter 42490: loss 4.0959, time 3529.54ms, mfu 69.69%
iter 42500: loss 4.0901, time 3537.08ms, mfu 69.68%
iter 42510: loss 4.1170, time 3526.25ms, mfu 69.69%
iter 42520: loss 4.0110, time 3517.55ms, mfu 69.72%
iter 42530: loss 4.0770, time 3530.77ms, mfu 69.72%
iter 42540: loss 4.0171, time 3518.27ms, mfu 69.74%
iter 42550: loss 4.0455, time 3504.42ms, mfu 69.79%
iter 42560: loss 3.9783, time 3510.24ms, mfu 69.82%
iter 42570: loss 4.1140, time 3505.98ms, mfu 69.86%
iter 42580: loss 4.0523, time 3535.32ms, mfu 69.83%
iter 42590: loss 4.1525, time 3524.01ms, mfu 69.83%
iter 42600: loss 4.0568, time 3525.36ms, mfu 69.83%
iter 42610: loss 4.1126, time 3515.69ms, mfu 69.84%
iter 42620: loss 4.0055, time 3536.31ms, mfu 69.82%
iter 42630: loss 4.0604, time 3537.35ms, mfu 69.79%
iter 42640: loss 4.0963, time 3537.88ms, mfu 69.77%
iter 42650: loss 3.9325, time 3502.28ms, mfu 69.82%
iter 42660: loss 4.0054, time 3534.59ms, mfu 69.80%
iter 42670: loss 4.0652, time 3533.35ms, mfu 69.78%
iter 42680: loss 4.0358, time 3507.14ms, mfu 69.82%
iter 42690: loss 4.0031, time 3531.22ms, mfu 69.81%
iter 42700: loss 4.0077, time 3522.41ms, mfu 69.81%
iter 42710: loss 4.1092, time 3514.55ms, mfu 69.83%
iter 42720: loss 4.0247, time 3514.54ms, mfu 69.85%
iter 42730: loss 3.9396, time 3508.62ms, mfu 69.88%
iter 42740: loss 4.0623, time 3513.61ms, mfu 69.90%
iter 42750: loss 4.1458, time 3517.46ms, mfu 69.90%
iter 42760: loss 4.0313, time 3524.51ms, mfu 69.89%
iter 42770: loss 4.0099, time 3526.98ms, mfu 69.88%
iter 42780: loss 4.0012, time 3528.87ms, mfu 69.87%
iter 42790: loss 4.0142, time 3534.33ms, mfu 69.84%
iter 42800: loss 4.0523, time 3507.26ms, mfu 69.87%
iter 42810: loss 4.0312, time 3505.90ms, mfu 69.91%
iter 42820: loss 4.1108, time 3498.57ms, mfu 69.95%
iter 42830: loss 4.0374, time 3526.27ms, mfu 69.93%
iter 42840: loss 4.0534, time 3528.77ms, mfu 69.91%
iter 42850: loss 4.0774, time 3539.66ms, mfu 69.87%
iter 42860: loss 4.0828, time 3511.51ms, mfu 69.89%
iter 42870: loss 3.9766, time 3514.01ms, mfu 69.91%
iter 42880: loss 4.0104, time 3525.30ms, mfu 69.90%
iter 42890: loss 4.0723, time 3542.00ms, mfu 69.85%
iter 42900: loss 4.0370, time 3545.07ms, mfu 69.81%
iter 42910: loss 4.0083, time 3531.99ms, mfu 69.80%
iter 42920: loss 4.0936, time 3541.43ms, mfu 69.77%
iter 42930: loss 4.1181, time 3535.97ms, mfu 69.75%
iter 42940: loss 4.0933, time 3528.35ms, mfu 69.75%
iter 42950: loss 4.1333, time 3534.53ms, mfu 69.73%
iter 42960: loss 4.0223, time 3530.25ms, mfu 69.73%
iter 42970: loss 4.0397, time 3533.61ms, mfu 69.72%
iter 42980: loss 4.0985, time 3527.43ms, mfu 69.73%
iter 42990: loss 4.0260, time 3511.47ms, mfu 69.76%
step 43000: train loss 4.2733, val loss 4.2932
saving checkpoint to /net/scratch2/junyuren/nanoGPT-manifold/out-openwebtext-grassmann
iter 43000: loss 3.9966, time 21568.23ms, mfu 63.93%
iter 43010: loss 4.1055, time 3532.55ms, mfu 64.50%
iter 43020: loss 3.9938, time 3518.30ms, mfu 65.04%
iter 43030: loss 4.0744, time 3498.52ms, mfu 65.57%
iter 43040: loss 4.0228, time 3533.29ms, mfu 65.98%
iter 43050: loss 4.0988, time 3534.09ms, mfu 66.35%
iter 43060: loss 3.9575, time 3530.54ms, mfu 66.68%
iter 43070: loss 4.0052, time 3516.90ms, mfu 67.01%
iter 43080: loss 4.0224, time 3536.14ms, mfu 67.27%
iter 43090: loss 4.0669, time 3516.05ms, mfu 67.54%
iter 43100: loss 4.0538, time 3513.04ms, mfu 67.79%
iter 43110: loss 4.0117, time 3510.74ms, mfu 68.02%
iter 43120: loss 4.0796, time 3534.41ms, mfu 68.18%
iter 43130: loss 4.0298, time 3502.77ms, mfu 68.39%
iter 43140: loss 3.9872, time 3502.55ms, mfu 68.57%
iter 43150: loss 4.0723, time 3503.97ms, mfu 68.74%
iter 43160: loss 4.0690, time 3512.12ms, mfu 68.87%
iter 43170: loss 3.9910, time 3512.01ms, mfu 68.99%
iter 43180: loss 4.0530, time 3514.09ms, mfu 69.10%
iter 43190: loss 4.1739, time 3519.77ms, mfu 69.18%
iter 43200: loss 3.9892, time 3529.15ms, mfu 69.23%
iter 43210: loss 4.0076, time 3516.91ms, mfu 69.31%
iter 43220: loss 4.1304, time 3527.79ms, mfu 69.35%
iter 43230: loss 4.0677, time 3502.09ms, mfu 69.44%
iter 43240: loss 4.0712, time 3527.71ms, mfu 69.47%
iter 43250: loss 4.1479, time 3534.14ms, mfu 69.49%
iter 43260: loss 4.1157, time 3531.68ms, mfu 69.51%
iter 43270: loss 4.0888, time 3532.17ms, mfu 69.52%
iter 43280: loss 4.1004, time 3525.86ms, mfu 69.55%
iter 43290: loss 4.1006, time 3524.67ms, mfu 69.58%
iter 43300: loss 4.0560, time 3518.20ms, mfu 69.61%
iter 43310: loss 4.0819, time 3518.31ms, mfu 69.65%
iter 43320: loss 3.8990, time 3504.10ms, mfu 69.70%
iter 43330: loss 4.0823, time 3530.78ms, mfu 69.70%
iter 43340: loss 4.1180, time 3528.39ms, mfu 69.71%
iter 43350: loss 4.1476, time 3508.82ms, mfu 69.75%
iter 43360: loss 4.0424, time 3516.41ms, mfu 69.77%
iter 43370: loss 4.1090, time 3516.09ms, mfu 69.79%
iter 43380: loss 4.0626, time 3540.20ms, mfu 69.77%
iter 43390: loss 4.0698, time 3535.58ms, mfu 69.75%
iter 43400: loss 4.1000, time 3523.04ms, mfu 69.76%
iter 43410: loss 4.0991, time 3522.93ms, mfu 69.77%
iter 43420: loss 4.1160, time 3537.13ms, mfu 69.75%
iter 43430: loss 4.1011, time 3515.90ms, mfu 69.77%
iter 43440: loss 4.0321, time 3532.10ms, mfu 69.76%
iter 43450: loss 3.9492, time 3530.67ms, mfu 69.76%
iter 43460: loss 4.0976, time 3532.85ms, mfu 69.75%
iter 43470: loss 4.0981, time 3541.26ms, mfu 69.72%
iter 43480: loss 4.0150, time 3522.99ms, mfu 69.73%
iter 43490: loss 4.0804, time 3509.14ms, mfu 69.77%
iter 43500: loss 3.9897, time 3527.46ms, mfu 69.77%
iter 43510: loss 4.0458, time 3527.54ms, mfu 69.77%
iter 43520: loss 4.1467, time 3529.84ms, mfu 69.76%
iter 43530: loss 4.1052, time 3538.33ms, mfu 69.74%
iter 43540: loss 4.0796, time 3531.44ms, mfu 69.74%
iter 43550: loss 4.0869, time 3500.86ms, mfu 69.79%
iter 43560: loss 4.0985, time 3531.67ms, mfu 69.78%
iter 43570: loss 4.0423, time 3540.70ms, mfu 69.75%
iter 43580: loss 4.0139, time 3530.49ms, mfu 69.75%
iter 43590: loss 4.0720, time 3509.54ms, mfu 69.78%
iter 43600: loss 4.0426, time 3518.47ms, mfu 69.80%
iter 43610: loss 4.0372, time 3501.95ms, mfu 69.85%
iter 43620: loss 4.1082, time 3540.44ms, mfu 69.81%
iter 43630: loss 4.1080, time 3528.79ms, mfu 69.80%
iter 43640: loss 4.0651, time 3519.46ms, mfu 69.82%
iter 43650: loss 4.0910, time 3514.75ms, mfu 69.84%
iter 43660: loss 4.0796, time 3502.52ms, mfu 69.88%
iter 43670: loss 4.0690, time 3507.23ms, mfu 69.91%
iter 43680: loss 4.0389, time 3505.08ms, mfu 69.94%
iter 43690: loss 4.0312, time 3513.19ms, mfu 69.95%
iter 43700: loss 4.1009, time 3518.13ms, mfu 69.95%
iter 43710: loss 4.1417, time 3536.04ms, mfu 69.91%
iter 43720: loss 3.9923, time 3541.40ms, mfu 69.87%
iter 43730: loss 4.0676, time 3529.18ms, mfu 69.85%
iter 43740: loss 4.0146, time 3538.14ms, mfu 69.82%
iter 43750: loss 3.9503, time 3544.16ms, mfu 69.78%
iter 43760: loss 4.0443, time 3525.26ms, mfu 69.79%
iter 43770: loss 4.1154, time 3535.55ms, mfu 69.77%
iter 43780: loss 4.1344, time 3539.42ms, mfu 69.74%
iter 43790: loss 4.0429, time 3530.54ms, mfu 69.74%
iter 43800: loss 4.0681, time 3529.61ms, mfu 69.74%
iter 43810: loss 4.0697, time 3519.76ms, mfu 69.75%
iter 43820: loss 4.0664, time 3546.81ms, mfu 69.72%
iter 43830: loss 4.1066, time 3540.85ms, mfu 69.70%
iter 43840: loss 4.0154, time 3523.69ms, mfu 69.71%
iter 43850: loss 4.0508, time 3549.37ms, mfu 69.67%
iter 43860: loss 4.0615, time 3534.09ms, mfu 69.67%
iter 43870: loss 3.9722, time 3524.52ms, mfu 69.68%
iter 43880: loss 4.1442, time 3544.41ms, mfu 69.66%
iter 43890: loss 4.0669, time 3540.94ms, mfu 69.64%
iter 43900: loss 4.0171, time 3517.08ms, mfu 69.67%
iter 43910: loss 4.0798, time 3526.14ms, mfu 69.68%
iter 43920: loss 4.1223, time 3540.62ms, mfu 69.67%
iter 43930: loss 4.0803, time 3542.20ms, mfu 69.65%
iter 43940: loss 4.0319, time 3539.94ms, mfu 69.63%
iter 43950: loss 4.1012, time 3520.12ms, mfu 69.66%
iter 43960: loss 4.1157, time 3537.14ms, mfu 69.65%
iter 43970: loss 4.0449, time 3541.96ms, mfu 69.63%
iter 43980: loss 4.0434, time 3547.40ms, mfu 69.61%
iter 43990: loss 4.0076, time 3510.82ms, mfu 69.66%
step 44000: train loss 4.1705, val loss 4.1789
saving checkpoint to /net/scratch2/junyuren/nanoGPT-manifold/out-openwebtext-grassmann
iter 44000: loss 4.0473, time 21698.13ms, mfu 63.82%
iter 44010: loss 4.0438, time 3524.47ms, mfu 64.42%
iter 44020: loss 4.0282, time 3546.03ms, mfu 64.92%
iter 44030: loss 3.9983, time 3528.51ms, mfu 65.40%
iter 44040: loss 4.0328, time 3521.86ms, mfu 65.85%
iter 44050: loss 4.0403, time 3536.15ms, mfu 66.22%
iter 44060: loss 4.1723, time 3540.49ms, mfu 66.55%
iter 44070: loss 4.0230, time 3516.03ms, mfu 66.90%
iter 44080: loss 4.0407, time 3522.08ms, mfu 67.19%
iter 44090: loss 4.0333, time 3540.90ms, mfu 67.42%
iter 44100: loss 3.9514, time 3541.59ms, mfu 67.63%
iter 44110: loss 4.0166, time 3534.13ms, mfu 67.83%
iter 44120: loss 3.9822, time 3513.01ms, mfu 68.05%
iter 44130: loss 4.0272, time 3520.37ms, mfu 68.24%
iter 44140: loss 4.0122, time 3524.73ms, mfu 68.39%
iter 44150: loss 4.0862, time 3527.95ms, mfu 68.53%
iter 44160: loss 4.0894, time 3549.34ms, mfu 68.61%
iter 44170: loss 4.1214, time 3539.10ms, mfu 68.70%
iter 44180: loss 4.0239, time 3530.26ms, mfu 68.80%
iter 44190: loss 4.0877, time 3535.66ms, mfu 68.88%
iter 44200: loss 4.0017, time 3522.15ms, mfu 68.98%
iter 44210: loss 4.1437, time 3524.39ms, mfu 69.06%
iter 44220: loss 4.0679, time 3516.90ms, mfu 69.15%
iter 44230: loss 3.9982, time 3536.12ms, mfu 69.20%
iter 44240: loss 4.0631, time 3542.80ms, mfu 69.22%
iter 44250: loss 4.1497, time 3536.55ms, mfu 69.26%
iter 44260: loss 3.9749, time 3527.30ms, mfu 69.31%
iter 44270: loss 4.0520, time 3521.47ms, mfu 69.37%
iter 44280: loss 4.0489, time 3522.11ms, mfu 69.42%
iter 44290: loss 4.0777, time 3522.81ms, mfu 69.46%
iter 44300: loss 4.1223, time 3532.94ms, mfu 69.48%
iter 44310: loss 3.9973, time 3520.82ms, mfu 69.52%
iter 44320: loss 3.9644, time 3529.52ms, mfu 69.54%
iter 44330: loss 4.0196, time 3521.11ms, mfu 69.58%
iter 44340: loss 4.0451, time 3520.49ms, mfu 69.61%
iter 44350: loss 4.1754, time 3527.07ms, mfu 69.62%
iter 44360: loss 4.1005, time 3515.47ms, mfu 69.66%
iter 44370: loss 4.0541, time 3544.71ms, mfu 69.64%
iter 44380: loss 4.0057, time 3539.92ms, mfu 69.62%
iter 44390: loss 4.0273, time 3522.09ms, mfu 69.65%
iter 44400: loss 4.0709, time 3524.62ms, mfu 69.67%
iter 44410: loss 4.0583, time 3545.01ms, mfu 69.64%
iter 44420: loss 4.0452, time 3525.29ms, mfu 69.66%
iter 44430: loss 3.9338, time 3539.48ms, mfu 69.64%
iter 44440: loss 4.0616, time 3543.64ms, mfu 69.62%
iter 44450: loss 4.1489, time 3552.60ms, mfu 69.59%
iter 44460: loss 4.0724, time 3544.79ms, mfu 69.57%
iter 44470: loss 4.0308, time 3546.85ms, mfu 69.55%
iter 44480: loss 4.1124, time 3520.29ms, mfu 69.59%
iter 44490: loss 3.9925, time 3540.92ms, mfu 69.58%
iter 44500: loss 4.0804, time 3535.18ms, mfu 69.58%
iter 44510: loss 4.0205, time 3542.89ms, mfu 69.57%
iter 44520: loss 4.1190, time 3526.85ms, mfu 69.59%
iter 44530: loss 3.9943, time 3549.87ms, mfu 69.56%
iter 44540: loss 4.0874, time 3544.09ms, mfu 69.55%
iter 44550: loss 4.1242, time 3540.95ms, mfu 69.54%
iter 44560: loss 4.0451, time 3517.24ms, mfu 69.59%
iter 44570: loss 4.1006, time 3519.71ms, mfu 69.62%
iter 44580: loss 3.9591, time 3515.76ms, mfu 69.66%
iter 44590: loss 4.0835, time 3522.96ms, mfu 69.68%
iter 44600: loss 4.0943, time 3540.07ms, mfu 69.66%
iter 44610: loss 4.0641, time 3537.50ms, mfu 69.65%
iter 44620: loss 4.0110, time 3531.81ms, mfu 69.65%
iter 44630: loss 4.1378, time 3534.63ms, mfu 69.65%
iter 44640: loss 4.0250, time 3527.29ms, mfu 69.66%
iter 44650: loss 4.0164, time 3542.79ms, mfu 69.64%
iter 44660: loss 4.0503, time 3557.89ms, mfu 69.59%
iter 44670: loss 3.9873, time 3540.01ms, mfu 69.58%
iter 44680: loss 4.0605, time 3517.68ms, mfu 69.62%
iter 44690: loss 4.0626, time 3519.15ms, mfu 69.65%
iter 44700: loss 3.9909, time 3511.80ms, mfu 69.69%
iter 44710: loss 3.9491, time 3546.49ms, mfu 69.66%
iter 44720: loss 4.0543, time 3529.88ms, mfu 69.67%
iter 44730: loss 4.0165, time 3538.03ms, mfu 69.66%
iter 44740: loss 4.0751, time 3553.13ms, mfu 69.62%
iter 44750: loss 4.0272, time 3521.03ms, mfu 69.64%
iter 44760: loss 4.0344, time 3527.41ms, mfu 69.66%
iter 44770: loss 4.0891, time 3533.43ms, mfu 69.65%
iter 44780: loss 4.0268, time 3531.10ms, mfu 69.66%
iter 44790: loss 4.0526, time 3513.29ms, mfu 69.70%
iter 44800: loss 4.1344, time 3517.12ms, mfu 69.72%
iter 44810: loss 3.9858, time 3541.94ms, mfu 69.70%
iter 44820: loss 4.0527, time 3529.24ms, mfu 69.70%
iter 44830: loss 4.0334, time 3543.04ms, mfu 69.68%
iter 44840: loss 4.0441, time 3533.26ms, mfu 69.67%
iter 44850: loss 4.0082, time 3519.25ms, mfu 69.70%
iter 44860: loss 4.1066, time 3532.40ms, mfu 69.69%
iter 44870: loss 4.0537, time 3536.83ms, mfu 69.68%
iter 44880: loss 4.0443, time 3538.64ms, mfu 69.67%
iter 44890: loss 4.0393, time 3523.87ms, mfu 69.68%
iter 44900: loss 4.0628, time 3529.69ms, mfu 69.69%
iter 44910: loss 4.0192, time 3516.79ms, mfu 69.72%
iter 44920: loss 4.0300, time 3517.26ms, mfu 69.74%
iter 44930: loss 4.1079, time 3523.82ms, mfu 69.75%
iter 44940: loss 4.0345, time 3520.26ms, mfu 69.77%
iter 44950: loss 4.0504, time 3512.83ms, mfu 69.79%
iter 44960: loss 4.1270, time 3546.06ms, mfu 69.75%
iter 44970: loss 4.1007, time 3541.80ms, mfu 69.73%
iter 44980: loss 4.0353, time 3549.96ms, mfu 69.69%
iter 44990: loss 4.1358, time 3538.14ms, mfu 69.67%
step 45000: train loss 4.2221, val loss 4.2373
saving checkpoint to /net/scratch2/junyuren/nanoGPT-manifold/out-openwebtext-grassmann
iter 45000: loss 4.1422, time 21889.61ms, mfu 63.83%
iter 45010: loss 4.0396, time 3528.03ms, mfu 64.42%
iter 45020: loss 4.0211, time 3548.68ms, mfu 64.91%
iter 45030: loss 4.0274, time 3528.07ms, mfu 65.40%
iter 45040: loss 4.0280, time 3529.28ms, mfu 65.83%
iter 45050: loss 3.9813, time 3531.43ms, mfu 66.21%
iter 45060: loss 3.9853, time 3532.29ms, mfu 66.56%
iter 45070: loss 4.0125, time 3544.16ms, mfu 66.85%
iter 45080: loss 4.0772, time 3549.24ms, mfu 67.10%
iter 45090: loss 3.9927, time 3543.68ms, mfu 67.33%
iter 45100: loss 4.0761, time 3518.16ms, mfu 67.59%
iter 45110: loss 4.1018, time 3529.47ms, mfu 67.80%
iter 45120: loss 4.1209, time 3526.17ms, mfu 68.00%
iter 45130: loss 3.9789, time 3556.14ms, mfu 68.12%
iter 45140: loss 4.0092, time 3542.06ms, mfu 68.26%
iter 45150: loss 4.0189, time 3551.09ms, mfu 68.36%
iter 45160: loss 4.0914, time 3549.46ms, mfu 68.46%
iter 45170: loss 4.0166, time 3536.12ms, mfu 68.57%
iter 45180: loss 4.0249, time 3526.82ms, mfu 68.69%
iter 45190: loss 4.1139, time 3531.76ms, mfu 68.79%
iter 45200: loss 3.9473, time 3517.66ms, mfu 68.91%
iter 45210: loss 4.0950, time 3517.70ms, mfu 69.01%
iter 45220: loss 4.0780, time 3523.64ms, mfu 69.09%
iter 45230: loss 4.0274, time 3551.27ms, mfu 69.11%
iter 45240: loss 4.0429, time 3531.70ms, mfu 69.17%
iter 45250: loss 3.9493, time 3540.70ms, mfu 69.20%
iter 45260: loss 4.0288, time 3539.86ms, mfu 69.23%
iter 45270: loss 4.1433, time 3546.58ms, mfu 69.25%
iter 45280: loss 3.9513, time 3544.13ms, mfu 69.27%
iter 45290: loss 4.1100, time 3538.71ms, mfu 69.29%
iter 45300: loss 4.1163, time 3532.38ms, mfu 69.33%
iter 45310: loss 4.0582, time 3543.65ms, mfu 69.34%
iter 45320: loss 4.1417, time 3546.88ms, mfu 69.35%
iter 45330: loss 4.1111, time 3528.22ms, mfu 69.39%
iter 45340: loss 4.0790, time 3535.10ms, mfu 69.41%
iter 45350: loss 4.1279, time 3517.20ms, mfu 69.46%
iter 45360: loss 4.0489, time 3514.05ms, mfu 69.52%
iter 45370: loss 4.1494, time 3541.53ms, mfu 69.52%
iter 45380: loss 4.0797, time 3506.67ms, mfu 69.58%
iter 45390: loss 4.0614, time 3543.46ms, mfu 69.57%
iter 45400: loss 4.1545, time 3537.73ms, mfu 69.57%
iter 45410: loss 4.0164, time 3519.64ms, mfu 69.60%
iter 45420: loss 3.8986, time 3543.35ms, mfu 69.59%
iter 45430: loss 4.0164, time 3521.50ms, mfu 69.62%
iter 45440: loss 4.0469, time 3519.53ms, mfu 69.65%
iter 45450: loss 4.0900, time 3522.04ms, mfu 69.67%
iter 45460: loss 4.0722, time 3551.08ms, mfu 69.63%
iter 45470: loss 3.9666, time 3533.40ms, mfu 69.63%
iter 45480: loss 4.0610, time 3536.86ms, mfu 69.63%
iter 45490: loss 4.0026, time 3549.00ms, mfu 69.60%
iter 45500: loss 4.0196, time 3531.30ms, mfu 69.61%
iter 45510: loss 4.1292, time 3525.25ms, mfu 69.63%
iter 45520: loss 4.0622, time 3537.82ms, mfu 69.62%
iter 45530: loss 4.0497, time 3539.79ms, mfu 69.61%
iter 45540: loss 4.0845, time 3533.88ms, mfu 69.61%
iter 45550: loss 4.0379, time 3542.16ms, mfu 69.60%
iter 45560: loss 4.0555, time 3523.75ms, mfu 69.62%
iter 45570: loss 4.0479, time 3529.56ms, mfu 69.63%
iter 45580: loss 4.0434, time 3548.53ms, mfu 69.60%
iter 45590: loss 4.0852, time 3535.58ms, mfu 69.60%
iter 45600: loss 4.1047, time 3527.44ms, mfu 69.62%
iter 45610: loss 4.1388, time 3537.20ms, mfu 69.61%
iter 45620: loss 4.0024, time 3515.76ms, mfu 69.65%
iter 45630: loss 4.0645, time 3523.81ms, mfu 69.67%
iter 45640: loss 4.0772, time 3530.66ms, mfu 69.67%
iter 45650: loss 4.0170, time 3545.91ms, mfu 69.64%
iter 45660: loss 4.0588, time 3521.59ms, mfu 69.67%
iter 45670: loss 4.0979, time 3552.52ms, mfu 69.63%
iter 45680: loss 4.0347, time 3551.46ms, mfu 69.59%
iter 45690: loss 4.1064, time 3528.40ms, mfu 69.61%
iter 45700: loss 4.0980, time 3513.55ms, mfu 69.65%
iter 45710: loss 4.0794, time 3533.96ms, mfu 69.65%
iter 45720: loss 4.1084, time 3530.88ms, mfu 69.65%
iter 45730: loss 3.9618, time 3542.80ms, mfu 69.63%
iter 45740: loss 3.9397, time 3546.93ms, mfu 69.61%
iter 45750: loss 4.0890, time 3534.89ms, mfu 69.61%
iter 45760: loss 4.0402, time 3529.23ms, mfu 69.62%
iter 45770: loss 4.1597, time 3549.06ms, mfu 69.59%
iter 45780: loss 4.0201, time 3520.04ms, mfu 69.62%
iter 45790: loss 4.0172, time 3542.38ms, mfu 69.61%
iter 45800: loss 4.0297, time 3541.17ms, mfu 69.60%
iter 45810: loss 4.0631, time 3542.07ms, mfu 69.58%
iter 45820: loss 4.0555, time 3524.18ms, mfu 69.61%
iter 45830: loss 4.0246, time 3542.05ms, mfu 69.59%
iter 45840: loss 4.0771, time 3545.25ms, mfu 69.58%
iter 45850: loss 4.0835, time 3539.46ms, mfu 69.57%
iter 45860: loss 4.0637, time 3544.16ms, mfu 69.56%
iter 45870: loss 4.0629, time 3518.09ms, mfu 69.60%
iter 45880: loss 3.9807, time 3526.68ms, mfu 69.61%
iter 45890: loss 4.1065, time 3531.02ms, mfu 69.62%
iter 45900: loss 4.1601, time 3542.97ms, mfu 69.60%
iter 45910: loss 4.0121, time 3544.40ms, mfu 69.59%
iter 45920: loss 4.0437, time 3526.86ms, mfu 69.61%
iter 45930: loss 4.0057, time 3531.63ms, mfu 69.61%
iter 45940: loss 4.0257, time 3517.97ms, mfu 69.65%
iter 45950: loss 4.1017, time 3518.32ms, mfu 69.68%
iter 45960: loss 4.0806, time 3546.56ms, mfu 69.65%
iter 45970: loss 4.0620, time 3526.95ms, mfu 69.66%
iter 45980: loss 4.0195, time 3547.91ms, mfu 69.63%
iter 45990: loss 4.0453, time 3548.89ms, mfu 69.60%
step 46000: train loss 4.1597, val loss 4.1765
saving checkpoint to /net/scratch2/junyuren/nanoGPT-manifold/out-openwebtext-grassmann
iter 46000: loss 4.0579, time 21638.82ms, mfu 63.78%
iter 46010: loss 4.0730, time 3535.54ms, mfu 64.36%
iter 46020: loss 4.0141, time 3532.10ms, mfu 64.89%
iter 46030: loss 4.0691, time 3530.69ms, mfu 65.37%
iter 46040: loss 4.0662, time 3542.58ms, mfu 65.78%
iter 46050: loss 4.0537, time 3538.46ms, mfu 66.16%
iter 46060: loss 4.1003, time 3524.53ms, mfu 66.52%
iter 46070: loss 4.0057, time 3553.90ms, mfu 66.79%
iter 46080: loss 4.0302, time 3551.63ms, mfu 67.04%
iter 46090: loss 4.0548, time 3533.10ms, mfu 67.30%
iter 46100: loss 4.0942, time 3527.19ms, mfu 67.55%
iter 46110: loss 4.0314, time 3546.09ms, mfu 67.73%
iter 46120: loss 4.0873, time 3529.96ms, mfu 67.93%
iter 46130: loss 4.1819, time 3520.02ms, mfu 68.13%
iter 46140: loss 3.9791, time 3540.19ms, mfu 68.27%
iter 46150: loss 4.1359, time 3536.45ms, mfu 68.40%
iter 46160: loss 4.0245, time 3522.32ms, mfu 68.55%
iter 46170: loss 4.0244, time 3542.08ms, mfu 68.64%
iter 46180: loss 4.0653, time 3539.94ms, mfu 68.73%
iter 46190: loss 4.0701, time 3529.57ms, mfu 68.83%
iter 46200: loss 4.0923, time 3523.33ms, mfu 68.93%
iter 46210: loss 4.1067, time 3537.72ms, mfu 68.99%
iter 46220: loss 4.0906, time 3522.02ms, mfu 69.08%
iter 46230: loss 4.0501, time 3526.31ms, mfu 69.15%
iter 46240: loss 4.0364, time 3536.82ms, mfu 69.19%
iter 46250: loss 4.0606, time 3541.27ms, mfu 69.22%
iter 46260: loss 4.0341, time 3523.21ms, mfu 69.28%
iter 46270: loss 4.0133, time 3543.59ms, mfu 69.30%
iter 46280: loss 4.0486, time 3541.33ms, mfu 69.32%
iter 46290: loss 4.0264, time 3542.72ms, mfu 69.33%
iter 46300: loss 4.0031, time 3539.48ms, mfu 69.35%
iter 46310: loss 4.0965, time 3540.22ms, mfu 69.37%
iter 46320: loss 4.0223, time 3541.47ms, mfu 69.38%
iter 46330: loss 4.0517, time 3538.61ms, mfu 69.40%
iter 46340: loss 4.1075, time 3541.91ms, mfu 69.40%
iter 46350: loss 3.9668, time 3543.80ms, mfu 69.41%
iter 46360: loss 4.1129, time 3539.86ms, mfu 69.42%
iter 46370: loss 4.0067, time 3538.61ms, mfu 69.43%
iter 46380: loss 4.0957, time 3544.05ms, mfu 69.43%
iter 46390: loss 4.0470, time 3542.03ms, mfu 69.43%
iter 46400: loss 4.0833, time 3543.83ms, mfu 69.44%
iter 46410: loss 4.1101, time 3555.00ms, mfu 69.41%
iter 46420: loss 4.0674, time 3539.87ms, mfu 69.42%
iter 46430: loss 4.0998, time 3535.48ms, mfu 69.44%
iter 46440: loss 4.0962, time 3542.05ms, mfu 69.44%
iter 46450: loss 4.0199, time 3547.27ms, mfu 69.44%
iter 46460: loss 4.0402, time 3541.81ms, mfu 69.44%
iter 46470: loss 4.1441, time 3545.30ms, mfu 69.44%
iter 46480: loss 4.0944, time 3542.24ms, mfu 69.44%
iter 46490: loss 4.1217, time 3552.74ms, mfu 69.42%
iter 46500: loss 3.8443, time 3542.85ms, mfu 69.43%
iter 46510: loss 4.1331, time 3547.34ms, mfu 69.42%
iter 46520: loss 4.0362, time 3544.40ms, mfu 69.42%
iter 46530: loss 4.0767, time 3542.52ms, mfu 69.43%
iter 46540: loss 4.0367, time 3548.54ms, mfu 69.42%
iter 46550: loss 4.0569, time 3538.05ms, mfu 69.43%
iter 46560: loss 4.0471, time 3545.64ms, mfu 69.43%
iter 46570: loss 3.9789, time 3547.89ms, mfu 69.42%
iter 46580: loss 4.0938, time 3544.53ms, mfu 69.42%
iter 46590: loss 4.0716, time 3540.98ms, mfu 69.43%
iter 46600: loss 4.0574, time 3544.54ms, mfu 69.43%
iter 46610: loss 3.9022, time 3538.58ms, mfu 69.44%
iter 46620: loss 4.0404, time 3549.25ms, mfu 69.43%
iter 46630: loss 4.0618, time 3547.11ms, mfu 69.42%
iter 46640: loss 4.0632, time 3540.39ms, mfu 69.43%
iter 46650: loss 4.0345, time 3543.21ms, mfu 69.43%
iter 46660: loss 4.0850, time 3545.01ms, mfu 69.43%
iter 46670: loss 4.0176, time 3549.60ms, mfu 69.42%
iter 46680: loss 4.0922, time 3529.69ms, mfu 69.45%
iter 46690: loss 4.0125, time 3552.36ms, mfu 69.43%
iter 46700: loss 4.0392, time 3546.71ms, mfu 69.43%
iter 46710: loss 4.0199, time 3544.89ms, mfu 69.43%
iter 46720: loss 4.1147, time 3548.01ms, mfu 69.42%
iter 46730: loss 4.0492, time 3551.21ms, mfu 69.41%
iter 46740: loss 4.0688, time 3539.80ms, mfu 69.42%
iter 46750: loss 4.0889, time 3542.96ms, mfu 69.42%
iter 46760: loss 4.0350, time 3554.67ms, mfu 69.40%
iter 46770: loss 4.0753, time 3536.93ms, mfu 69.42%
iter 46780: loss 4.0348, time 3545.26ms, mfu 69.42%
iter 46790: loss 4.0682, time 3543.02ms, mfu 69.42%
iter 46800: loss 4.1046, time 3540.93ms, mfu 69.43%
iter 46810: loss 4.0591, time 3542.21ms, mfu 69.43%
iter 46820: loss 4.0482, time 3529.62ms, mfu 69.46%
iter 46830: loss 3.9617, time 3545.67ms, mfu 69.46%
iter 46840: loss 4.0623, time 3540.53ms, mfu 69.46%
iter 46850: loss 4.0739, time 3559.34ms, mfu 69.43%
iter 46860: loss 4.0824, time 3541.66ms, mfu 69.43%
iter 46870: loss 3.9877, time 3542.27ms, mfu 69.44%
iter 46880: loss 4.0227, time 3544.40ms, mfu 69.44%
iter 46890: loss 4.0913, time 3543.17ms, mfu 69.44%
iter 46900: loss 4.0308, time 3550.47ms, mfu 69.42%
iter 46910: loss 4.0603, time 3550.27ms, mfu 69.41%
iter 46920: loss 4.0211, time 3544.57ms, mfu 69.41%
iter 46930: loss 4.0499, time 3558.20ms, mfu 69.39%
iter 46940: loss 4.1029, time 3545.33ms, mfu 69.39%
iter 46950: loss 4.0644, time 3540.96ms, mfu 69.40%
iter 46960: loss 4.0460, time 3539.01ms, mfu 69.41%
iter 46970: loss 4.0879, time 3550.37ms, mfu 69.40%
iter 46980: loss 4.0721, time 3539.62ms, mfu 69.42%
iter 46990: loss 4.1033, time 3542.31ms, mfu 69.42%
step 47000: train loss 4.2650, val loss 4.2702
saving checkpoint to /net/scratch2/junyuren/nanoGPT-manifold/out-openwebtext-grassmann
iter 47000: loss 4.0880, time 22093.79ms, mfu 63.59%
iter 47010: loss 4.0122, time 3538.88ms, mfu 64.19%
iter 47020: loss 4.0573, time 3544.03ms, mfu 64.71%
iter 47030: loss 4.0724, time 3546.14ms, mfu 65.18%
iter 47040: loss 4.0490, time 3551.51ms, mfu 65.59%
iter 47050: loss 4.0124, time 3555.91ms, mfu 65.95%
iter 47060: loss 3.9163, time 3546.08ms, mfu 66.30%
iter 47070: loss 4.0665, time 3530.03ms, mfu 66.64%
iter 47080: loss 4.0625, time 3546.76ms, mfu 66.91%
iter 47090: loss 4.0330, time 3541.57ms, mfu 67.17%
iter 47100: loss 4.0366, time 3550.64ms, mfu 67.38%
iter 47110: loss 4.0525, time 3544.67ms, mfu 67.59%
iter 47120: loss 4.0771, time 3541.02ms, mfu 67.78%
iter 47130: loss 4.0266, time 3540.75ms, mfu 67.95%
iter 47140: loss 4.1334, time 3548.47ms, mfu 68.09%
iter 47150: loss 4.1367, time 3539.69ms, mfu 68.23%
iter 47160: loss 4.0771, time 3557.67ms, mfu 68.33%
iter 47170: loss 3.9778, time 3548.16ms, mfu 68.43%
iter 47180: loss 4.0249, time 3541.19ms, mfu 68.53%
iter 47190: loss 3.9844, time 3548.94ms, mfu 68.61%
iter 47200: loss 4.0914, time 3543.17ms, mfu 68.70%
iter 47210: loss 4.0962, time 3546.38ms, mfu 68.77%
iter 47220: loss 4.0366, time 3548.25ms, mfu 68.83%
iter 47230: loss 3.9508, time 3547.96ms, mfu 68.88%
iter 47240: loss 4.0930, time 3538.12ms, mfu 68.95%
iter 47250: loss 4.0309, time 3545.83ms, mfu 68.99%
iter 47260: loss 4.1330, time 3546.05ms, mfu 69.03%
iter 47270: loss 4.0129, time 3543.45ms, mfu 69.07%
iter 47280: loss 4.1038, time 3538.28ms, mfu 69.12%
iter 47290: loss 4.0733, time 3546.01ms, mfu 69.15%
iter 47300: loss 4.0451, time 3543.21ms, mfu 69.18%
iter 47310: loss 4.0910, time 3549.23ms, mfu 69.19%
iter 47320: loss 4.0751, time 3538.24ms, mfu 69.23%
iter 47330: loss 4.0594, time 3552.70ms, mfu 69.23%
iter 47340: loss 4.0542, time 3544.46ms, mfu 69.25%
iter 47350: loss 4.0358, time 3548.18ms, mfu 69.26%
iter 47360: loss 4.0621, time 3540.79ms, mfu 69.29%
iter 47370: loss 4.0026, time 3553.60ms, mfu 69.28%
iter 47380: loss 3.9790, time 3555.09ms, mfu 69.28%
iter 47390: loss 4.1010, time 3552.36ms, mfu 69.28%
iter 47400: loss 4.0286, time 3540.18ms, mfu 69.30%
iter 47410: loss 4.0699, time 3543.91ms, mfu 69.31%
iter 47420: loss 4.0678, time 3544.41ms, mfu 69.32%
iter 47430: loss 4.1526, time 3541.45ms, mfu 69.34%
iter 47440: loss 4.0675, time 3549.32ms, mfu 69.34%
iter 47450: loss 4.1397, time 3550.86ms, mfu 69.34%
iter 47460: loss 4.0111, time 3540.08ms, mfu 69.35%
iter 47470: loss 4.0055, time 3545.84ms, mfu 69.36%
iter 47480: loss 4.0447, time 3548.27ms, mfu 69.36%
iter 47490: loss 4.0723, time 3548.94ms, mfu 69.35%
iter 47500: loss 4.0911, time 3543.65ms, mfu 69.36%
iter 47510: loss 4.0771, time 3542.87ms, mfu 69.37%
iter 47520: loss 4.0051, time 3546.54ms, mfu 69.37%
iter 47530: loss 4.0147, time 3545.86ms, mfu 69.38%
iter 47540: loss 4.0581, time 3543.74ms, mfu 69.38%
iter 47550: loss 3.9718, time 3542.51ms, mfu 69.39%
iter 47560: loss 3.9780, time 3540.80ms, mfu 69.40%
iter 47570: loss 4.0466, time 3544.24ms, mfu 69.40%
iter 47580: loss 4.0150, time 3545.24ms, mfu 69.41%
iter 47590: loss 4.1041, time 3543.41ms, mfu 69.41%
iter 47600: loss 4.0283, time 3544.79ms, mfu 69.41%
iter 47610: loss 4.1528, time 3538.85ms, mfu 69.42%
iter 47620: loss 4.0195, time 3540.91ms, mfu 69.43%
iter 47630: loss 4.0556, time 3550.85ms, mfu 69.42%
iter 47640: loss 4.0074, time 3548.49ms, mfu 69.41%
iter 47650: loss 4.0327, time 3553.22ms, mfu 69.39%
iter 47660: loss 4.0965, time 3548.65ms, mfu 69.39%
iter 47670: loss 4.0894, time 3550.50ms, mfu 69.38%
iter 47680: loss 4.0977, time 3542.38ms, mfu 69.39%
iter 47690: loss 4.1297, time 3539.77ms, mfu 69.40%
iter 47700: loss 4.0622, time 3546.00ms, mfu 69.40%
iter 47710: loss 4.0653, time 3541.35ms, mfu 69.41%
iter 47720: loss 4.0950, time 3554.08ms, mfu 69.39%
iter 47730: loss 4.0804, time 3541.66ms, mfu 69.40%
iter 47740: loss 3.9947, time 3540.37ms, mfu 69.41%
iter 47750: loss 4.0421, time 3545.49ms, mfu 69.41%
iter 47760: loss 4.1251, time 3549.15ms, mfu 69.40%
iter 47770: loss 4.1637, time 3548.31ms, mfu 69.40%
iter 47780: loss 4.0158, time 3543.94ms, mfu 69.40%
iter 47790: loss 4.0621, time 3548.51ms, mfu 69.40%
iter 47800: loss 4.0393, time 3543.75ms, mfu 69.40%
iter 47810: loss 4.0445, time 3548.76ms, mfu 69.40%
iter 47820: loss 4.0373, time 3541.92ms, mfu 69.40%
iter 47830: loss 4.0661, time 3538.80ms, mfu 69.42%
iter 47840: loss 4.0488, time 3542.25ms, mfu 69.42%
iter 47850: loss 4.0792, time 3546.28ms, mfu 69.42%
iter 47860: loss 4.0599, time 3552.15ms, mfu 69.40%
iter 47870: loss 4.1958, time 3543.16ms, mfu 69.41%
iter 47880: loss 3.9896, time 3543.41ms, mfu 69.41%
iter 47890: loss 4.0882, time 3547.53ms, mfu 69.41%
iter 47900: loss 3.9831, time 3548.07ms, mfu 69.40%
iter 47910: loss 4.0621, time 3545.40ms, mfu 69.40%
iter 47920: loss 4.0560, time 3552.24ms, mfu 69.39%
iter 47930: loss 3.9951, time 3543.13ms, mfu 69.40%
iter 47940: loss 4.0692, time 3540.65ms, mfu 69.41%
iter 47950: loss 3.9991, time 3538.15ms, mfu 69.42%
iter 47960: loss 4.0733, time 3543.60ms, mfu 69.42%
iter 47970: loss 3.9760, time 3541.49ms, mfu 69.43%
iter 47980: loss 4.0411, time 3546.20ms, mfu 69.43%
iter 47990: loss 4.0736, time 3544.59ms, mfu 69.43%
step 48000: train loss 4.2715, val loss 4.2771
saving checkpoint to /net/scratch2/junyuren/nanoGPT-manifold/out-openwebtext-grassmann
iter 48000: loss 3.9976, time 21866.13ms, mfu 63.61%
iter 48010: loss 4.0471, time 3550.15ms, mfu 64.18%
iter 48020: loss 4.0224, time 3549.46ms, mfu 64.69%
iter 48030: loss 4.0683, time 3545.05ms, mfu 65.17%
iter 48040: loss 4.0670, time 3552.43ms, mfu 65.58%
iter 48050: loss 3.9787, time 3543.01ms, mfu 65.96%
iter 48060: loss 4.0328, time 3541.67ms, mfu 66.32%
iter 48070: loss 4.0629, time 3551.73ms, mfu 66.61%
iter 48080: loss 4.0618, time 3545.82ms, mfu 66.89%
iter 48090: loss 4.0642, time 3543.78ms, mfu 67.15%
iter 48100: loss 4.0500, time 3552.55ms, mfu 67.36%
iter 48110: loss 3.9989, time 3547.95ms, mfu 67.56%
iter 48120: loss 4.0808, time 3553.24ms, mfu 67.73%
iter 48130: loss 4.0970, time 3539.76ms, mfu 67.91%
iter 48140: loss 3.9896, time 3547.66ms, mfu 68.05%
iter 48150: loss 4.0186, time 3537.54ms, mfu 68.20%
iter 48160: loss 4.0812, time 3554.16ms, mfu 68.31%
iter 48170: loss 4.0777, time 3544.91ms, mfu 68.42%
iter 48180: loss 4.1029, time 3544.44ms, mfu 68.52%
iter 48190: loss 4.0752, time 3538.70ms, mfu 68.62%
iter 48200: loss 4.0924, time 3542.70ms, mfu 68.70%
iter 48210: loss 4.0381, time 3542.45ms, mfu 68.78%
iter 48220: loss 4.0615, time 3540.56ms, mfu 68.85%
iter 48230: loss 4.0446, time 3540.75ms, mfu 68.92%
iter 48240: loss 4.0133, time 3519.26ms, mfu 69.02%
iter 48250: loss 4.0431, time 3516.30ms, mfu 69.11%
iter 48260: loss 4.0480, time 3518.13ms, mfu 69.20%
iter 48270: loss 4.0982, time 3520.15ms, mfu 69.27%
iter 48280: loss 4.0961, time 3524.21ms, mfu 69.32%
iter 48290: loss 3.9577, time 3546.20ms, mfu 69.33%
iter 48300: loss 4.0868, time 3486.66ms, mfu 69.46%
iter 48310: loss 4.0216, time 3525.32ms, mfu 69.49%
iter 48320: loss 4.0708, time 3487.78ms, mfu 69.60%
iter 48330: loss 4.0263, time 3498.72ms, mfu 69.67%
iter 48340: loss 3.9617, time 3515.78ms, mfu 69.70%
iter 48350: loss 4.0777, time 3525.13ms, mfu 69.71%
iter 48360: loss 4.0749, time 3520.96ms, mfu 69.73%
iter 48370: loss 4.1237, time 3522.46ms, mfu 69.74%
iter 48380: loss 4.0671, time 3522.71ms, mfu 69.75%
iter 48390: loss 4.0399, time 3523.13ms, mfu 69.76%
iter 48400: loss 4.0870, time 3522.58ms, mfu 69.77%
iter 48410: loss 4.0622, time 3520.27ms, mfu 69.79%
iter 48420: loss 4.0929, time 3522.86ms, mfu 69.79%
iter 48430: loss 4.0687, time 3515.63ms, mfu 69.81%
iter 48440: loss 3.9806, time 3517.11ms, mfu 69.83%
iter 48450: loss 4.0710, time 3516.60ms, mfu 69.84%
iter 48460: loss 3.9518, time 3513.54ms, mfu 69.86%
iter 48470: loss 4.0444, time 3516.25ms, mfu 69.87%
iter 48480: loss 4.0257, time 3520.66ms, mfu 69.88%
iter 48490: loss 4.0475, time 3518.89ms, mfu 69.88%
iter 48500: loss 4.0373, time 3512.72ms, mfu 69.90%
iter 48510: loss 4.0595, time 3518.46ms, mfu 69.90%
iter 48520: loss 3.9940, time 3525.27ms, mfu 69.89%
iter 48530: loss 4.0555, time 3523.42ms, mfu 69.89%
iter 48540: loss 3.9983, time 3519.56ms, mfu 69.89%
iter 48550: loss 4.0813, time 3522.07ms, mfu 69.89%
iter 48560: loss 4.0863, time 3522.83ms, mfu 69.88%
iter 48570: loss 4.0402, time 3528.30ms, mfu 69.87%
iter 48580: loss 4.0444, time 3521.01ms, mfu 69.87%
iter 48590: loss 4.0323, time 3519.30ms, mfu 69.88%
iter 48600: loss 4.0515, time 3531.93ms, mfu 69.86%
iter 48610: loss 3.9753, time 3520.83ms, mfu 69.86%
iter 48620: loss 4.0274, time 3517.92ms, mfu 69.87%
iter 48630: loss 4.0793, time 3519.83ms, mfu 69.87%
iter 48640: loss 4.0399, time 3515.64ms, mfu 69.89%
iter 48650: loss 3.9984, time 3523.96ms, mfu 69.88%
iter 48660: loss 3.9948, time 3516.88ms, mfu 69.89%
iter 48670: loss 4.0979, time 3519.39ms, mfu 69.89%
iter 48680: loss 4.1354, time 3514.96ms, mfu 69.90%
iter 48690: loss 4.0040, time 3514.84ms, mfu 69.91%
iter 48700: loss 4.0128, time 3523.39ms, mfu 69.91%
iter 48710: loss 4.0303, time 3516.27ms, mfu 69.91%
iter 48720: loss 4.0442, time 3544.37ms, mfu 69.87%
iter 48730: loss 4.0683, time 3546.98ms, mfu 69.82%
iter 48740: loss 4.0739, time 3544.77ms, mfu 69.78%
iter 48750: loss 4.0033, time 3549.70ms, mfu 69.73%
iter 48760: loss 3.9760, time 3543.71ms, mfu 69.70%
iter 48770: loss 4.0113, time 3544.54ms, mfu 69.67%
iter 48780: loss 4.1247, time 3543.97ms, mfu 69.65%
iter 48790: loss 4.0390, time 3543.95ms, mfu 69.63%
iter 48800: loss 4.1088, time 3542.23ms, mfu 69.61%
iter 48810: loss 4.1073, time 3540.66ms, mfu 69.60%
iter 48820: loss 4.0612, time 3541.04ms, mfu 69.59%
iter 48830: loss 4.0895, time 3542.81ms, mfu 69.58%
iter 48840: loss 4.1358, time 3550.22ms, mfu 69.55%
iter 48850: loss 4.0381, time 3541.37ms, mfu 69.54%
iter 48860: loss 4.0457, time 3542.98ms, mfu 69.54%
iter 48870: loss 4.1357, time 3544.06ms, mfu 69.53%
iter 48880: loss 4.0563, time 3547.43ms, mfu 69.51%
iter 48890: loss 3.9828, time 3549.43ms, mfu 69.49%
iter 48900: loss 4.1081, time 3558.73ms, mfu 69.46%
iter 48910: loss 4.0258, time 3546.56ms, mfu 69.45%
iter 48920: loss 4.0971, time 3538.53ms, mfu 69.46%
iter 48930: loss 3.9053, time 3550.53ms, mfu 69.44%
iter 48940: loss 4.1168, time 3526.57ms, mfu 69.48%
iter 48950: loss 4.0195, time 3519.76ms, mfu 69.52%
iter 48960: loss 4.1421, time 3522.53ms, mfu 69.55%
iter 48970: loss 4.0440, time 3516.42ms, mfu 69.60%
iter 48980: loss 4.0635, time 3529.05ms, mfu 69.61%
iter 48990: loss 4.0011, time 3529.64ms, mfu 69.62%
step 49000: train loss 4.2651, val loss 4.2756
saving checkpoint to /net/scratch2/junyuren/nanoGPT-manifold/out-openwebtext-grassmann
iter 49000: loss 4.0362, time 21400.04ms, mfu 63.81%
iter 49010: loss 4.1002, time 3516.65ms, mfu 64.43%
iter 49020: loss 3.9860, time 3518.56ms, mfu 64.98%
iter 49030: loss 4.0380, time 3518.87ms, mfu 65.47%
iter 49040: loss 4.0657, time 3519.59ms, mfu 65.92%
iter 49050: loss 4.0265, time 3524.01ms, mfu 66.31%
iter 49060: loss 4.0501, time 3516.20ms, mfu 66.68%
iter 49070: loss 4.0743, time 3516.79ms, mfu 67.01%
iter 49080: loss 4.0699, time 3522.43ms, mfu 67.29%
iter 49090: loss 4.0387, time 3529.88ms, mfu 67.53%
iter 49100: loss 4.1396, time 3521.49ms, mfu 67.77%
iter 49110: loss 4.1153, time 3519.04ms, mfu 67.98%
iter 49120: loss 4.0268, time 3519.35ms, mfu 68.18%
iter 49130: loss 3.9791, time 3521.76ms, mfu 68.35%
iter 49140: loss 4.0825, time 3513.70ms, mfu 68.52%
iter 49150: loss 4.0446, time 3520.25ms, mfu 68.65%
iter 49160: loss 4.0337, time 3518.62ms, mfu 68.78%
iter 49170: loss 4.0320, time 3522.77ms, mfu 68.89%
iter 49180: loss 4.0438, time 3517.53ms, mfu 69.00%
iter 49190: loss 4.0643, time 3522.43ms, mfu 69.08%
iter 49200: loss 4.0595, time 3515.53ms, mfu 69.17%
iter 49210: loss 3.9941, time 3520.96ms, mfu 69.25%
iter 49220: loss 4.0910, time 3517.53ms, mfu 69.32%
iter 49230: loss 4.0440, time 3512.66ms, mfu 69.39%
iter 49240: loss 4.0354, time 3517.53ms, mfu 69.45%
iter 49250: loss 4.1055, time 3525.48ms, mfu 69.48%
iter 49260: loss 3.9838, time 3522.36ms, mfu 69.52%
iter 49270: loss 4.0404, time 3526.02ms, mfu 69.55%
iter 49280: loss 4.0947, time 3518.87ms, mfu 69.59%
iter 49290: loss 4.0724, time 3523.17ms, mfu 69.61%
iter 49300: loss 4.0210, time 3520.49ms, mfu 69.64%
iter 49310: loss 4.0688, time 3518.26ms, mfu 69.67%
iter 49320: loss 3.9594, time 3516.52ms, mfu 69.70%
iter 49330: loss 4.0496, time 3512.44ms, mfu 69.74%
iter 49340: loss 4.0760, time 3543.27ms, mfu 69.71%
iter 49350: loss 4.0622, time 3539.17ms, mfu 69.69%
iter 49360: loss 4.0755, time 3512.30ms, mfu 69.73%
iter 49370: loss 4.0479, time 3516.50ms, mfu 69.75%
iter 49380: loss 4.0248, time 3521.13ms, mfu 69.77%
iter 49390: loss 4.0415, time 3529.47ms, mfu 69.76%
iter 49400: loss 4.0215, time 3521.69ms, mfu 69.77%
iter 49410: loss 4.0277, time 3520.10ms, mfu 69.79%
iter 49420: loss 4.0417, time 3517.43ms, mfu 69.80%
iter 49430: loss 4.1091, time 3547.92ms, mfu 69.76%
iter 49440: loss 4.0687, time 3544.28ms, mfu 69.73%
iter 49450: loss 4.0297, time 3520.76ms, mfu 69.74%
iter 49460: loss 4.0217, time 3516.41ms, mfu 69.77%
iter 49470: loss 4.0251, time 3513.45ms, mfu 69.79%
iter 49480: loss 4.0364, time 3520.71ms, mfu 69.80%
iter 49490: loss 4.0470, time 3519.74ms, mfu 69.81%
iter 49500: loss 4.0485, time 3518.01ms, mfu 69.83%
iter 49510: loss 4.0971, time 3518.44ms, mfu 69.84%
iter 49520: loss 4.0310, time 3521.74ms, mfu 69.84%
iter 49530: loss 4.0130, time 3516.24ms, mfu 69.86%
iter 49540: loss 4.0355, time 3523.88ms, mfu 69.85%
iter 49550: loss 4.0857, time 3523.37ms, mfu 69.85%
iter 49560: loss 4.0554, time 3523.57ms, mfu 69.85%
iter 49570: loss 3.9920, time 3521.20ms, mfu 69.85%
iter 49580: loss 4.0139, time 3523.12ms, mfu 69.85%
iter 49590: loss 4.0512, time 3521.35ms, mfu 69.86%
iter 49600: loss 4.0651, time 3515.62ms, mfu 69.87%
iter 49610: loss 4.0226, time 3517.98ms, mfu 69.88%
iter 49620: loss 4.0645, time 3516.55ms, mfu 69.89%
iter 49630: loss 4.0343, time 3515.02ms, mfu 69.90%
iter 49640: loss 4.0541, time 3521.71ms, mfu 69.90%
iter 49650: loss 3.9720, time 3520.51ms, mfu 69.90%
iter 49660: loss 4.0077, time 3524.36ms, mfu 69.89%
iter 49670: loss 4.0699, time 3515.94ms, mfu 69.90%
iter 49680: loss 4.1141, time 3517.29ms, mfu 69.91%
iter 49690: loss 4.0173, time 3516.74ms, mfu 69.91%
iter 49700: loss 4.1108, time 3518.50ms, mfu 69.92%
iter 49710: loss 4.0653, time 3523.76ms, mfu 69.91%
iter 49720: loss 4.0890, time 3524.13ms, mfu 69.90%
iter 49730: loss 4.0211, time 3522.23ms, mfu 69.90%
iter 49740: loss 4.0241, time 3519.33ms, mfu 69.90%
iter 49750: loss 4.0579, time 3516.51ms, mfu 69.91%
iter 49760: loss 3.9546, time 3518.07ms, mfu 69.91%
iter 49770: loss 4.0751, time 3521.53ms, mfu 69.91%
iter 49780: loss 4.0899, time 3509.67ms, mfu 69.93%
iter 49790: loss 4.0892, time 3518.73ms, mfu 69.93%
iter 49800: loss 4.0311, time 3521.79ms, mfu 69.92%
iter 49810: loss 3.9931, time 3520.12ms, mfu 69.92%
iter 49820: loss 4.0717, time 3516.34ms, mfu 69.93%
iter 49830: loss 4.0784, time 3520.50ms, mfu 69.92%
iter 49840: loss 4.0698, time 3514.84ms, mfu 69.93%
iter 49850: loss 3.9977, time 3522.94ms, mfu 69.92%
iter 49860: loss 4.0683, time 3521.66ms, mfu 69.92%
iter 49870: loss 4.0272, time 3517.19ms, mfu 69.92%
iter 49880: loss 4.0096, time 3515.88ms, mfu 69.93%
iter 49890: loss 4.0176, time 3528.54ms, mfu 69.91%
iter 49900: loss 4.0015, time 3518.82ms, mfu 69.91%
iter 49910: loss 4.1338, time 3516.62ms, mfu 69.92%
iter 49920: loss 4.0439, time 3519.14ms, mfu 69.92%
iter 49930: loss 4.0910, time 3513.40ms, mfu 69.93%
iter 49940: loss 4.1425, time 3525.05ms, mfu 69.92%
iter 49950: loss 3.9905, time 3520.98ms, mfu 69.92%
iter 49960: loss 4.1093, time 3522.91ms, mfu 69.91%
iter 49970: loss 4.0863, time 3523.36ms, mfu 69.90%
iter 49980: loss 4.1055, time 3517.83ms, mfu 69.91%
iter 49990: loss 4.0543, time 3516.78ms, mfu 69.91%
step 50000: train loss 4.2036, val loss 4.2171
saving checkpoint to /net/scratch2/junyuren/nanoGPT-manifold/out-openwebtext-grassmann
iter 50000: loss 4.0869, time 21381.65ms, mfu 64.07%
iter 50010: loss 4.0656, time 3522.07ms, mfu 64.65%
iter 50020: loss 3.9910, time 3526.26ms, mfu 65.17%
iter 50030: loss 4.0043, time 3521.97ms, mfu 65.64%
iter 50040: loss 4.0327, time 3514.61ms, mfu 66.07%
iter 50050: loss 4.1135, time 3524.09ms, mfu 66.45%
iter 50060: loss 4.0297, time 3522.67ms, mfu 66.79%
iter 50070: loss 3.9909, time 3518.50ms, mfu 67.11%
iter 50080: loss 4.0634, time 3518.24ms, mfu 67.39%
iter 50090: loss 4.0539, time 3523.52ms, mfu 67.63%
iter 50100: loss 4.0367, time 3525.05ms, mfu 67.85%
iter 50110: loss 4.0798, time 3514.83ms, mfu 68.07%
iter 50120: loss 4.0816, time 3523.40ms, mfu 68.24%
iter 50130: loss 4.2116, time 3516.96ms, mfu 68.42%
iter 50140: loss 4.1028, time 3515.07ms, mfu 68.58%
iter 50150: loss 4.0122, time 3515.94ms, mfu 68.72%
iter 50160: loss 4.0121, time 3521.32ms, mfu 68.83%
iter 50170: loss 4.0208, time 3521.82ms, mfu 68.94%
iter 50180: loss 4.0152, time 3516.70ms, mfu 69.04%
iter 50190: loss 4.1413, time 3518.56ms, mfu 69.13%
iter 50200: loss 4.0815, time 3520.46ms, mfu 69.21%
iter 50210: loss 4.0827, time 3514.66ms, mfu 69.29%
iter 50220: loss 4.0111, time 3512.08ms, mfu 69.37%
iter 50230: loss 4.1185, time 3524.24ms, mfu 69.41%
iter 50240: loss 3.9907, time 3526.78ms, mfu 69.45%
iter 50250: loss 4.0580, time 3517.41ms, mfu 69.50%
iter 50260: loss 4.0599, time 3520.44ms, mfu 69.54%
iter 50270: loss 4.0761, time 3516.63ms, mfu 69.58%
iter 50280: loss 4.0736, time 3518.77ms, mfu 69.62%
iter 50290: loss 4.0498, time 3521.55ms, mfu 69.64%
iter 50300: loss 4.0444, time 3518.58ms, mfu 69.67%
iter 50310: loss 3.9846, time 3518.25ms, mfu 69.70%
iter 50320: loss 4.0655, time 3519.83ms, mfu 69.72%
iter 50330: loss 4.0953, time 3518.32ms, mfu 69.74%
iter 50340: loss 4.0411, time 3519.42ms, mfu 69.76%
iter 50350: loss 4.0615, time 3518.33ms, mfu 69.78%
iter 50360: loss 4.0765, time 3522.09ms, mfu 69.79%
iter 50370: loss 4.0300, time 3514.54ms, mfu 69.81%
iter 50380: loss 3.9658, time 3517.15ms, mfu 69.83%
iter 50390: loss 3.9601, time 3524.51ms, mfu 69.83%
iter 50400: loss 4.0089, time 3518.59ms, mfu 69.84%
iter 50410: loss 4.0101, time 3518.08ms, mfu 69.85%
iter 50420: loss 4.1694, time 3522.62ms, mfu 69.85%
iter 50430: loss 4.0337, time 3511.92ms, mfu 69.87%
iter 50440: loss 4.0873, time 3523.61ms, mfu 69.87%
iter 50450: loss 4.0694, time 3515.25ms, mfu 69.88%
iter 50460: loss 4.0837, time 3512.98ms, mfu 69.90%
iter 50470: loss 3.9759, time 3524.44ms, mfu 69.89%
iter 50480: loss 4.0570, time 3515.90ms, mfu 69.90%
iter 50490: loss 4.0858, time 3515.40ms, mfu 69.91%
iter 50500: loss 3.9948, time 3521.32ms, mfu 69.91%
iter 50510: loss 4.1148, time 3521.28ms, mfu 69.90%
iter 50520: loss 4.0410, time 3517.35ms, mfu 69.91%
iter 50530: loss 3.9428, time 3522.43ms, mfu 69.91%
iter 50540: loss 4.0535, time 3517.64ms, mfu 69.91%
iter 50550: loss 4.1451, time 3511.06ms, mfu 69.93%
iter 50560: loss 4.0791, time 3516.23ms, mfu 69.93%
iter 50570: loss 4.0098, time 3518.41ms, mfu 69.93%
iter 50580: loss 4.1322, time 3518.79ms, mfu 69.93%
iter 50590: loss 4.0312, time 3521.98ms, mfu 69.93%
iter 50600: loss 4.0116, time 3513.83ms, mfu 69.94%
iter 50610: loss 4.0567, time 3522.04ms, mfu 69.93%
iter 50620: loss 4.1766, time 3516.27ms, mfu 69.94%
iter 50630: loss 4.0329, time 3522.10ms, mfu 69.93%
iter 50640: loss 4.0684, time 3520.89ms, mfu 69.93%
iter 50650: loss 3.9482, time 3524.09ms, mfu 69.92%
iter 50660: loss 4.0267, time 3522.60ms, mfu 69.91%
iter 50670: loss 4.0869, time 3524.96ms, mfu 69.90%
iter 50680: loss 3.9979, time 3520.61ms, mfu 69.90%
iter 50690: loss 4.0858, time 3526.19ms, mfu 69.89%
iter 50700: loss 3.9409, time 3521.13ms, mfu 69.89%
iter 50710: loss 4.0916, time 3521.84ms, mfu 69.89%
iter 50720: loss 4.0398, time 3520.00ms, mfu 69.89%
iter 50730: loss 4.0891, time 3521.97ms, mfu 69.89%
iter 50740: loss 4.0422, time 3545.58ms, mfu 69.84%
iter 50750: loss 4.0453, time 3544.92ms, mfu 69.80%
iter 50760: loss 4.0070, time 3546.13ms, mfu 69.76%
iter 50770: loss 3.9845, time 3546.90ms, mfu 69.72%
iter 50780: loss 4.0514, time 3540.00ms, mfu 69.70%
iter 50790: loss 3.9487, time 3550.10ms, mfu 69.66%
iter 50800: loss 4.0666, time 3540.36ms, mfu 69.64%
iter 50810: loss 4.0118, time 3545.46ms, mfu 69.62%
iter 50820: loss 4.0257, time 3540.92ms, mfu 69.61%
iter 50830: loss 4.0762, time 3546.46ms, mfu 69.59%
iter 50840: loss 4.0277, time 3546.48ms, mfu 69.57%
iter 50850: loss 4.0644, time 3535.41ms, mfu 69.57%
iter 50860: loss 4.0463, time 3547.27ms, mfu 69.55%
iter 50870: loss 4.0031, time 3517.34ms, mfu 69.59%
iter 50880: loss 4.1318, time 3521.06ms, mfu 69.62%
iter 50890: loss 4.1035, time 3519.58ms, mfu 69.65%
iter 50900: loss 4.0539, time 3514.80ms, mfu 69.69%
iter 50910: loss 4.1540, time 3518.28ms, mfu 69.71%
iter 50920: loss 4.0685, time 3520.43ms, mfu 69.73%
iter 50930: loss 4.0011, time 3560.45ms, mfu 69.67%
iter 50940: loss 4.0205, time 3546.77ms, mfu 69.64%
iter 50950: loss 3.9979, time 3546.99ms, mfu 69.61%
iter 50960: loss 4.1329, time 3548.84ms, mfu 69.59%
iter 50970: loss 4.0197, time 3543.83ms, mfu 69.57%
iter 50980: loss 3.9695, time 3521.63ms, mfu 69.60%
iter 50990: loss 4.0000, time 3513.92ms, mfu 69.64%
step 51000: train loss 4.1817, val loss 4.1880
saving checkpoint to /net/scratch2/junyuren/nanoGPT-manifold/out-openwebtext-grassmann
iter 51000: loss 4.1560, time 21498.39ms, mfu 63.82%
iter 51010: loss 4.0398, time 3511.24ms, mfu 64.45%
iter 51020: loss 4.0710, time 3519.07ms, mfu 65.00%
iter 51030: loss 3.9593, time 3520.55ms, mfu 65.49%
iter 51040: loss 4.0771, time 3523.30ms, mfu 65.92%
iter 51050: loss 4.0972, time 3522.90ms, mfu 66.32%
iter 51060: loss 3.9886, time 3516.96ms, mfu 66.68%
iter 51070: loss 4.0987, time 3522.25ms, mfu 67.00%
iter 51080: loss 4.1228, time 3524.54ms, mfu 67.28%
iter 51090: loss 4.0073, time 3523.88ms, mfu 67.54%
iter 51100: loss 3.9746, time 3516.48ms, mfu 67.78%
iter 51110: loss 4.0391, time 3522.40ms, mfu 67.99%
iter 51120: loss 4.0013, time 3529.10ms, mfu 68.16%
iter 51130: loss 4.0724, time 3518.08ms, mfu 68.34%
iter 51140: loss 4.1085, time 3516.12ms, mfu 68.51%
iter 51150: loss 3.9882, time 3521.69ms, mfu 68.64%
iter 51160: loss 4.0010, time 3515.78ms, mfu 68.78%
iter 51170: loss 4.0723, time 3519.38ms, mfu 68.89%
iter 51180: loss 4.0295, time 3514.16ms, mfu 69.01%
iter 51190: loss 4.0038, time 3525.52ms, mfu 69.08%
iter 51200: loss 4.0309, time 3524.68ms, mfu 69.16%
iter 51210: loss 4.0152, time 3516.87ms, mfu 69.24%
iter 51220: loss 4.0622, time 3522.01ms, mfu 69.30%
iter 51230: loss 4.0226, time 3522.86ms, mfu 69.36%
iter 51240: loss 4.0406, time 3526.27ms, mfu 69.40%
iter 51250: loss 4.0669, time 3519.05ms, mfu 69.45%
iter 51260: loss 4.0092, time 3522.97ms, mfu 69.49%
iter 51270: loss 4.0154, time 3517.08ms, mfu 69.54%
iter 51280: loss 3.9516, time 3515.51ms, mfu 69.59%
iter 51290: loss 3.9782, time 3519.46ms, mfu 69.62%
iter 51300: loss 4.0203, time 3520.20ms, mfu 69.65%
iter 51310: loss 4.0230, time 3520.08ms, mfu 69.67%
iter 51320: loss 4.0976, time 3529.23ms, mfu 69.68%
iter 51330: loss 4.1019, time 3519.93ms, mfu 69.70%
iter 51340: loss 4.0236, time 3525.36ms, mfu 69.71%
iter 51350: loss 3.9960, time 3517.93ms, mfu 69.74%
iter 51360: loss 4.0290, time 3525.01ms, mfu 69.74%
iter 51370: loss 4.0425, time 3523.07ms, mfu 69.75%
iter 51380: loss 4.1610, time 3517.03ms, mfu 69.77%
iter 51390: loss 4.0696, time 3525.13ms, mfu 69.78%
iter 51400: loss 3.9804, time 3530.13ms, mfu 69.77%
iter 51410: loss 4.0467, time 3521.49ms, mfu 69.78%
iter 51420: loss 4.0068, time 3526.44ms, mfu 69.78%
iter 51430: loss 4.1210, time 3507.18ms, mfu 69.82%
iter 51440: loss 4.0536, time 3521.86ms, mfu 69.82%
iter 51450: loss 4.0748, time 3517.61ms, mfu 69.84%
iter 51460: loss 4.0022, time 3519.51ms, mfu 69.85%
iter 51470: loss 4.0090, time 3522.25ms, mfu 69.85%
iter 51480: loss 3.9432, time 3527.36ms, mfu 69.84%
iter 51490: loss 4.0851, time 3520.82ms, mfu 69.84%
iter 51500: loss 4.0011, time 3519.33ms, mfu 69.85%
iter 51510: loss 4.1009, time 3520.31ms, mfu 69.86%
iter 51520: loss 4.0402, time 3527.12ms, mfu 69.85%
iter 51530: loss 4.0190, time 3515.94ms, mfu 69.86%
iter 51540: loss 4.1077, time 3520.81ms, mfu 69.87%
iter 51550: loss 4.0460, time 3515.78ms, mfu 69.88%
iter 51560: loss 3.9960, time 3517.08ms, mfu 69.89%
iter 51570: loss 4.0297, time 3517.48ms, mfu 69.89%
iter 51580: loss 4.1117, time 3511.18ms, mfu 69.91%
iter 51590: loss 4.0333, time 3519.51ms, mfu 69.91%
iter 51600: loss 4.0534, time 3522.43ms, mfu 69.91%
iter 51610: loss 4.1703, time 3521.05ms, mfu 69.91%
iter 51620: loss 4.1365, time 3518.14ms, mfu 69.91%
iter 51630: loss 4.0932, time 3522.35ms, mfu 69.91%
iter 51640: loss 4.1588, time 3521.51ms, mfu 69.90%
iter 51650: loss 4.0640, time 3518.59ms, mfu 69.91%
iter 51660: loss 3.9328, time 3511.74ms, mfu 69.92%
iter 51670: loss 3.9985, time 3513.79ms, mfu 69.93%
iter 51680: loss 3.9881, time 3518.78ms, mfu 69.93%
iter 51690: loss 4.0607, time 3522.63ms, mfu 69.93%
iter 51700: loss 4.1047, time 3519.34ms, mfu 69.93%
iter 51710: loss 4.0974, time 3517.82ms, mfu 69.93%
iter 51720: loss 3.9800, time 3518.98ms, mfu 69.93%
iter 51730: loss 4.0774, time 3520.59ms, mfu 69.92%
iter 51740: loss 4.0515, time 3516.64ms, mfu 69.93%
iter 51750: loss 4.0291, time 3522.95ms, mfu 69.92%
iter 51760: loss 4.0132, time 3522.10ms, mfu 69.92%
iter 51770: loss 4.1233, time 3514.49ms, mfu 69.93%
iter 51780: loss 4.0588, time 3520.35ms, mfu 69.92%
iter 51790: loss 4.0633, time 3518.95ms, mfu 69.92%
iter 51800: loss 4.0560, time 3520.32ms, mfu 69.92%
iter 51810: loss 4.0151, time 3519.55ms, mfu 69.92%
iter 51820: loss 4.1301, time 3521.76ms, mfu 69.92%
iter 51830: loss 4.0552, time 3523.02ms, mfu 69.91%
iter 51840: loss 4.0483, time 3518.81ms, mfu 69.91%
iter 51850: loss 4.1291, time 3519.98ms, mfu 69.91%
iter 51860: loss 4.1076, time 3520.36ms, mfu 69.91%
iter 51870: loss 4.0954, time 3521.57ms, mfu 69.91%
iter 51880: loss 4.0657, time 3515.56ms, mfu 69.92%
iter 51890: loss 3.9752, time 3519.98ms, mfu 69.92%
iter 51900: loss 4.0266, time 3522.10ms, mfu 69.91%
iter 51910: loss 4.0492, time 3521.51ms, mfu 69.91%
iter 51920: loss 4.0267, time 3531.09ms, mfu 69.89%
iter 51930: loss 4.0406, time 3513.20ms, mfu 69.90%
iter 51940: loss 4.0858, time 3518.17ms, mfu 69.91%
iter 51950: loss 4.0237, time 3521.53ms, mfu 69.90%
iter 51960: loss 4.0046, time 3521.40ms, mfu 69.90%
iter 51970: loss 4.0883, time 3518.12ms, mfu 69.91%
iter 51980: loss 4.0703, time 3518.16ms, mfu 69.91%
iter 51990: loss 4.0325, time 3518.77ms, mfu 69.91%
step 52000: train loss 4.1003, val loss 4.1074
saving checkpoint to /net/scratch2/junyuren/nanoGPT-manifold/out-openwebtext-grassmann
iter 52000: loss 4.1427, time 21357.42ms, mfu 64.07%
iter 52010: loss 4.1341, time 3525.76ms, mfu 64.64%
iter 52020: loss 4.1172, time 3519.80ms, mfu 65.17%
iter 52030: loss 4.0195, time 3521.13ms, mfu 65.64%
iter 52040: loss 4.1181, time 3521.76ms, mfu 66.07%
iter 52050: loss 4.0636, time 3527.12ms, mfu 66.44%
iter 52060: loss 4.0779, time 3513.26ms, mfu 66.80%
iter 52070: loss 4.1305, time 3534.88ms, mfu 67.08%
iter 52080: loss 4.0681, time 3518.65ms, mfu 67.36%
iter 52090: loss 4.0963, time 3527.72ms, mfu 67.60%
iter 52100: loss 4.1204, time 3517.59ms, mfu 67.84%
iter 52110: loss 4.0953, time 3527.39ms, mfu 68.03%
iter 52120: loss 4.0877, time 3523.55ms, mfu 68.21%
iter 52130: loss 3.9900, time 3517.99ms, mfu 68.39%
iter 52140: loss 4.0737, time 3521.74ms, mfu 68.53%
iter 52150: loss 4.0539, time 3520.06ms, mfu 68.67%
iter 52160: loss 4.0684, time 3518.62ms, mfu 68.80%
iter 52170: loss 4.1174, time 3521.80ms, mfu 68.91%
iter 52180: loss 4.0577, time 3522.32ms, mfu 69.00%
iter 52190: loss 4.0741, time 3521.29ms, mfu 69.09%
iter 52200: loss 3.9490, time 3523.53ms, mfu 69.16%
iter 52210: loss 4.0188, time 3523.80ms, mfu 69.23%
iter 52220: loss 3.9966, time 3516.34ms, mfu 69.31%
iter 52230: loss 4.0904, time 3525.60ms, mfu 69.36%
iter 52240: loss 4.0434, time 3520.89ms, mfu 69.41%
iter 52250: loss 4.0159, time 3511.63ms, mfu 69.48%
iter 52260: loss 4.0368, time 3527.96ms, mfu 69.50%
iter 52270: loss 4.0583, time 3520.50ms, mfu 69.54%
iter 52280: loss 4.0048, time 3518.58ms, mfu 69.58%
iter 52290: loss 4.1108, time 3518.78ms, mfu 69.62%
iter 52300: loss 3.9742, time 3521.14ms, mfu 69.64%
iter 52310: loss 4.0231, time 3521.51ms, mfu 69.67%
iter 52320: loss 4.0670, time 3522.00ms, mfu 69.69%
iter 52330: loss 4.0504, time 3521.04ms, mfu 69.71%
iter 52340: loss 4.0001, time 3525.78ms, mfu 69.72%
iter 52350: loss 4.0549, time 3525.57ms, mfu 69.72%
iter 52360: loss 4.0513, time 3522.16ms, mfu 69.74%
iter 52370: loss 4.0613, time 3524.14ms, mfu 69.75%
iter 52380: loss 4.0488, time 3516.45ms, mfu 69.77%
iter 52390: loss 4.0425, time 3518.83ms, mfu 69.79%
iter 52400: loss 4.0147, time 3523.85ms, mfu 69.79%
iter 52410: loss 4.0708, time 3523.45ms, mfu 69.80%
iter 52420: loss 3.9484, time 3521.05ms, mfu 69.81%
iter 52430: loss 3.9857, time 3517.86ms, mfu 69.82%
iter 52440: loss 4.0190, time 3525.28ms, mfu 69.82%
iter 52450: loss 4.1075, time 3520.64ms, mfu 69.83%
iter 52460: loss 3.9076, time 3525.53ms, mfu 69.82%
iter 52470: loss 4.0035, time 3517.04ms, mfu 69.84%
iter 52480: loss 4.0732, time 3517.48ms, mfu 69.85%
iter 52490: loss 4.0413, time 3524.01ms, mfu 69.85%
iter 52500: loss 4.1019, time 3519.97ms, mfu 69.85%
iter 52510: loss 3.9718, time 3528.99ms, mfu 69.84%
iter 52520: loss 4.0419, time 3526.15ms, mfu 69.84%
iter 52530: loss 4.0562, time 3523.16ms, mfu 69.84%
iter 52540: loss 4.0103, time 3511.62ms, mfu 69.86%
iter 52550: loss 4.0374, time 3522.53ms, mfu 69.86%
iter 52560: loss 4.0654, time 3512.64ms, mfu 69.88%
iter 52570: loss 4.0254, time 3524.22ms, mfu 69.87%
iter 52580: loss 4.0491, time 3513.52ms, mfu 69.89%
iter 52590: loss 3.9758, time 3524.01ms, mfu 69.88%
iter 52600: loss 4.0761, time 3521.22ms, mfu 69.88%
iter 52610: loss 4.0329, time 3517.53ms, mfu 69.89%
iter 52620: loss 4.0407, time 3522.17ms, mfu 69.89%
iter 52630: loss 4.0216, time 3525.20ms, mfu 69.88%
iter 52640: loss 4.0684, time 3519.98ms, mfu 69.88%
iter 52650: loss 4.0646, time 3518.18ms, mfu 69.89%
iter 52660: loss 4.0583, time 3517.25ms, mfu 69.90%
iter 52670: loss 4.1074, time 3524.27ms, mfu 69.89%
iter 52680: loss 4.0069, time 3514.83ms, mfu 69.90%
iter 52690: loss 4.1255, time 3518.19ms, mfu 69.91%
iter 52700: loss 4.0642, time 3518.42ms, mfu 69.91%
iter 52710: loss 3.9743, time 3517.45ms, mfu 69.91%
iter 52720: loss 4.1775, time 3526.20ms, mfu 69.90%
iter 52730: loss 4.0294, time 3517.32ms, mfu 69.91%
iter 52740: loss 3.9696, time 3517.62ms, mfu 69.91%
iter 52750: loss 3.9824, time 3526.03ms, mfu 69.90%
iter 52760: loss 3.9905, time 3520.18ms, mfu 69.90%
iter 52770: loss 4.1196, time 3520.65ms, mfu 69.90%
iter 52780: loss 4.1108, time 3524.59ms, mfu 69.89%
iter 52790: loss 4.0361, time 3521.98ms, mfu 69.89%
iter 52800: loss 4.0031, time 3514.48ms, mfu 69.90%
iter 52810: loss 4.0304, time 3519.59ms, mfu 69.90%
iter 52820: loss 4.1063, time 3516.67ms, mfu 69.91%
iter 52830: loss 3.9940, time 3518.01ms, mfu 69.91%
iter 52840: loss 3.9940, time 3523.56ms, mfu 69.91%
iter 52850: loss 4.0818, time 3519.37ms, mfu 69.91%
iter 52860: loss 4.0748, time 3523.80ms, mfu 69.90%
iter 52870: loss 4.0654, time 3521.61ms, mfu 69.90%
iter 52880: loss 4.0243, time 3524.33ms, mfu 69.89%
iter 52890: loss 4.0656, time 3523.26ms, mfu 69.89%
iter 52900: loss 4.1091, time 3526.37ms, mfu 69.88%
iter 52910: loss 4.0415, time 3518.46ms, mfu 69.88%
iter 52920: loss 4.0676, time 3523.01ms, mfu 69.88%
iter 52930: loss 4.0440, time 3520.56ms, mfu 69.88%
iter 52940: loss 4.0732, time 3521.50ms, mfu 69.88%
iter 52950: loss 3.9774, time 3519.23ms, mfu 69.88%
iter 52960: loss 3.9862, time 3518.57ms, mfu 69.89%
iter 52970: loss 4.0814, time 3523.36ms, mfu 69.88%
iter 52980: loss 4.1400, time 3523.25ms, mfu 69.88%
iter 52990: loss 4.0632, time 3518.43ms, mfu 69.89%
step 53000: train loss 4.1892, val loss 4.2059
saving checkpoint to /net/scratch2/junyuren/nanoGPT-manifold/out-openwebtext-grassmann
iter 53000: loss 4.0536, time 21424.84ms, mfu 64.05%
iter 53010: loss 4.0501, time 3526.47ms, mfu 64.62%
iter 53020: loss 3.9261, time 3520.47ms, mfu 65.15%
iter 53030: loss 4.0252, time 3515.43ms, mfu 65.63%
iter 53040: loss 4.0909, time 3516.48ms, mfu 66.07%
iter 53050: loss 4.1194, time 3519.49ms, mfu 66.45%
iter 53060: loss 3.9149, time 3514.49ms, mfu 66.81%
iter 53070: loss 4.0493, time 3516.13ms, mfu 67.13%
iter 53080: loss 4.1405, time 3515.67ms, mfu 67.41%
iter 53090: loss 3.9917, time 3528.03ms, mfu 67.65%
iter 53100: loss 3.9346, time 3525.22ms, mfu 67.86%
iter 53110: loss 4.0716, time 3541.48ms, mfu 68.02%
iter 53120: loss 4.1161, time 3550.39ms, mfu 68.15%
iter 53130: loss 3.9464, time 3548.74ms, mfu 68.27%
iter 53140: loss 4.0013, time 3543.00ms, mfu 68.39%
iter 53150: loss 3.9196, time 3548.11ms, mfu 68.49%
iter 53160: loss 4.1048, time 3540.81ms, mfu 68.59%
iter 53170: loss 4.0780, time 3543.84ms, mfu 68.67%
iter 53180: loss 3.9697, time 3539.40ms, mfu 68.76%
iter 53190: loss 3.9607, time 3541.17ms, mfu 68.83%
iter 53200: loss 4.0231, time 3554.46ms, mfu 68.87%
iter 53210: loss 4.0715, time 3552.77ms, mfu 68.91%
iter 53220: loss 4.0410, time 3528.98ms, mfu 68.99%
iter 53230: loss 4.1114, time 3522.88ms, mfu 69.08%
iter 53240: loss 4.0427, time 3522.28ms, mfu 69.16%
iter 53250: loss 4.0547, time 3521.67ms, mfu 69.23%
iter 53260: loss 4.0610, time 3521.26ms, mfu 69.29%
iter 53270: loss 4.0716, time 3514.10ms, mfu 69.37%
iter 53280: loss 3.9833, time 3519.49ms, mfu 69.42%
iter 53290: loss 4.0380, time 3507.85ms, mfu 69.50%
iter 53300: loss 3.9722, time 3516.79ms, mfu 69.54%
iter 53310: loss 4.0302, time 3519.56ms, mfu 69.58%
iter 53320: loss 3.9426, time 3506.27ms, mfu 69.64%
iter 53330: loss 4.0767, time 3507.91ms, mfu 69.69%
iter 53340: loss 4.0265, time 3515.70ms, mfu 69.72%
iter 53350: loss 4.0148, time 3519.82ms, mfu 69.74%
iter 53360: loss 4.0944, time 3510.04ms, mfu 69.78%
iter 53370: loss 4.1341, time 3511.23ms, mfu 69.81%
iter 53380: loss 4.0472, time 3513.70ms, mfu 69.83%
iter 53390: loss 4.0986, time 3515.39ms, mfu 69.85%
iter 53400: loss 3.9347, time 3515.88ms, mfu 69.86%
iter 53410: loss 4.0808, time 3517.04ms, mfu 69.87%
iter 53420: loss 4.0845, time 3515.76ms, mfu 69.88%
iter 53430: loss 4.0344, time 3519.40ms, mfu 69.89%
iter 53440: loss 3.9936, time 3514.17ms, mfu 69.90%
iter 53450: loss 4.1809, time 3517.57ms, mfu 69.91%
iter 53460: loss 4.1151, time 3507.26ms, mfu 69.93%
iter 53470: loss 4.1184, time 3509.34ms, mfu 69.95%
iter 53480: loss 4.0207, time 3508.41ms, mfu 69.97%
