Overriding config with config/train_openwebtext_baseline_resume.py:
# Resume OpenWebText Baseline from checkpoint
# Continuing from step 13000

# I/O
out_dir = '/net/scratch2/junyuren/nanoGPT-manifold/out-openwebtext-baseline'
eval_interval = 1000
eval_iters = 200
log_interval = 10
always_save_checkpoint = True

# CRITICAL: Resume from checkpoint
init_from = 'resume'

wandb_log = False
wandb_project = 'openwebtext'
wandb_run_name = 'baseline-6L-384d-resume'

# Data
dataset = 'openwebtext'
data_dir = '/net/scratch2/junyuren/nanoGPT-manifold/data/openwebtext'
gradient_accumulation_steps = 40
batch_size = 64
block_size = 1024

# Model - SAME as Shakespeare: 6L x 384d (~10M params)
n_layer = 6
n_head = 6
n_embd = 384
dropout = 0.2
bias = False

# AdamW optimizer - LR decay will continue from step 13000
learning_rate = 1e-3  # Max LR (for reference, decay continues)
max_iters = 100000
lr_decay_iters = 100000
min_lr = 1e-4
beta1 = 0.9
beta2 = 0.99
weight_decay = 1e-1
grad_clip = 1.0

decay_lr = True
warmup_iters = 2000  # Already past warmup

# System
device = 'cuda'
dtype = 'bfloat16'
compile = True

# No Grassmann
use_grassmann = False

tokens per iteration will be: 2,621,440
Resuming training from /net/scratch2/junyuren/nanoGPT-manifold/out-openwebtext-baseline
number of parameters: 29.94M
num decayed parameter tensors: 26, with 30,326,784 parameters
num non-decayed parameter tensors: 13, with 4,992 parameters
using fused AdamW: True
compiling the model... (takes a ~minute)
step 70000: train loss 3.5762, val loss 3.5842
saving checkpoint to /net/scratch2/junyuren/nanoGPT-manifold/out-openwebtext-baseline
iter 70000: loss 3.6924, time 30593.58ms, mfu -100.00%
iter 70010: loss 3.7230, time 2720.01ms, mfu 64.23%
iter 70020: loss 3.7489, time 2718.73ms, mfu 64.24%
iter 70030: loss 3.7801, time 2722.40ms, mfu 64.23%
iter 70040: loss 3.7375, time 2725.86ms, mfu 64.22%
iter 70050: loss 3.7210, time 2740.09ms, mfu 64.17%
iter 70060: loss 3.7156, time 2721.66ms, mfu 64.17%
iter 70070: loss 3.7335, time 2720.99ms, mfu 64.18%
iter 70080: loss 3.6288, time 2721.07ms, mfu 64.18%
iter 70090: loss 3.6817, time 2721.35ms, mfu 64.18%
iter 70100: loss 3.5923, time 2722.36ms, mfu 64.18%
iter 70110: loss 3.7446, time 2716.07ms, mfu 64.20%
iter 70120: loss 3.6945, time 2718.06ms, mfu 64.20%
iter 70130: loss 3.7350, time 2721.42ms, mfu 64.20%
iter 70140: loss 3.8309, time 2719.25ms, mfu 64.21%
iter 70150: loss 3.7411, time 2718.71ms, mfu 64.21%
iter 70160: loss 3.7084, time 2719.87ms, mfu 64.22%
iter 70170: loss 3.7611, time 2718.50ms, mfu 64.22%
iter 70180: loss 3.7594, time 2717.17ms, mfu 64.23%
iter 70190: loss 3.7544, time 2724.48ms, mfu 64.22%
iter 70200: loss 3.6786, time 2713.89ms, mfu 64.24%
iter 70210: loss 3.6069, time 2713.38ms, mfu 64.25%
iter 70220: loss 3.7598, time 2718.12ms, mfu 64.25%
iter 70230: loss 3.6621, time 2713.90ms, mfu 64.27%
iter 70240: loss 3.6155, time 2716.94ms, mfu 64.27%
iter 70250: loss 3.7135, time 2720.01ms, mfu 64.27%
iter 70260: loss 3.8059, time 2720.09ms, mfu 64.26%
iter 70270: loss 3.7556, time 2724.30ms, mfu 64.25%
iter 70280: loss 3.7657, time 2719.35ms, mfu 64.25%
iter 70290: loss 3.8060, time 2717.84ms, mfu 64.25%
iter 70300: loss 3.7570, time 2711.75ms, mfu 64.27%
iter 70310: loss 3.7429, time 2721.22ms, mfu 64.26%
iter 70320: loss 3.6927, time 2712.68ms, mfu 64.28%
iter 70330: loss 3.7183, time 2719.48ms, mfu 64.28%
iter 70340: loss 3.6611, time 2715.89ms, mfu 64.28%
iter 70350: loss 3.7435, time 2720.55ms, mfu 64.27%
iter 70360: loss 3.6847, time 2719.64ms, mfu 64.27%
iter 70370: loss 3.6962, time 2717.05ms, mfu 64.27%
iter 70380: loss 3.6914, time 2719.89ms, mfu 64.27%
iter 70390: loss 3.7682, time 2716.84ms, mfu 64.27%
iter 70400: loss 3.8552, time 2719.01ms, mfu 64.27%
iter 70410: loss 3.7602, time 2716.69ms, mfu 64.28%
iter 70420: loss 3.7215, time 2714.93ms, mfu 64.28%
iter 70430: loss 3.7579, time 2714.88ms, mfu 64.29%
iter 70440: loss 3.6455, time 2715.42ms, mfu 64.30%
iter 70450: loss 3.7716, time 2717.55ms, mfu 64.30%
iter 70460: loss 3.7244, time 2718.10ms, mfu 64.29%
iter 70470: loss 3.8262, time 2721.37ms, mfu 64.28%
iter 70480: loss 3.7278, time 2715.76ms, mfu 64.29%
iter 70490: loss 3.6974, time 2716.29ms, mfu 64.29%
iter 70500: loss 3.7300, time 2716.16ms, mfu 64.30%
iter 70510: loss 3.7305, time 2719.01ms, mfu 64.29%
iter 70520: loss 3.7412, time 2715.17ms, mfu 64.30%
iter 70530: loss 3.6387, time 2715.81ms, mfu 64.30%
iter 70540: loss 3.6857, time 2719.42ms, mfu 64.30%
iter 70550: loss 3.6846, time 2715.20ms, mfu 64.30%
iter 70560: loss 3.8001, time 2719.13ms, mfu 64.30%
iter 70570: loss 3.6653, time 2719.15ms, mfu 64.29%
iter 70580: loss 3.7194, time 2723.84ms, mfu 64.28%
iter 70590: loss 3.8037, time 2719.67ms, mfu 64.27%
iter 70600: loss 3.6785, time 2722.34ms, mfu 64.26%
iter 70610: loss 3.7354, time 2718.81ms, mfu 64.26%
iter 70620: loss 3.7536, time 2718.45ms, mfu 64.26%
iter 70630: loss 3.6826, time 2719.76ms, mfu 64.26%
iter 70640: loss 3.7910, time 2719.27ms, mfu 64.26%
iter 70650: loss 3.7728, time 2717.51ms, mfu 64.26%
iter 70660: loss 3.7717, time 2719.97ms, mfu 64.26%
iter 70670: loss 3.7502, time 2723.14ms, mfu 64.25%
iter 70680: loss 3.6891, time 2722.80ms, mfu 64.24%
iter 70690: loss 3.7370, time 2716.65ms, mfu 64.25%
iter 70700: loss 3.7343, time 2720.52ms, mfu 64.25%
iter 70710: loss 3.7714, time 2719.75ms, mfu 64.25%
iter 70720: loss 3.8017, time 2718.25ms, mfu 64.25%
iter 70730: loss 3.7144, time 2720.20ms, mfu 64.25%
iter 70740: loss 3.8178, time 2727.05ms, mfu 64.23%
iter 70750: loss 3.7233, time 2719.69ms, mfu 64.23%
iter 70760: loss 3.7548, time 2718.95ms, mfu 64.23%
iter 70770: loss 3.8259, time 2719.32ms, mfu 64.23%
iter 70780: loss 3.6779, time 2719.17ms, mfu 64.24%
iter 70790: loss 3.7269, time 2717.83ms, mfu 64.24%
iter 70800: loss 3.6877, time 2720.50ms, mfu 64.24%
iter 70810: loss 3.7502, time 2721.12ms, mfu 64.24%
iter 70820: loss 3.7125, time 2716.27ms, mfu 64.24%
iter 70830: loss 3.7516, time 2717.98ms, mfu 64.25%
iter 70840: loss 3.7137, time 2720.59ms, mfu 64.25%
iter 70850: loss 3.6581, time 2719.75ms, mfu 64.24%
iter 70860: loss 3.7657, time 2722.41ms, mfu 64.24%
iter 70870: loss 3.7599, time 2725.34ms, mfu 64.22%
iter 70880: loss 3.5906, time 2725.43ms, mfu 64.21%
iter 70890: loss 3.7867, time 2722.64ms, mfu 64.21%
iter 70900: loss 3.7892, time 2719.42ms, mfu 64.21%
iter 70910: loss 3.7833, time 2719.20ms, mfu 64.22%
iter 70920: loss 3.7905, time 2724.88ms, mfu 64.21%
iter 70930: loss 3.8219, time 2718.54ms, mfu 64.21%
iter 70940: loss 3.7318, time 2718.43ms, mfu 64.22%
iter 70950: loss 3.7095, time 2716.97ms, mfu 64.23%
iter 70960: loss 3.7237, time 2720.63ms, mfu 64.23%
iter 70970: loss 3.7461, time 2717.54ms, mfu 64.23%
iter 70980: loss 3.8123, time 2721.84ms, mfu 64.23%
iter 70990: loss 3.5940, time 2720.59ms, mfu 64.23%
step 71000: train loss 3.5714, val loss 3.5757
saving checkpoint to /net/scratch2/junyuren/nanoGPT-manifold/out-openwebtext-baseline
iter 71000: loss 3.7592, time 21458.69ms, mfu 58.62%
iter 71010: loss 3.7315, time 2717.02ms, mfu 59.19%
iter 71020: loss 3.8161, time 2718.91ms, mfu 59.69%
iter 71030: loss 3.6342, time 2724.52ms, mfu 60.14%
iter 71040: loss 3.6861, time 2721.85ms, mfu 60.54%
iter 71050: loss 3.7775, time 2724.81ms, mfu 60.90%
iter 71060: loss 3.7518, time 2719.81ms, mfu 61.23%
iter 71070: loss 3.7587, time 2719.76ms, mfu 61.53%
iter 71080: loss 3.7626, time 2717.23ms, mfu 61.81%
iter 71090: loss 3.7330, time 2722.15ms, mfu 62.05%
iter 71100: loss 3.6776, time 2720.93ms, mfu 62.26%
iter 71110: loss 3.7713, time 2721.89ms, mfu 62.46%
iter 71120: loss 3.7356, time 2718.72ms, mfu 62.64%
iter 71130: loss 3.7012, time 2719.13ms, mfu 62.80%
iter 71140: loss 3.6789, time 2719.43ms, mfu 62.94%
iter 71150: loss 3.7426, time 2720.22ms, mfu 63.07%
iter 71160: loss 3.7250, time 2722.80ms, mfu 63.18%
iter 71170: loss 3.7702, time 2720.03ms, mfu 63.29%
iter 71180: loss 3.8555, time 2719.46ms, mfu 63.38%
iter 71190: loss 3.7712, time 2724.79ms, mfu 63.46%
iter 71200: loss 3.7497, time 2720.15ms, mfu 63.53%
iter 71210: loss 3.6782, time 2723.62ms, mfu 63.60%
iter 71220: loss 3.7902, time 2720.18ms, mfu 63.66%
iter 71230: loss 3.7387, time 2719.62ms, mfu 63.72%
iter 71240: loss 3.7912, time 2718.80ms, mfu 63.77%
iter 71250: loss 3.7085, time 2724.09ms, mfu 63.81%
iter 71260: loss 3.7868, time 2726.13ms, mfu 63.84%
iter 71270: loss 3.7443, time 2722.19ms, mfu 63.87%
iter 71280: loss 3.7992, time 2722.13ms, mfu 63.90%
iter 71290: loss 3.6885, time 2721.42ms, mfu 63.93%
iter 71300: loss 3.6894, time 2723.40ms, mfu 63.95%
iter 71310: loss 3.6715, time 2721.07ms, mfu 63.98%
iter 71320: loss 3.6983, time 2726.08ms, mfu 63.99%
iter 71330: loss 3.6555, time 2725.57ms, mfu 64.00%
iter 71340: loss 3.7322, time 2722.72ms, mfu 64.02%
iter 71350: loss 3.6527, time 2720.47ms, mfu 64.04%
iter 71360: loss 3.7420, time 2722.53ms, mfu 64.05%
iter 71370: loss 3.7697, time 2717.29ms, mfu 64.08%
iter 71380: loss 3.7780, time 2723.28ms, mfu 64.08%
iter 71390: loss 3.6439, time 2721.09ms, mfu 64.10%
iter 71400: loss 3.6420, time 2720.70ms, mfu 64.11%
iter 71410: loss 3.7139, time 2719.68ms, mfu 64.12%
iter 71420: loss 3.7251, time 2724.71ms, mfu 64.12%
iter 71430: loss 3.6531, time 2722.59ms, mfu 64.13%
iter 71440: loss 3.7523, time 2723.75ms, mfu 64.13%
iter 71450: loss 3.7421, time 2719.07ms, mfu 64.14%
iter 71460: loss 3.6960, time 2719.70ms, mfu 64.15%
iter 71470: loss 3.6788, time 2725.29ms, mfu 64.15%
iter 71480: loss 3.6815, time 2726.57ms, mfu 64.14%
iter 71490: loss 3.7328, time 2723.79ms, mfu 64.14%
iter 71500: loss 3.7556, time 2720.50ms, mfu 64.15%
iter 71510: loss 3.7166, time 2722.53ms, mfu 64.15%
iter 71520: loss 3.7019, time 2723.14ms, mfu 64.15%
iter 71530: loss 3.7087, time 2724.23ms, mfu 64.15%
iter 71540: loss 3.7411, time 2723.15ms, mfu 64.15%
iter 71550: loss 3.6766, time 2723.16ms, mfu 64.15%
iter 71560: loss 3.6971, time 2718.33ms, mfu 64.16%
iter 71570: loss 3.6518, time 2723.57ms, mfu 64.16%
iter 71580: loss 3.7330, time 2720.62ms, mfu 64.17%
iter 71590: loss 3.6956, time 2721.56ms, mfu 64.17%
iter 71600: loss 3.7734, time 2721.13ms, mfu 64.17%
iter 71610: loss 3.6228, time 2719.61ms, mfu 64.18%
iter 71620: loss 3.6087, time 2724.09ms, mfu 64.18%
iter 71630: loss 3.7765, time 2721.92ms, mfu 64.18%
iter 71640: loss 3.7568, time 2726.49ms, mfu 64.17%
iter 71650: loss 3.7337, time 2718.53ms, mfu 64.18%
iter 71660: loss 3.6343, time 2717.46ms, mfu 64.19%
iter 71670: loss 3.6645, time 2724.19ms, mfu 64.18%
iter 71680: loss 3.6918, time 2724.29ms, mfu 64.18%
iter 71690: loss 3.6568, time 2721.05ms, mfu 64.18%
iter 71700: loss 3.6549, time 2716.33ms, mfu 64.20%
iter 71710: loss 3.7447, time 2724.22ms, mfu 64.19%
iter 71720: loss 3.7690, time 2721.60ms, mfu 64.19%
iter 71730: loss 3.7331, time 2721.32ms, mfu 64.19%
iter 71740: loss 3.7668, time 2725.74ms, mfu 64.18%
iter 71750: loss 3.7624, time 2721.52ms, mfu 64.18%
iter 71760: loss 3.7257, time 2718.04ms, mfu 64.19%
iter 71770: loss 3.6763, time 2723.34ms, mfu 64.19%
iter 71780: loss 3.7429, time 2722.66ms, mfu 64.19%
iter 71790: loss 3.6574, time 2719.56ms, mfu 64.19%
iter 71800: loss 3.8364, time 2716.33ms, mfu 64.21%
iter 71810: loss 3.6994, time 2716.21ms, mfu 64.22%
iter 71820: loss 3.7201, time 2720.18ms, mfu 64.22%
iter 71830: loss 3.8560, time 2724.62ms, mfu 64.21%
iter 71840: loss 3.7395, time 2722.04ms, mfu 64.21%
iter 71850: loss 3.7546, time 2720.23ms, mfu 64.21%
iter 71860: loss 3.5757, time 2721.74ms, mfu 64.21%
iter 71870: loss 3.7184, time 2718.32ms, mfu 64.21%
iter 71880: loss 3.7515, time 2720.55ms, mfu 64.21%
iter 71890: loss 3.6576, time 2716.88ms, mfu 64.22%
iter 71900: loss 3.7828, time 2718.63ms, mfu 64.23%
iter 71910: loss 3.6850, time 2719.65ms, mfu 64.23%
iter 71920: loss 3.7201, time 2721.58ms, mfu 64.23%
iter 71930: loss 3.8063, time 2718.98ms, mfu 64.23%
iter 71940: loss 3.7025, time 2713.64ms, mfu 64.24%
iter 71950: loss 3.7051, time 2720.87ms, mfu 64.24%
iter 71960: loss 3.6476, time 2718.07ms, mfu 64.25%
iter 71970: loss 3.7544, time 2719.57ms, mfu 64.25%
iter 71980: loss 3.7303, time 2718.58ms, mfu 64.25%
iter 71990: loss 3.7427, time 2718.70ms, mfu 64.25%
step 72000: train loss 3.5748, val loss 3.5825
saving checkpoint to /net/scratch2/junyuren/nanoGPT-manifold/out-openwebtext-baseline
iter 72000: loss 3.8018, time 19232.95ms, mfu 58.73%
iter 72010: loss 3.6619, time 2722.17ms, mfu 59.28%
iter 72020: loss 3.7004, time 2728.55ms, mfu 59.75%
iter 72030: loss 3.6611, time 2721.13ms, mfu 60.20%
iter 72040: loss 3.7020, time 2721.27ms, mfu 60.60%
iter 72050: loss 3.7655, time 2722.42ms, mfu 60.96%
iter 72060: loss 3.7103, time 2719.10ms, mfu 61.29%
iter 72070: loss 3.7314, time 2721.88ms, mfu 61.58%
iter 72080: loss 3.7180, time 2717.51ms, mfu 61.85%
iter 72090: loss 3.5563, time 2711.77ms, mfu 62.11%
iter 72100: loss 3.6329, time 2720.43ms, mfu 62.32%
iter 72110: loss 3.6330, time 2720.57ms, mfu 62.51%
iter 72120: loss 3.7150, time 2721.27ms, mfu 62.68%
iter 72130: loss 3.8893, time 2719.89ms, mfu 62.83%
iter 72140: loss 3.7425, time 2722.45ms, mfu 62.97%
iter 72150: loss 3.6519, time 2721.57ms, mfu 63.09%
iter 72160: loss 3.7301, time 2722.31ms, mfu 63.20%
iter 72170: loss 3.7473, time 2727.40ms, mfu 63.29%
iter 72180: loss 3.7486, time 2725.82ms, mfu 63.37%
iter 72190: loss 3.6914, time 2722.35ms, mfu 63.45%
iter 72200: loss 3.7058, time 2720.56ms, mfu 63.52%
iter 72210: loss 3.7809, time 2722.83ms, mfu 63.59%
iter 72220: loss 3.6878, time 2724.16ms, mfu 63.64%
iter 72230: loss 3.7156, time 2721.85ms, mfu 63.70%
iter 72240: loss 3.6703, time 2720.58ms, mfu 63.75%
iter 72250: loss 3.7489, time 2721.50ms, mfu 63.80%
iter 72260: loss 3.7940, time 2720.49ms, mfu 63.84%
iter 72270: loss 3.7533, time 2722.77ms, mfu 63.87%
iter 72280: loss 3.6756, time 2723.40ms, mfu 63.90%
iter 72290: loss 3.6433, time 2719.36ms, mfu 63.93%
iter 72300: loss 3.7602, time 2713.26ms, mfu 63.98%
iter 72310: loss 3.7046, time 2721.20ms, mfu 64.00%
iter 72320: loss 3.7743, time 2722.27ms, mfu 64.02%
iter 72330: loss 3.7206, time 2720.20ms, mfu 64.04%
iter 72340: loss 3.6704, time 2721.29ms, mfu 64.06%
iter 72350: loss 3.6784, time 2717.89ms, mfu 64.08%
iter 72360: loss 3.8127, time 2718.54ms, mfu 64.10%
iter 72370: loss 3.7487, time 2722.90ms, mfu 64.11%
iter 72380: loss 3.7226, time 2719.65ms, mfu 64.12%
iter 72390: loss 3.7749, time 2721.00ms, mfu 64.13%
iter 72400: loss 3.7185, time 2719.02ms, mfu 64.14%
iter 72410: loss 3.6892, time 2720.03ms, mfu 64.15%
iter 72420: loss 3.6162, time 2722.96ms, mfu 64.15%
iter 72430: loss 3.7119, time 2722.73ms, mfu 64.15%
iter 72440: loss 3.7541, time 2721.16ms, mfu 64.16%
iter 72450: loss 3.7208, time 2715.80ms, mfu 64.18%
iter 72460: loss 3.6909, time 2719.83ms, mfu 64.18%
iter 72470: loss 3.7435, time 2724.99ms, mfu 64.18%
iter 72480: loss 3.7331, time 2724.51ms, mfu 64.17%
iter 72490: loss 3.7123, time 2723.99ms, mfu 64.17%
iter 72500: loss 3.7440, time 2722.86ms, mfu 64.17%
iter 72510: loss 3.8136, time 2721.54ms, mfu 64.17%
iter 72520: loss 3.6740, time 2723.95ms, mfu 64.17%
iter 72530: loss 3.7394, time 2718.08ms, mfu 64.18%
iter 72540: loss 3.7549, time 2726.19ms, mfu 64.17%
iter 72550: loss 3.6840, time 2720.11ms, mfu 64.18%
iter 72560: loss 3.7202, time 2721.01ms, mfu 64.18%
iter 72570: loss 3.7194, time 2723.97ms, mfu 64.17%
iter 72580: loss 3.7061, time 2720.76ms, mfu 64.18%
iter 72590: loss 3.6307, time 2721.88ms, mfu 64.18%
iter 72600: loss 3.7453, time 2721.85ms, mfu 64.18%
iter 72610: loss 3.7327, time 2719.49ms, mfu 64.19%
iter 72620: loss 3.6623, time 2721.56ms, mfu 64.19%
iter 72630: loss 3.7725, time 2720.33ms, mfu 64.19%
iter 72640: loss 3.7750, time 2722.13ms, mfu 64.19%
iter 72650: loss 3.7041, time 2724.76ms, mfu 64.18%
iter 72660: loss 3.7737, time 2723.68ms, mfu 64.18%
iter 72670: loss 3.7958, time 2718.66ms, mfu 64.19%
iter 72680: loss 3.6211, time 2724.73ms, mfu 64.18%
iter 72690: loss 3.7476, time 2720.61ms, mfu 64.19%
iter 72700: loss 3.7640, time 2723.17ms, mfu 64.18%
iter 72710: loss 3.7368, time 2723.44ms, mfu 64.18%
iter 72720: loss 3.7693, time 2719.89ms, mfu 64.19%
iter 72730: loss 3.7376, time 2718.11ms, mfu 64.19%
iter 72740: loss 3.7117, time 2722.38ms, mfu 64.19%
iter 72750: loss 3.7089, time 2722.02ms, mfu 64.19%
iter 72760: loss 3.8007, time 2716.60ms, mfu 64.20%
iter 72770: loss 3.7079, time 2724.13ms, mfu 64.20%
iter 72780: loss 3.7089, time 2721.45ms, mfu 64.20%
iter 72790: loss 3.7965, time 2726.38ms, mfu 64.19%
iter 72800: loss 3.7756, time 2720.70ms, mfu 64.19%
iter 72810: loss 3.7906, time 2719.81ms, mfu 64.19%
iter 72820: loss 3.7465, time 2717.34ms, mfu 64.20%
iter 72830: loss 3.8512, time 2723.90ms, mfu 64.20%
iter 72840: loss 3.7376, time 2720.31ms, mfu 64.20%
iter 72850: loss 3.6922, time 2723.92ms, mfu 64.19%
iter 72860: loss 3.6505, time 2724.44ms, mfu 64.19%
iter 72870: loss 3.7333, time 2719.90ms, mfu 64.19%
iter 72880: loss 3.7288, time 2720.54ms, mfu 64.20%
iter 72890: loss 3.6764, time 2723.22ms, mfu 64.19%
iter 72900: loss 3.7939, time 2720.44ms, mfu 64.20%
iter 72910: loss 3.6338, time 2723.74ms, mfu 64.19%
iter 72920: loss 3.7147, time 2724.29ms, mfu 64.18%
iter 72930: loss 3.6899, time 2722.77ms, mfu 64.18%
iter 72940: loss 3.6151, time 2721.58ms, mfu 64.18%
iter 72950: loss 3.6680, time 2721.92ms, mfu 64.18%
iter 72960: loss 3.6959, time 2721.49ms, mfu 64.19%
iter 72970: loss 3.7150, time 2724.75ms, mfu 64.18%
iter 72980: loss 3.7658, time 2722.47ms, mfu 64.18%
iter 72990: loss 3.7436, time 2721.25ms, mfu 64.18%
step 73000: train loss 3.5729, val loss 3.5852
saving checkpoint to /net/scratch2/junyuren/nanoGPT-manifold/out-openwebtext-baseline
iter 73000: loss 3.7775, time 19213.53ms, mfu 58.67%
iter 73010: loss 3.7294, time 2725.05ms, mfu 59.22%
iter 73020: loss 3.7132, time 2727.59ms, mfu 59.70%
iter 73030: loss 3.7421, time 2723.99ms, mfu 60.14%
iter 73040: loss 3.6376, time 2726.21ms, mfu 60.54%
iter 73050: loss 3.7390, time 2723.36ms, mfu 60.90%
iter 73060: loss 3.7406, time 2723.81ms, mfu 61.22%
iter 73070: loss 3.7137, time 2721.70ms, mfu 61.52%
iter 73080: loss 3.7450, time 2725.00ms, mfu 61.78%
iter 73090: loss 3.6668, time 2720.27ms, mfu 62.03%
iter 73100: loss 3.8188, time 2724.41ms, mfu 62.24%
iter 73110: loss 3.6797, time 2721.89ms, mfu 62.43%
iter 73120: loss 3.7774, time 2721.49ms, mfu 62.61%
iter 73130: loss 3.7303, time 2724.73ms, mfu 62.76%
iter 73140: loss 3.7950, time 2724.69ms, mfu 62.90%
iter 73150: loss 3.7078, time 2724.43ms, mfu 63.02%
iter 73160: loss 3.8362, time 2728.34ms, mfu 63.12%
iter 73170: loss 3.7770, time 2722.31ms, mfu 63.23%
iter 73180: loss 3.7450, time 2722.04ms, mfu 63.32%
iter 73190: loss 3.6518, time 2725.22ms, mfu 63.40%
iter 73200: loss 3.7223, time 2720.35ms, mfu 63.48%
iter 73210: loss 3.7574, time 2723.47ms, mfu 63.55%
iter 73220: loss 3.7358, time 2725.01ms, mfu 63.61%
iter 73230: loss 3.7801, time 2722.00ms, mfu 63.66%
iter 73240: loss 3.6688, time 2724.67ms, mfu 63.71%
iter 73250: loss 3.7057, time 2722.58ms, mfu 63.76%
iter 73260: loss 3.6600, time 2725.17ms, mfu 63.79%
iter 73270: loss 3.7498, time 2727.40ms, mfu 63.82%
iter 73280: loss 3.6870, time 2723.72ms, mfu 63.85%
iter 73290: loss 3.7168, time 2722.67ms, mfu 63.88%
iter 73300: loss 3.6523, time 2720.42ms, mfu 63.92%
iter 73310: loss 3.6959, time 2721.56ms, mfu 63.95%
iter 73320: loss 3.6793, time 2722.59ms, mfu 63.97%
iter 73330: loss 3.6718, time 2724.25ms, mfu 63.98%
iter 73340: loss 3.6912, time 2720.03ms, mfu 64.01%
iter 73350: loss 3.8234, time 2723.18ms, mfu 64.02%
iter 73360: loss 3.6708, time 2722.32ms, mfu 64.04%
iter 73370: loss 3.7622, time 2727.38ms, mfu 64.04%
iter 73380: loss 3.6857, time 2718.21ms, mfu 64.07%
iter 73390: loss 3.6759, time 2716.79ms, mfu 64.09%
iter 73400: loss 3.7217, time 2722.13ms, mfu 64.10%
iter 73410: loss 3.7316, time 2721.65ms, mfu 64.11%
iter 73420: loss 3.7114, time 2722.61ms, mfu 64.11%
iter 73430: loss 3.7282, time 2717.95ms, mfu 64.13%
iter 73440: loss 3.7021, time 2725.43ms, mfu 64.13%
iter 73450: loss 3.6233, time 2721.17ms, mfu 64.14%
iter 73460: loss 3.7340, time 2721.14ms, mfu 64.14%
iter 73470: loss 3.7955, time 2721.07ms, mfu 64.15%
iter 73480: loss 3.7121, time 2720.58ms, mfu 64.16%
iter 73490: loss 3.7309, time 2725.69ms, mfu 64.15%
iter 73500: loss 3.7314, time 2722.83ms, mfu 64.15%
iter 73510: loss 3.7009, time 2723.78ms, mfu 64.15%
iter 73520: loss 3.6957, time 2722.04ms, mfu 64.16%
iter 73530: loss 3.6984, time 2722.95ms, mfu 64.16%
iter 73540: loss 3.7896, time 2720.50ms, mfu 64.16%
iter 73550: loss 3.7070, time 2725.72ms, mfu 64.16%
iter 73560: loss 3.6463, time 2722.71ms, mfu 64.16%
iter 73570: loss 3.8089, time 2725.04ms, mfu 64.15%
iter 73580: loss 3.6386, time 2719.96ms, mfu 64.16%
iter 73590: loss 3.7519, time 2722.87ms, mfu 64.16%
iter 73600: loss 3.7739, time 2723.40ms, mfu 64.16%
iter 73610: loss 3.7738, time 2719.59ms, mfu 64.17%
iter 73620: loss 3.7019, time 2720.54ms, mfu 64.17%
iter 73630: loss 3.8417, time 2720.72ms, mfu 64.18%
iter 73640: loss 3.7068, time 2722.63ms, mfu 64.18%
iter 73650: loss 3.7957, time 2720.85ms, mfu 64.18%
iter 73660: loss 3.6652, time 2719.21ms, mfu 64.19%
iter 73670: loss 3.7439, time 2720.38ms, mfu 64.19%
iter 73680: loss 3.6692, time 2714.76ms, mfu 64.21%
iter 73690: loss 3.7459, time 2724.37ms, mfu 64.20%
iter 73700: loss 3.6664, time 2719.21ms, mfu 64.21%
iter 73710: loss 3.7564, time 2719.38ms, mfu 64.21%
iter 73720: loss 3.6950, time 2722.43ms, mfu 64.21%
iter 73730: loss 3.6848, time 2722.46ms, mfu 64.20%
iter 73740: loss 3.7739, time 2723.51ms, mfu 64.20%
iter 73750: loss 3.6867, time 2718.95ms, mfu 64.20%
iter 73760: loss 3.7233, time 2719.55ms, mfu 64.21%
iter 73770: loss 3.6779, time 2719.22ms, mfu 64.21%
iter 73780: loss 3.6904, time 2719.13ms, mfu 64.22%
iter 73790: loss 3.7371, time 2726.12ms, mfu 64.20%
iter 73800: loss 3.7012, time 2724.03ms, mfu 64.20%
iter 73810: loss 3.7624, time 2720.32ms, mfu 64.20%
iter 73820: loss 3.6571, time 2722.36ms, mfu 64.20%
iter 73830: loss 3.6717, time 2719.25ms, mfu 64.20%
iter 73840: loss 3.7869, time 2721.72ms, mfu 64.20%
iter 73850: loss 3.6965, time 2721.63ms, mfu 64.20%
iter 73860: loss 3.6963, time 2719.00ms, mfu 64.21%
iter 73870: loss 3.7815, time 2714.28ms, mfu 64.22%
iter 73880: loss 3.6850, time 2720.48ms, mfu 64.22%
iter 73890: loss 3.7096, time 2717.07ms, mfu 64.23%
iter 73900: loss 3.6417, time 2721.29ms, mfu 64.23%
iter 73910: loss 3.7355, time 2717.31ms, mfu 64.24%
iter 73920: loss 3.6928, time 2717.59ms, mfu 64.24%
iter 73930: loss 3.8020, time 2718.91ms, mfu 64.24%
iter 73940: loss 3.6904, time 2723.74ms, mfu 64.23%
iter 73950: loss 3.7290, time 2718.46ms, mfu 64.24%
iter 73960: loss 3.6888, time 2722.88ms, mfu 64.23%
iter 73970: loss 3.7517, time 2722.74ms, mfu 64.22%
iter 73980: loss 3.6585, time 2721.41ms, mfu 64.22%
iter 73990: loss 3.7940, time 2718.08ms, mfu 64.23%
step 74000: train loss 3.5762, val loss 3.5944
saving checkpoint to /net/scratch2/junyuren/nanoGPT-manifold/out-openwebtext-baseline
iter 74000: loss 3.7937, time 19274.54ms, mfu 58.71%
iter 74010: loss 3.7179, time 2720.98ms, mfu 59.26%
iter 74020: loss 3.7111, time 2725.30ms, mfu 59.75%
iter 74030: loss 3.7112, time 2728.44ms, mfu 60.17%
iter 74040: loss 3.7008, time 2723.72ms, mfu 60.57%
iter 74050: loss 3.7176, time 2726.39ms, mfu 60.92%
iter 74060: loss 3.6815, time 2728.17ms, mfu 61.23%
iter 74070: loss 3.6782, time 2727.41ms, mfu 61.52%
iter 74080: loss 3.6653, time 2725.30ms, mfu 61.78%
iter 74090: loss 3.7258, time 2722.79ms, mfu 62.02%
iter 74100: loss 3.7783, time 2725.61ms, mfu 62.22%
iter 74110: loss 3.7095, time 2718.70ms, mfu 62.43%
iter 74120: loss 3.7781, time 2715.08ms, mfu 62.62%
iter 74130: loss 3.7322, time 2722.05ms, mfu 62.78%
iter 74140: loss 3.7237, time 2714.75ms, mfu 62.93%
iter 74150: loss 3.7306, time 2720.10ms, mfu 63.06%
iter 74160: loss 3.7299, time 2724.26ms, mfu 63.17%
iter 74170: loss 3.7894, time 2723.61ms, mfu 63.27%
iter 74180: loss 3.6998, time 2720.71ms, mfu 63.36%
iter 74190: loss 3.7540, time 2720.23ms, mfu 63.45%
iter 74200: loss 3.6875, time 2723.36ms, mfu 63.52%
iter 74210: loss 3.7256, time 2724.15ms, mfu 63.58%
iter 74220: loss 3.5748, time 2719.84ms, mfu 63.65%
iter 74230: loss 3.6936, time 2726.82ms, mfu 63.69%
iter 74240: loss 3.7322, time 2722.80ms, mfu 63.74%
iter 74250: loss 3.6867, time 2727.12ms, mfu 63.77%
iter 74260: loss 3.7317, time 2719.91ms, mfu 63.82%
iter 74270: loss 3.7007, time 2723.76ms, mfu 63.85%
iter 74280: loss 3.6384, time 2720.14ms, mfu 63.89%
iter 74290: loss 3.7104, time 2721.02ms, mfu 63.92%
iter 74300: loss 3.6711, time 2722.53ms, mfu 63.95%
iter 74310: loss 3.7687, time 2726.29ms, mfu 63.96%
iter 74320: loss 3.7966, time 2722.87ms, mfu 63.98%
iter 74330: loss 3.8294, time 2720.42ms, mfu 64.00%
iter 74340: loss 3.7593, time 2722.05ms, mfu 64.02%
iter 74350: loss 3.7783, time 2722.28ms, mfu 64.04%
iter 74360: loss 3.7073, time 2717.01ms, mfu 64.06%
iter 74370: loss 3.6339, time 2719.13ms, mfu 64.08%
iter 74380: loss 3.7118, time 2720.64ms, mfu 64.10%
iter 74390: loss 3.8058, time 2719.04ms, mfu 64.11%
iter 74400: loss 3.7318, time 2722.32ms, mfu 64.12%
iter 74410: loss 3.7499, time 2722.17ms, mfu 64.13%
iter 74420: loss 3.7210, time 2720.09ms, mfu 64.14%
iter 74430: loss 3.7162, time 2722.38ms, mfu 64.14%
iter 74440: loss 3.7146, time 2720.39ms, mfu 64.15%
iter 74450: loss 3.6613, time 2718.24ms, mfu 64.16%
iter 74460: loss 3.7490, time 2723.47ms, mfu 64.16%
iter 74470: loss 3.7161, time 2723.59ms, mfu 64.16%
iter 74480: loss 3.7237, time 2720.51ms, mfu 64.17%
iter 74490: loss 3.7438, time 2722.85ms, mfu 64.17%
iter 74500: loss 3.7603, time 2720.29ms, mfu 64.17%
iter 74510: loss 3.8343, time 2721.51ms, mfu 64.17%
iter 74520: loss 3.7277, time 2721.97ms, mfu 64.18%
iter 74530: loss 3.6989, time 3002.30ms, mfu 63.58%
iter 74540: loss 3.7628, time 2718.44ms, mfu 63.65%
iter 74550: loss 3.7331, time 2720.31ms, mfu 63.70%
iter 74560: loss 3.6993, time 2718.26ms, mfu 63.76%
iter 74570: loss 3.7166, time 2716.92ms, mfu 63.82%
iter 74580: loss 3.7525, time 2718.80ms, mfu 63.86%
iter 74590: loss 3.7094, time 2721.42ms, mfu 63.89%
iter 74600: loss 3.6703, time 2723.17ms, mfu 63.92%
iter 74610: loss 3.7797, time 2723.37ms, mfu 63.94%
iter 74620: loss 3.6534, time 2721.97ms, mfu 63.97%
iter 74630: loss 3.6358, time 2721.66ms, mfu 63.99%
iter 74640: loss 3.7321, time 2725.26ms, mfu 64.00%
iter 74650: loss 3.7560, time 2719.27ms, mfu 64.03%
iter 74660: loss 3.7357, time 2722.68ms, mfu 64.04%
iter 74670: loss 3.7201, time 2720.72ms, mfu 64.06%
iter 74680: loss 3.6773, time 2718.42ms, mfu 64.08%
iter 74690: loss 3.7794, time 2719.24ms, mfu 64.10%
iter 74700: loss 3.6840, time 2724.62ms, mfu 64.10%
iter 74710: loss 3.7226, time 2717.11ms, mfu 64.12%
iter 74720: loss 3.7479, time 2717.23ms, mfu 64.14%
iter 74730: loss 3.7756, time 2717.89ms, mfu 64.15%
iter 74740: loss 3.7037, time 2719.79ms, mfu 64.16%
iter 74750: loss 3.7335, time 2723.11ms, mfu 64.16%
iter 74760: loss 3.6613, time 2724.32ms, mfu 64.16%
iter 74770: loss 3.7233, time 2720.38ms, mfu 64.16%
iter 74780: loss 3.6465, time 2724.33ms, mfu 64.16%
iter 74790: loss 3.6426, time 2719.92ms, mfu 64.17%
iter 74800: loss 3.6931, time 2722.72ms, mfu 64.17%
iter 74810: loss 3.7574, time 2719.11ms, mfu 64.18%
iter 74820: loss 3.7427, time 2720.86ms, mfu 64.18%
iter 74830: loss 3.8122, time 2719.54ms, mfu 64.19%
iter 74840: loss 3.7641, time 2717.13ms, mfu 64.20%
iter 74850: loss 3.6925, time 2719.01ms, mfu 64.20%
iter 74860: loss 3.6244, time 2714.98ms, mfu 64.22%
iter 74870: loss 3.7350, time 2721.87ms, mfu 64.22%
iter 74880: loss 3.6528, time 2720.60ms, mfu 64.22%
iter 74890: loss 3.7507, time 2720.80ms, mfu 64.22%
iter 74900: loss 3.6289, time 2722.51ms, mfu 64.21%
iter 74910: loss 3.6437, time 2719.60ms, mfu 64.22%
iter 74920: loss 3.8268, time 2720.29ms, mfu 64.22%
iter 74930: loss 3.7415, time 2717.88ms, mfu 64.22%
iter 74940: loss 3.7863, time 2719.71ms, mfu 64.22%
iter 74950: loss 3.7422, time 2719.22ms, mfu 64.23%
iter 74960: loss 3.6801, time 2721.88ms, mfu 64.22%
iter 74970: loss 3.7345, time 2720.36ms, mfu 64.22%
iter 74980: loss 3.7165, time 2723.36ms, mfu 64.22%
iter 74990: loss 3.7300, time 2719.86ms, mfu 64.22%
step 75000: train loss 3.5678, val loss 3.5731
saving checkpoint to /net/scratch2/junyuren/nanoGPT-manifold/out-openwebtext-baseline
iter 75000: loss 3.7684, time 19252.25ms, mfu 58.70%
iter 75010: loss 3.7002, time 2720.69ms, mfu 59.26%
iter 75020: loss 3.7070, time 2725.24ms, mfu 59.74%
iter 75030: loss 3.6806, time 2730.17ms, mfu 60.17%
iter 75040: loss 3.7213, time 2720.14ms, mfu 60.57%
iter 75050: loss 3.7654, time 2722.76ms, mfu 60.93%
iter 75060: loss 3.7231, time 2719.57ms, mfu 61.26%
iter 75070: loss 3.7148, time 2721.67ms, mfu 61.56%
iter 75080: loss 3.7147, time 2713.13ms, mfu 61.84%
iter 75090: loss 3.7412, time 2717.97ms, mfu 62.08%
iter 75100: loss 3.6084, time 2720.35ms, mfu 62.30%
iter 75110: loss 3.7039, time 2721.53ms, mfu 62.49%
iter 75120: loss 3.5867, time 2719.99ms, mfu 62.66%
iter 75130: loss 3.7761, time 2715.64ms, mfu 62.83%
iter 75140: loss 3.5995, time 2720.60ms, mfu 62.97%
iter 75150: loss 3.7227, time 2719.25ms, mfu 63.10%
iter 75160: loss 3.8061, time 2721.37ms, mfu 63.21%
iter 75170: loss 3.7282, time 2720.01ms, mfu 63.31%
iter 75180: loss 3.6878, time 2721.14ms, mfu 63.40%
iter 75190: loss 3.7180, time 2717.16ms, mfu 63.49%
iter 75200: loss 3.6725, time 2713.30ms, mfu 63.58%
iter 75210: loss 3.7017, time 2723.23ms, mfu 63.64%
iter 75220: loss 3.6851, time 2719.18ms, mfu 63.70%
iter 75230: loss 3.7153, time 2717.48ms, mfu 63.76%
iter 75240: loss 3.7522, time 2720.05ms, mfu 63.81%
iter 75250: loss 3.6920, time 2716.67ms, mfu 63.86%
iter 75260: loss 3.6704, time 2718.77ms, mfu 63.90%
iter 75270: loss 3.8182, time 2718.90ms, mfu 63.93%
iter 75280: loss 3.7074, time 2718.59ms, mfu 63.97%
iter 75290: loss 3.7687, time 2721.31ms, mfu 63.99%
iter 75300: loss 3.7123, time 2718.18ms, mfu 64.02%
iter 75310: loss 3.7694, time 2722.04ms, mfu 64.04%
iter 75320: loss 3.5963, time 2719.32ms, mfu 64.06%
iter 75330: loss 3.7059, time 2716.87ms, mfu 64.08%
iter 75340: loss 3.6788, time 2718.66ms, mfu 64.10%
iter 75350: loss 3.7308, time 2716.68ms, mfu 64.12%
iter 75360: loss 3.7309, time 2718.10ms, mfu 64.14%
iter 75370: loss 3.7677, time 2719.87ms, mfu 64.15%
iter 75380: loss 3.7184, time 2716.70ms, mfu 64.16%
iter 75390: loss 3.8040, time 2723.61ms, mfu 64.16%
iter 75400: loss 3.6997, time 2718.07ms, mfu 64.17%
iter 75410: loss 3.7347, time 2715.72ms, mfu 64.19%
iter 75420: loss 3.7389, time 2719.10ms, mfu 64.20%
iter 75430: loss 3.6734, time 2723.10ms, mfu 64.19%
iter 75440: loss 3.7218, time 2719.02ms, mfu 64.20%
iter 75450: loss 3.7092, time 2715.85ms, mfu 64.21%
iter 75460: loss 3.7046, time 2714.66ms, mfu 64.23%
iter 75470: loss 3.7899, time 2714.57ms, mfu 64.24%
iter 75480: loss 3.6467, time 2715.14ms, mfu 64.25%
iter 75490: loss 3.6760, time 2716.18ms, mfu 64.26%
iter 75500: loss 3.7297, time 2716.67ms, mfu 64.26%
iter 75510: loss 3.6506, time 2717.87ms, mfu 64.27%
iter 75520: loss 3.7557, time 2713.40ms, mfu 64.28%
iter 75530: loss 3.7484, time 2714.47ms, mfu 64.29%
iter 75540: loss 3.7774, time 2719.91ms, mfu 64.28%
iter 75550: loss 3.7451, time 2716.89ms, mfu 64.28%
iter 75560: loss 3.7197, time 2721.93ms, mfu 64.27%
iter 75570: loss 3.6964, time 2716.21ms, mfu 64.28%
iter 75580: loss 3.7332, time 2719.42ms, mfu 64.28%
iter 75590: loss 3.7516, time 2718.94ms, mfu 64.27%
iter 75600: loss 3.8514, time 2713.73ms, mfu 64.29%
iter 75610: loss 3.6787, time 2711.86ms, mfu 64.30%
iter 75620: loss 3.6684, time 2717.79ms, mfu 64.30%
iter 75630: loss 3.8207, time 2714.81ms, mfu 64.30%
iter 75640: loss 3.8635, time 2721.28ms, mfu 64.29%
iter 75650: loss 3.7148, time 2718.91ms, mfu 64.29%
iter 75660: loss 3.7197, time 2713.60ms, mfu 64.30%
iter 75670: loss 3.7139, time 2719.77ms, mfu 64.29%
iter 75680: loss 3.6984, time 2716.96ms, mfu 64.29%
iter 75690: loss 3.6681, time 2717.72ms, mfu 64.29%
iter 75700: loss 3.7891, time 2718.02ms, mfu 64.29%
iter 75710: loss 3.7381, time 2717.58ms, mfu 64.29%
iter 75720: loss 3.6676, time 2719.89ms, mfu 64.29%
iter 75730: loss 3.6237, time 2717.80ms, mfu 64.29%
iter 75740: loss 3.6593, time 2714.39ms, mfu 64.29%
iter 75750: loss 3.7523, time 2720.42ms, mfu 64.29%
iter 75760: loss 3.6797, time 2720.72ms, mfu 64.28%
iter 75770: loss 3.7355, time 2716.15ms, mfu 64.28%
iter 75780: loss 3.7172, time 2716.54ms, mfu 64.29%
iter 75790: loss 3.7224, time 2719.22ms, mfu 64.28%
iter 75800: loss 3.7779, time 2719.92ms, mfu 64.28%
iter 75810: loss 3.7030, time 2718.63ms, mfu 64.28%
iter 75820: loss 3.6428, time 2719.89ms, mfu 64.27%
iter 75830: loss 3.7791, time 2719.86ms, mfu 64.27%
iter 75840: loss 3.6757, time 2713.75ms, mfu 64.28%
iter 75850: loss 3.7768, time 2718.93ms, mfu 64.28%
iter 75860: loss 3.6531, time 2724.79ms, mfu 64.26%
iter 75870: loss 3.7160, time 2716.11ms, mfu 64.27%
iter 75880: loss 3.7983, time 2720.68ms, mfu 64.26%
iter 75890: loss 3.8038, time 2720.38ms, mfu 64.26%
iter 75900: loss 3.7144, time 2721.09ms, mfu 64.25%
iter 75910: loss 3.7210, time 2720.24ms, mfu 64.25%
iter 75920: loss 3.7053, time 2719.04ms, mfu 64.25%
iter 75930: loss 3.7169, time 2719.03ms, mfu 64.25%
iter 75940: loss 3.6100, time 2717.01ms, mfu 64.26%
iter 75950: loss 3.7160, time 2718.28ms, mfu 64.26%
iter 75960: loss 3.7833, time 2719.16ms, mfu 64.26%
iter 75970: loss 3.6706, time 2713.70ms, mfu 64.27%
iter 75980: loss 3.6826, time 2718.14ms, mfu 64.27%
iter 75990: loss 3.7303, time 2715.48ms, mfu 64.28%
step 76000: train loss 3.5696, val loss 3.5737
saving checkpoint to /net/scratch2/junyuren/nanoGPT-manifold/out-openwebtext-baseline
iter 76000: loss 3.6321, time 18850.19ms, mfu 58.78%
iter 76010: loss 3.7292, time 2713.70ms, mfu 59.34%
iter 76020: loss 3.7641, time 2724.53ms, mfu 59.82%
iter 76030: loss 3.7595, time 2723.86ms, mfu 60.25%
iter 76040: loss 3.7039, time 2722.68ms, mfu 60.64%
iter 76050: loss 3.6556, time 2728.36ms, mfu 60.98%
iter 76060: loss 3.7077, time 2721.23ms, mfu 61.30%
iter 76070: loss 3.8131, time 2717.36ms, mfu 61.60%
iter 76080: loss 3.8945, time 2722.62ms, mfu 61.86%
iter 76090: loss 3.7348, time 2721.55ms, mfu 62.09%
iter 76100: loss 3.6704, time 2721.32ms, mfu 62.30%
iter 76110: loss 3.7320, time 2720.57ms, mfu 62.50%
iter 76120: loss 3.6665, time 2720.38ms, mfu 62.67%
iter 76130: loss 3.7634, time 2719.75ms, mfu 62.83%
iter 76140: loss 3.7215, time 2719.62ms, mfu 62.97%
iter 76150: loss 3.6530, time 2720.22ms, mfu 63.09%
iter 76160: loss 3.6867, time 2727.90ms, mfu 63.19%
iter 76170: loss 3.7589, time 2717.86ms, mfu 63.30%
iter 76180: loss 3.6510, time 2719.50ms, mfu 63.39%
iter 76190: loss 3.7373, time 2722.46ms, mfu 63.47%
iter 76200: loss 3.6902, time 2720.26ms, mfu 63.55%
iter 76210: loss 3.7084, time 2724.72ms, mfu 63.60%
iter 76220: loss 3.7466, time 2720.26ms, mfu 63.67%
iter 76230: loss 3.6609, time 2724.89ms, mfu 63.71%
iter 76240: loss 3.6918, time 2720.17ms, mfu 63.76%
iter 76250: loss 3.6386, time 2722.32ms, mfu 63.81%
iter 76260: loss 3.6853, time 2719.29ms, mfu 63.85%
iter 76270: loss 3.7186, time 2719.21ms, mfu 63.89%
iter 76280: loss 3.7205, time 2721.20ms, mfu 63.92%
iter 76290: loss 3.6459, time 2721.84ms, mfu 63.95%
iter 76300: loss 3.7301, time 2723.78ms, mfu 63.97%
iter 76310: loss 3.6976, time 2722.09ms, mfu 63.99%
iter 76320: loss 3.7614, time 2720.34ms, mfu 64.01%
iter 76330: loss 3.6342, time 2723.44ms, mfu 64.03%
iter 76340: loss 3.7208, time 2723.86ms, mfu 64.04%
iter 76350: loss 3.6627, time 2721.37ms, mfu 64.05%
iter 76360: loss 3.6976, time 2720.34ms, mfu 64.07%
iter 76370: loss 3.6187, time 2719.14ms, mfu 64.09%
iter 76380: loss 3.7653, time 2722.15ms, mfu 64.10%
iter 76390: loss 3.7338, time 2723.40ms, mfu 64.10%
iter 76400: loss 3.6364, time 2722.71ms, mfu 64.11%
iter 76410: loss 3.6575, time 2722.17ms, mfu 64.12%
iter 76420: loss 3.7685, time 2721.20ms, mfu 64.13%
iter 76430: loss 3.7315, time 2723.44ms, mfu 64.13%
iter 76440: loss 3.7404, time 2723.64ms, mfu 64.13%
iter 76450: loss 3.6634, time 2725.02ms, mfu 64.13%
iter 76460: loss 3.7288, time 2724.16ms, mfu 64.13%
iter 76470: loss 3.7473, time 2720.51ms, mfu 64.14%
iter 76480: loss 3.7511, time 2725.96ms, mfu 64.13%
iter 76490: loss 3.7613, time 2721.59ms, mfu 64.14%
iter 76500: loss 3.7237, time 2722.89ms, mfu 64.14%
iter 76510: loss 3.6235, time 2722.56ms, mfu 64.15%
iter 76520: loss 3.7183, time 2718.87ms, mfu 64.16%
iter 76530: loss 3.6666, time 2723.55ms, mfu 64.16%
iter 76540: loss 3.7807, time 2725.69ms, mfu 64.15%
iter 76550: loss 3.7504, time 2724.40ms, mfu 64.15%
iter 76560: loss 3.7098, time 2724.99ms, mfu 64.15%
iter 76570: loss 3.7419, time 2722.91ms, mfu 64.15%
iter 76580: loss 3.8014, time 2725.33ms, mfu 64.14%
iter 76590: loss 3.8154, time 2721.47ms, mfu 64.15%
iter 76600: loss 3.7965, time 2723.59ms, mfu 64.15%
iter 76610: loss 3.7890, time 2725.97ms, mfu 64.14%
iter 76620: loss 3.7042, time 2731.00ms, mfu 64.13%
iter 76630: loss 3.7240, time 2727.85ms, mfu 64.12%
iter 76640: loss 3.7196, time 2722.90ms, mfu 64.12%
iter 76650: loss 3.7407, time 2724.03ms, mfu 64.12%
iter 76660: loss 3.7261, time 2722.94ms, mfu 64.13%
iter 76670: loss 3.6535, time 2720.74ms, mfu 64.14%
iter 76680: loss 3.7524, time 2723.11ms, mfu 64.14%
iter 76690: loss 3.7070, time 2724.60ms, mfu 64.14%
iter 76700: loss 3.6843, time 2724.46ms, mfu 64.14%
iter 76710: loss 3.7947, time 2722.67ms, mfu 64.14%
iter 76720: loss 3.6517, time 2721.70ms, mfu 64.15%
iter 76730: loss 3.7472, time 2723.76ms, mfu 64.15%
iter 76740: loss 3.7114, time 2723.50ms, mfu 64.15%
iter 76750: loss 3.7112, time 2724.06ms, mfu 64.15%
iter 76760: loss 3.6581, time 2725.37ms, mfu 64.14%
iter 76770: loss 3.6837, time 2725.33ms, mfu 64.14%
iter 76780: loss 3.7931, time 2725.12ms, mfu 64.14%
iter 76790: loss 3.7122, time 2718.63ms, mfu 64.15%
iter 76800: loss 3.6874, time 2719.57ms, mfu 64.16%
iter 76810: loss 3.7110, time 2723.89ms, mfu 64.16%
iter 76820: loss 3.7784, time 2725.00ms, mfu 64.15%
iter 76830: loss 3.6708, time 2723.41ms, mfu 64.15%
iter 76840: loss 3.7148, time 2724.43ms, mfu 64.15%
iter 76850: loss 3.5684, time 2722.09ms, mfu 64.15%
iter 76860: loss 3.7409, time 2725.32ms, mfu 64.15%
iter 76870: loss 3.7341, time 2721.54ms, mfu 64.15%
iter 76880: loss 3.7643, time 2725.18ms, mfu 64.15%
iter 76890: loss 3.6844, time 2723.91ms, mfu 64.15%
iter 76900: loss 3.7498, time 2724.51ms, mfu 64.15%
iter 76910: loss 3.7500, time 2720.21ms, mfu 64.15%
iter 76920: loss 3.6266, time 2719.30ms, mfu 64.16%
iter 76930: loss 3.7142, time 2719.80ms, mfu 64.17%
iter 76940: loss 3.6090, time 2724.88ms, mfu 64.17%
iter 76950: loss 3.7627, time 2714.81ms, mfu 64.19%
iter 76960: loss 3.7746, time 2719.56ms, mfu 64.19%
iter 76970: loss 3.7332, time 2721.43ms, mfu 64.19%
iter 76980: loss 3.6341, time 2721.08ms, mfu 64.19%
iter 76990: loss 3.7472, time 2722.88ms, mfu 64.19%
step 77000: train loss 3.5624, val loss 3.5750
saving checkpoint to /net/scratch2/junyuren/nanoGPT-manifold/out-openwebtext-baseline
iter 77000: loss 3.6955, time 19290.23ms, mfu 58.68%
iter 77010: loss 3.7759, time 2719.54ms, mfu 59.23%
iter 77020: loss 3.6823, time 2727.84ms, mfu 59.72%
iter 77030: loss 3.6970, time 2727.74ms, mfu 60.15%
iter 77040: loss 3.6741, time 2722.45ms, mfu 60.55%
iter 77050: loss 3.7216, time 2718.82ms, mfu 60.92%
iter 77060: loss 3.7399, time 2721.01ms, mfu 61.25%
iter 77070: loss 3.6689, time 2719.76ms, mfu 61.55%
iter 77080: loss 3.7468, time 2721.32ms, mfu 61.82%
iter 77090: loss 3.6935, time 2717.99ms, mfu 62.06%
iter 77100: loss 3.6861, time 2720.32ms, mfu 62.28%
iter 77110: loss 3.7579, time 2726.52ms, mfu 62.46%
iter 77120: loss 3.6503, time 2721.19ms, mfu 62.63%
iter 77130: loss 3.6826, time 2722.19ms, mfu 62.79%
iter 77140: loss 3.8119, time 2722.23ms, mfu 62.93%
iter 77150: loss 3.7404, time 2719.49ms, mfu 63.06%
iter 77160: loss 3.6736, time 2719.02ms, mfu 63.18%
iter 77170: loss 3.7565, time 2722.64ms, mfu 63.28%
iter 77180: loss 3.7586, time 2721.73ms, mfu 63.37%
iter 77190: loss 3.7413, time 2720.32ms, mfu 63.46%
iter 77200: loss 3.7189, time 2721.88ms, mfu 63.53%
iter 77210: loss 3.6175, time 2719.74ms, mfu 63.60%
iter 77220: loss 3.7499, time 2723.94ms, mfu 63.65%
iter 77230: loss 3.6707, time 2719.04ms, mfu 63.71%
iter 77240: loss 3.7506, time 2720.96ms, mfu 63.76%
iter 77250: loss 3.8296, time 2722.73ms, mfu 63.80%
iter 77260: loss 3.8153, time 2723.03ms, mfu 63.84%
iter 77270: loss 3.7356, time 2719.86ms, mfu 63.88%
iter 77280: loss 3.6468, time 2721.40ms, mfu 63.91%
iter 77290: loss 3.6073, time 2718.49ms, mfu 63.95%
iter 77300: loss 3.5986, time 2722.16ms, mfu 63.97%
iter 77310: loss 3.6590, time 2720.37ms, mfu 64.00%
iter 77320: loss 3.5776, time 2724.08ms, mfu 64.01%
iter 77330: loss 3.7014, time 2722.10ms, mfu 64.03%
iter 77340: loss 3.7275, time 2719.41ms, mfu 64.05%
iter 77350: loss 3.7329, time 2720.93ms, mfu 64.07%
iter 77360: loss 3.7265, time 2721.42ms, mfu 64.08%
iter 77370: loss 3.7832, time 2722.11ms, mfu 64.09%
iter 77380: loss 3.6835, time 2723.92ms, mfu 64.09%
iter 77390: loss 3.7685, time 2721.00ms, mfu 64.11%
iter 77400: loss 3.6868, time 2722.29ms, mfu 64.11%
iter 77410: loss 3.6684, time 2722.87ms, mfu 64.12%
iter 77420: loss 3.7066, time 2720.27ms, mfu 64.13%
iter 77430: loss 3.7311, time 2721.74ms, mfu 64.14%
iter 77440: loss 3.7406, time 2719.34ms, mfu 64.15%
iter 77450: loss 3.6600, time 2724.40ms, mfu 64.15%
iter 77460: loss 3.8368, time 2720.67ms, mfu 64.15%
iter 77470: loss 3.7895, time 2720.79ms, mfu 64.16%
iter 77480: loss 3.7077, time 2719.50ms, mfu 64.17%
iter 77490: loss 3.7625, time 2728.37ms, mfu 64.15%
iter 77500: loss 3.7377, time 2725.54ms, mfu 64.15%
iter 77510: loss 3.7084, time 2722.90ms, mfu 64.15%
iter 77520: loss 3.6786, time 2724.03ms, mfu 64.15%
iter 77530: loss 3.7390, time 2721.22ms, mfu 64.16%
iter 77540: loss 3.6582, time 2724.01ms, mfu 64.15%
iter 77550: loss 3.7678, time 2721.61ms, mfu 64.16%
iter 77560: loss 3.7408, time 2718.48ms, mfu 64.17%
iter 77570: loss 3.7005, time 2725.28ms, mfu 64.16%
iter 77580: loss 3.6890, time 2723.76ms, mfu 64.16%
iter 77590: loss 3.6809, time 2717.17ms, mfu 64.17%
iter 77600: loss 3.7938, time 2719.76ms, mfu 64.18%
iter 77610: loss 3.6594, time 2720.38ms, mfu 64.19%
iter 77620: loss 3.6629, time 2720.79ms, mfu 64.19%
iter 77630: loss 3.6675, time 2715.86ms, mfu 64.20%
iter 77640: loss 3.6902, time 2719.87ms, mfu 64.21%
iter 77650: loss 3.7254, time 2721.46ms, mfu 64.21%
iter 77660: loss 3.6877, time 2719.27ms, mfu 64.21%
iter 77670: loss 3.6963, time 2717.62ms, mfu 64.22%
iter 77680: loss 3.6730, time 2718.89ms, mfu 64.22%
iter 77690: loss 3.6770, time 2723.21ms, mfu 64.22%
iter 77700: loss 3.7669, time 2723.83ms, mfu 64.21%
iter 77710: loss 3.7125, time 2719.36ms, mfu 64.21%
iter 77720: loss 3.6372, time 2725.14ms, mfu 64.20%
iter 77730: loss 3.6973, time 2724.12ms, mfu 64.20%
iter 77740: loss 3.7726, time 2723.10ms, mfu 64.19%
iter 77750: loss 3.7353, time 2722.87ms, mfu 64.19%
iter 77760: loss 3.7830, time 2721.23ms, mfu 64.19%
iter 77770: loss 3.6507, time 2721.76ms, mfu 64.19%
iter 77780: loss 3.6544, time 2723.36ms, mfu 64.19%
iter 77790: loss 3.7627, time 2719.54ms, mfu 64.19%
iter 77800: loss 3.7082, time 2723.60ms, mfu 64.19%
iter 77810: loss 3.7021, time 2719.37ms, mfu 64.19%
iter 77820: loss 3.7868, time 2724.90ms, mfu 64.19%
iter 77830: loss 3.6317, time 2721.00ms, mfu 64.19%
iter 77840: loss 3.7670, time 2724.44ms, mfu 64.18%
iter 77850: loss 3.7289, time 2721.74ms, mfu 64.18%
iter 77860: loss 3.7529, time 2719.80ms, mfu 64.19%
iter 77870: loss 3.8019, time 2720.89ms, mfu 64.19%
iter 77880: loss 3.6744, time 2720.35ms, mfu 64.20%
iter 77890: loss 3.8889, time 2719.48ms, mfu 64.20%
iter 77900: loss 3.7645, time 2718.86ms, mfu 64.21%
iter 77910: loss 3.7561, time 2718.37ms, mfu 64.21%
iter 77920: loss 3.7702, time 2716.47ms, mfu 64.22%
iter 77930: loss 3.7285, time 2719.83ms, mfu 64.22%
iter 77940: loss 3.7481, time 2724.81ms, mfu 64.21%
iter 77950: loss 3.7114, time 2721.12ms, mfu 64.21%
iter 77960: loss 3.7704, time 2720.44ms, mfu 64.21%
iter 77970: loss 3.7196, time 2720.83ms, mfu 64.21%
iter 77980: loss 3.6569, time 2721.86ms, mfu 64.21%
iter 77990: loss 3.6393, time 2720.84ms, mfu 64.21%
step 78000: train loss 3.5600, val loss 3.5698
saving checkpoint to /net/scratch2/junyuren/nanoGPT-manifold/out-openwebtext-baseline
iter 78000: loss 3.6542, time 19299.88ms, mfu 58.70%
iter 78010: loss 3.7759, time 2720.93ms, mfu 59.25%
iter 78020: loss 3.7009, time 2725.91ms, mfu 59.73%
iter 78030: loss 3.6620, time 2723.86ms, mfu 60.17%
iter 78040: loss 3.7364, time 2728.42ms, mfu 60.56%
iter 78050: loss 3.7580, time 2726.83ms, mfu 60.91%
iter 78060: loss 3.7101, time 2724.02ms, mfu 61.23%
iter 78070: loss 3.6666, time 2728.30ms, mfu 61.51%
iter 78080: loss 3.7604, time 2725.14ms, mfu 61.77%
iter 78090: loss 3.7269, time 2725.72ms, mfu 62.01%
iter 78100: loss 3.7743, time 2723.94ms, mfu 62.22%
iter 78110: loss 3.6254, time 2725.36ms, mfu 62.41%
iter 78120: loss 3.7178, time 2722.95ms, mfu 62.58%
iter 78130: loss 3.7370, time 2722.40ms, mfu 62.74%
iter 78140: loss 3.7160, time 2724.48ms, mfu 62.88%
iter 78150: loss 3.7431, time 2725.96ms, mfu 63.00%
iter 78160: loss 3.7559, time 2725.58ms, mfu 63.11%
iter 78170: loss 3.7090, time 2725.53ms, mfu 63.21%
iter 78180: loss 3.7658, time 2726.94ms, mfu 63.30%
iter 78190: loss 3.6983, time 2723.79ms, mfu 63.38%
iter 78200: loss 3.7830, time 2726.52ms, mfu 63.45%
iter 78210: loss 3.6360, time 2722.56ms, mfu 63.52%
iter 78220: loss 3.7725, time 2726.62ms, mfu 63.58%
iter 78230: loss 3.7927, time 2723.96ms, mfu 63.64%
iter 78240: loss 3.7405, time 2723.10ms, mfu 63.69%
iter 78250: loss 3.7382, time 2723.31ms, mfu 63.73%
iter 78260: loss 3.6725, time 2728.50ms, mfu 63.76%
iter 78270: loss 3.6373, time 2722.92ms, mfu 63.80%
iter 78280: loss 3.6743, time 2725.64ms, mfu 63.83%
iter 78290: loss 3.6923, time 2725.35ms, mfu 63.86%
iter 78300: loss 3.7132, time 2727.70ms, mfu 63.88%
iter 78310: loss 3.7395, time 2723.20ms, mfu 63.91%
iter 78320: loss 3.6792, time 2723.55ms, mfu 63.93%
iter 78330: loss 3.7909, time 2725.23ms, mfu 63.95%
iter 78340: loss 3.7492, time 2723.92ms, mfu 63.97%
iter 78350: loss 3.7154, time 2725.14ms, mfu 63.98%
iter 78360: loss 3.7383, time 2727.68ms, mfu 63.99%
iter 78370: loss 3.7572, time 2722.55ms, mfu 64.01%
iter 78380: loss 3.7024, time 2721.03ms, mfu 64.03%
iter 78390: loss 3.7397, time 2726.43ms, mfu 64.03%
iter 78400: loss 3.7360, time 2726.29ms, mfu 64.04%
iter 78410: loss 3.7687, time 2723.36ms, mfu 64.05%
iter 78420: loss 3.7823, time 2720.46ms, mfu 64.07%
iter 78430: loss 3.6686, time 2719.44ms, mfu 64.09%
iter 78440: loss 3.6711, time 2719.98ms, mfu 64.10%
iter 78450: loss 3.7004, time 2720.80ms, mfu 64.11%
iter 78460: loss 3.6948, time 2725.76ms, mfu 64.11%
iter 78470: loss 3.6335, time 2725.21ms, mfu 64.11%
iter 78480: loss 3.7268, time 2728.06ms, mfu 64.10%
iter 78490: loss 3.6585, time 2726.07ms, mfu 64.10%
iter 78500: loss 3.6791, time 2723.74ms, mfu 64.11%
iter 78510: loss 3.7024, time 2726.02ms, mfu 64.11%
iter 78520: loss 3.7629, time 2725.33ms, mfu 64.11%
iter 78530: loss 3.6598, time 2723.01ms, mfu 64.11%
iter 78540: loss 3.7233, time 2729.56ms, mfu 64.10%
iter 78550: loss 3.7524, time 2722.45ms, mfu 64.11%
iter 78560: loss 3.6955, time 2720.39ms, mfu 64.12%
iter 78570: loss 3.6682, time 2721.43ms, mfu 64.13%
iter 78580: loss 3.7218, time 2723.38ms, mfu 64.13%
iter 78590: loss 3.7415, time 2729.30ms, mfu 64.12%
iter 78600: loss 3.7191, time 2719.34ms, mfu 64.13%
iter 78610: loss 3.6507, time 2719.79ms, mfu 64.14%
iter 78620: loss 3.7649, time 2725.60ms, mfu 64.14%
iter 78630: loss 3.7277, time 2724.29ms, mfu 64.14%
iter 78640: loss 3.7807, time 2728.64ms, mfu 64.13%
iter 78650: loss 3.7634, time 2723.59ms, mfu 64.13%
iter 78660: loss 3.7952, time 2724.22ms, mfu 64.13%
iter 78670: loss 3.7193, time 2724.68ms, mfu 64.13%
iter 78680: loss 3.7794, time 2720.60ms, mfu 64.14%
iter 78690: loss 3.7250, time 2726.90ms, mfu 64.13%
iter 78700: loss 3.6047, time 2722.27ms, mfu 64.14%
iter 78710: loss 3.7454, time 2724.76ms, mfu 64.13%
iter 78720: loss 3.6877, time 2726.42ms, mfu 64.13%
iter 78730: loss 3.7894, time 2724.80ms, mfu 64.13%
iter 78740: loss 3.6825, time 2726.11ms, mfu 64.12%
iter 78750: loss 3.6970, time 2726.06ms, mfu 64.12%
iter 78760: loss 3.6397, time 2722.36ms, mfu 64.13%
iter 78770: loss 3.7262, time 2720.01ms, mfu 64.14%
iter 78780: loss 3.6843, time 2723.73ms, mfu 64.14%
iter 78790: loss 3.7051, time 2725.36ms, mfu 64.14%
iter 78800: loss 3.6972, time 2724.46ms, mfu 64.13%
iter 78810: loss 3.7334, time 2721.87ms, mfu 64.14%
iter 78820: loss 3.6361, time 2721.16ms, mfu 64.15%
iter 78830: loss 3.7618, time 2723.47ms, mfu 64.15%
iter 78840: loss 3.7990, time 2723.45ms, mfu 64.15%
iter 78850: loss 3.6625, time 2723.78ms, mfu 64.15%
iter 78860: loss 3.7113, time 2722.48ms, mfu 64.15%
iter 78870: loss 3.7434, time 2726.80ms, mfu 64.14%
iter 78880: loss 3.7277, time 2724.87ms, mfu 64.14%
iter 78890: loss 3.7742, time 2726.88ms, mfu 64.13%
iter 78900: loss 3.6892, time 2720.21ms, mfu 64.14%
iter 78910: loss 3.6929, time 2726.79ms, mfu 64.14%
iter 78920: loss 3.6592, time 2722.55ms, mfu 64.14%
iter 78930: loss 3.6414, time 2723.36ms, mfu 64.14%
iter 78940: loss 3.6498, time 2720.10ms, mfu 64.15%
iter 78950: loss 3.6851, time 2720.16ms, mfu 64.16%
iter 78960: loss 3.6712, time 2724.19ms, mfu 64.16%
iter 78970: loss 3.7432, time 2726.74ms, mfu 64.15%
iter 78980: loss 3.7087, time 2724.97ms, mfu 64.14%
iter 78990: loss 3.7532, time 2724.61ms, mfu 64.14%
step 79000: train loss 3.5616, val loss 3.5705
saving checkpoint to /net/scratch2/junyuren/nanoGPT-manifold/out-openwebtext-baseline
iter 79000: loss 3.7876, time 19213.53ms, mfu 58.64%
iter 79010: loss 3.6770, time 2723.19ms, mfu 59.19%
iter 79020: loss 3.7828, time 2728.85ms, mfu 59.67%
iter 79030: loss 3.7474, time 2728.20ms, mfu 60.11%
iter 79040: loss 3.7045, time 2725.96ms, mfu 60.51%
iter 79050: loss 3.6937, time 2726.46ms, mfu 60.87%
iter 79060: loss 3.6790, time 2721.41ms, mfu 61.20%
iter 79070: loss 3.6899, time 2722.59ms, mfu 61.50%
iter 79080: loss 3.7252, time 2723.98ms, mfu 61.76%
iter 79090: loss 3.6601, time 2719.86ms, mfu 62.01%
iter 79100: loss 3.7475, time 2725.32ms, mfu 62.22%
iter 79110: loss 3.7579, time 2723.10ms, mfu 62.41%
iter 79120: loss 3.7478, time 2726.02ms, mfu 62.58%
iter 79130: loss 3.7255, time 2722.37ms, mfu 62.74%
iter 79140: loss 3.6808, time 2720.91ms, mfu 62.89%
iter 79150: loss 3.6390, time 2719.56ms, mfu 63.02%
iter 79160: loss 3.7920, time 2722.70ms, mfu 63.14%
iter 79170: loss 3.7280, time 2721.31ms, mfu 63.24%
iter 79180: loss 3.7695, time 2726.06ms, mfu 63.33%
iter 79190: loss 3.6758, time 2718.77ms, mfu 63.42%
iter 79200: loss 3.7325, time 2721.35ms, mfu 63.50%
iter 79210: loss 3.7170, time 2722.75ms, mfu 63.57%
iter 79220: loss 3.6773, time 2723.27ms, mfu 63.63%
iter 79230: loss 3.7075, time 2723.11ms, mfu 63.68%
iter 79240: loss 3.6793, time 2718.92ms, mfu 63.74%
iter 79250: loss 3.7438, time 2721.09ms, mfu 63.78%
iter 79260: loss 3.6365, time 2724.01ms, mfu 63.82%
iter 79270: loss 3.7546, time 2723.32ms, mfu 63.85%
iter 79280: loss 3.7805, time 2723.37ms, mfu 63.88%
iter 79290: loss 3.8102, time 2721.28ms, mfu 63.92%
iter 79300: loss 3.6906, time 2723.16ms, mfu 63.94%
iter 79310: loss 3.6989, time 2721.58ms, mfu 63.97%
iter 79320: loss 3.7377, time 2721.51ms, mfu 63.99%
iter 79330: loss 3.7754, time 2721.87ms, mfu 64.01%
iter 79340: loss 3.6805, time 2721.63ms, mfu 64.03%
iter 79350: loss 3.7706, time 2721.62ms, mfu 64.04%
iter 79360: loss 3.6249, time 2721.83ms, mfu 64.06%
iter 79370: loss 3.6632, time 2725.95ms, mfu 64.06%
iter 79380: loss 3.6698, time 2725.61ms, mfu 64.07%
iter 79390: loss 3.7419, time 2719.81ms, mfu 64.08%
iter 79400: loss 3.6771, time 2724.00ms, mfu 64.09%
iter 79410: loss 3.7017, time 2724.85ms, mfu 64.09%
iter 79420: loss 3.7154, time 2723.29ms, mfu 64.10%
iter 79430: loss 3.6582, time 2718.88ms, mfu 64.11%
iter 79440: loss 3.8029, time 2727.05ms, mfu 64.11%
iter 79450: loss 3.7578, time 2720.58ms, mfu 64.12%
iter 79460: loss 3.7123, time 2724.20ms, mfu 64.12%
iter 79470: loss 3.7036, time 2720.81ms, mfu 64.13%
iter 79480: loss 3.7866, time 2720.26ms, mfu 64.14%
iter 79490: loss 3.6075, time 2722.52ms, mfu 64.14%
iter 79500: loss 3.6546, time 2722.77ms, mfu 64.15%
iter 79510: loss 3.7015, time 2719.35ms, mfu 64.16%
iter 79520: loss 3.6468, time 2720.92ms, mfu 64.16%
iter 79530: loss 3.7250, time 2724.09ms, mfu 64.16%
iter 79540: loss 3.7652, time 2719.37ms, mfu 64.17%
iter 79550: loss 3.6753, time 2725.17ms, mfu 64.16%
iter 79560: loss 3.7118, time 2728.24ms, mfu 64.15%
iter 79570: loss 3.7111, time 2725.90ms, mfu 64.14%
iter 79580: loss 3.6721, time 2720.67ms, mfu 64.15%
iter 79590: loss 3.6576, time 2721.62ms, mfu 64.16%
iter 79600: loss 3.7177, time 2724.55ms, mfu 64.15%
iter 79610: loss 3.7375, time 2724.40ms, mfu 64.15%
iter 79620: loss 3.7354, time 2721.17ms, mfu 64.16%
iter 79630: loss 3.7340, time 2727.65ms, mfu 64.15%
iter 79640: loss 3.5726, time 2748.54ms, mfu 64.09%
iter 79650: loss 3.7478, time 2724.29ms, mfu 64.09%
iter 79660: loss 3.7131, time 2722.34ms, mfu 64.10%
iter 79670: loss 3.7512, time 2722.89ms, mfu 64.11%
iter 79680: loss 3.7016, time 2721.51ms, mfu 64.12%
iter 79690: loss 3.6270, time 2728.03ms, mfu 64.11%
iter 79700: loss 3.6972, time 2726.69ms, mfu 64.11%
iter 79710: loss 3.7015, time 2723.76ms, mfu 64.11%
iter 79720: loss 3.6943, time 2729.99ms, mfu 64.10%
iter 79730: loss 3.7299, time 2730.66ms, mfu 64.09%
iter 79740: loss 3.7507, time 2723.74ms, mfu 64.09%
iter 79750: loss 3.6691, time 2722.17ms, mfu 64.10%
iter 79760: loss 3.8047, time 2726.22ms, mfu 64.10%
iter 79770: loss 3.6882, time 2725.19ms, mfu 64.10%
iter 79780: loss 3.6376, time 2725.53ms, mfu 64.10%
iter 79790: loss 3.6823, time 2728.31ms, mfu 64.10%
iter 79800: loss 3.6786, time 2724.04ms, mfu 64.10%
iter 79810: loss 3.7112, time 2724.49ms, mfu 64.10%
iter 79820: loss 3.7277, time 2725.25ms, mfu 64.10%
iter 79830: loss 3.7269, time 2719.71ms, mfu 64.12%
iter 79840: loss 3.7880, time 2725.78ms, mfu 64.11%
iter 79850: loss 3.7720, time 2729.00ms, mfu 64.11%
iter 79860: loss 3.6419, time 2724.64ms, mfu 64.11%
iter 79870: loss 3.7389, time 2728.58ms, mfu 64.10%
iter 79880: loss 3.7252, time 2727.23ms, mfu 64.10%
iter 79890: loss 3.7428, time 2725.92ms, mfu 64.10%
iter 79900: loss 3.8118, time 2723.58ms, mfu 64.10%
iter 79910: loss 3.6769, time 2725.13ms, mfu 64.10%
iter 79920: loss 3.6649, time 2728.42ms, mfu 64.10%
iter 79930: loss 3.8225, time 2726.33ms, mfu 64.09%
iter 79940: loss 3.7525, time 2725.76ms, mfu 64.09%
iter 79950: loss 3.6762, time 2724.90ms, mfu 64.10%
iter 79960: loss 3.7731, time 2730.87ms, mfu 64.09%
iter 79970: loss 3.7907, time 2727.27ms, mfu 64.08%
iter 79980: loss 3.7709, time 2726.16ms, mfu 64.08%
iter 79990: loss 3.7063, time 2725.80ms, mfu 64.08%
step 80000: train loss 3.5649, val loss 3.5713
saving checkpoint to /net/scratch2/junyuren/nanoGPT-manifold/out-openwebtext-baseline
iter 80000: loss 3.7392, time 19653.33ms, mfu 58.57%
iter 80010: loss 3.6432, time 2722.70ms, mfu 59.13%
iter 80020: loss 3.7499, time 2733.53ms, mfu 59.60%
iter 80030: loss 3.6423, time 2725.69ms, mfu 60.05%
iter 80040: loss 3.7211, time 2727.43ms, mfu 60.45%
iter 80050: loss 3.5995, time 2725.03ms, mfu 60.82%
iter 80060: loss 3.7568, time 2724.97ms, mfu 61.15%
iter 80070: loss 3.6668, time 2731.22ms, mfu 61.43%
iter 80080: loss 3.5620, time 2727.99ms, mfu 61.69%
iter 80090: loss 3.7029, time 2726.81ms, mfu 61.93%
iter 80100: loss 3.7211, time 2725.85ms, mfu 62.15%
iter 80110: loss 3.6650, time 2724.92ms, mfu 62.34%
iter 80120: loss 3.6963, time 2727.12ms, mfu 62.52%
iter 80130: loss 3.6491, time 2730.42ms, mfu 62.66%
iter 80140: loss 3.7436, time 2729.71ms, mfu 62.80%
iter 80150: loss 3.7152, time 2728.72ms, mfu 62.92%
iter 80160: loss 3.6463, time 2731.45ms, mfu 63.03%
iter 80170: loss 3.7982, time 2724.86ms, mfu 63.13%
iter 80180: loss 3.6978, time 2727.12ms, mfu 63.23%
iter 80190: loss 3.7380, time 2726.12ms, mfu 63.31%
iter 80200: loss 3.7448, time 2726.73ms, mfu 63.39%
iter 80210: loss 3.7721, time 2736.67ms, mfu 63.44%
iter 80220: loss 3.6458, time 2725.02ms, mfu 63.50%
iter 80230: loss 3.6912, time 2731.96ms, mfu 63.55%
iter 80240: loss 3.6959, time 2723.59ms, mfu 63.61%
iter 80250: loss 3.7044, time 2731.89ms, mfu 63.64%
iter 80260: loss 3.7613, time 2733.58ms, mfu 63.67%
iter 80270: loss 3.7653, time 2733.40ms, mfu 63.69%
iter 80280: loss 3.6258, time 2730.64ms, mfu 63.72%
iter 80290: loss 3.7563, time 2733.24ms, mfu 63.74%
iter 80300: loss 3.6891, time 2734.51ms, mfu 63.76%
iter 80310: loss 3.6836, time 2727.94ms, mfu 63.79%
iter 80320: loss 3.7748, time 2729.08ms, mfu 63.81%
iter 80330: loss 3.6774, time 2729.72ms, mfu 63.83%
iter 80340: loss 3.6843, time 2728.86ms, mfu 63.85%
iter 80350: loss 3.6963, time 2733.97ms, mfu 63.85%
iter 80360: loss 3.6172, time 2727.65ms, mfu 63.87%
iter 80370: loss 3.6861, time 2728.36ms, mfu 63.89%
iter 80380: loss 3.6954, time 2730.46ms, mfu 63.90%
iter 80390: loss 3.6790, time 2728.27ms, mfu 63.91%
iter 80400: loss 3.7070, time 2727.85ms, mfu 63.93%
iter 80410: loss 3.7490, time 2729.03ms, mfu 63.94%
iter 80420: loss 3.6804, time 2724.99ms, mfu 63.95%
iter 80430: loss 3.6772, time 2728.69ms, mfu 63.96%
iter 80440: loss 3.7366, time 2727.76ms, mfu 63.97%
iter 80450: loss 3.7274, time 2731.93ms, mfu 63.97%
iter 80460: loss 3.6841, time 2728.25ms, mfu 63.98%
iter 80470: loss 3.6930, time 2725.61ms, mfu 63.99%
iter 80480: loss 3.7343, time 2724.96ms, mfu 64.00%
iter 80490: loss 3.7219, time 2725.71ms, mfu 64.01%
iter 80500: loss 3.5831, time 2725.80ms, mfu 64.02%
iter 80510: loss 3.7433, time 2730.13ms, mfu 64.02%
iter 80520: loss 3.7668, time 2725.45ms, mfu 64.03%
iter 80530: loss 3.7663, time 2726.66ms, mfu 64.03%
iter 80540: loss 3.7304, time 2727.87ms, mfu 64.03%
iter 80550: loss 3.7378, time 2724.38ms, mfu 64.04%
iter 80560: loss 3.7100, time 2725.61ms, mfu 64.05%
iter 80570: loss 3.6821, time 2724.12ms, mfu 64.06%
iter 80580: loss 3.6314, time 2727.73ms, mfu 64.06%
iter 80590: loss 3.7568, time 2729.14ms, mfu 64.05%
iter 80600: loss 3.7509, time 2725.93ms, mfu 64.06%
iter 80610: loss 3.7875, time 2722.88ms, mfu 64.07%
iter 80620: loss 3.6875, time 2726.21ms, mfu 64.07%
iter 80630: loss 3.6708, time 2726.32ms, mfu 64.07%
iter 80640: loss 3.7400, time 2723.28ms, mfu 64.08%
iter 80650: loss 3.8018, time 2727.82ms, mfu 64.08%
iter 80660: loss 3.7633, time 2723.34ms, mfu 64.08%
iter 80670: loss 3.7790, time 2725.25ms, mfu 64.09%
iter 80680: loss 3.7233, time 2727.06ms, mfu 64.08%
iter 80690: loss 3.7591, time 2724.28ms, mfu 64.09%
iter 80700: loss 3.7224, time 2727.49ms, mfu 64.09%
iter 80710: loss 3.5947, time 2729.95ms, mfu 64.08%
iter 80720: loss 3.7579, time 2727.22ms, mfu 64.08%
iter 80730: loss 3.7687, time 2731.18ms, mfu 64.07%
iter 80740: loss 3.7093, time 2722.47ms, mfu 64.08%
iter 80750: loss 3.7200, time 2729.72ms, mfu 64.07%
iter 80760: loss 3.7866, time 2729.78ms, mfu 64.06%
iter 80770: loss 3.7329, time 2734.56ms, mfu 64.05%
iter 80780: loss 3.7002, time 2731.39ms, mfu 64.04%
iter 80790: loss 3.8178, time 2726.63ms, mfu 64.04%
iter 80800: loss 3.6793, time 2728.77ms, mfu 64.04%
iter 80810: loss 3.7679, time 2730.83ms, mfu 64.03%
iter 80820: loss 3.7037, time 2920.89ms, mfu 63.61%
iter 80830: loss 3.5864, time 2731.80ms, mfu 63.65%
iter 80840: loss 3.6789, time 2731.70ms, mfu 63.68%
iter 80850: loss 3.6590, time 2733.61ms, mfu 63.70%
iter 80860: loss 3.7527, time 2731.04ms, mfu 63.73%
iter 80870: loss 3.7100, time 2726.87ms, mfu 63.76%
iter 80880: loss 3.7322, time 2732.75ms, mfu 63.78%
iter 80890: loss 3.7423, time 2725.13ms, mfu 63.81%
iter 80900: loss 3.6713, time 2723.78ms, mfu 63.85%
iter 80910: loss 3.7483, time 2726.66ms, mfu 63.87%
iter 80920: loss 3.7441, time 2727.15ms, mfu 63.89%
iter 80930: loss 3.7680, time 2725.82ms, mfu 63.91%
iter 80940: loss 3.6347, time 2724.92ms, mfu 63.93%
iter 80950: loss 3.7640, time 2724.98ms, mfu 63.95%
iter 80960: loss 3.6559, time 2725.47ms, mfu 63.96%
iter 80970: loss 3.6570, time 2722.89ms, mfu 63.98%
iter 80980: loss 3.6676, time 2724.40ms, mfu 64.00%
iter 80990: loss 3.7910, time 2725.11ms, mfu 64.01%
step 81000: train loss 3.5697, val loss 3.5665
saving checkpoint to /net/scratch2/junyuren/nanoGPT-manifold/out-openwebtext-baseline
iter 81000: loss 3.7141, time 18851.95ms, mfu 58.54%
iter 81010: loss 3.7616, time 2717.61ms, mfu 59.11%
iter 81020: loss 3.6158, time 2728.95ms, mfu 59.60%
iter 81030: loss 3.7237, time 2728.61ms, mfu 60.05%
iter 81040: loss 3.7051, time 2728.27ms, mfu 60.44%
iter 81050: loss 3.7381, time 2734.82ms, mfu 60.79%
iter 81060: loss 3.7109, time 2729.58ms, mfu 61.11%
iter 81070: loss 3.7837, time 2734.53ms, mfu 61.39%
iter 81080: loss 3.7003, time 2724.66ms, mfu 61.66%
iter 81090: loss 3.5707, time 2730.85ms, mfu 61.89%
iter 81100: loss 3.6462, time 2732.06ms, mfu 62.10%
iter 81110: loss 3.7418, time 2732.01ms, mfu 62.28%
iter 81120: loss 3.7331, time 2727.58ms, mfu 62.46%
iter 81130: loss 3.7377, time 2728.45ms, mfu 62.62%
iter 81140: loss 3.8363, time 2727.68ms, mfu 62.76%
iter 81150: loss 3.7712, time 2725.11ms, mfu 62.90%
iter 81160: loss 3.7933, time 2726.18ms, mfu 63.02%
iter 81170: loss 3.7244, time 2730.37ms, mfu 63.11%
iter 81180: loss 3.6682, time 2736.01ms, mfu 63.19%
iter 81190: loss 3.7059, time 2730.59ms, mfu 63.27%
iter 81200: loss 3.7705, time 2734.22ms, mfu 63.33%
iter 81210: loss 3.7671, time 2726.03ms, mfu 63.41%
iter 81220: loss 3.6182, time 2731.18ms, mfu 63.46%
iter 81230: loss 3.7350, time 2729.11ms, mfu 63.52%
iter 81240: loss 3.7425, time 2731.63ms, mfu 63.56%
iter 81250: loss 3.6750, time 2725.47ms, mfu 63.62%
iter 81260: loss 3.7586, time 2726.93ms, mfu 63.66%
iter 81270: loss 3.6868, time 2722.99ms, mfu 63.71%
iter 81280: loss 3.7039, time 2732.17ms, mfu 63.74%
iter 81290: loss 3.6594, time 2730.83ms, mfu 63.76%
iter 81300: loss 3.7334, time 2724.81ms, mfu 63.80%
iter 81310: loss 3.7226, time 2726.63ms, mfu 63.82%
iter 81320: loss 3.6227, time 2727.37ms, mfu 63.85%
iter 81330: loss 3.7054, time 2725.04ms, mfu 63.87%
iter 81340: loss 3.7979, time 2733.72ms, mfu 63.88%
iter 81350: loss 3.7305, time 2727.25ms, mfu 63.90%
iter 81360: loss 3.7418, time 2727.43ms, mfu 63.91%
iter 81370: loss 3.6725, time 2727.96ms, mfu 63.93%
iter 81380: loss 3.7095, time 2724.67ms, mfu 63.95%
iter 81390: loss 3.7518, time 2724.69ms, mfu 63.96%
iter 81400: loss 3.7344, time 2724.99ms, mfu 63.98%
iter 81410: loss 3.6830, time 2730.53ms, mfu 63.98%
iter 81420: loss 3.7892, time 2726.42ms, mfu 63.99%
iter 81430: loss 3.7613, time 2728.77ms, mfu 63.99%
iter 81440: loss 3.7695, time 2728.63ms, mfu 64.00%
iter 81450: loss 3.6721, time 2729.40ms, mfu 64.00%
iter 81460: loss 3.7392, time 2728.66ms, mfu 64.00%
iter 81470: loss 3.6967, time 2721.79ms, mfu 64.02%
iter 81480: loss 3.7011, time 2723.93ms, mfu 64.03%
iter 81490: loss 3.7808, time 2725.76ms, mfu 64.04%
iter 81500: loss 3.6692, time 2724.57ms, mfu 64.05%
iter 81510: loss 3.6478, time 2728.08ms, mfu 64.05%
iter 81520: loss 3.6563, time 2729.32ms, mfu 64.04%
iter 81530: loss 3.7591, time 2725.42ms, mfu 64.05%
iter 81540: loss 3.6157, time 2728.22ms, mfu 64.05%
iter 81550: loss 3.7633, time 2724.67ms, mfu 64.06%
iter 81560: loss 3.7415, time 2728.53ms, mfu 64.05%
iter 81570: loss 3.7506, time 2725.63ms, mfu 64.06%
iter 81580: loss 3.7582, time 2725.10ms, mfu 64.06%
iter 81590: loss 3.6824, time 2722.10ms, mfu 64.08%
iter 81600: loss 3.6703, time 2724.67ms, mfu 64.08%
iter 81610: loss 3.7946, time 2724.85ms, mfu 64.08%
iter 81620: loss 3.7311, time 2723.68ms, mfu 64.09%
iter 81630: loss 3.7177, time 2718.53ms, mfu 64.11%
iter 81640: loss 3.7694, time 2726.02ms, mfu 64.11%
iter 81650: loss 3.7273, time 2729.49ms, mfu 64.10%
iter 81660: loss 3.8080, time 2724.94ms, mfu 64.10%
iter 81670: loss 3.7073, time 2728.96ms, mfu 64.09%
iter 81680: loss 3.7241, time 2726.92ms, mfu 64.09%
iter 81690: loss 3.7512, time 2727.34ms, mfu 64.09%
iter 81700: loss 3.6627, time 2729.20ms, mfu 64.08%
iter 81710: loss 3.7525, time 2724.35ms, mfu 64.08%
iter 81720: loss 3.6665, time 2724.73ms, mfu 64.09%
iter 81730: loss 3.8025, time 2732.41ms, mfu 64.07%
iter 81740: loss 3.7780, time 2729.73ms, mfu 64.07%
iter 81750: loss 3.7559, time 2722.19ms, mfu 64.08%
iter 81760: loss 3.7886, time 2726.04ms, mfu 64.08%
iter 81770: loss 3.6902, time 2726.29ms, mfu 64.08%
iter 81780: loss 3.6935, time 2725.49ms, mfu 64.08%
iter 81790: loss 3.8033, time 2725.73ms, mfu 64.08%
iter 81800: loss 3.6171, time 2726.83ms, mfu 64.08%
iter 81810: loss 3.6638, time 2727.27ms, mfu 64.08%
iter 81820: loss 3.7796, time 2724.35ms, mfu 64.09%
iter 81830: loss 3.6863, time 2720.56ms, mfu 64.10%
iter 81840: loss 3.8085, time 2727.96ms, mfu 64.09%
iter 81850: loss 3.6779, time 2724.13ms, mfu 64.10%
iter 81860: loss 3.7845, time 2727.22ms, mfu 64.09%
iter 81870: loss 3.7739, time 2728.71ms, mfu 64.09%
iter 81880: loss 3.6691, time 2724.39ms, mfu 64.09%
iter 81890: loss 3.7103, time 2727.09ms, mfu 64.09%
iter 81900: loss 3.6937, time 2722.86ms, mfu 64.10%
iter 81910: loss 3.7188, time 2727.59ms, mfu 64.09%
iter 81920: loss 3.6626, time 2724.78ms, mfu 64.10%
iter 81930: loss 3.6835, time 2731.70ms, mfu 64.08%
iter 81940: loss 3.6716, time 2728.32ms, mfu 64.08%
iter 81950: loss 3.7797, time 2728.51ms, mfu 64.07%
iter 81960: loss 3.6616, time 2727.60ms, mfu 64.07%
iter 81970: loss 3.6530, time 2728.98ms, mfu 64.07%
iter 81980: loss 3.7188, time 2729.08ms, mfu 64.06%
iter 81990: loss 3.6432, time 2728.53ms, mfu 64.06%
step 82000: train loss 3.5637, val loss 3.5743
saving checkpoint to /net/scratch2/junyuren/nanoGPT-manifold/out-openwebtext-baseline
iter 82000: loss 3.7195, time 19242.39ms, mfu 58.56%
iter 82010: loss 3.6617, time 2721.52ms, mfu 59.12%
iter 82020: loss 3.6941, time 2733.02ms, mfu 59.60%
iter 82030: loss 3.7416, time 2727.12ms, mfu 60.05%
iter 82040: loss 3.6626, time 2722.90ms, mfu 60.46%
iter 82050: loss 3.7102, time 2727.24ms, mfu 60.82%
iter 82060: loss 3.7262, time 2730.32ms, mfu 61.14%
iter 82070: loss 3.6894, time 2727.72ms, mfu 61.43%
iter 82080: loss 3.7080, time 2726.53ms, mfu 61.70%
iter 82090: loss 3.7568, time 2724.17ms, mfu 61.94%
iter 82100: loss 3.7575, time 2732.67ms, mfu 62.14%
iter 82110: loss 3.6788, time 2727.17ms, mfu 62.33%
iter 82120: loss 3.7286, time 2725.33ms, mfu 62.51%
iter 82130: loss 3.7390, time 2724.15ms, mfu 62.67%
iter 82140: loss 3.7712, time 2725.80ms, mfu 62.81%
iter 82150: loss 3.7609, time 2727.77ms, mfu 62.94%
iter 82160: loss 3.7617, time 2728.11ms, mfu 63.05%
iter 82170: loss 3.6760, time 2728.08ms, mfu 63.15%
iter 82180: loss 3.7641, time 2730.00ms, mfu 63.23%
iter 82190: loss 3.7210, time 2726.58ms, mfu 63.32%
iter 82200: loss 3.6739, time 2730.01ms, mfu 63.39%
iter 82210: loss 3.7168, time 2725.16ms, mfu 63.46%
iter 82220: loss 3.6255, time 2727.70ms, mfu 63.52%
iter 82230: loss 3.8046, time 2722.97ms, mfu 63.58%
iter 82240: loss 3.8060, time 2725.39ms, mfu 63.63%
iter 82250: loss 3.7304, time 2726.96ms, mfu 63.68%
iter 82260: loss 3.6600, time 2721.93ms, mfu 63.73%
iter 82270: loss 3.7260, time 2732.62ms, mfu 63.75%
iter 82280: loss 3.6507, time 2729.13ms, mfu 63.78%
iter 82290: loss 3.6609, time 2724.45ms, mfu 63.81%
iter 82300: loss 3.6961, time 2722.80ms, mfu 63.85%
iter 82310: loss 3.6694, time 2726.59ms, mfu 63.87%
iter 82320: loss 3.7326, time 2731.35ms, mfu 63.88%
iter 82330: loss 3.8185, time 2729.20ms, mfu 63.89%
iter 82340: loss 3.7292, time 2727.97ms, mfu 63.91%
iter 82350: loss 3.7109, time 2726.52ms, mfu 63.93%
iter 82360: loss 3.7681, time 2726.74ms, mfu 63.94%
iter 82370: loss 3.7209, time 2727.04ms, mfu 63.95%
iter 82380: loss 3.7065, time 2727.66ms, mfu 63.96%
iter 82390: loss 3.7645, time 2729.08ms, mfu 63.97%
iter 82400: loss 3.7188, time 2728.11ms, mfu 63.98%
iter 82410: loss 3.7981, time 2724.61ms, mfu 63.99%
iter 82420: loss 3.7142, time 2728.09ms, mfu 64.00%
iter 82430: loss 3.6704, time 2725.22ms, mfu 64.01%
iter 82440: loss 3.7747, time 2725.32ms, mfu 64.02%
iter 82450: loss 3.7598, time 2728.03ms, mfu 64.02%
iter 82460: loss 3.6683, time 2727.78ms, mfu 64.02%
iter 82470: loss 3.6662, time 2725.88ms, mfu 64.03%
iter 82480: loss 3.6552, time 2724.26ms, mfu 64.04%
iter 82490: loss 3.8398, time 2726.55ms, mfu 64.04%
iter 82500: loss 3.8186, time 2728.53ms, mfu 64.04%
iter 82510: loss 3.7335, time 2724.56ms, mfu 64.05%
iter 82520: loss 3.7847, time 2723.98ms, mfu 64.06%
iter 82530: loss 3.7511, time 2720.30ms, mfu 64.08%
iter 82540: loss 3.7172, time 2724.34ms, mfu 64.08%
iter 82550: loss 3.6246, time 2727.09ms, mfu 64.08%
iter 82560: loss 3.7571, time 2728.06ms, mfu 64.08%
iter 82570: loss 3.6425, time 2725.44ms, mfu 64.08%
iter 82580: loss 3.7249, time 2727.52ms, mfu 64.08%
iter 82590: loss 3.6774, time 2728.15ms, mfu 64.07%
iter 82600: loss 3.7667, time 2726.93ms, mfu 64.07%
iter 82610: loss 3.7679, time 2725.03ms, mfu 64.08%
iter 82620: loss 3.7588, time 2722.29ms, mfu 64.09%
iter 82630: loss 3.6568, time 2725.63ms, mfu 64.09%
iter 82640: loss 3.7181, time 2727.77ms, mfu 64.09%
iter 82650: loss 3.7654, time 2727.49ms, mfu 64.08%
iter 82660: loss 3.7510, time 2723.89ms, mfu 64.09%
iter 82670: loss 3.7316, time 2726.69ms, mfu 64.09%
iter 82680: loss 3.7417, time 2726.12ms, mfu 64.09%
iter 82690: loss 3.6915, time 2726.65ms, mfu 64.09%
iter 82700: loss 3.6763, time 2723.97ms, mfu 64.09%
iter 82710: loss 3.6513, time 2723.36ms, mfu 64.10%
iter 82720: loss 3.6554, time 2723.83ms, mfu 64.10%
iter 82730: loss 3.7584, time 2724.51ms, mfu 64.10%
iter 82740: loss 3.7014, time 2726.80ms, mfu 64.10%
iter 82750: loss 3.6517, time 2725.73ms, mfu 64.10%
iter 82760: loss 3.7279, time 2729.70ms, mfu 64.09%
iter 82770: loss 3.6468, time 2722.81ms, mfu 64.10%
iter 82780: loss 3.7683, time 2723.76ms, mfu 64.10%
iter 82790: loss 3.6823, time 2723.94ms, mfu 64.11%
iter 82800: loss 3.6651, time 2726.95ms, mfu 64.10%
iter 82810: loss 3.7333, time 2724.65ms, mfu 64.11%
iter 82820: loss 3.7591, time 2726.58ms, mfu 64.10%
iter 82830: loss 3.7638, time 2729.92ms, mfu 64.09%
iter 82840: loss 3.6849, time 2722.70ms, mfu 64.10%
iter 82850: loss 3.6713, time 2721.74ms, mfu 64.11%
iter 82860: loss 3.6593, time 2727.55ms, mfu 64.10%
iter 82870: loss 3.7614, time 2726.85ms, mfu 64.10%
iter 82880: loss 3.7858, time 2722.85ms, mfu 64.11%
iter 82890: loss 3.6961, time 2729.81ms, mfu 64.10%
iter 82900: loss 3.6728, time 2728.87ms, mfu 64.09%
iter 82910: loss 3.6729, time 2724.82ms, mfu 64.09%
iter 82920: loss 3.7162, time 2727.87ms, mfu 64.09%
iter 82930: loss 3.7254, time 2725.05ms, mfu 64.09%
iter 82940: loss 3.5670, time 2725.50ms, mfu 64.09%
iter 82950: loss 3.6591, time 2727.25ms, mfu 64.09%
iter 82960: loss 3.7561, time 2727.01ms, mfu 64.09%
iter 82970: loss 3.6901, time 2724.87ms, mfu 64.09%
iter 82980: loss 3.6717, time 2727.82ms, mfu 64.09%
iter 82990: loss 3.7058, time 2726.49ms, mfu 64.09%
step 83000: train loss 3.5536, val loss 3.5562
saving checkpoint to /net/scratch2/junyuren/nanoGPT-manifold/out-openwebtext-baseline
iter 83000: loss 3.7688, time 19244.07ms, mfu 58.58%
iter 83010: loss 3.7391, time 2723.28ms, mfu 59.14%
iter 83020: loss 3.8398, time 2726.64ms, mfu 59.64%
iter 83030: loss 3.7924, time 2725.48ms, mfu 60.08%
iter 83040: loss 3.7367, time 2720.82ms, mfu 60.50%
iter 83050: loss 3.7123, time 2728.80ms, mfu 60.85%
iter 83060: loss 3.7138, time 2727.34ms, mfu 61.17%
iter 83070: loss 3.7173, time 2727.61ms, mfu 61.46%
iter 83080: loss 3.8085, time 2722.48ms, mfu 61.73%
iter 83090: loss 3.7098, time 2729.62ms, mfu 61.96%
iter 83100: loss 3.7649, time 2727.41ms, mfu 62.17%
iter 83110: loss 3.5980, time 2724.04ms, mfu 62.36%
iter 83120: loss 3.7140, time 2726.29ms, mfu 62.54%
iter 83130: loss 3.7265, time 2726.60ms, mfu 62.69%
iter 83140: loss 3.6606, time 2723.89ms, mfu 62.84%
iter 83150: loss 3.7257, time 2727.64ms, mfu 62.96%
iter 83160: loss 3.6732, time 2728.48ms, mfu 63.07%
iter 83170: loss 3.7420, time 2724.22ms, mfu 63.17%
iter 83180: loss 3.6835, time 2726.36ms, mfu 63.26%
iter 83190: loss 3.6877, time 2723.18ms, mfu 63.35%
iter 83200: loss 3.7456, time 2722.78ms, mfu 63.43%
iter 83210: loss 3.6667, time 2729.58ms, mfu 63.49%
iter 83220: loss 3.7219, time 2730.59ms, mfu 63.54%
iter 83230: loss 3.7607, time 2727.55ms, mfu 63.59%
iter 83240: loss 3.7309, time 2726.37ms, mfu 63.64%
iter 83250: loss 3.6439, time 2722.94ms, mfu 63.69%
iter 83260: loss 3.6691, time 2728.53ms, mfu 63.73%
iter 83270: loss 3.6117, time 2725.22ms, mfu 63.77%
iter 83280: loss 3.7256, time 2725.27ms, mfu 63.80%
iter 83290: loss 3.6704, time 2726.09ms, mfu 63.83%
iter 83300: loss 3.7314, time 2725.66ms, mfu 63.86%
iter 83310: loss 3.7191, time 2726.31ms, mfu 63.88%
iter 83320: loss 3.6541, time 2724.54ms, mfu 63.90%
iter 83330: loss 3.6835, time 2728.68ms, mfu 63.92%
iter 83340: loss 3.7242, time 2723.95ms, mfu 63.94%
iter 83350: loss 3.8339, time 2726.89ms, mfu 63.95%
iter 83360: loss 3.7522, time 2723.51ms, mfu 63.97%
iter 83370: loss 3.7072, time 2724.75ms, mfu 63.99%
iter 83380: loss 3.6854, time 2725.01ms, mfu 64.00%
iter 83390: loss 3.7545, time 2725.29ms, mfu 64.01%
iter 83400: loss 3.7617, time 2724.83ms, mfu 64.02%
iter 83410: loss 3.6242, time 2727.64ms, mfu 64.02%
iter 83420: loss 3.7796, time 2730.89ms, mfu 64.02%
iter 83430: loss 3.6890, time 2729.39ms, mfu 64.02%
iter 83440: loss 3.7798, time 2726.13ms, mfu 64.03%
iter 83450: loss 3.6371, time 2725.04ms, mfu 64.03%
iter 83460: loss 3.7571, time 2725.89ms, mfu 64.04%
iter 83470: loss 3.7258, time 2731.73ms, mfu 64.03%
iter 83480: loss 3.7234, time 2729.19ms, mfu 64.03%
iter 83490: loss 3.7335, time 2723.86ms, mfu 64.04%
iter 83500: loss 3.7456, time 2727.38ms, mfu 64.04%
iter 83510: loss 3.7095, time 2728.84ms, mfu 64.04%
iter 83520: loss 3.7172, time 2730.84ms, mfu 64.04%
iter 83530: loss 3.7068, time 2724.12ms, mfu 64.05%
iter 83540: loss 3.7582, time 2728.00ms, mfu 64.05%
iter 83550: loss 3.7049, time 2727.19ms, mfu 64.05%
iter 83560: loss 3.7132, time 2727.27ms, mfu 64.05%
iter 83570: loss 3.7355, time 2725.79ms, mfu 64.05%
iter 83580: loss 3.6163, time 2725.50ms, mfu 64.06%
iter 83590: loss 3.6925, time 2728.32ms, mfu 64.06%
iter 83600: loss 3.7574, time 2722.15ms, mfu 64.07%
iter 83610: loss 3.6810, time 2723.13ms, mfu 64.08%
iter 83620: loss 3.6173, time 2724.49ms, mfu 64.08%
iter 83630: loss 3.6950, time 2725.93ms, mfu 64.08%
iter 83640: loss 3.7329, time 2722.56ms, mfu 64.09%
iter 83650: loss 3.7358, time 2725.80ms, mfu 64.09%
iter 83660: loss 3.6824, time 2722.19ms, mfu 64.10%
iter 83670: loss 3.7102, time 2726.68ms, mfu 64.10%
iter 83680: loss 3.6465, time 2720.85ms, mfu 64.11%
iter 83690: loss 3.6904, time 2725.07ms, mfu 64.11%
iter 83700: loss 3.8047, time 2726.94ms, mfu 64.11%
iter 83710: loss 3.6783, time 2726.71ms, mfu 64.10%
iter 83720: loss 3.7194, time 2723.70ms, mfu 64.11%
iter 83730: loss 3.6895, time 2721.55ms, mfu 64.12%
iter 83740: loss 3.7148, time 2724.05ms, mfu 64.12%
iter 83750: loss 3.6767, time 2726.97ms, mfu 64.11%
iter 83760: loss 3.6941, time 2726.34ms, mfu 64.11%
iter 83770: loss 3.6519, time 2721.14ms, mfu 64.12%
iter 83780: loss 3.7329, time 2724.80ms, mfu 64.12%
iter 83790: loss 3.6765, time 2719.64ms, mfu 64.13%
iter 83800: loss 3.7721, time 2725.51ms, mfu 64.13%
iter 83810: loss 3.6899, time 2722.24ms, mfu 64.13%
iter 83820: loss 3.7242, time 2726.37ms, mfu 64.13%
iter 83830: loss 3.7774, time 2724.17ms, mfu 64.13%
iter 83840: loss 3.7742, time 2725.25ms, mfu 64.13%
iter 83850: loss 3.7546, time 2726.23ms, mfu 64.12%
iter 83860: loss 3.6474, time 2722.89ms, mfu 64.13%
iter 83870: loss 3.7186, time 2725.81ms, mfu 64.12%
iter 83880: loss 3.7399, time 2725.73ms, mfu 64.12%
iter 83890: loss 3.6756, time 2723.23ms, mfu 64.13%
iter 83900: loss 3.6770, time 2724.03ms, mfu 64.13%
iter 83910: loss 3.6953, time 2726.94ms, mfu 64.12%
iter 83920: loss 3.7049, time 2724.63ms, mfu 64.12%
iter 83930: loss 3.7541, time 2728.78ms, mfu 64.11%
iter 83940: loss 3.7365, time 2725.08ms, mfu 64.11%
iter 83950: loss 3.7382, time 2727.96ms, mfu 64.11%
iter 83960: loss 3.7059, time 2719.57ms, mfu 64.12%
iter 83970: loss 3.6982, time 2668.44ms, mfu 64.25%
iter 83980: loss 3.6855, time 2722.14ms, mfu 64.25%
iter 83990: loss 3.6427, time 2724.04ms, mfu 64.24%
step 84000: train loss 3.5632, val loss 3.5632
saving checkpoint to /net/scratch2/junyuren/nanoGPT-manifold/out-openwebtext-baseline
iter 84000: loss 3.7430, time 19543.70ms, mfu 58.71%
iter 84010: loss 3.7605, time 2724.23ms, mfu 59.25%
iter 84020: loss 3.7291, time 2727.15ms, mfu 59.73%
iter 84030: loss 3.7900, time 2725.69ms, mfu 60.17%
iter 84040: loss 3.7563, time 2728.44ms, mfu 60.55%
iter 84050: loss 3.7456, time 2725.58ms, mfu 60.91%
iter 84060: loss 3.7281, time 2730.01ms, mfu 61.22%
iter 84070: loss 3.6763, time 2725.06ms, mfu 61.51%
iter 84080: loss 3.8113, time 2724.66ms, mfu 61.77%
iter 84090: loss 3.7497, time 2731.64ms, mfu 61.99%
iter 84100: loss 3.7151, time 2725.94ms, mfu 62.20%
iter 84110: loss 3.6170, time 2728.00ms, mfu 62.38%
iter 84120: loss 3.7685, time 2731.95ms, mfu 62.54%
iter 84130: loss 3.8158, time 2760.62ms, mfu 62.62%
iter 84140: loss 3.6051, time 2726.45ms, mfu 62.76%
iter 84150: loss 3.6239, time 2728.33ms, mfu 62.89%
iter 84160: loss 3.8001, time 2728.59ms, mfu 63.00%
iter 84170: loss 3.6921, time 2723.52ms, mfu 63.12%
iter 84180: loss 3.7122, time 2726.70ms, mfu 63.21%
iter 84190: loss 3.6128, time 2727.37ms, mfu 63.30%
iter 84200: loss 3.6355, time 2727.81ms, mfu 63.37%
iter 84210: loss 3.6990, time 2728.48ms, mfu 63.44%
iter 84220: loss 3.7689, time 2726.05ms, mfu 63.50%
iter 84230: loss 3.5454, time 2729.37ms, mfu 63.56%
iter 84240: loss 3.6806, time 2726.18ms, mfu 63.61%
iter 84250: loss 3.7948, time 2728.89ms, mfu 63.65%
iter 84260: loss 3.7312, time 2725.44ms, mfu 63.70%
iter 84270: loss 3.6796, time 2733.93ms, mfu 63.72%
iter 84280: loss 3.6769, time 2725.74ms, mfu 63.75%
iter 84290: loss 3.7228, time 2726.31ms, mfu 63.79%
iter 84300: loss 3.7217, time 2732.49ms, mfu 63.80%
iter 84310: loss 3.7535, time 2729.09ms, mfu 63.82%
iter 84320: loss 3.6663, time 2727.78ms, mfu 63.85%
iter 84330: loss 3.6947, time 2728.57ms, mfu 63.87%
iter 84340: loss 3.7012, time 2729.03ms, mfu 63.88%
iter 84350: loss 3.7717, time 2725.82ms, mfu 63.90%
iter 84360: loss 3.6837, time 2729.60ms, mfu 63.91%
iter 84370: loss 3.6727, time 2729.66ms, mfu 63.92%
iter 84380: loss 3.7840, time 2727.11ms, mfu 63.94%
iter 84390: loss 3.7468, time 2731.49ms, mfu 63.94%
iter 84400: loss 3.7314, time 2727.35ms, mfu 63.95%
iter 84410: loss 3.7741, time 2727.28ms, mfu 63.96%
iter 84420: loss 3.7299, time 2729.35ms, mfu 63.97%
iter 84430: loss 3.6662, time 2725.43ms, mfu 63.98%
iter 84440: loss 3.7320, time 2726.14ms, mfu 63.99%
iter 84450: loss 3.6614, time 2725.44ms, mfu 64.00%
iter 84460: loss 3.6955, time 2728.04ms, mfu 64.01%
iter 84470: loss 3.7490, time 2727.50ms, mfu 64.01%
iter 84480: loss 3.7109, time 2730.40ms, mfu 64.01%
iter 84490: loss 3.7117, time 2724.75ms, mfu 64.02%
iter 84500: loss 3.6907, time 2728.47ms, mfu 64.02%
iter 84510: loss 3.6819, time 2726.54ms, mfu 64.03%
iter 84520: loss 3.6494, time 2727.75ms, mfu 64.03%
iter 84530: loss 3.7506, time 2730.16ms, mfu 64.03%
iter 84540: loss 3.7214, time 2725.13ms, mfu 64.04%
iter 84550: loss 3.7066, time 2729.60ms, mfu 64.03%
iter 84560: loss 3.7289, time 2720.73ms, mfu 64.05%
iter 84570: loss 3.7148, time 2727.09ms, mfu 64.05%
iter 84580: loss 3.7436, time 2727.66ms, mfu 64.05%
iter 84590: loss 3.7966, time 2726.88ms, mfu 64.05%
iter 84600: loss 3.7380, time 2725.88ms, mfu 64.06%
iter 84610: loss 3.6828, time 2727.28ms, mfu 64.06%
iter 84620: loss 3.6827, time 2723.56ms, mfu 64.07%
iter 84630: loss 3.6610, time 2729.01ms, mfu 64.06%
iter 84640: loss 3.6789, time 2729.09ms, mfu 64.06%
iter 84650: loss 3.7421, time 2724.84ms, mfu 64.06%
iter 84660: loss 3.6467, time 2723.79ms, mfu 64.07%
iter 84670: loss 3.6293, time 2726.62ms, mfu 64.07%
iter 84680: loss 3.7619, time 2725.47ms, mfu 64.08%
iter 84690: loss 3.7059, time 2725.45ms, mfu 64.08%
iter 84700: loss 3.6953, time 3066.38ms, mfu 63.37%
iter 84710: loss 3.7343, time 2727.29ms, mfu 63.44%
iter 84720: loss 3.7943, time 2729.53ms, mfu 63.50%
iter 84730: loss 3.7057, time 2726.42ms, mfu 63.55%
iter 84740: loss 3.7948, time 2726.07ms, mfu 63.61%
iter 84750: loss 3.6482, time 2726.16ms, mfu 63.66%
iter 84760: loss 3.7268, time 2726.02ms, mfu 63.70%
iter 84770: loss 3.6667, time 2722.75ms, mfu 63.75%
iter 84780: loss 3.6821, time 2721.61ms, mfu 63.79%
iter 84790: loss 3.7006, time 2725.24ms, mfu 63.82%
iter 84800: loss 3.6688, time 2724.58ms, mfu 63.85%
iter 84810: loss 3.6760, time 2723.70ms, mfu 63.88%
iter 84820: loss 3.7153, time 2724.68ms, mfu 63.91%
iter 84830: loss 3.6893, time 2727.51ms, mfu 63.92%
iter 84840: loss 3.7740, time 2723.76ms, mfu 63.94%
iter 84850: loss 3.6792, time 2724.74ms, mfu 63.96%
iter 84860: loss 3.7040, time 2727.11ms, mfu 63.97%
iter 84870: loss 3.6484, time 2752.38ms, mfu 63.92%
iter 84880: loss 3.7474, time 2725.66ms, mfu 63.94%
iter 84890: loss 3.6984, time 2721.84ms, mfu 63.97%
iter 84900: loss 3.7007, time 2725.65ms, mfu 63.98%
iter 84910: loss 3.7507, time 2722.87ms, mfu 64.00%
iter 84920: loss 3.7154, time 2722.03ms, mfu 64.02%
iter 84930: loss 3.6387, time 2723.28ms, mfu 64.03%
iter 84940: loss 3.7035, time 2726.28ms, mfu 64.04%
iter 84950: loss 3.7542, time 2725.54ms, mfu 64.04%
iter 84960: loss 3.7816, time 2730.22ms, mfu 64.04%
iter 84970: loss 3.7130, time 2728.10ms, mfu 64.04%
iter 84980: loss 3.7165, time 2726.64ms, mfu 64.04%
iter 84990: loss 3.6266, time 2724.76ms, mfu 64.05%
step 85000: train loss 3.5655, val loss 3.5698
saving checkpoint to /net/scratch2/junyuren/nanoGPT-manifold/out-openwebtext-baseline
iter 85000: loss 3.6543, time 18894.18ms, mfu 58.57%
iter 85010: loss 3.7131, time 2719.81ms, mfu 59.14%
iter 85020: loss 3.7238, time 2726.52ms, mfu 59.63%
iter 85030: loss 3.7546, time 2727.33ms, mfu 60.07%
iter 85040: loss 3.7082, time 2722.39ms, mfu 60.48%
iter 85050: loss 3.6664, time 2724.58ms, mfu 60.85%
iter 85060: loss 3.6797, time 2726.67ms, mfu 61.17%
iter 85070: loss 3.7196, time 2723.68ms, mfu 61.47%
iter 85080: loss 3.7144, time 2724.97ms, mfu 61.73%
iter 85090: loss 3.6931, time 2724.44ms, mfu 61.97%
iter 85100: loss 3.7980, time 2727.08ms, mfu 62.18%
iter 85110: loss 3.7245, time 2721.97ms, mfu 62.38%
iter 85120: loss 3.7491, time 2723.24ms, mfu 62.56%
iter 85130: loss 3.7538, time 2724.89ms, mfu 62.72%
iter 85140: loss 3.6870, time 2721.88ms, mfu 62.86%
iter 85150: loss 3.7965, time 2723.73ms, mfu 62.99%
iter 85160: loss 3.7157, time 2720.21ms, mfu 63.12%
iter 85170: loss 3.6846, time 2722.78ms, mfu 63.22%
iter 85180: loss 3.7464, time 2724.95ms, mfu 63.31%
iter 85190: loss 3.6665, time 2722.31ms, mfu 63.40%
iter 85200: loss 3.7022, time 2726.44ms, mfu 63.47%
iter 85210: loss 3.7091, time 2723.97ms, mfu 63.53%
iter 85220: loss 3.7352, time 2726.63ms, mfu 63.59%
iter 85230: loss 3.8055, time 2721.64ms, mfu 63.65%
iter 85240: loss 3.6597, time 2719.25ms, mfu 63.71%
iter 85250: loss 3.6171, time 2719.83ms, mfu 63.76%
iter 85260: loss 3.6596, time 2724.30ms, mfu 63.80%
iter 85270: loss 3.7627, time 2718.92ms, mfu 63.84%
iter 85280: loss 3.6154, time 2722.79ms, mfu 63.88%
iter 85290: loss 3.6990, time 2719.49ms, mfu 63.91%
iter 85300: loss 3.6468, time 2720.14ms, mfu 63.95%
iter 85310: loss 3.6664, time 2717.54ms, mfu 63.98%
iter 85320: loss 3.6800, time 2718.87ms, mfu 64.01%
iter 85330: loss 3.6592, time 2717.00ms, mfu 64.04%
iter 85340: loss 3.7462, time 2717.73ms, mfu 64.06%
iter 85350: loss 3.6732, time 2720.13ms, mfu 64.08%
iter 85360: loss 3.6744, time 2718.58ms, mfu 64.10%
iter 85370: loss 3.6872, time 2720.39ms, mfu 64.11%
iter 85380: loss 3.6990, time 2719.69ms, mfu 64.12%
iter 85390: loss 3.7133, time 2716.64ms, mfu 64.14%
iter 85400: loss 3.6320, time 2720.04ms, mfu 64.15%
iter 85410: loss 3.6795, time 2718.19ms, mfu 64.16%
iter 85420: loss 3.7087, time 2715.39ms, mfu 64.18%
iter 85430: loss 3.7144, time 2718.24ms, mfu 64.19%
iter 85440: loss 3.6523, time 2717.14ms, mfu 64.20%
iter 85450: loss 3.7424, time 2715.18ms, mfu 64.22%
iter 85460: loss 3.7324, time 2717.92ms, mfu 64.22%
iter 85470: loss 3.7044, time 2724.06ms, mfu 64.21%
iter 85480: loss 3.6987, time 2721.09ms, mfu 64.21%
iter 85490: loss 3.6855, time 2720.84ms, mfu 64.21%
iter 85500: loss 3.7305, time 2721.84ms, mfu 64.21%
iter 85510: loss 3.6406, time 2724.66ms, mfu 64.20%
iter 85520: loss 3.7556, time 2720.87ms, mfu 64.20%
iter 85530: loss 3.6692, time 2722.37ms, mfu 64.20%
iter 85540: loss 3.6509, time 2719.12ms, mfu 64.21%
iter 85550: loss 3.8599, time 2724.22ms, mfu 64.20%
iter 85560: loss 3.7750, time 2719.54ms, mfu 64.20%
iter 85570: loss 3.7006, time 2722.15ms, mfu 64.20%
iter 85580: loss 3.7046, time 2721.16ms, mfu 64.20%
iter 85590: loss 3.7203, time 2720.17ms, mfu 64.20%
iter 85600: loss 3.7390, time 2721.23ms, mfu 64.20%
iter 85610: loss 3.7536, time 2721.72ms, mfu 64.20%
iter 85620: loss 3.7748, time 2722.14ms, mfu 64.20%
iter 85630: loss 3.6578, time 2719.70ms, mfu 64.21%
iter 85640: loss 3.6855, time 2722.56ms, mfu 64.20%
iter 85650: loss 3.7195, time 2718.32ms, mfu 64.21%
iter 85660: loss 3.6573, time 2722.22ms, mfu 64.21%
iter 85670: loss 3.6782, time 2720.32ms, mfu 64.21%
iter 85680: loss 3.7314, time 2717.66ms, mfu 64.22%
iter 85690: loss 3.7305, time 2721.37ms, mfu 64.21%
iter 85700: loss 3.7082, time 2721.32ms, mfu 64.21%
iter 85710: loss 3.7041, time 2723.05ms, mfu 64.21%
iter 85720: loss 3.7256, time 2721.67ms, mfu 64.21%
iter 85730: loss 3.7146, time 2716.24ms, mfu 64.22%
iter 85740: loss 3.6735, time 2728.45ms, mfu 64.20%
iter 85750: loss 3.6110, time 2720.69ms, mfu 64.20%
iter 85760: loss 3.5963, time 2719.97ms, mfu 64.20%
