Overriding config with config/train_openwebtext_baseline_resume.py:
# Resume OpenWebText Baseline from checkpoint
# Continuing from step 13000

# I/O
out_dir = '/net/scratch2/junyuren/nanoGPT-manifold/out-openwebtext-baseline'
eval_interval = 1000
eval_iters = 200
log_interval = 10
always_save_checkpoint = True

# CRITICAL: Resume from checkpoint
init_from = 'resume'

wandb_log = False
wandb_project = 'openwebtext'
wandb_run_name = 'baseline-6L-384d-resume'

# Data
dataset = 'openwebtext'
data_dir = '/net/scratch2/junyuren/nanoGPT-manifold/data/openwebtext'
gradient_accumulation_steps = 40
batch_size = 64
block_size = 1024

# Model - SAME as Shakespeare: 6L x 384d (~10M params)
n_layer = 6
n_head = 6
n_embd = 384
dropout = 0.2
bias = False

# AdamW optimizer - LR decay will continue from step 13000
learning_rate = 1e-3  # Max LR (for reference, decay continues)
max_iters = 100000
lr_decay_iters = 100000
min_lr = 1e-4
beta1 = 0.9
beta2 = 0.99
weight_decay = 1e-1
grad_clip = 1.0

decay_lr = True
warmup_iters = 2000  # Already past warmup

# System
device = 'cuda'
dtype = 'bfloat16'
compile = True

# No Grassmann
use_grassmann = False

tokens per iteration will be: 2,621,440
Resuming training from /net/scratch2/junyuren/nanoGPT-manifold/out-openwebtext-baseline
number of parameters: 29.94M
num decayed parameter tensors: 26, with 30,326,784 parameters
num non-decayed parameter tensors: 13, with 4,992 parameters
using fused AdamW: True
compiling the model... (takes a ~minute)
step 56000: train loss 3.5879, val loss 3.5962
saving checkpoint to /net/scratch2/junyuren/nanoGPT-manifold/out-openwebtext-baseline
iter 56000: loss 3.7087, time 37966.56ms, mfu -100.00%
iter 56010: loss 3.7445, time 2731.09ms, mfu 63.97%
iter 56020: loss 3.7652, time 2734.25ms, mfu 63.97%
iter 56030: loss 3.8005, time 2734.65ms, mfu 63.96%
iter 56040: loss 3.7540, time 2743.15ms, mfu 63.93%
iter 56050: loss 3.7382, time 2742.10ms, mfu 63.91%
iter 56060: loss 3.7354, time 2740.36ms, mfu 63.89%
iter 56070: loss 3.7507, time 2735.97ms, mfu 63.89%
iter 56080: loss 3.6438, time 2734.43ms, mfu 63.89%
iter 56090: loss 3.7074, time 2734.31ms, mfu 63.89%
iter 56100: loss 3.6093, time 2737.79ms, mfu 63.88%
iter 56110: loss 3.7623, time 2732.36ms, mfu 63.89%
iter 56120: loss 3.7090, time 2734.99ms, mfu 63.89%
iter 56130: loss 3.7533, time 2696.24ms, mfu 63.98%
iter 56140: loss 3.8477, time 2710.76ms, mfu 64.03%
iter 56150: loss 3.7595, time 2743.62ms, mfu 63.99%
iter 56160: loss 3.7279, time 2801.70ms, mfu 63.83%
iter 56170: loss 3.7759, time 2740.86ms, mfu 63.82%
iter 56180: loss 3.7789, time 2742.81ms, mfu 63.81%
iter 56190: loss 3.7720, time 2739.61ms, mfu 63.81%
iter 56200: loss 3.6935, time 2736.26ms, mfu 63.81%
iter 56210: loss 3.6242, time 2737.08ms, mfu 63.81%
iter 56220: loss 3.7792, time 2737.42ms, mfu 63.81%
iter 56230: loss 3.6781, time 2734.97ms, mfu 63.82%
iter 56240: loss 3.6338, time 2737.31ms, mfu 63.82%
iter 56250: loss 3.7266, time 2734.93ms, mfu 63.83%
iter 56260: loss 3.8243, time 2734.10ms, mfu 63.83%
iter 56270: loss 3.7726, time 2730.80ms, mfu 63.85%
iter 56280: loss 3.7848, time 2732.63ms, mfu 63.86%
iter 56290: loss 3.8219, time 2732.92ms, mfu 63.86%
iter 56300: loss 3.7734, time 2728.13ms, mfu 63.88%
iter 56310: loss 3.7567, time 2731.85ms, mfu 63.89%
iter 56320: loss 3.7107, time 2733.48ms, mfu 63.89%
iter 56330: loss 3.7354, time 2733.67ms, mfu 63.89%
iter 56340: loss 3.6835, time 2731.78ms, mfu 63.90%
iter 56350: loss 3.7634, time 2731.37ms, mfu 63.91%
iter 56360: loss 3.6999, time 2731.09ms, mfu 63.91%
iter 56370: loss 3.7117, time 2732.13ms, mfu 63.92%
iter 56380: loss 3.7097, time 2733.42ms, mfu 63.92%
iter 56390: loss 3.7824, time 2732.29ms, mfu 63.92%
iter 56400: loss 3.8733, time 2732.07ms, mfu 63.92%
iter 56410: loss 3.7767, time 2728.94ms, mfu 63.93%
iter 56420: loss 3.7390, time 2730.66ms, mfu 63.94%
iter 56430: loss 3.7759, time 2738.61ms, mfu 63.92%
iter 56440: loss 3.6670, time 2733.26ms, mfu 63.92%
iter 56450: loss 3.7858, time 2736.62ms, mfu 63.92%
iter 56460: loss 3.7416, time 2731.76ms, mfu 63.92%
iter 56470: loss 3.8420, time 2732.59ms, mfu 63.92%
iter 56480: loss 3.7470, time 2732.21ms, mfu 63.92%
iter 56490: loss 3.7147, time 2737.18ms, mfu 63.91%
iter 56500: loss 3.7484, time 2732.18ms, mfu 63.92%
iter 56510: loss 3.7450, time 2731.44ms, mfu 63.92%
iter 56520: loss 3.7584, time 2735.97ms, mfu 63.92%
iter 56530: loss 3.6590, time 2733.81ms, mfu 63.92%
iter 56540: loss 3.7030, time 2730.46ms, mfu 63.92%
iter 56550: loss 3.6992, time 2735.40ms, mfu 63.92%
iter 56560: loss 3.8174, time 2728.42ms, mfu 63.93%
iter 56570: loss 3.6827, time 2733.06ms, mfu 63.93%
iter 56580: loss 3.7354, time 2737.61ms, mfu 63.92%
iter 56590: loss 3.8239, time 2731.48ms, mfu 63.92%
iter 56600: loss 3.6931, time 2733.57ms, mfu 63.92%
iter 56610: loss 3.7516, time 2731.03ms, mfu 63.93%
iter 56620: loss 3.7743, time 2738.38ms, mfu 63.91%
iter 56630: loss 3.6992, time 2732.63ms, mfu 63.92%
iter 56640: loss 3.8088, time 2732.74ms, mfu 63.92%
iter 56650: loss 3.7908, time 2733.40ms, mfu 63.92%
iter 56660: loss 3.7854, time 2737.77ms, mfu 63.91%
iter 56670: loss 3.7669, time 2732.44ms, mfu 63.91%
iter 56680: loss 3.7089, time 2730.26ms, mfu 63.92%
iter 56690: loss 3.7521, time 2733.04ms, mfu 63.92%
iter 56700: loss 3.7520, time 2736.82ms, mfu 63.91%
iter 56710: loss 3.7867, time 2728.67ms, mfu 63.92%
iter 56720: loss 3.8184, time 2731.99ms, mfu 63.93%
iter 56730: loss 3.7281, time 2727.21ms, mfu 63.94%
iter 56740: loss 3.8390, time 2733.05ms, mfu 63.94%
iter 56750: loss 3.7376, time 2728.61ms, mfu 63.95%
iter 56760: loss 3.7707, time 2728.36ms, mfu 63.96%
iter 56770: loss 3.8413, time 2732.01ms, mfu 63.96%
iter 56780: loss 3.6940, time 2735.83ms, mfu 63.95%
iter 56790: loss 3.7415, time 2730.76ms, mfu 63.95%
iter 56800: loss 3.7080, time 2731.28ms, mfu 63.95%
iter 56810: loss 3.7680, time 2732.20ms, mfu 63.95%
iter 56820: loss 3.7280, time 2733.49ms, mfu 63.95%
iter 56830: loss 3.7700, time 2729.96ms, mfu 63.95%
iter 56840: loss 3.7311, time 2730.98ms, mfu 63.96%
iter 56850: loss 3.6730, time 2734.69ms, mfu 63.95%
iter 56860: loss 3.7831, time 2731.84ms, mfu 63.95%
iter 56870: loss 3.7756, time 2733.76ms, mfu 63.95%
iter 56880: loss 3.6083, time 2730.01ms, mfu 63.95%
iter 56890: loss 3.8053, time 2733.51ms, mfu 63.95%
iter 56900: loss 3.8052, time 2733.02ms, mfu 63.95%
iter 56910: loss 3.8001, time 2729.09ms, mfu 63.95%
iter 56920: loss 3.8040, time 2729.63ms, mfu 63.96%
iter 56930: loss 3.8431, time 2732.56ms, mfu 63.96%
iter 56940: loss 3.7491, time 2733.15ms, mfu 63.95%
iter 56950: loss 3.7258, time 2733.88ms, mfu 63.95%
iter 56960: loss 3.7457, time 2732.36ms, mfu 63.95%
iter 56970: loss 3.7624, time 2730.60ms, mfu 63.95%
iter 56980: loss 3.8277, time 2732.96ms, mfu 63.95%
iter 56990: loss 3.6125, time 2734.87ms, mfu 63.94%
step 57000: train loss 3.5996, val loss 3.6039
saving checkpoint to /net/scratch2/junyuren/nanoGPT-manifold/out-openwebtext-baseline
iter 57000: loss 3.7772, time 19143.71ms, mfu 58.46%
iter 57010: loss 3.7538, time 2740.47ms, mfu 58.99%
iter 57020: loss 3.8322, time 2737.15ms, mfu 59.47%
iter 57030: loss 3.6490, time 2736.72ms, mfu 59.91%
iter 57040: loss 3.7011, time 2744.04ms, mfu 60.29%
iter 57050: loss 3.7962, time 2743.45ms, mfu 60.63%
iter 57060: loss 3.7703, time 2742.35ms, mfu 60.93%
iter 57070: loss 3.7775, time 2737.41ms, mfu 61.22%
iter 57080: loss 3.7778, time 2738.33ms, mfu 61.48%
iter 57090: loss 3.7482, time 2742.03ms, mfu 61.71%
iter 57100: loss 3.6920, time 2739.11ms, mfu 61.91%
iter 57110: loss 3.7933, time 2737.43ms, mfu 62.10%
iter 57120: loss 3.7548, time 2739.31ms, mfu 62.27%
iter 57130: loss 3.7201, time 2734.73ms, mfu 62.43%
iter 57140: loss 3.6927, time 2737.43ms, mfu 62.57%
iter 57150: loss 3.7587, time 2735.56ms, mfu 62.70%
iter 57160: loss 3.7420, time 2737.69ms, mfu 62.81%
iter 57170: loss 3.7891, time 2735.99ms, mfu 62.92%
iter 57180: loss 3.8722, time 2738.13ms, mfu 63.01%
iter 57190: loss 3.7887, time 2735.70ms, mfu 63.09%
iter 57200: loss 3.7672, time 2738.75ms, mfu 63.16%
iter 57210: loss 3.6981, time 2738.80ms, mfu 63.23%
iter 57220: loss 3.8082, time 2736.87ms, mfu 63.29%
iter 57230: loss 3.7580, time 2736.23ms, mfu 63.34%
iter 57240: loss 3.8113, time 2740.92ms, mfu 63.38%
iter 57250: loss 3.7208, time 2737.24ms, mfu 63.43%
iter 57260: loss 3.8034, time 2738.09ms, mfu 63.47%
iter 57270: loss 3.7601, time 2738.17ms, mfu 63.50%
iter 57280: loss 3.8201, time 2736.53ms, mfu 63.53%
iter 57290: loss 3.7058, time 2736.09ms, mfu 63.57%
iter 57300: loss 3.7082, time 2737.57ms, mfu 63.59%
iter 57310: loss 3.6865, time 2741.03ms, mfu 63.61%
iter 57320: loss 3.7162, time 2738.36ms, mfu 63.63%
iter 57330: loss 3.6685, time 2737.08ms, mfu 63.65%
iter 57340: loss 3.7507, time 2739.39ms, mfu 63.66%
iter 57350: loss 3.6746, time 2735.78ms, mfu 63.68%
iter 57360: loss 3.7577, time 2741.32ms, mfu 63.69%
iter 57370: loss 3.7862, time 2736.67ms, mfu 63.70%
iter 57380: loss 3.7949, time 2739.55ms, mfu 63.71%
iter 57390: loss 3.6599, time 2739.71ms, mfu 63.72%
iter 57400: loss 3.6591, time 2740.57ms, mfu 63.72%
iter 57410: loss 3.7302, time 2737.25ms, mfu 63.73%
iter 57420: loss 3.7375, time 2738.01ms, mfu 63.74%
iter 57430: loss 3.6678, time 2738.91ms, mfu 63.74%
iter 57440: loss 3.7710, time 2740.56ms, mfu 63.74%
iter 57450: loss 3.7631, time 2741.66ms, mfu 63.74%
iter 57460: loss 3.7095, time 2737.97ms, mfu 63.75%
iter 57470: loss 3.6940, time 2739.79ms, mfu 63.75%
iter 57480: loss 3.6965, time 2736.85ms, mfu 63.76%
iter 57490: loss 3.7453, time 2742.97ms, mfu 63.75%
iter 57500: loss 3.7755, time 2741.36ms, mfu 63.75%
iter 57510: loss 3.7333, time 2739.13ms, mfu 63.75%
iter 57520: loss 3.7185, time 2738.14ms, mfu 63.76%
iter 57530: loss 3.7307, time 2737.30ms, mfu 63.77%
iter 57540: loss 3.7615, time 2740.32ms, mfu 63.77%
iter 57550: loss 3.6915, time 2743.64ms, mfu 63.76%
iter 57560: loss 3.7131, time 2737.68ms, mfu 63.76%
iter 57570: loss 3.6688, time 2746.11ms, mfu 63.75%
iter 57580: loss 3.7492, time 2739.82ms, mfu 63.75%
iter 57590: loss 3.7119, time 2737.01ms, mfu 63.76%
iter 57600: loss 3.7941, time 2739.99ms, mfu 63.76%
iter 57610: loss 3.6398, time 2738.07ms, mfu 63.76%
iter 57620: loss 3.6236, time 2739.50ms, mfu 63.77%
iter 57630: loss 3.7912, time 2740.22ms, mfu 63.77%
iter 57640: loss 3.7743, time 2742.97ms, mfu 63.76%
iter 57650: loss 3.7516, time 2741.46ms, mfu 63.76%
iter 57660: loss 3.6508, time 2738.62ms, mfu 63.76%
iter 57670: loss 3.6842, time 2704.64ms, mfu 63.84%
iter 57680: loss 3.7075, time 2731.85ms, mfu 63.85%
iter 57690: loss 3.6756, time 2741.65ms, mfu 63.84%
iter 57700: loss 3.6719, time 2721.24ms, mfu 63.88%
iter 57710: loss 3.7614, time 2741.84ms, mfu 63.86%
iter 57720: loss 3.7826, time 2743.76ms, mfu 63.84%
iter 57730: loss 3.7509, time 2745.91ms, mfu 63.82%
iter 57740: loss 3.7836, time 2740.12ms, mfu 63.82%
iter 57750: loss 3.7766, time 2739.38ms, mfu 63.81%
iter 57760: loss 3.7427, time 2740.30ms, mfu 63.81%
iter 57770: loss 3.6929, time 2736.63ms, mfu 63.81%
iter 57780: loss 3.7620, time 2748.61ms, mfu 63.79%
iter 57790: loss 3.6746, time 2745.08ms, mfu 63.77%
iter 57800: loss 3.8565, time 2738.93ms, mfu 63.77%
iter 57810: loss 3.7185, time 2740.28ms, mfu 63.77%
iter 57820: loss 3.7347, time 2737.58ms, mfu 63.78%
iter 57830: loss 3.8753, time 2738.38ms, mfu 63.78%
iter 57840: loss 3.7527, time 2737.75ms, mfu 63.78%
iter 57850: loss 3.7726, time 2738.71ms, mfu 63.78%
iter 57860: loss 3.5973, time 2731.42ms, mfu 63.80%
iter 57870: loss 3.7350, time 2736.91ms, mfu 63.81%
iter 57880: loss 3.7669, time 2739.35ms, mfu 63.80%
iter 57890: loss 3.6716, time 2734.93ms, mfu 63.81%
iter 57900: loss 3.8024, time 2734.93ms, mfu 63.82%
iter 57910: loss 3.7027, time 2734.24ms, mfu 63.83%
iter 57920: loss 3.7372, time 2736.22ms, mfu 63.83%
iter 57930: loss 3.8234, time 2734.49ms, mfu 63.84%
iter 57940: loss 3.7178, time 2733.60ms, mfu 63.84%
iter 57950: loss 3.7249, time 2734.16ms, mfu 63.85%
iter 57960: loss 3.6614, time 2736.37ms, mfu 63.85%
iter 57970: loss 3.7726, time 2738.26ms, mfu 63.84%
iter 57980: loss 3.7469, time 2735.54ms, mfu 63.85%
iter 57990: loss 3.7617, time 2732.60ms, mfu 63.86%
step 58000: train loss 3.5952, val loss 3.6028
saving checkpoint to /net/scratch2/junyuren/nanoGPT-manifold/out-openwebtext-baseline
iter 58000: loss 3.8163, time 19316.81ms, mfu 58.37%
iter 58010: loss 3.6783, time 2741.46ms, mfu 58.91%
iter 58020: loss 3.7189, time 2742.50ms, mfu 59.39%
iter 58030: loss 3.6799, time 2744.14ms, mfu 59.82%
iter 58040: loss 3.7168, time 2745.32ms, mfu 60.20%
iter 58050: loss 3.7845, time 2741.77ms, mfu 60.55%
iter 58060: loss 3.7257, time 2740.24ms, mfu 60.87%
iter 58070: loss 3.7464, time 2739.72ms, mfu 61.16%
iter 58080: loss 3.7333, time 2738.31ms, mfu 61.43%
iter 58090: loss 3.5721, time 2745.19ms, mfu 61.65%
iter 58100: loss 3.6542, time 2748.80ms, mfu 61.84%
iter 58110: loss 3.6527, time 2741.15ms, mfu 62.03%
iter 58120: loss 3.7306, time 2739.17ms, mfu 62.21%
iter 58130: loss 3.9039, time 2741.52ms, mfu 62.36%
iter 58140: loss 3.7580, time 2733.53ms, mfu 62.51%
iter 58150: loss 3.6690, time 2733.94ms, mfu 62.65%
iter 58160: loss 3.7515, time 2735.89ms, mfu 62.77%
iter 58170: loss 3.7678, time 2744.37ms, mfu 62.86%
iter 58180: loss 3.7638, time 2739.72ms, mfu 62.95%
iter 58190: loss 3.7116, time 2739.37ms, mfu 63.04%
iter 58200: loss 3.7221, time 2743.48ms, mfu 63.10%
iter 58210: loss 3.7964, time 2745.58ms, mfu 63.15%
iter 58220: loss 3.7058, time 2745.10ms, mfu 63.20%
iter 58230: loss 3.7336, time 2741.11ms, mfu 63.26%
iter 58240: loss 3.6864, time 2738.33ms, mfu 63.31%
iter 58250: loss 3.7636, time 2735.59ms, mfu 63.37%
iter 58260: loss 3.8091, time 2736.41ms, mfu 63.42%
iter 58270: loss 3.7704, time 2736.34ms, mfu 63.46%
iter 58280: loss 3.6902, time 2736.62ms, mfu 63.50%
iter 58290: loss 3.6597, time 2735.42ms, mfu 63.53%
iter 58300: loss 3.7798, time 2735.68ms, mfu 63.57%
iter 58310: loss 3.7212, time 2730.67ms, mfu 63.61%
iter 58320: loss 3.7927, time 2745.29ms, mfu 63.61%
iter 58330: loss 3.7309, time 2749.40ms, mfu 63.61%
iter 58340: loss 3.6843, time 2742.38ms, mfu 63.62%
iter 58350: loss 3.6990, time 2741.79ms, mfu 63.63%
iter 58360: loss 3.8312, time 2740.46ms, mfu 63.64%
iter 58370: loss 3.7646, time 2737.94ms, mfu 63.66%
iter 58380: loss 3.7420, time 2741.63ms, mfu 63.66%
iter 58390: loss 3.7931, time 2716.50ms, mfu 63.73%
iter 58400: loss 3.7349, time 2743.21ms, mfu 63.73%
iter 58410: loss 3.7017, time 2740.61ms, mfu 63.73%
iter 58420: loss 3.6326, time 2729.19ms, mfu 63.76%
iter 58430: loss 3.7260, time 2740.60ms, mfu 63.76%
iter 58440: loss 3.7728, time 2745.83ms, mfu 63.74%
iter 58450: loss 3.7364, time 2745.28ms, mfu 63.73%
iter 58460: loss 3.7038, time 2748.67ms, mfu 63.72%
iter 58470: loss 3.7591, time 2757.75ms, mfu 63.68%
iter 58480: loss 3.7492, time 2753.69ms, mfu 63.66%
iter 58490: loss 3.7268, time 2750.21ms, mfu 63.64%
iter 58500: loss 3.7608, time 2757.02ms, mfu 63.62%
iter 58510: loss 3.8287, time 2755.07ms, mfu 63.60%
iter 58520: loss 3.6850, time 2754.23ms, mfu 63.58%
iter 58530: loss 3.7554, time 2750.77ms, mfu 63.57%
iter 58540: loss 3.7695, time 2751.17ms, mfu 63.57%
iter 58550: loss 3.7000, time 2748.64ms, mfu 63.57%
iter 58560: loss 3.7373, time 2744.92ms, mfu 63.58%
iter 58570: loss 3.7408, time 2745.56ms, mfu 63.58%
iter 58580: loss 3.7219, time 2747.54ms, mfu 63.58%
iter 58590: loss 3.6463, time 2748.74ms, mfu 63.58%
iter 58600: loss 3.7638, time 2749.63ms, mfu 63.58%
iter 58610: loss 3.7492, time 2749.41ms, mfu 63.57%
iter 58620: loss 3.6773, time 2748.96ms, mfu 63.57%
iter 58630: loss 3.7877, time 2748.84ms, mfu 63.57%
iter 58640: loss 3.7938, time 2745.12ms, mfu 63.58%
iter 58650: loss 3.7191, time 2753.13ms, mfu 63.57%
iter 58660: loss 3.7900, time 2748.25ms, mfu 63.57%
iter 58670: loss 3.8110, time 2747.69ms, mfu 63.57%
iter 58680: loss 3.6399, time 2752.01ms, mfu 63.56%
iter 58690: loss 3.7631, time 2749.68ms, mfu 63.56%
iter 58700: loss 3.7778, time 2745.98ms, mfu 63.57%
iter 58710: loss 3.7511, time 2753.35ms, mfu 63.55%
iter 58720: loss 3.7885, time 2747.92ms, mfu 63.56%
iter 58730: loss 3.7568, time 2754.95ms, mfu 63.54%
iter 58740: loss 3.7263, time 2752.40ms, mfu 63.54%
iter 58750: loss 3.7229, time 2750.86ms, mfu 63.53%
iter 58760: loss 3.8170, time 2749.37ms, mfu 63.54%
iter 58770: loss 3.7236, time 2751.23ms, mfu 63.53%
iter 58780: loss 3.7253, time 2749.18ms, mfu 63.53%
iter 58790: loss 3.8107, time 2751.53ms, mfu 63.53%
iter 58800: loss 3.7936, time 2748.96ms, mfu 63.53%
iter 58810: loss 3.8035, time 2743.14ms, mfu 63.55%
iter 58820: loss 3.7621, time 2748.79ms, mfu 63.55%
iter 58830: loss 3.8694, time 2750.08ms, mfu 63.55%
iter 58840: loss 3.7585, time 2752.67ms, mfu 63.54%
iter 58850: loss 3.7059, time 2744.30ms, mfu 63.55%
iter 58860: loss 3.6697, time 2748.82ms, mfu 63.55%
iter 58870: loss 3.7506, time 2750.38ms, mfu 63.55%
iter 58880: loss 3.7425, time 2751.00ms, mfu 63.55%
iter 58890: loss 3.6902, time 2748.37ms, mfu 63.55%
iter 58900: loss 3.8139, time 2746.72ms, mfu 63.55%
iter 58910: loss 3.6500, time 2747.62ms, mfu 63.56%
iter 58920: loss 3.7315, time 2749.09ms, mfu 63.56%
iter 58930: loss 3.7099, time 2751.61ms, mfu 63.55%
iter 58940: loss 3.6329, time 2750.02ms, mfu 63.55%
iter 58950: loss 3.6876, time 2751.52ms, mfu 63.54%
iter 58960: loss 3.7129, time 2745.86ms, mfu 63.55%
iter 58970: loss 3.7302, time 2749.90ms, mfu 63.55%
iter 58980: loss 3.7821, time 2752.71ms, mfu 63.54%
iter 58990: loss 3.7599, time 2748.79ms, mfu 63.54%
step 59000: train loss 3.5993, val loss 3.6114
saving checkpoint to /net/scratch2/junyuren/nanoGPT-manifold/out-openwebtext-baseline
iter 59000: loss 3.7944, time 19125.92ms, mfu 58.10%
iter 59010: loss 3.7434, time 2746.25ms, mfu 58.66%
iter 59020: loss 3.7286, time 2755.16ms, mfu 59.13%
iter 59030: loss 3.7595, time 2751.31ms, mfu 59.57%
iter 59040: loss 3.6558, time 2751.81ms, mfu 59.96%
iter 59050: loss 3.7552, time 2752.82ms, mfu 60.31%
iter 59060: loss 3.7585, time 2749.30ms, mfu 60.63%
iter 59070: loss 3.7327, time 2754.23ms, mfu 60.91%
iter 59080: loss 3.7612, time 2756.93ms, mfu 61.16%
iter 59090: loss 3.6833, time 2750.51ms, mfu 61.40%
iter 59100: loss 3.8383, time 2754.03ms, mfu 61.60%
iter 59110: loss 3.6937, time 2749.68ms, mfu 61.79%
iter 59120: loss 3.7946, time 2758.69ms, mfu 61.95%
iter 59130: loss 3.7489, time 2754.17ms, mfu 62.10%
iter 59140: loss 3.8089, time 2753.60ms, mfu 62.23%
iter 59150: loss 3.7262, time 2753.01ms, mfu 62.36%
iter 59160: loss 3.8498, time 2757.90ms, mfu 62.46%
iter 59170: loss 3.7925, time 2751.03ms, mfu 62.56%
iter 59180: loss 3.7604, time 2756.63ms, mfu 62.64%
iter 59190: loss 3.6746, time 2753.90ms, mfu 62.72%
iter 59200: loss 3.7395, time 2757.26ms, mfu 62.79%
iter 59210: loss 3.7720, time 2755.71ms, mfu 62.85%
iter 59220: loss 3.7511, time 2757.36ms, mfu 62.90%
iter 59230: loss 3.7995, time 2755.71ms, mfu 62.95%
iter 59240: loss 3.6858, time 2755.02ms, mfu 63.00%
iter 59250: loss 3.7220, time 2749.09ms, mfu 63.05%
iter 59260: loss 3.6767, time 2751.31ms, mfu 63.10%
iter 59270: loss 3.7643, time 2753.33ms, mfu 63.13%
iter 59280: loss 3.7060, time 2753.95ms, mfu 63.16%
iter 59290: loss 3.7366, time 2759.73ms, mfu 63.18%
iter 59300: loss 3.6654, time 2753.39ms, mfu 63.21%
iter 59310: loss 3.7109, time 2756.12ms, mfu 63.22%
iter 59320: loss 3.6989, time 2760.05ms, mfu 63.23%
iter 59330: loss 3.6897, time 2754.52ms, mfu 63.25%
iter 59340: loss 3.7068, time 2753.18ms, mfu 63.27%
iter 59350: loss 3.8391, time 2755.61ms, mfu 63.29%
iter 59360: loss 3.6853, time 2761.24ms, mfu 63.28%
iter 59370: loss 3.7804, time 2752.63ms, mfu 63.30%
iter 59380: loss 3.7014, time 2751.07ms, mfu 63.32%
iter 59390: loss 3.6962, time 2756.58ms, mfu 63.33%
iter 59400: loss 3.7381, time 2749.70ms, mfu 63.35%
iter 59410: loss 3.7500, time 2753.79ms, mfu 63.36%
iter 59420: loss 3.7300, time 2755.19ms, mfu 63.37%
iter 59430: loss 3.7439, time 2751.70ms, mfu 63.38%
iter 59440: loss 3.7184, time 2753.52ms, mfu 63.39%
iter 59450: loss 3.6402, time 2753.53ms, mfu 63.39%
iter 59460: loss 3.7492, time 2759.00ms, mfu 63.39%
iter 59470: loss 3.8121, time 2755.44ms, mfu 63.39%
iter 59480: loss 3.7261, time 2754.63ms, mfu 63.39%
iter 59490: loss 3.7512, time 2750.14ms, mfu 63.41%
iter 59500: loss 3.7519, time 2758.67ms, mfu 63.40%
iter 59510: loss 3.7193, time 2757.27ms, mfu 63.39%
iter 59520: loss 3.7120, time 2755.37ms, mfu 63.40%
iter 59530: loss 3.7155, time 2754.93ms, mfu 63.40%
iter 59540: loss 3.8105, time 2747.04ms, mfu 63.42%
iter 59550: loss 3.7246, time 2754.94ms, mfu 63.42%
iter 59560: loss 3.6620, time 2755.86ms, mfu 63.42%
iter 59570: loss 3.8271, time 2756.39ms, mfu 63.41%
iter 59580: loss 3.6579, time 2750.05ms, mfu 63.43%
iter 59590: loss 3.7683, time 2751.51ms, mfu 63.43%
iter 59600: loss 3.7943, time 2754.63ms, mfu 63.43%
iter 59610: loss 3.7893, time 2751.07ms, mfu 63.44%
iter 59620: loss 3.7176, time 2752.36ms, mfu 63.44%
iter 59630: loss 3.8556, time 2751.54ms, mfu 63.45%
iter 59640: loss 3.7222, time 2756.09ms, mfu 63.44%
iter 59650: loss 3.8140, time 2748.59ms, mfu 63.46%
iter 59660: loss 3.6820, time 2756.10ms, mfu 63.45%
iter 59670: loss 3.7601, time 2756.77ms, mfu 63.44%
iter 59680: loss 3.6849, time 2758.66ms, mfu 63.43%
iter 59690: loss 3.7630, time 2753.95ms, mfu 63.43%
iter 59700: loss 3.6809, time 2752.20ms, mfu 63.44%
iter 59710: loss 3.7720, time 2754.52ms, mfu 63.44%
iter 59720: loss 3.7127, time 2755.84ms, mfu 63.43%
iter 59730: loss 3.7054, time 2755.84ms, mfu 63.43%
iter 59740: loss 3.7862, time 2755.66ms, mfu 63.43%
iter 59750: loss 3.7038, time 2759.63ms, mfu 63.41%
iter 59760: loss 3.7428, time 2756.23ms, mfu 63.41%
iter 59770: loss 3.6939, time 2753.74ms, mfu 63.42%
iter 59780: loss 3.7070, time 2752.71ms, mfu 63.42%
iter 59790: loss 3.7522, time 2755.08ms, mfu 63.42%
iter 59800: loss 3.7171, time 2755.54ms, mfu 63.42%
iter 59810: loss 3.7820, time 2753.34ms, mfu 63.42%
iter 59820: loss 3.6753, time 2755.16ms, mfu 63.42%
iter 59830: loss 3.6884, time 2755.35ms, mfu 63.42%
iter 59840: loss 3.8012, time 2756.53ms, mfu 63.42%
iter 59850: loss 3.7131, time 2758.43ms, mfu 63.41%
iter 59860: loss 3.7154, time 2751.56ms, mfu 63.42%
iter 59870: loss 3.7951, time 2757.72ms, mfu 63.41%
iter 59880: loss 3.6992, time 2752.45ms, mfu 63.42%
iter 59890: loss 3.7271, time 2751.89ms, mfu 63.42%
iter 59900: loss 3.6581, time 2747.68ms, mfu 63.44%
iter 59910: loss 3.7517, time 2748.90ms, mfu 63.45%
iter 59920: loss 3.7065, time 2753.00ms, mfu 63.45%
iter 59930: loss 3.8192, time 2751.87ms, mfu 63.46%
iter 59940: loss 3.7061, time 2756.32ms, mfu 63.45%
iter 59950: loss 3.7443, time 2756.27ms, mfu 63.44%
iter 59960: loss 3.7065, time 2753.82ms, mfu 63.44%
iter 59970: loss 3.7647, time 2753.50ms, mfu 63.44%
iter 59980: loss 3.6744, time 2755.08ms, mfu 63.44%
iter 59990: loss 3.8140, time 2750.25ms, mfu 63.45%
step 60000: train loss 3.5906, val loss 3.6087
saving checkpoint to /net/scratch2/junyuren/nanoGPT-manifold/out-openwebtext-baseline
iter 60000: loss 3.8094, time 19366.97ms, mfu 58.01%
iter 60010: loss 3.7355, time 2728.80ms, mfu 58.61%
iter 60020: loss 3.7256, time 2736.50ms, mfu 59.13%
iter 60030: loss 3.7324, time 2745.47ms, mfu 59.58%
iter 60040: loss 3.7175, time 2749.61ms, mfu 59.98%
iter 60050: loss 3.7339, time 2743.73ms, mfu 60.35%
iter 60060: loss 3.6977, time 2740.52ms, mfu 60.69%
iter 60070: loss 3.6988, time 2743.74ms, mfu 60.99%
iter 60080: loss 3.6786, time 2742.60ms, mfu 61.26%
iter 60090: loss 3.7418, time 2741.96ms, mfu 61.51%
iter 60100: loss 3.7944, time 2743.06ms, mfu 61.72%
iter 60110: loss 3.7251, time 2738.47ms, mfu 61.93%
iter 60120: loss 3.7927, time 2738.24ms, mfu 62.12%
iter 60130: loss 3.7470, time 2737.28ms, mfu 62.29%
iter 60140: loss 3.7407, time 2737.80ms, mfu 62.44%
iter 60150: loss 3.7457, time 2743.52ms, mfu 62.57%
iter 60160: loss 3.7491, time 2738.82ms, mfu 62.69%
iter 60170: loss 3.8044, time 2742.60ms, mfu 62.79%
iter 60180: loss 3.7169, time 2739.58ms, mfu 62.89%
iter 60190: loss 3.7732, time 2737.01ms, mfu 62.98%
iter 60200: loss 3.7061, time 2738.80ms, mfu 63.06%
iter 60210: loss 3.7418, time 2739.49ms, mfu 63.14%
iter 60220: loss 3.5918, time 2740.51ms, mfu 63.20%
iter 60230: loss 3.7144, time 2738.38ms, mfu 63.26%
iter 60240: loss 3.7442, time 2741.59ms, mfu 63.30%
iter 60250: loss 3.7036, time 2741.14ms, mfu 63.35%
iter 60260: loss 3.7499, time 2741.09ms, mfu 63.39%
iter 60270: loss 3.7147, time 2739.41ms, mfu 63.43%
iter 60280: loss 3.6561, time 2740.99ms, mfu 63.46%
iter 60290: loss 3.7244, time 2739.51ms, mfu 63.49%
iter 60300: loss 3.6901, time 2735.26ms, mfu 63.53%
iter 60310: loss 3.7862, time 2740.22ms, mfu 63.55%
iter 60320: loss 3.8137, time 2741.91ms, mfu 63.57%
iter 60330: loss 3.8433, time 2738.82ms, mfu 63.59%
iter 60340: loss 3.7747, time 2737.73ms, mfu 63.61%
iter 60350: loss 3.7957, time 2740.10ms, mfu 63.63%
iter 60360: loss 3.7259, time 2739.29ms, mfu 63.64%
iter 60370: loss 3.6534, time 2737.16ms, mfu 63.66%
iter 60380: loss 3.7272, time 2739.18ms, mfu 63.67%
iter 60390: loss 3.8241, time 2740.46ms, mfu 63.68%
iter 60400: loss 3.7502, time 2740.16ms, mfu 63.69%
iter 60410: loss 3.7644, time 2742.36ms, mfu 63.69%
iter 60420: loss 3.7375, time 2737.08ms, mfu 63.71%
iter 60430: loss 3.7306, time 2742.29ms, mfu 63.71%
iter 60440: loss 3.7362, time 2739.05ms, mfu 63.71%
iter 60450: loss 3.6760, time 2744.92ms, mfu 63.71%
iter 60460: loss 3.7648, time 2736.38ms, mfu 63.72%
iter 60470: loss 3.7304, time 2737.21ms, mfu 63.73%
iter 60480: loss 3.7382, time 2737.44ms, mfu 63.74%
iter 60490: loss 3.7598, time 2739.19ms, mfu 63.75%
iter 60500: loss 3.7759, time 2738.57ms, mfu 63.75%
iter 60510: loss 3.8507, time 2752.51ms, mfu 63.72%
iter 60520: loss 3.7427, time 2741.61ms, mfu 63.72%
iter 60530: loss 3.7147, time 2738.15ms, mfu 63.73%
iter 60540: loss 3.7775, time 2737.15ms, mfu 63.74%
iter 60550: loss 3.7475, time 2739.19ms, mfu 63.75%
iter 60560: loss 3.7165, time 2736.56ms, mfu 63.76%
iter 60570: loss 3.7373, time 2739.56ms, mfu 63.76%
iter 60580: loss 3.7683, time 2736.67ms, mfu 63.77%
iter 60590: loss 3.7253, time 2741.07ms, mfu 63.76%
iter 60600: loss 3.6878, time 2744.28ms, mfu 63.75%
iter 60610: loss 3.7947, time 2740.76ms, mfu 63.75%
iter 60620: loss 3.6699, time 2742.49ms, mfu 63.75%
iter 60630: loss 3.6508, time 2740.63ms, mfu 63.75%
iter 60640: loss 3.7435, time 2739.25ms, mfu 63.75%
iter 60650: loss 3.7715, time 2739.28ms, mfu 63.75%
iter 60660: loss 3.7504, time 2736.96ms, mfu 63.76%
iter 60670: loss 3.7346, time 2740.21ms, mfu 63.76%
iter 60680: loss 3.6940, time 2740.44ms, mfu 63.76%
iter 60690: loss 3.7957, time 2737.77ms, mfu 63.77%
iter 60700: loss 3.6982, time 2741.00ms, mfu 63.76%
iter 60710: loss 3.7374, time 2742.02ms, mfu 63.76%
iter 60720: loss 3.7674, time 2740.24ms, mfu 63.76%
iter 60730: loss 3.7941, time 2743.64ms, mfu 63.75%
iter 60740: loss 3.7163, time 2738.53ms, mfu 63.76%
iter 60750: loss 3.7502, time 2736.28ms, mfu 63.77%
iter 60760: loss 3.6777, time 2738.89ms, mfu 63.77%
iter 60770: loss 3.7391, time 2742.73ms, mfu 63.76%
iter 60780: loss 3.6626, time 2738.45ms, mfu 63.77%
iter 60790: loss 3.6580, time 2737.39ms, mfu 63.77%
iter 60800: loss 3.7100, time 2738.79ms, mfu 63.77%
iter 60810: loss 3.7734, time 2735.36ms, mfu 63.78%
iter 60820: loss 3.7562, time 2745.15ms, mfu 63.77%
iter 60830: loss 3.8266, time 2736.70ms, mfu 63.78%
iter 60840: loss 3.7812, time 2741.20ms, mfu 63.77%
iter 60850: loss 3.7062, time 2742.87ms, mfu 63.77%
iter 60860: loss 3.6417, time 2738.45ms, mfu 63.77%
iter 60870: loss 3.7555, time 2737.99ms, mfu 63.77%
iter 60880: loss 3.6669, time 2744.79ms, mfu 63.76%
iter 60890: loss 3.7637, time 2739.82ms, mfu 63.76%
iter 60900: loss 3.6498, time 2737.80ms, mfu 63.77%
iter 60910: loss 3.6603, time 2735.82ms, mfu 63.78%
iter 60920: loss 3.8432, time 2740.30ms, mfu 63.77%
iter 60930: loss 3.7573, time 2742.84ms, mfu 63.77%
iter 60940: loss 3.8036, time 2745.05ms, mfu 63.76%
iter 60950: loss 3.7571, time 2735.00ms, mfu 63.77%
iter 60960: loss 3.6937, time 2739.56ms, mfu 63.77%
iter 60970: loss 3.7509, time 2741.85ms, mfu 63.76%
iter 60980: loss 3.7356, time 2740.60ms, mfu 63.76%
iter 60990: loss 3.7444, time 2737.72ms, mfu 63.77%
step 61000: train loss 3.5868, val loss 3.5920
saving checkpoint to /net/scratch2/junyuren/nanoGPT-manifold/out-openwebtext-baseline
iter 61000: loss 3.7861, time 19322.86ms, mfu 58.30%
iter 61010: loss 3.7199, time 2733.95ms, mfu 58.86%
iter 61020: loss 3.7219, time 2747.10ms, mfu 59.33%
iter 61030: loss 3.6978, time 2749.17ms, mfu 59.75%
iter 61040: loss 3.7400, time 2746.29ms, mfu 60.14%
iter 61050: loss 3.7836, time 2740.32ms, mfu 60.50%
iter 61060: loss 3.7375, time 2739.93ms, mfu 60.83%
iter 61070: loss 3.7327, time 2740.70ms, mfu 61.12%
iter 61080: loss 3.7320, time 2734.49ms, mfu 61.40%
iter 61090: loss 3.7590, time 2737.62ms, mfu 61.64%
iter 61100: loss 3.6233, time 2736.81ms, mfu 61.86%
iter 61110: loss 3.7200, time 2736.43ms, mfu 62.06%
iter 61120: loss 3.6045, time 2739.16ms, mfu 62.23%
iter 61130: loss 3.7920, time 2734.40ms, mfu 62.40%
iter 61140: loss 3.6162, time 2737.82ms, mfu 62.54%
iter 61150: loss 3.7381, time 2739.50ms, mfu 62.66%
iter 61160: loss 3.8220, time 2741.19ms, mfu 62.77%
iter 61170: loss 3.7428, time 2735.97ms, mfu 62.88%
iter 61180: loss 3.7065, time 2737.16ms, mfu 62.97%
iter 61190: loss 3.7346, time 2739.03ms, mfu 63.06%
iter 61200: loss 3.6861, time 2734.51ms, mfu 63.14%
iter 61210: loss 3.7178, time 2737.61ms, mfu 63.21%
iter 61220: loss 3.7017, time 2736.24ms, mfu 63.27%
iter 61230: loss 3.7335, time 2739.73ms, mfu 63.32%
iter 61240: loss 3.7710, time 2738.53ms, mfu 63.37%
iter 61250: loss 3.7110, time 2741.87ms, mfu 63.40%
iter 61260: loss 3.6861, time 2738.39ms, mfu 63.44%
iter 61270: loss 3.8334, time 2737.74ms, mfu 63.48%
iter 61280: loss 3.7254, time 2741.27ms, mfu 63.51%
iter 61290: loss 3.7858, time 2736.14ms, mfu 63.54%
iter 61300: loss 3.7291, time 2738.09ms, mfu 63.57%
iter 61310: loss 3.7838, time 2735.32ms, mfu 63.60%
iter 61320: loss 3.6119, time 2740.78ms, mfu 63.61%
iter 61330: loss 3.7212, time 2737.86ms, mfu 63.63%
iter 61340: loss 3.6910, time 2739.46ms, mfu 63.65%
iter 61350: loss 3.7500, time 2735.42ms, mfu 63.67%
iter 61360: loss 3.7473, time 2735.37ms, mfu 63.69%
iter 61370: loss 3.7854, time 2735.57ms, mfu 63.71%
iter 61380: loss 3.7349, time 2741.51ms, mfu 63.71%
iter 61390: loss 3.8190, time 2741.78ms, mfu 63.71%
iter 61400: loss 3.7188, time 2734.27ms, mfu 63.73%
iter 61410: loss 3.7509, time 2735.88ms, mfu 63.74%
iter 61420: loss 3.7548, time 2736.00ms, mfu 63.75%
iter 61430: loss 3.6873, time 2736.12ms, mfu 63.76%
iter 61440: loss 3.7366, time 2734.53ms, mfu 63.78%
iter 61450: loss 3.7252, time 2740.77ms, mfu 63.77%
iter 61460: loss 3.7219, time 2740.20ms, mfu 63.77%
iter 61470: loss 3.8076, time 2739.96ms, mfu 63.77%
iter 61480: loss 3.6654, time 2740.91ms, mfu 63.77%
iter 61490: loss 3.6923, time 2740.27ms, mfu 63.77%
iter 61500: loss 3.7442, time 2740.57ms, mfu 63.77%
iter 61510: loss 3.6639, time 2737.60ms, mfu 63.77%
iter 61520: loss 3.7700, time 2738.06ms, mfu 63.78%
iter 61530: loss 3.7681, time 2736.85ms, mfu 63.78%
iter 61540: loss 3.7937, time 2741.40ms, mfu 63.78%
iter 61550: loss 3.7594, time 2737.45ms, mfu 63.78%
iter 61560: loss 3.7361, time 2735.79ms, mfu 63.79%
iter 61570: loss 3.7096, time 2738.86ms, mfu 63.79%
iter 61580: loss 3.7524, time 2739.22ms, mfu 63.79%
iter 61590: loss 3.7679, time 2741.68ms, mfu 63.78%
iter 61600: loss 3.8665, time 2740.57ms, mfu 63.78%
iter 61610: loss 3.6959, time 2737.52ms, mfu 63.78%
iter 61620: loss 3.6833, time 2742.57ms, mfu 63.78%
iter 61630: loss 3.8358, time 2735.10ms, mfu 63.79%
iter 61640: loss 3.8827, time 2741.55ms, mfu 63.78%
iter 61650: loss 3.7307, time 2739.18ms, mfu 63.78%
iter 61660: loss 3.7360, time 2740.40ms, mfu 63.78%
iter 61670: loss 3.7307, time 2740.23ms, mfu 63.78%
iter 61680: loss 3.7161, time 2741.32ms, mfu 63.77%
iter 61690: loss 3.6853, time 2739.89ms, mfu 63.77%
iter 61700: loss 3.8041, time 2738.95ms, mfu 63.77%
iter 61710: loss 3.7561, time 2740.01ms, mfu 63.77%
iter 61720: loss 3.6818, time 2740.48ms, mfu 63.77%
iter 61730: loss 3.6370, time 2739.81ms, mfu 63.77%
iter 61740: loss 3.6773, time 2736.10ms, mfu 63.78%
iter 61750: loss 3.7679, time 2737.45ms, mfu 63.78%
iter 61760: loss 3.7001, time 2738.56ms, mfu 63.78%
iter 61770: loss 3.7510, time 2740.12ms, mfu 63.78%
iter 61780: loss 3.7354, time 2738.72ms, mfu 63.78%
iter 61790: loss 3.7376, time 2735.69ms, mfu 63.79%
iter 61800: loss 3.7918, time 2737.22ms, mfu 63.80%
iter 61810: loss 3.7191, time 2737.53ms, mfu 63.80%
iter 61820: loss 3.6589, time 2741.60ms, mfu 63.79%
iter 61830: loss 3.7940, time 2737.85ms, mfu 63.79%
iter 61840: loss 3.6927, time 2742.39ms, mfu 63.79%
iter 61850: loss 3.7938, time 2737.32ms, mfu 63.79%
iter 61860: loss 3.6662, time 2737.92ms, mfu 63.79%
iter 61870: loss 3.7320, time 2739.54ms, mfu 63.79%
iter 61880: loss 3.8112, time 2739.51ms, mfu 63.79%
iter 61890: loss 3.8213, time 2742.58ms, mfu 63.78%
iter 61900: loss 3.7313, time 2738.26ms, mfu 63.78%
iter 61910: loss 3.7386, time 2738.66ms, mfu 63.78%
iter 61920: loss 3.7229, time 2738.17ms, mfu 63.79%
iter 61930: loss 3.7314, time 2741.78ms, mfu 63.78%
iter 61940: loss 3.6269, time 2739.70ms, mfu 63.78%
iter 61950: loss 3.7303, time 2736.42ms, mfu 63.79%
iter 61960: loss 3.8034, time 2737.24ms, mfu 63.79%
iter 61970: loss 3.6875, time 2739.92ms, mfu 63.79%
iter 61980: loss 3.6995, time 2736.09ms, mfu 63.79%
iter 61990: loss 3.7450, time 2737.80ms, mfu 63.80%
step 62000: train loss 3.5782, val loss 3.5823
saving checkpoint to /net/scratch2/junyuren/nanoGPT-manifold/out-openwebtext-baseline
iter 62000: loss 3.6448, time 19151.26ms, mfu 58.33%
iter 62010: loss 3.7445, time 2737.63ms, mfu 58.88%
iter 62020: loss 3.7824, time 2750.35ms, mfu 59.34%
iter 62030: loss 3.7742, time 2740.95ms, mfu 59.78%
iter 62040: loss 3.7185, time 2744.11ms, mfu 60.17%
iter 62050: loss 3.6719, time 2741.84ms, mfu 60.53%
iter 62060: loss 3.7237, time 2743.55ms, mfu 60.84%
iter 62070: loss 3.8296, time 2745.74ms, mfu 61.12%
iter 62080: loss 3.9101, time 2746.02ms, mfu 61.37%
iter 62090: loss 3.7489, time 2745.20ms, mfu 61.60%
iter 62100: loss 3.6848, time 2743.83ms, mfu 61.81%
iter 62110: loss 3.7517, time 2742.91ms, mfu 62.00%
iter 62120: loss 3.6832, time 2741.92ms, mfu 62.17%
iter 62130: loss 3.7788, time 2740.81ms, mfu 62.33%
iter 62140: loss 3.7384, time 2740.44ms, mfu 62.47%
iter 62150: loss 3.6700, time 2741.13ms, mfu 62.60%
iter 62160: loss 3.7011, time 2744.14ms, mfu 62.70%
iter 62170: loss 3.7713, time 2748.44ms, mfu 62.79%
iter 62180: loss 3.6640, time 2742.07ms, mfu 62.88%
iter 62190: loss 3.7510, time 2742.56ms, mfu 62.96%
iter 62200: loss 3.7065, time 2742.31ms, mfu 63.04%
iter 62210: loss 3.7255, time 2738.86ms, mfu 63.11%
iter 62220: loss 3.7625, time 2743.69ms, mfu 63.17%
iter 62230: loss 3.6780, time 2739.95ms, mfu 63.23%
iter 62240: loss 3.7066, time 2742.80ms, mfu 63.28%
iter 62250: loss 3.6559, time 2743.28ms, mfu 63.32%
iter 62260: loss 3.7016, time 2744.40ms, mfu 63.35%
iter 62270: loss 3.7377, time 2737.20ms, mfu 63.40%
iter 62280: loss 3.7373, time 2742.81ms, mfu 63.43%
iter 62290: loss 3.6603, time 2744.26ms, mfu 63.45%
iter 62300: loss 3.7470, time 2741.62ms, mfu 63.48%
iter 62310: loss 3.7125, time 2741.49ms, mfu 63.51%
iter 62320: loss 3.7802, time 2740.86ms, mfu 63.53%
iter 62330: loss 3.6507, time 2742.92ms, mfu 63.55%
iter 62340: loss 3.7339, time 2741.33ms, mfu 63.57%
iter 62350: loss 3.6757, time 2741.19ms, mfu 63.58%
iter 62360: loss 3.7140, time 2744.27ms, mfu 63.59%
iter 62370: loss 3.6343, time 2741.19ms, mfu 63.61%
iter 62380: loss 3.7814, time 2739.25ms, mfu 63.62%
iter 62390: loss 3.7492, time 2743.55ms, mfu 63.63%
iter 62400: loss 3.6571, time 2740.03ms, mfu 63.64%
iter 62410: loss 3.6724, time 2743.57ms, mfu 63.65%
iter 62420: loss 3.7826, time 2741.88ms, mfu 63.65%
iter 62430: loss 3.7460, time 2736.74ms, mfu 63.67%
iter 62440: loss 3.7570, time 2740.04ms, mfu 63.68%
iter 62450: loss 3.6796, time 2741.06ms, mfu 63.69%
iter 62460: loss 3.7435, time 2741.28ms, mfu 63.69%
iter 62470: loss 3.7662, time 2739.07ms, mfu 63.70%
iter 62480: loss 3.7647, time 2743.35ms, mfu 63.70%
iter 62490: loss 3.7739, time 2742.66ms, mfu 63.70%
iter 62500: loss 3.7435, time 2741.30ms, mfu 63.70%
iter 62510: loss 3.6406, time 2743.27ms, mfu 63.70%
iter 62520: loss 3.7325, time 2737.46ms, mfu 63.71%
iter 62530: loss 3.6832, time 2746.47ms, mfu 63.70%
iter 62540: loss 3.7987, time 2743.86ms, mfu 63.70%
iter 62550: loss 3.7659, time 2738.50ms, mfu 63.71%
iter 62560: loss 3.7283, time 2745.57ms, mfu 63.70%
iter 62570: loss 3.7569, time 2744.37ms, mfu 63.70%
iter 62580: loss 3.8153, time 2745.61ms, mfu 63.69%
iter 62590: loss 3.8299, time 2742.67ms, mfu 63.69%
iter 62600: loss 3.8138, time 2744.00ms, mfu 63.69%
iter 62610: loss 3.8049, time 2743.59ms, mfu 63.69%
iter 62620: loss 3.7180, time 2740.43ms, mfu 63.70%
iter 62630: loss 3.7398, time 2741.74ms, mfu 63.70%
iter 62640: loss 3.7337, time 2739.69ms, mfu 63.71%
iter 62650: loss 3.7542, time 2740.53ms, mfu 63.71%
iter 62660: loss 3.7421, time 2740.17ms, mfu 63.72%
iter 62670: loss 3.6731, time 2738.38ms, mfu 63.72%
iter 62680: loss 3.7685, time 2745.37ms, mfu 63.72%
iter 62690: loss 3.7235, time 2749.83ms, mfu 63.70%
iter 62700: loss 3.6997, time 2743.93ms, mfu 63.70%
iter 62710: loss 3.8096, time 2745.33ms, mfu 63.69%
iter 62720: loss 3.6667, time 2744.53ms, mfu 63.69%
iter 62730: loss 3.7627, time 2745.85ms, mfu 63.68%
iter 62740: loss 3.7263, time 2739.74ms, mfu 63.69%
iter 62750: loss 3.7280, time 2740.66ms, mfu 63.70%
iter 62760: loss 3.6752, time 2743.45ms, mfu 63.70%
iter 62770: loss 3.6984, time 2743.62ms, mfu 63.69%
iter 62780: loss 3.8105, time 2742.84ms, mfu 63.69%
iter 62790: loss 3.7272, time 2743.92ms, mfu 63.69%
iter 62800: loss 3.7035, time 2742.18ms, mfu 63.69%
iter 62810: loss 3.7255, time 2741.14ms, mfu 63.70%
iter 62820: loss 3.7903, time 2744.10ms, mfu 63.70%
iter 62830: loss 3.6854, time 2747.22ms, mfu 63.69%
iter 62840: loss 3.7316, time 2742.38ms, mfu 63.69%
iter 62850: loss 3.5833, time 2739.06ms, mfu 63.70%
iter 62860: loss 3.7576, time 2742.98ms, mfu 63.70%
iter 62870: loss 3.7480, time 2744.14ms, mfu 63.69%
iter 62880: loss 3.7769, time 2740.23ms, mfu 63.70%
iter 62890: loss 3.6993, time 2739.95ms, mfu 63.71%
iter 62900: loss 3.7690, time 2738.44ms, mfu 63.72%
iter 62910: loss 3.7657, time 2744.14ms, mfu 63.71%
iter 62920: loss 3.6437, time 2739.85ms, mfu 63.72%
iter 62930: loss 3.7293, time 2738.97ms, mfu 63.72%
iter 62940: loss 3.6222, time 2743.82ms, mfu 63.72%
iter 62950: loss 3.7779, time 2739.88ms, mfu 63.72%
iter 62960: loss 3.7900, time 2742.05ms, mfu 63.72%
iter 62970: loss 3.7478, time 2742.43ms, mfu 63.72%
iter 62980: loss 3.6485, time 2743.44ms, mfu 63.72%
iter 62990: loss 3.7639, time 2740.99ms, mfu 63.72%
step 63000: train loss 3.5854, val loss 3.5984
saving checkpoint to /net/scratch2/junyuren/nanoGPT-manifold/out-openwebtext-baseline
iter 63000: loss 3.7106, time 19598.21ms, mfu 58.24%
iter 63010: loss 3.7918, time 2739.18ms, mfu 58.79%
iter 63020: loss 3.6959, time 2743.39ms, mfu 59.28%
iter 63030: loss 3.7141, time 2742.24ms, mfu 59.73%
iter 63040: loss 3.6895, time 2743.42ms, mfu 60.12%
iter 63050: loss 3.7369, time 2737.59ms, mfu 60.49%
iter 63060: loss 3.7552, time 2736.45ms, mfu 60.83%
iter 63070: loss 3.6843, time 2742.66ms, mfu 61.12%
iter 63080: loss 3.7644, time 2738.79ms, mfu 61.38%
iter 63090: loss 3.7086, time 2739.45ms, mfu 61.62%
iter 63100: loss 3.7013, time 2738.44ms, mfu 61.84%
iter 63110: loss 3.7746, time 2739.16ms, mfu 62.03%
iter 63120: loss 3.6639, time 2737.78ms, mfu 62.21%
iter 63130: loss 3.7006, time 2742.62ms, mfu 62.36%
iter 63140: loss 3.8278, time 2737.39ms, mfu 62.51%
iter 63150: loss 3.7550, time 2734.08ms, mfu 62.65%
iter 63160: loss 3.6900, time 2737.99ms, mfu 62.76%
iter 63170: loss 3.7726, time 2742.38ms, mfu 62.86%
iter 63180: loss 3.7735, time 2741.16ms, mfu 62.95%
iter 63190: loss 3.7571, time 2738.02ms, mfu 63.03%
iter 63200: loss 3.7350, time 2735.86ms, mfu 63.12%
iter 63210: loss 3.6309, time 2736.43ms, mfu 63.19%
iter 63220: loss 3.7671, time 2735.80ms, mfu 63.26%
iter 63230: loss 3.6859, time 2736.79ms, mfu 63.31%
iter 63240: loss 3.7655, time 2736.10ms, mfu 63.37%
iter 63250: loss 3.8435, time 2742.26ms, mfu 63.40%
iter 63260: loss 3.8300, time 2738.64ms, mfu 63.44%
iter 63270: loss 3.7475, time 2735.62ms, mfu 63.48%
iter 63280: loss 3.6623, time 2735.98ms, mfu 63.52%
iter 63290: loss 3.6257, time 2739.03ms, mfu 63.55%
iter 63300: loss 3.6133, time 2736.47ms, mfu 63.58%
iter 63310: loss 3.6741, time 2741.05ms, mfu 63.59%
iter 63320: loss 3.5942, time 2741.73ms, mfu 63.61%
iter 63330: loss 3.7160, time 2741.51ms, mfu 63.62%
iter 63340: loss 3.7430, time 2742.85ms, mfu 63.63%
iter 63350: loss 3.7479, time 2736.52ms, mfu 63.65%
iter 63360: loss 3.7429, time 2738.85ms, mfu 63.66%
iter 63370: loss 3.7988, time 2737.89ms, mfu 63.68%
iter 63380: loss 3.6994, time 2740.03ms, mfu 63.69%
iter 63390: loss 3.7847, time 2737.73ms, mfu 63.70%
iter 63400: loss 3.7022, time 2736.40ms, mfu 63.71%
iter 63410: loss 3.6818, time 2739.92ms, mfu 63.72%
iter 63420: loss 3.7225, time 2737.03ms, mfu 63.73%
iter 63430: loss 3.7475, time 2738.08ms, mfu 63.74%
iter 63440: loss 3.7567, time 2738.07ms, mfu 63.75%
iter 63450: loss 3.6751, time 2739.09ms, mfu 63.75%
iter 63460: loss 3.8522, time 2742.60ms, mfu 63.75%
iter 63470: loss 3.8058, time 2739.26ms, mfu 63.75%
iter 63480: loss 3.7247, time 2737.55ms, mfu 63.76%
iter 63490: loss 3.7773, time 2736.58ms, mfu 63.77%
iter 63500: loss 3.7539, time 2735.48ms, mfu 63.78%
iter 63510: loss 3.7224, time 2743.06ms, mfu 63.77%
iter 63520: loss 3.6945, time 2736.79ms, mfu 63.77%
iter 63530: loss 3.7557, time 2736.35ms, mfu 63.78%
iter 63540: loss 3.6735, time 2741.10ms, mfu 63.78%
iter 63550: loss 3.7842, time 2737.39ms, mfu 63.78%
iter 63560: loss 3.7573, time 2741.88ms, mfu 63.78%
iter 63570: loss 3.7148, time 2737.86ms, mfu 63.78%
iter 63580: loss 3.7063, time 2740.92ms, mfu 63.78%
iter 63590: loss 3.6959, time 2736.75ms, mfu 63.78%
iter 63600: loss 3.8075, time 2737.26ms, mfu 63.79%
iter 63610: loss 3.6708, time 2736.80ms, mfu 63.79%
iter 63620: loss 3.6765, time 2738.63ms, mfu 63.79%
iter 63630: loss 3.6819, time 2737.86ms, mfu 63.80%
iter 63640: loss 3.7047, time 2739.30ms, mfu 63.79%
iter 63650: loss 3.7416, time 2738.63ms, mfu 63.79%
iter 63660: loss 3.7025, time 2737.66ms, mfu 63.80%
iter 63670: loss 3.7106, time 2737.82ms, mfu 63.80%
iter 63680: loss 3.6878, time 2744.26ms, mfu 63.79%
iter 63690: loss 3.6950, time 2737.04ms, mfu 63.79%
iter 63700: loss 3.7813, time 2734.93ms, mfu 63.80%
iter 63710: loss 3.7272, time 2738.06ms, mfu 63.80%
iter 63720: loss 3.6529, time 2738.56ms, mfu 63.80%
iter 63730: loss 3.7143, time 2739.81ms, mfu 63.80%
iter 63740: loss 3.7881, time 2735.33ms, mfu 63.80%
iter 63750: loss 3.7519, time 2739.66ms, mfu 63.80%
iter 63760: loss 3.7986, time 2739.91ms, mfu 63.80%
iter 63770: loss 3.6658, time 2742.07ms, mfu 63.79%
iter 63780: loss 3.6712, time 2741.13ms, mfu 63.78%
iter 63790: loss 3.7795, time 2739.79ms, mfu 63.78%
iter 63800: loss 3.7209, time 2737.05ms, mfu 63.79%
iter 63810: loss 3.7171, time 2736.16ms, mfu 63.79%
iter 63820: loss 3.8005, time 2737.65ms, mfu 63.80%
iter 63830: loss 3.6483, time 2738.29ms, mfu 63.80%
iter 63840: loss 3.7847, time 2742.41ms, mfu 63.79%
iter 63850: loss 3.7406, time 2738.38ms, mfu 63.79%
iter 63860: loss 3.7652, time 2739.22ms, mfu 63.79%
iter 63870: loss 3.8218, time 2739.95ms, mfu 63.79%
iter 63880: loss 3.6916, time 2738.82ms, mfu 63.79%
iter 63890: loss 3.9043, time 2738.54ms, mfu 63.79%
iter 63900: loss 3.7806, time 2738.89ms, mfu 63.79%
iter 63910: loss 3.7712, time 2740.49ms, mfu 63.79%
iter 63920: loss 3.7849, time 2741.60ms, mfu 63.78%
iter 63930: loss 3.7432, time 2737.81ms, mfu 63.78%
iter 63940: loss 3.7639, time 2737.21ms, mfu 63.79%
iter 63950: loss 3.7264, time 2737.61ms, mfu 63.79%
iter 63960: loss 3.7877, time 2737.13ms, mfu 63.79%
iter 63970: loss 3.7341, time 2737.46ms, mfu 63.80%
iter 63980: loss 3.6723, time 2737.00ms, mfu 63.80%
iter 63990: loss 3.6518, time 2738.92ms, mfu 63.80%
step 64000: train loss 3.5658, val loss 3.5759
saving checkpoint to /net/scratch2/junyuren/nanoGPT-manifold/out-openwebtext-baseline
iter 64000: loss 3.6761, time 19429.66ms, mfu 58.32%
iter 64010: loss 3.7919, time 2735.61ms, mfu 58.87%
iter 64020: loss 3.7141, time 2741.19ms, mfu 59.36%
iter 64030: loss 3.6726, time 2746.78ms, mfu 59.79%
iter 64040: loss 3.7537, time 2746.19ms, mfu 60.17%
iter 64050: loss 3.7686, time 2747.02ms, mfu 60.51%
iter 64060: loss 3.7225, time 2747.96ms, mfu 60.82%
iter 64070: loss 3.6834, time 2738.54ms, mfu 61.12%
iter 64080: loss 3.7759, time 2742.53ms, mfu 61.38%
iter 64090: loss 3.7405, time 2742.04ms, mfu 61.61%
iter 64100: loss 3.7916, time 2742.11ms, mfu 61.82%
iter 64110: loss 3.6393, time 2740.41ms, mfu 62.01%
iter 64120: loss 3.7334, time 2742.32ms, mfu 62.18%
iter 64130: loss 3.7539, time 2740.76ms, mfu 62.34%
iter 64140: loss 3.7314, time 2745.66ms, mfu 62.47%
iter 64150: loss 3.7581, time 2743.01ms, mfu 62.59%
iter 64160: loss 3.7740, time 2744.96ms, mfu 62.70%
iter 64170: loss 3.7274, time 2739.77ms, mfu 62.80%
iter 64180: loss 3.7785, time 2737.67ms, mfu 62.91%
iter 64190: loss 3.7121, time 2737.04ms, mfu 63.00%
iter 64200: loss 3.7986, time 2743.99ms, mfu 63.07%
iter 64210: loss 3.6527, time 2740.56ms, mfu 63.13%
iter 64220: loss 3.7883, time 2742.77ms, mfu 63.19%
iter 64230: loss 3.8068, time 2747.23ms, mfu 63.23%
iter 64240: loss 3.7531, time 2699.95ms, mfu 63.38%
iter 64250: loss 3.7548, time 2711.23ms, mfu 63.49%
iter 64260: loss 3.6926, time 2730.56ms, mfu 63.54%
iter 64270: loss 3.6519, time 2696.69ms, mfu 63.66%
iter 64280: loss 3.6886, time 2725.35ms, mfu 63.71%
iter 64290: loss 3.7057, time 2728.56ms, mfu 63.74%
iter 64300: loss 3.7265, time 2734.41ms, mfu 63.75%
iter 64310: loss 3.7553, time 2737.53ms, mfu 63.76%
iter 64320: loss 3.6963, time 2737.68ms, mfu 63.77%
iter 64330: loss 3.8081, time 2738.27ms, mfu 63.77%
iter 64340: loss 3.7659, time 2743.77ms, mfu 63.76%
iter 64350: loss 3.7295, time 2741.06ms, mfu 63.76%
iter 64360: loss 3.7544, time 2737.25ms, mfu 63.77%
iter 64370: loss 3.7726, time 2736.90ms, mfu 63.77%
iter 64380: loss 3.7189, time 2739.14ms, mfu 63.77%
iter 64390: loss 3.7556, time 2740.46ms, mfu 63.77%
iter 64400: loss 3.7494, time 2738.18ms, mfu 63.78%
iter 64410: loss 3.7854, time 2734.57ms, mfu 63.79%
iter 64420: loss 3.7983, time 2738.17ms, mfu 63.79%
iter 64430: loss 3.6846, time 2738.14ms, mfu 63.79%
iter 64440: loss 3.6865, time 2737.61ms, mfu 63.79%
iter 64450: loss 3.7180, time 2736.79ms, mfu 63.80%
iter 64460: loss 3.7111, time 2735.63ms, mfu 63.81%
iter 64470: loss 3.6496, time 2737.07ms, mfu 63.81%
iter 64480: loss 3.7426, time 2734.62ms, mfu 63.82%
iter 64490: loss 3.6753, time 2738.30ms, mfu 63.81%
iter 64500: loss 3.6952, time 2736.84ms, mfu 63.82%
iter 64510: loss 3.7169, time 2738.27ms, mfu 63.82%
iter 64520: loss 3.7779, time 2740.45ms, mfu 63.81%
iter 64530: loss 3.6735, time 2738.50ms, mfu 63.81%
iter 64540: loss 3.7419, time 2734.69ms, mfu 63.82%
iter 64550: loss 3.7669, time 2732.36ms, mfu 63.83%
iter 64560: loss 3.7102, time 2737.88ms, mfu 63.83%
iter 64570: loss 3.6822, time 2739.34ms, mfu 63.82%
iter 64580: loss 3.7359, time 2739.39ms, mfu 63.82%
iter 64590: loss 3.7554, time 2738.94ms, mfu 63.82%
iter 64600: loss 3.7319, time 2736.39ms, mfu 63.82%
iter 64610: loss 3.6661, time 2735.78ms, mfu 63.82%
iter 64620: loss 3.7800, time 2733.21ms, mfu 63.83%
iter 64630: loss 3.7432, time 2735.88ms, mfu 63.84%
iter 64640: loss 3.7971, time 2740.73ms, mfu 63.83%
iter 64650: loss 3.7774, time 2736.19ms, mfu 63.83%
iter 64660: loss 3.8107, time 2736.26ms, mfu 63.83%
iter 64670: loss 3.7391, time 2736.75ms, mfu 63.83%
iter 64680: loss 3.7920, time 2740.46ms, mfu 63.82%
iter 64690: loss 3.7404, time 2740.18ms, mfu 63.82%
iter 64700: loss 3.6198, time 2738.49ms, mfu 63.82%
iter 64710: loss 3.7605, time 2738.00ms, mfu 63.82%
iter 64720: loss 3.7056, time 2739.26ms, mfu 63.81%
iter 64730: loss 3.8054, time 2741.02ms, mfu 63.81%
iter 64740: loss 3.6960, time 2735.33ms, mfu 63.81%
iter 64750: loss 3.7111, time 2733.42ms, mfu 63.82%
iter 64760: loss 3.6507, time 2738.14ms, mfu 63.82%
iter 64770: loss 3.7430, time 2739.13ms, mfu 63.82%
iter 64780: loss 3.6980, time 2739.77ms, mfu 63.81%
iter 64790: loss 3.7172, time 2738.65ms, mfu 63.81%
iter 64800: loss 3.7135, time 2740.18ms, mfu 63.81%
iter 64810: loss 3.7473, time 2739.20ms, mfu 63.80%
iter 64820: loss 3.6515, time 2740.07ms, mfu 63.80%
iter 64830: loss 3.7755, time 2734.65ms, mfu 63.81%
iter 64840: loss 3.8124, time 2734.69ms, mfu 63.82%
iter 64850: loss 3.6797, time 2740.54ms, mfu 63.81%
iter 64860: loss 3.7273, time 2737.32ms, mfu 63.81%
iter 64870: loss 3.7576, time 2738.87ms, mfu 63.81%
iter 64880: loss 3.7427, time 2741.96ms, mfu 63.80%
iter 64890: loss 3.7901, time 2737.96ms, mfu 63.80%
iter 64900: loss 3.7023, time 2740.01ms, mfu 63.80%
iter 64910: loss 3.7088, time 2738.77ms, mfu 63.80%
iter 64920: loss 3.6766, time 2740.57ms, mfu 63.79%
iter 64930: loss 3.6567, time 2742.45ms, mfu 63.78%
iter 64940: loss 3.6641, time 2739.59ms, mfu 63.78%
iter 64950: loss 3.6999, time 2740.27ms, mfu 63.78%
iter 64960: loss 3.6856, time 2739.52ms, mfu 63.78%
iter 64970: loss 3.7580, time 2740.72ms, mfu 63.78%
iter 64980: loss 3.7241, time 2734.16ms, mfu 63.79%
iter 64990: loss 3.7650, time 2741.60ms, mfu 63.78%
step 65000: train loss 3.5773, val loss 3.5863
saving checkpoint to /net/scratch2/junyuren/nanoGPT-manifold/out-openwebtext-baseline
iter 65000: loss 3.8024, time 19314.76ms, mfu 58.31%
iter 65010: loss 3.6923, time 2739.14ms, mfu 58.86%
iter 65020: loss 3.7975, time 2743.74ms, mfu 59.34%
iter 65030: loss 3.7630, time 2743.28ms, mfu 59.77%
iter 65040: loss 3.7186, time 2740.32ms, mfu 60.17%
iter 65050: loss 3.7083, time 2766.45ms, mfu 60.47%
iter 65060: loss 3.6963, time 2741.50ms, mfu 60.80%
iter 65070: loss 3.7031, time 2739.73ms, mfu 61.09%
iter 65080: loss 3.7385, time 2737.42ms, mfu 61.37%
iter 65090: loss 3.6747, time 2739.69ms, mfu 61.61%
iter 65100: loss 3.7615, time 2742.42ms, mfu 61.82%
iter 65110: loss 3.7729, time 2736.79ms, mfu 62.02%
iter 65120: loss 3.7626, time 2739.61ms, mfu 62.20%
iter 65130: loss 3.7382, time 2739.05ms, mfu 62.35%
iter 65140: loss 3.6952, time 2739.31ms, mfu 62.50%
iter 65150: loss 3.6509, time 2739.70ms, mfu 62.62%
iter 65160: loss 3.8098, time 2738.22ms, mfu 62.74%
iter 65170: loss 3.7415, time 2738.21ms, mfu 62.85%
iter 65180: loss 3.7834, time 2737.09ms, mfu 62.95%
iter 65190: loss 3.6920, time 2734.96ms, mfu 63.04%
iter 65200: loss 3.7461, time 2739.58ms, mfu 63.11%
iter 65210: loss 3.7319, time 2737.92ms, mfu 63.18%
iter 65220: loss 3.6921, time 2737.60ms, mfu 63.25%
iter 65230: loss 3.7225, time 2738.40ms, mfu 63.30%
iter 65240: loss 3.6927, time 2736.49ms, mfu 63.36%
iter 65250: loss 3.7577, time 2734.83ms, mfu 63.41%
iter 65260: loss 3.6541, time 2734.18ms, mfu 63.46%
iter 65270: loss 3.7687, time 2737.36ms, mfu 63.50%
iter 65280: loss 3.7925, time 2741.55ms, mfu 63.52%
iter 65290: loss 3.8284, time 2737.92ms, mfu 63.55%
iter 65300: loss 3.7065, time 2740.00ms, mfu 63.57%
iter 65310: loss 3.7119, time 2739.07ms, mfu 63.59%
iter 65320: loss 3.7517, time 2743.03ms, mfu 63.60%
iter 65330: loss 3.7912, time 2737.22ms, mfu 63.62%
iter 65340: loss 3.6943, time 2739.91ms, mfu 63.64%
iter 65350: loss 3.7854, time 2733.45ms, mfu 63.67%
iter 65360: loss 3.6382, time 2739.64ms, mfu 63.68%
iter 65370: loss 3.6797, time 2739.29ms, mfu 63.69%
iter 65380: loss 3.6828, time 2734.49ms, mfu 63.71%
iter 65390: loss 3.7588, time 2737.14ms, mfu 63.72%
iter 65400: loss 3.6909, time 2737.55ms, mfu 63.73%
iter 65410: loss 3.7217, time 2737.22ms, mfu 63.74%
iter 65420: loss 3.7309, time 2739.10ms, mfu 63.74%
iter 65430: loss 3.6717, time 2735.23ms, mfu 63.76%
iter 65440: loss 3.8158, time 2733.17ms, mfu 63.77%
iter 65450: loss 3.7748, time 2737.47ms, mfu 63.78%
iter 65460: loss 3.7271, time 2737.42ms, mfu 63.78%
iter 65470: loss 3.7186, time 2736.06ms, mfu 63.79%
iter 65480: loss 3.7990, time 2731.59ms, mfu 63.81%
iter 65490: loss 3.6238, time 2738.33ms, mfu 63.81%
iter 65500: loss 3.6707, time 2739.22ms, mfu 63.81%
iter 65510: loss 3.7158, time 2739.39ms, mfu 63.80%
iter 65520: loss 3.6604, time 2738.67ms, mfu 63.80%
iter 65530: loss 3.7400, time 2736.74ms, mfu 63.81%
iter 65540: loss 3.7776, time 2738.20ms, mfu 63.81%
iter 65550: loss 3.6926, time 2736.17ms, mfu 63.81%
iter 65560: loss 3.7241, time 2735.66ms, mfu 63.82%
iter 65570: loss 3.7267, time 2736.77ms, mfu 63.82%
iter 65580: loss 3.6828, time 2738.59ms, mfu 63.82%
iter 65590: loss 3.6715, time 2738.43ms, mfu 63.81%
iter 65600: loss 3.7318, time 2736.86ms, mfu 63.82%
iter 65610: loss 3.7537, time 2733.01ms, mfu 63.83%
iter 65620: loss 3.7505, time 2734.51ms, mfu 63.83%
iter 65630: loss 3.7479, time 2739.90ms, mfu 63.83%
iter 65640: loss 3.5847, time 2741.56ms, mfu 63.82%
iter 65650: loss 3.7579, time 2739.01ms, mfu 63.81%
iter 65660: loss 3.7263, time 2738.10ms, mfu 63.81%
iter 65670: loss 3.7682, time 2736.50ms, mfu 63.82%
iter 65680: loss 3.7152, time 2734.98ms, mfu 63.82%
iter 65690: loss 3.6422, time 2736.69ms, mfu 63.83%
iter 65700: loss 3.7116, time 2734.97ms, mfu 63.83%
iter 65710: loss 3.7177, time 2737.95ms, mfu 63.83%
iter 65720: loss 3.7107, time 2737.57ms, mfu 63.83%
iter 65730: loss 3.7457, time 2738.74ms, mfu 63.83%
iter 65740: loss 3.7639, time 2735.55ms, mfu 63.83%
iter 65750: loss 3.6881, time 2739.76ms, mfu 63.82%
iter 65760: loss 3.8156, time 2734.25ms, mfu 63.83%
iter 65770: loss 3.7020, time 2735.94ms, mfu 63.83%
iter 65780: loss 3.6526, time 2737.19ms, mfu 63.83%
iter 65790: loss 3.6994, time 2737.49ms, mfu 63.83%
iter 65800: loss 3.6940, time 2737.31ms, mfu 63.83%
iter 65810: loss 3.7254, time 2738.77ms, mfu 63.83%
iter 65820: loss 3.7427, time 2738.35ms, mfu 63.83%
iter 65830: loss 3.7433, time 2731.22ms, mfu 63.84%
iter 65840: loss 3.8033, time 2738.87ms, mfu 63.83%
iter 65850: loss 3.7856, time 2737.56ms, mfu 63.83%
iter 65860: loss 3.6564, time 2738.53ms, mfu 63.83%
iter 65870: loss 3.7518, time 2737.00ms, mfu 63.83%
iter 65880: loss 3.7412, time 2737.77ms, mfu 63.83%
iter 65890: loss 3.7582, time 2735.11ms, mfu 63.83%
iter 65900: loss 3.8252, time 2736.19ms, mfu 63.84%
iter 65910: loss 3.6937, time 2736.35ms, mfu 63.84%
iter 65920: loss 3.6809, time 2735.98ms, mfu 63.84%
iter 65930: loss 3.8356, time 2734.02ms, mfu 63.85%
iter 65940: loss 3.7687, time 2736.82ms, mfu 63.85%
iter 65950: loss 3.6894, time 2735.61ms, mfu 63.85%
iter 65960: loss 3.7881, time 2735.08ms, mfu 63.85%
iter 65970: loss 3.8063, time 2734.55ms, mfu 63.85%
iter 65980: loss 3.7858, time 2738.08ms, mfu 63.85%
iter 65990: loss 3.7225, time 2738.74ms, mfu 63.84%
step 66000: train loss 3.5849, val loss 3.5912
saving checkpoint to /net/scratch2/junyuren/nanoGPT-manifold/out-openwebtext-baseline
iter 66000: loss 3.7516, time 18911.09ms, mfu 58.38%
iter 66010: loss 3.6603, time 2732.86ms, mfu 58.94%
iter 66020: loss 3.7635, time 2737.02ms, mfu 59.43%
iter 66030: loss 3.6571, time 2742.68ms, mfu 59.86%
iter 66040: loss 3.7364, time 2747.36ms, mfu 60.23%
iter 66050: loss 3.6164, time 2746.18ms, mfu 60.57%
iter 66060: loss 3.7719, time 2745.91ms, mfu 60.87%
iter 66070: loss 3.6782, time 2742.30ms, mfu 61.16%
iter 66080: loss 3.5785, time 2742.21ms, mfu 61.41%
iter 66090: loss 3.7188, time 2739.76ms, mfu 61.65%
iter 66100: loss 3.7349, time 2744.11ms, mfu 61.85%
iter 66110: loss 3.6796, time 2741.32ms, mfu 62.04%
iter 66120: loss 3.7105, time 2738.80ms, mfu 62.21%
iter 66130: loss 3.6650, time 2740.70ms, mfu 62.37%
iter 66140: loss 3.7602, time 2738.31ms, mfu 62.51%
iter 66150: loss 3.7295, time 2736.78ms, mfu 62.64%
iter 66160: loss 3.6620, time 2743.19ms, mfu 62.75%
iter 66170: loss 3.8119, time 2740.30ms, mfu 62.85%
iter 66180: loss 3.7115, time 2738.52ms, mfu 62.94%
iter 66190: loss 3.7545, time 2740.13ms, mfu 63.03%
iter 66200: loss 3.7613, time 2743.89ms, mfu 63.09%
iter 66210: loss 3.7859, time 2736.97ms, mfu 63.17%
iter 66220: loss 3.6588, time 2737.22ms, mfu 63.23%
iter 66230: loss 3.7055, time 2743.13ms, mfu 63.28%
iter 66240: loss 3.7101, time 2736.81ms, mfu 63.33%
iter 66250: loss 3.7184, time 2737.55ms, mfu 63.38%
iter 66260: loss 3.7751, time 2740.78ms, mfu 63.42%
iter 66270: loss 3.7805, time 2737.82ms, mfu 63.46%
iter 66280: loss 3.6377, time 2739.48ms, mfu 63.49%
iter 66290: loss 3.7715, time 2737.58ms, mfu 63.52%
iter 66300: loss 3.7034, time 2740.73ms, mfu 63.55%
iter 66310: loss 3.6985, time 2736.99ms, mfu 63.57%
iter 66320: loss 3.7873, time 2739.32ms, mfu 63.60%
iter 66330: loss 3.6926, time 2737.22ms, mfu 63.62%
iter 66340: loss 3.6985, time 2743.60ms, mfu 63.62%
iter 66350: loss 3.7117, time 2736.44ms, mfu 63.65%
iter 66360: loss 3.6296, time 2737.82ms, mfu 63.66%
iter 66370: loss 3.6989, time 2738.68ms, mfu 63.68%
iter 66380: loss 3.7113, time 2738.34ms, mfu 63.69%
iter 66390: loss 3.6933, time 2740.51ms, mfu 63.70%
iter 66400: loss 3.7224, time 2737.05ms, mfu 63.71%
iter 66410: loss 3.7624, time 2740.05ms, mfu 63.72%
iter 66420: loss 3.6926, time 2740.07ms, mfu 63.72%
iter 66430: loss 3.6902, time 2737.12ms, mfu 63.73%
iter 66440: loss 3.7496, time 2735.45ms, mfu 63.74%
iter 66450: loss 3.7422, time 2736.22ms, mfu 63.76%
iter 66460: loss 3.6995, time 2738.38ms, mfu 63.76%
iter 66470: loss 3.7081, time 2742.28ms, mfu 63.76%
iter 66480: loss 3.7498, time 2734.60ms, mfu 63.77%
iter 66490: loss 3.7405, time 2739.25ms, mfu 63.77%
iter 66500: loss 3.5990, time 2735.68ms, mfu 63.78%
iter 66510: loss 3.7594, time 2736.02ms, mfu 63.79%
iter 66520: loss 3.7800, time 2736.30ms, mfu 63.79%
iter 66530: loss 3.7803, time 2739.20ms, mfu 63.79%
iter 66540: loss 3.7425, time 2740.70ms, mfu 63.79%
iter 66550: loss 3.7545, time 2738.51ms, mfu 63.79%
iter 66560: loss 3.7263, time 2739.29ms, mfu 63.79%
iter 66570: loss 3.6964, time 2739.83ms, mfu 63.79%
iter 66580: loss 3.6442, time 2736.41ms, mfu 63.79%
iter 66590: loss 3.7700, time 2742.02ms, mfu 63.79%
iter 66600: loss 3.7656, time 2737.83ms, mfu 63.79%
iter 66610: loss 3.8039, time 2738.94ms, mfu 63.79%
iter 66620: loss 3.7025, time 2744.25ms, mfu 63.78%
iter 66630: loss 3.6872, time 2739.85ms, mfu 63.78%
iter 66640: loss 3.7526, time 2738.96ms, mfu 63.78%
iter 66650: loss 3.8194, time 2738.60ms, mfu 63.78%
iter 66660: loss 3.7808, time 2736.85ms, mfu 63.78%
iter 66670: loss 3.7922, time 2736.29ms, mfu 63.79%
iter 66680: loss 3.7378, time 2738.55ms, mfu 63.79%
iter 66690: loss 3.7755, time 2738.00ms, mfu 63.79%
iter 66700: loss 3.7389, time 2740.58ms, mfu 63.79%
iter 66710: loss 3.6092, time 2736.37ms, mfu 63.80%
iter 66720: loss 3.7742, time 2736.37ms, mfu 63.80%
iter 66730: loss 3.7834, time 2738.47ms, mfu 63.80%
iter 66740: loss 3.7225, time 2742.09ms, mfu 63.79%
iter 66750: loss 3.7354, time 2739.89ms, mfu 63.79%
iter 66760: loss 3.8005, time 2738.58ms, mfu 63.79%
iter 66770: loss 3.7481, time 2737.32ms, mfu 63.79%
iter 66780: loss 3.7147, time 2739.45ms, mfu 63.79%
iter 66790: loss 3.8309, time 2735.87ms, mfu 63.80%
iter 66800: loss 3.6919, time 2739.36ms, mfu 63.80%
iter 66810: loss 3.7806, time 2737.55ms, mfu 63.80%
iter 66820: loss 3.7177, time 2740.48ms, mfu 63.80%
iter 66830: loss 3.5992, time 2736.77ms, mfu 63.80%
iter 66840: loss 3.6922, time 2741.65ms, mfu 63.79%
iter 66850: loss 3.6749, time 2735.46ms, mfu 63.80%
iter 66860: loss 3.7651, time 2736.09ms, mfu 63.81%
iter 66870: loss 3.7259, time 2742.24ms, mfu 63.80%
iter 66880: loss 3.7482, time 2739.66ms, mfu 63.79%
iter 66890: loss 3.7557, time 2736.94ms, mfu 63.80%
iter 66900: loss 3.6845, time 2738.71ms, mfu 63.80%
iter 66910: loss 3.7624, time 2737.04ms, mfu 63.80%
iter 66920: loss 3.7555, time 2739.87ms, mfu 63.80%
iter 66930: loss 3.7848, time 2739.32ms, mfu 63.80%
iter 66940: loss 3.6479, time 2739.12ms, mfu 63.80%
iter 66950: loss 3.7804, time 2741.83ms, mfu 63.79%
iter 66960: loss 3.6705, time 2741.91ms, mfu 63.78%
iter 66970: loss 3.6719, time 2738.11ms, mfu 63.78%
iter 66980: loss 3.6817, time 2738.28ms, mfu 63.79%
iter 66990: loss 3.8066, time 2737.55ms, mfu 63.79%
step 67000: train loss 3.5876, val loss 3.5843
saving checkpoint to /net/scratch2/junyuren/nanoGPT-manifold/out-openwebtext-baseline
iter 67000: loss 3.7265, time 18892.62ms, mfu 58.34%
iter 67010: loss 3.7767, time 2734.80ms, mfu 58.89%
iter 67020: loss 3.6317, time 2742.06ms, mfu 59.37%
iter 67030: loss 3.7392, time 2741.96ms, mfu 59.81%
iter 67040: loss 3.7193, time 2747.21ms, mfu 60.19%
iter 67050: loss 3.7553, time 2743.85ms, mfu 60.54%
iter 67060: loss 3.7285, time 2746.37ms, mfu 60.84%
iter 67070: loss 3.7994, time 2739.03ms, mfu 61.14%
iter 67080: loss 3.7164, time 2738.60ms, mfu 61.40%
iter 67090: loss 3.5845, time 2739.63ms, mfu 61.64%
iter 67100: loss 3.6613, time 2737.12ms, mfu 61.86%
iter 67110: loss 3.7552, time 2737.64ms, mfu 62.06%
iter 67120: loss 3.7469, time 2735.44ms, mfu 62.24%
iter 67130: loss 3.7546, time 2736.49ms, mfu 62.40%
iter 67140: loss 3.8518, time 2732.18ms, mfu 62.55%
iter 67150: loss 3.7855, time 2734.75ms, mfu 62.69%
iter 67160: loss 3.8084, time 2736.24ms, mfu 62.80%
iter 67170: loss 3.7405, time 2733.99ms, mfu 62.91%
iter 67180: loss 3.6840, time 2731.40ms, mfu 63.02%
iter 67190: loss 3.7199, time 2730.42ms, mfu 63.12%
iter 67200: loss 3.7844, time 2731.00ms, mfu 63.20%
iter 67210: loss 3.7806, time 2737.95ms, mfu 63.26%
iter 67220: loss 3.6332, time 2737.10ms, mfu 63.32%
iter 67230: loss 3.7474, time 2736.59ms, mfu 63.37%
iter 67240: loss 3.7565, time 2735.33ms, mfu 63.42%
iter 67250: loss 3.6903, time 2734.18ms, mfu 63.47%
iter 67260: loss 3.7715, time 2736.68ms, mfu 63.51%
iter 67270: loss 3.7036, time 2735.00ms, mfu 63.54%
iter 67280: loss 3.7202, time 2739.53ms, mfu 63.57%
iter 67290: loss 3.6747, time 2739.33ms, mfu 63.59%
iter 67300: loss 3.7472, time 2734.88ms, mfu 63.62%
iter 67310: loss 3.7377, time 2737.26ms, mfu 63.64%
iter 67320: loss 3.6364, time 2736.97ms, mfu 63.66%
iter 67330: loss 3.7208, time 2737.02ms, mfu 63.68%
iter 67340: loss 3.8121, time 2736.20ms, mfu 63.69%
iter 67350: loss 3.7452, time 2735.89ms, mfu 63.71%
iter 67360: loss 3.7589, time 2740.24ms, mfu 63.72%
iter 67370: loss 3.6864, time 2734.48ms, mfu 63.73%
iter 67380: loss 3.7215, time 2735.93ms, mfu 63.75%
iter 67390: loss 3.7714, time 2736.29ms, mfu 63.76%
iter 67400: loss 3.7493, time 2736.67ms, mfu 63.76%
iter 67410: loss 3.6983, time 2734.98ms, mfu 63.78%
iter 67420: loss 3.8042, time 2733.54ms, mfu 63.79%
iter 67430: loss 3.7759, time 2736.40ms, mfu 63.80%
iter 67440: loss 3.7820, time 2733.43ms, mfu 63.81%
iter 67450: loss 3.6863, time 2737.04ms, mfu 63.81%
iter 67460: loss 3.7547, time 2739.65ms, mfu 63.81%
iter 67470: loss 3.7108, time 2734.75ms, mfu 63.82%
iter 67480: loss 3.7142, time 2734.08ms, mfu 63.82%
iter 67490: loss 3.7935, time 2735.71ms, mfu 63.83%
iter 67500: loss 3.6839, time 2737.72ms, mfu 63.83%
iter 67510: loss 3.6631, time 2735.70ms, mfu 63.83%
iter 67520: loss 3.6700, time 2734.66ms, mfu 63.84%
iter 67530: loss 3.7735, time 2738.94ms, mfu 63.83%
iter 67540: loss 3.6321, time 2734.02ms, mfu 63.84%
iter 67550: loss 3.7795, time 2733.62ms, mfu 63.85%
iter 67560: loss 3.7537, time 2736.83ms, mfu 63.85%
iter 67570: loss 3.7651, time 2739.02ms, mfu 63.84%
iter 67580: loss 3.7714, time 2738.04ms, mfu 63.84%
iter 67590: loss 3.6985, time 2733.93ms, mfu 63.84%
iter 67600: loss 3.6826, time 2733.75ms, mfu 63.85%
iter 67610: loss 3.8090, time 2734.96ms, mfu 63.85%
iter 67620: loss 3.7462, time 2729.21ms, mfu 63.87%
iter 67630: loss 3.7350, time 2735.07ms, mfu 63.87%
iter 67640: loss 3.7833, time 2736.09ms, mfu 63.87%
iter 67650: loss 3.7424, time 2737.64ms, mfu 63.86%
iter 67660: loss 3.8225, time 2732.86ms, mfu 63.87%
iter 67670: loss 3.7189, time 2735.95ms, mfu 63.87%
iter 67680: loss 3.7384, time 2737.47ms, mfu 63.87%
iter 67690: loss 3.7636, time 2734.91ms, mfu 63.87%
iter 67700: loss 3.6770, time 2737.04ms, mfu 63.86%
iter 67710: loss 3.7650, time 2736.45ms, mfu 63.86%
iter 67720: loss 3.6818, time 2735.04ms, mfu 63.86%
iter 67730: loss 3.8176, time 2736.58ms, mfu 63.86%
iter 67740: loss 3.7926, time 2736.05ms, mfu 63.86%
iter 67750: loss 3.7709, time 2733.33ms, mfu 63.87%
iter 67760: loss 3.8056, time 2733.97ms, mfu 63.87%
iter 67770: loss 3.7050, time 2733.65ms, mfu 63.88%
iter 67780: loss 3.7086, time 2733.88ms, mfu 63.88%
iter 67790: loss 3.8168, time 2736.94ms, mfu 63.87%
iter 67800: loss 3.6303, time 2736.99ms, mfu 63.87%
iter 67810: loss 3.6778, time 2735.15ms, mfu 63.87%
iter 67820: loss 3.7944, time 2737.45ms, mfu 63.87%
iter 67830: loss 3.6988, time 2731.93ms, mfu 63.87%
iter 67840: loss 3.8195, time 2735.93ms, mfu 63.87%
iter 67850: loss 3.6926, time 2734.16ms, mfu 63.88%
iter 67860: loss 3.7985, time 2739.28ms, mfu 63.87%
iter 67870: loss 3.7875, time 2736.49ms, mfu 63.86%
iter 67880: loss 3.6820, time 2735.59ms, mfu 63.86%
iter 67890: loss 3.7254, time 2734.10ms, mfu 63.87%
iter 67900: loss 3.7041, time 2733.69ms, mfu 63.87%
iter 67910: loss 3.7315, time 2735.12ms, mfu 63.87%
iter 67920: loss 3.6776, time 2729.97ms, mfu 63.89%
iter 67930: loss 3.6948, time 2729.02ms, mfu 63.90%
iter 67940: loss 3.6860, time 2732.42ms, mfu 63.90%
iter 67950: loss 3.7952, time 2736.88ms, mfu 63.90%
iter 67960: loss 3.6744, time 2737.18ms, mfu 63.89%
iter 67970: loss 3.6646, time 2735.45ms, mfu 63.89%
iter 67980: loss 3.7323, time 2730.70ms, mfu 63.90%
iter 67990: loss 3.6585, time 2731.47ms, mfu 63.90%
step 68000: train loss 3.5763, val loss 3.5871
saving checkpoint to /net/scratch2/junyuren/nanoGPT-manifold/out-openwebtext-baseline
iter 68000: loss 3.7330, time 18905.80ms, mfu 58.44%
iter 68010: loss 3.6768, time 2736.46ms, mfu 58.98%
iter 68020: loss 3.7064, time 2745.38ms, mfu 59.44%
iter 68030: loss 3.7554, time 2744.25ms, mfu 59.87%
iter 68040: loss 3.6776, time 2738.10ms, mfu 60.26%
iter 68050: loss 3.7253, time 2738.43ms, mfu 60.62%
iter 68060: loss 3.7445, time 2737.48ms, mfu 60.94%
iter 68070: loss 3.7034, time 2734.73ms, mfu 61.23%
iter 68080: loss 3.7236, time 2730.04ms, mfu 61.51%
iter 68090: loss 3.7711, time 2734.11ms, mfu 61.75%
iter 68100: loss 3.7708, time 2738.40ms, mfu 61.95%
iter 68110: loss 3.6944, time 2732.98ms, mfu 62.15%
iter 68120: loss 3.7424, time 2734.30ms, mfu 62.32%
iter 68130: loss 3.7519, time 2734.10ms, mfu 62.48%
iter 68140: loss 3.7864, time 2738.03ms, mfu 62.62%
iter 68150: loss 3.7754, time 2735.90ms, mfu 62.74%
iter 68160: loss 3.7746, time 2739.59ms, mfu 62.84%
iter 68170: loss 3.6904, time 2734.37ms, mfu 62.95%
iter 68180: loss 3.7771, time 2732.43ms, mfu 63.05%
iter 68190: loss 3.7347, time 2740.50ms, mfu 63.12%
iter 68200: loss 3.6885, time 2735.64ms, mfu 63.19%
iter 68210: loss 3.7351, time 2733.45ms, mfu 63.27%
iter 68220: loss 3.6400, time 2734.95ms, mfu 63.33%
iter 68230: loss 3.8173, time 2737.20ms, mfu 63.38%
iter 68240: loss 3.8208, time 2733.52ms, mfu 63.43%
iter 68250: loss 3.7445, time 2737.42ms, mfu 63.47%
iter 68260: loss 3.6719, time 2737.48ms, mfu 63.51%
iter 68270: loss 3.7383, time 2737.78ms, mfu 63.54%
iter 68280: loss 3.6664, time 2738.71ms, mfu 63.56%
iter 68290: loss 3.6744, time 2737.46ms, mfu 63.59%
iter 68300: loss 3.7079, time 2735.86ms, mfu 63.62%
iter 68310: loss 3.6865, time 2738.51ms, mfu 63.63%
iter 68320: loss 3.7453, time 2734.12ms, mfu 63.66%
iter 68330: loss 3.8324, time 2740.22ms, mfu 63.67%
iter 68340: loss 3.7428, time 2735.35ms, mfu 63.69%
iter 68350: loss 3.7240, time 2730.91ms, mfu 63.72%
iter 68360: loss 3.7841, time 2735.06ms, mfu 63.74%
iter 68370: loss 3.7399, time 2735.13ms, mfu 63.75%
iter 68380: loss 3.7200, time 2736.52ms, mfu 63.76%
iter 68390: loss 3.7788, time 2733.71ms, mfu 63.77%
iter 68400: loss 3.7315, time 2731.52ms, mfu 63.79%
iter 68410: loss 3.8114, time 2736.96ms, mfu 63.80%
iter 68420: loss 3.7302, time 2733.69ms, mfu 63.81%
iter 68430: loss 3.6836, time 2737.18ms, mfu 63.81%
iter 68440: loss 3.7891, time 2737.50ms, mfu 63.81%
iter 68450: loss 3.7723, time 2736.84ms, mfu 63.81%
iter 68460: loss 3.6839, time 2736.41ms, mfu 63.82%
iter 68470: loss 3.6815, time 2737.03ms, mfu 63.82%
iter 68480: loss 3.6690, time 2740.19ms, mfu 63.81%
iter 68490: loss 3.8522, time 2734.54ms, mfu 63.82%
iter 68500: loss 3.8326, time 2736.54ms, mfu 63.82%
iter 68510: loss 3.7475, time 2732.08ms, mfu 63.84%
iter 68520: loss 3.7981, time 2734.55ms, mfu 63.84%
iter 68530: loss 3.7656, time 2734.69ms, mfu 63.85%
iter 68540: loss 3.7324, time 2736.87ms, mfu 63.85%
iter 68550: loss 3.6398, time 2737.64ms, mfu 63.84%
iter 68560: loss 3.7709, time 2737.02ms, mfu 63.84%
iter 68570: loss 3.6553, time 2735.89ms, mfu 63.84%
iter 68580: loss 3.7380, time 2733.96ms, mfu 63.85%
iter 68590: loss 3.6924, time 2735.95ms, mfu 63.85%
iter 68600: loss 3.7823, time 2737.69ms, mfu 63.85%
iter 68610: loss 3.7827, time 2736.17ms, mfu 63.85%
iter 68620: loss 3.7737, time 2735.77ms, mfu 63.85%
iter 68630: loss 3.6711, time 2737.63ms, mfu 63.85%
iter 68640: loss 3.7315, time 2735.78ms, mfu 63.85%
iter 68650: loss 3.7805, time 2734.51ms, mfu 63.85%
iter 68660: loss 3.7655, time 2734.81ms, mfu 63.86%
iter 68670: loss 3.7454, time 2737.42ms, mfu 63.85%
iter 68680: loss 3.7570, time 2737.26ms, mfu 63.85%
iter 68690: loss 3.7085, time 2737.40ms, mfu 63.85%
iter 68700: loss 3.6914, time 2739.27ms, mfu 63.84%
iter 68710: loss 3.6667, time 2734.41ms, mfu 63.85%
iter 68720: loss 3.6680, time 2736.11ms, mfu 63.85%
iter 68730: loss 3.7709, time 2737.60ms, mfu 63.84%
iter 68740: loss 3.7186, time 2741.52ms, mfu 63.83%
iter 68750: loss 3.6693, time 2738.70ms, mfu 63.83%
iter 68760: loss 3.7392, time 2737.05ms, mfu 63.83%
iter 68770: loss 3.6600, time 2736.52ms, mfu 63.83%
iter 68780: loss 3.7823, time 2733.11ms, mfu 63.84%
iter 68790: loss 3.6951, time 2733.61ms, mfu 63.85%
iter 68800: loss 3.6774, time 2737.27ms, mfu 63.85%
iter 68810: loss 3.7494, time 2735.97ms, mfu 63.85%
iter 68820: loss 3.7734, time 2735.73ms, mfu 63.85%
iter 68830: loss 3.7764, time 2735.49ms, mfu 63.85%
iter 68840: loss 3.6982, time 2736.29ms, mfu 63.85%
iter 68850: loss 3.6840, time 2735.92ms, mfu 63.85%
iter 68860: loss 3.6739, time 2735.59ms, mfu 63.85%
iter 68870: loss 3.7757, time 2738.52ms, mfu 63.85%
iter 68880: loss 3.8003, time 2736.59ms, mfu 63.85%
iter 68890: loss 3.7074, time 2736.09ms, mfu 63.85%
iter 68900: loss 3.6883, time 2736.33ms, mfu 63.85%
iter 68910: loss 3.6853, time 2727.23ms, mfu 63.87%
iter 68920: loss 3.7302, time 2748.47ms, mfu 63.84%
iter 68930: loss 3.7412, time 2742.46ms, mfu 63.83%
iter 68940: loss 3.5808, time 2743.32ms, mfu 63.81%
iter 68950: loss 3.6705, time 2747.28ms, mfu 63.79%
iter 68960: loss 3.7683, time 2743.36ms, mfu 63.78%
iter 68970: loss 3.7035, time 2736.44ms, mfu 63.79%
iter 68980: loss 3.6875, time 2741.75ms, mfu 63.78%
iter 68990: loss 3.7206, time 2737.64ms, mfu 63.78%
step 69000: train loss 3.5710, val loss 3.5737
saving checkpoint to /net/scratch2/junyuren/nanoGPT-manifold/out-openwebtext-baseline
iter 69000: loss 3.7834, time 18855.18ms, mfu 58.33%
iter 69010: loss 3.7536, time 2736.58ms, mfu 58.88%
iter 69020: loss 3.8511, time 2747.07ms, mfu 59.36%
iter 69030: loss 3.8067, time 2744.26ms, mfu 59.79%
iter 69040: loss 3.7497, time 2747.01ms, mfu 60.17%
iter 69050: loss 3.7283, time 2744.16ms, mfu 60.52%
iter 69060: loss 3.7282, time 2739.54ms, mfu 60.84%
iter 69070: loss 3.7305, time 2739.01ms, mfu 61.14%
iter 69080: loss 3.8227, time 2740.06ms, mfu 61.40%
iter 69090: loss 3.7253, time 2738.45ms, mfu 61.64%
iter 69100: loss 3.7801, time 2738.46ms, mfu 61.86%
iter 69110: loss 3.6114, time 2736.40ms, mfu 62.06%
iter 69120: loss 3.7271, time 2744.09ms, mfu 62.22%
iter 69130: loss 3.7391, time 2739.05ms, mfu 62.37%
iter 69140: loss 3.6726, time 2740.00ms, mfu 62.51%
iter 69150: loss 3.7410, time 2737.17ms, mfu 62.64%
iter 69160: loss 3.6870, time 2735.44ms, mfu 62.77%
iter 69170: loss 3.7558, time 2736.51ms, mfu 62.88%
iter 69180: loss 3.6976, time 2737.52ms, mfu 62.97%
iter 69190: loss 3.7013, time 2734.43ms, mfu 63.06%
iter 69200: loss 3.7560, time 2738.62ms, mfu 63.14%
iter 69210: loss 3.6795, time 2737.56ms, mfu 63.20%
iter 69220: loss 3.7364, time 2739.43ms, mfu 63.26%
iter 69230: loss 3.7729, time 2737.47ms, mfu 63.32%
iter 69240: loss 3.7462, time 2740.00ms, mfu 63.36%
iter 69250: loss 3.6568, time 2737.96ms, mfu 63.41%
iter 69260: loss 3.6824, time 2738.18ms, mfu 63.45%
iter 69270: loss 3.6260, time 2739.31ms, mfu 63.48%
iter 69280: loss 3.7366, time 2736.42ms, mfu 63.52%
iter 69290: loss 3.6871, time 2739.62ms, mfu 63.54%
iter 69300: loss 3.7466, time 2734.35ms, mfu 63.58%
iter 69310: loss 3.7345, time 2738.48ms, mfu 63.60%
iter 69320: loss 3.6679, time 2735.18ms, mfu 63.63%
iter 69330: loss 3.6947, time 2738.32ms, mfu 63.65%
iter 69340: loss 3.7360, time 2737.16ms, mfu 63.66%
iter 69350: loss 3.8481, time 2734.99ms, mfu 63.69%
iter 69360: loss 3.7663, time 2741.31ms, mfu 63.69%
iter 69370: loss 3.7196, time 2736.54ms, mfu 63.71%
iter 69380: loss 3.6981, time 2737.49ms, mfu 63.72%
iter 69390: loss 3.7684, time 2737.81ms, mfu 63.73%
iter 69400: loss 3.7776, time 2736.76ms, mfu 63.74%
iter 69410: loss 3.6373, time 2736.58ms, mfu 63.75%
iter 69420: loss 3.7931, time 2736.88ms, mfu 63.76%
iter 69430: loss 3.7014, time 2738.71ms, mfu 63.76%
iter 69440: loss 3.7925, time 2732.86ms, mfu 63.78%
iter 69450: loss 3.6502, time 2739.76ms, mfu 63.78%
iter 69460: loss 3.7716, time 2738.24ms, mfu 63.78%
iter 69470: loss 3.7402, time 2735.90ms, mfu 63.79%
iter 69480: loss 3.7377, time 2736.80ms, mfu 63.79%
iter 69490: loss 3.7464, time 2741.37ms, mfu 63.79%
iter 69500: loss 3.7586, time 2736.49ms, mfu 63.79%
iter 69510: loss 3.7249, time 2739.40ms, mfu 63.79%
iter 69520: loss 3.7294, time 2739.27ms, mfu 63.79%
iter 69530: loss 3.7176, time 2745.13ms, mfu 63.78%
iter 69540: loss 3.7703, time 2742.19ms, mfu 63.77%
iter 69550: loss 3.7188, time 2736.90ms, mfu 63.78%
iter 69560: loss 3.7249, time 2740.86ms, mfu 63.77%
iter 69570: loss 3.7508, time 2738.20ms, mfu 63.78%
iter 69580: loss 3.6297, time 2736.43ms, mfu 63.78%
iter 69590: loss 3.7056, time 2740.34ms, mfu 63.78%
iter 69600: loss 3.7682, time 2737.37ms, mfu 63.79%
iter 69610: loss 3.6942, time 2743.94ms, mfu 63.77%
iter 69620: loss 3.6300, time 2742.08ms, mfu 63.77%
iter 69630: loss 3.7127, time 2739.97ms, mfu 63.77%
iter 69640: loss 3.7457, time 2739.60ms, mfu 63.77%
iter 69650: loss 3.7495, time 2739.49ms, mfu 63.77%
iter 69660: loss 3.6942, time 2738.11ms, mfu 63.77%
iter 69670: loss 3.7228, time 2735.76ms, mfu 63.78%
iter 69680: loss 3.6602, time 2740.07ms, mfu 63.78%
iter 69690: loss 3.7044, time 2739.61ms, mfu 63.78%
iter 69700: loss 3.8159, time 2738.07ms, mfu 63.78%
iter 69710: loss 3.6886, time 2736.98ms, mfu 63.79%
iter 69720: loss 3.7340, time 2739.93ms, mfu 63.79%
iter 69730: loss 3.7022, time 2740.67ms, mfu 63.78%
iter 69740: loss 3.7275, time 2741.18ms, mfu 63.78%
iter 69750: loss 3.6933, time 2740.84ms, mfu 63.77%
iter 69760: loss 3.7077, time 2737.06ms, mfu 63.78%
iter 69770: loss 3.6640, time 2740.34ms, mfu 63.78%
iter 69780: loss 3.7456, time 2735.50ms, mfu 63.79%
iter 69790: loss 3.6904, time 2737.43ms, mfu 63.79%
iter 69800: loss 3.7860, time 2735.39ms, mfu 63.80%
iter 69810: loss 3.7015, time 2735.60ms, mfu 63.81%
iter 69820: loss 3.7360, time 2737.82ms, mfu 63.81%
iter 69830: loss 3.7919, time 2737.55ms, mfu 63.81%
iter 69840: loss 3.7870, time 2736.19ms, mfu 63.81%
iter 69850: loss 3.7700, time 2737.47ms, mfu 63.81%
iter 69860: loss 3.6611, time 2743.54ms, mfu 63.80%
iter 69870: loss 3.7336, time 2737.74ms, mfu 63.80%
iter 69880: loss 3.7537, time 2737.77ms, mfu 63.80%
iter 69890: loss 3.6884, time 2732.47ms, mfu 63.82%
iter 69900: loss 3.6926, time 2737.33ms, mfu 63.82%
iter 69910: loss 3.7074, time 2737.80ms, mfu 63.82%
iter 69920: loss 3.7180, time 2741.35ms, mfu 63.81%
iter 69930: loss 3.7673, time 2736.88ms, mfu 63.81%
iter 69940: loss 3.7513, time 2737.48ms, mfu 63.81%
iter 69950: loss 3.7529, time 2737.22ms, mfu 63.81%
iter 69960: loss 3.7223, time 2737.85ms, mfu 63.81%
iter 69970: loss 3.7109, time 2737.78ms, mfu 63.82%
iter 69980: loss 3.6988, time 2740.70ms, mfu 63.81%
iter 69990: loss 3.6568, time 2739.54ms, mfu 63.81%
step 70000: train loss 3.5795, val loss 3.5794
saving checkpoint to /net/scratch2/junyuren/nanoGPT-manifold/out-openwebtext-baseline
iter 70000: loss 3.7566, time 18869.69ms, mfu 58.35%
iter 70010: loss 3.7735, time 2739.12ms, mfu 58.89%
iter 70020: loss 3.7435, time 2746.55ms, mfu 59.37%
iter 70030: loss 3.8056, time 2743.53ms, mfu 59.80%
iter 70040: loss 3.7715, time 2740.48ms, mfu 60.19%
iter 70050: loss 3.7580, time 2738.26ms, mfu 60.55%
iter 70060: loss 3.7444, time 2736.26ms, mfu 60.88%
iter 70070: loss 3.6914, time 2738.08ms, mfu 61.18%
iter 70080: loss 3.8245, time 2738.07ms, mfu 61.44%
iter 70090: loss 3.7624, time 2738.53ms, mfu 61.68%
iter 70100: loss 3.7275, time 2739.88ms, mfu 61.88%
iter 70110: loss 3.6289, time 2741.38ms, mfu 62.07%
iter 70120: loss 3.7830, time 2738.58ms, mfu 62.24%
iter 70130: loss 3.8289, time 2743.33ms, mfu 62.39%
iter 70140: loss 3.6187, time 2735.53ms, mfu 62.54%
iter 70150: loss 3.6379, time 2737.97ms, mfu 62.66%
iter 70160: loss 3.8123, time 2737.01ms, mfu 62.78%
iter 70170: loss 3.7067, time 2737.32ms, mfu 62.88%
iter 70180: loss 3.7247, time 2735.84ms, mfu 62.98%
iter 70190: loss 3.6255, time 2737.00ms, mfu 63.07%
iter 70200: loss 3.6469, time 2738.83ms, mfu 63.14%
iter 70210: loss 3.7116, time 2737.22ms, mfu 63.21%
iter 70220: loss 3.7842, time 2735.61ms, mfu 63.27%
iter 70230: loss 3.5575, time 2739.46ms, mfu 63.32%
iter 70240: loss 3.6932, time 2738.05ms, mfu 63.37%
iter 70250: loss 3.8082, time 2740.69ms, mfu 63.41%
iter 70260: loss 3.7428, time 2737.59ms, mfu 63.45%
iter 70270: loss 3.6947, time 2736.62ms, mfu 63.49%
iter 70280: loss 3.6904, time 2735.33ms, mfu 63.53%
iter 70290: loss 3.7378, time 2736.83ms, mfu 63.56%
iter 70300: loss 3.7341, time 2740.44ms, mfu 63.58%
iter 70310: loss 3.7662, time 2738.65ms, mfu 63.60%
iter 70320: loss 3.6780, time 2739.37ms, mfu 63.62%
iter 70330: loss 3.7087, time 2740.33ms, mfu 63.63%
iter 70340: loss 3.7141, time 2739.02ms, mfu 63.65%
iter 70350: loss 3.7855, time 2737.09ms, mfu 63.67%
iter 70360: loss 3.6974, time 2737.43ms, mfu 63.68%
iter 70370: loss 3.6858, time 2739.75ms, mfu 63.69%
iter 70380: loss 3.7967, time 2741.21ms, mfu 63.70%
iter 70390: loss 3.7604, time 2737.83ms, mfu 63.71%
iter 70400: loss 3.7475, time 2737.86ms, mfu 63.72%
iter 70410: loss 3.7856, time 2735.27ms, mfu 63.73%
iter 70420: loss 3.7425, time 2738.30ms, mfu 63.74%
iter 70430: loss 3.6770, time 2736.75ms, mfu 63.75%
iter 70440: loss 3.7453, time 2736.28ms, mfu 63.76%
iter 70450: loss 3.6762, time 2736.00ms, mfu 63.77%
iter 70460: loss 3.7096, time 2732.58ms, mfu 63.79%
iter 70470: loss 3.7624, time 2738.82ms, mfu 63.79%
iter 70480: loss 3.7224, time 2735.83ms, mfu 63.80%
iter 70490: loss 3.7257, time 2738.73ms, mfu 63.80%
