Overriding config with config/train_openwebtext_per_block_resume.py:
# Resume OpenWebText per_block from checkpoint
# Continuing from step 12000

# I/O
out_dir = '/net/scratch2/junyuren/nanoGPT-manifold/out-openwebtext-per-block'
eval_interval = 1000
eval_iters = 200
log_interval = 10
always_save_checkpoint = True

# CRITICAL: Resume from checkpoint
init_from = 'resume'

wandb_log = False
wandb_project = 'openwebtext'
wandb_run_name = 'grassmann-6L-384d-per-block-resume'

# Data
dataset = 'openwebtext'
data_dir = '/net/scratch2/junyuren/nanoGPT-manifold/data/openwebtext'
gradient_accumulation_steps = 40
batch_size = 64
block_size = 1024

# Model
n_layer = 6
n_head = 6
n_embd = 384
dropout = 0.2
bias = False

# AdamW optimizer
learning_rate = 1e-3
max_iters = 100000
lr_decay_iters = 100000
min_lr = 1e-4
beta1 = 0.9
beta2 = 0.99
weight_decay = 1e-1
grad_clip = 1.0

decay_lr = True
warmup_iters = 2000

# Grassmann config - per_block
use_grassmann = True
grassmann_phase = 'phase2.5'

# Per-block configuration
grass_rank_c_attn = [28, 24, 14, 20, 25, 35]
grass_scale_c_attn = [4.8777, 3.3336, 5.8826, 5.2249, 4.7100, 3.7471]

grass_rank_mlp_fc = [11, 8, 9, 10, 11, 12]
grass_scale_mlp_fc = [8.7494, 10.5926, 10.7750, 10.7579, 10.3549, 9.5935]

grass_rank = 24
grass_lr = 8e-3
grass_a = 1.0
grass_b = 0.0
grass_alpha = 0.01
grass_steps = 10
grass_tol = 1e-6

# System
device = 'cuda'
dtype = 'bfloat16'
compile = True

tokens per iteration will be: 2,621,440
Resuming training from /net/scratch2/junyuren/nanoGPT-manifold/out-openwebtext-per-block
number of parameters: 29.94M

=== Phase phase2.5 Grassmann Configuration ===
  Variant .5: attn.c_proj uses AdamW (not Grassmann)

Per-block configuration (6 blocks):
  c_attn ranks:       [28, 24, 14, 20, 25, 35]
  c_attn scales:      ['4.88', '3.33', '5.88', '5.22', '4.71', '3.75']
  mlp.c_fc ranks:     [11, 8, 9, 10, 11, 12]
  mlp.c_fc scales:    ['8.75', '10.59', '10.78', '10.76', '10.35', '9.59']
Grassmann Muon parameters: 6 weight matrices, 3,538,944 params
AdamW decay parameters: 20 tensors, 26,787,840 params
AdamW no-decay parameters: 13 tensors, 4,992 params
  transformer.h.0.mlp.c_fc.weight: k=4, G_{1.0,0.0,11}, lr=0.008, scale=8.7494, type=vertical
  transformer.h.1.mlp.c_fc.weight: k=4, G_{1.0,0.0,8}, lr=0.008, scale=10.5926, type=vertical
  transformer.h.2.mlp.c_fc.weight: k=4, G_{1.0,0.0,9}, lr=0.008, scale=10.775, type=vertical
  transformer.h.3.mlp.c_fc.weight: k=4, G_{1.0,0.0,10}, lr=0.008, scale=10.7579, type=vertical
  transformer.h.4.mlp.c_fc.weight: k=4, G_{1.0,0.0,11}, lr=0.008, scale=10.3549, type=vertical
  transformer.h.5.mlp.c_fc.weight: k=4, G_{1.0,0.0,12}, lr=0.008, scale=9.5935, type=vertical
using fused AdamW: True

=== Setting up component-specific dropout ===
AdamW components: dropout = 0.2
Grassmann components: dropout = 0.1
Component-specific dropout setup complete.

=== Setting up norm-preserving scaling (Phase phase2.5) ===
  Added frozen 0.5×I scaling after mlp.c_fc (device=cuda:0)
  Added frozen 0.5×I scaling after mlp.c_fc (device=cuda:0)
  Added frozen 0.5×I scaling after mlp.c_fc (device=cuda:0)
  Added frozen 0.5×I scaling after mlp.c_fc (device=cuda:0)
  Added frozen 0.5×I scaling after mlp.c_fc (device=cuda:0)
  Added frozen 0.5×I scaling after mlp.c_fc (device=cuda:0)
Norm-preserving scaling setup complete.
compiling the model... (takes a ~minute)
step 68000: train loss 3.9499, val loss 3.9579
saving checkpoint to /net/scratch2/junyuren/nanoGPT-manifold/out-openwebtext-per-block
iter 68000: loss 3.9942, time 27844.03ms, mfu -100.00%
iter 68010: loss 4.1316, time 2637.77ms, mfu 93.29%
iter 68020: loss 4.0593, time 2639.13ms, mfu 93.29%
iter 68030: loss 4.1029, time 2651.86ms, mfu 93.24%
iter 68040: loss 4.1434, time 2648.98ms, mfu 93.20%
iter 68050: loss 4.1467, time 2644.50ms, mfu 93.19%
iter 68060: loss 4.1740, time 2640.49ms, mfu 93.19%
iter 68070: loss 3.9755, time 2651.12ms, mfu 93.15%
iter 68080: loss 4.0544, time 2646.76ms, mfu 93.13%
iter 68090: loss 4.1511, time 2652.20ms, mfu 93.10%
iter 68100: loss 4.1441, time 2642.71ms, mfu 93.10%
iter 68110: loss 4.0697, time 2647.17ms, mfu 93.09%
iter 68120: loss 4.1290, time 2648.54ms, mfu 93.07%
iter 68130: loss 4.0858, time 2640.55ms, mfu 93.08%
iter 68140: loss 4.0902, time 2654.24ms, mfu 93.04%
iter 68150: loss 4.1305, time 2652.65ms, mfu 93.02%
iter 68160: loss 4.0949, time 2651.07ms, mfu 93.00%
iter 68170: loss 4.0610, time 2654.75ms, mfu 92.97%
iter 68180: loss 4.1544, time 2637.53ms, mfu 93.00%
iter 68190: loss 4.1116, time 2637.84ms, mfu 93.03%
iter 68200: loss 4.1867, time 2646.13ms, mfu 93.02%
iter 68210: loss 4.1789, time 2649.68ms, mfu 93.01%
iter 68220: loss 4.0358, time 2647.61ms, mfu 93.00%
iter 68230: loss 4.0221, time 2655.57ms, mfu 92.97%
iter 68240: loss 4.1204, time 2648.49ms, mfu 92.96%
iter 68250: loss 4.1093, time 2653.32ms, mfu 92.94%
iter 68260: loss 4.1573, time 2660.03ms, mfu 92.90%
iter 68270: loss 4.1352, time 2657.44ms, mfu 92.87%
iter 68280: loss 4.1356, time 2648.68ms, mfu 92.87%
iter 68290: loss 4.1172, time 2649.42ms, mfu 92.87%
iter 68300: loss 4.1590, time 2642.08ms, mfu 92.90%
iter 68310: loss 4.1416, time 2638.65ms, mfu 92.94%
iter 68320: loss 4.0897, time 2657.99ms, mfu 92.90%
iter 68330: loss 4.0574, time 2661.51ms, mfu 92.86%
iter 68340: loss 4.0921, time 2645.64ms, mfu 92.87%
iter 68350: loss 4.0915, time 2647.97ms, mfu 92.88%
iter 68360: loss 4.1142, time 2644.82ms, mfu 92.89%
iter 68370: loss 4.0518, time 2645.56ms, mfu 92.91%
iter 68380: loss 4.0716, time 2643.20ms, mfu 92.92%
iter 68390: loss 4.1082, time 2647.27ms, mfu 92.93%
iter 68400: loss 4.1769, time 2659.78ms, mfu 92.89%
iter 68410: loss 4.0042, time 2645.49ms, mfu 92.90%
iter 68420: loss 4.0854, time 2647.89ms, mfu 92.90%
iter 68430: loss 4.0513, time 2646.67ms, mfu 92.91%
iter 68440: loss 4.0574, time 2654.26ms, mfu 92.89%
iter 68450: loss 4.0620, time 2646.05ms, mfu 92.90%
iter 68460: loss 4.0873, time 2649.06ms, mfu 92.90%
iter 68470: loss 4.0877, time 2646.88ms, mfu 92.91%
iter 68480: loss 4.0737, time 2646.25ms, mfu 92.92%
iter 68490: loss 4.1469, time 2658.10ms, mfu 92.88%
iter 68500: loss 4.1307, time 2649.97ms, mfu 92.88%
iter 68510: loss 4.1626, time 2645.25ms, mfu 92.89%
iter 68520: loss 4.0676, time 2651.40ms, mfu 92.89%
iter 68530: loss 4.1216, time 2640.90ms, mfu 92.92%
iter 68540: loss 4.0672, time 2656.17ms, mfu 92.89%
iter 68550: loss 4.0935, time 2648.24ms, mfu 92.89%
iter 68560: loss 4.0202, time 2650.80ms, mfu 92.89%
iter 68570: loss 4.1520, time 2644.92ms, mfu 92.90%
iter 68580: loss 4.0906, time 2643.99ms, mfu 92.92%
iter 68590: loss 4.1968, time 2649.40ms, mfu 92.91%
iter 68600: loss 4.1141, time 2655.38ms, mfu 92.89%
iter 68610: loss 4.1585, time 2655.97ms, mfu 92.87%
iter 68620: loss 4.0526, time 2652.33ms, mfu 92.86%
iter 68630: loss 4.1132, time 2641.70ms, mfu 92.89%
iter 68640: loss 4.1474, time 2639.60ms, mfu 92.92%
iter 68650: loss 3.9793, time 2647.56ms, mfu 92.92%
iter 68660: loss 4.0492, time 2659.05ms, mfu 92.88%
iter 68670: loss 4.1257, time 2652.00ms, mfu 92.88%
iter 68680: loss 4.0848, time 2659.28ms, mfu 92.84%
iter 68690: loss 4.0519, time 2646.26ms, mfu 92.86%
iter 68700: loss 4.0608, time 2648.68ms, mfu 92.86%
iter 68710: loss 4.1630, time 2638.39ms, mfu 92.90%
iter 68720: loss 4.0775, time 2645.00ms, mfu 92.92%
iter 68730: loss 3.9930, time 2650.23ms, mfu 92.91%
iter 68740: loss 4.1272, time 2646.47ms, mfu 92.92%
iter 68750: loss 4.1875, time 2646.04ms, mfu 92.92%
iter 68760: loss 4.0858, time 2648.76ms, mfu 92.92%
iter 68770: loss 4.0689, time 2654.59ms, mfu 92.90%
iter 68780: loss 4.0517, time 2650.14ms, mfu 92.90%
iter 68790: loss 4.0543, time 2643.12ms, mfu 92.92%
iter 68800: loss 4.0844, time 2643.64ms, mfu 92.93%
iter 68810: loss 4.0731, time 2648.18ms, mfu 92.93%
iter 68820: loss 4.1544, time 2649.06ms, mfu 92.93%
iter 68830: loss 4.0777, time 2641.76ms, mfu 92.95%
iter 68840: loss 4.1131, time 2651.71ms, mfu 92.93%
iter 68850: loss 4.1369, time 2652.08ms, mfu 92.92%
iter 68860: loss 4.1208, time 2646.22ms, mfu 92.93%
iter 68870: loss 4.0249, time 2641.93ms, mfu 92.95%
iter 68880: loss 4.0679, time 2645.23ms, mfu 92.96%
iter 68890: loss 4.1168, time 2650.37ms, mfu 92.95%
iter 68900: loss 4.0722, time 2647.64ms, mfu 92.95%
iter 68910: loss 4.0538, time 2646.57ms, mfu 92.95%
iter 68920: loss 4.1245, time 2648.11ms, mfu 92.95%
iter 68930: loss 4.1621, time 2651.19ms, mfu 92.93%
iter 68940: loss 4.1475, time 2640.29ms, mfu 92.96%
iter 68950: loss 4.1705, time 2653.12ms, mfu 92.94%
iter 68960: loss 4.0652, time 2648.80ms, mfu 92.94%
iter 68970: loss 4.0899, time 2646.77ms, mfu 92.94%
iter 68980: loss 4.1430, time 2649.00ms, mfu 92.93%
iter 68990: loss 4.0755, time 2641.40ms, mfu 92.96%
step 69000: train loss 3.9408, val loss 3.9593
saving checkpoint to /net/scratch2/junyuren/nanoGPT-manifold/out-openwebtext-per-block
iter 69000: loss 4.0585, time 17085.34ms, mfu 85.10%
iter 69010: loss 4.1432, time 2635.93ms, mfu 85.93%
iter 69020: loss 4.0545, time 2649.19ms, mfu 86.62%
iter 69030: loss 4.1160, time 2641.50ms, mfu 87.28%
iter 69040: loss 4.0727, time 2645.74ms, mfu 87.85%
iter 69050: loss 4.1432, time 2646.21ms, mfu 88.36%
iter 69060: loss 4.0049, time 2647.89ms, mfu 88.82%
iter 69070: loss 4.0621, time 2643.95ms, mfu 89.25%
iter 69080: loss 4.0737, time 2648.73ms, mfu 89.61%
iter 69090: loss 4.1102, time 2647.22ms, mfu 89.95%
iter 69100: loss 4.1051, time 2637.01ms, mfu 90.28%
iter 69110: loss 4.0685, time 2640.14ms, mfu 90.58%
iter 69120: loss 4.1200, time 2645.24ms, mfu 90.82%
iter 69130: loss 4.0752, time 2646.50ms, mfu 91.04%
iter 69140: loss 4.0313, time 2638.07ms, mfu 91.26%
iter 69150: loss 4.1140, time 2638.33ms, mfu 91.46%
iter 69160: loss 4.1201, time 2657.11ms, mfu 91.58%
iter 69170: loss 4.0297, time 2647.32ms, mfu 91.71%
iter 69180: loss 4.0964, time 2644.85ms, mfu 91.85%
iter 69190: loss 4.2209, time 2647.55ms, mfu 91.96%
iter 69200: loss 4.0432, time 2647.49ms, mfu 92.06%
iter 69210: loss 4.0541, time 2658.21ms, mfu 92.11%
iter 69220: loss 4.1804, time 2639.16ms, mfu 92.22%
iter 69230: loss 4.1132, time 2642.64ms, mfu 92.31%
iter 69240: loss 4.1148, time 2646.65ms, mfu 92.38%
iter 69250: loss 4.1983, time 2638.74ms, mfu 92.47%
iter 69260: loss 4.1671, time 2647.08ms, mfu 92.51%
iter 69270: loss 4.1316, time 2660.79ms, mfu 92.51%
iter 69280: loss 4.1377, time 2645.54ms, mfu 92.56%
iter 69290: loss 4.1511, time 2642.47ms, mfu 92.62%
iter 69300: loss 4.0992, time 2648.35ms, mfu 92.65%
iter 69310: loss 4.1261, time 2656.46ms, mfu 92.65%
iter 69320: loss 3.9570, time 2653.46ms, mfu 92.66%
iter 69330: loss 4.1293, time 2642.00ms, mfu 92.70%
iter 69340: loss 4.1688, time 2658.12ms, mfu 92.69%
iter 69350: loss 4.1910, time 2648.65ms, mfu 92.71%
iter 69360: loss 4.1039, time 2647.32ms, mfu 92.74%
iter 69370: loss 4.1425, time 2639.72ms, mfu 92.79%
iter 69380: loss 4.1019, time 2647.19ms, mfu 92.80%
iter 69390: loss 4.1165, time 2656.20ms, mfu 92.79%
iter 69400: loss 4.1469, time 2647.96ms, mfu 92.80%
iter 69410: loss 4.1510, time 2643.00ms, mfu 92.83%
iter 69420: loss 4.1768, time 2638.06ms, mfu 92.88%
iter 69430: loss 4.1536, time 2653.49ms, mfu 92.86%
iter 69440: loss 4.0876, time 2637.09ms, mfu 92.91%
iter 69450: loss 3.9944, time 2649.25ms, mfu 92.91%
iter 69460: loss 4.1473, time 2654.84ms, mfu 92.88%
iter 69470: loss 4.1492, time 2649.70ms, mfu 92.88%
iter 69480: loss 4.0580, time 2647.58ms, mfu 92.89%
iter 69490: loss 4.1151, time 2643.81ms, mfu 92.91%
iter 69500: loss 4.0433, time 2643.76ms, mfu 92.92%
iter 69510: loss 4.0934, time 2641.94ms, mfu 92.95%
iter 69520: loss 4.1895, time 2640.55ms, mfu 92.97%
iter 69530: loss 4.1576, time 2639.13ms, mfu 93.00%
iter 69540: loss 4.1238, time 2641.41ms, mfu 93.01%
iter 69550: loss 4.1322, time 2648.01ms, mfu 93.01%
iter 69560: loss 4.1466, time 2639.47ms, mfu 93.03%
iter 69570: loss 4.0958, time 2650.24ms, mfu 93.01%
iter 69580: loss 4.0684, time 2641.83ms, mfu 93.02%
iter 69590: loss 4.1224, time 2657.07ms, mfu 92.98%
iter 69600: loss 4.0920, time 2646.30ms, mfu 92.98%
iter 69610: loss 4.0863, time 2643.90ms, mfu 92.99%
iter 69620: loss 4.1592, time 2643.92ms, mfu 93.00%
iter 69630: loss 4.1566, time 2648.48ms, mfu 92.99%
iter 69640: loss 4.1114, time 2648.97ms, mfu 92.98%
iter 69650: loss 4.1396, time 2644.69ms, mfu 92.99%
iter 69660: loss 4.1307, time 2645.83ms, mfu 92.99%
iter 69670: loss 4.1279, time 2649.34ms, mfu 92.98%
iter 69680: loss 4.0757, time 2647.52ms, mfu 92.98%
iter 69690: loss 4.0821, time 2647.96ms, mfu 92.97%
iter 69700: loss 4.1515, time 2644.21ms, mfu 92.98%
iter 69710: loss 4.1875, time 2642.88ms, mfu 92.99%
iter 69720: loss 4.0452, time 2638.31ms, mfu 93.02%
iter 69730: loss 4.1193, time 2650.82ms, mfu 93.00%
iter 69740: loss 4.0752, time 2639.26ms, mfu 93.03%
iter 69750: loss 3.9863, time 2640.05ms, mfu 93.04%
iter 69760: loss 4.0981, time 2643.30ms, mfu 93.05%
iter 69770: loss 4.1665, time 2644.96ms, mfu 93.05%
iter 69780: loss 4.1899, time 2645.98ms, mfu 93.04%
iter 69790: loss 4.0947, time 2650.89ms, mfu 93.02%
iter 69800: loss 4.1069, time 2642.35ms, mfu 93.03%
iter 69810: loss 4.1239, time 2636.15ms, mfu 93.06%
iter 69820: loss 4.1229, time 2644.59ms, mfu 93.06%
iter 69830: loss 4.1503, time 2654.96ms, mfu 93.02%
iter 69840: loss 4.0824, time 2642.31ms, mfu 93.04%
iter 69850: loss 4.1008, time 2641.71ms, mfu 93.05%
iter 69860: loss 4.1086, time 2640.29ms, mfu 93.06%
iter 69870: loss 4.0159, time 2637.94ms, mfu 93.08%
iter 69880: loss 4.1971, time 2645.47ms, mfu 93.08%
iter 69890: loss 4.1063, time 2646.44ms, mfu 93.07%
iter 69900: loss 4.0599, time 2641.38ms, mfu 93.08%
iter 69910: loss 4.1200, time 2639.82ms, mfu 93.09%
iter 69920: loss 4.1653, time 2646.60ms, mfu 93.08%
iter 69930: loss 4.1361, time 2648.70ms, mfu 93.06%
iter 69940: loss 4.0861, time 2645.57ms, mfu 93.06%
iter 69950: loss 4.1543, time 2651.49ms, mfu 93.03%
iter 69960: loss 4.1721, time 2645.40ms, mfu 93.03%
iter 69970: loss 4.0947, time 2649.21ms, mfu 93.02%
iter 69980: loss 4.0840, time 2637.63ms, mfu 93.05%
iter 69990: loss 4.0501, time 2647.64ms, mfu 93.03%
step 70000: train loss 3.9562, val loss 3.9660
saving checkpoint to /net/scratch2/junyuren/nanoGPT-manifold/out-openwebtext-per-block
iter 70000: loss 4.1002, time 17642.15ms, mfu 85.13%
iter 70010: loss 4.1006, time 2652.27ms, mfu 85.89%
iter 70020: loss 4.0779, time 2646.46ms, mfu 86.60%
iter 70030: loss 4.0486, time 2644.56ms, mfu 87.25%
iter 70040: loss 4.0830, time 2642.30ms, mfu 87.83%
iter 70050: loss 4.1020, time 2646.27ms, mfu 88.35%
iter 70060: loss 4.2177, time 2644.15ms, mfu 88.82%
iter 70070: loss 4.0742, time 2646.72ms, mfu 89.24%
iter 70080: loss 4.0933, time 2644.09ms, mfu 89.62%
iter 70090: loss 4.0747, time 2649.77ms, mfu 89.94%
iter 70100: loss 3.9872, time 2651.82ms, mfu 90.23%
iter 70110: loss 4.0582, time 2646.81ms, mfu 90.50%
iter 70120: loss 4.0345, time 2649.86ms, mfu 90.74%
iter 70130: loss 4.0722, time 2654.31ms, mfu 90.94%
iter 70140: loss 4.0553, time 2645.87ms, mfu 91.14%
iter 70150: loss 4.1405, time 2643.60ms, mfu 91.34%
iter 70160: loss 4.1472, time 2645.25ms, mfu 91.51%
iter 70170: loss 4.1771, time 2647.19ms, mfu 91.65%
iter 70180: loss 4.0704, time 2658.95ms, mfu 91.74%
iter 70190: loss 4.1316, time 2650.32ms, mfu 91.85%
iter 70200: loss 4.0473, time 2649.36ms, mfu 91.95%
iter 70210: loss 4.1849, time 2648.96ms, mfu 92.05%
iter 70220: loss 4.0781, time 2642.88ms, mfu 92.15%
iter 70230: loss 4.0373, time 2646.22ms, mfu 92.24%
iter 70240: loss 4.1023, time 2704.78ms, mfu 92.11%
iter 70250: loss 4.1837, time 2656.70ms, mfu 92.16%
iter 70260: loss 4.0168, time 2645.76ms, mfu 92.25%
iter 70270: loss 4.0981, time 2650.00ms, mfu 92.31%
iter 70280: loss 4.1110, time 2639.24ms, mfu 92.40%
iter 70290: loss 4.1147, time 2636.53ms, mfu 92.50%
iter 70300: loss 4.1673, time 2647.84ms, mfu 92.54%
iter 70310: loss 4.0406, time 2650.04ms, mfu 92.57%
iter 70320: loss 4.0130, time 2664.19ms, mfu 92.55%
iter 70330: loss 4.0760, time 2650.35ms, mfu 92.58%
iter 70340: loss 4.0990, time 2657.53ms, mfu 92.58%
iter 70350: loss 4.2144, time 2642.90ms, mfu 92.63%
iter 70360: loss 4.1405, time 2650.14ms, mfu 92.66%
iter 70370: loss 4.1021, time 2646.57ms, mfu 92.69%
iter 70380: loss 4.0587, time 2641.30ms, mfu 92.74%
iter 70390: loss 4.0781, time 2649.79ms, mfu 92.75%
iter 70400: loss 4.1207, time 2645.28ms, mfu 92.78%
iter 70410: loss 4.1044, time 2638.27ms, mfu 92.83%
iter 70420: loss 4.0912, time 2645.80ms, mfu 92.84%
iter 70430: loss 3.9761, time 2644.68ms, mfu 92.86%
iter 70440: loss 4.1087, time 2644.90ms, mfu 92.88%
iter 70450: loss 4.1922, time 2645.68ms, mfu 92.89%
iter 70460: loss 4.1228, time 2642.54ms, mfu 92.92%
iter 70470: loss 4.0890, time 2653.05ms, mfu 92.90%
iter 70480: loss 4.1731, time 2645.12ms, mfu 92.91%
iter 70490: loss 4.0479, time 2642.05ms, mfu 92.94%
iter 70500: loss 4.1329, time 2644.92ms, mfu 92.95%
iter 70510: loss 4.0833, time 2638.45ms, mfu 92.98%
iter 70520: loss 4.1722, time 2639.51ms, mfu 93.00%
iter 70530: loss 4.0455, time 2647.12ms, mfu 93.00%
iter 70540: loss 4.1296, time 2658.27ms, mfu 92.96%
iter 70550: loss 4.1761, time 2670.12ms, mfu 92.88%
iter 70560: loss 4.0899, time 2645.42ms, mfu 92.89%
iter 70570: loss 4.1607, time 2647.69ms, mfu 92.90%
iter 70580: loss 4.0098, time 2640.92ms, mfu 92.92%
iter 70590: loss 4.1395, time 2653.19ms, mfu 92.91%
iter 70600: loss 4.1337, time 2659.12ms, mfu 92.87%
iter 70610: loss 4.0996, time 2646.55ms, mfu 92.88%
iter 70620: loss 4.0646, time 2634.50ms, mfu 92.93%
iter 70630: loss 4.1832, time 2646.70ms, mfu 92.94%
iter 70640: loss 4.0714, time 2645.46ms, mfu 92.95%
iter 70650: loss 4.0500, time 2643.47ms, mfu 92.96%
iter 70660: loss 4.1072, time 2649.03ms, mfu 92.95%
iter 70670: loss 4.0433, time 2637.56ms, mfu 92.99%
iter 70680: loss 4.1060, time 2644.25ms, mfu 93.00%
iter 70690: loss 4.1019, time 2644.83ms, mfu 93.00%
iter 70700: loss 4.0465, time 2641.71ms, mfu 93.01%
iter 70710: loss 4.0097, time 2654.36ms, mfu 92.98%
iter 70720: loss 4.1119, time 2645.22ms, mfu 92.99%
iter 70730: loss 4.0705, time 2655.72ms, mfu 92.96%
iter 70740: loss 4.1229, time 2646.28ms, mfu 92.96%
iter 70750: loss 4.0869, time 2646.50ms, mfu 92.96%
iter 70760: loss 4.0918, time 2645.91ms, mfu 92.97%
iter 70770: loss 4.1358, time 2644.61ms, mfu 92.97%
iter 70780: loss 4.0708, time 2644.66ms, mfu 92.98%
iter 70790: loss 4.0983, time 2644.22ms, mfu 92.99%
iter 70800: loss 4.1779, time 2645.24ms, mfu 92.99%
iter 70810: loss 4.0325, time 2642.64ms, mfu 93.01%
iter 70820: loss 4.1050, time 2639.92ms, mfu 93.03%
iter 70830: loss 4.0902, time 2657.46ms, mfu 92.98%
iter 70840: loss 4.0782, time 2651.86ms, mfu 92.96%
iter 70850: loss 4.0678, time 2647.36ms, mfu 92.96%
iter 70860: loss 4.1631, time 2646.35ms, mfu 92.97%
iter 70870: loss 4.1090, time 2653.72ms, mfu 92.94%
iter 70880: loss 4.0916, time 2648.06ms, mfu 92.94%
iter 70890: loss 4.0798, time 2658.64ms, mfu 92.90%
iter 70900: loss 4.1069, time 2650.88ms, mfu 92.89%
iter 70910: loss 4.0539, time 2644.95ms, mfu 92.91%
iter 70920: loss 4.0820, time 2647.57ms, mfu 92.91%
iter 70930: loss 4.1557, time 2648.91ms, mfu 92.91%
iter 70940: loss 4.0819, time 2644.70ms, mfu 92.92%
iter 70950: loss 4.0905, time 2653.01ms, mfu 92.91%
iter 70960: loss 4.1716, time 2639.08ms, mfu 92.94%
iter 70970: loss 4.1552, time 2644.34ms, mfu 92.95%
iter 70980: loss 4.0773, time 2651.29ms, mfu 92.94%
iter 70990: loss 4.1724, time 2650.81ms, mfu 92.93%
step 71000: train loss 3.9567, val loss 3.9716
saving checkpoint to /net/scratch2/junyuren/nanoGPT-manifold/out-openwebtext-per-block
iter 71000: loss 4.1820, time 17474.06ms, mfu 85.04%
iter 71010: loss 4.0956, time 2655.86ms, mfu 85.80%
iter 71020: loss 4.0771, time 2643.66ms, mfu 86.53%
iter 71030: loss 4.0925, time 2641.90ms, mfu 87.19%
iter 71040: loss 4.0758, time 2645.45ms, mfu 87.78%
iter 71050: loss 4.0230, time 2646.64ms, mfu 88.30%
iter 71060: loss 4.0314, time 2656.70ms, mfu 88.73%
iter 71070: loss 4.0522, time 2646.96ms, mfu 89.15%
iter 71080: loss 4.1258, time 2655.00ms, mfu 89.51%
iter 71090: loss 4.0372, time 2651.71ms, mfu 89.84%
iter 71100: loss 4.1267, time 2661.43ms, mfu 90.10%
iter 71110: loss 4.1474, time 2651.26ms, mfu 90.37%
iter 71120: loss 4.1641, time 2644.21ms, mfu 90.64%
iter 71130: loss 4.0085, time 2642.67ms, mfu 90.89%
iter 71140: loss 4.0582, time 2649.20ms, mfu 91.09%
iter 71150: loss 4.0733, time 2641.25ms, mfu 91.29%
iter 71160: loss 4.1372, time 2643.80ms, mfu 91.47%
iter 71170: loss 4.0695, time 2648.95ms, mfu 91.62%
iter 71180: loss 4.0833, time 2652.31ms, mfu 91.73%
iter 71190: loss 4.1582, time 2655.06ms, mfu 91.83%
iter 71200: loss 3.9978, time 2658.09ms, mfu 91.90%
iter 71210: loss 4.1434, time 2649.78ms, mfu 92.00%
iter 71220: loss 4.1370, time 2642.12ms, mfu 92.11%
iter 71230: loss 4.0748, time 2649.71ms, mfu 92.19%
iter 71240: loss 4.0901, time 2647.77ms, mfu 92.26%
iter 71250: loss 3.9973, time 2652.86ms, mfu 92.31%
iter 71260: loss 4.0844, time 2644.01ms, mfu 92.39%
iter 71270: loss 4.1915, time 2649.65ms, mfu 92.44%
iter 71280: loss 3.9910, time 2644.51ms, mfu 92.50%
iter 71290: loss 4.1662, time 2652.65ms, mfu 92.52%
iter 71300: loss 4.1605, time 2658.61ms, mfu 92.53%
iter 71310: loss 4.1126, time 2647.99ms, mfu 92.57%
iter 71320: loss 4.1852, time 2644.87ms, mfu 92.62%
iter 71330: loss 4.1614, time 2650.77ms, mfu 92.64%
iter 71340: loss 4.1250, time 2651.85ms, mfu 92.65%
iter 71350: loss 4.1774, time 2650.89ms, mfu 92.67%
iter 71360: loss 4.0931, time 2641.17ms, mfu 92.72%
iter 71370: loss 4.1871, time 2647.84ms, mfu 92.74%
iter 71380: loss 4.1284, time 2648.01ms, mfu 92.76%
iter 71390: loss 4.1161, time 2650.88ms, mfu 92.77%
iter 71400: loss 4.2033, time 2646.30ms, mfu 92.79%
iter 71410: loss 4.0674, time 2652.11ms, mfu 92.79%
iter 71420: loss 3.9428, time 2652.74ms, mfu 92.79%
iter 71430: loss 4.0688, time 2659.07ms, mfu 92.76%
iter 71440: loss 4.1028, time 2647.13ms, mfu 92.78%
iter 71450: loss 4.1387, time 2655.34ms, mfu 92.77%
iter 71460: loss 4.1193, time 2645.82ms, mfu 92.79%
iter 71470: loss 4.0127, time 2647.29ms, mfu 92.81%
iter 71480: loss 4.1123, time 2649.82ms, mfu 92.82%
iter 71490: loss 4.0539, time 2652.26ms, mfu 92.81%
iter 71500: loss 4.0684, time 2648.56ms, mfu 92.82%
iter 71510: loss 4.1779, time 2649.08ms, mfu 92.83%
iter 71520: loss 4.1136, time 2651.15ms, mfu 92.83%
iter 71530: loss 4.0978, time 2651.01ms, mfu 92.83%
iter 71540: loss 4.1251, time 2645.34ms, mfu 92.85%
iter 71550: loss 4.0807, time 2653.06ms, mfu 92.84%
iter 71560: loss 4.1063, time 2651.26ms, mfu 92.84%
iter 71570: loss 4.0947, time 2654.31ms, mfu 92.82%
iter 71580: loss 4.0930, time 2653.20ms, mfu 92.82%
iter 71590: loss 4.1308, time 2648.28ms, mfu 92.83%
iter 71600: loss 4.1602, time 2644.20ms, mfu 92.85%
iter 71610: loss 4.1927, time 2643.34ms, mfu 92.87%
iter 71620: loss 4.0590, time 2657.45ms, mfu 92.85%
iter 71630: loss 4.1227, time 2649.46ms, mfu 92.85%
iter 71640: loss 4.1225, time 2643.71ms, mfu 92.87%
iter 71650: loss 4.0668, time 2649.59ms, mfu 92.87%
iter 71660: loss 4.0997, time 2648.95ms, mfu 92.88%
iter 71670: loss 4.1526, time 2652.55ms, mfu 92.86%
iter 71680: loss 4.0981, time 2652.47ms, mfu 92.86%
iter 71690: loss 4.1522, time 2651.39ms, mfu 92.85%
iter 71700: loss 4.1499, time 2651.79ms, mfu 92.85%
iter 71710: loss 4.1375, time 2653.60ms, mfu 92.83%
iter 71720: loss 4.1570, time 2640.33ms, mfu 92.87%
iter 71730: loss 4.0175, time 2642.78ms, mfu 92.89%
iter 71740: loss 3.9803, time 2657.05ms, mfu 92.87%
iter 71750: loss 4.1341, time 2652.82ms, mfu 92.86%
iter 71760: loss 4.1027, time 2660.33ms, mfu 92.82%
iter 71770: loss 4.2021, time 2650.74ms, mfu 92.82%
iter 71780: loss 4.0786, time 2640.66ms, mfu 92.86%
iter 71790: loss 4.0594, time 2657.11ms, mfu 92.83%
iter 71800: loss 4.0803, time 2661.48ms, mfu 92.80%
iter 71810: loss 4.1098, time 2655.14ms, mfu 92.78%
iter 71820: loss 4.1059, time 2662.64ms, mfu 92.75%
iter 71830: loss 4.0760, time 2645.19ms, mfu 92.78%
iter 71840: loss 4.1082, time 2641.16ms, mfu 92.82%
iter 71850: loss 4.1326, time 2652.77ms, mfu 92.81%
iter 71860: loss 4.1133, time 2664.10ms, mfu 92.77%
iter 71870: loss 4.1131, time 2641.70ms, mfu 92.80%
iter 71880: loss 4.0318, time 2651.96ms, mfu 92.80%
iter 71890: loss 4.1561, time 2650.67ms, mfu 92.81%
iter 71900: loss 4.1986, time 2639.89ms, mfu 92.85%
iter 71910: loss 4.0691, time 2640.68ms, mfu 92.88%
iter 71920: loss 4.0922, time 2641.70ms, mfu 92.91%
iter 71930: loss 4.0574, time 2646.79ms, mfu 92.91%
iter 71940: loss 4.0791, time 2661.28ms, mfu 92.87%
iter 71950: loss 4.1559, time 2642.55ms, mfu 92.89%
iter 71960: loss 4.1375, time 2648.84ms, mfu 92.90%
iter 71970: loss 4.1017, time 2647.28ms, mfu 92.90%
iter 71980: loss 4.0804, time 2642.62ms, mfu 92.92%
iter 71990: loss 4.0957, time 2649.95ms, mfu 92.92%
step 72000: train loss 3.9442, val loss 3.9618
saving checkpoint to /net/scratch2/junyuren/nanoGPT-manifold/out-openwebtext-per-block
iter 72000: loss 4.1063, time 17332.23ms, mfu 85.04%
iter 72010: loss 4.1103, time 2649.10ms, mfu 85.83%
iter 72020: loss 4.0628, time 2651.67ms, mfu 86.53%
iter 72030: loss 4.1190, time 2652.02ms, mfu 87.15%
iter 72040: loss 4.1150, time 2648.07ms, mfu 87.73%
iter 72050: loss 4.1009, time 2658.36ms, mfu 88.21%
iter 72060: loss 4.1503, time 2656.37ms, mfu 88.66%
iter 72070: loss 4.0668, time 2645.70ms, mfu 89.09%
iter 72080: loss 4.0821, time 2646.78ms, mfu 89.48%
iter 72090: loss 4.1113, time 2660.33ms, mfu 89.78%
iter 72100: loss 4.1478, time 2651.48ms, mfu 90.08%
iter 72110: loss 4.0754, time 2650.46ms, mfu 90.36%
iter 72120: loss 4.1298, time 2650.32ms, mfu 90.61%
iter 72130: loss 4.2393, time 2655.59ms, mfu 90.81%
iter 72140: loss 4.0307, time 2648.66ms, mfu 91.02%
iter 72150: loss 4.1815, time 2654.68ms, mfu 91.19%
iter 72160: loss 4.0761, time 2638.85ms, mfu 91.40%
iter 72170: loss 4.0708, time 2645.08ms, mfu 91.56%
iter 72180: loss 4.0948, time 2650.33ms, mfu 91.69%
iter 72190: loss 4.1219, time 2650.52ms, mfu 91.80%
iter 72200: loss 4.1412, time 2657.92ms, mfu 91.88%
iter 72210: loss 4.1522, time 2642.44ms, mfu 92.01%
iter 72220: loss 4.1416, time 2650.25ms, mfu 92.09%
iter 72230: loss 4.1076, time 2646.02ms, mfu 92.18%
iter 72240: loss 4.0943, time 2650.14ms, mfu 92.25%
iter 72250: loss 4.1074, time 2652.92ms, mfu 92.30%
iter 72260: loss 4.0868, time 2652.69ms, mfu 92.35%
iter 72270: loss 4.0622, time 2650.07ms, mfu 92.40%
iter 72280: loss 4.0933, time 2649.84ms, mfu 92.44%
iter 72290: loss 4.0845, time 2643.61ms, mfu 92.51%
iter 72300: loss 4.0557, time 2640.08ms, mfu 92.58%
iter 72310: loss 4.1594, time 2648.94ms, mfu 92.61%
iter 72320: loss 4.0690, time 2648.41ms, mfu 92.64%
iter 72330: loss 4.1111, time 2655.25ms, mfu 92.64%
iter 72340: loss 4.1518, time 2648.84ms, mfu 92.67%
iter 72350: loss 4.0208, time 2646.38ms, mfu 92.70%
iter 72360: loss 4.1567, time 2657.60ms, mfu 92.69%
iter 72370: loss 4.0613, time 2645.72ms, mfu 92.72%
iter 72380: loss 4.1398, time 2649.77ms, mfu 92.74%
iter 72390: loss 4.0860, time 2654.82ms, mfu 92.73%
iter 72400: loss 4.1465, time 2644.63ms, mfu 92.76%
iter 72410: loss 4.1621, time 2648.19ms, mfu 92.78%
iter 72420: loss 4.1224, time 2651.90ms, mfu 92.78%
iter 72430: loss 4.1403, time 2649.32ms, mfu 92.79%
iter 72440: loss 4.1496, time 2640.68ms, mfu 92.83%
iter 72450: loss 4.0714, time 2654.08ms, mfu 92.82%
iter 72460: loss 4.0931, time 2646.97ms, mfu 92.83%
iter 72470: loss 4.1933, time 2652.26ms, mfu 92.83%
iter 72480: loss 4.1335, time 2648.94ms, mfu 92.84%
iter 72490: loss 4.1658, time 2655.99ms, mfu 92.82%
iter 72500: loss 3.8822, time 2655.29ms, mfu 92.80%
iter 72510: loss 4.1853, time 2650.04ms, mfu 92.81%
iter 72520: loss 4.0867, time 2651.50ms, mfu 92.81%
iter 72530: loss 4.1337, time 2638.66ms, mfu 92.85%
iter 72540: loss 4.1004, time 2639.39ms, mfu 92.89%
iter 72550: loss 4.1055, time 2647.84ms, mfu 92.90%
iter 72560: loss 4.0905, time 2651.63ms, mfu 92.89%
iter 72570: loss 4.0302, time 2650.49ms, mfu 92.88%
iter 72580: loss 4.1420, time 2646.03ms, mfu 92.89%
iter 72590: loss 4.1242, time 2648.67ms, mfu 92.89%
iter 72600: loss 4.1122, time 2647.83ms, mfu 92.90%
iter 72610: loss 3.9544, time 2651.35ms, mfu 92.89%
iter 72620: loss 4.0964, time 2654.59ms, mfu 92.87%
iter 72630: loss 4.1241, time 2651.20ms, mfu 92.87%
iter 72640: loss 4.1180, time 2660.80ms, mfu 92.83%
iter 72650: loss 4.0903, time 2644.85ms, mfu 92.85%
iter 72660: loss 4.1311, time 2653.41ms, mfu 92.84%
iter 72670: loss 4.0709, time 2662.91ms, mfu 92.79%
iter 72680: loss 4.1370, time 2643.14ms, mfu 92.83%
iter 72690: loss 4.0666, time 2651.31ms, mfu 92.82%
iter 72700: loss 4.0920, time 2658.61ms, mfu 92.80%
iter 72710: loss 4.0724, time 2647.84ms, mfu 92.81%
iter 72720: loss 4.1591, time 2646.63ms, mfu 92.83%
iter 72730: loss 4.1042, time 2652.98ms, mfu 92.82%
iter 72740: loss 4.1033, time 2642.05ms, mfu 92.85%
iter 72750: loss 4.1391, time 2654.56ms, mfu 92.84%
iter 72760: loss 4.0798, time 2651.68ms, mfu 92.83%
iter 72770: loss 4.1217, time 2646.45ms, mfu 92.85%
iter 72780: loss 4.0818, time 2645.15ms, mfu 92.87%
iter 72790: loss 4.1233, time 2639.06ms, mfu 92.90%
iter 72800: loss 4.1712, time 2655.62ms, mfu 92.88%
iter 72810: loss 4.1155, time 2644.12ms, mfu 92.90%
iter 72820: loss 4.0951, time 2643.80ms, mfu 92.92%
iter 72830: loss 3.9994, time 2640.39ms, mfu 92.94%
iter 72840: loss 4.0975, time 2642.22ms, mfu 92.96%
iter 72850: loss 4.1296, time 2648.86ms, mfu 92.96%
iter 72860: loss 4.1281, time 2645.49ms, mfu 92.96%
iter 72870: loss 4.0415, time 2647.69ms, mfu 92.96%
iter 72880: loss 4.0788, time 2644.22ms, mfu 92.97%
iter 72890: loss 4.1429, time 2641.32ms, mfu 92.99%
iter 72900: loss 4.0714, time 2648.10ms, mfu 92.98%
iter 72910: loss 4.1205, time 2650.88ms, mfu 92.97%
iter 72920: loss 4.0695, time 2647.15ms, mfu 92.97%
iter 72930: loss 4.0958, time 2639.78ms, mfu 92.99%
iter 72940: loss 4.1538, time 2642.91ms, mfu 93.00%
iter 72950: loss 4.1200, time 2648.12ms, mfu 93.00%
iter 72960: loss 4.0950, time 2652.40ms, mfu 92.97%
iter 72970: loss 4.1362, time 2648.55ms, mfu 92.97%
iter 72980: loss 4.1148, time 2653.03ms, mfu 92.95%
iter 72990: loss 4.1452, time 2644.48ms, mfu 92.96%
step 73000: train loss 3.9620, val loss 3.9685
saving checkpoint to /net/scratch2/junyuren/nanoGPT-manifold/out-openwebtext-per-block
iter 73000: loss 4.1327, time 17122.66ms, mfu 85.10%
iter 73010: loss 4.0666, time 2651.01ms, mfu 85.87%
iter 73020: loss 4.1162, time 2647.44ms, mfu 86.58%
iter 73030: loss 4.1210, time 2653.22ms, mfu 87.20%
iter 73040: loss 4.0926, time 2642.27ms, mfu 87.79%
iter 73050: loss 4.0643, time 2645.14ms, mfu 88.31%
iter 73060: loss 3.9716, time 2646.50ms, mfu 88.78%
iter 73070: loss 4.1184, time 2655.63ms, mfu 89.17%
iter 73080: loss 4.1112, time 2646.56ms, mfu 89.55%
iter 73090: loss 4.0823, time 2640.07ms, mfu 89.92%
iter 73100: loss 4.0847, time 2643.38ms, mfu 90.23%
iter 73110: loss 4.1014, time 2648.26ms, mfu 90.50%
iter 73120: loss 4.1367, time 2647.05ms, mfu 90.75%
iter 73130: loss 4.0693, time 2653.59ms, mfu 90.95%
iter 73140: loss 4.1811, time 2650.10ms, mfu 91.14%
iter 73150: loss 4.1790, time 2639.25ms, mfu 91.35%
iter 73160: loss 4.1393, time 2658.52ms, mfu 91.47%
iter 73170: loss 4.0349, time 2657.11ms, mfu 91.58%
iter 73180: loss 4.0866, time 2642.90ms, mfu 91.74%
iter 73190: loss 4.0294, time 2649.28ms, mfu 91.85%
iter 73200: loss 4.1251, time 2651.45ms, mfu 91.95%
iter 73210: loss 4.1377, time 2653.10ms, mfu 92.03%
iter 73220: loss 4.0896, time 2637.46ms, mfu 92.15%
iter 73230: loss 4.0037, time 2649.74ms, mfu 92.23%
iter 73240: loss 4.1405, time 2639.46ms, mfu 92.33%
iter 73250: loss 4.0970, time 2639.47ms, mfu 92.42%
iter 73260: loss 4.1846, time 2646.29ms, mfu 92.47%
iter 73270: loss 4.0694, time 2648.75ms, mfu 92.52%
iter 73280: loss 4.1597, time 2649.36ms, mfu 92.55%
iter 73290: loss 4.1298, time 2648.65ms, mfu 92.59%
iter 73300: loss 4.0991, time 2650.58ms, mfu 92.61%
iter 73310: loss 4.1492, time 2644.59ms, mfu 92.66%
iter 73320: loss 4.1278, time 2645.09ms, mfu 92.69%
iter 73330: loss 4.1033, time 2652.58ms, mfu 92.70%
iter 73340: loss 4.1111, time 2650.01ms, mfu 92.72%
iter 73350: loss 4.0895, time 2641.01ms, mfu 92.76%
iter 73360: loss 4.1053, time 2653.26ms, mfu 92.76%
iter 73370: loss 4.0578, time 2647.56ms, mfu 92.78%
iter 73380: loss 4.0298, time 2656.58ms, mfu 92.76%
iter 73390: loss 4.1514, time 2644.53ms, mfu 92.79%
iter 73400: loss 4.0787, time 2660.21ms, mfu 92.76%
iter 73410: loss 4.1135, time 2643.94ms, mfu 92.80%
iter 73420: loss 4.1211, time 2639.19ms, mfu 92.84%
iter 73430: loss 4.2017, time 2649.31ms, mfu 92.84%
iter 73440: loss 4.1358, time 2641.15ms, mfu 92.88%
iter 73450: loss 4.1890, time 2648.59ms, mfu 92.88%
iter 73460: loss 4.0650, time 2651.25ms, mfu 92.87%
iter 73470: loss 4.0543, time 2644.86ms, mfu 92.89%
iter 73480: loss 4.0911, time 2654.35ms, mfu 92.87%
iter 73490: loss 4.1259, time 2639.58ms, mfu 92.91%
iter 73500: loss 4.1510, time 2639.55ms, mfu 92.94%
iter 73510: loss 4.1251, time 2660.22ms, mfu 92.90%
iter 73520: loss 4.0464, time 2642.47ms, mfu 92.92%
iter 73530: loss 4.0723, time 2645.93ms, mfu 92.93%
iter 73540: loss 4.1139, time 2646.80ms, mfu 92.93%
iter 73550: loss 4.0228, time 2650.57ms, mfu 92.92%
iter 73560: loss 4.0356, time 2656.10ms, mfu 92.89%
iter 73570: loss 4.1043, time 2648.00ms, mfu 92.90%
iter 73580: loss 4.0715, time 2648.58ms, mfu 92.90%
iter 73590: loss 4.1501, time 2647.30ms, mfu 92.90%
iter 73600: loss 4.0742, time 2647.87ms, mfu 92.91%
iter 73610: loss 4.2108, time 2655.47ms, mfu 92.88%
iter 73620: loss 4.0699, time 2653.28ms, mfu 92.87%
iter 73630: loss 4.1199, time 2646.39ms, mfu 92.88%
iter 73640: loss 4.0605, time 2648.02ms, mfu 92.89%
iter 73650: loss 4.0799, time 2649.53ms, mfu 92.89%
iter 73660: loss 4.1540, time 2651.41ms, mfu 92.88%
iter 73670: loss 4.1513, time 2645.52ms, mfu 92.89%
iter 73680: loss 4.1481, time 2650.11ms, mfu 92.89%
iter 73690: loss 4.1799, time 2650.50ms, mfu 92.88%
iter 73700: loss 4.1030, time 2651.39ms, mfu 92.88%
iter 73710: loss 4.1235, time 2649.60ms, mfu 92.88%
iter 73720: loss 4.1423, time 2660.76ms, mfu 92.84%
iter 73730: loss 4.1163, time 2654.54ms, mfu 92.82%
iter 73740: loss 4.0391, time 2644.69ms, mfu 92.85%
iter 73750: loss 4.0947, time 2644.84ms, mfu 92.86%
iter 73760: loss 4.1806, time 2660.59ms, mfu 92.83%
iter 73770: loss 4.2022, time 2648.29ms, mfu 92.84%
iter 73780: loss 4.0713, time 2646.06ms, mfu 92.85%
iter 73790: loss 4.1069, time 2644.86ms, mfu 92.87%
iter 73800: loss 4.0889, time 2649.81ms, mfu 92.87%
iter 73810: loss 4.0982, time 2641.88ms, mfu 92.90%
iter 73820: loss 4.0965, time 2642.84ms, mfu 92.92%
iter 73830: loss 4.1141, time 2642.67ms, mfu 92.94%
iter 73840: loss 4.1009, time 2647.63ms, mfu 92.94%
iter 73850: loss 4.1217, time 2657.22ms, mfu 92.91%
iter 73860: loss 4.1177, time 2656.26ms, mfu 92.88%
iter 73870: loss 4.2370, time 2651.28ms, mfu 92.87%
iter 73880: loss 4.0335, time 2649.46ms, mfu 92.87%
iter 73890: loss 4.1487, time 2649.75ms, mfu 92.87%
iter 73900: loss 4.0375, time 2647.10ms, mfu 92.88%
iter 73910: loss 4.1207, time 2648.13ms, mfu 92.89%
iter 73920: loss 4.1120, time 2652.52ms, mfu 92.87%
iter 73930: loss 4.0436, time 2648.29ms, mfu 92.88%
iter 73940: loss 4.1329, time 2648.05ms, mfu 92.88%
iter 73950: loss 4.0502, time 2638.91ms, mfu 92.92%
iter 73960: loss 4.1282, time 2649.56ms, mfu 92.92%
iter 73970: loss 4.0191, time 2649.28ms, mfu 92.91%
iter 73980: loss 4.0882, time 2653.33ms, mfu 92.90%
iter 73990: loss 4.1192, time 2650.90ms, mfu 92.89%
step 74000: train loss 3.9350, val loss 3.9436
saving checkpoint to /net/scratch2/junyuren/nanoGPT-manifold/out-openwebtext-per-block
iter 74000: loss 4.0561, time 17138.80ms, mfu 85.04%
iter 74010: loss 4.1000, time 2639.40ms, mfu 85.86%
iter 74020: loss 4.0793, time 2640.81ms, mfu 86.59%
iter 74030: loss 4.1164, time 2642.01ms, mfu 87.24%
iter 74040: loss 4.1183, time 2660.30ms, mfu 87.77%
iter 74050: loss 4.0382, time 2641.08ms, mfu 88.31%
iter 74060: loss 4.0837, time 2647.19ms, mfu 88.77%
iter 74070: loss 4.1252, time 2648.00ms, mfu 89.19%
iter 74080: loss 4.1102, time 2651.23ms, mfu 89.55%
iter 74090: loss 4.1205, time 2643.59ms, mfu 89.91%
iter 74100: loss 4.0951, time 2645.08ms, mfu 90.22%
iter 74110: loss 4.0510, time 2656.78ms, mfu 90.46%
iter 74120: loss 4.1336, time 2649.73ms, mfu 90.70%
iter 74130: loss 4.1453, time 2639.80ms, mfu 90.95%
iter 74140: loss 4.0439, time 2653.31ms, mfu 91.13%
iter 74150: loss 4.0749, time 2648.67ms, mfu 91.31%
iter 74160: loss 4.1377, time 2652.31ms, mfu 91.46%
iter 74170: loss 4.1360, time 2645.70ms, mfu 91.61%
iter 74180: loss 4.1538, time 2643.17ms, mfu 91.76%
iter 74190: loss 4.1318, time 2650.41ms, mfu 91.87%
iter 74200: loss 4.1431, time 2653.76ms, mfu 91.95%
iter 74210: loss 4.0918, time 2653.17ms, mfu 92.03%
iter 74220: loss 4.1180, time 2650.59ms, mfu 92.11%
iter 74230: loss 4.0929, time 2648.12ms, mfu 92.20%
iter 74240: loss 4.0709, time 2643.57ms, mfu 92.28%
iter 74250: loss 4.0918, time 2656.55ms, mfu 92.32%
iter 74260: loss 4.1034, time 2648.41ms, mfu 92.38%
iter 74270: loss 4.1491, time 2651.42ms, mfu 92.42%
iter 74280: loss 4.1464, time 2651.00ms, mfu 92.46%
iter 74290: loss 4.0040, time 2645.04ms, mfu 92.52%
iter 74300: loss 4.1324, time 2646.42ms, mfu 92.57%
iter 74310: loss 4.0741, time 2649.13ms, mfu 92.60%
iter 74320: loss 4.1148, time 2645.97ms, mfu 92.64%
iter 74330: loss 4.0880, time 2652.87ms, mfu 92.65%
iter 74340: loss 4.0196, time 2653.06ms, mfu 92.66%
iter 74350: loss 4.1243, time 2653.43ms, mfu 92.67%
iter 74360: loss 4.1292, time 2648.15ms, mfu 92.69%
iter 74370: loss 4.1633, time 2641.40ms, mfu 92.74%
iter 74380: loss 4.1203, time 2647.85ms, mfu 92.76%
iter 74390: loss 4.0906, time 2657.57ms, mfu 92.74%
iter 74400: loss 4.1455, time 2660.01ms, mfu 92.72%
iter 74410: loss 4.1109, time 2643.06ms, mfu 92.76%
iter 74420: loss 4.1602, time 2643.67ms, mfu 92.79%
iter 74430: loss 4.1132, time 2640.98ms, mfu 92.83%
iter 74440: loss 4.0321, time 2656.64ms, mfu 92.81%
iter 74450: loss 4.1170, time 2658.50ms, mfu 92.78%
iter 74460: loss 3.9956, time 2644.60ms, mfu 92.81%
iter 74470: loss 4.1007, time 2656.58ms, mfu 92.79%
iter 74480: loss 4.0814, time 2645.32ms, mfu 92.82%
iter 74490: loss 4.0929, time 2648.65ms, mfu 92.82%
iter 74500: loss 4.0868, time 2647.95ms, mfu 92.84%
iter 74510: loss 4.1127, time 2661.51ms, mfu 92.80%
iter 74520: loss 4.0525, time 2651.47ms, mfu 92.80%
iter 74530: loss 4.1097, time 2650.01ms, mfu 92.80%
iter 74540: loss 4.0459, time 2647.49ms, mfu 92.82%
iter 74550: loss 4.1385, time 2648.39ms, mfu 92.83%
iter 74560: loss 4.1389, time 2657.83ms, mfu 92.80%
iter 74570: loss 4.1016, time 2647.73ms, mfu 92.82%
iter 74580: loss 4.0925, time 2651.47ms, mfu 92.82%
iter 74590: loss 4.0864, time 2646.26ms, mfu 92.83%
iter 74600: loss 4.1152, time 2654.56ms, mfu 92.82%
iter 74610: loss 4.0296, time 2648.22ms, mfu 92.83%
iter 74620: loss 4.0820, time 2642.45ms, mfu 92.86%
iter 74630: loss 4.1332, time 2653.41ms, mfu 92.85%
iter 74640: loss 4.0867, time 2651.33ms, mfu 92.84%
iter 74650: loss 4.0486, time 2641.44ms, mfu 92.88%
iter 74660: loss 4.0514, time 2644.21ms, mfu 92.89%
iter 74670: loss 4.1483, time 2641.52ms, mfu 92.92%
iter 74680: loss 4.1827, time 2643.39ms, mfu 92.94%
iter 74690: loss 4.0566, time 2646.95ms, mfu 92.94%
iter 74700: loss 4.0727, time 2649.15ms, mfu 92.94%
iter 74710: loss 4.0906, time 2640.51ms, mfu 92.96%
iter 74720: loss 4.0994, time 2655.88ms, mfu 92.93%
iter 74730: loss 4.1234, time 2648.79ms, mfu 92.93%
iter 74740: loss 4.1327, time 2645.52ms, mfu 92.94%
iter 74750: loss 4.0591, time 2654.12ms, mfu 92.91%
iter 74760: loss 4.0323, time 2639.62ms, mfu 92.95%
iter 74770: loss 4.0635, time 2652.78ms, mfu 92.93%
iter 74780: loss 4.1736, time 2647.29ms, mfu 92.93%
iter 74790: loss 4.0878, time 2648.12ms, mfu 92.93%
iter 74800: loss 4.1614, time 2646.87ms, mfu 92.93%
iter 74810: loss 4.1625, time 2647.54ms, mfu 92.93%
iter 74820: loss 4.1088, time 2660.14ms, mfu 92.89%
iter 74830: loss 4.1416, time 2648.90ms, mfu 92.89%
iter 74840: loss 4.1737, time 2648.41ms, mfu 92.89%
iter 74850: loss 4.0937, time 2646.55ms, mfu 92.90%
iter 74860: loss 4.1121, time 2651.60ms, mfu 92.89%
iter 74870: loss 4.1917, time 2648.82ms, mfu 92.89%
iter 74880: loss 4.1061, time 2665.47ms, mfu 92.84%
iter 74890: loss 4.0468, time 2651.90ms, mfu 92.83%
iter 74900: loss 4.1359, time 2650.39ms, mfu 92.83%
iter 74910: loss 4.0737, time 2643.02ms, mfu 92.86%
iter 74920: loss 4.1432, time 2647.04ms, mfu 92.87%
iter 74930: loss 3.9543, time 2651.42ms, mfu 92.86%
iter 74940: loss 4.1781, time 2648.08ms, mfu 92.87%
iter 74950: loss 4.0676, time 2646.92ms, mfu 92.88%
iter 74960: loss 4.1896, time 2651.60ms, mfu 92.87%
iter 74970: loss 4.1111, time 2657.02ms, mfu 92.85%
iter 74980: loss 4.1194, time 2658.20ms, mfu 92.82%
iter 74990: loss 4.0493, time 2656.04ms, mfu 92.80%
step 75000: train loss 3.9443, val loss 3.9537
saving checkpoint to /net/scratch2/junyuren/nanoGPT-manifold/out-openwebtext-per-block
iter 75000: loss 4.0864, time 17624.79ms, mfu 84.92%
iter 75010: loss 4.1541, time 2639.13ms, mfu 85.75%
iter 75020: loss 4.0333, time 2644.85ms, mfu 86.48%
iter 75030: loss 4.0821, time 2651.92ms, mfu 87.11%
iter 75040: loss 4.1126, time 2654.14ms, mfu 87.67%
iter 75050: loss 4.0793, time 2650.89ms, mfu 88.19%
iter 75060: loss 4.1106, time 2646.22ms, mfu 88.67%
iter 75070: loss 4.1234, time 2643.05ms, mfu 89.11%
iter 75080: loss 4.1058, time 2645.98ms, mfu 89.50%
iter 75090: loss 4.0864, time 2650.92ms, mfu 89.83%
iter 75100: loss 4.1832, time 2645.75ms, mfu 90.15%
iter 75110: loss 4.1660, time 2652.49ms, mfu 90.41%
iter 75120: loss 4.0788, time 2646.76ms, mfu 90.67%
iter 75130: loss 4.0383, time 2653.99ms, mfu 90.87%
iter 75140: loss 4.1361, time 2640.50ms, mfu 91.11%
iter 75150: loss 4.0891, time 2656.95ms, mfu 91.26%
iter 75160: loss 4.0874, time 2647.35ms, mfu 91.43%
iter 75170: loss 4.0709, time 2653.96ms, mfu 91.56%
iter 75180: loss 4.0918, time 2664.04ms, mfu 91.64%
iter 75190: loss 4.1185, time 2638.89ms, mfu 91.80%
iter 75200: loss 4.1166, time 2661.65ms, mfu 91.86%
iter 75210: loss 4.0517, time 2659.55ms, mfu 91.93%
iter 75220: loss 4.1334, time 2644.25ms, mfu 92.04%
iter 75230: loss 4.0895, time 2646.66ms, mfu 92.14%
iter 75240: loss 4.0831, time 2647.96ms, mfu 92.22%
iter 75250: loss 4.1517, time 2646.58ms, mfu 92.29%
iter 75260: loss 4.0454, time 2649.60ms, mfu 92.35%
iter 75270: loss 4.0849, time 2645.88ms, mfu 92.42%
iter 75280: loss 4.1423, time 2650.25ms, mfu 92.46%
iter 75290: loss 4.1249, time 2644.44ms, mfu 92.52%
iter 75300: loss 4.0693, time 2656.86ms, mfu 92.53%
iter 75310: loss 4.1192, time 2650.05ms, mfu 92.56%
iter 75320: loss 4.0263, time 2651.44ms, mfu 92.59%
iter 75330: loss 4.1053, time 2650.80ms, mfu 92.61%
iter 75340: loss 4.1336, time 2659.36ms, mfu 92.60%
iter 75350: loss 4.1246, time 2642.64ms, mfu 92.65%
iter 75360: loss 4.1225, time 2652.14ms, mfu 92.67%
iter 75370: loss 4.1038, time 2643.69ms, mfu 92.71%
iter 75380: loss 4.0891, time 2660.67ms, mfu 92.69%
iter 75390: loss 4.1087, time 2652.75ms, mfu 92.69%
iter 75400: loss 4.0772, time 2651.76ms, mfu 92.70%
iter 75410: loss 4.0796, time 2652.81ms, mfu 92.71%
iter 75420: loss 4.0925, time 2654.54ms, mfu 92.71%
iter 75430: loss 4.1661, time 2646.85ms, mfu 92.74%
iter 75440: loss 4.1145, time 2650.87ms, mfu 92.74%
iter 75450: loss 4.0889, time 2644.77ms, mfu 92.77%
iter 75460: loss 4.0831, time 2645.01ms, mfu 92.80%
iter 75470: loss 4.0851, time 2642.43ms, mfu 92.83%
iter 75480: loss 4.0879, time 2653.87ms, mfu 92.82%
iter 75490: loss 4.0920, time 2648.85ms, mfu 92.83%
iter 75500: loss 4.1012, time 2649.53ms, mfu 92.83%
iter 75510: loss 4.1485, time 2650.51ms, mfu 92.84%
iter 75520: loss 4.0848, time 2645.58ms, mfu 92.85%
iter 75530: loss 4.0564, time 2648.97ms, mfu 92.86%
iter 75540: loss 4.0922, time 2639.73ms, mfu 92.89%
iter 75550: loss 4.1372, time 2643.26ms, mfu 92.91%
iter 75560: loss 4.1118, time 2659.41ms, mfu 92.88%
iter 75570: loss 4.0409, time 2642.93ms, mfu 92.90%
iter 75580: loss 4.0738, time 2651.86ms, mfu 92.89%
iter 75590: loss 4.1168, time 2651.21ms, mfu 92.88%
iter 75600: loss 4.1186, time 2658.86ms, mfu 92.85%
iter 75610: loss 4.0821, time 2648.41ms, mfu 92.85%
iter 75620: loss 4.1126, time 2646.23ms, mfu 92.87%
iter 75630: loss 4.0878, time 2645.54ms, mfu 92.88%
iter 75640: loss 4.1060, time 2653.44ms, mfu 92.87%
iter 75650: loss 4.0255, time 2661.59ms, mfu 92.83%
iter 75660: loss 4.0626, time 2662.43ms, mfu 92.79%
iter 75670: loss 4.1328, time 2648.57ms, mfu 92.80%
iter 75680: loss 4.1710, time 2650.82ms, mfu 92.80%
iter 75690: loss 4.0789, time 2648.20ms, mfu 92.81%
iter 75700: loss 4.1538, time 2641.62ms, mfu 92.85%
iter 75710: loss 4.1165, time 2649.48ms, mfu 92.85%
iter 75720: loss 4.1375, time 2647.36ms, mfu 92.86%
iter 75730: loss 4.0760, time 2648.02ms, mfu 92.87%
iter 75740: loss 4.0824, time 2650.60ms, mfu 92.87%
iter 75750: loss 4.1100, time 2645.62ms, mfu 92.88%
iter 75760: loss 4.0035, time 2655.41ms, mfu 92.86%
iter 75770: loss 4.1225, time 2646.73ms, mfu 92.87%
iter 75780: loss 4.1337, time 2640.29ms, mfu 92.90%
iter 75790: loss 4.1417, time 2651.34ms, mfu 92.89%
iter 75800: loss 4.0981, time 2647.15ms, mfu 92.90%
iter 75810: loss 4.0458, time 2651.86ms, mfu 92.89%
iter 75820: loss 4.1272, time 2658.21ms, mfu 92.86%
iter 75830: loss 4.1307, time 2646.35ms, mfu 92.87%
iter 75840: loss 4.1238, time 2654.98ms, mfu 92.85%
iter 75850: loss 4.0408, time 2650.39ms, mfu 92.85%
iter 75860: loss 4.1251, time 2652.65ms, mfu 92.84%
iter 75870: loss 4.0793, time 2652.05ms, mfu 92.84%
iter 75880: loss 4.0618, time 2647.86ms, mfu 92.85%
iter 75890: loss 4.0704, time 2648.77ms, mfu 92.85%
iter 75900: loss 4.0605, time 2644.03ms, mfu 92.87%
iter 75910: loss 4.1905, time 2642.91ms, mfu 92.90%
iter 75920: loss 4.1043, time 2648.82ms, mfu 92.90%
iter 75930: loss 4.1380, time 2637.29ms, mfu 92.94%
iter 75940: loss 4.1974, time 2648.41ms, mfu 92.94%
iter 75950: loss 4.0495, time 2650.22ms, mfu 92.93%
iter 75960: loss 4.1699, time 2649.92ms, mfu 92.92%
iter 75970: loss 4.1330, time 2646.15ms, mfu 92.93%
iter 75980: loss 4.1579, time 2656.08ms, mfu 92.90%
iter 75990: loss 4.0992, time 2653.71ms, mfu 92.88%
step 76000: train loss 3.9570, val loss 3.9696
saving checkpoint to /net/scratch2/junyuren/nanoGPT-manifold/out-openwebtext-per-block
iter 76000: loss 4.1291, time 17189.76ms, mfu 85.03%
iter 76010: loss 4.1171, time 2652.68ms, mfu 85.80%
iter 76020: loss 4.0412, time 2647.99ms, mfu 86.51%
iter 76030: loss 4.0579, time 2660.86ms, mfu 87.11%
iter 76040: loss 4.1042, time 2643.28ms, mfu 87.71%
iter 76050: loss 4.1661, time 2651.72ms, mfu 88.22%
iter 76060: loss 4.0789, time 2648.78ms, mfu 88.69%
iter 76070: loss 4.0498, time 2645.40ms, mfu 89.12%
iter 76080: loss 4.1146, time 2647.07ms, mfu 89.50%
iter 76090: loss 4.1209, time 2649.84ms, mfu 89.84%
iter 76100: loss 4.0978, time 2651.84ms, mfu 90.14%
iter 76110: loss 4.1341, time 2649.89ms, mfu 90.41%
iter 76120: loss 4.1354, time 2656.96ms, mfu 90.63%
iter 76130: loss 4.2714, time 2642.33ms, mfu 90.88%
iter 76140: loss 4.1477, time 2646.17ms, mfu 91.09%
iter 76150: loss 4.0623, time 2647.99ms, mfu 91.27%
iter 76160: loss 4.0755, time 2640.83ms, mfu 91.47%
iter 76170: loss 4.0784, time 2648.57ms, mfu 91.61%
iter 76180: loss 4.0708, time 2651.04ms, mfu 91.73%
iter 76190: loss 4.1993, time 2647.51ms, mfu 91.85%
iter 76200: loss 4.1410, time 2651.85ms, mfu 91.95%
iter 76210: loss 4.1318, time 2641.42ms, mfu 92.07%
iter 76220: loss 4.0630, time 2647.11ms, mfu 92.16%
iter 76230: loss 4.1700, time 2660.58ms, mfu 92.19%
iter 76240: loss 4.0496, time 2643.81ms, mfu 92.28%
iter 76250: loss 4.1066, time 2649.34ms, mfu 92.34%
iter 76260: loss 4.1030, time 2649.53ms, mfu 92.39%
iter 76270: loss 4.1287, time 2648.74ms, mfu 92.44%
iter 76280: loss 4.1357, time 2648.73ms, mfu 92.49%
iter 76290: loss 4.1069, time 2652.17ms, mfu 92.52%
iter 76300: loss 4.1039, time 2647.51ms, mfu 92.56%
iter 76310: loss 4.0430, time 2645.11ms, mfu 92.61%
iter 76320: loss 4.1280, time 2648.50ms, mfu 92.64%
iter 76330: loss 4.1508, time 2645.82ms, mfu 92.68%
iter 76340: loss 4.1069, time 2648.60ms, mfu 92.70%
iter 76350: loss 4.1102, time 2642.51ms, mfu 92.74%
iter 76360: loss 4.1248, time 2658.42ms, mfu 92.72%
iter 76370: loss 4.0782, time 2653.45ms, mfu 92.73%
iter 76380: loss 4.0249, time 2638.81ms, mfu 92.78%
iter 76390: loss 4.0087, time 2643.26ms, mfu 92.81%
iter 76400: loss 4.0644, time 2654.77ms, mfu 92.80%
iter 76410: loss 4.0710, time 2644.77ms, mfu 92.82%
iter 76420: loss 4.2225, time 2648.67ms, mfu 92.83%
iter 76430: loss 4.0926, time 2642.14ms, mfu 92.86%
iter 76440: loss 4.1458, time 2648.54ms, mfu 92.87%
iter 76450: loss 4.1223, time 2643.03ms, mfu 92.89%
iter 76460: loss 4.1405, time 2647.62ms, mfu 92.90%
iter 76470: loss 4.0371, time 2649.97ms, mfu 92.89%
iter 76480: loss 4.1203, time 2646.19ms, mfu 92.90%
iter 76490: loss 4.1425, time 2655.44ms, mfu 92.88%
iter 76500: loss 4.0479, time 2652.01ms, mfu 92.87%
iter 76510: loss 4.1711, time 2650.72ms, mfu 92.87%
iter 76520: loss 4.0861, time 2644.29ms, mfu 92.89%
iter 76530: loss 3.9982, time 2646.61ms, mfu 92.89%
iter 76540: loss 4.1060, time 2662.21ms, mfu 92.85%
iter 76550: loss 4.2012, time 2648.31ms, mfu 92.86%
iter 76560: loss 4.1310, time 2650.44ms, mfu 92.85%
iter 76570: loss 4.0635, time 2652.53ms, mfu 92.85%
iter 76580: loss 4.1768, time 2651.26ms, mfu 92.84%
iter 76590: loss 4.0828, time 2647.79ms, mfu 92.85%
iter 76600: loss 4.0660, time 2642.27ms, mfu 92.88%
iter 76610: loss 4.1137, time 2654.34ms, mfu 92.86%
iter 76620: loss 4.2342, time 2647.44ms, mfu 92.87%
iter 76630: loss 4.0957, time 2650.00ms, mfu 92.87%
iter 76640: loss 4.1202, time 2645.39ms, mfu 92.89%
iter 76650: loss 4.0007, time 2650.18ms, mfu 92.88%
iter 76660: loss 4.0922, time 2641.98ms, mfu 92.91%
iter 76670: loss 4.1404, time 2648.34ms, mfu 92.91%
iter 76680: loss 4.0495, time 2647.56ms, mfu 92.91%
iter 76690: loss 4.1384, time 2648.27ms, mfu 92.91%
iter 76700: loss 3.9916, time 2651.97ms, mfu 92.90%
iter 76710: loss 4.1433, time 2647.45ms, mfu 92.91%
iter 76720: loss 4.0910, time 2648.96ms, mfu 92.90%
iter 76730: loss 4.1494, time 2643.96ms, mfu 92.92%
iter 76740: loss 4.0955, time 2639.48ms, mfu 92.95%
iter 76750: loss 4.0976, time 2644.20ms, mfu 92.96%
iter 76760: loss 4.0610, time 2650.59ms, mfu 92.95%
iter 76770: loss 4.0358, time 2638.39ms, mfu 92.98%
iter 76780: loss 4.1061, time 2648.26ms, mfu 92.98%
iter 76790: loss 3.9969, time 2647.23ms, mfu 92.97%
iter 76800: loss 4.1166, time 2651.02ms, mfu 92.96%
iter 76810: loss 4.0718, time 2644.57ms, mfu 92.97%
iter 76820: loss 4.0890, time 2643.88ms, mfu 92.98%
iter 76830: loss 4.1305, time 2659.75ms, mfu 92.93%
iter 76840: loss 4.0865, time 2650.72ms, mfu 92.92%
iter 76850: loss 4.1219, time 2649.88ms, mfu 92.92%
iter 76860: loss 4.1109, time 2641.96ms, mfu 92.94%
iter 76870: loss 4.0621, time 2639.00ms, mfu 92.97%
iter 76880: loss 4.1898, time 2643.71ms, mfu 92.98%
iter 76890: loss 4.1477, time 2653.68ms, mfu 92.96%
iter 76900: loss 4.1105, time 2653.55ms, mfu 92.93%
iter 76910: loss 4.2040, time 2646.43ms, mfu 92.94%
iter 76920: loss 4.1245, time 2643.41ms, mfu 92.95%
iter 76930: loss 4.0595, time 2662.12ms, mfu 92.90%
iter 76940: loss 4.0779, time 2654.31ms, mfu 92.88%
iter 76950: loss 4.0419, time 2648.07ms, mfu 92.89%
iter 76960: loss 4.1798, time 2647.86ms, mfu 92.89%
iter 76970: loss 4.0614, time 2649.78ms, mfu 92.89%
iter 76980: loss 4.0281, time 2659.04ms, mfu 92.86%
iter 76990: loss 4.0453, time 2654.22ms, mfu 92.84%
step 77000: train loss 3.9411, val loss 3.9492
saving checkpoint to /net/scratch2/junyuren/nanoGPT-manifold/out-openwebtext-per-block
iter 77000: loss 4.2028, time 17118.26ms, mfu 84.99%
iter 77010: loss 4.1079, time 2641.92ms, mfu 85.81%
iter 77020: loss 4.1260, time 2651.45ms, mfu 86.51%
iter 77030: loss 4.0151, time 2656.10ms, mfu 87.12%
iter 77040: loss 4.1383, time 2650.41ms, mfu 87.69%
iter 77050: loss 4.1458, time 2646.88ms, mfu 88.22%
iter 77060: loss 4.0538, time 2636.68ms, mfu 88.73%
iter 77070: loss 4.1496, time 2655.24ms, mfu 89.13%
iter 77080: loss 4.1645, time 2647.87ms, mfu 89.51%
iter 77090: loss 4.0619, time 2643.44ms, mfu 89.87%
iter 77100: loss 4.0289, time 2650.80ms, mfu 90.16%
iter 77110: loss 4.0912, time 2644.21ms, mfu 90.45%
iter 77120: loss 4.0621, time 2650.47ms, mfu 90.69%
iter 77130: loss 4.1186, time 2650.71ms, mfu 90.91%
iter 77140: loss 4.1726, time 2648.21ms, mfu 91.11%
iter 77150: loss 4.0359, time 2647.08ms, mfu 91.29%
iter 77160: loss 4.0521, time 2653.12ms, mfu 91.44%
iter 77170: loss 4.1112, time 2647.17ms, mfu 91.59%
iter 77180: loss 4.0881, time 2640.50ms, mfu 91.75%
iter 77190: loss 4.0581, time 2649.16ms, mfu 91.86%
iter 77200: loss 4.0869, time 2656.05ms, mfu 91.94%
iter 77210: loss 4.0733, time 2640.35ms, mfu 92.07%
iter 77220: loss 4.1147, time 2648.15ms, mfu 92.15%
iter 77230: loss 4.0855, time 2648.54ms, mfu 92.23%
iter 77240: loss 4.0937, time 2651.73ms, mfu 92.29%
iter 77250: loss 4.1231, time 2642.55ms, mfu 92.37%
iter 77260: loss 4.0707, time 2650.40ms, mfu 92.42%
iter 77270: loss 4.0741, time 2652.65ms, mfu 92.45%
iter 77280: loss 4.0052, time 2649.22ms, mfu 92.50%
iter 77290: loss 4.0385, time 2646.96ms, mfu 92.54%
iter 77300: loss 4.0868, time 2650.55ms, mfu 92.57%
iter 77310: loss 4.0772, time 2650.72ms, mfu 92.60%
iter 77320: loss 4.1561, time 2646.57ms, mfu 92.64%
iter 77330: loss 4.1581, time 2648.70ms, mfu 92.66%
iter 77340: loss 4.0748, time 2649.05ms, mfu 92.69%
iter 77350: loss 4.0566, time 2647.10ms, mfu 92.71%
iter 77360: loss 4.0879, time 2641.94ms, mfu 92.76%
iter 77370: loss 4.0977, time 2652.36ms, mfu 92.76%
iter 77380: loss 4.2135, time 2651.10ms, mfu 92.77%
iter 77390: loss 4.1070, time 2651.92ms, mfu 92.77%
iter 77400: loss 4.0369, time 2641.39ms, mfu 92.81%
iter 77410: loss 4.1055, time 2647.65ms, mfu 92.82%
iter 77420: loss 4.0534, time 2647.58ms, mfu 92.83%
iter 77430: loss 4.1664, time 2652.16ms, mfu 92.83%
iter 77440: loss 4.1098, time 2655.93ms, mfu 92.81%
iter 77450: loss 4.1275, time 2657.52ms, mfu 92.79%
iter 77460: loss 4.0649, time 2645.23ms, mfu 92.81%
iter 77470: loss 4.0714, time 2638.99ms, mfu 92.86%
iter 77480: loss 3.9979, time 2652.48ms, mfu 92.85%
iter 77490: loss 4.1371, time 2646.33ms, mfu 92.86%
iter 77500: loss 4.0536, time 2650.08ms, mfu 92.86%
iter 77510: loss 4.1583, time 2652.88ms, mfu 92.85%
iter 77520: loss 4.0922, time 2641.11ms, mfu 92.88%
iter 77530: loss 4.0774, time 2650.86ms, mfu 92.88%
iter 77540: loss 4.1641, time 2644.73ms, mfu 92.89%
iter 77550: loss 4.0919, time 2649.73ms, mfu 92.89%
iter 77560: loss 4.0485, time 2651.96ms, mfu 92.88%
iter 77570: loss 4.0789, time 2652.94ms, mfu 92.87%
iter 77580: loss 4.0931, time 2656.20ms, mfu 92.85%
iter 77590: loss 4.0806, time 2653.84ms, mfu 92.83%
iter 77600: loss 4.0837, time 2646.31ms, mfu 92.85%
iter 77610: loss 4.2238, time 2645.00ms, mfu 92.87%
iter 77620: loss 4.1856, time 2652.56ms, mfu 92.86%
iter 77630: loss 4.1489, time 2651.66ms, mfu 92.85%
iter 77640: loss 4.2007, time 2641.99ms, mfu 92.88%
iter 77650: loss 4.1215, time 2660.27ms, mfu 92.84%
iter 77660: loss 3.9771, time 2657.35ms, mfu 92.82%
iter 77670: loss 4.0600, time 2646.52ms, mfu 92.84%
iter 77680: loss 4.0380, time 2642.07ms, mfu 92.87%
iter 77690: loss 4.1130, time 2648.33ms, mfu 92.87%
iter 77700: loss 4.1541, time 2647.09ms, mfu 92.88%
iter 77710: loss 4.1488, time 2643.02ms, mfu 92.90%
iter 77720: loss 4.0372, time 2645.21ms, mfu 92.92%
iter 77730: loss 4.1236, time 2650.45ms, mfu 92.91%
iter 77740: loss 4.1054, time 2642.31ms, mfu 92.93%
iter 77750: loss 4.0848, time 2642.37ms, mfu 92.95%
iter 77760: loss 4.0654, time 2645.36ms, mfu 92.96%
iter 77770: loss 4.1805, time 2642.53ms, mfu 92.97%
iter 77780: loss 4.1132, time 2650.11ms, mfu 92.96%
iter 77790: loss 4.1220, time 2646.51ms, mfu 92.96%
iter 77800: loss 4.1076, time 2647.36ms, mfu 92.96%
iter 77810: loss 4.0594, time 2651.71ms, mfu 92.95%
iter 77820: loss 4.1835, time 2639.48ms, mfu 92.97%
iter 77830: loss 4.1116, time 2650.32ms, mfu 92.96%
iter 77840: loss 4.1080, time 2643.42ms, mfu 92.97%
iter 77850: loss 4.1853, time 2646.55ms, mfu 92.98%
iter 77860: loss 4.1625, time 2644.83ms, mfu 92.98%
iter 77870: loss 4.1403, time 2644.45ms, mfu 92.99%
iter 77880: loss 4.1219, time 2645.79ms, mfu 92.99%
iter 77890: loss 4.0362, time 2652.36ms, mfu 92.97%
iter 77900: loss 4.0868, time 2653.42ms, mfu 92.95%
iter 77910: loss 4.1031, time 2657.62ms, mfu 92.91%
iter 77920: loss 4.0883, time 2648.32ms, mfu 92.91%
iter 77930: loss 4.1030, time 2645.48ms, mfu 92.92%
iter 77940: loss 4.1470, time 2641.66ms, mfu 92.95%
iter 77950: loss 4.0868, time 2647.80ms, mfu 92.94%
iter 77960: loss 4.0590, time 2652.11ms, mfu 92.93%
iter 77970: loss 4.1417, time 2652.51ms, mfu 92.91%
iter 77980: loss 4.1287, time 2657.73ms, mfu 92.88%
iter 77990: loss 4.0953, time 2652.84ms, mfu 92.87%
step 78000: train loss 3.9528, val loss 3.9603
saving checkpoint to /net/scratch2/junyuren/nanoGPT-manifold/out-openwebtext-per-block
iter 78000: loss 4.1930, time 17220.56ms, mfu 85.01%
iter 78010: loss 4.1846, time 2646.05ms, mfu 85.81%
iter 78020: loss 4.1604, time 2644.96ms, mfu 86.53%
iter 78030: loss 4.0621, time 2655.38ms, mfu 87.15%
iter 78040: loss 4.1676, time 2653.07ms, mfu 87.71%
iter 78050: loss 4.1163, time 2657.46ms, mfu 88.20%
iter 78060: loss 4.1281, time 2647.02ms, mfu 88.67%
iter 78070: loss 4.1830, time 2662.96ms, mfu 89.05%
iter 78080: loss 4.1275, time 2650.42ms, mfu 89.43%
iter 78090: loss 4.1557, time 2647.59ms, mfu 89.78%
iter 78100: loss 4.1768, time 2647.59ms, mfu 90.09%
iter 78110: loss 4.1481, time 2650.58ms, mfu 90.37%
iter 78120: loss 4.1453, time 2655.46ms, mfu 90.60%
iter 78130: loss 4.0522, time 2660.36ms, mfu 90.79%
iter 78140: loss 4.1333, time 2648.38ms, mfu 91.00%
iter 78150: loss 4.1176, time 2649.41ms, mfu 91.19%
iter 78160: loss 4.1162, time 2644.70ms, mfu 91.37%
iter 78170: loss 4.1665, time 2649.98ms, mfu 91.52%
iter 78180: loss 4.1150, time 2652.67ms, mfu 91.65%
iter 78190: loss 4.1267, time 2666.43ms, mfu 91.71%
iter 78200: loss 4.0073, time 2652.92ms, mfu 91.82%
iter 78210: loss 4.0841, time 2666.22ms, mfu 91.86%
iter 78220: loss 4.0511, time 2650.31ms, mfu 91.96%
iter 78230: loss 4.1426, time 2662.08ms, mfu 92.01%
iter 78240: loss 4.0994, time 2654.85ms, mfu 92.08%
iter 78250: loss 4.0671, time 2655.96ms, mfu 92.14%
iter 78260: loss 4.0888, time 2655.80ms, mfu 92.19%
iter 78270: loss 4.1071, time 2650.84ms, mfu 92.25%
iter 78280: loss 4.0653, time 2646.38ms, mfu 92.33%
iter 78290: loss 4.1503, time 2661.44ms, mfu 92.34%
iter 78300: loss 4.0196, time 2648.81ms, mfu 92.39%
iter 78310: loss 4.0785, time 2654.92ms, mfu 92.42%
iter 78320: loss 4.1294, time 2652.16ms, mfu 92.46%
iter 78330: loss 4.1123, time 2658.91ms, mfu 92.47%
iter 78340: loss 4.0620, time 2653.03ms, mfu 92.50%
iter 78350: loss 4.1195, time 2651.42ms, mfu 92.53%
iter 78360: loss 4.1059, time 2645.87ms, mfu 92.58%
iter 78370: loss 4.1034, time 2647.56ms, mfu 92.61%
iter 78380: loss 4.1057, time 2654.34ms, mfu 92.62%
iter 78390: loss 4.1090, time 2655.42ms, mfu 92.63%
iter 78400: loss 4.0695, time 2646.07ms, mfu 92.66%
iter 78410: loss 4.1321, time 2643.89ms, mfu 92.71%
iter 78420: loss 4.0077, time 2651.81ms, mfu 92.71%
iter 78430: loss 4.0498, time 2656.07ms, mfu 92.71%
iter 78440: loss 4.0772, time 2654.84ms, mfu 92.71%
iter 78450: loss 4.1630, time 2646.83ms, mfu 92.73%
iter 78460: loss 3.9703, time 2657.09ms, mfu 92.72%
iter 78470: loss 4.0601, time 2645.71ms, mfu 92.75%
iter 78480: loss 4.1336, time 2653.19ms, mfu 92.75%
iter 78490: loss 4.0981, time 2655.01ms, mfu 92.74%
iter 78500: loss 4.1468, time 2653.13ms, mfu 92.74%
iter 78510: loss 4.0325, time 2646.68ms, mfu 92.77%
iter 78520: loss 4.1041, time 2645.62ms, mfu 92.79%
iter 78530: loss 4.1082, time 2643.59ms, mfu 92.82%
iter 78540: loss 4.0638, time 2653.48ms, mfu 92.81%
iter 78550: loss 4.0996, time 2665.60ms, mfu 92.76%
iter 78560: loss 4.1273, time 2653.63ms, mfu 92.76%
iter 78570: loss 4.0942, time 2644.81ms, mfu 92.79%
iter 78580: loss 4.1038, time 2649.93ms, mfu 92.80%
iter 78590: loss 4.0284, time 2662.33ms, mfu 92.76%
iter 78600: loss 4.1384, time 2660.11ms, mfu 92.73%
iter 78610: loss 4.0852, time 2651.67ms, mfu 92.74%
iter 78620: loss 4.0944, time 2652.65ms, mfu 92.74%
iter 78630: loss 4.0792, time 2649.35ms, mfu 92.76%
iter 78640: loss 4.1362, time 2655.51ms, mfu 92.75%
iter 78650: loss 4.1258, time 2659.88ms, mfu 92.72%
iter 78660: loss 4.1233, time 2658.59ms, mfu 92.71%
iter 78670: loss 4.1552, time 2654.82ms, mfu 92.71%
iter 78680: loss 4.0627, time 2656.70ms, mfu 92.70%
iter 78690: loss 4.1801, time 2660.28ms, mfu 92.68%
iter 78700: loss 4.1137, time 2647.57ms, mfu 92.70%
iter 78710: loss 4.0302, time 2649.76ms, mfu 92.72%
iter 78720: loss 4.2321, time 2661.97ms, mfu 92.69%
iter 78730: loss 4.0867, time 2655.42ms, mfu 92.69%
iter 78740: loss 4.0273, time 2653.19ms, mfu 92.70%
iter 78750: loss 4.0354, time 2652.43ms, mfu 92.70%
iter 78760: loss 4.0555, time 2645.26ms, mfu 92.74%
iter 78770: loss 4.1652, time 2654.84ms, mfu 92.73%
iter 78780: loss 4.1572, time 2651.12ms, mfu 92.74%
iter 78790: loss 4.0866, time 2649.28ms, mfu 92.76%
iter 78800: loss 4.0634, time 2643.44ms, mfu 92.79%
iter 78810: loss 4.0923, time 2649.14ms, mfu 92.80%
iter 78820: loss 4.1528, time 2645.02ms, mfu 92.82%
iter 78830: loss 4.0571, time 2642.78ms, mfu 92.85%
iter 78840: loss 4.0585, time 2645.73ms, mfu 92.87%
iter 78850: loss 4.1464, time 2642.31ms, mfu 92.89%
iter 78860: loss 4.1322, time 2655.34ms, mfu 92.87%
iter 78870: loss 4.1096, time 2648.53ms, mfu 92.88%
iter 78880: loss 4.0847, time 2650.49ms, mfu 92.87%
iter 78890: loss 4.1186, time 2652.97ms, mfu 92.86%
iter 78900: loss 4.1672, time 2645.43ms, mfu 92.88%
iter 78910: loss 4.0973, time 2643.55ms, mfu 92.90%
iter 78920: loss 4.1294, time 2644.42ms, mfu 92.91%
iter 78930: loss 4.0912, time 2644.52ms, mfu 92.93%
iter 78940: loss 4.1338, time 2655.61ms, mfu 92.90%
iter 78950: loss 4.0280, time 2654.06ms, mfu 92.88%
iter 78960: loss 4.0315, time 2647.48ms, mfu 92.89%
iter 78970: loss 4.1400, time 2655.28ms, mfu 92.87%
iter 78980: loss 4.1977, time 2651.57ms, mfu 92.86%
iter 78990: loss 4.1215, time 2650.66ms, mfu 92.86%
step 79000: train loss 3.9483, val loss 3.9655
saving checkpoint to /net/scratch2/junyuren/nanoGPT-manifold/out-openwebtext-per-block
iter 79000: loss 4.1143, time 17121.34ms, mfu 85.01%
iter 79010: loss 4.1084, time 2660.54ms, mfu 85.76%
iter 79020: loss 3.9869, time 2648.06ms, mfu 86.48%
iter 79030: loss 4.0897, time 2645.96ms, mfu 87.13%
iter 79040: loss 4.1432, time 2649.33ms, mfu 87.70%
iter 79050: loss 4.1745, time 2660.49ms, mfu 88.18%
iter 79060: loss 3.9698, time 2652.45ms, mfu 88.64%
iter 79070: loss 4.0961, time 2650.93ms, mfu 89.06%
iter 79080: loss 4.1979, time 2653.10ms, mfu 89.43%
iter 79090: loss 4.0409, time 2648.08ms, mfu 89.78%
iter 79100: loss 3.9926, time 2655.37ms, mfu 90.07%
iter 79110: loss 4.1316, time 2654.38ms, mfu 90.33%
iter 79120: loss 4.1642, time 2648.04ms, mfu 90.59%
iter 79130: loss 4.0003, time 2654.21ms, mfu 90.80%
iter 79140: loss 4.0576, time 2647.06ms, mfu 91.02%
iter 79150: loss 3.9726, time 2644.06ms, mfu 91.22%
iter 79160: loss 4.1597, time 2653.86ms, mfu 91.37%
iter 79170: loss 4.1283, time 2653.16ms, mfu 91.51%
iter 79180: loss 4.0327, time 2660.02ms, mfu 91.61%
iter 79190: loss 4.0220, time 2642.58ms, mfu 91.76%
iter 79200: loss 4.0717, time 2657.66ms, mfu 91.85%
iter 79210: loss 4.1290, time 2659.13ms, mfu 91.91%
iter 79220: loss 4.0945, time 2657.53ms, mfu 91.98%
iter 79230: loss 4.1578, time 2654.71ms, mfu 92.05%
iter 79240: loss 4.0991, time 2642.38ms, mfu 92.16%
iter 79250: loss 4.1111, time 2641.27ms, mfu 92.26%
iter 79260: loss 4.1124, time 2643.73ms, mfu 92.34%
iter 79270: loss 4.1321, time 2649.21ms, mfu 92.40%
iter 79280: loss 4.0376, time 2662.60ms, mfu 92.40%
iter 79290: loss 4.0978, time 2644.40ms, mfu 92.47%
iter 79300: loss 4.0308, time 2660.78ms, mfu 92.47%
iter 79310: loss 4.0843, time 2644.19ms, mfu 92.53%
iter 79320: loss 3.9902, time 2651.49ms, mfu 92.56%
iter 79330: loss 4.1237, time 2648.15ms, mfu 92.59%
iter 79340: loss 4.0847, time 2655.57ms, mfu 92.60%
iter 79350: loss 4.0750, time 2647.56ms, mfu 92.63%
iter 79360: loss 4.1484, time 2645.79ms, mfu 92.67%
iter 79370: loss 4.1923, time 2646.47ms, mfu 92.70%
iter 79380: loss 4.1031, time 2663.66ms, mfu 92.67%
iter 79390: loss 4.1615, time 2650.71ms, mfu 92.69%
iter 79400: loss 3.9978, time 2654.19ms, mfu 92.69%
iter 79410: loss 4.1362, time 2644.74ms, mfu 92.72%
iter 79420: loss 4.1387, time 2643.24ms, mfu 92.76%
iter 79430: loss 4.0983, time 2648.77ms, mfu 92.78%
iter 79440: loss 4.0543, time 2646.05ms, mfu 92.80%
iter 79450: loss 4.2303, time 2644.30ms, mfu 92.82%
iter 79460: loss 4.1736, time 2641.54ms, mfu 92.86%
iter 79470: loss 4.1647, time 2649.31ms, mfu 92.86%
iter 79480: loss 4.0768, time 2652.12ms, mfu 92.85%
iter 79490: loss 4.0407, time 2646.56ms, mfu 92.87%
iter 79500: loss 4.1192, time 2644.23ms, mfu 92.89%
iter 79510: loss 4.0697, time 2655.26ms, mfu 92.86%
iter 79520: loss 4.0656, time 2650.59ms, mfu 92.86%
iter 79530: loss 4.1930, time 2641.60ms, mfu 92.89%
iter 79540: loss 4.0751, time 2640.85ms, mfu 92.92%
iter 79550: loss 4.1286, time 2639.10ms, mfu 92.95%
iter 79560: loss 4.0203, time 2645.50ms, mfu 92.96%
iter 79570: loss 4.1880, time 2649.99ms, mfu 92.95%
iter 79580: loss 4.1326, time 2657.85ms, mfu 92.91%
iter 79590: loss 4.1855, time 2648.63ms, mfu 92.91%
iter 79600: loss 4.0561, time 2645.94ms, mfu 92.92%
iter 79610: loss 4.1360, time 2647.69ms, mfu 92.92%
iter 79620: loss 4.2313, time 2652.28ms, mfu 92.91%
iter 79630: loss 4.2217, time 2637.06ms, mfu 92.95%
iter 79640: loss 4.0383, time 2646.83ms, mfu 92.95%
iter 79650: loss 4.1010, time 2644.73ms, mfu 92.96%
iter 79660: loss 4.1243, time 2650.07ms, mfu 92.95%
iter 79670: loss 4.0999, time 2644.70ms, mfu 92.96%
iter 79680: loss 4.0881, time 2648.84ms, mfu 92.95%
iter 79690: loss 4.2004, time 2647.11ms, mfu 92.95%
iter 79700: loss 4.1783, time 2642.75ms, mfu 92.97%
iter 79710: loss 4.1114, time 2654.00ms, mfu 92.95%
iter 79720: loss 4.1185, time 2659.14ms, mfu 92.90%
iter 79730: loss 4.0752, time 2652.14ms, mfu 92.89%
iter 79740: loss 4.1263, time 2637.33ms, mfu 92.93%
iter 79750: loss 4.1456, time 2655.20ms, mfu 92.91%
iter 79760: loss 4.1200, time 2652.68ms, mfu 92.89%
iter 79770: loss 4.0365, time 2653.11ms, mfu 92.88%
iter 79780: loss 4.0955, time 2649.36ms, mfu 92.88%
iter 79790: loss 4.1394, time 2648.52ms, mfu 92.88%
iter 79800: loss 4.0340, time 2649.58ms, mfu 92.88%
iter 79810: loss 4.0783, time 2656.35ms, mfu 92.86%
iter 79820: loss 4.1296, time 2644.03ms, mfu 92.88%
iter 79830: loss 4.0706, time 2649.01ms, mfu 92.88%
iter 79840: loss 4.0095, time 2643.76ms, mfu 92.90%
iter 79850: loss 4.1173, time 2651.47ms, mfu 92.89%
iter 79860: loss 4.0789, time 2652.47ms, mfu 92.88%
iter 79870: loss 4.1140, time 2648.69ms, mfu 92.88%
iter 79880: loss 4.1042, time 2641.25ms, mfu 92.91%
iter 79890: loss 4.1289, time 2650.77ms, mfu 92.90%
iter 79900: loss 4.1381, time 2658.28ms, mfu 92.87%
iter 79910: loss 4.1312, time 2642.43ms, mfu 92.89%
iter 79920: loss 4.0770, time 2644.70ms, mfu 92.91%
iter 79930: loss 4.1281, time 2650.93ms, mfu 92.90%
iter 79940: loss 4.1006, time 2647.66ms, mfu 92.91%
iter 79950: loss 4.1096, time 2655.10ms, mfu 92.88%
iter 79960: loss 4.0590, time 2648.67ms, mfu 92.89%
iter 79970: loss 4.1124, time 2648.40ms, mfu 92.89%
iter 79980: loss 4.1360, time 2643.04ms, mfu 92.91%
iter 79990: loss 4.1242, time 2647.94ms, mfu 92.91%
step 80000: train loss 3.9395, val loss 3.9528
saving checkpoint to /net/scratch2/junyuren/nanoGPT-manifold/out-openwebtext-per-block
iter 80000: loss 4.0812, time 17129.77ms, mfu 85.06%
iter 80010: loss 4.0987, time 2645.96ms, mfu 85.85%
iter 80020: loss 4.0841, time 2647.94ms, mfu 86.56%
iter 80030: loss 4.0631, time 2651.19ms, mfu 87.19%
iter 80040: loss 4.1438, time 2654.38ms, mfu 87.74%
iter 80050: loss 4.0998, time 2649.12ms, mfu 88.25%
iter 80060: loss 4.2200, time 2643.58ms, mfu 88.74%
iter 80070: loss 4.0422, time 2650.20ms, mfu 89.15%
iter 80080: loss 4.1510, time 2648.66ms, mfu 89.52%
iter 80090: loss 4.1174, time 2648.99ms, mfu 89.86%
iter 80100: loss 4.0995, time 2648.05ms, mfu 90.17%
iter 80110: loss 3.9718, time 2652.49ms, mfu 90.43%
iter 80120: loss 4.1077, time 2654.63ms, mfu 90.65%
iter 80130: loss 4.0767, time 2640.97ms, mfu 90.91%
iter 80140: loss 4.1206, time 2662.68ms, mfu 91.06%
iter 80150: loss 4.1301, time 2647.10ms, mfu 91.25%
iter 80160: loss 4.0369, time 2654.34ms, mfu 91.39%
iter 80170: loss 4.1220, time 2654.41ms, mfu 91.53%
iter 80180: loss 4.1583, time 2646.60ms, mfu 91.67%
iter 80190: loss 4.1334, time 2651.05ms, mfu 91.79%
iter 80200: loss 4.1306, time 2641.24ms, mfu 91.92%
iter 80210: loss 4.0718, time 2651.36ms, mfu 92.01%
iter 80220: loss 4.1170, time 2659.75ms, mfu 92.06%
iter 80230: loss 4.0404, time 2652.08ms, mfu 92.14%
iter 80240: loss 4.1087, time 2644.25ms, mfu 92.23%
iter 80250: loss 4.0194, time 2648.54ms, mfu 92.30%
iter 80260: loss 4.1117, time 2650.25ms, mfu 92.35%
iter 80270: loss 4.1311, time 2648.84ms, mfu 92.41%
iter 80280: loss 4.1494, time 2656.89ms, mfu 92.43%
iter 80290: loss 4.1536, time 2655.93ms, mfu 92.45%
iter 80300: loss 4.0961, time 2651.59ms, mfu 92.49%
iter 80310: loss 4.0647, time 2647.91ms, mfu 92.53%
iter 80320: loss 4.1570, time 2657.21ms, mfu 92.54%
iter 80330: loss 4.1251, time 2653.55ms, mfu 92.56%
iter 80340: loss 4.1598, time 2643.08ms, mfu 92.61%
iter 80350: loss 4.1548, time 2648.41ms, mfu 92.64%
iter 80360: loss 4.1642, time 2654.06ms, mfu 92.65%
iter 80370: loss 4.0332, time 2656.81ms, mfu 92.65%
iter 80380: loss 4.0775, time 2648.23ms, mfu 92.67%
iter 80390: loss 4.0668, time 2653.60ms, mfu 92.68%
iter 80400: loss 4.0625, time 2646.52ms, mfu 92.71%
iter 80410: loss 4.0706, time 2654.74ms, mfu 92.71%
iter 80420: loss 4.1375, time 2646.44ms, mfu 92.74%
iter 80430: loss 4.1565, time 2650.86ms, mfu 92.75%
iter 80440: loss 4.2054, time 2644.24ms, mfu 92.78%
iter 80450: loss 4.1453, time 2656.06ms, mfu 92.76%
iter 80460: loss 4.1936, time 2643.67ms, mfu 92.80%
iter 80470: loss 4.0844, time 2650.43ms, mfu 92.80%
iter 80480: loss 4.1752, time 2646.05ms, mfu 92.82%
iter 80490: loss 4.1002, time 2640.90ms, mfu 92.86%
iter 80500: loss 4.1330, time 2653.88ms, mfu 92.84%
iter 80510: loss 4.1733, time 2660.74ms, mfu 92.81%
iter 80520: loss 4.0606, time 2644.66ms, mfu 92.83%
iter 80530: loss 4.0801, time 2647.98ms, mfu 92.84%
iter 80540: loss 4.0490, time 2648.15ms, mfu 92.85%
iter 80550: loss 4.1776, time 2649.85ms, mfu 92.85%
iter 80560: loss 4.1321, time 2654.89ms, mfu 92.83%
iter 80570: loss 4.1015, time 2656.45ms, mfu 92.81%
iter 80580: loss 4.0559, time 2660.18ms, mfu 92.78%
iter 80590: loss 4.1265, time 2652.02ms, mfu 92.78%
iter 80600: loss 4.1028, time 2653.50ms, mfu 92.78%
iter 80610: loss 4.1497, time 2650.08ms, mfu 92.79%
iter 80620: loss 4.1481, time 2651.18ms, mfu 92.79%
iter 80630: loss 4.0730, time 2656.51ms, mfu 92.77%
iter 80640: loss 4.1245, time 2653.92ms, mfu 92.77%
iter 80650: loss 4.1354, time 2651.33ms, mfu 92.77%
iter 80660: loss 4.1345, time 2659.09ms, mfu 92.75%
iter 80670: loss 4.0917, time 2646.65ms, mfu 92.77%
iter 80680: loss 4.1385, time 2654.67ms, mfu 92.77%
iter 80690: loss 4.0979, time 2649.31ms, mfu 92.78%
iter 80700: loss 4.1502, time 2661.35ms, mfu 92.75%
iter 80710: loss 4.0891, time 2654.09ms, mfu 92.74%
iter 80720: loss 4.1108, time 2653.10ms, mfu 92.74%
iter 80730: loss 4.1583, time 2646.22ms, mfu 92.77%
iter 80740: loss 4.0832, time 2649.24ms, mfu 92.78%
iter 80750: loss 4.1209, time 2648.40ms, mfu 92.79%
iter 80760: loss 4.0204, time 2645.40ms, mfu 92.82%
iter 80770: loss 4.0165, time 2642.27ms, mfu 92.85%
iter 80780: loss 4.1450, time 2657.89ms, mfu 92.82%
iter 80790: loss 4.1887, time 2653.65ms, mfu 92.81%
iter 80800: loss 4.0371, time 2653.69ms, mfu 92.80%
iter 80810: loss 4.0621, time 2650.61ms, mfu 92.81%
iter 80820: loss 4.1437, time 2648.73ms, mfu 92.82%
iter 80830: loss 3.9770, time 2649.32ms, mfu 92.82%
iter 80840: loss 4.0455, time 2652.06ms, mfu 92.82%
iter 80850: loss 4.1139, time 2641.04ms, mfu 92.86%
iter 80860: loss 4.0837, time 2654.94ms, mfu 92.84%
iter 80870: loss 4.0527, time 2659.20ms, mfu 92.81%
iter 80880: loss 4.1489, time 2645.48ms, mfu 92.83%
iter 80890: loss 4.0847, time 2653.52ms, mfu 92.82%
iter 80900: loss 4.2150, time 2646.19ms, mfu 92.84%
iter 80910: loss 4.0777, time 2651.09ms, mfu 92.84%
iter 80920: loss 4.1352, time 2641.93ms, mfu 92.87%
iter 80930: loss 4.0363, time 2640.81ms, mfu 92.90%
iter 80940: loss 4.2478, time 2649.73ms, mfu 92.90%
iter 80950: loss 4.1028, time 2647.71ms, mfu 92.90%
iter 80960: loss 4.1701, time 2641.91ms, mfu 92.92%
iter 80970: loss 4.1375, time 2658.60ms, mfu 92.89%
iter 80980: loss 3.9955, time 2640.94ms, mfu 92.92%
iter 80990: loss 4.1260, time 2647.19ms, mfu 92.92%
step 81000: train loss 3.9602, val loss 3.9631
saving checkpoint to /net/scratch2/junyuren/nanoGPT-manifold/out-openwebtext-per-block
iter 81000: loss 4.0971, time 17138.28ms, mfu 85.06%
iter 81010: loss 4.1068, time 2655.55ms, mfu 85.82%
iter 81020: loss 4.1514, time 2645.86ms, mfu 86.54%
iter 81030: loss 3.9901, time 2646.09ms, mfu 87.19%
iter 81040: loss 4.1325, time 2651.90ms, mfu 87.75%
iter 81050: loss 4.0459, time 2644.90ms, mfu 88.28%
iter 81060: loss 4.1322, time 2651.55ms, mfu 88.73%
iter 81070: loss 4.1183, time 2653.46ms, mfu 89.13%
iter 81080: loss 4.0097, time 2650.69ms, mfu 89.50%
iter 81090: loss 4.1714, time 2655.74ms, mfu 89.82%
iter 81100: loss 4.1154, time 2647.51ms, mfu 90.13%
iter 81110: loss 4.1272, time 2648.58ms, mfu 90.41%
iter 81120: loss 4.1069, time 2648.26ms, mfu 90.66%
iter 81130: loss 4.0688, time 2655.04ms, mfu 90.86%
iter 81140: loss 4.0459, time 2645.36ms, mfu 91.08%
iter 81150: loss 4.1091, time 2644.73ms, mfu 91.27%
iter 81160: loss 4.0956, time 2646.39ms, mfu 91.45%
iter 81170: loss 4.1482, time 2642.34ms, mfu 91.61%
iter 81180: loss 4.1754, time 2641.90ms, mfu 91.77%
iter 81190: loss 4.1962, time 2646.47ms, mfu 91.89%
iter 81200: loss 4.1454, time 2643.91ms, mfu 92.01%
iter 81210: loss 4.0461, time 2645.05ms, mfu 92.11%
iter 81220: loss 4.0524, time 2650.53ms, mfu 92.18%
iter 81230: loss 4.1013, time 2664.10ms, mfu 92.20%
iter 81240: loss 4.1302, time 2643.87ms, mfu 92.29%
iter 81250: loss 4.0962, time 2650.17ms, mfu 92.35%
iter 81260: loss 4.0780, time 2646.74ms, mfu 92.41%
iter 81270: loss 4.0497, time 2640.39ms, mfu 92.49%
iter 81280: loss 4.1901, time 2650.76ms, mfu 92.52%
iter 81290: loss 4.1704, time 2654.62ms, mfu 92.54%
iter 81300: loss 4.1527, time 2646.87ms, mfu 92.58%
iter 81310: loss 3.9773, time 2643.25ms, mfu 92.63%
iter 81320: loss 4.0802, time 2647.48ms, mfu 92.66%
iter 81330: loss 4.0567, time 2644.86ms, mfu 92.70%
iter 81340: loss 4.0563, time 2645.29ms, mfu 92.73%
iter 81350: loss 4.1121, time 2652.64ms, mfu 92.74%
iter 81360: loss 4.1167, time 2650.54ms, mfu 92.75%
iter 81370: loss 4.1416, time 2660.03ms, mfu 92.72%
iter 81380: loss 3.9970, time 2650.93ms, mfu 92.73%
iter 81390: loss 4.0826, time 2655.95ms, mfu 92.73%
iter 81400: loss 4.0511, time 2649.42ms, mfu 92.74%
iter 81410: loss 4.0662, time 2650.43ms, mfu 92.75%
iter 81420: loss 4.1549, time 2656.97ms, mfu 92.74%
iter 81430: loss 4.1512, time 2649.52ms, mfu 92.75%
iter 81440: loss 4.1258, time 2652.80ms, mfu 92.75%
iter 81450: loss 4.1116, time 2660.33ms, mfu 92.73%
iter 81460: loss 4.1065, time 2644.35ms, mfu 92.76%
iter 81470: loss 4.1325, time 2648.95ms, mfu 92.77%
iter 81480: loss 4.1292, time 2652.38ms, mfu 92.77%
iter 81490: loss 4.0636, time 2648.88ms, mfu 92.79%
iter 81500: loss 3.9656, time 2640.36ms, mfu 92.83%
iter 81510: loss 4.0382, time 2648.08ms, mfu 92.84%
iter 81520: loss 4.0954, time 2652.41ms, mfu 92.83%
iter 81530: loss 4.1432, time 2643.64ms, mfu 92.86%
iter 81540: loss 4.0936, time 2647.81ms, mfu 92.86%
iter 81550: loss 4.0835, time 2654.25ms, mfu 92.85%
iter 81560: loss 4.0545, time 2644.20ms, mfu 92.87%
iter 81570: loss 4.1617, time 2642.69ms, mfu 92.90%
iter 81580: loss 4.1028, time 2649.77ms, mfu 92.89%
iter 81590: loss 4.0662, time 2657.75ms, mfu 92.86%
iter 81600: loss 4.1365, time 2658.21ms, mfu 92.83%
iter 81610: loss 4.1163, time 2642.33ms, mfu 92.86%
iter 81620: loss 4.0842, time 2650.70ms, mfu 92.86%
iter 81630: loss 4.0701, time 2654.36ms, mfu 92.84%
iter 81640: loss 4.1418, time 2659.12ms, mfu 92.81%
iter 81650: loss 4.2216, time 2651.63ms, mfu 92.81%
iter 81660: loss 4.1561, time 2648.69ms, mfu 92.82%
iter 81670: loss 4.0617, time 2648.28ms, mfu 92.83%
iter 81680: loss 4.1117, time 2644.51ms, mfu 92.85%
iter 81690: loss 4.1085, time 2648.37ms, mfu 92.86%
iter 81700: loss 4.0891, time 2661.85ms, mfu 92.82%
iter 81710: loss 4.2287, time 2653.97ms, mfu 92.81%
iter 81720: loss 4.1949, time 2652.28ms, mfu 92.81%
iter 81730: loss 4.0919, time 2653.51ms, mfu 92.80%
iter 81740: loss 4.1137, time 2651.24ms, mfu 92.80%
iter 81750: loss 4.0507, time 2654.66ms, mfu 92.79%
iter 81760: loss 3.9910, time 2643.66ms, mfu 92.82%
iter 81770: loss 4.0841, time 2638.66ms, mfu 92.86%
iter 81780: loss 4.0656, time 2645.28ms, mfu 92.88%
iter 81790: loss 4.1173, time 2644.19ms, mfu 92.90%
iter 81800: loss 4.1007, time 2644.97ms, mfu 92.91%
iter 81810: loss 4.0150, time 2646.46ms, mfu 92.92%
iter 81820: loss 4.1039, time 2643.14ms, mfu 92.94%
iter 81830: loss 4.0757, time 2640.18ms, mfu 92.96%
iter 81840: loss 4.1960, time 2649.20ms, mfu 92.96%
iter 81850: loss 4.1261, time 2649.06ms, mfu 92.95%
iter 81860: loss 4.1230, time 2646.11ms, mfu 92.95%
iter 81870: loss 4.0290, time 2660.35ms, mfu 92.91%
iter 81880: loss 4.0971, time 2643.82ms, mfu 92.93%
iter 81890: loss 4.0666, time 2687.33ms, mfu 92.79%
iter 81900: loss 4.1145, time 2646.84ms, mfu 92.81%
iter 81910: loss 4.1229, time 2659.33ms, mfu 92.78%
iter 81920: loss 4.1273, time 2661.00ms, mfu 92.75%
iter 81930: loss 4.0878, time 2646.23ms, mfu 92.77%
iter 81940: loss 4.1282, time 2648.73ms, mfu 92.79%
iter 81950: loss 4.0514, time 2647.69ms, mfu 92.80%
iter 81960: loss 4.0359, time 2646.54ms, mfu 92.82%
iter 81970: loss 4.1014, time 2650.22ms, mfu 92.82%
iter 81980: loss 4.1257, time 2650.88ms, mfu 92.82%
iter 81990: loss 4.0952, time 2641.71ms, mfu 92.86%
step 82000: train loss 3.9617, val loss 3.9670
saving checkpoint to /net/scratch2/junyuren/nanoGPT-manifold/out-openwebtext-per-block
iter 82000: loss 4.0139, time 17674.47ms, mfu 84.96%
iter 82010: loss 4.0713, time 2658.85ms, mfu 85.72%
iter 82020: loss 4.1052, time 2656.67ms, mfu 86.41%
iter 82030: loss 4.1307, time 2647.00ms, mfu 87.07%
iter 82040: loss 4.1283, time 2655.00ms, mfu 87.63%
iter 82050: loss 4.1038, time 2647.59ms, mfu 88.16%
iter 82060: loss 4.1576, time 2647.98ms, mfu 88.64%
iter 82070: loss 3.9248, time 2656.70ms, mfu 89.04%
iter 82080: loss 4.1011, time 2649.09ms, mfu 89.42%
iter 82090: loss 3.9797, time 2639.45ms, mfu 89.80%
iter 82100: loss 4.1651, time 2645.93ms, mfu 90.12%
iter 82110: loss 4.0909, time 2646.40ms, mfu 90.41%
iter 82120: loss 4.0881, time 2642.10ms, mfu 90.68%
iter 82130: loss 4.0599, time 2642.20ms, mfu 90.93%
iter 82140: loss 4.0902, time 2646.62ms, mfu 91.13%
iter 82150: loss 4.1503, time 2648.42ms, mfu 91.31%
iter 82160: loss 4.1025, time 2651.74ms, mfu 91.46%
iter 82170: loss 4.1548, time 2649.78ms, mfu 91.60%
iter 82180: loss 4.1276, time 2659.41ms, mfu 91.69%
iter 82190: loss 4.1370, time 2653.39ms, mfu 91.80%
iter 82200: loss 4.0369, time 2645.62ms, mfu 91.92%
iter 82210: loss 4.0862, time 2649.23ms, mfu 92.02%
iter 82220: loss 4.1327, time 2641.50ms, mfu 92.13%
iter 82230: loss 4.1273, time 2650.07ms, mfu 92.20%
iter 82240: loss 4.1338, time 2660.64ms, mfu 92.23%
iter 82250: loss 4.1082, time 2649.57ms, mfu 92.30%
iter 82260: loss 4.0705, time 2645.76ms, mfu 92.37%
iter 82270: loss 4.0477, time 2644.17ms, mfu 92.44%
iter 82280: loss 4.0300, time 2652.81ms, mfu 92.47%
iter 82290: loss 4.1563, time 2652.58ms, mfu 92.50%
iter 82300: loss 4.0165, time 2662.28ms, mfu 92.49%
iter 82310: loss 4.1812, time 2650.08ms, mfu 92.53%
iter 82320: loss 4.0940, time 2641.81ms, mfu 92.59%
iter 82330: loss 4.1656, time 2644.20ms, mfu 92.64%
iter 82340: loss 4.1054, time 2647.26ms, mfu 92.67%
iter 82350: loss 4.0685, time 2651.79ms, mfu 92.68%
iter 82360: loss 4.1474, time 2648.63ms, mfu 92.70%
iter 82370: loss 4.1054, time 2646.05ms, mfu 92.73%
iter 82380: loss 4.0279, time 2656.50ms, mfu 92.72%
iter 82390: loss 4.0993, time 2655.05ms, mfu 92.72%
iter 82400: loss 4.0429, time 2651.00ms, mfu 92.73%
iter 82410: loss 4.0705, time 2645.03ms, mfu 92.76%
iter 82420: loss 4.1571, time 2656.91ms, mfu 92.75%
iter 82430: loss 4.0544, time 2657.00ms, mfu 92.73%
iter 82440: loss 4.0174, time 2658.09ms, mfu 92.72%
iter 82450: loss 4.0796, time 2646.07ms, mfu 92.75%
iter 82460: loss 4.1539, time 2648.74ms, mfu 92.76%
iter 82470: loss 4.1355, time 2649.08ms, mfu 92.77%
iter 82480: loss 4.0386, time 2645.95ms, mfu 92.80%
iter 82490: loss 4.1757, time 2658.12ms, mfu 92.77%
iter 82500: loss 4.0830, time 2645.89ms, mfu 92.80%
iter 82510: loss 4.2448, time 2645.05ms, mfu 92.82%
iter 82520: loss 4.1632, time 2652.75ms, mfu 92.82%
iter 82530: loss 4.1420, time 2662.90ms, mfu 92.77%
iter 82540: loss 4.1207, time 2645.81ms, mfu 92.80%
iter 82550: loss 4.0560, time 2642.39ms, mfu 92.83%
iter 82560: loss 4.0927, time 2644.02ms, mfu 92.85%
iter 82570: loss 4.1539, time 2651.91ms, mfu 92.85%
iter 82580: loss 4.1091, time 2652.31ms, mfu 92.84%
iter 82590: loss 4.0806, time 2663.69ms, mfu 92.80%
iter 82600: loss 4.0526, time 2650.78ms, mfu 92.80%
iter 82610: loss 4.0367, time 2647.33ms, mfu 92.81%
iter 82620: loss 4.1043, time 2649.27ms, mfu 92.82%
iter 82630: loss 4.1437, time 2652.49ms, mfu 92.82%
iter 82640: loss 4.0645, time 2644.78ms, mfu 92.84%
iter 82650: loss 4.1128, time 2651.65ms, mfu 92.84%
iter 82660: loss 4.0909, time 2657.78ms, mfu 92.81%
iter 82670: loss 4.1884, time 2643.72ms, mfu 92.84%
iter 82680: loss 4.1569, time 2663.12ms, mfu 92.79%
iter 82690: loss 4.0955, time 2650.42ms, mfu 92.80%
iter 82700: loss 4.0498, time 2646.16ms, mfu 92.82%
iter 82710: loss 4.0305, time 2642.32ms, mfu 92.85%
iter 82720: loss 4.0915, time 2654.99ms, mfu 92.83%
iter 82730: loss 4.1021, time 2647.01ms, mfu 92.85%
iter 82740: loss 4.1359, time 2647.25ms, mfu 92.86%
iter 82750: loss 4.1270, time 2650.38ms, mfu 92.86%
iter 82760: loss 4.0495, time 2650.67ms, mfu 92.85%
iter 82770: loss 4.1055, time 2661.69ms, mfu 92.81%
iter 82780: loss 4.1164, time 2644.79ms, mfu 92.84%
iter 82790: loss 4.0870, time 2653.00ms, mfu 92.83%
iter 82800: loss 4.1454, time 2658.41ms, mfu 92.80%
iter 82810: loss 4.1677, time 2662.10ms, mfu 92.77%
iter 82820: loss 4.1021, time 2651.07ms, mfu 92.77%
iter 82830: loss 4.0600, time 2642.39ms, mfu 92.81%
iter 82840: loss 4.0953, time 2643.49ms, mfu 92.83%
iter 82850: loss 4.1127, time 2643.06ms, mfu 92.86%
iter 82860: loss 4.0673, time 2654.26ms, mfu 92.85%
iter 82870: loss 4.1425, time 2652.15ms, mfu 92.84%
iter 82880: loss 4.1473, time 2653.71ms, mfu 92.83%
iter 82890: loss 4.0987, time 2643.72ms, mfu 92.85%
iter 82900: loss 4.0694, time 2648.12ms, mfu 92.86%
iter 82910: loss 4.0870, time 2653.72ms, mfu 92.85%
iter 82920: loss 4.1515, time 2655.78ms, mfu 92.83%
iter 82930: loss 4.1643, time 2646.80ms, mfu 92.84%
iter 82940: loss 3.9808, time 2649.74ms, mfu 92.85%
iter 82950: loss 4.0675, time 2653.90ms, mfu 92.83%
iter 82960: loss 4.0350, time 2653.00ms, mfu 92.83%
iter 82970: loss 4.1923, time 2651.64ms, mfu 92.82%
iter 82980: loss 4.0786, time 2655.43ms, mfu 92.81%
iter 82990: loss 4.1090, time 2642.02ms, mfu 92.84%
step 83000: train loss 3.9488, val loss 3.9614
saving checkpoint to /net/scratch2/junyuren/nanoGPT-manifold/out-openwebtext-per-block
iter 83000: loss 4.1719, time 17277.49ms, mfu 84.98%
iter 83010: loss 4.0711, time 2643.40ms, mfu 85.79%
iter 83020: loss 4.0946, time 2647.87ms, mfu 86.51%
iter 83030: loss 4.0266, time 2642.55ms, mfu 87.17%
iter 83040: loss 4.1032, time 2651.51ms, mfu 87.73%
iter 83050: loss 4.1557, time 2656.24ms, mfu 88.22%
iter 83060: loss 4.0933, time 2654.28ms, mfu 88.67%
iter 83070: loss 4.0412, time 2661.24ms, mfu 89.05%
iter 83080: loss 4.1081, time 2646.53ms, mfu 89.44%
iter 83090: loss 4.1575, time 2648.16ms, mfu 89.79%
iter 83100: loss 4.1088, time 2649.48ms, mfu 90.10%
iter 83110: loss 4.0583, time 2657.72ms, mfu 90.35%
iter 83120: loss 4.1535, time 2645.34ms, mfu 90.62%
iter 83130: loss 4.0739, time 2647.82ms, mfu 90.85%
iter 83140: loss 4.1176, time 2650.58ms, mfu 91.05%
iter 83150: loss 4.0919, time 2652.19ms, mfu 91.22%
iter 83160: loss 4.0955, time 2660.58ms, mfu 91.35%
iter 83170: loss 4.0732, time 2652.63ms, mfu 91.49%
iter 83180: loss 4.0990, time 2644.06ms, mfu 91.65%
iter 83190: loss 4.0936, time 2649.52ms, mfu 91.77%
iter 83200: loss 4.0924, time 2653.94ms, mfu 91.87%
iter 83210: loss 4.0021, time 2657.13ms, mfu 91.94%
iter 83220: loss 4.0235, time 2638.21ms, mfu 92.07%
iter 83230: loss 4.1413, time 2646.50ms, mfu 92.16%
iter 83240: loss 4.0940, time 2656.65ms, mfu 92.21%
iter 83250: loss 4.0970, time 2648.94ms, mfu 92.28%
iter 83260: loss 4.1273, time 2653.41ms, mfu 92.33%
iter 83270: loss 4.0581, time 2656.37ms, mfu 92.36%
iter 83280: loss 4.0462, time 2642.51ms, mfu 92.43%
iter 83290: loss 4.1474, time 2639.60ms, mfu 92.51%
iter 83300: loss 4.0900, time 2643.10ms, mfu 92.57%
iter 83310: loss 4.0849, time 2649.02ms, mfu 92.60%
iter 83320: loss 4.0902, time 2648.81ms, mfu 92.63%
iter 83330: loss 4.0288, time 2663.64ms, mfu 92.61%
iter 83340: loss 4.1182, time 2649.13ms, mfu 92.64%
iter 83350: loss 4.0890, time 2643.62ms, mfu 92.68%
iter 83360: loss 4.0476, time 2638.84ms, mfu 92.74%
iter 83370: loss 4.0800, time 2652.11ms, mfu 92.74%
iter 83380: loss 4.1020, time 2655.44ms, mfu 92.74%
iter 83390: loss 4.1243, time 2644.78ms, mfu 92.77%
iter 83400: loss 4.1175, time 2646.75ms, mfu 92.79%
iter 83410: loss 4.1615, time 2642.64ms, mfu 92.82%
iter 83420: loss 4.0495, time 2651.46ms, mfu 92.82%
iter 83430: loss 4.0314, time 2647.82ms, mfu 92.83%
iter 83440: loss 4.0926, time 2646.68ms, mfu 92.85%
iter 83450: loss 4.1555, time 2648.44ms, mfu 92.85%
iter 83460: loss 4.1106, time 2646.68ms, mfu 92.86%
iter 83470: loss 4.0747, time 2641.34ms, mfu 92.89%
iter 83480: loss 4.1315, time 2647.02ms, mfu 92.90%
iter 83490: loss 4.0361, time 2641.12ms, mfu 92.93%
iter 83500: loss 4.0873, time 2643.15ms, mfu 92.95%
iter 83510: loss 4.0955, time 2646.75ms, mfu 92.95%
iter 83520: loss 4.1072, time 2646.64ms, mfu 92.95%
iter 83530: loss 4.1495, time 2658.20ms, mfu 92.91%
iter 83540: loss 4.0961, time 2647.28ms, mfu 92.92%
iter 83550: loss 4.1049, time 2646.13ms, mfu 92.93%
iter 83560: loss 4.1569, time 2642.77ms, mfu 92.94%
iter 83570: loss 4.0626, time 2648.28ms, mfu 92.94%
iter 83580: loss 4.1655, time 2652.24ms, mfu 92.93%
iter 83590: loss 4.0984, time 2651.93ms, mfu 92.91%
iter 83600: loss 4.0637, time 2639.57ms, mfu 92.94%
iter 83610: loss 4.1531, time 2641.01ms, mfu 92.97%
iter 83620: loss 4.1029, time 2641.90ms, mfu 92.98%
iter 83630: loss 4.1464, time 2642.67ms, mfu 93.00%
iter 83640: loss 4.1033, time 2644.31ms, mfu 93.00%
iter 83650: loss 4.0159, time 2648.16ms, mfu 93.00%
iter 83660: loss 4.1023, time 2647.59ms, mfu 92.99%
iter 83670: loss 4.1588, time 2647.84ms, mfu 92.99%
iter 83680: loss 4.0899, time 2649.56ms, mfu 92.97%
iter 83690: loss 4.0203, time 2647.23ms, mfu 92.97%
iter 83700: loss 4.1917, time 2647.66ms, mfu 92.97%
iter 83710: loss 4.1423, time 2638.36ms, mfu 93.00%
iter 83720: loss 4.1188, time 2647.57ms, mfu 92.99%
iter 83730: loss 4.1110, time 2650.38ms, mfu 92.98%
iter 83740: loss 3.9459, time 2646.90ms, mfu 92.98%
iter 83750: loss 4.0075, time 2653.31ms, mfu 92.95%
iter 83760: loss 4.1720, time 2655.98ms, mfu 92.92%
iter 83770: loss 4.0883, time 2638.00ms, mfu 92.96%
iter 83780: loss 4.1471, time 2650.24ms, mfu 92.95%
iter 83790: loss 4.1266, time 2642.46ms, mfu 92.97%
iter 83800: loss 4.0583, time 2643.26ms, mfu 92.98%
iter 83810: loss 4.0250, time 2649.06ms, mfu 92.97%
iter 83820: loss 4.1099, time 2649.71ms, mfu 92.96%
iter 83830: loss 4.1672, time 2656.92ms, mfu 92.93%
iter 83840: loss 4.0698, time 2649.11ms, mfu 92.92%
iter 83850: loss 4.1173, time 2650.65ms, mfu 92.91%
iter 83860: loss 3.9746, time 2658.24ms, mfu 92.88%
iter 83870: loss 4.1705, time 2649.10ms, mfu 92.88%
iter 83880: loss 4.0747, time 2643.77ms, mfu 92.90%
iter 83890: loss 4.1842, time 2647.49ms, mfu 92.91%
iter 83900: loss 4.0478, time 2647.53ms, mfu 92.91%
iter 83910: loss 4.1560, time 2645.71ms, mfu 92.92%
iter 83920: loss 4.0843, time 2639.56ms, mfu 92.95%
iter 83930: loss 4.0248, time 2645.35ms, mfu 92.96%
iter 83940: loss 4.1843, time 2652.02ms, mfu 92.94%
iter 83950: loss 4.2000, time 2643.51ms, mfu 92.96%
iter 83960: loss 4.1474, time 2640.77ms, mfu 92.98%
iter 83970: loss 4.1742, time 2653.59ms, mfu 92.95%
iter 83980: loss 4.1794, time 2649.90ms, mfu 92.94%
iter 83990: loss 4.0927, time 2648.61ms, mfu 92.94%
step 84000: train loss 3.9391, val loss 3.9524
saving checkpoint to /net/scratch2/junyuren/nanoGPT-manifold/out-openwebtext-per-block
iter 84000: loss 4.0828, time 17503.39ms, mfu 85.05%
iter 84010: loss 4.1821, time 2648.83ms, mfu 85.84%
iter 84020: loss 4.0322, time 2649.63ms, mfu 86.54%
iter 84030: loss 4.1334, time 2651.12ms, mfu 87.17%
iter 84040: loss 4.0775, time 2641.54ms, mfu 87.77%
iter 84050: loss 4.0566, time 2645.29ms, mfu 88.29%
iter 84060: loss 4.0802, time 2645.66ms, mfu 88.77%
iter 84070: loss 4.0529, time 2644.04ms, mfu 89.20%
iter 84080: loss 4.1209, time 2641.01ms, mfu 89.59%
iter 84090: loss 4.0594, time 2661.13ms, mfu 89.88%
iter 84100: loss 4.0715, time 2643.82ms, mfu 90.20%
iter 84110: loss 4.2239, time 2643.92ms, mfu 90.49%
iter 84120: loss 4.0143, time 2646.83ms, mfu 90.74%
iter 84130: loss 4.0741, time 2648.56ms, mfu 90.95%
iter 84140: loss 4.1042, time 2653.66ms, mfu 91.13%
iter 84150: loss 4.1212, time 2648.97ms, mfu 91.31%
iter 84160: loss 4.0968, time 2648.04ms, mfu 91.47%
iter 84170: loss 4.1496, time 2646.17ms, mfu 91.62%
iter 84180: loss 4.1167, time 2646.11ms, mfu 91.76%
iter 84190: loss 4.0813, time 2647.22ms, mfu 91.88%
iter 84200: loss 4.0142, time 2647.66ms, mfu 91.99%
iter 84210: loss 3.9987, time 2650.68ms, mfu 92.07%
