Overriding config with config/train_openwebtext_per_block_resume.py:
# Resume OpenWebText per_block from checkpoint
# Continuing from step 12000

# I/O
out_dir = '/net/scratch2/junyuren/nanoGPT-manifold/out-openwebtext-per-block'
eval_interval = 1000
eval_iters = 200
log_interval = 10
always_save_checkpoint = True

# CRITICAL: Resume from checkpoint
init_from = 'resume'

wandb_log = False
wandb_project = 'openwebtext'
wandb_run_name = 'grassmann-6L-384d-per-block-resume'

# Data
dataset = 'openwebtext'
data_dir = '/net/scratch2/junyuren/nanoGPT-manifold/data/openwebtext'
gradient_accumulation_steps = 40
batch_size = 64
block_size = 1024

# Model
n_layer = 6
n_head = 6
n_embd = 384
dropout = 0.2
bias = False

# AdamW optimizer
learning_rate = 1e-3
max_iters = 100000
lr_decay_iters = 100000
min_lr = 1e-4
beta1 = 0.9
beta2 = 0.99
weight_decay = 1e-1
grad_clip = 1.0

decay_lr = True
warmup_iters = 2000

# Grassmann config - per_block
use_grassmann = True
grassmann_phase = 'phase2.5'

# Per-block configuration
grass_rank_c_attn = [28, 24, 14, 20, 25, 35]
grass_scale_c_attn = [4.8777, 3.3336, 5.8826, 5.2249, 4.7100, 3.7471]

grass_rank_mlp_fc = [11, 8, 9, 10, 11, 12]
grass_scale_mlp_fc = [8.7494, 10.5926, 10.7750, 10.7579, 10.3549, 9.5935]

grass_rank = 24
grass_lr = 8e-3
grass_a = 1.0
grass_b = 0.0
grass_alpha = 0.01
grass_steps = 10
grass_tol = 1e-6

# System
device = 'cuda'
dtype = 'bfloat16'
compile = True

tokens per iteration will be: 2,621,440
Resuming training from /net/scratch2/junyuren/nanoGPT-manifold/out-openwebtext-per-block
number of parameters: 29.94M

=== Phase phase2.5 Grassmann Configuration ===
  Variant .5: attn.c_proj uses AdamW (not Grassmann)

Per-block configuration (6 blocks):
  c_attn ranks:       [28, 24, 14, 20, 25, 35]
  c_attn scales:      ['4.88', '3.33', '5.88', '5.22', '4.71', '3.75']
  mlp.c_fc ranks:     [11, 8, 9, 10, 11, 12]
  mlp.c_fc scales:    ['8.75', '10.59', '10.78', '10.76', '10.35', '9.59']
Grassmann Muon parameters: 6 weight matrices, 3,538,944 params
AdamW decay parameters: 20 tensors, 26,787,840 params
AdamW no-decay parameters: 13 tensors, 4,992 params
  transformer.h.0.mlp.c_fc.weight: k=4, G_{1.0,0.0,11}, lr=0.008, scale=8.7494, type=vertical
  transformer.h.1.mlp.c_fc.weight: k=4, G_{1.0,0.0,8}, lr=0.008, scale=10.5926, type=vertical
  transformer.h.2.mlp.c_fc.weight: k=4, G_{1.0,0.0,9}, lr=0.008, scale=10.775, type=vertical
  transformer.h.3.mlp.c_fc.weight: k=4, G_{1.0,0.0,10}, lr=0.008, scale=10.7579, type=vertical
  transformer.h.4.mlp.c_fc.weight: k=4, G_{1.0,0.0,11}, lr=0.008, scale=10.3549, type=vertical
  transformer.h.5.mlp.c_fc.weight: k=4, G_{1.0,0.0,12}, lr=0.008, scale=9.5935, type=vertical
using fused AdamW: True

=== Setting up component-specific dropout ===
AdamW components: dropout = 0.2
Grassmann components: dropout = 0.1
Component-specific dropout setup complete.

=== Setting up norm-preserving scaling (Phase phase2.5) ===
  Added frozen 0.5×I scaling after mlp.c_fc (device=cuda:0)
  Added frozen 0.5×I scaling after mlp.c_fc (device=cuda:0)
  Added frozen 0.5×I scaling after mlp.c_fc (device=cuda:0)
  Added frozen 0.5×I scaling after mlp.c_fc (device=cuda:0)
  Added frozen 0.5×I scaling after mlp.c_fc (device=cuda:0)
  Added frozen 0.5×I scaling after mlp.c_fc (device=cuda:0)
Norm-preserving scaling setup complete.
compiling the model... (takes a ~minute)
step 12000: train loss 4.0551, val loss 4.0624
saving checkpoint to /net/scratch2/junyuren/nanoGPT-manifold/out-openwebtext-per-block
iter 12000: loss 4.1078, time 46411.52ms, mfu -100.00%
iter 12010: loss 4.2454, time 32807.16ms, mfu 7.50%
iter 12020: loss 4.1733, time 23586.74ms, mfu 7.79%
iter 12030: loss 4.2297, time 25426.32ms, mfu 7.98%
iter 12040: loss 4.2768, time 22590.45ms, mfu 8.27%
iter 12050: loss 4.2600, time 20185.84ms, mfu 8.67%
iter 12060: loss 4.2774, time 17474.88ms, mfu 9.21%
iter 12070: loss 4.0922, time 16712.88ms, mfu 9.76%
iter 12080: loss 4.1778, time 13142.21ms, mfu 10.66%
iter 12090: loss 4.2716, time 12456.95ms, mfu 11.56%
iter 12100: loss 4.2607, time 11567.17ms, mfu 12.54%
iter 12110: loss 4.1913, time 9535.08ms, mfu 13.86%
iter 12120: loss 4.2465, time 9702.59ms, mfu 15.01%
iter 12130: loss 4.2035, time 7714.82ms, mfu 16.70%
iter 12140: loss 4.2077, time 7559.15ms, mfu 18.29%
iter 12150: loss 4.2533, time 6917.80ms, mfu 20.02%
iter 12160: loss 4.2193, time 6404.92ms, mfu 21.86%
iter 12170: loss 4.1838, time 6099.68ms, mfu 23.70%
iter 12180: loss 4.2727, time 5615.16ms, mfu 25.72%
iter 12190: loss 4.2341, time 5272.41ms, mfu 27.81%
iter 12200: loss 4.3177, time 4611.11ms, mfu 30.37%
iter 12210: loss 4.3015, time 4939.87ms, mfu 32.31%
iter 12220: loss 4.1622, time 4560.76ms, mfu 34.48%
iter 12230: loss 4.1517, time 4016.18ms, mfu 37.16%
iter 12240: loss 4.2408, time 4451.62ms, mfu 38.97%
iter 12250: loss 4.2249, time 3932.83ms, mfu 41.33%
iter 12260: loss 4.2751, time 4104.89ms, mfu 43.19%
iter 12270: loss 4.2582, time 4005.72ms, mfu 45.01%
iter 12280: loss 4.2509, time 3940.92ms, mfu 46.76%
iter 12290: loss 4.2264, time 3915.59ms, mfu 48.37%
iter 12300: loss 4.2752, time 3914.30ms, mfu 49.82%
iter 12310: loss 4.2635, time 3913.61ms, mfu 51.12%
iter 12320: loss 4.1934, time 3920.04ms, mfu 52.29%
iter 12330: loss 4.1698, time 3919.58ms, mfu 53.34%
iter 12340: loss 4.2087, time 3933.53ms, mfu 54.26%
iter 12350: loss 4.2029, time 3913.44ms, mfu 55.12%
iter 12360: loss 4.2217, time 3901.95ms, mfu 55.92%
iter 12370: loss 4.1751, time 3933.32ms, mfu 56.58%
iter 12380: loss 4.1774, time 3921.47ms, mfu 57.20%
iter 12390: loss 4.2199, time 3914.23ms, mfu 57.76%
iter 12400: loss 4.2769, time 3908.38ms, mfu 58.28%
iter 12410: loss 4.1234, time 3906.20ms, mfu 58.76%
iter 12420: loss 4.2002, time 3915.15ms, mfu 59.16%
iter 12430: loss 4.1603, time 3907.29ms, mfu 59.55%
iter 12440: loss 4.1739, time 3918.89ms, mfu 59.87%
iter 12450: loss 4.1788, time 3912.22ms, mfu 60.17%
iter 12460: loss 4.1951, time 3932.45ms, mfu 60.41%
iter 12470: loss 4.1965, time 3897.31ms, mfu 60.69%
iter 12480: loss 4.1900, time 3893.85ms, mfu 60.94%
iter 12490: loss 4.2688, time 3906.14ms, mfu 61.14%
iter 12500: loss 4.2505, time 3910.29ms, mfu 61.32%
iter 12510: loss 4.2700, time 3911.40ms, mfu 61.48%
iter 12520: loss 4.1916, time 3917.22ms, mfu 61.62%
iter 12530: loss 4.2360, time 3913.17ms, mfu 61.74%
iter 12540: loss 4.1921, time 3942.88ms, mfu 61.81%
iter 12550: loss 4.2018, time 3917.39ms, mfu 61.91%
iter 12560: loss 4.1380, time 3915.97ms, mfu 62.00%
iter 12570: loss 4.2619, time 3920.19ms, mfu 62.08%
iter 12580: loss 4.1888, time 3922.94ms, mfu 62.14%
iter 12590: loss 4.3154, time 3928.17ms, mfu 62.19%
iter 12600: loss 4.2173, time 3936.08ms, mfu 62.23%
iter 12610: loss 4.2732, time 3914.49ms, mfu 62.29%
iter 12620: loss 4.1678, time 3914.69ms, mfu 62.35%
iter 12630: loss 4.2411, time 3908.75ms, mfu 62.41%
iter 12640: loss 4.2563, time 3928.82ms, mfu 62.43%
iter 12650: loss 4.0880, time 3929.89ms, mfu 62.45%
iter 12660: loss 4.1538, time 3929.19ms, mfu 62.47%
iter 12670: loss 4.2261, time 3909.23ms, mfu 62.52%
iter 12680: loss 4.2133, time 3916.49ms, mfu 62.55%
iter 12690: loss 4.1721, time 3896.65ms, mfu 62.61%
iter 12700: loss 4.1721, time 3901.35ms, mfu 62.65%
iter 12710: loss 4.2777, time 3903.86ms, mfu 62.69%
iter 12720: loss 4.1948, time 3936.25ms, mfu 62.67%
iter 12730: loss 4.1018, time 3924.37ms, mfu 62.68%
iter 12740: loss 4.2271, time 3917.89ms, mfu 62.69%
iter 12750: loss 4.2961, time 3934.61ms, mfu 62.68%
iter 12760: loss 4.1927, time 3912.27ms, mfu 62.70%
iter 12770: loss 4.1844, time 3919.65ms, mfu 62.71%
iter 12780: loss 4.1642, time 3916.52ms, mfu 62.72%
iter 12790: loss 4.1653, time 3916.82ms, mfu 62.73%
iter 12800: loss 4.1968, time 3915.42ms, mfu 62.74%
iter 12810: loss 4.1814, time 3909.35ms, mfu 62.76%
iter 12820: loss 4.2742, time 3930.06ms, mfu 62.75%
iter 12830: loss 4.1899, time 3908.57ms, mfu 62.77%
iter 12840: loss 4.2197, time 3913.28ms, mfu 62.78%
iter 12850: loss 4.2563, time 3910.99ms, mfu 62.79%
iter 12860: loss 4.2349, time 3909.32ms, mfu 62.81%
iter 12870: loss 4.1400, time 3894.16ms, mfu 62.85%
iter 12880: loss 4.1824, time 3931.24ms, mfu 62.82%
iter 12890: loss 4.2299, time 3948.51ms, mfu 62.77%
iter 12900: loss 4.1873, time 3931.53ms, mfu 62.75%
iter 12910: loss 4.1614, time 3930.00ms, mfu 62.74%
iter 12920: loss 4.2353, time 3908.96ms, mfu 62.76%
iter 12930: loss 4.2767, time 3920.39ms, mfu 62.76%
iter 12940: loss 4.2517, time 3942.59ms, mfu 62.73%
iter 12950: loss 4.2788, time 3927.72ms, mfu 62.72%
iter 12960: loss 4.1811, time 3913.52ms, mfu 62.74%
iter 12970: loss 4.2044, time 3921.22ms, mfu 62.74%
iter 12980: loss 4.2537, time 3907.83ms, mfu 62.76%
iter 12990: loss 4.1878, time 3910.96ms, mfu 62.78%
step 13000: train loss 4.0841, val loss 4.1032
saving checkpoint to /net/scratch2/junyuren/nanoGPT-manifold/out-openwebtext-per-block
iter 13000: loss 4.1644, time 24747.78ms, mfu 57.49%
iter 13010: loss 4.2605, time 3895.66ms, mfu 58.06%
iter 13020: loss 4.1539, time 3904.78ms, mfu 58.56%
iter 13030: loss 4.2257, time 3923.34ms, mfu 58.97%
iter 13040: loss 4.1685, time 3900.75ms, mfu 59.38%
iter 13050: loss 4.2414, time 3935.98ms, mfu 59.70%
iter 13060: loss 4.1256, time 3907.90ms, mfu 60.02%
iter 13070: loss 4.1690, time 3925.82ms, mfu 60.29%
iter 13080: loss 4.1694, time 3917.75ms, mfu 60.54%
iter 13090: loss 4.2165, time 3909.34ms, mfu 60.78%
iter 13100: loss 4.2180, time 3915.50ms, mfu 60.99%
iter 13110: loss 4.1658, time 3917.56ms, mfu 61.17%
iter 13120: loss 4.2212, time 3912.83ms, mfu 61.34%
iter 13130: loss 4.1819, time 3905.70ms, mfu 61.51%
iter 13140: loss 4.1288, time 3910.95ms, mfu 61.65%
iter 13150: loss 4.2222, time 3908.96ms, mfu 61.78%
iter 13160: loss 4.2332, time 3914.02ms, mfu 61.89%
iter 13170: loss 4.1498, time 3911.65ms, mfu 61.99%
iter 13180: loss 4.2132, time 3934.95ms, mfu 62.05%
iter 13190: loss 4.3306, time 3915.28ms, mfu 62.13%
iter 13200: loss 4.1514, time 3916.34ms, mfu 62.20%
iter 13210: loss 4.1609, time 3937.57ms, mfu 62.23%
iter 13220: loss 4.2860, time 3914.02ms, mfu 62.29%
iter 13230: loss 4.2239, time 3911.82ms, mfu 62.35%
iter 13240: loss 4.2243, time 3920.42ms, mfu 62.39%
iter 13250: loss 4.3069, time 3926.58ms, mfu 62.42%
iter 13260: loss 4.2669, time 3911.74ms, mfu 62.47%
iter 13270: loss 4.2416, time 3939.02ms, mfu 62.47%
iter 13280: loss 4.2525, time 3911.23ms, mfu 62.52%
iter 13290: loss 4.2629, time 3903.01ms, mfu 62.57%
iter 13300: loss 4.2170, time 3908.03ms, mfu 62.61%
iter 13310: loss 4.2333, time 3910.03ms, mfu 62.64%
iter 13320: loss 4.0687, time 3924.96ms, mfu 62.65%
iter 13330: loss 4.2350, time 3935.14ms, mfu 62.64%
iter 13340: loss 4.2811, time 3922.79ms, mfu 62.64%
iter 13350: loss 4.3025, time 3934.11ms, mfu 62.64%
iter 13360: loss 4.2107, time 3904.26ms, mfu 62.67%
iter 13370: loss 4.2566, time 3910.45ms, mfu 62.70%
iter 13380: loss 4.2239, time 3919.27ms, mfu 62.71%
iter 13390: loss 4.2199, time 3915.70ms, mfu 62.72%
iter 13400: loss 4.2532, time 3916.69ms, mfu 62.73%
iter 13410: loss 4.2702, time 3898.45ms, mfu 62.77%
iter 13420: loss 4.2866, time 3894.42ms, mfu 62.81%
iter 13430: loss 4.2517, time 3935.67ms, mfu 62.78%
iter 13440: loss 4.1934, time 3916.22ms, mfu 62.79%
iter 13450: loss 4.1116, time 3936.24ms, mfu 62.76%
iter 13460: loss 4.2886, time 3905.24ms, mfu 62.79%
iter 13470: loss 4.2780, time 3926.44ms, mfu 62.78%
iter 13480: loss 4.1803, time 3914.79ms, mfu 62.78%
iter 13490: loss 4.2312, time 3917.41ms, mfu 62.79%
iter 13500: loss 4.1381, time 3921.30ms, mfu 62.78%
iter 13510: loss 4.1965, time 3921.45ms, mfu 62.78%
iter 13520: loss 4.3008, time 3918.97ms, mfu 62.78%
iter 13530: loss 4.2659, time 3910.09ms, mfu 62.80%
iter 13540: loss 4.2332, time 3933.76ms, mfu 62.77%
iter 13550: loss 4.2367, time 3905.97ms, mfu 62.80%
iter 13560: loss 4.2594, time 3911.38ms, mfu 62.81%
iter 13570: loss 4.1936, time 3914.70ms, mfu 62.81%
iter 13580: loss 4.1742, time 3923.43ms, mfu 62.80%
iter 13590: loss 4.2294, time 3929.58ms, mfu 62.79%
iter 13600: loss 4.1985, time 3922.92ms, mfu 62.78%
iter 13610: loss 4.1876, time 3933.19ms, mfu 62.76%
iter 13620: loss 4.2621, time 3929.62ms, mfu 62.74%
iter 13630: loss 4.2667, time 3909.06ms, mfu 62.76%
iter 13640: loss 4.2133, time 3932.62ms, mfu 62.75%
iter 13650: loss 4.2404, time 3918.43ms, mfu 62.75%
iter 13660: loss 4.2292, time 3913.62ms, mfu 62.76%
iter 13670: loss 4.2214, time 3923.46ms, mfu 62.76%
iter 13680: loss 4.1830, time 3918.73ms, mfu 62.76%
iter 13690: loss 4.1917, time 3904.81ms, mfu 62.79%
iter 13700: loss 4.2522, time 3900.37ms, mfu 62.82%
iter 13710: loss 4.2890, time 3937.90ms, mfu 62.79%
iter 13720: loss 4.1444, time 3912.87ms, mfu 62.80%
iter 13730: loss 4.2206, time 3930.41ms, mfu 62.78%
iter 13740: loss 4.1915, time 3893.24ms, mfu 62.82%
iter 13750: loss 4.0992, time 3898.02ms, mfu 62.85%
iter 13760: loss 4.1996, time 3910.47ms, mfu 62.86%
iter 13770: loss 4.2689, time 3909.01ms, mfu 62.87%
iter 13780: loss 4.2895, time 3902.50ms, mfu 62.89%
iter 13790: loss 4.2050, time 3905.87ms, mfu 62.90%
iter 13800: loss 4.2230, time 3928.06ms, mfu 62.87%
iter 13810: loss 4.2251, time 3927.37ms, mfu 62.85%
iter 13820: loss 4.2243, time 3916.79ms, mfu 62.85%
iter 13830: loss 4.2612, time 3912.23ms, mfu 62.85%
iter 13840: loss 4.1846, time 3934.40ms, mfu 62.82%
iter 13850: loss 4.2140, time 3916.61ms, mfu 62.82%
iter 13860: loss 4.2156, time 3911.85ms, mfu 62.83%
iter 13870: loss 4.1166, time 3908.43ms, mfu 62.84%
iter 13880: loss 4.2969, time 3915.41ms, mfu 62.85%
iter 13890: loss 4.2187, time 3916.39ms, mfu 62.84%
iter 13900: loss 4.1689, time 3940.27ms, mfu 62.80%
iter 13910: loss 4.2285, time 3911.68ms, mfu 62.82%
iter 13920: loss 4.2736, time 3912.34ms, mfu 62.82%
iter 13930: loss 4.2455, time 3920.53ms, mfu 62.82%
iter 13940: loss 4.1838, time 3917.96ms, mfu 62.82%
iter 13950: loss 4.2651, time 3922.62ms, mfu 62.81%
iter 13960: loss 4.2813, time 3918.17ms, mfu 62.81%
iter 13970: loss 4.1950, time 3937.82ms, mfu 62.78%
iter 13980: loss 4.1916, time 3918.97ms, mfu 62.78%
iter 13990: loss 4.1536, time 3914.73ms, mfu 62.79%
step 14000: train loss 4.0830, val loss 4.0933
saving checkpoint to /net/scratch2/junyuren/nanoGPT-manifold/out-openwebtext-per-block
iter 14000: loss 4.2177, time 24666.09ms, mfu 57.50%
iter 14010: loss 4.1983, time 3929.07ms, mfu 58.02%
iter 14020: loss 4.1794, time 3899.48ms, mfu 58.53%
iter 14030: loss 4.1559, time 3908.08ms, mfu 58.97%
iter 14040: loss 4.1763, time 3911.24ms, mfu 59.36%
iter 14050: loss 4.1927, time 3909.11ms, mfu 59.72%
iter 14060: loss 4.3198, time 3916.43ms, mfu 60.03%
iter 14070: loss 4.1749, time 3914.04ms, mfu 60.32%
iter 14080: loss 4.1900, time 3913.97ms, mfu 60.57%
iter 14090: loss 4.2042, time 3903.71ms, mfu 60.82%
iter 14100: loss 4.0994, time 3937.55ms, mfu 60.99%
iter 14110: loss 4.1791, time 3921.69ms, mfu 61.16%
iter 14120: loss 4.1319, time 3909.74ms, mfu 61.34%
iter 14130: loss 4.1765, time 3914.93ms, mfu 61.49%
iter 14140: loss 4.1601, time 3916.91ms, mfu 61.63%
iter 14150: loss 4.2529, time 3930.41ms, mfu 61.72%
iter 14160: loss 4.2490, time 3915.77ms, mfu 61.84%
iter 14170: loss 4.2811, time 3901.13ms, mfu 61.96%
iter 14180: loss 4.1722, time 3909.94ms, mfu 62.06%
iter 14190: loss 4.2375, time 3906.44ms, mfu 62.15%
iter 14200: loss 4.1518, time 3910.65ms, mfu 62.23%
iter 14210: loss 4.2834, time 3914.00ms, mfu 62.29%
iter 14220: loss 4.1810, time 3910.88ms, mfu 62.36%
iter 14230: loss 4.1445, time 3915.03ms, mfu 62.41%
iter 14240: loss 4.1975, time 3917.31ms, mfu 62.45%
iter 14250: loss 4.2920, time 3913.24ms, mfu 62.49%
iter 14260: loss 4.1245, time 3918.10ms, mfu 62.52%
iter 14270: loss 4.2060, time 3921.64ms, mfu 62.54%
iter 14280: loss 4.2007, time 3915.29ms, mfu 62.58%
iter 14290: loss 4.2140, time 3927.35ms, mfu 62.58%
iter 14300: loss 4.2819, time 3920.81ms, mfu 62.60%
iter 14310: loss 4.1455, time 3915.94ms, mfu 62.63%
iter 14320: loss 4.1240, time 3909.33ms, mfu 62.66%
iter 14330: loss 4.1681, time 3913.58ms, mfu 62.68%
iter 14340: loss 4.2049, time 3914.95ms, mfu 62.70%
iter 14350: loss 4.3165, time 3908.63ms, mfu 62.72%
iter 14360: loss 4.2397, time 3921.19ms, mfu 62.73%
iter 14370: loss 4.1986, time 3941.52ms, mfu 62.70%
iter 14380: loss 4.1556, time 3938.60ms, mfu 62.67%
iter 14390: loss 4.1872, time 3925.31ms, mfu 62.68%
iter 14400: loss 4.2296, time 3922.24ms, mfu 62.68%
iter 14410: loss 4.2043, time 3918.44ms, mfu 62.69%
iter 14420: loss 4.2052, time 3915.59ms, mfu 62.71%
iter 14430: loss 4.0724, time 3938.91ms, mfu 62.69%
iter 14440: loss 4.2164, time 3915.27ms, mfu 62.70%
iter 14450: loss 4.2937, time 3905.46ms, mfu 62.73%
iter 14460: loss 4.2257, time 3910.07ms, mfu 62.75%
iter 14470: loss 4.1984, time 3907.14ms, mfu 62.78%
iter 14480: loss 4.2700, time 3925.88ms, mfu 62.77%
iter 14490: loss 4.1492, time 3910.13ms, mfu 62.78%
iter 14500: loss 4.2305, time 3908.31ms, mfu 62.80%
iter 14510: loss 4.1826, time 3911.14ms, mfu 62.81%
iter 14520: loss 4.2746, time 3913.71ms, mfu 62.82%
iter 14530: loss 4.1497, time 3904.93ms, mfu 62.84%
iter 14540: loss 4.2318, time 3909.00ms, mfu 62.85%
iter 14550: loss 4.2742, time 3922.42ms, mfu 62.84%
iter 14560: loss 4.1884, time 3898.36ms, mfu 62.87%
iter 14570: loss 4.2636, time 3906.20ms, mfu 62.88%
iter 14580: loss 4.1045, time 3917.91ms, mfu 62.87%
iter 14590: loss 4.2459, time 3907.32ms, mfu 62.88%
iter 14600: loss 4.2369, time 3908.31ms, mfu 62.89%
iter 14610: loss 4.2037, time 3905.18ms, mfu 62.90%
iter 14620: loss 4.1610, time 3903.93ms, mfu 62.92%
iter 14630: loss 4.2897, time 3917.80ms, mfu 62.91%
iter 14640: loss 4.1721, time 3914.25ms, mfu 62.90%
iter 14650: loss 4.1552, time 3914.29ms, mfu 62.90%
iter 14660: loss 4.2003, time 3926.39ms, mfu 62.88%
iter 14670: loss 4.1427, time 3934.74ms, mfu 62.84%
iter 14680: loss 4.2049, time 3912.22ms, mfu 62.85%
iter 14690: loss 4.2113, time 3906.29ms, mfu 62.86%
iter 14700: loss 4.1494, time 3905.98ms, mfu 62.88%
iter 14710: loss 4.1018, time 3944.26ms, mfu 62.83%
iter 14720: loss 4.2114, time 3903.04ms, mfu 62.85%
iter 14730: loss 4.1767, time 3937.96ms, mfu 62.81%
iter 14740: loss 4.2325, time 3909.64ms, mfu 62.83%
iter 14750: loss 4.1838, time 3911.54ms, mfu 62.83%
iter 14760: loss 4.1892, time 3904.04ms, mfu 62.85%
iter 14770: loss 4.2469, time 3939.80ms, mfu 62.81%
iter 14780: loss 4.1804, time 3916.35ms, mfu 62.82%
iter 14790: loss 4.2014, time 3919.99ms, mfu 62.81%
iter 14800: loss 4.2677, time 3917.17ms, mfu 62.81%
iter 14810: loss 4.1274, time 3909.24ms, mfu 62.83%
iter 14820: loss 4.2108, time 3912.08ms, mfu 62.83%
iter 14830: loss 4.1977, time 3922.31ms, mfu 62.82%
iter 14840: loss 4.1820, time 3905.82ms, mfu 62.84%
iter 14850: loss 4.1659, time 3901.30ms, mfu 62.87%
iter 14860: loss 4.2535, time 3913.10ms, mfu 62.87%
iter 14870: loss 4.2083, time 3930.50ms, mfu 62.84%
iter 14880: loss 4.1833, time 3940.66ms, mfu 62.80%
iter 14890: loss 4.1803, time 3915.16ms, mfu 62.81%
iter 14900: loss 4.2020, time 3936.66ms, mfu 62.78%
iter 14910: loss 4.1558, time 3933.26ms, mfu 62.76%
iter 14920: loss 4.1873, time 3905.92ms, mfu 62.78%
iter 14930: loss 4.2533, time 3915.15ms, mfu 62.79%
iter 14940: loss 4.1849, time 3905.60ms, mfu 62.81%
iter 14950: loss 4.1798, time 3908.29ms, mfu 62.82%
iter 14960: loss 4.2695, time 3940.55ms, mfu 62.79%
iter 14970: loss 4.2454, time 3910.13ms, mfu 62.80%
iter 14980: loss 4.1833, time 3927.77ms, mfu 62.79%
iter 14990: loss 4.2824, time 3906.97ms, mfu 62.81%
step 15000: train loss 4.0358, val loss 4.0512
saving checkpoint to /net/scratch2/junyuren/nanoGPT-manifold/out-openwebtext-per-block
iter 15000: loss 4.2816, time 24662.29ms, mfu 57.52%
iter 15010: loss 4.1914, time 3914.98ms, mfu 58.06%
iter 15020: loss 4.1765, time 3932.73ms, mfu 58.51%
iter 15030: loss 4.1861, time 3899.13ms, mfu 58.97%
iter 15040: loss 4.1840, time 3925.38ms, mfu 59.34%
iter 15050: loss 4.1312, time 3899.88ms, mfu 59.72%
iter 15060: loss 4.1390, time 3909.61ms, mfu 60.04%
iter 15070: loss 4.1565, time 3897.84ms, mfu 60.35%
iter 15080: loss 4.2191, time 3900.74ms, mfu 60.62%
iter 15090: loss 4.1362, time 3928.42ms, mfu 60.82%
iter 15100: loss 4.2256, time 3899.86ms, mfu 61.05%
iter 15110: loss 4.2466, time 3900.83ms, mfu 61.25%
iter 15120: loss 4.2789, time 3923.23ms, mfu 61.40%
iter 15130: loss 4.1168, time 3903.22ms, mfu 61.57%
iter 15140: loss 4.1541, time 3895.35ms, mfu 61.73%
iter 15150: loss 4.1702, time 3901.58ms, mfu 61.86%
iter 15160: loss 4.2263, time 3912.84ms, mfu 61.96%
iter 15170: loss 4.1640, time 3918.45ms, mfu 62.05%
iter 15180: loss 4.1775, time 3902.12ms, mfu 62.15%
iter 15190: loss 4.2554, time 3892.82ms, mfu 62.26%
iter 15200: loss 4.1020, time 3927.88ms, mfu 62.29%
iter 15210: loss 4.2302, time 3898.11ms, mfu 62.38%
iter 15220: loss 4.2265, time 3902.59ms, mfu 62.45%
iter 15230: loss 4.1747, time 3904.07ms, mfu 62.50%
iter 15240: loss 4.1836, time 3915.21ms, mfu 62.54%
iter 15250: loss 4.1071, time 3914.11ms, mfu 62.57%
iter 15260: loss 4.1708, time 3915.39ms, mfu 62.60%
iter 15270: loss 4.2895, time 3908.59ms, mfu 62.64%
iter 15280: loss 4.0970, time 3912.83ms, mfu 62.66%
iter 15290: loss 4.2668, time 3917.83ms, mfu 62.68%
iter 15300: loss 4.2606, time 3931.26ms, mfu 62.67%
iter 15310: loss 4.2023, time 3899.10ms, mfu 62.71%
iter 15320: loss 4.2959, time 3898.55ms, mfu 62.75%
iter 15330: loss 4.2583, time 3913.88ms, mfu 62.76%
iter 15340: loss 4.2206, time 3911.03ms, mfu 62.78%
iter 15350: loss 4.2743, time 3933.08ms, mfu 62.76%
iter 15360: loss 4.1908, time 3936.94ms, mfu 62.73%
iter 15370: loss 4.2886, time 3921.29ms, mfu 62.74%
iter 15380: loss 4.2309, time 3923.08ms, mfu 62.73%
iter 15390: loss 4.2148, time 3934.34ms, mfu 62.72%
iter 15400: loss 4.2954, time 3920.89ms, mfu 62.72%
iter 15410: loss 4.1683, time 3923.40ms, mfu 62.72%
iter 15420: loss 4.0435, time 3932.83ms, mfu 62.71%
iter 15430: loss 4.1594, time 3940.29ms, mfu 62.68%
iter 15440: loss 4.1992, time 3921.71ms, mfu 62.69%
iter 15450: loss 4.2484, time 3910.71ms, mfu 62.71%
iter 15460: loss 4.2190, time 3902.53ms, mfu 62.74%
iter 15470: loss 4.1163, time 3930.69ms, mfu 62.73%
iter 15480: loss 4.2131, time 3915.84ms, mfu 62.74%
iter 15490: loss 4.1551, time 3919.60ms, mfu 62.75%
iter 15500: loss 4.1639, time 3912.15ms, mfu 62.76%
iter 15510: loss 4.2728, time 3944.77ms, mfu 62.72%
iter 15520: loss 4.2097, time 3912.75ms, mfu 62.74%
iter 15530: loss 4.1902, time 3914.80ms, mfu 62.75%
iter 15540: loss 4.2204, time 3917.42ms, mfu 62.76%
iter 15550: loss 4.1753, time 3917.05ms, mfu 62.76%
iter 15560: loss 4.2073, time 3914.55ms, mfu 62.77%
iter 15570: loss 4.2015, time 3937.24ms, mfu 62.75%
iter 15580: loss 4.1967, time 3911.26ms, mfu 62.76%
iter 15590: loss 4.2249, time 3945.63ms, mfu 62.72%
iter 15600: loss 4.2573, time 3918.53ms, mfu 62.73%
iter 15610: loss 4.2860, time 3920.50ms, mfu 62.74%
iter 15620: loss 4.1587, time 3923.57ms, mfu 62.73%
iter 15630: loss 4.2292, time 3945.58ms, mfu 62.70%
iter 15640: loss 4.2147, time 3946.08ms, mfu 62.66%
iter 15650: loss 4.1638, time 3917.40ms, mfu 62.68%
iter 15660: loss 4.1984, time 3917.40ms, mfu 62.69%
iter 15670: loss 4.2471, time 3941.30ms, mfu 62.67%
iter 15680: loss 4.1857, time 3918.99ms, mfu 62.68%
iter 15690: loss 4.2577, time 3912.80ms, mfu 62.70%
iter 15700: loss 4.2534, time 3930.98ms, mfu 62.69%
iter 15710: loss 4.2364, time 3906.76ms, mfu 62.72%
iter 15720: loss 4.2552, time 3916.38ms, mfu 62.73%
iter 15730: loss 4.1085, time 3938.75ms, mfu 62.71%
iter 15740: loss 4.0724, time 3914.70ms, mfu 62.72%
iter 15750: loss 4.2328, time 3911.99ms, mfu 62.74%
iter 15760: loss 4.1902, time 3931.08ms, mfu 62.73%
iter 15770: loss 4.3080, time 3917.72ms, mfu 62.73%
iter 15780: loss 4.1751, time 3919.40ms, mfu 62.74%
iter 15790: loss 4.1622, time 3919.33ms, mfu 62.74%
iter 15800: loss 4.1722, time 3913.03ms, mfu 62.76%
iter 15810: loss 4.2103, time 3913.27ms, mfu 62.77%
iter 15820: loss 4.1917, time 3931.29ms, mfu 62.75%
iter 15830: loss 4.1683, time 3906.90ms, mfu 62.78%
iter 15840: loss 4.2063, time 3910.27ms, mfu 62.79%
iter 15850: loss 4.2403, time 3909.21ms, mfu 62.81%
iter 15860: loss 4.2078, time 3934.59ms, mfu 62.78%
iter 15870: loss 4.2105, time 3920.98ms, mfu 62.78%
iter 15880: loss 4.1334, time 3927.40ms, mfu 62.77%
iter 15890: loss 4.2634, time 3924.19ms, mfu 62.76%
iter 15900: loss 4.2924, time 3920.65ms, mfu 62.76%
iter 15910: loss 4.1641, time 3939.85ms, mfu 62.73%
iter 15920: loss 4.1889, time 3915.09ms, mfu 62.74%
iter 15930: loss 4.1583, time 3942.04ms, mfu 62.71%
iter 15940: loss 4.1749, time 3943.76ms, mfu 62.68%
iter 15950: loss 4.2547, time 3913.53ms, mfu 62.70%
iter 15960: loss 4.2345, time 3914.25ms, mfu 62.72%
iter 15970: loss 4.2071, time 3920.35ms, mfu 62.72%
iter 15980: loss 4.1756, time 3939.85ms, mfu 62.70%
iter 15990: loss 4.2075, time 3914.33ms, mfu 62.71%
step 16000: train loss 4.0383, val loss 4.0569
saving checkpoint to /net/scratch2/junyuren/nanoGPT-manifold/out-openwebtext-per-block
iter 16000: loss 4.2044, time 24668.31ms, mfu 57.44%
iter 16010: loss 4.2083, time 3913.93ms, mfu 57.98%
iter 16020: loss 4.1608, time 3909.81ms, mfu 58.48%
iter 16030: loss 4.2237, time 3915.22ms, mfu 58.91%
iter 16040: loss 4.2263, time 3945.08ms, mfu 59.26%
iter 16050: loss 4.1906, time 3940.84ms, mfu 59.58%
iter 16060: loss 4.2390, time 3925.36ms, mfu 59.89%
iter 16070: loss 4.1659, time 3919.64ms, mfu 60.18%
iter 16080: loss 4.1801, time 3914.40ms, mfu 60.45%
iter 16090: loss 4.2018, time 3912.22ms, mfu 60.69%
iter 16100: loss 4.2422, time 3924.14ms, mfu 60.89%
iter 16110: loss 4.1776, time 3934.21ms, mfu 61.06%
iter 16120: loss 4.2426, time 3918.76ms, mfu 61.23%
iter 16130: loss 4.3198, time 3924.29ms, mfu 61.38%
iter 16140: loss 4.1270, time 3925.90ms, mfu 61.51%
iter 16150: loss 4.2748, time 3945.82ms, mfu 61.60%
iter 16160: loss 4.2356, time 3899.60ms, mfu 61.75%
iter 16170: loss 4.1792, time 3919.17ms, mfu 61.85%
iter 16180: loss 4.2114, time 3917.39ms, mfu 61.95%
iter 16190: loss 4.2160, time 3917.76ms, mfu 62.03%
iter 16200: loss 4.2385, time 3921.64ms, mfu 62.11%
iter 16210: loss 4.2543, time 3922.39ms, mfu 62.17%
iter 16220: loss 4.2459, time 3911.89ms, mfu 62.24%
iter 16230: loss 4.2042, time 3914.06ms, mfu 62.30%
iter 16240: loss 4.1842, time 3919.29ms, mfu 62.35%
iter 16250: loss 4.2048, time 3935.31ms, mfu 62.37%
iter 16260: loss 4.1940, time 3919.67ms, mfu 62.41%
iter 16270: loss 4.1696, time 3923.54ms, mfu 62.44%
iter 16280: loss 4.1963, time 3917.06ms, mfu 62.48%
iter 16290: loss 4.1756, time 3928.32ms, mfu 62.50%
iter 16300: loss 4.1434, time 3921.62ms, mfu 62.52%
iter 16310: loss 4.2556, time 3914.46ms, mfu 62.56%
iter 16320: loss 4.1642, time 3942.03ms, mfu 62.54%
iter 16330: loss 4.2062, time 3956.74ms, mfu 62.51%
iter 16340: loss 4.2437, time 3949.21ms, mfu 62.49%
iter 16350: loss 4.1129, time 3919.37ms, mfu 62.52%
iter 16360: loss 4.2486, time 3912.93ms, mfu 62.55%
iter 16370: loss 4.1582, time 3920.80ms, mfu 62.58%
iter 16380: loss 4.2426, time 3914.21ms, mfu 62.60%
iter 16390: loss 4.1795, time 3914.97ms, mfu 62.63%
iter 16400: loss 4.2481, time 3924.32ms, mfu 62.64%
iter 16410: loss 4.2560, time 3915.73ms, mfu 62.66%
iter 16420: loss 4.2105, time 3920.68ms, mfu 62.67%
iter 16430: loss 4.2393, time 3923.12ms, mfu 62.67%
iter 16440: loss 4.2457, time 3930.79ms, mfu 62.67%
iter 16450: loss 4.1670, time 3923.85ms, mfu 62.67%
iter 16460: loss 4.1891, time 3914.82ms, mfu 62.69%
iter 16470: loss 4.2858, time 3940.02ms, mfu 62.67%
iter 16480: loss 4.2380, time 3917.06ms, mfu 62.68%
iter 16490: loss 4.2533, time 3915.65ms, mfu 62.70%
iter 16500: loss 3.9856, time 3942.29ms, mfu 62.67%
iter 16510: loss 4.2764, time 3937.13ms, mfu 62.65%
iter 16520: loss 4.1802, time 3918.60ms, mfu 62.67%
iter 16530: loss 4.2305, time 3937.29ms, mfu 62.65%
iter 16540: loss 4.1909, time 3918.21ms, mfu 62.67%
iter 16550: loss 4.2041, time 3911.06ms, mfu 62.69%
iter 16560: loss 4.1936, time 3915.05ms, mfu 62.71%
iter 16570: loss 4.1237, time 3946.66ms, mfu 62.67%
iter 16580: loss 4.2337, time 3921.03ms, mfu 62.68%
iter 16590: loss 4.2095, time 3922.40ms, mfu 62.69%
iter 16600: loss 4.2032, time 3920.45ms, mfu 62.69%
iter 16610: loss 4.0432, time 3918.62ms, mfu 62.70%
iter 16620: loss 4.1933, time 3925.85ms, mfu 62.70%
iter 16630: loss 4.2167, time 3899.20ms, mfu 62.74%
iter 16640: loss 4.2063, time 3914.64ms, mfu 62.75%
iter 16650: loss 4.1809, time 3909.40ms, mfu 62.77%
iter 16660: loss 4.2224, time 3914.11ms, mfu 62.78%
iter 16670: loss 4.1636, time 3929.44ms, mfu 62.77%
iter 16680: loss 4.2303, time 3913.28ms, mfu 62.78%
iter 16690: loss 4.1622, time 3933.71ms, mfu 62.76%
iter 16700: loss 4.1781, time 3941.18ms, mfu 62.72%
iter 16710: loss 4.1633, time 3925.56ms, mfu 62.72%
iter 16720: loss 4.2513, time 3939.30ms, mfu 62.70%
iter 16730: loss 4.1938, time 3947.99ms, mfu 62.66%
iter 16740: loss 4.2039, time 3920.29ms, mfu 62.67%
iter 16750: loss 4.2295, time 3938.47ms, mfu 62.65%
iter 16760: loss 4.1699, time 3912.75ms, mfu 62.68%
iter 16770: loss 4.2210, time 3913.30ms, mfu 62.70%
iter 16780: loss 4.1829, time 3944.31ms, mfu 62.67%
iter 16790: loss 4.2230, time 3911.26ms, mfu 62.69%
iter 16800: loss 4.2625, time 3915.78ms, mfu 62.71%
iter 16810: loss 4.2094, time 3931.25ms, mfu 62.69%
iter 16820: loss 4.1933, time 3919.40ms, mfu 62.70%
iter 16830: loss 4.1093, time 3914.75ms, mfu 62.72%
iter 16840: loss 4.2103, time 3920.75ms, mfu 62.72%
iter 16850: loss 4.2258, time 3921.42ms, mfu 62.73%
iter 16860: loss 4.2295, time 3926.13ms, mfu 62.72%
iter 16870: loss 4.1325, time 3912.85ms, mfu 62.74%
iter 16880: loss 4.1668, time 3912.72ms, mfu 62.75%
iter 16890: loss 4.2347, time 3938.03ms, mfu 62.73%
iter 16900: loss 4.1742, time 3920.36ms, mfu 62.73%
iter 16910: loss 4.2162, time 3913.18ms, mfu 62.75%
iter 16920: loss 4.1682, time 3905.69ms, mfu 62.77%
iter 16930: loss 4.1855, time 3940.44ms, mfu 62.74%
iter 16940: loss 4.2417, time 3939.44ms, mfu 62.71%
iter 16950: loss 4.2078, time 3939.74ms, mfu 62.69%
iter 16960: loss 4.1849, time 3922.95ms, mfu 62.69%
iter 16970: loss 4.2265, time 3919.30ms, mfu 62.70%
iter 16980: loss 4.2180, time 3946.11ms, mfu 62.67%
iter 16990: loss 4.2419, time 3912.95ms, mfu 62.69%
step 17000: train loss 4.0460, val loss 4.0524
saving checkpoint to /net/scratch2/junyuren/nanoGPT-manifold/out-openwebtext-per-block
iter 17000: loss 4.2193, time 24662.06ms, mfu 57.42%
iter 17010: loss 4.1661, time 3906.13ms, mfu 57.98%
iter 17020: loss 4.2027, time 3938.53ms, mfu 58.43%
iter 17030: loss 4.2100, time 3929.68ms, mfu 58.85%
iter 17040: loss 4.1833, time 3935.51ms, mfu 59.21%
iter 17050: loss 4.1592, time 3912.95ms, mfu 59.58%
iter 17060: loss 4.0624, time 3908.63ms, mfu 59.92%
iter 17070: loss 4.2050, time 3920.88ms, mfu 60.20%
iter 17080: loss 4.2080, time 3911.02ms, mfu 60.47%
iter 17090: loss 4.1762, time 3921.66ms, mfu 60.70%
iter 17100: loss 4.1799, time 3940.39ms, mfu 60.88%
iter 17110: loss 4.1987, time 3944.51ms, mfu 61.03%
iter 17120: loss 4.2156, time 3925.41ms, mfu 61.19%
iter 17130: loss 4.1585, time 3917.95ms, mfu 61.35%
iter 17140: loss 4.2694, time 3909.27ms, mfu 61.51%
iter 17150: loss 4.2709, time 3917.37ms, mfu 61.64%
iter 17160: loss 4.2279, time 3913.07ms, mfu 61.77%
iter 17170: loss 4.1234, time 3918.60ms, mfu 61.87%
iter 17180: loss 4.1763, time 3924.56ms, mfu 61.95%
iter 17190: loss 4.1270, time 3922.89ms, mfu 62.03%
iter 17200: loss 4.2182, time 3939.69ms, mfu 62.07%
iter 17210: loss 4.2295, time 3927.23ms, mfu 62.13%
iter 17220: loss 4.1811, time 3923.19ms, mfu 62.19%
iter 17230: loss 4.0990, time 3912.69ms, mfu 62.26%
iter 17240: loss 4.2334, time 3936.17ms, mfu 62.29%
iter 17250: loss 4.1837, time 3920.66ms, mfu 62.34%
iter 17260: loss 4.2766, time 3913.17ms, mfu 62.39%
iter 17270: loss 4.1615, time 3928.94ms, mfu 62.41%
iter 17280: loss 4.2350, time 3917.62ms, mfu 62.45%
iter 17290: loss 4.2139, time 3907.71ms, mfu 62.51%
iter 17300: loss 4.2719, time 3916.01ms, mfu 62.54%
iter 17310: loss 4.2551, time 3920.91ms, mfu 62.56%
iter 17320: loss 4.2213, time 3939.60ms, mfu 62.55%
iter 17330: loss 4.2127, time 3913.20ms, mfu 62.58%
iter 17340: loss 4.2055, time 3912.73ms, mfu 62.62%
iter 17350: loss 4.1823, time 3933.10ms, mfu 62.61%
iter 17360: loss 4.2002, time 3920.37ms, mfu 62.63%
iter 17370: loss 4.1576, time 3914.56ms, mfu 62.65%
iter 17380: loss 4.1188, time 3921.99ms, mfu 62.66%
iter 17390: loss 4.2423, time 3917.13ms, mfu 62.68%
iter 17400: loss 4.1771, time 3920.35ms, mfu 62.68%
iter 17410: loss 4.2112, time 3926.57ms, mfu 62.68%
iter 17420: loss 4.2115, time 3923.21ms, mfu 62.69%
iter 17430: loss 4.2802, time 3921.75ms, mfu 62.69%
iter 17440: loss 4.2148, time 3920.38ms, mfu 62.70%
iter 17450: loss 4.2831, time 3917.02ms, mfu 62.71%
iter 17460: loss 4.1536, time 3940.94ms, mfu 62.69%
iter 17470: loss 4.1545, time 3914.15ms, mfu 62.70%
iter 17480: loss 4.1939, time 3921.75ms, mfu 62.71%
iter 17490: loss 4.2132, time 3941.54ms, mfu 62.68%
iter 17500: loss 4.2424, time 3915.82ms, mfu 62.70%
iter 17510: loss 4.2140, time 3926.73ms, mfu 62.69%
iter 17520: loss 4.1374, time 3945.70ms, mfu 62.66%
iter 17530: loss 4.1681, time 3919.68ms, mfu 62.67%
iter 17540: loss 4.1968, time 3914.72ms, mfu 62.69%
iter 17550: loss 4.1158, time 3920.64ms, mfu 62.70%
iter 17560: loss 4.1293, time 3913.25ms, mfu 62.72%
iter 17570: loss 4.1845, time 3931.13ms, mfu 62.71%
iter 17580: loss 4.1556, time 3930.14ms, mfu 62.70%
iter 17590: loss 4.2363, time 3917.34ms, mfu 62.71%
iter 17600: loss 4.1663, time 3911.15ms, mfu 62.73%
iter 17610: loss 4.2936, time 3921.02ms, mfu 62.73%
iter 17620: loss 4.1567, time 3914.96ms, mfu 62.74%
iter 17630: loss 4.2032, time 3917.50ms, mfu 62.75%
iter 17640: loss 4.1479, time 3929.76ms, mfu 62.74%
iter 17650: loss 4.1606, time 3948.30ms, mfu 62.70%
iter 17660: loss 4.2376, time 3945.76ms, mfu 62.66%
iter 17670: loss 4.2403, time 3911.28ms, mfu 62.69%
iter 17680: loss 4.2361, time 3920.46ms, mfu 62.70%
iter 17690: loss 4.2705, time 3927.06ms, mfu 62.69%
iter 17700: loss 4.1916, time 3933.11ms, mfu 62.68%
iter 17710: loss 4.2043, time 3922.92ms, mfu 62.69%
iter 17720: loss 4.2353, time 3920.08ms, mfu 62.69%
iter 17730: loss 4.2149, time 3921.41ms, mfu 62.70%
iter 17740: loss 4.1368, time 3923.03ms, mfu 62.70%
iter 17750: loss 4.2276, time 3906.03ms, mfu 62.73%
iter 17760: loss 4.2886, time 3917.35ms, mfu 62.74%
iter 17770: loss 4.3109, time 3936.87ms, mfu 62.72%
iter 17780: loss 4.1673, time 3920.72ms, mfu 62.72%
iter 17790: loss 4.2051, time 3923.06ms, mfu 62.72%
iter 17800: loss 4.1766, time 3940.70ms, mfu 62.69%
iter 17810: loss 4.1848, time 3910.21ms, mfu 62.72%
iter 17820: loss 4.1795, time 3916.57ms, mfu 62.73%
iter 17830: loss 4.2034, time 3906.51ms, mfu 62.76%
iter 17840: loss 4.1943, time 3909.79ms, mfu 62.77%
iter 17850: loss 4.2217, time 3905.16ms, mfu 62.80%
iter 17860: loss 4.2047, time 3945.46ms, mfu 62.76%
iter 17870: loss 4.3328, time 3906.08ms, mfu 62.78%
iter 17880: loss 4.1138, time 3936.78ms, mfu 62.75%
iter 17890: loss 4.2310, time 3906.93ms, mfu 62.78%
iter 17900: loss 4.1191, time 3925.24ms, mfu 62.77%
iter 17910: loss 4.2130, time 3912.44ms, mfu 62.78%
iter 17920: loss 4.1966, time 3924.28ms, mfu 62.77%
iter 17930: loss 4.1322, time 3942.65ms, mfu 62.74%
iter 17940: loss 4.2242, time 3920.99ms, mfu 62.74%
iter 17950: loss 4.1360, time 3947.33ms, mfu 62.70%
iter 17960: loss 4.2198, time 3914.78ms, mfu 62.72%
iter 17970: loss 4.1151, time 3918.22ms, mfu 62.72%
iter 17980: loss 4.1807, time 3922.09ms, mfu 62.73%
iter 17990: loss 4.2006, time 3926.82ms, mfu 62.72%
step 18000: train loss 4.0304, val loss 4.0400
saving checkpoint to /net/scratch2/junyuren/nanoGPT-manifold/out-openwebtext-per-block
iter 18000: loss 4.1534, time 24678.87ms, mfu 57.44%
iter 18010: loss 4.1960, time 3908.78ms, mfu 58.00%
iter 18020: loss 4.1677, time 3909.09ms, mfu 58.49%
iter 18030: loss 4.2027, time 3915.45ms, mfu 58.93%
iter 18040: loss 4.2148, time 3931.90ms, mfu 59.29%
iter 18050: loss 4.1315, time 3932.04ms, mfu 59.62%
iter 18060: loss 4.1746, time 3927.38ms, mfu 59.93%
iter 18070: loss 4.2126, time 3926.10ms, mfu 60.20%
iter 18080: loss 4.1906, time 3923.22ms, mfu 60.45%
iter 18090: loss 4.2019, time 3919.81ms, mfu 60.69%
iter 18100: loss 4.1853, time 3926.06ms, mfu 60.88%
iter 18110: loss 4.1347, time 3943.30ms, mfu 61.04%
iter 18120: loss 4.2326, time 3911.89ms, mfu 61.22%
iter 18130: loss 4.2404, time 3911.23ms, mfu 61.39%
iter 18140: loss 4.1360, time 3913.76ms, mfu 61.54%
iter 18150: loss 4.1633, time 3913.81ms, mfu 61.67%
iter 18160: loss 4.2231, time 3914.68ms, mfu 61.79%
iter 18170: loss 4.2218, time 3934.81ms, mfu 61.87%
iter 18180: loss 4.2375, time 3925.25ms, mfu 61.95%
iter 18190: loss 4.2213, time 3924.54ms, mfu 62.02%
iter 18200: loss 4.2233, time 3935.49ms, mfu 62.08%
iter 18210: loss 4.1763, time 3912.69ms, mfu 62.16%
iter 18220: loss 4.2040, time 3920.03ms, mfu 62.22%
iter 18230: loss 4.1909, time 3936.24ms, mfu 62.25%
iter 18240: loss 4.1577, time 3915.08ms, mfu 62.31%
iter 18250: loss 4.1901, time 3943.88ms, mfu 62.32%
iter 18260: loss 4.1998, time 3914.41ms, mfu 62.37%
iter 18270: loss 4.2447, time 3941.14ms, mfu 62.38%
iter 18280: loss 4.2448, time 3914.05ms, mfu 62.43%
iter 18290: loss 4.1035, time 3902.22ms, mfu 62.49%
iter 18300: loss 4.2193, time 3923.99ms, mfu 62.51%
iter 18310: loss 4.1600, time 3914.82ms, mfu 62.55%
iter 18320: loss 4.2068, time 3918.10ms, mfu 62.57%
iter 18330: loss 4.1728, time 3925.88ms, mfu 62.58%
iter 18340: loss 4.1036, time 3917.33ms, mfu 62.61%
iter 18350: loss 4.2156, time 3919.96ms, mfu 62.62%
iter 18360: loss 4.2192, time 3913.85ms, mfu 62.65%
iter 18370: loss 4.2509, time 3946.70ms, mfu 62.62%
iter 18380: loss 4.2104, time 3944.71ms, mfu 62.60%
iter 18390: loss 4.1755, time 3910.12ms, mfu 62.63%
iter 18400: loss 4.2324, time 3914.09ms, mfu 62.65%
iter 18410: loss 4.1938, time 3918.35ms, mfu 62.67%
iter 18420: loss 4.2487, time 3919.27ms, mfu 62.68%
iter 18430: loss 4.2022, time 3917.31ms, mfu 62.69%
iter 18440: loss 4.1261, time 3919.75ms, mfu 62.70%
iter 18450: loss 4.2022, time 3922.31ms, mfu 62.71%
iter 18460: loss 4.0828, time 3944.11ms, mfu 62.67%
iter 18470: loss 4.1907, time 3906.52ms, mfu 62.71%
iter 18480: loss 4.1665, time 3907.91ms, mfu 62.73%
iter 18490: loss 4.1938, time 3947.21ms, mfu 62.69%
iter 18500: loss 4.1812, time 3912.47ms, mfu 62.71%
iter 18510: loss 4.1994, time 3923.25ms, mfu 62.71%
iter 18520: loss 4.1350, time 3911.60ms, mfu 62.73%
iter 18530: loss 4.1951, time 3924.98ms, mfu 62.73%
iter 18540: loss 4.1325, time 3910.94ms, mfu 62.75%
iter 18550: loss 4.2158, time 3917.17ms, mfu 62.76%
iter 18560: loss 4.2327, time 3927.57ms, mfu 62.75%
iter 18570: loss 4.1777, time 3916.48ms, mfu 62.75%
iter 18580: loss 4.1851, time 3909.13ms, mfu 62.77%
iter 18590: loss 4.1780, time 3919.12ms, mfu 62.78%
iter 18600: loss 4.1978, time 3920.80ms, mfu 62.77%
iter 18610: loss 4.1227, time 3937.62ms, mfu 62.75%
iter 18620: loss 4.1790, time 3918.44ms, mfu 62.75%
iter 18630: loss 4.2108, time 3922.05ms, mfu 62.75%
iter 18640: loss 4.1797, time 3936.29ms, mfu 62.73%
iter 18650: loss 4.1458, time 3938.29ms, mfu 62.70%
iter 18660: loss 4.1448, time 3939.58ms, mfu 62.68%
iter 18670: loss 4.2402, time 3916.90ms, mfu 62.69%
iter 18680: loss 4.2817, time 3907.97ms, mfu 62.72%
iter 18690: loss 4.1498, time 3910.56ms, mfu 62.74%
iter 18700: loss 4.1626, time 3904.71ms, mfu 62.77%
iter 18710: loss 4.1793, time 3908.20ms, mfu 62.79%
iter 18720: loss 4.1836, time 3946.40ms, mfu 62.75%
iter 18730: loss 4.2011, time 3914.06ms, mfu 62.76%
iter 18740: loss 4.2226, time 3916.32ms, mfu 62.77%
iter 18750: loss 4.1491, time 3918.59ms, mfu 62.77%
iter 18760: loss 4.1185, time 3920.97ms, mfu 62.77%
iter 18770: loss 4.1465, time 3920.67ms, mfu 62.77%
iter 18780: loss 4.2518, time 3919.53ms, mfu 62.77%
iter 18790: loss 4.1664, time 3918.85ms, mfu 62.77%
iter 18800: loss 4.2406, time 3918.43ms, mfu 62.77%
iter 18810: loss 4.2475, time 3929.06ms, mfu 62.76%
iter 18820: loss 4.1993, time 3928.25ms, mfu 62.75%
iter 18830: loss 4.2251, time 3899.01ms, mfu 62.78%
iter 18840: loss 4.3271, time 3931.28ms, mfu 62.77%
iter 18850: loss 4.2087, time 3918.73ms, mfu 62.77%
iter 18860: loss 4.2167, time 3909.74ms, mfu 62.79%
iter 18870: loss 4.2852, time 3931.32ms, mfu 62.77%
iter 18880: loss 4.1894, time 3923.36ms, mfu 62.76%
iter 18890: loss 4.1228, time 3925.79ms, mfu 62.75%
iter 18900: loss 4.2303, time 3921.59ms, mfu 62.75%
iter 18910: loss 4.1643, time 3915.88ms, mfu 62.76%
iter 18920: loss 4.2287, time 3916.79ms, mfu 62.77%
iter 18930: loss 4.0390, time 3920.01ms, mfu 62.77%
iter 18940: loss 4.2625, time 3931.86ms, mfu 62.75%
iter 18950: loss 4.1452, time 3923.85ms, mfu 62.75%
iter 18960: loss 4.2796, time 3964.00ms, mfu 62.68%
iter 18970: loss 4.2027, time 3925.60ms, mfu 62.68%
iter 18980: loss 4.2168, time 3915.35ms, mfu 62.70%
iter 18990: loss 4.1362, time 3915.96ms, mfu 62.71%
step 19000: train loss 4.0515, val loss 4.0623
saving checkpoint to /net/scratch2/junyuren/nanoGPT-manifold/out-openwebtext-per-block
iter 19000: loss 4.1601, time 24641.62ms, mfu 57.44%
iter 19010: loss 4.2398, time 3906.63ms, mfu 57.99%
iter 19020: loss 4.1224, time 3908.50ms, mfu 58.49%
iter 19030: loss 4.1651, time 3913.89ms, mfu 58.93%
iter 19040: loss 4.2030, time 3923.93ms, mfu 59.31%
iter 19050: loss 4.1587, time 3923.89ms, mfu 59.65%
iter 19060: loss 4.1967, time 3915.91ms, mfu 59.97%
iter 19070: loss 4.2257, time 3919.50ms, mfu 60.25%
iter 19080: loss 4.2006, time 3922.09ms, mfu 60.50%
iter 19090: loss 4.1721, time 3922.53ms, mfu 60.72%
iter 19100: loss 4.2707, time 3940.34ms, mfu 60.89%
iter 19110: loss 4.2602, time 3932.87ms, mfu 61.06%
iter 19120: loss 4.1676, time 3918.91ms, mfu 61.23%
iter 19130: loss 4.1217, time 3917.27ms, mfu 61.39%
iter 19140: loss 4.2168, time 3943.97ms, mfu 61.49%
iter 19150: loss 4.1694, time 3929.89ms, mfu 61.61%
iter 19160: loss 4.1746, time 3946.78ms, mfu 61.68%
iter 19170: loss 4.1575, time 3915.63ms, mfu 61.80%
iter 19180: loss 4.1792, time 3923.82ms, mfu 61.89%
iter 19190: loss 4.2075, time 3914.96ms, mfu 61.98%
iter 19200: loss 4.1992, time 3935.28ms, mfu 62.04%
iter 19210: loss 4.1350, time 3939.73ms, mfu 62.08%
iter 19220: loss 4.2201, time 3911.63ms, mfu 62.16%
iter 19230: loss 4.1714, time 3939.78ms, mfu 62.19%
iter 19240: loss 4.1767, time 3925.68ms, mfu 62.24%
iter 19250: loss 4.2416, time 3916.84ms, mfu 62.30%
iter 19260: loss 4.1258, time 3914.74ms, mfu 62.36%
iter 19270: loss 4.1763, time 3934.95ms, mfu 62.37%
iter 19280: loss 4.2167, time 3923.96ms, mfu 62.41%
iter 19290: loss 4.2151, time 3910.14ms, mfu 62.46%
iter 19300: loss 4.1566, time 3921.06ms, mfu 62.49%
iter 19310: loss 4.1995, time 3919.54ms, mfu 62.52%
iter 19320: loss 4.1054, time 3921.77ms, mfu 62.54%
iter 19330: loss 4.1940, time 3923.26ms, mfu 62.56%
iter 19340: loss 4.2159, time 3912.05ms, mfu 62.59%
iter 19350: loss 4.1984, time 3918.76ms, mfu 62.61%
iter 19360: loss 4.2012, time 3936.05ms, mfu 62.61%
iter 19370: loss 4.1973, time 3913.10ms, mfu 62.63%
iter 19380: loss 4.1716, time 3925.05ms, mfu 62.64%
iter 19390: loss 4.1881, time 3921.01ms, mfu 62.65%
iter 19400: loss 4.2080, time 3917.27ms, mfu 62.67%
iter 19410: loss 4.1707, time 3911.59ms, mfu 62.69%
iter 19420: loss 4.1855, time 3913.66ms, mfu 62.71%
iter 19430: loss 4.2504, time 3922.38ms, mfu 62.71%
iter 19440: loss 4.2039, time 3925.21ms, mfu 62.71%
iter 19450: loss 4.1794, time 3910.47ms, mfu 62.73%
iter 19460: loss 4.1667, time 3921.08ms, mfu 62.74%
iter 19470: loss 4.1747, time 3910.47ms, mfu 62.75%
iter 19480: loss 4.1804, time 3918.85ms, mfu 62.76%
iter 19490: loss 4.1782, time 3911.62ms, mfu 62.77%
iter 19500: loss 4.1783, time 3935.53ms, mfu 62.75%
iter 19510: loss 4.2338, time 3916.45ms, mfu 62.76%
iter 19520: loss 4.1731, time 3938.45ms, mfu 62.73%
iter 19530: loss 4.1421, time 3919.63ms, mfu 62.73%
iter 19540: loss 4.1836, time 3940.24ms, mfu 62.71%
iter 19550: loss 4.2247, time 3927.38ms, mfu 62.70%
iter 19560: loss 4.1960, time 3911.28ms, mfu 62.72%
iter 19570: loss 4.1244, time 3908.82ms, mfu 62.75%
iter 19580: loss 4.1642, time 3909.26ms, mfu 62.77%
iter 19590: loss 4.1998, time 3917.33ms, mfu 62.77%
iter 19600: loss 4.2037, time 3939.15ms, mfu 62.74%
iter 19610: loss 4.1554, time 3919.66ms, mfu 62.74%
iter 19620: loss 4.2112, time 3927.06ms, mfu 62.74%
iter 19630: loss 4.1716, time 3913.27ms, mfu 62.75%
iter 19640: loss 4.1868, time 3948.29ms, mfu 62.71%
iter 19650: loss 4.1113, time 3923.18ms, mfu 62.71%
iter 19660: loss 4.1405, time 3919.99ms, mfu 62.72%
iter 19670: loss 4.2136, time 3916.85ms, mfu 62.73%
iter 19680: loss 4.2508, time 3920.56ms, mfu 62.73%
iter 19690: loss 4.1690, time 3912.41ms, mfu 62.75%
iter 19700: loss 4.2407, time 3921.60ms, mfu 62.75%
iter 19710: loss 4.1965, time 3924.16ms, mfu 62.74%
iter 19720: loss 4.2297, time 3920.06ms, mfu 62.75%
iter 19730: loss 4.1523, time 3921.17ms, mfu 62.75%
iter 19740: loss 4.1578, time 3910.78ms, mfu 62.77%
iter 19750: loss 4.1884, time 3920.90ms, mfu 62.76%
iter 19760: loss 4.0854, time 3924.07ms, mfu 62.76%
iter 19770: loss 4.2113, time 3923.46ms, mfu 62.76%
iter 19780: loss 4.2171, time 3932.43ms, mfu 62.74%
iter 19790: loss 4.2221, time 3922.33ms, mfu 62.74%
iter 19800: loss 4.1753, time 3965.58ms, mfu 62.67%
iter 19810: loss 4.1354, time 3915.17ms, mfu 62.69%
iter 19820: loss 4.2003, time 3915.76ms, mfu 62.70%
iter 19830: loss 4.2271, time 3948.02ms, mfu 62.67%
iter 19840: loss 4.2099, time 3918.93ms, mfu 62.68%
iter 19850: loss 4.1378, time 3921.65ms, mfu 62.69%
iter 19860: loss 4.2058, time 3914.54ms, mfu 62.70%
iter 19870: loss 4.1624, time 3911.35ms, mfu 62.72%
iter 19880: loss 4.1437, time 3917.87ms, mfu 62.73%
iter 19890: loss 4.1474, time 3925.94ms, mfu 62.73%
iter 19900: loss 4.1484, time 3911.99ms, mfu 62.74%
iter 19910: loss 4.2641, time 3924.70ms, mfu 62.74%
iter 19920: loss 4.1787, time 3922.02ms, mfu 62.74%
iter 19930: loss 4.2248, time 3923.95ms, mfu 62.74%
iter 19940: loss 4.2817, time 3919.61ms, mfu 62.74%
iter 19950: loss 4.1297, time 3934.14ms, mfu 62.72%
iter 19960: loss 4.2506, time 3913.57ms, mfu 62.74%
iter 19970: loss 4.2134, time 3924.15ms, mfu 62.74%
iter 19980: loss 4.2424, time 3927.99ms, mfu 62.73%
iter 19990: loss 4.1931, time 3919.96ms, mfu 62.73%
step 20000: train loss 4.0437, val loss 4.0559
saving checkpoint to /net/scratch2/junyuren/nanoGPT-manifold/out-openwebtext-per-block
iter 20000: loss 4.2147, time 24586.89ms, mfu 57.46%
iter 20010: loss 4.2079, time 3895.09ms, mfu 58.03%
iter 20020: loss 4.1322, time 3899.17ms, mfu 58.54%
iter 20030: loss 4.1408, time 3919.52ms, mfu 58.96%
iter 20040: loss 4.1738, time 3910.65ms, mfu 59.36%
iter 20050: loss 4.2470, time 3924.59ms, mfu 59.69%
iter 20060: loss 4.1599, time 3919.68ms, mfu 60.00%
iter 20070: loss 4.1259, time 3915.56ms, mfu 60.29%
iter 20080: loss 4.1934, time 3901.92ms, mfu 60.56%
iter 20090: loss 4.1891, time 3921.06ms, mfu 60.78%
iter 20100: loss 4.1792, time 3915.15ms, mfu 60.99%
iter 20110: loss 4.2146, time 3944.83ms, mfu 61.13%
iter 20120: loss 4.2136, time 3923.89ms, mfu 61.29%
iter 20130: loss 4.3416, time 3908.33ms, mfu 61.46%
iter 20140: loss 4.2314, time 3918.25ms, mfu 61.59%
iter 20150: loss 4.1403, time 3917.26ms, mfu 61.71%
iter 20160: loss 4.1551, time 3917.21ms, mfu 61.82%
iter 20170: loss 4.1616, time 3928.49ms, mfu 61.91%
iter 20180: loss 4.1547, time 3915.36ms, mfu 62.00%
iter 20190: loss 4.2770, time 3910.45ms, mfu 62.09%
iter 20200: loss 4.2207, time 3914.88ms, mfu 62.17%
iter 20210: loss 4.2256, time 3934.78ms, mfu 62.21%
iter 20220: loss 4.1450, time 3913.88ms, mfu 62.27%
iter 20230: loss 4.2554, time 3913.88ms, mfu 62.33%
iter 20240: loss 4.1217, time 3911.96ms, mfu 62.39%
iter 20250: loss 4.1865, time 3920.62ms, mfu 62.43%
iter 20260: loss 4.1965, time 3913.65ms, mfu 62.47%
iter 20270: loss 4.2090, time 3915.60ms, mfu 62.51%
iter 20280: loss 4.2149, time 3910.63ms, mfu 62.55%
iter 20290: loss 4.1923, time 3906.72ms, mfu 62.59%
iter 20300: loss 4.1816, time 3924.77ms, mfu 62.61%
iter 20310: loss 4.1228, time 3904.61ms, mfu 62.65%
iter 20320: loss 4.2092, time 3920.05ms, mfu 62.66%
iter 20330: loss 4.2293, time 3934.72ms, mfu 62.65%
iter 20340: loss 4.1923, time 3908.68ms, mfu 62.68%
iter 20350: loss 4.1973, time 3913.41ms, mfu 62.70%
iter 20360: loss 4.2048, time 3936.97ms, mfu 62.68%
iter 20370: loss 4.1650, time 3923.88ms, mfu 62.68%
iter 20380: loss 4.1086, time 3941.91ms, mfu 62.66%
iter 20390: loss 4.0845, time 3924.02ms, mfu 62.66%
iter 20400: loss 4.1529, time 3916.79ms, mfu 62.68%
iter 20410: loss 4.1484, time 3912.45ms, mfu 62.70%
iter 20420: loss 4.3101, time 3919.83ms, mfu 62.71%
iter 20430: loss 4.1674, time 3911.78ms, mfu 62.73%
iter 20440: loss 4.2239, time 3912.08ms, mfu 62.75%
iter 20450: loss 4.2011, time 3946.42ms, mfu 62.71%
iter 20460: loss 4.2237, time 3914.86ms, mfu 62.72%
iter 20470: loss 4.1199, time 3908.14ms, mfu 62.75%
iter 20480: loss 4.2097, time 3905.72ms, mfu 62.77%
iter 20490: loss 4.2220, time 3912.08ms, mfu 62.78%
iter 20500: loss 4.1278, time 3901.82ms, mfu 62.81%
iter 20510: loss 4.2503, time 3916.39ms, mfu 62.81%
iter 20520: loss 4.1713, time 3906.38ms, mfu 62.83%
iter 20530: loss 4.0730, time 3914.24ms, mfu 62.84%
iter 20540: loss 4.1936, time 3923.06ms, mfu 62.83%
iter 20550: loss 4.2846, time 3944.90ms, mfu 62.78%
iter 20560: loss 4.2594, time 3901.66ms, mfu 62.81%
iter 20570: loss 4.1626, time 3913.48ms, mfu 62.82%
iter 20580: loss 4.2605, time 3939.74ms, mfu 62.78%
iter 20590: loss 4.1679, time 3913.57ms, mfu 62.79%
iter 20600: loss 4.1417, time 3945.63ms, mfu 62.75%
iter 20610: loss 4.1968, time 3904.45ms, mfu 62.78%
iter 20620: loss 4.3144, time 3926.39ms, mfu 62.77%
iter 20630: loss 4.1744, time 3917.64ms, mfu 62.77%
iter 20640: loss 4.2058, time 3908.88ms, mfu 62.79%
iter 20650: loss 4.0793, time 3916.78ms, mfu 62.79%
iter 20660: loss 4.1760, time 3908.85ms, mfu 62.81%
iter 20670: loss 4.2280, time 3918.45ms, mfu 62.81%
iter 20680: loss 4.1307, time 3932.69ms, mfu 62.78%
iter 20690: loss 4.2230, time 3906.04ms, mfu 62.81%
iter 20700: loss 4.0735, time 3920.09ms, mfu 62.80%
iter 20710: loss 4.2292, time 3918.40ms, mfu 62.80%
iter 20720: loss 4.1689, time 3914.21ms, mfu 62.81%
iter 20730: loss 4.2296, time 3942.66ms, mfu 62.77%
iter 20740: loss 4.1716, time 3926.07ms, mfu 62.76%
iter 20750: loss 4.1860, time 3913.59ms, mfu 62.77%
iter 20760: loss 4.1322, time 3948.24ms, mfu 62.73%
iter 20770: loss 4.1223, time 3918.69ms, mfu 62.73%
iter 20780: loss 4.1796, time 3912.09ms, mfu 62.75%
iter 20790: loss 4.0819, time 3921.61ms, mfu 62.75%
iter 20800: loss 4.2022, time 3917.62ms, mfu 62.76%
iter 20810: loss 4.1538, time 3936.55ms, mfu 62.73%
iter 20820: loss 4.1691, time 3918.05ms, mfu 62.74%
iter 20830: loss 4.2143, time 3919.79ms, mfu 62.74%
iter 20840: loss 4.1649, time 3911.00ms, mfu 62.76%
iter 20850: loss 4.1957, time 3912.06ms, mfu 62.78%
iter 20860: loss 4.1973, time 3906.61ms, mfu 62.80%
iter 20870: loss 4.1334, time 3918.09ms, mfu 62.80%
iter 20880: loss 4.2709, time 3908.85ms, mfu 62.81%
iter 20890: loss 4.2370, time 3920.01ms, mfu 62.81%
iter 20900: loss 4.1861, time 3902.51ms, mfu 62.83%
iter 20910: loss 4.2907, time 3914.86ms, mfu 62.84%
iter 20920: loss 4.2027, time 3911.43ms, mfu 62.84%
iter 20930: loss 4.1368, time 3916.36ms, mfu 62.84%
iter 20940: loss 4.1620, time 3917.83ms, mfu 62.84%
iter 20950: loss 4.1260, time 3914.59ms, mfu 62.84%
iter 20960: loss 4.2552, time 3921.63ms, mfu 62.83%
iter 20970: loss 4.1408, time 3912.92ms, mfu 62.84%
iter 20980: loss 4.1049, time 3907.56ms, mfu 62.85%
iter 20990: loss 4.1308, time 3916.46ms, mfu 62.85%
step 21000: train loss 4.0282, val loss 4.0354
saving checkpoint to /net/scratch2/junyuren/nanoGPT-manifold/out-openwebtext-per-block
iter 21000: loss 4.2770, time 24619.94ms, mfu 57.56%
iter 21010: loss 4.1875, time 3896.52ms, mfu 58.12%
iter 21020: loss 4.2037, time 3919.45ms, mfu 58.59%
iter 21030: loss 4.0977, time 3905.70ms, mfu 59.03%
iter 21040: loss 4.2138, time 3914.61ms, mfu 59.41%
iter 21050: loss 4.2329, time 3911.68ms, mfu 59.76%
iter 21060: loss 4.1454, time 3915.38ms, mfu 60.07%
iter 21070: loss 4.2308, time 3926.18ms, mfu 60.33%
iter 21080: loss 4.2400, time 3923.06ms, mfu 60.57%
iter 21090: loss 4.1437, time 3906.20ms, mfu 60.81%
iter 21100: loss 4.1159, time 3919.17ms, mfu 61.01%
iter 21110: loss 4.1728, time 3910.78ms, mfu 61.20%
iter 21120: loss 4.1399, time 3910.43ms, mfu 61.38%
iter 21130: loss 4.2108, time 3905.83ms, mfu 61.54%
iter 21140: loss 4.2568, time 3904.66ms, mfu 61.69%
iter 21150: loss 4.1214, time 3913.24ms, mfu 61.81%
iter 21160: loss 4.1235, time 3928.45ms, mfu 61.89%
iter 21170: loss 4.1919, time 3913.43ms, mfu 61.99%
iter 21180: loss 4.1674, time 3911.40ms, mfu 62.08%
iter 21190: loss 4.1362, time 3930.08ms, mfu 62.13%
iter 21200: loss 4.1703, time 3908.67ms, mfu 62.22%
iter 21210: loss 4.1562, time 3922.38ms, mfu 62.27%
iter 21220: loss 4.1963, time 3928.44ms, mfu 62.31%
iter 21230: loss 4.1644, time 3915.78ms, mfu 62.36%
iter 21240: loss 4.1711, time 3910.65ms, mfu 62.42%
iter 21250: loss 4.2092, time 3913.68ms, mfu 62.46%
iter 21260: loss 4.1487, time 3923.74ms, mfu 62.49%
iter 21270: loss 4.1504, time 3918.54ms, mfu 62.52%
iter 21280: loss 4.0916, time 3912.78ms, mfu 62.56%
iter 21290: loss 4.1141, time 3929.31ms, mfu 62.56%
iter 21300: loss 4.1687, time 3920.70ms, mfu 62.58%
iter 21310: loss 4.1637, time 3917.49ms, mfu 62.61%
iter 21320: loss 4.2342, time 3923.78ms, mfu 62.62%
iter 21330: loss 4.2395, time 3916.77ms, mfu 62.64%
iter 21340: loss 4.1487, time 3939.82ms, mfu 62.62%
iter 21350: loss 4.1333, time 3906.13ms, mfu 62.66%
iter 21360: loss 4.1744, time 3913.59ms, mfu 62.68%
iter 21370: loss 4.2083, time 3943.26ms, mfu 62.65%
iter 21380: loss 4.3031, time 3914.04ms, mfu 62.67%
iter 21390: loss 4.1965, time 3911.21ms, mfu 62.70%
iter 21400: loss 4.1205, time 3922.36ms, mfu 62.70%
iter 21410: loss 4.1814, time 3908.48ms, mfu 62.73%
iter 21420: loss 4.1388, time 3909.78ms, mfu 62.75%
iter 21430: loss 4.2432, time 3914.75ms, mfu 62.76%
iter 21440: loss 4.1885, time 3934.66ms, mfu 62.74%
iter 21450: loss 4.2113, time 3912.71ms, mfu 62.75%
iter 21460: loss 4.1495, time 3933.11ms, mfu 62.73%
iter 21470: loss 4.1550, time 3921.32ms, mfu 62.74%
iter 21480: loss 4.0729, time 3914.47ms, mfu 62.75%
iter 21490: loss 4.2130, time 3914.43ms, mfu 62.76%
iter 21500: loss 4.1300, time 3915.95ms, mfu 62.77%
iter 21510: loss 4.2281, time 3917.28ms, mfu 62.77%
iter 21520: loss 4.1724, time 3909.30ms, mfu 62.79%
iter 21530: loss 4.1570, time 3926.51ms, mfu 62.78%
iter 21540: loss 4.2395, time 3907.20ms, mfu 62.80%
iter 21550: loss 4.1741, time 3918.27ms, mfu 62.80%
iter 21560: loss 4.1225, time 3940.22ms, mfu 62.76%
iter 21570: loss 4.1531, time 3939.57ms, mfu 62.73%
iter 21580: loss 4.1684, time 3913.11ms, mfu 62.75%
iter 21590: loss 4.1629, time 3908.38ms, mfu 62.77%
iter 21600: loss 4.1801, time 3908.56ms, mfu 62.79%
iter 21610: loss 4.2940, time 3916.59ms, mfu 62.79%
iter 21620: loss 4.2606, time 3935.45ms, mfu 62.77%
iter 21630: loss 4.2308, time 3917.43ms, mfu 62.77%
iter 21640: loss 4.2845, time 3918.16ms, mfu 62.78%
iter 21650: loss 4.1928, time 3920.66ms, mfu 62.77%
iter 21660: loss 4.0598, time 3918.87ms, mfu 62.78%
iter 21670: loss 4.1454, time 3932.82ms, mfu 62.76%
iter 21680: loss 4.1197, time 3914.35ms, mfu 62.77%
iter 21690: loss 4.2003, time 3911.77ms, mfu 62.78%
iter 21700: loss 4.2388, time 3922.74ms, mfu 62.78%
iter 21710: loss 4.2287, time 3940.97ms, mfu 62.74%
iter 21720: loss 4.1149, time 3923.74ms, mfu 62.74%
iter 21730: loss 4.2115, time 3910.55ms, mfu 62.76%
iter 21740: loss 4.1804, time 3919.80ms, mfu 62.76%
iter 21750: loss 4.1595, time 3936.79ms, mfu 62.73%
iter 21760: loss 4.1476, time 3941.45ms, mfu 62.70%
iter 21770: loss 4.2710, time 3912.63ms, mfu 62.72%
iter 21780: loss 4.1891, time 3945.26ms, mfu 62.69%
iter 21790: loss 4.1994, time 3912.90ms, mfu 62.71%
iter 21800: loss 4.1857, time 3924.47ms, mfu 62.71%
iter 21810: loss 4.1404, time 3920.88ms, mfu 62.71%
iter 21820: loss 4.2580, time 3920.08ms, mfu 62.72%
iter 21830: loss 4.1871, time 3939.65ms, mfu 62.69%
iter 21840: loss 4.1882, time 3945.57ms, mfu 62.66%
iter 21850: loss 4.2717, time 3935.21ms, mfu 62.65%
iter 21860: loss 4.2483, time 3917.37ms, mfu 62.66%
iter 21870: loss 4.2296, time 3915.92ms, mfu 62.68%
iter 21880: loss 4.2008, time 3926.25ms, mfu 62.68%
iter 21890: loss 4.1092, time 3923.56ms, mfu 62.69%
iter 21900: loss 4.1773, time 3919.95ms, mfu 62.69%
iter 21910: loss 4.1904, time 3934.34ms, mfu 62.68%
iter 21920: loss 4.1763, time 3916.68ms, mfu 62.69%
iter 21930: loss 4.1765, time 3913.36ms, mfu 62.71%
iter 21940: loss 4.2155, time 3927.41ms, mfu 62.71%
iter 21950: loss 4.1586, time 3912.16ms, mfu 62.73%
iter 21960: loss 4.1327, time 3922.94ms, mfu 62.73%
iter 21970: loss 4.2220, time 3925.05ms, mfu 62.72%
iter 21980: loss 4.2088, time 3942.65ms, mfu 62.69%
iter 21990: loss 4.1645, time 3910.69ms, mfu 62.72%
step 22000: train loss 4.0157, val loss 4.0228
saving checkpoint to /net/scratch2/junyuren/nanoGPT-manifold/out-openwebtext-per-block
iter 22000: loss 4.2710, time 24621.80ms, mfu 57.44%
iter 22010: loss 4.2715, time 3918.97ms, mfu 57.98%
iter 22020: loss 4.2401, time 3915.00ms, mfu 58.47%
iter 22030: loss 4.1427, time 3917.87ms, mfu 58.90%
iter 22040: loss 4.2529, time 3909.85ms, mfu 59.30%
iter 22050: loss 4.2063, time 3947.04ms, mfu 59.61%
iter 22060: loss 4.1996, time 3929.47ms, mfu 59.91%
iter 22070: loss 4.2532, time 3942.24ms, mfu 60.16%
iter 22080: loss 4.1988, time 3918.55ms, mfu 60.42%
iter 22090: loss 4.2357, time 3909.05ms, mfu 60.68%
iter 22100: loss 4.2540, time 3915.25ms, mfu 60.89%
iter 22110: loss 4.2252, time 3942.46ms, mfu 61.05%
iter 22120: loss 4.2275, time 3917.17ms, mfu 61.22%
iter 22130: loss 4.1248, time 3946.45ms, mfu 61.34%
iter 22140: loss 4.2055, time 3927.86ms, mfu 61.47%
iter 22150: loss 4.1955, time 3904.81ms, mfu 61.62%
iter 22160: loss 4.2045, time 3916.21ms, mfu 61.74%
iter 22170: loss 4.2450, time 3947.24ms, mfu 61.80%
iter 22180: loss 4.1915, time 3920.53ms, mfu 61.90%
iter 22190: loss 4.2037, time 3927.14ms, mfu 61.98%
iter 22200: loss 4.0924, time 3921.23ms, mfu 62.05%
iter 22210: loss 4.1667, time 3925.69ms, mfu 62.12%
iter 22220: loss 4.1356, time 3921.61ms, mfu 62.18%
iter 22230: loss 4.2162, time 3913.42ms, mfu 62.25%
iter 22240: loss 4.1720, time 3925.27ms, mfu 62.29%
iter 22250: loss 4.1441, time 3920.87ms, mfu 62.34%
iter 22260: loss 4.1684, time 3932.62ms, mfu 62.36%
iter 22270: loss 4.1867, time 3912.82ms, mfu 62.42%
iter 22280: loss 4.1426, time 3922.77ms, mfu 62.45%
iter 22290: loss 4.2319, time 3942.41ms, mfu 62.45%
iter 22300: loss 4.0998, time 3914.48ms, mfu 62.49%
iter 22310: loss 4.1567, time 3949.32ms, mfu 62.47%
iter 22320: loss 4.2175, time 3944.23ms, mfu 62.46%
iter 22330: loss 4.1912, time 3924.01ms, mfu 62.49%
iter 22340: loss 4.1472, time 3932.39ms, mfu 62.50%
iter 22350: loss 4.1942, time 3926.29ms, mfu 62.51%
iter 22360: loss 4.1783, time 3927.11ms, mfu 62.53%
iter 22370: loss 4.1764, time 3941.83ms, mfu 62.52%
iter 22380: loss 4.1815, time 3914.13ms, mfu 62.55%
iter 22390: loss 4.1824, time 3943.10ms, mfu 62.54%
iter 22400: loss 4.1528, time 3922.94ms, mfu 62.56%
iter 22410: loss 4.2091, time 3939.40ms, mfu 62.55%
iter 22420: loss 4.0778, time 3926.39ms, mfu 62.56%
iter 22430: loss 4.1301, time 3936.62ms, mfu 62.56%
iter 22440: loss 4.1527, time 3937.86ms, mfu 62.55%
iter 22450: loss 4.2477, time 3938.07ms, mfu 62.54%
iter 22460: loss 4.0448, time 3945.44ms, mfu 62.53%
iter 22470: loss 4.1297, time 3951.43ms, mfu 62.50%
iter 22480: loss 4.2000, time 3936.55ms, mfu 62.50%
iter 22490: loss 4.1772, time 3912.97ms, mfu 62.54%
iter 22500: loss 4.2253, time 3923.04ms, mfu 62.56%
