Overriding config with config/train_openwebtext_baseline_resume.py:
# Resume OpenWebText Baseline from checkpoint
# Continuing from step 13000

# I/O
out_dir = '/net/scratch2/junyuren/nanoGPT-manifold/out-openwebtext-baseline'
eval_interval = 1000
eval_iters = 200
log_interval = 10
always_save_checkpoint = True

# CRITICAL: Resume from checkpoint
init_from = 'resume'

wandb_log = False
wandb_project = 'openwebtext'
wandb_run_name = 'baseline-6L-384d-resume'

# Data
dataset = 'openwebtext'
data_dir = '/net/scratch2/junyuren/nanoGPT-manifold/data/openwebtext'
gradient_accumulation_steps = 40
batch_size = 64
block_size = 1024

# Model - SAME as Shakespeare: 6L x 384d (~10M params)
n_layer = 6
n_head = 6
n_embd = 384
dropout = 0.2
bias = False

# AdamW optimizer - LR decay will continue from step 13000
learning_rate = 1e-3  # Max LR (for reference, decay continues)
max_iters = 100000
lr_decay_iters = 100000
min_lr = 1e-4
beta1 = 0.9
beta2 = 0.99
weight_decay = 1e-1
grad_clip = 1.0

decay_lr = True
warmup_iters = 2000  # Already past warmup

# System
device = 'cuda'
dtype = 'bfloat16'
compile = True

# No Grassmann
use_grassmann = False

tokens per iteration will be: 2,621,440
Resuming training from /net/scratch2/junyuren/nanoGPT-manifold/out-openwebtext-baseline
number of parameters: 29.94M
num decayed parameter tensors: 26, with 30,326,784 parameters
num non-decayed parameter tensors: 13, with 4,992 parameters
using fused AdamW: True
compiling the model... (takes a ~minute)
step 26000: train loss 3.6452, val loss 3.6540
saving checkpoint to /net/scratch2/junyuren/nanoGPT-manifold/out-openwebtext-baseline
iter 26000: loss 3.7771, time 39345.82ms, mfu -100.00%
iter 26010: loss 3.8106, time 2681.88ms, mfu 65.15%
iter 26020: loss 3.8313, time 2713.45ms, mfu 65.07%
iter 26030: loss 3.8652, time 2729.78ms, mfu 64.96%
iter 26040: loss 3.8256, time 2735.28ms, mfu 64.85%
iter 26050: loss 3.8104, time 2739.88ms, mfu 64.75%
iter 26060: loss 3.8061, time 2738.57ms, mfu 64.65%
iter 26070: loss 3.8187, time 2733.46ms, mfu 64.58%
iter 26080: loss 3.7045, time 2733.13ms, mfu 64.51%
iter 26090: loss 3.7617, time 2737.81ms, mfu 64.44%
iter 26100: loss 3.6773, time 2733.90ms, mfu 64.39%
iter 26110: loss 3.8339, time 2733.99ms, mfu 64.34%
iter 26120: loss 3.7660, time 2734.41ms, mfu 64.30%
iter 26130: loss 3.8210, time 2731.24ms, mfu 64.26%
iter 26140: loss 3.9132, time 2732.47ms, mfu 64.23%
iter 26150: loss 3.8203, time 2738.34ms, mfu 64.19%
iter 26160: loss 3.7926, time 2735.41ms, mfu 64.16%
iter 26170: loss 3.8491, time 2737.10ms, mfu 64.12%
iter 26180: loss 3.8449, time 2733.61ms, mfu 64.10%
iter 26190: loss 3.8394, time 2737.53ms, mfu 64.08%
iter 26200: loss 3.7640, time 2736.53ms, mfu 64.05%
iter 26210: loss 3.6832, time 2736.13ms, mfu 64.03%
iter 26220: loss 3.8416, time 2734.05ms, mfu 64.02%
iter 26230: loss 3.7483, time 2735.80ms, mfu 64.00%
iter 26240: loss 3.7022, time 2738.91ms, mfu 63.98%
iter 26250: loss 3.7937, time 2734.34ms, mfu 63.97%
iter 26260: loss 3.8923, time 2734.09ms, mfu 63.97%
iter 26270: loss 3.8477, time 2736.42ms, mfu 63.95%
iter 26280: loss 3.8469, time 2739.70ms, mfu 63.94%
iter 26290: loss 3.8876, time 2736.84ms, mfu 63.93%
iter 26300: loss 3.8369, time 2735.07ms, mfu 63.92%
iter 26310: loss 3.8282, time 2735.49ms, mfu 63.92%
iter 26320: loss 3.7766, time 2736.88ms, mfu 63.91%
iter 26330: loss 3.7983, time 2734.25ms, mfu 63.91%
iter 26340: loss 3.7443, time 2735.77ms, mfu 63.90%
iter 26350: loss 3.8242, time 2738.65ms, mfu 63.89%
iter 26360: loss 3.7663, time 2736.15ms, mfu 63.89%
iter 26370: loss 3.7856, time 2735.13ms, mfu 63.89%
iter 26380: loss 3.7757, time 2735.16ms, mfu 63.89%
iter 26390: loss 3.8486, time 2736.12ms, mfu 63.88%
iter 26400: loss 3.9352, time 2734.23ms, mfu 63.88%
iter 26410: loss 3.8373, time 2736.44ms, mfu 63.88%
iter 26420: loss 3.8222, time 2737.32ms, mfu 63.88%
iter 26430: loss 3.8438, time 2737.16ms, mfu 63.87%
iter 26440: loss 3.7274, time 2737.09ms, mfu 63.87%
iter 26450: loss 3.8479, time 2735.61ms, mfu 63.87%
iter 26460: loss 3.8085, time 2738.45ms, mfu 63.86%
iter 26470: loss 3.9118, time 2737.48ms, mfu 63.86%
iter 26480: loss 3.8087, time 2737.71ms, mfu 63.85%
iter 26490: loss 3.7869, time 2738.70ms, mfu 63.85%
iter 26500: loss 3.8131, time 2733.56ms, mfu 63.85%
iter 26510: loss 3.8072, time 2735.60ms, mfu 63.86%
iter 26520: loss 3.8294, time 2734.05ms, mfu 63.86%
iter 26530: loss 3.7210, time 2737.12ms, mfu 63.86%
iter 26540: loss 3.7693, time 2736.45ms, mfu 63.86%
iter 26550: loss 3.7688, time 2736.05ms, mfu 63.86%
iter 26560: loss 3.8829, time 2736.37ms, mfu 63.86%
iter 26570: loss 3.7429, time 2734.72ms, mfu 63.86%
iter 26580: loss 3.8101, time 2736.00ms, mfu 63.86%
iter 26590: loss 3.8807, time 2736.58ms, mfu 63.86%
iter 26600: loss 3.7596, time 2740.44ms, mfu 63.85%
iter 26610: loss 3.8184, time 2736.90ms, mfu 63.85%
iter 26620: loss 3.8312, time 2737.68ms, mfu 63.84%
iter 26630: loss 3.7682, time 2734.14ms, mfu 63.85%
iter 26640: loss 3.8742, time 2734.87ms, mfu 63.85%
iter 26650: loss 3.8523, time 2736.41ms, mfu 63.85%
iter 26660: loss 3.8528, time 2736.72ms, mfu 63.85%
iter 26670: loss 3.8287, time 2739.09ms, mfu 63.84%
iter 26680: loss 3.7648, time 2733.68ms, mfu 63.85%
iter 26690: loss 3.8199, time 2739.16ms, mfu 63.84%
iter 26700: loss 3.8156, time 2735.67ms, mfu 63.85%
iter 26710: loss 3.8472, time 2735.62ms, mfu 63.85%
iter 26720: loss 3.8851, time 2736.59ms, mfu 63.85%
iter 26730: loss 3.7966, time 2735.92ms, mfu 63.85%
iter 26740: loss 3.8942, time 2737.28ms, mfu 63.85%
iter 26750: loss 3.8064, time 2734.49ms, mfu 63.85%
iter 26760: loss 3.8358, time 2736.41ms, mfu 63.85%
iter 26770: loss 3.8952, time 2743.55ms, mfu 63.83%
iter 26780: loss 3.7615, time 2734.92ms, mfu 63.84%
iter 26790: loss 3.8103, time 2734.94ms, mfu 63.84%
iter 26800: loss 3.7724, time 2736.50ms, mfu 63.84%
iter 26810: loss 3.8346, time 2735.97ms, mfu 63.85%
iter 26820: loss 3.7906, time 2737.24ms, mfu 63.84%
iter 26830: loss 3.8277, time 2736.57ms, mfu 63.84%
iter 26840: loss 3.7973, time 2740.39ms, mfu 63.83%
iter 26850: loss 3.7325, time 2737.08ms, mfu 63.83%
iter 26860: loss 3.8459, time 2738.38ms, mfu 63.83%
iter 26870: loss 3.8423, time 2734.53ms, mfu 63.84%
iter 26880: loss 3.6778, time 2732.78ms, mfu 63.85%
iter 26890: loss 3.8719, time 2738.25ms, mfu 63.84%
iter 26900: loss 3.8693, time 2736.05ms, mfu 63.84%
iter 26910: loss 3.8688, time 2733.68ms, mfu 63.85%
iter 26920: loss 3.8746, time 2734.80ms, mfu 63.85%
iter 26930: loss 3.9176, time 2738.52ms, mfu 63.85%
iter 26940: loss 3.8136, time 2733.69ms, mfu 63.86%
iter 26950: loss 3.7831, time 2738.52ms, mfu 63.85%
iter 26960: loss 3.8008, time 2734.92ms, mfu 63.85%
iter 26970: loss 3.8245, time 2734.70ms, mfu 63.86%
iter 26980: loss 3.8974, time 2733.93ms, mfu 63.86%
iter 26990: loss 3.6697, time 2735.36ms, mfu 63.86%
step 27000: train loss 3.6922, val loss 3.6975
saving checkpoint to /net/scratch2/junyuren/nanoGPT-manifold/out-openwebtext-baseline
iter 27000: loss 3.8414, time 19239.89ms, mfu 58.38%
iter 27010: loss 3.8212, time 2730.60ms, mfu 58.94%
iter 27020: loss 3.9009, time 2740.43ms, mfu 59.43%
iter 27030: loss 3.7190, time 2739.35ms, mfu 59.86%
iter 27040: loss 3.7611, time 2727.54ms, mfu 60.28%
iter 27050: loss 3.8623, time 2724.71ms, mfu 60.66%
iter 27060: loss 3.8310, time 2730.03ms, mfu 61.00%
iter 27070: loss 3.8374, time 2723.83ms, mfu 61.31%
iter 27080: loss 3.8400, time 2726.52ms, mfu 61.59%
iter 27090: loss 3.8196, time 2725.49ms, mfu 61.84%
iter 27100: loss 3.7565, time 2721.11ms, mfu 62.08%
iter 27110: loss 3.8516, time 2729.76ms, mfu 62.27%
iter 27120: loss 3.8144, time 2728.04ms, mfu 62.45%
iter 27130: loss 3.7800, time 2727.27ms, mfu 62.61%
iter 27140: loss 3.7584, time 2725.50ms, mfu 62.76%
iter 27150: loss 3.8199, time 2724.68ms, mfu 62.89%
iter 27160: loss 3.8083, time 2720.79ms, mfu 63.03%
iter 27170: loss 3.8520, time 2722.70ms, mfu 63.14%
iter 27180: loss 3.9368, time 2724.49ms, mfu 63.24%
iter 27190: loss 3.8516, time 2727.61ms, mfu 63.32%
iter 27200: loss 3.8412, time 2725.49ms, mfu 63.40%
iter 27210: loss 3.7565, time 2723.32ms, mfu 63.47%
iter 27220: loss 3.8738, time 2725.46ms, mfu 63.54%
iter 27230: loss 3.8200, time 2725.93ms, mfu 63.59%
iter 27240: loss 3.8714, time 2719.98ms, mfu 63.66%
iter 27250: loss 3.7819, time 2728.04ms, mfu 63.70%
iter 27260: loss 3.8679, time 2727.18ms, mfu 63.73%
iter 27270: loss 3.8297, time 2721.71ms, mfu 63.78%
iter 27280: loss 3.8791, time 2719.28ms, mfu 63.83%
iter 27290: loss 3.7765, time 2720.84ms, mfu 63.86%
iter 27300: loss 3.7724, time 2727.51ms, mfu 63.88%
iter 27310: loss 3.7473, time 2723.40ms, mfu 63.91%
iter 27320: loss 3.7835, time 2724.57ms, mfu 63.93%
iter 27330: loss 3.7356, time 2721.69ms, mfu 63.96%
iter 27340: loss 3.8103, time 2722.29ms, mfu 63.98%
iter 27350: loss 3.7273, time 2722.91ms, mfu 64.00%
iter 27360: loss 3.8298, time 2724.55ms, mfu 64.01%
iter 27370: loss 3.8492, time 2723.55ms, mfu 64.03%
iter 27380: loss 3.8609, time 2720.46ms, mfu 64.05%
iter 27390: loss 3.7247, time 2722.61ms, mfu 64.06%
iter 27400: loss 3.7284, time 2721.37ms, mfu 64.07%
iter 27410: loss 3.7948, time 2726.28ms, mfu 64.07%
iter 27420: loss 3.7995, time 2725.98ms, mfu 64.08%
iter 27430: loss 3.7263, time 2724.10ms, mfu 64.08%
iter 27440: loss 3.8330, time 2730.90ms, mfu 64.07%
iter 27450: loss 3.8380, time 2726.21ms, mfu 64.07%
iter 27460: loss 3.7800, time 2726.73ms, mfu 64.07%
iter 27470: loss 3.7599, time 2726.03ms, mfu 64.07%
iter 27480: loss 3.7582, time 2722.74ms, mfu 64.08%
iter 27490: loss 3.8055, time 2723.18ms, mfu 64.09%
iter 27500: loss 3.8370, time 2723.41ms, mfu 64.10%
iter 27510: loss 3.7933, time 2725.48ms, mfu 64.10%
iter 27520: loss 3.7867, time 2725.17ms, mfu 64.10%
iter 27530: loss 3.7925, time 2725.86ms, mfu 64.10%
iter 27540: loss 3.8247, time 2725.01ms, mfu 64.10%
iter 27550: loss 3.7562, time 2725.33ms, mfu 64.10%
iter 27560: loss 3.7742, time 2725.41ms, mfu 64.10%
iter 27570: loss 3.7341, time 2721.86ms, mfu 64.11%
iter 27580: loss 3.8167, time 2724.15ms, mfu 64.11%
iter 27590: loss 3.7839, time 2730.35ms, mfu 64.10%
iter 27600: loss 3.8511, time 2718.16ms, mfu 64.12%
iter 27610: loss 3.7045, time 2720.40ms, mfu 64.13%
iter 27620: loss 3.6797, time 2722.37ms, mfu 64.13%
iter 27630: loss 3.8518, time 2725.56ms, mfu 64.13%
iter 27640: loss 3.8408, time 2723.27ms, mfu 64.13%
iter 27650: loss 3.8190, time 2724.45ms, mfu 64.13%
iter 27660: loss 3.7103, time 2722.86ms, mfu 64.14%
iter 27670: loss 3.7446, time 2723.60ms, mfu 64.14%
iter 27680: loss 3.7641, time 2723.23ms, mfu 64.14%
iter 27690: loss 3.7349, time 2719.10ms, mfu 64.15%
iter 27700: loss 3.7333, time 2725.83ms, mfu 64.15%
iter 27710: loss 3.8275, time 2723.62ms, mfu 64.15%
iter 27720: loss 3.8427, time 2723.03ms, mfu 64.15%
iter 27730: loss 3.8171, time 2726.44ms, mfu 64.14%
iter 27740: loss 3.8472, time 2724.84ms, mfu 64.14%
iter 27750: loss 3.8394, time 2719.53ms, mfu 64.15%
iter 27760: loss 3.7944, time 2724.68ms, mfu 64.15%
iter 27770: loss 3.7618, time 2726.04ms, mfu 64.14%
iter 27780: loss 3.8315, time 2722.67ms, mfu 64.14%
iter 27790: loss 3.7321, time 2721.35ms, mfu 64.15%
iter 27800: loss 3.9080, time 2720.43ms, mfu 64.16%
iter 27810: loss 3.7780, time 2719.77ms, mfu 64.17%
iter 27820: loss 3.8009, time 2718.95ms, mfu 64.17%
iter 27830: loss 3.9441, time 2724.59ms, mfu 64.17%
iter 27840: loss 3.8091, time 2727.43ms, mfu 64.16%
iter 27850: loss 3.8390, time 2721.14ms, mfu 64.16%
iter 27860: loss 3.6500, time 2726.38ms, mfu 64.16%
iter 27870: loss 3.8061, time 2724.22ms, mfu 64.15%
iter 27880: loss 3.8298, time 2726.45ms, mfu 64.15%
iter 27890: loss 3.7305, time 2721.30ms, mfu 64.15%
iter 27900: loss 3.8686, time 2721.98ms, mfu 64.16%
iter 27910: loss 3.7675, time 2725.69ms, mfu 64.15%
iter 27920: loss 3.8000, time 2728.63ms, mfu 64.14%
iter 27930: loss 3.8843, time 2725.35ms, mfu 64.13%
iter 27940: loss 3.7854, time 2718.42ms, mfu 64.15%
iter 27950: loss 3.7857, time 2724.32ms, mfu 64.15%
iter 27960: loss 3.7246, time 2722.15ms, mfu 64.15%
iter 27970: loss 3.8325, time 2723.50ms, mfu 64.15%
iter 27980: loss 3.7992, time 2725.69ms, mfu 64.15%
iter 27990: loss 3.8277, time 2725.86ms, mfu 64.14%
step 28000: train loss 3.7239, val loss 3.7322
saving checkpoint to /net/scratch2/junyuren/nanoGPT-manifold/out-openwebtext-baseline
iter 28000: loss 3.8842, time 19215.57ms, mfu 58.64%
iter 28010: loss 3.7355, time 2728.98ms, mfu 59.17%
iter 28020: loss 3.7765, time 2744.93ms, mfu 59.62%
iter 28030: loss 3.7447, time 2739.43ms, mfu 60.04%
iter 28040: loss 3.7746, time 2738.59ms, mfu 60.41%
iter 28050: loss 3.8395, time 2743.24ms, mfu 60.74%
iter 28060: loss 3.7932, time 2737.37ms, mfu 61.05%
iter 28070: loss 3.8148, time 2739.38ms, mfu 61.32%
iter 28080: loss 3.7922, time 2737.47ms, mfu 61.57%
iter 28090: loss 3.6287, time 2737.79ms, mfu 61.80%
iter 28100: loss 3.7046, time 2736.42ms, mfu 62.00%
iter 28110: loss 3.7140, time 2736.72ms, mfu 62.19%
iter 28120: loss 3.7930, time 2738.68ms, mfu 62.35%
iter 28130: loss 3.9692, time 2736.45ms, mfu 62.50%
iter 28140: loss 3.8136, time 2736.26ms, mfu 62.63%
iter 28150: loss 3.7303, time 2738.40ms, mfu 62.75%
iter 28160: loss 3.8116, time 2736.32ms, mfu 62.86%
iter 28170: loss 3.8347, time 2735.34ms, mfu 62.96%
iter 28180: loss 3.8269, time 2739.18ms, mfu 63.04%
iter 28190: loss 3.7749, time 2737.12ms, mfu 63.12%
iter 28200: loss 3.7850, time 2734.11ms, mfu 63.20%
iter 28210: loss 3.8521, time 2738.10ms, mfu 63.26%
iter 28220: loss 3.7728, time 2734.25ms, mfu 63.32%
iter 28230: loss 3.7920, time 2733.61ms, mfu 63.38%
iter 28240: loss 3.7408, time 2738.29ms, mfu 63.43%
iter 28250: loss 3.8283, time 2736.60ms, mfu 63.47%
iter 28260: loss 3.8727, time 2739.25ms, mfu 63.50%
iter 28270: loss 3.8242, time 2736.53ms, mfu 63.53%
iter 28280: loss 3.7552, time 2737.91ms, mfu 63.56%
iter 28290: loss 3.7257, time 2739.74ms, mfu 63.58%
iter 28300: loss 3.8337, time 2735.66ms, mfu 63.61%
iter 28310: loss 3.7961, time 2739.03ms, mfu 63.63%
iter 28320: loss 3.8581, time 2739.09ms, mfu 63.64%
iter 28330: loss 3.7939, time 2740.05ms, mfu 63.66%
iter 28340: loss 3.7610, time 2736.35ms, mfu 63.68%
iter 28350: loss 3.7523, time 2736.76ms, mfu 63.69%
iter 28360: loss 3.8914, time 2737.58ms, mfu 63.70%
iter 28370: loss 3.8278, time 2735.53ms, mfu 63.72%
iter 28380: loss 3.8061, time 2735.76ms, mfu 63.74%
iter 28390: loss 3.8536, time 2736.03ms, mfu 63.75%
iter 28400: loss 3.7902, time 2734.99ms, mfu 63.76%
iter 28410: loss 3.7607, time 2736.46ms, mfu 63.77%
iter 28420: loss 3.6901, time 2741.50ms, mfu 63.77%
iter 28430: loss 3.7885, time 2736.63ms, mfu 63.77%
iter 28440: loss 3.8273, time 2735.96ms, mfu 63.78%
iter 28450: loss 3.7967, time 2736.33ms, mfu 63.79%
iter 28460: loss 3.7646, time 2738.19ms, mfu 63.79%
iter 28470: loss 3.8179, time 2732.66ms, mfu 63.80%
iter 28480: loss 3.8157, time 2735.47ms, mfu 63.81%
iter 28490: loss 3.7864, time 2737.03ms, mfu 63.81%
iter 28500: loss 3.8191, time 2733.91ms, mfu 63.82%
iter 28510: loss 3.8903, time 2738.12ms, mfu 63.82%
iter 28520: loss 3.7437, time 2736.78ms, mfu 63.82%
iter 28530: loss 3.8206, time 2736.69ms, mfu 63.83%
iter 28540: loss 3.8347, time 2736.10ms, mfu 63.83%
iter 28550: loss 3.7650, time 2734.66ms, mfu 63.83%
iter 28560: loss 3.8025, time 2736.39ms, mfu 63.84%
iter 28570: loss 3.7954, time 2739.74ms, mfu 63.83%
iter 28580: loss 3.7938, time 2740.35ms, mfu 63.82%
iter 28590: loss 3.7071, time 2736.07ms, mfu 63.83%
iter 28600: loss 3.8268, time 2739.18ms, mfu 63.82%
iter 28610: loss 3.8087, time 2735.38ms, mfu 63.83%
iter 28620: loss 3.7375, time 2736.17ms, mfu 63.83%
iter 28630: loss 3.8462, time 2736.60ms, mfu 63.83%
iter 28640: loss 3.8550, time 2737.80ms, mfu 63.83%
iter 28650: loss 3.7733, time 2737.17ms, mfu 63.83%
iter 28660: loss 3.8502, time 2736.90ms, mfu 63.83%
iter 28670: loss 3.8745, time 2735.82ms, mfu 63.83%
iter 28680: loss 3.6934, time 2739.11ms, mfu 63.83%
iter 28690: loss 3.8184, time 2734.39ms, mfu 63.84%
iter 28700: loss 3.8431, time 2741.77ms, mfu 63.82%
iter 28710: loss 3.8131, time 2739.02ms, mfu 63.82%
iter 28720: loss 3.8435, time 2736.47ms, mfu 63.82%
iter 28730: loss 3.8137, time 2734.77ms, mfu 63.83%
iter 28740: loss 3.7902, time 2736.54ms, mfu 63.83%
iter 28750: loss 3.7889, time 2733.58ms, mfu 63.84%
iter 28760: loss 3.8757, time 2737.79ms, mfu 63.84%
iter 28770: loss 3.7896, time 2737.69ms, mfu 63.83%
iter 28780: loss 3.7851, time 2738.94ms, mfu 63.83%
iter 28790: loss 3.8695, time 2737.44ms, mfu 63.83%
iter 28800: loss 3.8456, time 2738.39ms, mfu 63.83%
iter 28810: loss 3.8644, time 2740.31ms, mfu 63.82%
iter 28820: loss 3.8252, time 2736.09ms, mfu 63.82%
iter 28830: loss 3.9305, time 2734.41ms, mfu 63.83%
iter 28840: loss 3.8144, time 2738.57ms, mfu 63.83%
iter 28850: loss 3.7699, time 2737.88ms, mfu 63.83%
iter 28860: loss 3.7272, time 2735.88ms, mfu 63.83%
iter 28870: loss 3.8070, time 2738.58ms, mfu 63.83%
iter 28880: loss 3.8053, time 2737.80ms, mfu 63.83%
iter 28890: loss 3.7568, time 2739.77ms, mfu 63.82%
iter 28900: loss 3.8751, time 2738.54ms, mfu 63.82%
iter 28910: loss 3.7033, time 2733.08ms, mfu 63.83%
iter 28920: loss 3.7967, time 2733.38ms, mfu 63.84%
iter 28930: loss 3.7736, time 2733.23ms, mfu 63.85%
iter 28940: loss 3.6943, time 2737.02ms, mfu 63.84%
iter 28950: loss 3.7410, time 2735.31ms, mfu 63.85%
iter 28960: loss 3.7791, time 2738.17ms, mfu 63.84%
iter 28970: loss 3.7944, time 2741.43ms, mfu 63.83%
iter 28980: loss 3.8387, time 2731.80ms, mfu 63.84%
iter 28990: loss 3.8177, time 2738.95ms, mfu 63.84%
step 29000: train loss 3.6574, val loss 3.6709
saving checkpoint to /net/scratch2/junyuren/nanoGPT-manifold/out-openwebtext-baseline
iter 29000: loss 3.8545, time 19230.04ms, mfu 58.36%
iter 29010: loss 3.8074, time 2736.41ms, mfu 58.91%
iter 29020: loss 3.7868, time 2740.06ms, mfu 59.40%
iter 29030: loss 3.8181, time 2740.95ms, mfu 59.83%
iter 29040: loss 3.7101, time 2743.64ms, mfu 60.22%
iter 29050: loss 3.8220, time 2740.61ms, mfu 60.57%
iter 29060: loss 3.8107, time 2737.29ms, mfu 60.90%
iter 29070: loss 3.7861, time 2741.31ms, mfu 61.18%
iter 29080: loss 3.8158, time 2740.00ms, mfu 61.44%
iter 29090: loss 3.7435, time 2734.18ms, mfu 61.68%
iter 29100: loss 3.8948, time 2743.76ms, mfu 61.88%
iter 29110: loss 3.7471, time 2738.00ms, mfu 62.08%
iter 29120: loss 3.8623, time 2742.57ms, mfu 62.24%
iter 29130: loss 3.8044, time 2738.11ms, mfu 62.40%
iter 29140: loss 3.8678, time 2745.64ms, mfu 62.52%
iter 29150: loss 3.7776, time 2740.85ms, mfu 62.64%
iter 29160: loss 3.9137, time 2741.60ms, mfu 62.75%
iter 29170: loss 3.8548, time 2738.87ms, mfu 62.85%
iter 29180: loss 3.8197, time 2738.03ms, mfu 62.95%
iter 29190: loss 3.7284, time 2741.37ms, mfu 63.03%
iter 29200: loss 3.7971, time 2743.76ms, mfu 63.09%
iter 29210: loss 3.8264, time 2741.74ms, mfu 63.16%
iter 29220: loss 3.8142, time 2742.53ms, mfu 63.21%
iter 29230: loss 3.8603, time 2738.52ms, mfu 63.27%
iter 29240: loss 3.7440, time 2736.99ms, mfu 63.33%
iter 29250: loss 3.7806, time 2734.67ms, mfu 63.38%
iter 29260: loss 3.7345, time 2728.28ms, mfu 63.45%
iter 29270: loss 3.8248, time 2726.78ms, mfu 63.51%
iter 29280: loss 3.7672, time 2722.25ms, mfu 63.58%
iter 29290: loss 3.7956, time 2720.45ms, mfu 63.64%
iter 29300: loss 3.7199, time 2722.33ms, mfu 63.70%
iter 29310: loss 3.7621, time 2727.55ms, mfu 63.73%
iter 29320: loss 3.7524, time 2724.03ms, mfu 63.77%
iter 29330: loss 3.7491, time 2727.27ms, mfu 63.80%
iter 29340: loss 3.7615, time 2721.82ms, mfu 63.84%
iter 29350: loss 3.8987, time 2722.17ms, mfu 63.87%
iter 29360: loss 3.7478, time 2729.94ms, mfu 63.89%
iter 29370: loss 3.8439, time 2725.77ms, mfu 63.91%
iter 29380: loss 3.7552, time 2728.36ms, mfu 63.92%
iter 29390: loss 3.7612, time 2723.50ms, mfu 63.94%
iter 29400: loss 3.7951, time 2721.30ms, mfu 63.97%
iter 29410: loss 3.8149, time 2725.58ms, mfu 63.98%
iter 29420: loss 3.7798, time 2719.61ms, mfu 64.01%
iter 29430: loss 3.8001, time 2723.69ms, mfu 64.02%
iter 29440: loss 3.7725, time 2726.40ms, mfu 64.03%
iter 29450: loss 3.6975, time 2722.78ms, mfu 64.04%
iter 29460: loss 3.8074, time 2724.73ms, mfu 64.05%
iter 29470: loss 3.8732, time 2728.11ms, mfu 64.05%
iter 29480: loss 3.7893, time 2722.01ms, mfu 64.06%
iter 29490: loss 3.8069, time 2727.61ms, mfu 64.06%
iter 29500: loss 3.8094, time 2723.90ms, mfu 64.07%
iter 29510: loss 3.7806, time 2730.28ms, mfu 64.06%
iter 29520: loss 3.7645, time 2723.59ms, mfu 64.07%
iter 29530: loss 3.7761, time 2724.67ms, mfu 64.08%
iter 29540: loss 3.8620, time 2725.42ms, mfu 64.08%
iter 29550: loss 3.7772, time 2723.85ms, mfu 64.09%
iter 29560: loss 3.7141, time 2726.93ms, mfu 64.08%
iter 29570: loss 3.8819, time 2727.31ms, mfu 64.08%
iter 29580: loss 3.7174, time 2726.46ms, mfu 64.08%
iter 29590: loss 3.8211, time 2725.23ms, mfu 64.08%
iter 29600: loss 3.8470, time 2722.12ms, mfu 64.09%
iter 29610: loss 3.8551, time 2719.51ms, mfu 64.11%
iter 29620: loss 3.7784, time 2726.01ms, mfu 64.11%
iter 29630: loss 3.9131, time 2724.51ms, mfu 64.11%
iter 29640: loss 3.7823, time 2726.00ms, mfu 64.11%
iter 29650: loss 3.8718, time 2724.26ms, mfu 64.11%
iter 29660: loss 3.7369, time 2727.47ms, mfu 64.11%
iter 29670: loss 3.8086, time 2727.17ms, mfu 64.10%
iter 29680: loss 3.7421, time 2726.45ms, mfu 64.10%
iter 29690: loss 3.8202, time 2724.42ms, mfu 64.10%
iter 29700: loss 3.7404, time 2722.76ms, mfu 64.11%
iter 29710: loss 3.8312, time 2724.09ms, mfu 64.11%
iter 29720: loss 3.7680, time 2724.68ms, mfu 64.11%
iter 29730: loss 3.7569, time 2729.36ms, mfu 64.10%
iter 29740: loss 3.8456, time 2727.51ms, mfu 64.10%
iter 29750: loss 3.7636, time 2724.28ms, mfu 64.10%
iter 29760: loss 3.7967, time 2724.46ms, mfu 64.10%
iter 29770: loss 3.7429, time 2728.28ms, mfu 64.10%
iter 29780: loss 3.7605, time 2728.51ms, mfu 64.09%
iter 29790: loss 3.8196, time 2724.14ms, mfu 64.10%
iter 29800: loss 3.7798, time 2727.65ms, mfu 64.09%
iter 29810: loss 3.8298, time 2724.72ms, mfu 64.09%
iter 29820: loss 3.7263, time 2725.33ms, mfu 64.10%
iter 29830: loss 3.7521, time 2722.30ms, mfu 64.10%
iter 29840: loss 3.8580, time 2726.43ms, mfu 64.10%
iter 29850: loss 3.7675, time 2725.58ms, mfu 64.10%
iter 29860: loss 3.7681, time 2724.02ms, mfu 64.11%
iter 29870: loss 3.8547, time 2726.05ms, mfu 64.10%
iter 29880: loss 3.7591, time 2730.62ms, mfu 64.09%
iter 29890: loss 3.7894, time 2719.56ms, mfu 64.11%
iter 29900: loss 3.7140, time 2721.20ms, mfu 64.12%
iter 29910: loss 3.8157, time 2725.18ms, mfu 64.12%
iter 29920: loss 3.7558, time 2724.02ms, mfu 64.12%
iter 29930: loss 3.8737, time 2723.72ms, mfu 64.12%
iter 29940: loss 3.7633, time 2725.36ms, mfu 64.12%
iter 29950: loss 3.7972, time 2725.46ms, mfu 64.12%
iter 29960: loss 3.7670, time 2724.78ms, mfu 64.12%
iter 29970: loss 3.8267, time 2726.00ms, mfu 64.12%
iter 29980: loss 3.7274, time 2722.70ms, mfu 64.12%
iter 29990: loss 3.8686, time 2727.76ms, mfu 64.11%
step 30000: train loss 3.6525, val loss 3.6702
saving checkpoint to /net/scratch2/junyuren/nanoGPT-manifold/out-openwebtext-baseline
iter 30000: loss 3.8721, time 18770.82ms, mfu 58.63%
iter 30010: loss 3.7939, time 2723.93ms, mfu 59.18%
iter 30020: loss 3.7822, time 2738.09ms, mfu 59.65%
iter 30030: loss 3.7858, time 2739.74ms, mfu 60.06%
iter 30040: loss 3.7742, time 2738.93ms, mfu 60.43%
iter 30050: loss 3.7864, time 2735.61ms, mfu 60.78%
iter 30060: loss 3.7553, time 2733.43ms, mfu 61.09%
iter 30070: loss 3.7497, time 2734.71ms, mfu 61.37%
iter 30080: loss 3.7311, time 2737.50ms, mfu 61.61%
iter 30090: loss 3.7945, time 2736.06ms, mfu 61.84%
iter 30100: loss 3.8572, time 2735.85ms, mfu 62.04%
iter 30110: loss 3.7800, time 2735.26ms, mfu 62.22%
iter 30120: loss 3.8412, time 2737.96ms, mfu 62.38%
iter 30130: loss 3.8064, time 2741.08ms, mfu 62.52%
iter 30140: loss 3.7947, time 2735.91ms, mfu 62.65%
iter 30150: loss 3.8076, time 2735.90ms, mfu 62.77%
iter 30160: loss 3.8084, time 2738.16ms, mfu 62.88%
iter 30170: loss 3.8586, time 2733.47ms, mfu 62.98%
iter 30180: loss 3.7758, time 2737.92ms, mfu 63.06%
iter 30190: loss 3.8276, time 2735.27ms, mfu 63.15%
iter 30200: loss 3.7625, time 2737.26ms, mfu 63.21%
iter 30210: loss 3.7966, time 2732.16ms, mfu 63.29%
iter 30220: loss 3.6426, time 2735.77ms, mfu 63.34%
iter 30230: loss 3.7669, time 2736.59ms, mfu 63.39%
iter 30240: loss 3.8058, time 2736.25ms, mfu 63.44%
iter 30250: loss 3.7638, time 2735.14ms, mfu 63.48%
iter 30260: loss 3.8053, time 2734.32ms, mfu 63.53%
iter 30270: loss 3.7650, time 2735.01ms, mfu 63.56%
iter 30280: loss 3.7199, time 2737.36ms, mfu 63.59%
iter 30290: loss 3.7958, time 2736.78ms, mfu 63.61%
iter 30300: loss 3.7541, time 2734.32ms, mfu 63.64%
iter 30310: loss 3.8397, time 2731.37ms, mfu 63.67%
iter 30320: loss 3.8663, time 2730.35ms, mfu 63.71%
iter 30330: loss 3.8976, time 2735.40ms, mfu 63.72%
iter 30340: loss 3.8302, time 2736.85ms, mfu 63.73%
iter 30350: loss 3.8522, time 2731.75ms, mfu 63.76%
iter 30360: loss 3.7753, time 2734.42ms, mfu 63.77%
iter 30370: loss 3.7089, time 2737.55ms, mfu 63.77%
iter 30380: loss 3.7785, time 2734.53ms, mfu 63.79%
iter 30390: loss 3.8777, time 2736.28ms, mfu 63.79%
iter 30400: loss 3.8039, time 2735.84ms, mfu 63.80%
iter 30410: loss 3.8264, time 2735.28ms, mfu 63.81%
iter 30420: loss 3.7971, time 2733.48ms, mfu 63.82%
iter 30430: loss 3.7882, time 2737.65ms, mfu 63.82%
iter 30440: loss 3.7855, time 2734.67ms, mfu 63.83%
iter 30450: loss 3.7320, time 2736.65ms, mfu 63.83%
iter 30460: loss 3.8209, time 2736.38ms, mfu 63.83%
iter 30470: loss 3.7881, time 2736.31ms, mfu 63.83%
iter 30480: loss 3.7882, time 2732.46ms, mfu 63.84%
iter 30490: loss 3.8136, time 2738.05ms, mfu 63.84%
iter 30500: loss 3.8300, time 2738.06ms, mfu 63.84%
iter 30510: loss 3.9010, time 2736.54ms, mfu 63.84%
iter 30520: loss 3.7937, time 2736.18ms, mfu 63.84%
iter 30530: loss 3.7745, time 2732.87ms, mfu 63.85%
iter 30540: loss 3.8322, time 2732.55ms, mfu 63.86%
iter 30550: loss 3.8099, time 2736.05ms, mfu 63.86%
iter 30560: loss 3.7741, time 2735.83ms, mfu 63.86%
iter 30570: loss 3.7833, time 2737.57ms, mfu 63.85%
iter 30580: loss 3.8195, time 2737.95ms, mfu 63.85%
iter 30590: loss 3.7860, time 2736.93ms, mfu 63.85%
iter 30600: loss 3.7392, time 2736.21ms, mfu 63.85%
iter 30610: loss 3.8557, time 2737.19ms, mfu 63.85%
iter 30620: loss 3.7205, time 2740.17ms, mfu 63.84%
iter 30630: loss 3.7071, time 2737.25ms, mfu 63.84%
iter 30640: loss 3.7996, time 2736.04ms, mfu 63.84%
iter 30650: loss 3.8216, time 2731.80ms, mfu 63.85%
iter 30660: loss 3.8035, time 2733.62ms, mfu 63.86%
iter 30670: loss 3.7914, time 2734.23ms, mfu 63.86%
iter 30680: loss 3.7492, time 2734.46ms, mfu 63.86%
iter 30690: loss 3.8456, time 2736.83ms, mfu 63.86%
iter 30700: loss 3.7612, time 2736.12ms, mfu 63.86%
iter 30710: loss 3.7919, time 2737.69ms, mfu 63.86%
iter 30720: loss 3.8309, time 2735.83ms, mfu 63.86%
iter 30730: loss 3.8458, time 2735.95ms, mfu 63.86%
iter 30740: loss 3.7713, time 2737.47ms, mfu 63.85%
iter 30750: loss 3.8084, time 2735.44ms, mfu 63.86%
iter 30760: loss 3.7308, time 2734.47ms, mfu 63.86%
iter 30770: loss 3.7987, time 2737.50ms, mfu 63.86%
iter 30780: loss 3.7146, time 2735.79ms, mfu 63.86%
iter 30790: loss 3.7183, time 2734.07ms, mfu 63.86%
iter 30800: loss 3.7670, time 2735.80ms, mfu 63.86%
iter 30810: loss 3.8236, time 2736.72ms, mfu 63.86%
iter 30820: loss 3.8106, time 2737.41ms, mfu 63.86%
iter 30830: loss 3.8813, time 2732.58ms, mfu 63.86%
iter 30840: loss 3.8416, time 2736.64ms, mfu 63.86%
iter 30850: loss 3.7625, time 2735.48ms, mfu 63.86%
iter 30860: loss 3.7002, time 2736.14ms, mfu 63.86%
iter 30870: loss 3.8015, time 2736.24ms, mfu 63.86%
iter 30880: loss 3.7209, time 2738.73ms, mfu 63.85%
iter 30890: loss 3.8181, time 2734.79ms, mfu 63.86%
iter 30900: loss 3.7004, time 2735.22ms, mfu 63.86%
iter 30910: loss 3.7171, time 2737.61ms, mfu 63.86%
iter 30920: loss 3.8967, time 2732.52ms, mfu 63.86%
iter 30930: loss 3.8081, time 2735.01ms, mfu 63.87%
iter 30940: loss 3.8560, time 2733.41ms, mfu 63.87%
iter 30950: loss 3.8124, time 2737.55ms, mfu 63.87%
iter 30960: loss 3.7513, time 2736.11ms, mfu 63.86%
iter 30970: loss 3.8045, time 2737.74ms, mfu 63.86%
iter 30980: loss 3.7976, time 2734.93ms, mfu 63.86%
iter 30990: loss 3.7997, time 2737.78ms, mfu 63.86%
step 31000: train loss 3.6544, val loss 3.6604
saving checkpoint to /net/scratch2/junyuren/nanoGPT-manifold/out-openwebtext-baseline
iter 31000: loss 3.8323, time 18851.43ms, mfu 58.40%
iter 31010: loss 3.7686, time 2730.94ms, mfu 58.96%
iter 31020: loss 3.7761, time 2739.26ms, mfu 59.44%
iter 31030: loss 3.7470, time 2737.84ms, mfu 59.88%
iter 31040: loss 3.7908, time 2737.57ms, mfu 60.27%
iter 31050: loss 3.8377, time 2736.37ms, mfu 60.63%
iter 31060: loss 3.7927, time 2737.82ms, mfu 60.95%
iter 31070: loss 3.7879, time 2737.05ms, mfu 61.24%
iter 31080: loss 3.7802, time 2735.85ms, mfu 61.50%
iter 31090: loss 3.8178, time 2739.40ms, mfu 61.73%
iter 31100: loss 3.6742, time 2737.13ms, mfu 61.94%
iter 31110: loss 3.7701, time 2739.44ms, mfu 62.12%
iter 31120: loss 3.6628, time 2739.54ms, mfu 62.29%
iter 31130: loss 3.8451, time 2733.14ms, mfu 62.45%
iter 31140: loss 3.6678, time 2735.67ms, mfu 62.59%
iter 31150: loss 3.7920, time 2736.01ms, mfu 62.72%
iter 31160: loss 3.8676, time 2736.34ms, mfu 62.83%
iter 31170: loss 3.8006, time 2737.33ms, mfu 62.93%
iter 31180: loss 3.7637, time 2731.63ms, mfu 63.03%
iter 31190: loss 3.7866, time 2735.83ms, mfu 63.12%
iter 31200: loss 3.7357, time 2737.36ms, mfu 63.19%
iter 31210: loss 3.7758, time 2734.62ms, mfu 63.26%
iter 31220: loss 3.7617, time 2737.04ms, mfu 63.32%
iter 31230: loss 3.7906, time 2738.05ms, mfu 63.36%
iter 31240: loss 3.8173, time 2738.72ms, mfu 63.41%
iter 31250: loss 3.7575, time 2736.12ms, mfu 63.45%
iter 31260: loss 3.7292, time 2735.95ms, mfu 63.49%
iter 31270: loss 3.8902, time 2735.80ms, mfu 63.53%
iter 31280: loss 3.7788, time 2737.00ms, mfu 63.56%
iter 31290: loss 3.8367, time 2736.94ms, mfu 63.59%
iter 31300: loss 3.7847, time 2736.57ms, mfu 63.61%
iter 31310: loss 3.8413, time 2738.73ms, mfu 63.63%
iter 31320: loss 3.6641, time 2741.26ms, mfu 63.64%
iter 31330: loss 3.7801, time 2740.32ms, mfu 63.65%
iter 31340: loss 3.7451, time 2736.09ms, mfu 63.67%
iter 31350: loss 3.7984, time 2739.97ms, mfu 63.68%
iter 31360: loss 3.8107, time 2739.15ms, mfu 63.69%
iter 31370: loss 3.8342, time 2740.59ms, mfu 63.70%
iter 31380: loss 3.7932, time 2736.64ms, mfu 63.71%
iter 31390: loss 3.8716, time 2739.60ms, mfu 63.72%
iter 31400: loss 3.7670, time 2733.70ms, mfu 63.74%
iter 31410: loss 3.8068, time 2739.11ms, mfu 63.74%
iter 31420: loss 3.8104, time 2737.01ms, mfu 63.75%
iter 31430: loss 3.7406, time 2738.28ms, mfu 63.76%
iter 31440: loss 3.7903, time 2736.68ms, mfu 63.77%
iter 31450: loss 3.7742, time 2736.42ms, mfu 63.77%
iter 31460: loss 3.7768, time 2739.40ms, mfu 63.77%
iter 31470: loss 3.8618, time 2735.24ms, mfu 63.78%
iter 31480: loss 3.7164, time 2739.88ms, mfu 63.78%
iter 31490: loss 3.7456, time 2736.25ms, mfu 63.79%
iter 31500: loss 3.7987, time 2736.35ms, mfu 63.80%
iter 31510: loss 3.7188, time 2739.15ms, mfu 63.79%
iter 31520: loss 3.8260, time 2739.70ms, mfu 63.79%
iter 31530: loss 3.8234, time 2734.42ms, mfu 63.80%
iter 31540: loss 3.8458, time 2736.11ms, mfu 63.81%
iter 31550: loss 3.8160, time 2744.60ms, mfu 63.79%
iter 31560: loss 3.7905, time 2736.79ms, mfu 63.80%
iter 31570: loss 3.7620, time 2738.11ms, mfu 63.80%
iter 31580: loss 3.7954, time 2736.66ms, mfu 63.80%
iter 31590: loss 3.8216, time 2736.80ms, mfu 63.81%
iter 31600: loss 3.9206, time 2736.58ms, mfu 63.81%
iter 31610: loss 3.7487, time 2736.60ms, mfu 63.81%
iter 31620: loss 3.7374, time 2737.09ms, mfu 63.82%
iter 31630: loss 3.8893, time 2735.34ms, mfu 63.82%
iter 31640: loss 3.9279, time 2736.35ms, mfu 63.82%
iter 31650: loss 3.7811, time 2738.59ms, mfu 63.82%
iter 31660: loss 3.7881, time 2736.86ms, mfu 63.82%
iter 31670: loss 3.7826, time 2736.11ms, mfu 63.83%
iter 31680: loss 3.7745, time 2739.70ms, mfu 63.82%
iter 31690: loss 3.7373, time 2731.87ms, mfu 63.83%
iter 31700: loss 3.8558, time 2732.26ms, mfu 63.85%
iter 31710: loss 3.8033, time 2737.96ms, mfu 63.84%
iter 31720: loss 3.7385, time 2734.58ms, mfu 63.85%
iter 31730: loss 3.6870, time 2735.66ms, mfu 63.85%
iter 31740: loss 3.7259, time 2737.75ms, mfu 63.85%
iter 31750: loss 3.8227, time 2738.04ms, mfu 63.84%
iter 31760: loss 3.7439, time 2740.49ms, mfu 63.83%
iter 31770: loss 3.8049, time 2735.96ms, mfu 63.84%
iter 31780: loss 3.7838, time 2735.81ms, mfu 63.84%
iter 31790: loss 3.7915, time 2737.02ms, mfu 63.84%
iter 31800: loss 3.8423, time 2738.09ms, mfu 63.83%
iter 31810: loss 3.7707, time 2736.83ms, mfu 63.84%
iter 31820: loss 3.7156, time 2741.85ms, mfu 63.82%
iter 31830: loss 3.8450, time 2735.79ms, mfu 63.83%
iter 31840: loss 3.7438, time 2741.95ms, mfu 63.82%
iter 31850: loss 3.8451, time 2738.21ms, mfu 63.82%
iter 31860: loss 3.7137, time 2739.04ms, mfu 63.81%
iter 31870: loss 3.7844, time 2740.89ms, mfu 63.81%
iter 31880: loss 3.8653, time 2738.10ms, mfu 63.81%
iter 31890: loss 3.8719, time 2739.73ms, mfu 63.80%
iter 31900: loss 3.7848, time 2741.27ms, mfu 63.80%
iter 31910: loss 3.7866, time 2736.43ms, mfu 63.80%
iter 31920: loss 3.7721, time 2738.42ms, mfu 63.80%
iter 31930: loss 3.7770, time 2742.07ms, mfu 63.79%
iter 31940: loss 3.6804, time 2738.49ms, mfu 63.79%
iter 31950: loss 3.7804, time 2736.09ms, mfu 63.80%
iter 31960: loss 3.8469, time 2735.72ms, mfu 63.81%
iter 31970: loss 3.7419, time 2738.55ms, mfu 63.81%
iter 31980: loss 3.7509, time 2737.37ms, mfu 63.81%
iter 31990: loss 3.7963, time 2736.62ms, mfu 63.81%
step 32000: train loss 3.6553, val loss 3.6592
saving checkpoint to /net/scratch2/junyuren/nanoGPT-manifold/out-openwebtext-baseline
iter 32000: loss 3.6919, time 18858.56ms, mfu 58.36%
iter 32010: loss 3.7952, time 2721.87ms, mfu 58.94%
iter 32020: loss 3.8350, time 2730.99ms, mfu 59.44%
iter 32030: loss 3.8232, time 2738.63ms, mfu 59.88%
iter 32040: loss 3.7725, time 2738.44ms, mfu 60.27%
iter 32050: loss 3.7213, time 2737.40ms, mfu 60.63%
iter 32060: loss 3.7773, time 2737.31ms, mfu 60.95%
iter 32070: loss 3.8783, time 2737.61ms, mfu 61.23%
iter 32080: loss 3.9599, time 2732.67ms, mfu 61.50%
iter 32090: loss 3.7976, time 2738.16ms, mfu 61.73%
iter 32100: loss 3.7312, time 2740.02ms, mfu 61.94%
iter 32110: loss 3.8040, time 2736.97ms, mfu 62.13%
iter 32120: loss 3.7352, time 2730.51ms, mfu 62.31%
iter 32130: loss 3.8252, time 2733.84ms, mfu 62.47%
iter 32140: loss 3.7954, time 2726.81ms, mfu 62.63%
iter 32150: loss 3.7211, time 2724.64ms, mfu 62.78%
iter 32160: loss 3.7551, time 2728.63ms, mfu 62.91%
iter 32170: loss 3.8247, time 2729.32ms, mfu 63.02%
iter 32180: loss 3.7129, time 2720.41ms, mfu 63.14%
iter 32190: loss 3.8034, time 2724.38ms, mfu 63.24%
iter 32200: loss 3.7562, time 2729.42ms, mfu 63.31%
iter 32210: loss 3.7717, time 2725.28ms, mfu 63.39%
iter 32220: loss 3.8174, time 2726.81ms, mfu 63.46%
iter 32230: loss 3.7284, time 2726.72ms, mfu 63.52%
iter 32240: loss 3.7623, time 2723.25ms, mfu 63.59%
iter 32250: loss 3.7159, time 2724.15ms, mfu 63.64%
iter 32260: loss 3.7551, time 2723.11ms, mfu 63.69%
iter 32270: loss 3.7825, time 2724.33ms, mfu 63.74%
iter 32280: loss 3.7890, time 2726.67ms, mfu 63.77%
iter 32290: loss 3.7147, time 2725.37ms, mfu 63.80%
iter 32300: loss 3.7967, time 2729.25ms, mfu 63.83%
iter 32310: loss 3.7727, time 2723.52ms, mfu 63.86%
iter 32320: loss 3.8277, time 2728.09ms, mfu 63.88%
iter 32330: loss 3.7010, time 2729.61ms, mfu 63.89%
iter 32340: loss 3.7867, time 2730.43ms, mfu 63.90%
iter 32350: loss 3.7277, time 2725.74ms, mfu 63.92%
iter 32360: loss 3.7632, time 2731.25ms, mfu 63.92%
iter 32370: loss 3.6803, time 2722.18ms, mfu 63.95%
iter 32380: loss 3.8354, time 2728.55ms, mfu 63.96%
iter 32390: loss 3.8004, time 2729.95ms, mfu 63.96%
iter 32400: loss 3.7053, time 2729.24ms, mfu 63.97%
iter 32410: loss 3.7193, time 2725.68ms, mfu 63.98%
iter 32420: loss 3.8384, time 2723.58ms, mfu 64.00%
iter 32430: loss 3.7995, time 2723.60ms, mfu 64.01%
iter 32440: loss 3.8071, time 2729.26ms, mfu 64.01%
iter 32450: loss 3.7304, time 2724.60ms, mfu 64.02%
iter 32460: loss 3.7966, time 2729.00ms, mfu 64.02%
iter 32470: loss 3.8158, time 2728.12ms, mfu 64.03%
iter 32480: loss 3.8205, time 2726.11ms, mfu 64.03%
iter 32490: loss 3.8227, time 2725.46ms, mfu 64.04%
iter 32500: loss 3.7969, time 2725.66ms, mfu 64.05%
iter 32510: loss 3.6954, time 2725.15ms, mfu 64.05%
iter 32520: loss 3.7838, time 2727.60ms, mfu 64.05%
iter 32530: loss 3.7339, time 2729.41ms, mfu 64.05%
iter 32540: loss 3.8453, time 2724.28ms, mfu 64.06%
iter 32550: loss 3.8227, time 2722.05ms, mfu 64.07%
iter 32560: loss 3.7796, time 2726.53ms, mfu 64.07%
iter 32570: loss 3.8111, time 2724.95ms, mfu 64.08%
iter 32580: loss 3.8624, time 2726.67ms, mfu 64.08%
iter 32590: loss 3.8877, time 2727.13ms, mfu 64.07%
iter 32600: loss 3.8642, time 2722.09ms, mfu 64.09%
iter 32610: loss 3.8511, time 2724.38ms, mfu 64.09%
iter 32620: loss 3.7669, time 2722.91ms, mfu 64.10%
iter 32630: loss 3.7988, time 2727.66ms, mfu 64.09%
iter 32640: loss 3.7843, time 2723.62ms, mfu 64.10%
iter 32650: loss 3.8028, time 2727.92ms, mfu 64.09%
iter 32660: loss 3.7947, time 2725.42ms, mfu 64.09%
iter 32670: loss 3.7216, time 2723.27ms, mfu 64.10%
iter 32680: loss 3.8254, time 2723.69ms, mfu 64.11%
iter 32690: loss 3.7721, time 2726.68ms, mfu 64.10%
iter 32700: loss 3.7609, time 2727.90ms, mfu 64.10%
iter 32710: loss 3.8592, time 2724.96ms, mfu 64.10%
iter 32720: loss 3.7157, time 2724.02ms, mfu 64.10%
iter 32730: loss 3.8165, time 2726.42ms, mfu 64.10%
iter 32740: loss 3.7735, time 2727.86ms, mfu 64.10%
iter 32750: loss 3.7790, time 2728.58ms, mfu 64.09%
iter 32760: loss 3.7308, time 2727.41ms, mfu 64.09%
iter 32770: loss 3.7443, time 2727.72ms, mfu 64.08%
iter 32780: loss 3.8598, time 2721.50ms, mfu 64.09%
iter 32790: loss 3.7807, time 2725.58ms, mfu 64.09%
iter 32800: loss 3.7504, time 2724.67ms, mfu 64.10%
iter 32810: loss 3.7741, time 2725.97ms, mfu 64.10%
iter 32820: loss 3.8416, time 2724.06ms, mfu 64.10%
iter 32830: loss 3.7388, time 2723.49ms, mfu 64.11%
iter 32840: loss 3.7811, time 2725.36ms, mfu 64.11%
iter 32850: loss 3.6289, time 2725.37ms, mfu 64.11%
iter 32860: loss 3.8056, time 2729.45ms, mfu 64.10%
iter 32870: loss 3.8010, time 2726.31ms, mfu 64.10%
iter 32880: loss 3.8260, time 2727.44ms, mfu 64.09%
iter 32890: loss 3.7407, time 2728.19ms, mfu 64.09%
iter 32900: loss 3.8251, time 2727.68ms, mfu 64.08%
iter 32910: loss 3.8153, time 2730.26ms, mfu 64.07%
iter 32920: loss 3.6924, time 2720.61ms, mfu 64.09%
iter 32930: loss 3.7794, time 2729.12ms, mfu 64.08%
iter 32940: loss 3.6745, time 2727.36ms, mfu 64.08%
iter 32950: loss 3.8289, time 2727.01ms, mfu 64.08%
iter 32960: loss 3.8396, time 2732.32ms, mfu 64.06%
iter 32970: loss 3.7960, time 2723.72ms, mfu 64.07%
iter 32980: loss 3.7045, time 2730.56ms, mfu 64.06%
iter 32990: loss 3.8151, time 2724.44ms, mfu 64.07%
step 33000: train loss 3.6325, val loss 3.6458
saving checkpoint to /net/scratch2/junyuren/nanoGPT-manifold/out-openwebtext-baseline
iter 33000: loss 3.7629, time 18787.32ms, mfu 58.59%
iter 33010: loss 3.8409, time 2728.51ms, mfu 59.14%
iter 33020: loss 3.7462, time 2736.91ms, mfu 59.61%
iter 33030: loss 3.7700, time 2740.34ms, mfu 60.02%
iter 33040: loss 3.7435, time 2741.36ms, mfu 60.39%
iter 33050: loss 3.7872, time 2739.08ms, mfu 60.73%
iter 33060: loss 3.8113, time 2741.22ms, mfu 61.03%
iter 33070: loss 3.7433, time 2738.18ms, mfu 61.31%
iter 33080: loss 3.8084, time 2735.10ms, mfu 61.57%
iter 33090: loss 3.7569, time 2737.50ms, mfu 61.79%
iter 33100: loss 3.7549, time 2737.80ms, mfu 62.00%
iter 33110: loss 3.8237, time 2744.03ms, mfu 62.16%
iter 33120: loss 3.7138, time 2739.12ms, mfu 62.32%
iter 33130: loss 3.7416, time 2741.29ms, mfu 62.47%
iter 33140: loss 3.8784, time 2739.59ms, mfu 62.60%
iter 33150: loss 3.8023, time 2738.71ms, mfu 62.72%
iter 33160: loss 3.7396, time 2740.15ms, mfu 62.82%
iter 33170: loss 3.8198, time 2739.91ms, mfu 62.92%
iter 33180: loss 3.8302, time 2741.66ms, mfu 63.00%
iter 33190: loss 3.8122, time 2742.71ms, mfu 63.07%
iter 33200: loss 3.7865, time 2741.91ms, mfu 63.13%
iter 33210: loss 3.6806, time 2738.46ms, mfu 63.20%
iter 33220: loss 3.8194, time 2735.77ms, mfu 63.27%
iter 33230: loss 3.7390, time 2741.59ms, mfu 63.31%
iter 33240: loss 3.8124, time 2745.34ms, mfu 63.34%
iter 33250: loss 3.8951, time 2739.51ms, mfu 63.39%
iter 33260: loss 3.8755, time 2743.60ms, mfu 63.42%
iter 33270: loss 3.7954, time 2739.59ms, mfu 63.45%
iter 33280: loss 3.7149, time 2739.75ms, mfu 63.48%
iter 33290: loss 3.6684, time 2741.73ms, mfu 63.51%
iter 33300: loss 3.6653, time 2740.46ms, mfu 63.53%
iter 33310: loss 3.7300, time 2738.54ms, mfu 63.56%
iter 33320: loss 3.6444, time 2739.78ms, mfu 63.58%
iter 33330: loss 3.7712, time 2740.74ms, mfu 63.60%
iter 33340: loss 3.7916, time 2740.85ms, mfu 63.61%
iter 33350: loss 3.8011, time 2743.73ms, mfu 63.62%
iter 33360: loss 3.7887, time 2741.28ms, mfu 63.63%
iter 33370: loss 3.8468, time 2742.15ms, mfu 63.64%
iter 33380: loss 3.7451, time 2738.58ms, mfu 63.65%
iter 33390: loss 3.8343, time 2743.73ms, mfu 63.66%
iter 33400: loss 3.7488, time 2744.64ms, mfu 63.66%
iter 33410: loss 3.7364, time 2742.22ms, mfu 63.66%
iter 33420: loss 3.7693, time 2744.11ms, mfu 63.66%
iter 33430: loss 3.7942, time 2737.68ms, mfu 63.68%
iter 33440: loss 3.8088, time 2740.17ms, mfu 63.69%
iter 33450: loss 3.7231, time 2740.33ms, mfu 63.69%
iter 33460: loss 3.8980, time 2741.13ms, mfu 63.70%
iter 33470: loss 3.8543, time 2740.42ms, mfu 63.70%
iter 33480: loss 3.7720, time 2742.15ms, mfu 63.70%
iter 33490: loss 3.8267, time 2739.23ms, mfu 63.71%
iter 33500: loss 3.8056, time 2742.86ms, mfu 63.71%
iter 33510: loss 3.7759, time 2736.24ms, mfu 63.73%
iter 33520: loss 3.7446, time 2738.85ms, mfu 63.73%
iter 33530: loss 3.8054, time 2734.10ms, mfu 63.75%
iter 33540: loss 3.7237, time 2736.25ms, mfu 63.76%
iter 33550: loss 3.8324, time 2739.31ms, mfu 63.76%
iter 33560: loss 3.8132, time 2732.32ms, mfu 63.78%
iter 33570: loss 3.7601, time 2741.13ms, mfu 63.78%
iter 33580: loss 3.7619, time 2739.34ms, mfu 63.78%
iter 33590: loss 3.7462, time 2739.65ms, mfu 63.78%
iter 33600: loss 3.8548, time 2735.42ms, mfu 63.79%
iter 33610: loss 3.7162, time 2738.07ms, mfu 63.79%
iter 33620: loss 3.7261, time 2739.23ms, mfu 63.79%
iter 33630: loss 3.7307, time 2737.90ms, mfu 63.79%
iter 33640: loss 3.7557, time 2741.35ms, mfu 63.78%
iter 33650: loss 3.7932, time 2742.54ms, mfu 63.78%
iter 33660: loss 3.7500, time 2740.14ms, mfu 63.77%
iter 33670: loss 3.7611, time 2739.30ms, mfu 63.78%
iter 33680: loss 3.7310, time 2741.58ms, mfu 63.77%
iter 33690: loss 3.7454, time 2739.12ms, mfu 63.77%
iter 33700: loss 3.8249, time 2738.57ms, mfu 63.77%
iter 33710: loss 3.7772, time 2737.32ms, mfu 63.78%
iter 33720: loss 3.7024, time 2739.35ms, mfu 63.78%
iter 33730: loss 3.7629, time 2740.31ms, mfu 63.78%
iter 33740: loss 3.8407, time 2738.33ms, mfu 63.78%
iter 33750: loss 3.7993, time 2744.14ms, mfu 63.77%
iter 33760: loss 3.8451, time 2738.39ms, mfu 63.77%
iter 33770: loss 3.7099, time 2741.96ms, mfu 63.77%
iter 33780: loss 3.7168, time 2735.94ms, mfu 63.78%
iter 33790: loss 3.8312, time 2737.41ms, mfu 63.78%
iter 33800: loss 3.7725, time 2740.10ms, mfu 63.78%
iter 33810: loss 3.7592, time 2738.00ms, mfu 63.78%
iter 33820: loss 3.8548, time 2738.31ms, mfu 63.78%
iter 33830: loss 3.6972, time 2739.68ms, mfu 63.78%
iter 33840: loss 3.8308, time 2737.97ms, mfu 63.79%
iter 33850: loss 3.7903, time 2740.35ms, mfu 63.78%
iter 33860: loss 3.8177, time 2741.58ms, mfu 63.78%
iter 33870: loss 3.8724, time 2739.56ms, mfu 63.78%
iter 33880: loss 3.7357, time 2737.67ms, mfu 63.78%
iter 33890: loss 3.9549, time 2740.20ms, mfu 63.78%
iter 33900: loss 3.8251, time 2741.68ms, mfu 63.77%
iter 33910: loss 3.8320, time 2739.63ms, mfu 63.77%
iter 33920: loss 3.8360, time 2741.42ms, mfu 63.77%
iter 33930: loss 3.7874, time 2743.97ms, mfu 63.76%
iter 33940: loss 3.8097, time 2741.85ms, mfu 63.76%
iter 33950: loss 3.7709, time 2742.00ms, mfu 63.75%
iter 33960: loss 3.8401, time 2739.32ms, mfu 63.75%
iter 33970: loss 3.7780, time 2738.61ms, mfu 63.76%
iter 33980: loss 3.7182, time 2736.79ms, mfu 63.77%
iter 33990: loss 3.7001, time 2739.26ms, mfu 63.77%
step 34000: train loss 3.6392, val loss 3.6491
saving checkpoint to /net/scratch2/junyuren/nanoGPT-manifold/out-openwebtext-baseline
iter 34000: loss 3.7208, time 19245.13ms, mfu 58.30%
iter 34010: loss 3.8411, time 2731.71ms, mfu 58.87%
iter 34020: loss 3.7622, time 2744.40ms, mfu 59.35%
iter 34030: loss 3.7187, time 2741.26ms, mfu 59.78%
iter 34040: loss 3.8012, time 2734.44ms, mfu 60.20%
iter 34050: loss 3.8166, time 2738.01ms, mfu 60.56%
iter 34060: loss 3.7712, time 2740.80ms, mfu 60.88%
iter 34070: loss 3.7325, time 2735.98ms, mfu 61.17%
iter 34080: loss 3.8279, time 2735.24ms, mfu 61.44%
iter 34090: loss 3.7904, time 2737.58ms, mfu 61.68%
iter 34100: loss 3.8425, time 2733.37ms, mfu 61.91%
iter 34110: loss 3.6834, time 2736.13ms, mfu 62.10%
iter 34120: loss 3.7763, time 2736.89ms, mfu 62.27%
iter 34130: loss 3.8014, time 2736.02ms, mfu 62.43%
iter 34140: loss 3.7824, time 2736.69ms, mfu 62.57%
iter 34150: loss 3.8059, time 2741.04ms, mfu 62.69%
iter 34160: loss 3.8220, time 2737.14ms, mfu 62.80%
iter 34170: loss 3.7820, time 2737.92ms, mfu 62.90%
iter 34180: loss 3.8298, time 2740.07ms, mfu 62.99%
iter 34190: loss 3.7589, time 2734.67ms, mfu 63.08%
iter 34200: loss 3.8499, time 2736.61ms, mfu 63.16%
iter 34210: loss 3.6971, time 2737.76ms, mfu 63.22%
iter 34220: loss 3.8387, time 2737.25ms, mfu 63.28%
iter 34230: loss 3.8588, time 2731.27ms, mfu 63.35%
iter 34240: loss 3.8000, time 2735.70ms, mfu 63.40%
iter 34250: loss 3.8022, time 2735.34ms, mfu 63.45%
iter 34260: loss 3.7358, time 2734.40ms, mfu 63.49%
iter 34270: loss 3.7035, time 2738.79ms, mfu 63.52%
iter 34280: loss 3.7370, time 2731.12ms, mfu 63.57%
iter 34290: loss 3.7552, time 2734.31ms, mfu 63.60%
iter 34300: loss 3.7807, time 2735.50ms, mfu 63.63%
iter 34310: loss 3.8030, time 2733.63ms, mfu 63.66%
iter 34320: loss 3.7477, time 2735.24ms, mfu 63.68%
iter 34330: loss 3.8570, time 2738.76ms, mfu 63.69%
iter 34340: loss 3.8169, time 2736.92ms, mfu 63.71%
iter 34350: loss 3.7738, time 2734.83ms, mfu 63.72%
iter 34360: loss 3.8019, time 2735.54ms, mfu 63.74%
iter 34370: loss 3.8208, time 2734.81ms, mfu 63.75%
iter 34380: loss 3.7737, time 2736.33ms, mfu 63.76%
iter 34390: loss 3.8024, time 2737.38ms, mfu 63.77%
iter 34400: loss 3.7983, time 2741.68ms, mfu 63.76%
iter 34410: loss 3.8318, time 2737.63ms, mfu 63.77%
iter 34420: loss 3.8402, time 2738.90ms, mfu 63.77%
iter 34430: loss 3.7336, time 2736.95ms, mfu 63.78%
iter 34440: loss 3.7355, time 2737.09ms, mfu 63.78%
iter 34450: loss 3.7584, time 2736.17ms, mfu 63.79%
iter 34460: loss 3.7549, time 2735.02ms, mfu 63.80%
iter 34470: loss 3.7008, time 2737.31ms, mfu 63.80%
iter 34480: loss 3.7919, time 2734.20ms, mfu 63.81%
iter 34490: loss 3.7258, time 2736.63ms, mfu 63.82%
iter 34500: loss 3.7427, time 2737.53ms, mfu 63.82%
iter 34510: loss 3.7649, time 2735.18ms, mfu 63.82%
iter 34520: loss 3.8257, time 2739.25ms, mfu 63.82%
iter 34530: loss 3.7216, time 2734.02ms, mfu 63.83%
iter 34540: loss 3.7804, time 2738.91ms, mfu 63.82%
iter 34550: loss 3.8134, time 2738.45ms, mfu 63.82%
iter 34560: loss 3.7592, time 2737.49ms, mfu 63.82%
iter 34570: loss 3.7260, time 2735.90ms, mfu 63.82%
iter 34580: loss 3.7848, time 2737.59ms, mfu 63.82%
iter 34590: loss 3.8076, time 2737.45ms, mfu 63.82%
iter 34600: loss 3.7737, time 2738.14ms, mfu 63.82%
iter 34610: loss 3.7110, time 2738.17ms, mfu 63.82%
iter 34620: loss 3.8283, time 2736.64ms, mfu 63.82%
iter 34630: loss 3.7967, time 2735.87ms, mfu 63.83%
iter 34640: loss 3.8501, time 2738.83ms, mfu 63.82%
iter 34650: loss 3.8245, time 2738.51ms, mfu 63.82%
iter 34660: loss 3.8527, time 2736.14ms, mfu 63.82%
iter 34670: loss 3.7792, time 2734.07ms, mfu 63.83%
iter 34680: loss 3.8465, time 2737.99ms, mfu 63.83%
iter 34690: loss 3.7974, time 2739.12ms, mfu 63.83%
iter 34700: loss 3.6662, time 2736.59ms, mfu 63.83%
iter 34710: loss 3.8129, time 2737.19ms, mfu 63.83%
iter 34720: loss 3.7477, time 2737.99ms, mfu 63.83%
iter 34730: loss 3.8566, time 2735.83ms, mfu 63.83%
iter 34740: loss 3.7462, time 2734.55ms, mfu 63.84%
iter 34750: loss 3.7602, time 2738.29ms, mfu 63.83%
iter 34760: loss 3.6970, time 2739.10ms, mfu 63.83%
iter 34770: loss 3.7895, time 2738.45ms, mfu 63.83%
iter 34780: loss 3.7463, time 2739.27ms, mfu 63.82%
iter 34790: loss 3.7715, time 2738.23ms, mfu 63.82%
iter 34800: loss 3.7534, time 2738.16ms, mfu 63.82%
iter 34810: loss 3.7928, time 2738.13ms, mfu 63.82%
iter 34820: loss 3.6985, time 2738.40ms, mfu 63.82%
iter 34830: loss 3.8178, time 2740.79ms, mfu 63.81%
iter 34840: loss 3.8578, time 2734.82ms, mfu 63.82%
iter 34850: loss 3.7249, time 2739.16ms, mfu 63.81%
iter 34860: loss 3.7900, time 2739.70ms, mfu 63.81%
iter 34870: loss 3.8078, time 2740.18ms, mfu 63.80%
iter 34880: loss 3.7862, time 2738.66ms, mfu 63.80%
iter 34890: loss 3.8382, time 2735.70ms, mfu 63.81%
iter 34900: loss 3.7536, time 2735.89ms, mfu 63.81%
iter 34910: loss 3.7578, time 2737.74ms, mfu 63.81%
iter 34920: loss 3.7212, time 2738.56ms, mfu 63.81%
iter 34930: loss 3.7058, time 2732.88ms, mfu 63.82%
iter 34940: loss 3.7151, time 2737.38ms, mfu 63.82%
iter 34950: loss 3.7451, time 2738.72ms, mfu 63.82%
iter 34960: loss 3.7299, time 2734.05ms, mfu 63.83%
iter 34970: loss 3.8047, time 2738.17ms, mfu 63.83%
iter 34980: loss 3.7770, time 2735.97ms, mfu 63.83%
iter 34990: loss 3.8181, time 2736.81ms, mfu 63.83%
step 35000: train loss 3.6315, val loss 3.6405
saving checkpoint to /net/scratch2/junyuren/nanoGPT-manifold/out-openwebtext-baseline
iter 35000: loss 3.8479, time 18839.05ms, mfu 58.38%
iter 35010: loss 3.7355, time 2732.99ms, mfu 58.93%
iter 35020: loss 3.8440, time 2747.46ms, mfu 59.40%
iter 35030: loss 3.8165, time 2741.68ms, mfu 59.83%
iter 35040: loss 3.7676, time 2741.12ms, mfu 60.22%
iter 35050: loss 3.7567, time 2737.33ms, mfu 60.58%
iter 35060: loss 3.7411, time 2737.38ms, mfu 60.91%
iter 35070: loss 3.7445, time 2736.95ms, mfu 61.20%
iter 35080: loss 3.7852, time 2735.60ms, mfu 61.47%
iter 35090: loss 3.7258, time 2738.46ms, mfu 61.70%
iter 35100: loss 3.8098, time 2736.79ms, mfu 61.91%
iter 35110: loss 3.8208, time 2736.10ms, mfu 62.11%
iter 35120: loss 3.8174, time 2736.05ms, mfu 62.28%
iter 35130: loss 3.7929, time 2739.84ms, mfu 62.43%
iter 35140: loss 3.7431, time 2737.17ms, mfu 62.57%
iter 35150: loss 3.7028, time 2736.69ms, mfu 62.70%
iter 35160: loss 3.8500, time 2737.15ms, mfu 62.81%
iter 35170: loss 3.7870, time 2738.90ms, mfu 62.91%
iter 35180: loss 3.8315, time 2735.62ms, mfu 63.00%
iter 35190: loss 3.7367, time 2739.24ms, mfu 63.08%
iter 35200: loss 3.7935, time 2736.16ms, mfu 63.16%
iter 35210: loss 3.7812, time 2735.30ms, mfu 63.23%
iter 35220: loss 3.7401, time 2738.74ms, mfu 63.29%
iter 35230: loss 3.7676, time 2735.45ms, mfu 63.35%
iter 35240: loss 3.7338, time 2739.77ms, mfu 63.39%
iter 35250: loss 3.7996, time 2737.07ms, mfu 63.43%
iter 35260: loss 3.6991, time 2735.46ms, mfu 63.48%
iter 35270: loss 3.8148, time 2739.34ms, mfu 63.51%
iter 35280: loss 3.8438, time 2738.95ms, mfu 63.53%
iter 35290: loss 3.8702, time 2737.99ms, mfu 63.56%
iter 35300: loss 3.7474, time 2738.21ms, mfu 63.59%
iter 35310: loss 3.7581, time 2741.03ms, mfu 63.60%
iter 35320: loss 3.8087, time 2736.91ms, mfu 63.63%
iter 35330: loss 3.8312, time 2740.75ms, mfu 63.64%
iter 35340: loss 3.7408, time 2737.60ms, mfu 63.66%
iter 35350: loss 3.8278, time 2736.70ms, mfu 63.67%
iter 35360: loss 3.6867, time 2741.95ms, mfu 63.68%
iter 35370: loss 3.7187, time 2736.46ms, mfu 63.70%
iter 35380: loss 3.7309, time 2742.29ms, mfu 63.70%
iter 35390: loss 3.8050, time 2739.35ms, mfu 63.71%
iter 35400: loss 3.7337, time 2738.43ms, mfu 63.72%
iter 35410: loss 3.7561, time 2740.13ms, mfu 63.72%
iter 35420: loss 3.7806, time 2741.80ms, mfu 63.72%
iter 35430: loss 3.7199, time 2740.64ms, mfu 63.72%
iter 35440: loss 3.8704, time 2742.51ms, mfu 63.72%
iter 35450: loss 3.8243, time 2741.46ms, mfu 63.72%
iter 35460: loss 3.7733, time 2743.13ms, mfu 63.72%
iter 35470: loss 3.7626, time 2741.46ms, mfu 63.72%
iter 35480: loss 3.8427, time 2743.16ms, mfu 63.72%
iter 35490: loss 3.6678, time 2744.87ms, mfu 63.71%
iter 35500: loss 3.7118, time 2739.89ms, mfu 63.72%
iter 35510: loss 3.7662, time 2743.51ms, mfu 63.71%
iter 35520: loss 3.7104, time 2741.96ms, mfu 63.71%
iter 35530: loss 3.7905, time 2746.15ms, mfu 63.70%
iter 35540: loss 3.8187, time 2741.13ms, mfu 63.71%
iter 35550: loss 3.7377, time 2745.78ms, mfu 63.70%
iter 35560: loss 3.7653, time 2739.69ms, mfu 63.71%
iter 35570: loss 3.7750, time 2742.09ms, mfu 63.71%
iter 35580: loss 3.7293, time 2741.67ms, mfu 63.71%
iter 35590: loss 3.7210, time 2742.44ms, mfu 63.71%
iter 35600: loss 3.7756, time 2744.47ms, mfu 63.70%
iter 35610: loss 3.7993, time 2741.08ms, mfu 63.71%
iter 35620: loss 3.7985, time 2742.44ms, mfu 63.71%
iter 35630: loss 3.7990, time 2746.74ms, mfu 63.70%
iter 35640: loss 3.6291, time 2743.83ms, mfu 63.70%
iter 35650: loss 3.7981, time 2740.81ms, mfu 63.70%
iter 35660: loss 3.7687, time 2743.84ms, mfu 63.70%
iter 35670: loss 3.8216, time 2743.13ms, mfu 63.70%
iter 35680: loss 3.7602, time 2745.45ms, mfu 63.69%
iter 35690: loss 3.6956, time 2743.63ms, mfu 63.69%
iter 35700: loss 3.7536, time 2740.92ms, mfu 63.70%
iter 35710: loss 3.7678, time 2747.74ms, mfu 63.68%
iter 35720: loss 3.7510, time 2742.62ms, mfu 63.69%
iter 35730: loss 3.7895, time 2743.45ms, mfu 63.69%
iter 35740: loss 3.8123, time 2748.27ms, mfu 63.67%
iter 35750: loss 3.7295, time 2742.43ms, mfu 63.68%
iter 35760: loss 3.8613, time 2742.75ms, mfu 63.68%
iter 35770: loss 3.7549, time 2745.12ms, mfu 63.68%
iter 35780: loss 3.7036, time 2740.16ms, mfu 63.69%
iter 35790: loss 3.7400, time 2742.77ms, mfu 63.69%
iter 35800: loss 3.7359, time 2740.23ms, mfu 63.69%
iter 35810: loss 3.7712, time 2740.39ms, mfu 63.70%
iter 35820: loss 3.7884, time 2740.63ms, mfu 63.71%
iter 35830: loss 3.7878, time 2742.23ms, mfu 63.71%
iter 35840: loss 3.8474, time 2744.07ms, mfu 63.70%
iter 35850: loss 3.8357, time 2743.74ms, mfu 63.70%
iter 35860: loss 3.7044, time 2741.59ms, mfu 63.70%
iter 35870: loss 3.8004, time 2742.14ms, mfu 63.70%
iter 35880: loss 3.7864, time 2740.87ms, mfu 63.71%
iter 35890: loss 3.8050, time 2738.31ms, mfu 63.72%
iter 35900: loss 3.8710, time 2740.09ms, mfu 63.72%
iter 35910: loss 3.7403, time 2740.42ms, mfu 63.73%
iter 35920: loss 3.7226, time 2737.52ms, mfu 63.73%
iter 35930: loss 3.8854, time 2744.55ms, mfu 63.73%
iter 35940: loss 3.8184, time 2741.36ms, mfu 63.73%
iter 35950: loss 3.7417, time 2743.33ms, mfu 63.72%
iter 35960: loss 3.8341, time 2740.91ms, mfu 63.73%
iter 35970: loss 3.8486, time 2741.54ms, mfu 63.73%
iter 35980: loss 3.8347, time 2739.09ms, mfu 63.73%
iter 35990: loss 3.7696, time 2739.43ms, mfu 63.74%
step 36000: train loss 3.6329, val loss 3.6397
saving checkpoint to /net/scratch2/junyuren/nanoGPT-manifold/out-openwebtext-baseline
iter 36000: loss 3.8035, time 18882.68ms, mfu 58.29%
iter 36010: loss 3.7051, time 2737.67ms, mfu 58.84%
iter 36020: loss 3.8093, time 2742.79ms, mfu 59.33%
iter 36030: loss 3.7070, time 2745.70ms, mfu 59.76%
iter 36040: loss 3.7867, time 2745.61ms, mfu 60.15%
iter 36050: loss 3.6606, time 2744.68ms, mfu 60.50%
iter 36060: loss 3.8154, time 2743.27ms, mfu 60.82%
iter 36070: loss 3.7272, time 2743.82ms, mfu 61.10%
iter 36080: loss 3.6287, time 2743.66ms, mfu 61.36%
iter 36090: loss 3.7639, time 2744.33ms, mfu 61.59%
iter 36100: loss 3.7845, time 2746.19ms, mfu 61.79%
iter 36110: loss 3.7220, time 2747.82ms, mfu 61.97%
iter 36120: loss 3.7604, time 2745.87ms, mfu 62.14%
iter 36130: loss 3.7119, time 2745.39ms, mfu 62.29%
iter 36140: loss 3.7984, time 2750.51ms, mfu 62.41%
iter 36150: loss 3.7782, time 2747.76ms, mfu 62.53%
iter 36160: loss 3.7197, time 2743.27ms, mfu 62.64%
iter 36170: loss 3.8556, time 2743.31ms, mfu 62.75%
iter 36180: loss 3.7561, time 2745.81ms, mfu 62.84%
iter 36190: loss 3.7973, time 2744.74ms, mfu 62.92%
iter 36200: loss 3.8008, time 2745.39ms, mfu 62.99%
iter 36210: loss 3.8390, time 2745.89ms, mfu 63.05%
iter 36220: loss 3.7092, time 2743.60ms, mfu 63.12%
iter 36230: loss 3.7488, time 2749.77ms, mfu 63.16%
iter 36240: loss 3.7542, time 2745.03ms, mfu 63.21%
iter 36250: loss 3.7632, time 2746.61ms, mfu 63.25%
iter 36260: loss 3.8208, time 2748.35ms, mfu 63.28%
iter 36270: loss 3.8262, time 2751.02ms, mfu 63.30%
iter 36280: loss 3.6844, time 2745.60ms, mfu 63.34%
iter 36290: loss 3.8152, time 2745.56ms, mfu 63.37%
iter 36300: loss 3.7476, time 2747.34ms, mfu 63.39%
iter 36310: loss 3.7447, time 2736.62ms, mfu 63.43%
iter 36320: loss 3.8392, time 2736.12ms, mfu 63.48%
iter 36330: loss 3.7348, time 2736.41ms, mfu 63.51%
iter 36340: loss 3.7457, time 2731.82ms, mfu 63.56%
iter 36350: loss 3.7603, time 2730.51ms, mfu 63.60%
iter 36360: loss 3.6699, time 2726.19ms, mfu 63.65%
iter 36370: loss 3.7647, time 2732.80ms, mfu 63.68%
iter 36380: loss 3.7620, time 2732.04ms, mfu 63.70%
iter 36390: loss 3.7350, time 2732.36ms, mfu 63.73%
iter 36400: loss 3.7708, time 2730.39ms, mfu 63.75%
iter 36410: loss 3.8053, time 2731.93ms, mfu 63.77%
iter 36420: loss 3.7367, time 2734.05ms, mfu 63.79%
iter 36430: loss 3.7342, time 2729.48ms, mfu 63.81%
iter 36440: loss 3.7907, time 2728.28ms, mfu 63.83%
iter 36450: loss 3.7915, time 2730.31ms, mfu 63.85%
iter 36460: loss 3.7509, time 2729.84ms, mfu 63.86%
iter 36470: loss 3.7557, time 2729.46ms, mfu 63.88%
iter 36480: loss 3.7982, time 2732.51ms, mfu 63.88%
iter 36490: loss 3.7818, time 2730.44ms, mfu 63.89%
iter 36500: loss 3.6461, time 2728.61ms, mfu 63.91%
iter 36510: loss 3.8087, time 2729.70ms, mfu 63.92%
iter 36520: loss 3.8278, time 2728.03ms, mfu 63.93%
iter 36530: loss 3.8257, time 2734.22ms, mfu 63.93%
iter 36540: loss 3.7886, time 2733.49ms, mfu 63.93%
iter 36550: loss 3.7978, time 2731.81ms, mfu 63.93%
iter 36560: loss 3.7730, time 2734.54ms, mfu 63.93%
iter 36570: loss 3.7486, time 2729.60ms, mfu 63.93%
iter 36580: loss 3.6950, time 2735.08ms, mfu 63.93%
iter 36590: loss 3.8203, time 2731.80ms, mfu 63.93%
iter 36600: loss 3.8105, time 2735.47ms, mfu 63.93%
iter 36610: loss 3.8438, time 2730.61ms, mfu 63.93%
iter 36620: loss 3.7438, time 2735.49ms, mfu 63.92%
iter 36630: loss 3.7325, time 2729.92ms, mfu 63.93%
iter 36640: loss 3.7954, time 2732.35ms, mfu 63.93%
iter 36650: loss 3.8612, time 2729.51ms, mfu 63.94%
iter 36660: loss 3.8224, time 2732.61ms, mfu 63.94%
iter 36670: loss 3.8348, time 2737.96ms, mfu 63.93%
iter 36680: loss 3.7826, time 2734.86ms, mfu 63.92%
iter 36690: loss 3.8160, time 2732.65ms, mfu 63.92%
iter 36700: loss 3.7803, time 2731.95ms, mfu 63.93%
iter 36710: loss 3.6505, time 2732.32ms, mfu 63.93%
iter 36720: loss 3.8172, time 2727.05ms, mfu 63.94%
iter 36730: loss 3.8348, time 2726.85ms, mfu 63.96%
iter 36740: loss 3.7705, time 2734.54ms, mfu 63.95%
iter 36750: loss 3.7802, time 2730.35ms, mfu 63.95%
iter 36760: loss 3.8454, time 2732.42ms, mfu 63.95%
iter 36770: loss 3.7961, time 2732.39ms, mfu 63.95%
iter 36780: loss 3.7561, time 2736.08ms, mfu 63.94%
iter 36790: loss 3.8731, time 2731.41ms, mfu 63.94%
iter 36800: loss 3.7446, time 2728.90ms, mfu 63.95%
iter 36810: loss 3.8213, time 2730.54ms, mfu 63.96%
iter 36820: loss 3.7663, time 2732.50ms, mfu 63.95%
iter 36830: loss 3.6405, time 2731.37ms, mfu 63.96%
iter 36840: loss 3.7376, time 2738.00ms, mfu 63.94%
iter 36850: loss 3.7149, time 2733.92ms, mfu 63.94%
iter 36860: loss 3.8078, time 2733.14ms, mfu 63.94%
iter 36870: loss 3.7681, time 2735.60ms, mfu 63.93%
iter 36880: loss 3.7925, time 2732.63ms, mfu 63.93%
iter 36890: loss 3.7956, time 2732.42ms, mfu 63.93%
iter 36900: loss 3.7273, time 2732.43ms, mfu 63.93%
iter 36910: loss 3.8035, time 2731.87ms, mfu 63.93%
iter 36920: loss 3.7978, time 2730.83ms, mfu 63.94%
iter 36930: loss 3.8206, time 2731.84ms, mfu 63.94%
iter 36940: loss 3.6925, time 2734.00ms, mfu 63.94%
iter 36950: loss 3.8269, time 2731.52ms, mfu 63.94%
iter 36960: loss 3.7142, time 2731.59ms, mfu 63.94%
iter 36970: loss 3.7184, time 2732.35ms, mfu 63.94%
iter 36980: loss 3.7234, time 2733.61ms, mfu 63.94%
iter 36990: loss 3.8486, time 2733.69ms, mfu 63.94%
step 37000: train loss 3.6540, val loss 3.6505
saving checkpoint to /net/scratch2/junyuren/nanoGPT-manifold/out-openwebtext-baseline
iter 37000: loss 3.7737, time 18864.73ms, mfu 58.47%
iter 37010: loss 3.8194, time 2730.35ms, mfu 59.02%
iter 37020: loss 3.6733, time 2741.62ms, mfu 59.49%
iter 37030: loss 3.7810, time 2741.12ms, mfu 59.92%
iter 37040: loss 3.7648, time 2745.43ms, mfu 60.29%
iter 37050: loss 3.8112, time 2746.11ms, mfu 60.62%
iter 37060: loss 3.7726, time 2741.09ms, mfu 60.93%
iter 37070: loss 3.8436, time 2745.58ms, mfu 61.20%
iter 37080: loss 3.7567, time 2742.87ms, mfu 61.45%
iter 37090: loss 3.6300, time 2744.08ms, mfu 61.67%
iter 37100: loss 3.7118, time 2747.09ms, mfu 61.87%
iter 37110: loss 3.8001, time 2743.53ms, mfu 62.05%
iter 37120: loss 3.7905, time 2744.47ms, mfu 62.21%
iter 37130: loss 3.7993, time 2749.27ms, mfu 62.34%
iter 37140: loss 3.8924, time 2745.72ms, mfu 62.47%
iter 37150: loss 3.8350, time 2745.12ms, mfu 62.59%
iter 37160: loss 3.8590, time 2744.89ms, mfu 62.70%
iter 37170: loss 3.7870, time 2748.62ms, mfu 62.78%
iter 37180: loss 3.7219, time 2744.62ms, mfu 62.87%
iter 37190: loss 3.7751, time 2747.09ms, mfu 62.94%
iter 37200: loss 3.8252, time 2745.88ms, mfu 63.01%
iter 37210: loss 3.8309, time 2746.63ms, mfu 63.07%
iter 37220: loss 3.6739, time 2737.40ms, mfu 63.15%
iter 37230: loss 3.7981, time 2732.18ms, mfu 63.23%
iter 37240: loss 3.7973, time 2737.93ms, mfu 63.29%
iter 37250: loss 3.7340, time 2735.17ms, mfu 63.34%
iter 37260: loss 3.8194, time 2735.86ms, mfu 63.40%
iter 37270: loss 3.7507, time 2737.58ms, mfu 63.44%
iter 37280: loss 3.7682, time 2732.63ms, mfu 63.49%
iter 37290: loss 3.7200, time 2736.51ms, mfu 63.52%
iter 37300: loss 3.7949, time 2736.51ms, mfu 63.56%
iter 37310: loss 3.7870, time 2736.92ms, mfu 63.58%
iter 37320: loss 3.6767, time 2735.69ms, mfu 63.61%
iter 37330: loss 3.7668, time 2735.58ms, mfu 63.64%
iter 37340: loss 3.8565, time 2736.04ms, mfu 63.66%
iter 37350: loss 3.7909, time 2738.62ms, mfu 63.67%
iter 37360: loss 3.8009, time 2734.51ms, mfu 63.70%
iter 37370: loss 3.7292, time 2737.74ms, mfu 63.71%
iter 37380: loss 3.7698, time 2741.33ms, mfu 63.71%
iter 37390: loss 3.8146, time 2735.92ms, mfu 63.73%
iter 37400: loss 3.7917, time 2735.80ms, mfu 63.74%
iter 37410: loss 3.7402, time 2732.26ms, mfu 63.76%
iter 37420: loss 3.8493, time 2734.22ms, mfu 63.77%
iter 37430: loss 3.8221, time 2733.71ms, mfu 63.79%
iter 37440: loss 3.8243, time 2735.68ms, mfu 63.80%
iter 37450: loss 3.7389, time 2737.84ms, mfu 63.80%
iter 37460: loss 3.8027, time 2737.16ms, mfu 63.80%
iter 37470: loss 3.7550, time 2737.20ms, mfu 63.80%
iter 37480: loss 3.7592, time 2736.01ms, mfu 63.81%
iter 37490: loss 3.8341, time 2740.17ms, mfu 63.80%
iter 37500: loss 3.7285, time 2737.09ms, mfu 63.81%
iter 37510: loss 3.7022, time 2736.71ms, mfu 63.81%
iter 37520: loss 3.7137, time 2741.47ms, mfu 63.80%
iter 37530: loss 3.8190, time 2733.80ms, mfu 63.81%
iter 37540: loss 3.6841, time 2737.50ms, mfu 63.81%
iter 37550: loss 3.8218, time 2739.56ms, mfu 63.81%
iter 37560: loss 3.7971, time 2736.70ms, mfu 63.81%
iter 37570: loss 3.8182, time 2737.48ms, mfu 63.81%
iter 37580: loss 3.8206, time 2735.38ms, mfu 63.82%
iter 37590: loss 3.7452, time 2739.28ms, mfu 63.82%
iter 37600: loss 3.7281, time 2736.50ms, mfu 63.82%
iter 37610: loss 3.8578, time 2739.59ms, mfu 63.81%
iter 37620: loss 3.7859, time 2733.01ms, mfu 63.83%
iter 37630: loss 3.7691, time 2737.67ms, mfu 63.83%
iter 37640: loss 3.8287, time 2726.92ms, mfu 63.85%
iter 37650: loss 3.7839, time 2733.55ms, mfu 63.86%
iter 37660: loss 3.8769, time 2735.02ms, mfu 63.86%
iter 37670: loss 3.7589, time 2737.94ms, mfu 63.85%
iter 37680: loss 3.7914, time 2735.05ms, mfu 63.86%
iter 37690: loss 3.8077, time 2737.01ms, mfu 63.85%
iter 37700: loss 3.7178, time 2736.97ms, mfu 63.85%
iter 37710: loss 3.8053, time 2736.85ms, mfu 63.85%
iter 37720: loss 3.7343, time 2738.22ms, mfu 63.85%
iter 37730: loss 3.8636, time 2738.14ms, mfu 63.84%
iter 37740: loss 3.8322, time 2738.95ms, mfu 63.84%
iter 37750: loss 3.8120, time 2735.79ms, mfu 63.84%
iter 37760: loss 3.8443, time 2734.33ms, mfu 63.85%
iter 37770: loss 3.7476, time 2737.28ms, mfu 63.84%
iter 37780: loss 3.7507, time 2735.30ms, mfu 63.85%
iter 37790: loss 3.8738, time 2733.32ms, mfu 63.85%
iter 37800: loss 3.6716, time 2734.80ms, mfu 63.86%
iter 37810: loss 3.7237, time 2740.25ms, mfu 63.85%
iter 37820: loss 3.8394, time 2736.36ms, mfu 63.85%
iter 37830: loss 3.7472, time 2736.70ms, mfu 63.85%
iter 37840: loss 3.8647, time 2737.40ms, mfu 63.84%
iter 37850: loss 3.7392, time 2736.77ms, mfu 63.84%
iter 37860: loss 3.8468, time 2735.71ms, mfu 63.85%
iter 37870: loss 3.8293, time 2734.12ms, mfu 63.85%
iter 37880: loss 3.7275, time 2737.69ms, mfu 63.85%
iter 37890: loss 3.7737, time 2729.53ms, mfu 63.86%
iter 37900: loss 3.7520, time 2732.96ms, mfu 63.87%
iter 37910: loss 3.7762, time 2731.35ms, mfu 63.88%
iter 37920: loss 3.7194, time 2732.96ms, mfu 63.89%
iter 37930: loss 3.7414, time 2736.79ms, mfu 63.88%
iter 37940: loss 3.7353, time 2735.26ms, mfu 63.88%
iter 37950: loss 3.8348, time 2740.06ms, mfu 63.87%
iter 37960: loss 3.7220, time 2739.33ms, mfu 63.86%
iter 37970: loss 3.7051, time 2735.25ms, mfu 63.86%
iter 37980: loss 3.7789, time 2734.95ms, mfu 63.86%
iter 37990: loss 3.6999, time 2739.39ms, mfu 63.85%
step 38000: train loss 3.6275, val loss 3.6399
saving checkpoint to /net/scratch2/junyuren/nanoGPT-manifold/out-openwebtext-baseline
iter 38000: loss 3.7790, time 18864.63ms, mfu 58.40%
iter 38010: loss 3.7172, time 2737.85ms, mfu 58.94%
iter 38020: loss 3.7483, time 2736.75ms, mfu 59.43%
iter 38030: loss 3.8019, time 2739.69ms, mfu 59.86%
iter 38040: loss 3.7250, time 2741.34ms, mfu 60.25%
iter 38050: loss 3.7664, time 2744.58ms, mfu 60.59%
iter 38060: loss 3.7878, time 2743.07ms, mfu 60.90%
iter 38070: loss 3.7472, time 2744.05ms, mfu 61.18%
iter 38080: loss 3.7688, time 2745.00ms, mfu 61.42%
iter 38090: loss 3.8163, time 2750.30ms, mfu 61.63%
iter 38100: loss 3.8153, time 2741.13ms, mfu 61.84%
iter 38110: loss 3.7377, time 2739.63ms, mfu 62.04%
iter 38120: loss 3.7881, time 2739.77ms, mfu 62.21%
iter 38130: loss 3.7935, time 2742.79ms, mfu 62.36%
iter 38140: loss 3.8267, time 2741.35ms, mfu 62.50%
iter 38150: loss 3.8135, time 2741.54ms, mfu 62.62%
iter 38160: loss 3.8191, time 2745.23ms, mfu 62.72%
iter 38170: loss 3.7376, time 2740.74ms, mfu 62.83%
iter 38180: loss 3.8193, time 2742.55ms, mfu 62.91%
iter 38190: loss 3.7774, time 2744.85ms, mfu 62.99%
iter 38200: loss 3.7356, time 2744.22ms, mfu 63.05%
iter 38210: loss 3.7749, time 2743.53ms, mfu 63.12%
iter 38220: loss 3.6836, time 2741.96ms, mfu 63.18%
iter 38230: loss 3.8649, time 2739.63ms, mfu 63.24%
iter 38240: loss 3.8731, time 2739.23ms, mfu 63.29%
iter 38250: loss 3.7907, time 2744.19ms, mfu 63.33%
iter 38260: loss 3.7131, time 2741.11ms, mfu 63.37%
iter 38270: loss 3.7886, time 2743.59ms, mfu 63.40%
iter 38280: loss 3.7081, time 2743.67ms, mfu 63.43%
iter 38290: loss 3.7152, time 2744.09ms, mfu 63.45%
iter 38300: loss 3.7505, time 2745.94ms, mfu 63.47%
iter 38310: loss 3.7368, time 2739.87ms, mfu 63.50%
iter 38320: loss 3.7837, time 2742.00ms, mfu 63.52%
iter 38330: loss 3.8721, time 2747.00ms, mfu 63.53%
iter 38340: loss 3.7853, time 2739.04ms, mfu 63.56%
iter 38350: loss 3.7698, time 2740.19ms, mfu 63.58%
iter 38360: loss 3.8281, time 2744.60ms, mfu 63.58%
iter 38370: loss 3.7830, time 2742.25ms, mfu 63.60%
iter 38380: loss 3.7624, time 2741.68ms, mfu 63.61%
iter 38390: loss 3.8186, time 2741.57ms, mfu 63.62%
iter 38400: loss 3.7746, time 2741.72ms, mfu 63.63%
iter 38410: loss 3.8536, time 2738.88ms, mfu 63.65%
iter 38420: loss 3.7747, time 2738.90ms, mfu 63.66%
iter 38430: loss 3.7260, time 2744.58ms, mfu 63.66%
iter 38440: loss 3.8331, time 2742.65ms, mfu 63.67%
iter 38450: loss 3.8085, time 2744.62ms, mfu 63.66%
iter 38460: loss 3.7238, time 2743.16ms, mfu 63.67%
iter 38470: loss 3.7287, time 2741.83ms, mfu 63.67%
iter 38480: loss 3.7173, time 2742.60ms, mfu 63.68%
iter 38490: loss 3.8923, time 2741.80ms, mfu 63.68%
iter 38500: loss 3.8767, time 2737.30ms, mfu 63.70%
iter 38510: loss 3.7945, time 2744.96ms, mfu 63.69%
iter 38520: loss 3.8415, time 2739.44ms, mfu 63.70%
iter 38530: loss 3.8113, time 2742.19ms, mfu 63.70%
iter 38540: loss 3.7752, time 2739.99ms, mfu 63.71%
iter 38550: loss 3.6785, time 2738.34ms, mfu 63.72%
iter 38560: loss 3.8119, time 2740.13ms, mfu 63.72%
iter 38570: loss 3.6975, time 2740.87ms, mfu 63.72%
iter 38580: loss 3.7792, time 2735.90ms, mfu 63.74%
iter 38590: loss 3.7346, time 2733.90ms, mfu 63.75%
iter 38600: loss 3.8262, time 2732.56ms, mfu 63.77%
iter 38610: loss 3.8346, time 2737.27ms, mfu 63.78%
iter 38620: loss 3.8136, time 2731.98ms, mfu 63.80%
iter 38630: loss 3.7117, time 2732.04ms, mfu 63.81%
iter 38640: loss 3.7767, time 2737.86ms, mfu 63.81%
iter 38650: loss 3.8248, time 2734.51ms, mfu 63.82%
iter 38660: loss 3.8100, time 2732.98ms, mfu 63.83%
iter 38670: loss 3.7907, time 2737.90ms, mfu 63.83%
iter 38680: loss 3.8066, time 2727.49ms, mfu 63.85%
iter 38690: loss 3.7497, time 2735.80ms, mfu 63.85%
iter 38700: loss 3.7322, time 2731.62ms, mfu 63.86%
iter 38710: loss 3.7110, time 2732.38ms, mfu 63.87%
iter 38720: loss 3.7111, time 2733.38ms, mfu 63.88%
iter 38730: loss 3.8162, time 2735.40ms, mfu 63.88%
iter 38740: loss 3.7605, time 2734.22ms, mfu 63.88%
iter 38750: loss 3.7198, time 2729.87ms, mfu 63.89%
iter 38760: loss 3.7794, time 2728.94ms, mfu 63.90%
iter 38770: loss 3.7054, time 2733.02ms, mfu 63.91%
iter 38780: loss 3.8319, time 2735.66ms, mfu 63.90%
iter 38790: loss 3.7410, time 2736.58ms, mfu 63.90%
iter 38800: loss 3.7267, time 2731.65ms, mfu 63.90%
iter 38810: loss 3.7860, time 2734.00ms, mfu 63.90%
iter 38820: loss 3.8147, time 2737.02ms, mfu 63.90%
iter 38830: loss 3.8192, time 2733.42ms, mfu 63.90%
iter 38840: loss 3.7553, time 2735.18ms, mfu 63.90%
iter 38850: loss 3.7268, time 2731.99ms, mfu 63.90%
iter 38860: loss 3.7137, time 2730.85ms, mfu 63.91%
iter 38870: loss 3.8301, time 2736.06ms, mfu 63.90%
iter 38880: loss 3.8386, time 2733.84ms, mfu 63.90%
iter 38890: loss 3.7481, time 2734.28ms, mfu 63.90%
iter 38900: loss 3.7414, time 2732.77ms, mfu 63.91%
iter 38910: loss 3.7316, time 2737.61ms, mfu 63.90%
iter 38920: loss 3.7706, time 2731.16ms, mfu 63.91%
iter 38930: loss 3.7829, time 2729.81ms, mfu 63.91%
iter 38940: loss 3.6284, time 2735.00ms, mfu 63.91%
iter 38950: loss 3.7180, time 2733.07ms, mfu 63.91%
iter 38960: loss 3.8142, time 2734.12ms, mfu 63.91%
iter 38970: loss 3.7446, time 2737.81ms, mfu 63.90%
iter 38980: loss 3.7370, time 2733.32ms, mfu 63.90%
iter 38990: loss 3.7692, time 2736.62ms, mfu 63.90%
step 39000: train loss 3.6267, val loss 3.6300
saving checkpoint to /net/scratch2/junyuren/nanoGPT-manifold/out-openwebtext-baseline
iter 39000: loss 3.8301, time 18881.61ms, mfu 58.43%
iter 39010: loss 3.7967, time 2730.52ms, mfu 58.99%
iter 39020: loss 3.8964, time 2745.32ms, mfu 59.45%
iter 39030: loss 3.8513, time 2743.58ms, mfu 59.88%
iter 39040: loss 3.7911, time 2741.84ms, mfu 60.26%
iter 39050: loss 3.7660, time 2742.83ms, mfu 60.60%
iter 39060: loss 3.7769, time 2737.10ms, mfu 60.93%
iter 39070: loss 3.7716, time 2739.90ms, mfu 61.21%
iter 39080: loss 3.8650, time 2739.13ms, mfu 61.47%
iter 39090: loss 3.7683, time 2740.95ms, mfu 61.70%
iter 39100: loss 3.8241, time 2739.30ms, mfu 61.90%
iter 39110: loss 3.6500, time 2736.49ms, mfu 62.10%
iter 39120: loss 3.7793, time 2735.40ms, mfu 62.28%
iter 39130: loss 3.7843, time 2735.09ms, mfu 62.44%
iter 39140: loss 3.7254, time 2733.35ms, mfu 62.58%
iter 39150: loss 3.7800, time 2741.14ms, mfu 62.70%
iter 39160: loss 3.7358, time 2741.29ms, mfu 62.80%
iter 39170: loss 3.7972, time 2740.70ms, mfu 62.90%
iter 39180: loss 3.7366, time 2735.48ms, mfu 63.00%
iter 39190: loss 3.7490, time 2737.48ms, mfu 63.08%
iter 39200: loss 3.7970, time 2736.62ms, mfu 63.15%
iter 39210: loss 3.7212, time 2738.88ms, mfu 63.22%
iter 39220: loss 3.7787, time 2736.26ms, mfu 63.28%
iter 39230: loss 3.8193, time 2737.69ms, mfu 63.34%
iter 39240: loss 3.7816, time 2738.26ms, mfu 63.38%
iter 39250: loss 3.6970, time 2740.21ms, mfu 63.42%
iter 39260: loss 3.7315, time 2743.71ms, mfu 63.45%
iter 39270: loss 3.6690, time 2743.41ms, mfu 63.47%
iter 39280: loss 3.7830, time 2739.67ms, mfu 63.50%
iter 39290: loss 3.7270, time 2739.51ms, mfu 63.53%
iter 39300: loss 3.7886, time 2736.72ms, mfu 63.56%
iter 39310: loss 3.7774, time 2739.99ms, mfu 63.58%
iter 39320: loss 3.7122, time 2738.44ms, mfu 63.60%
iter 39330: loss 3.7391, time 2739.28ms, mfu 63.62%
iter 39340: loss 3.7761, time 2737.91ms, mfu 63.64%
iter 39350: loss 3.8916, time 2737.19ms, mfu 63.66%
iter 39360: loss 3.8074, time 2739.76ms, mfu 63.67%
iter 39370: loss 3.7574, time 2739.41ms, mfu 63.68%
iter 39380: loss 3.7392, time 2740.40ms, mfu 63.69%
iter 39390: loss 3.8083, time 2735.08ms, mfu 63.71%
iter 39400: loss 3.8186, time 2739.47ms, mfu 63.71%
iter 39410: loss 3.6814, time 2739.80ms, mfu 63.72%
iter 39420: loss 3.8354, time 2736.43ms, mfu 63.73%
iter 39430: loss 3.7420, time 2736.51ms, mfu 63.74%
iter 39440: loss 3.8345, time 2745.59ms, mfu 63.73%
iter 39450: loss 3.6936, time 2741.67ms, mfu 63.73%
iter 39460: loss 3.8185, time 2737.05ms, mfu 63.74%
iter 39470: loss 3.7843, time 2739.02ms, mfu 63.75%
iter 39480: loss 3.7863, time 2738.53ms, mfu 63.75%
iter 39490: loss 3.7959, time 2737.52ms, mfu 63.76%
iter 39500: loss 3.7986, time 2742.34ms, mfu 63.75%
iter 39510: loss 3.7651, time 2738.80ms, mfu 63.76%
iter 39520: loss 3.7736, time 2736.35ms, mfu 63.77%
iter 39530: loss 3.7582, time 2740.44ms, mfu 63.77%
iter 39540: loss 3.8159, time 2742.56ms, mfu 63.76%
iter 39550: loss 3.7599, time 2734.62ms, mfu 63.77%
iter 39560: loss 3.7687, time 2733.90ms, mfu 63.79%
iter 39570: loss 3.7933, time 2740.15ms, mfu 63.78%
iter 39580: loss 3.6733, time 2739.40ms, mfu 63.78%
iter 39590: loss 3.7507, time 2738.23ms, mfu 63.79%
iter 39600: loss 3.8040, time 2739.71ms, mfu 63.78%
iter 39610: loss 3.7359, time 2741.67ms, mfu 63.78%
iter 39620: loss 3.6798, time 2741.29ms, mfu 63.77%
iter 39630: loss 3.7581, time 2735.44ms, mfu 63.78%
iter 39640: loss 3.7857, time 2735.65ms, mfu 63.79%
iter 39650: loss 3.7891, time 2738.41ms, mfu 63.79%
iter 39660: loss 3.7350, time 2738.83ms, mfu 63.79%
iter 39670: loss 3.7621, time 2737.43ms, mfu 63.80%
iter 39680: loss 3.7062, time 2736.61ms, mfu 63.80%
iter 39690: loss 3.7490, time 2736.93ms, mfu 63.80%
iter 39700: loss 3.8556, time 2735.34ms, mfu 63.81%
iter 39710: loss 3.7263, time 2738.86ms, mfu 63.81%
iter 39720: loss 3.7756, time 2737.81ms, mfu 63.81%
iter 39730: loss 3.7511, time 2737.11ms, mfu 63.81%
iter 39740: loss 3.7664, time 2736.71ms, mfu 63.81%
iter 39750: loss 3.7306, time 2735.25ms, mfu 63.82%
iter 39760: loss 3.7513, time 2738.42ms, mfu 63.82%
iter 39770: loss 3.7062, time 2739.16ms, mfu 63.82%
iter 39780: loss 3.7838, time 2737.67ms, mfu 63.82%
iter 39790: loss 3.7363, time 2739.86ms, mfu 63.81%
iter 39800: loss 3.8295, time 2737.88ms, mfu 63.81%
iter 39810: loss 3.7440, time 2734.62ms, mfu 63.82%
iter 39820: loss 3.7781, time 2738.77ms, mfu 63.82%
iter 39830: loss 3.8302, time 2737.22ms, mfu 63.82%
iter 39840: loss 3.8306, time 2735.32ms, mfu 63.82%
iter 39850: loss 3.8192, time 2734.79ms, mfu 63.83%
iter 39860: loss 3.7033, time 2736.40ms, mfu 63.83%
iter 39870: loss 3.7730, time 2737.52ms, mfu 63.83%
iter 39880: loss 3.7962, time 2736.79ms, mfu 63.83%
iter 39890: loss 3.7346, time 2735.26ms, mfu 63.84%
iter 39900: loss 3.7330, time 2736.49ms, mfu 63.84%
iter 39910: loss 3.7478, time 2738.87ms, mfu 63.83%
iter 39920: loss 3.7549, time 2735.33ms, mfu 63.84%
iter 39930: loss 3.8066, time 2736.69ms, mfu 63.84%
iter 39940: loss 3.7945, time 2734.73ms, mfu 63.84%
iter 39950: loss 3.7954, time 2738.01ms, mfu 63.84%
iter 39960: loss 3.7661, time 2736.76ms, mfu 63.84%
iter 39970: loss 3.7561, time 2737.69ms, mfu 63.84%
iter 39980: loss 3.7449, time 2736.20ms, mfu 63.84%
iter 39990: loss 3.6914, time 2736.88ms, mfu 63.84%
step 40000: train loss 3.6352, val loss 3.6354
saving checkpoint to /net/scratch2/junyuren/nanoGPT-manifold/out-openwebtext-baseline
iter 40000: loss 3.7978, time 18833.67ms, mfu 58.38%
iter 40010: loss 3.8181, time 2737.30ms, mfu 58.93%
iter 40020: loss 3.7944, time 2744.21ms, mfu 59.40%
iter 40030: loss 3.8475, time 2740.75ms, mfu 59.84%
iter 40040: loss 3.8175, time 2742.68ms, mfu 60.22%
iter 40050: loss 3.7945, time 2736.42ms, mfu 60.58%
iter 40060: loss 3.7847, time 2736.77ms, mfu 60.91%
iter 40070: loss 3.7358, time 2739.52ms, mfu 61.20%
iter 40080: loss 3.8665, time 2734.41ms, mfu 61.47%
iter 40090: loss 3.8025, time 2733.33ms, mfu 61.71%
iter 40100: loss 3.7696, time 2733.01ms, mfu 61.93%
iter 40110: loss 3.6715, time 2733.48ms, mfu 62.13%
iter 40120: loss 3.8305, time 2737.68ms, mfu 62.30%
iter 40130: loss 3.8734, time 2734.69ms, mfu 62.46%
iter 40140: loss 3.6638, time 2735.71ms, mfu 62.60%
iter 40150: loss 3.6726, time 2733.61ms, mfu 62.73%
iter 40160: loss 3.8573, time 2735.45ms, mfu 62.85%
iter 40170: loss 3.7483, time 2737.56ms, mfu 62.94%
iter 40180: loss 3.7676, time 2737.08ms, mfu 63.03%
iter 40190: loss 3.6712, time 2736.87ms, mfu 63.11%
iter 40200: loss 3.6865, time 2731.72ms, mfu 63.20%
iter 40210: loss 3.7535, time 2733.68ms, mfu 63.27%
iter 40220: loss 3.8270, time 2734.54ms, mfu 63.33%
iter 40230: loss 3.6037, time 2731.76ms, mfu 63.39%
iter 40240: loss 3.7332, time 2737.55ms, mfu 63.44%
iter 40250: loss 3.8484, time 2738.31ms, mfu 63.47%
iter 40260: loss 3.7891, time 2733.63ms, mfu 63.52%
iter 40270: loss 3.7375, time 2733.15ms, mfu 63.56%
iter 40280: loss 3.7328, time 2733.58ms, mfu 63.59%
iter 40290: loss 3.7824, time 2732.99ms, mfu 63.63%
iter 40300: loss 3.7770, time 2737.97ms, mfu 63.65%
iter 40310: loss 3.8046, time 2734.93ms, mfu 63.67%
iter 40320: loss 3.7215, time 2731.38ms, mfu 63.70%
iter 40330: loss 3.7617, time 2735.94ms, mfu 63.71%
iter 40340: loss 3.7543, time 2738.74ms, mfu 63.72%
iter 40350: loss 3.8236, time 2739.02ms, mfu 63.73%
iter 40360: loss 3.7407, time 2739.65ms, mfu 63.73%
iter 40370: loss 3.7287, time 2736.55ms, mfu 63.74%
iter 40380: loss 3.8391, time 2735.56ms, mfu 63.76%
iter 40390: loss 3.8083, time 2733.32ms, mfu 63.77%
iter 40400: loss 3.7916, time 2741.61ms, mfu 63.77%
iter 40410: loss 3.8250, time 2737.45ms, mfu 63.77%
iter 40420: loss 3.7903, time 2733.38ms, mfu 63.79%
iter 40430: loss 3.7222, time 2731.03ms, mfu 63.81%
iter 40440: loss 3.7844, time 2731.88ms, mfu 63.82%
iter 40450: loss 3.7140, time 2728.98ms, mfu 63.84%
iter 40460: loss 3.7574, time 2732.19ms, mfu 63.85%
iter 40470: loss 3.8033, time 2736.06ms, mfu 63.85%
iter 40480: loss 3.7622, time 2735.24ms, mfu 63.86%
iter 40490: loss 3.7655, time 2735.03ms, mfu 63.86%
iter 40500: loss 3.7464, time 2735.03ms, mfu 63.86%
iter 40510: loss 3.7358, time 2731.90ms, mfu 63.87%
iter 40520: loss 3.7039, time 2738.17ms, mfu 63.86%
iter 40530: loss 3.8157, time 2734.50ms, mfu 63.87%
iter 40540: loss 3.7851, time 2732.89ms, mfu 63.87%
iter 40550: loss 3.7616, time 2734.91ms, mfu 63.87%
iter 40560: loss 3.7895, time 2732.91ms, mfu 63.88%
iter 40570: loss 3.7645, time 2731.22ms, mfu 63.89%
iter 40580: loss 3.8014, time 2732.85ms, mfu 63.89%
iter 40590: loss 3.8566, time 2734.81ms, mfu 63.89%
iter 40600: loss 3.7922, time 2731.64ms, mfu 63.90%
iter 40610: loss 3.7341, time 2734.08ms, mfu 63.90%
iter 40620: loss 3.7410, time 2733.64ms, mfu 63.90%
iter 40630: loss 3.7150, time 2732.01ms, mfu 63.91%
iter 40640: loss 3.7394, time 2736.59ms, mfu 63.90%
iter 40650: loss 3.7967, time 2730.64ms, mfu 63.91%
iter 40660: loss 3.6953, time 2735.89ms, mfu 63.90%
iter 40670: loss 3.6911, time 2732.27ms, mfu 63.91%
iter 40680: loss 3.8129, time 2732.68ms, mfu 63.91%
iter 40690: loss 3.7578, time 2735.49ms, mfu 63.91%
iter 40700: loss 3.7497, time 2736.10ms, mfu 63.90%
iter 40710: loss 3.7895, time 2734.36ms, mfu 63.90%
iter 40720: loss 3.8522, time 2736.98ms, mfu 63.89%
iter 40730: loss 3.7600, time 2730.82ms, mfu 63.90%
iter 40740: loss 3.8481, time 2734.81ms, mfu 63.90%
iter 40750: loss 3.7046, time 2734.31ms, mfu 63.90%
iter 40760: loss 3.7809, time 2733.84ms, mfu 63.90%
iter 40770: loss 3.7188, time 2735.28ms, mfu 63.90%
iter 40780: loss 3.7331, time 2736.84ms, mfu 63.89%
iter 40790: loss 3.7533, time 2735.34ms, mfu 63.89%
iter 40800: loss 3.7199, time 2739.68ms, mfu 63.88%
iter 40810: loss 3.7258, time 2734.72ms, mfu 63.88%
iter 40820: loss 3.7697, time 2736.24ms, mfu 63.88%
iter 40830: loss 3.7447, time 2733.68ms, mfu 63.88%
iter 40840: loss 3.8318, time 2733.43ms, mfu 63.88%
iter 40850: loss 3.7287, time 2734.01ms, mfu 63.89%
iter 40860: loss 3.7515, time 2732.60ms, mfu 63.89%
iter 40870: loss 3.7079, time 2734.76ms, mfu 63.89%
iter 40880: loss 3.8017, time 2732.00ms, mfu 63.90%
iter 40890: loss 3.7543, time 2736.91ms, mfu 63.89%
iter 40900: loss 3.7615, time 2730.25ms, mfu 63.90%
iter 40910: loss 3.8014, time 2732.94ms, mfu 63.90%
iter 40920: loss 3.7662, time 2733.38ms, mfu 63.91%
iter 40930: loss 3.6897, time 2733.03ms, mfu 63.91%
iter 40940: loss 3.7640, time 2732.14ms, mfu 63.91%
iter 40950: loss 3.8113, time 2730.17ms, mfu 63.92%
iter 40960: loss 3.8357, time 2734.06ms, mfu 63.92%
iter 40970: loss 3.7679, time 2732.84ms, mfu 63.92%
iter 40980: loss 3.7642, time 2732.36ms, mfu 63.92%
iter 40990: loss 3.6829, time 2732.71ms, mfu 63.92%
step 41000: train loss 3.6098, val loss 3.6150
saving checkpoint to /net/scratch2/junyuren/nanoGPT-manifold/out-openwebtext-baseline
iter 41000: loss 3.7068, time 18854.71ms, mfu 58.46%
iter 41010: loss 3.7704, time 2734.31ms, mfu 59.00%
iter 41020: loss 3.7824, time 2741.09ms, mfu 59.48%
iter 41030: loss 3.8080, time 2744.95ms, mfu 59.89%
iter 41040: loss 3.7640, time 2746.46ms, mfu 60.26%
iter 41050: loss 3.7221, time 2739.85ms, mfu 60.62%
iter 41060: loss 3.7280, time 2742.41ms, mfu 60.92%
iter 41070: loss 3.7757, time 2739.74ms, mfu 61.21%
iter 41080: loss 3.7676, time 2735.19ms, mfu 61.48%
iter 41090: loss 3.7483, time 2738.89ms, mfu 61.71%
iter 41100: loss 3.8567, time 2741.65ms, mfu 61.91%
iter 41110: loss 3.7788, time 2740.31ms, mfu 62.09%
iter 41120: loss 3.7988, time 2737.64ms, mfu 62.27%
iter 41130: loss 3.8121, time 2737.73ms, mfu 62.42%
iter 41140: loss 3.7404, time 2737.51ms, mfu 62.56%
iter 41150: loss 3.8480, time 2735.62ms, mfu 62.69%
iter 41160: loss 3.7719, time 2740.66ms, mfu 62.80%
iter 41170: loss 3.7398, time 2736.54ms, mfu 62.90%
iter 41180: loss 3.8001, time 2739.57ms, mfu 62.99%
iter 41190: loss 3.7261, time 2738.44ms, mfu 63.07%
iter 41200: loss 3.7552, time 2739.30ms, mfu 63.14%
iter 41210: loss 3.7589, time 2737.37ms, mfu 63.21%
iter 41220: loss 3.7886, time 2735.95ms, mfu 63.28%
iter 41230: loss 3.8697, time 2737.41ms, mfu 63.33%
iter 41240: loss 3.7170, time 2741.55ms, mfu 63.37%
iter 41250: loss 3.6639, time 2737.23ms, mfu 63.42%
iter 41260: loss 3.7128, time 2737.09ms, mfu 63.46%
iter 41270: loss 3.8181, time 2737.18ms, mfu 63.49%
iter 41280: loss 3.6669, time 2738.84ms, mfu 63.52%
iter 41290: loss 3.7577, time 2738.25ms, mfu 63.55%
iter 41300: loss 3.7060, time 2735.31ms, mfu 63.58%
iter 41310: loss 3.7317, time 2739.31ms, mfu 63.60%
iter 41320: loss 3.7239, time 2741.64ms, mfu 63.62%
iter 41330: loss 3.7100, time 2736.09ms, mfu 63.64%
iter 41340: loss 3.7979, time 2736.36ms, mfu 63.66%
iter 41350: loss 3.7292, time 2740.93ms, mfu 63.67%
iter 41360: loss 3.7309, time 2741.13ms, mfu 63.68%
iter 41370: loss 3.7391, time 2736.92ms, mfu 63.69%
iter 41380: loss 3.7549, time 2739.44ms, mfu 63.70%
iter 41390: loss 3.7754, time 2740.66ms, mfu 63.71%
iter 41400: loss 3.6856, time 2736.14ms, mfu 63.72%
iter 41410: loss 3.7371, time 2738.76ms, mfu 63.73%
iter 41420: loss 3.7544, time 2740.82ms, mfu 63.73%
iter 41430: loss 3.7650, time 2736.09ms, mfu 63.74%
iter 41440: loss 3.7047, time 2737.01ms, mfu 63.75%
iter 41450: loss 3.7914, time 2739.69ms, mfu 63.75%
iter 41460: loss 3.7857, time 2736.37ms, mfu 63.76%
iter 41470: loss 3.7652, time 2739.73ms, mfu 63.76%
iter 41480: loss 3.7518, time 2736.98ms, mfu 63.77%
iter 41490: loss 3.7337, time 2740.57ms, mfu 63.77%
iter 41500: loss 3.7849, time 2737.42ms, mfu 63.77%
iter 41510: loss 3.6983, time 2740.07ms, mfu 63.77%
iter 41520: loss 3.8119, time 2738.64ms, mfu 63.78%
iter 41530: loss 3.7201, time 2739.30ms, mfu 63.78%
iter 41540: loss 3.7043, time 2737.35ms, mfu 63.78%
iter 41550: loss 3.9162, time 2736.05ms, mfu 63.79%
iter 41560: loss 3.8258, time 2738.63ms, mfu 63.79%
iter 41570: loss 3.7553, time 2741.90ms, mfu 63.78%
iter 41580: loss 3.7599, time 2734.53ms, mfu 63.79%
iter 41590: loss 3.7703, time 2736.23ms, mfu 63.80%
iter 41600: loss 3.7950, time 2735.55ms, mfu 63.81%
iter 41610: loss 3.8119, time 2737.04ms, mfu 63.81%
iter 41620: loss 3.8291, time 2740.85ms, mfu 63.80%
iter 41630: loss 3.7079, time 2737.11ms, mfu 63.81%
iter 41640: loss 3.7328, time 2738.02ms, mfu 63.81%
iter 41650: loss 3.7764, time 2737.01ms, mfu 63.81%
iter 41660: loss 3.7103, time 2738.28ms, mfu 63.81%
iter 41670: loss 3.7320, time 2735.37ms, mfu 63.81%
iter 41680: loss 3.7927, time 2739.37ms, mfu 63.81%
iter 41690: loss 3.7811, time 2736.46ms, mfu 63.81%
