Overriding config with config/train_openwebtext_grassmann_resume.py:
# Resume OpenWebText stable_rank_x2 from checkpoint
# Continuing from step 9000

# I/O
out_dir = '/net/scratch2/junyuren/nanoGPT-manifold/out-openwebtext-grassmann'
eval_interval = 1000
eval_iters = 200
log_interval = 10
always_save_checkpoint = True

# CRITICAL: Resume from checkpoint
init_from = 'resume'

wandb_log = False
wandb_project = 'openwebtext'
wandb_run_name = 'grassmann-6L-384d-stable-rank-x2-resume'

# Data
dataset = 'openwebtext'
data_dir = '/net/scratch2/junyuren/nanoGPT-manifold/data/openwebtext'
gradient_accumulation_steps = 40
batch_size = 64
block_size = 1024

# Model
n_layer = 6
n_head = 6
n_embd = 384
dropout = 0.2
bias = False

# AdamW optimizer
learning_rate = 1e-3
max_iters = 100000
lr_decay_iters = 100000
min_lr = 1e-4
beta1 = 0.9
beta2 = 0.99
weight_decay = 1e-1
grad_clip = 1.0

decay_lr = True
warmup_iters = 2000

# Grassmann config - stable_rank_x2
use_grassmann = True
grassmann_phase = 'phase2.5'

grass_rank_c_attn = 48
grass_rank_mlp_fc = 20
grass_scale_c_attn = 4.6293
grass_scale_mlp_fc = 10.1372

grass_rank = 48
grass_lr = 8e-3
grass_a = 1.0
grass_b = 0.0
grass_alpha = 0.01
grass_steps = 10
grass_tol = 1e-6

# System
device = 'cuda'
dtype = 'bfloat16'
compile = True

tokens per iteration will be: 2,621,440
Resuming training from /net/scratch2/junyuren/nanoGPT-manifold/out-openwebtext-grassmann
number of parameters: 29.94M

=== Phase phase2.5 Grassmann Configuration ===
  Variant .5: attn.c_proj uses AdamW (not Grassmann)

Per-block configuration (6 blocks):
  c_attn ranks:       [48, 48, 48, 48, 48, 48]
  c_attn scales:      ['4.63', '4.63', '4.63', '4.63', '4.63', '4.63']
  mlp.c_fc ranks:     [20, 20, 20, 20, 20, 20]
  mlp.c_fc scales:    ['10.14', '10.14', '10.14', '10.14', '10.14', '10.14']
Grassmann Muon parameters: 6 weight matrices, 3,538,944 params
AdamW decay parameters: 20 tensors, 26,787,840 params
AdamW no-decay parameters: 13 tensors, 4,992 params
  transformer.h.0.mlp.c_fc.weight: k=4, G_{1.0,0.0,20}, lr=0.008, scale=10.1372, type=vertical
  transformer.h.1.mlp.c_fc.weight: k=4, G_{1.0,0.0,20}, lr=0.008, scale=10.1372, type=vertical
  transformer.h.2.mlp.c_fc.weight: k=4, G_{1.0,0.0,20}, lr=0.008, scale=10.1372, type=vertical
  transformer.h.3.mlp.c_fc.weight: k=4, G_{1.0,0.0,20}, lr=0.008, scale=10.1372, type=vertical
  transformer.h.4.mlp.c_fc.weight: k=4, G_{1.0,0.0,20}, lr=0.008, scale=10.1372, type=vertical
  transformer.h.5.mlp.c_fc.weight: k=4, G_{1.0,0.0,20}, lr=0.008, scale=10.1372, type=vertical
using fused AdamW: True

=== Setting up component-specific dropout ===
AdamW components: dropout = 0.2
Grassmann components: dropout = 0.1
Component-specific dropout setup complete.

=== Setting up norm-preserving scaling (Phase phase2.5) ===
  Added frozen 0.5×I scaling after mlp.c_fc (device=cuda:0)
  Added frozen 0.5×I scaling after mlp.c_fc (device=cuda:0)
  Added frozen 0.5×I scaling after mlp.c_fc (device=cuda:0)
  Added frozen 0.5×I scaling after mlp.c_fc (device=cuda:0)
  Added frozen 0.5×I scaling after mlp.c_fc (device=cuda:0)
  Added frozen 0.5×I scaling after mlp.c_fc (device=cuda:0)
Norm-preserving scaling setup complete.
compiling the model... (takes a ~minute)
step 9000: train loss 4.0383, val loss 4.0466
saving checkpoint to /net/scratch2/junyuren/nanoGPT-manifold/out-openwebtext-grassmann
iter 9000: loss 4.0633, time 57923.42ms, mfu -100.00%
iter 9010: loss 4.2108, time 6848.91ms, mfu 35.93%
iter 9020: loss 4.1406, time 10463.20ms, mfu 34.69%
iter 9030: loss 4.1774, time 7286.52ms, mfu 34.60%
iter 9040: loss 4.2315, time 7658.50ms, mfu 34.35%
iter 9050: loss 4.2195, time 5022.58ms, mfu 35.81%
iter 9060: loss 4.2334, time 4900.63ms, mfu 37.25%
iter 9070: loss 4.0395, time 4418.82ms, mfu 39.10%
iter 9080: loss 4.1421, time 4601.09ms, mfu 40.54%
iter 9090: loss 4.2400, time 4520.86ms, mfu 41.93%
iter 9100: loss 4.2202, time 4680.52ms, mfu 42.99%
iter 9110: loss 4.1457, time 4501.02ms, mfu 44.16%
iter 9120: loss 4.2051, time 4510.35ms, mfu 45.20%
iter 9130: loss 4.1582, time 4527.10ms, mfu 46.11%
iter 9140: loss 4.1615, time 4532.92ms, mfu 46.93%
iter 9150: loss 4.2105, time 4592.96ms, mfu 47.60%
iter 9160: loss 4.1821, time 4626.28ms, mfu 48.16%
iter 9170: loss 4.1377, time 4564.24ms, mfu 48.73%
iter 9180: loss 4.2291, time 4561.55ms, mfu 49.25%
iter 9190: loss 4.1911, time 4556.13ms, mfu 49.73%
iter 9200: loss 4.2672, time 4510.03ms, mfu 50.21%
iter 9210: loss 4.2570, time 4598.51ms, mfu 50.54%
iter 9220: loss 4.1207, time 4471.69ms, mfu 50.99%
iter 9230: loss 4.0934, time 4657.83ms, mfu 51.17%
iter 9240: loss 4.1856, time 4553.34ms, mfu 51.46%
iter 9250: loss 4.1891, time 4576.49ms, mfu 51.69%
iter 9260: loss 4.2344, time 4546.83ms, mfu 51.94%
iter 9270: loss 4.2092, time 4638.55ms, mfu 52.05%
iter 9280: loss 4.2627, time 4546.04ms, mfu 52.26%
iter 9290: loss 4.1994, time 4553.23ms, mfu 52.43%
iter 9300: loss 4.2367, time 4568.40ms, mfu 52.58%
iter 9310: loss 4.2193, time 4510.28ms, mfu 52.78%
iter 9320: loss 4.1548, time 4527.32ms, mfu 52.93%
iter 9330: loss 4.1337, time 4588.84ms, mfu 53.00%
iter 9340: loss 4.1725, time 4569.57ms, mfu 53.09%
iter 9350: loss 4.1625, time 4473.69ms, mfu 53.28%
iter 9360: loss 4.1822, time 4519.27ms, mfu 53.40%
iter 9370: loss 4.1227, time 4505.01ms, mfu 53.52%
iter 9380: loss 4.1361, time 4500.16ms, mfu 53.64%
iter 9390: loss 4.1728, time 4457.56ms, mfu 53.79%
iter 9400: loss 4.2316, time 4567.03ms, mfu 53.80%
iter 9410: loss 4.0770, time 4685.58ms, mfu 53.67%
iter 9420: loss 4.1623, time 4596.74ms, mfu 53.66%
iter 9430: loss 4.1226, time 4637.90ms, mfu 53.60%
iter 9440: loss 4.1233, time 4551.17ms, mfu 53.65%
iter 9450: loss 4.1305, time 4492.70ms, mfu 53.76%
iter 9460: loss 4.1660, time 4571.66ms, mfu 53.77%
iter 9470: loss 4.1578, time 4563.94ms, mfu 53.78%
iter 9480: loss 4.1403, time 4692.47ms, mfu 53.65%
iter 9490: loss 4.2109, time 4641.53ms, mfu 53.58%
iter 9500: loss 4.2057, time 4510.28ms, mfu 53.68%
iter 9510: loss 4.2213, time 4521.51ms, mfu 53.76%
iter 9520: loss 4.1368, time 4594.85ms, mfu 53.74%
iter 9530: loss 4.1991, time 4505.41ms, mfu 53.82%
iter 9540: loss 4.1396, time 4632.05ms, mfu 53.75%
iter 9550: loss 4.1524, time 4504.46ms, mfu 53.84%
iter 9560: loss 4.0975, time 4687.35ms, mfu 53.71%
iter 9570: loss 4.2305, time 4571.56ms, mfu 53.72%
iter 9580: loss 4.1563, time 4698.90ms, mfu 53.58%
iter 9590: loss 4.2640, time 4521.27ms, mfu 53.67%
iter 9600: loss 4.1856, time 4624.98ms, mfu 53.62%
iter 9610: loss 4.2347, time 4656.58ms, mfu 53.54%
iter 9620: loss 4.1311, time 4667.68ms, mfu 53.46%
iter 9630: loss 4.1775, time 4525.33ms, mfu 53.55%
iter 9640: loss 4.2172, time 4456.15ms, mfu 53.72%
iter 9650: loss 4.0532, time 4670.82ms, mfu 53.62%
iter 9660: loss 4.1145, time 4626.23ms, mfu 53.57%
iter 9670: loss 4.1834, time 4604.16ms, mfu 53.56%
iter 9680: loss 4.1692, time 4657.79ms, mfu 53.49%
iter 9690: loss 4.1199, time 4526.28ms, mfu 53.58%
iter 9700: loss 4.1173, time 4522.51ms, mfu 53.66%
iter 9710: loss 4.2372, time 4560.63ms, mfu 53.69%
iter 9720: loss 4.1420, time 4459.85ms, mfu 53.84%
iter 9730: loss 4.0567, time 4479.76ms, mfu 53.95%
iter 9740: loss 4.1934, time 4529.00ms, mfu 53.99%
iter 9750: loss 4.2615, time 4529.57ms, mfu 54.02%
iter 9760: loss 4.1496, time 4612.42ms, mfu 53.95%
iter 9770: loss 4.1241, time 4578.89ms, mfu 53.93%
iter 9780: loss 4.1238, time 4499.03ms, mfu 54.01%
iter 9790: loss 4.1283, time 4471.19ms, mfu 54.11%
iter 9800: loss 4.1537, time 4668.75ms, mfu 53.97%
iter 9810: loss 4.1342, time 4492.49ms, mfu 54.05%
iter 9820: loss 4.2122, time 4643.53ms, mfu 53.95%
iter 9830: loss 4.1474, time 4622.74ms, mfu 53.87%
iter 9840: loss 4.2180, time 4479.66ms, mfu 53.98%
iter 9850: loss 4.2199, time 4558.24ms, mfu 53.98%
iter 9860: loss 4.1943, time 4611.76ms, mfu 53.92%
iter 9870: loss 4.0999, time 4539.12ms, mfu 53.95%
iter 9880: loss 4.1376, time 4642.92ms, mfu 53.85%
iter 9890: loss 4.1899, time 4698.17ms, mfu 53.71%
iter 9900: loss 4.1423, time 4573.01ms, mfu 53.72%
iter 9910: loss 4.1362, time 4596.11ms, mfu 53.70%
iter 9920: loss 4.1944, time 4577.56ms, mfu 53.70%
iter 9930: loss 4.2281, time 4638.32ms, mfu 53.64%
iter 9940: loss 4.2055, time 4630.47ms, mfu 53.59%
iter 9950: loss 4.2368, time 4578.92ms, mfu 53.60%
iter 9960: loss 4.1436, time 4579.76ms, mfu 53.62%
iter 9970: loss 4.1756, time 4483.43ms, mfu 53.74%
iter 9980: loss 4.2105, time 4639.63ms, mfu 53.67%
iter 9990: loss 4.1457, time 4516.25ms, mfu 53.75%
step 10000: train loss 4.0065, val loss 4.0241
saving checkpoint to /net/scratch2/junyuren/nanoGPT-manifold/out-openwebtext-grassmann
iter 10000: loss 4.1256, time 26130.24ms, mfu 49.32%
iter 10010: loss 4.2265, time 4515.91ms, mfu 49.84%
iter 10020: loss 4.1118, time 4703.59ms, mfu 50.09%
iter 10030: loss 4.1798, time 4600.58ms, mfu 50.43%
iter 10040: loss 4.1266, time 4595.24ms, mfu 50.74%
iter 10050: loss 4.2025, time 4538.15ms, mfu 51.09%
iter 10060: loss 4.0686, time 4580.25ms, mfu 51.35%
iter 10070: loss 4.1256, time 4566.75ms, mfu 51.60%
iter 10080: loss 4.1263, time 4603.83ms, mfu 51.79%
iter 10090: loss 4.1785, time 4602.72ms, mfu 51.96%
iter 10100: loss 4.1708, time 4621.66ms, mfu 52.09%
iter 10110: loss 4.1270, time 4626.15ms, mfu 52.20%
iter 10120: loss 4.1885, time 4606.08ms, mfu 52.32%
iter 10130: loss 4.1329, time 4561.83ms, mfu 52.48%
iter 10140: loss 4.0926, time 4508.60ms, mfu 52.69%
iter 10150: loss 4.1743, time 4506.13ms, mfu 52.88%
iter 10160: loss 4.1814, time 4575.94ms, mfu 52.97%
iter 10170: loss 4.0986, time 4527.69ms, mfu 53.11%
iter 10180: loss 4.1614, time 4606.70ms, mfu 53.14%
iter 10190: loss 4.2879, time 4480.89ms, mfu 53.32%
iter 10200: loss 4.1039, time 4596.14ms, mfu 53.34%
iter 10210: loss 4.1135, time 4758.47ms, mfu 53.18%
iter 10220: loss 4.2425, time 4474.01ms, mfu 53.36%
iter 10230: loss 4.1780, time 4606.80ms, mfu 53.37%
iter 10240: loss 4.1824, time 4519.37ms, mfu 53.47%
iter 10250: loss 4.2724, time 4518.68ms, mfu 53.57%
iter 10260: loss 4.2289, time 4465.44ms, mfu 53.73%
iter 10270: loss 4.2013, time 4585.63ms, mfu 53.72%
iter 10280: loss 4.2062, time 4622.51ms, mfu 53.67%
iter 10290: loss 4.2039, time 4591.13ms, mfu 53.66%
iter 10300: loss 4.1692, time 4522.15ms, mfu 53.74%
iter 10310: loss 4.1849, time 4549.06ms, mfu 53.77%
iter 10320: loss 4.0103, time 4616.88ms, mfu 53.73%
iter 10330: loss 4.1922, time 4567.87ms, mfu 53.74%
iter 10340: loss 4.2306, time 4514.15ms, mfu 53.82%
iter 10350: loss 4.2504, time 4687.92ms, mfu 53.69%
iter 10360: loss 4.1657, time 4620.62ms, mfu 53.64%
iter 10370: loss 4.2224, time 4542.61ms, mfu 53.70%
iter 10380: loss 4.1710, time 4566.99ms, mfu 53.71%
iter 10390: loss 4.1784, time 4540.46ms, mfu 53.76%
iter 10400: loss 4.2011, time 4673.02ms, mfu 53.65%
iter 10410: loss 4.2167, time 4724.73ms, mfu 53.50%
iter 10420: loss 4.2367, time 4738.54ms, mfu 53.34%
iter 10430: loss 4.2103, time 4591.84ms, mfu 53.36%
iter 10440: loss 4.1496, time 4671.98ms, mfu 53.29%
iter 10450: loss 4.0677, time 4530.25ms, mfu 53.40%
iter 10460: loss 4.2122, time 4496.02ms, mfu 53.53%
iter 10470: loss 4.2134, time 4501.32ms, mfu 53.64%
iter 10480: loss 4.1115, time 4578.48ms, mfu 53.65%
iter 10490: loss 4.1884, time 4525.24ms, mfu 53.73%
iter 10500: loss 4.0971, time 4632.86ms, mfu 53.67%
iter 10510: loss 4.1557, time 4599.94ms, mfu 53.65%
iter 10520: loss 4.2586, time 4536.65ms, mfu 53.71%
iter 10530: loss 4.2255, time 4532.32ms, mfu 53.77%
iter 10540: loss 4.2004, time 4544.56ms, mfu 53.80%
iter 10550: loss 4.1958, time 4507.30ms, mfu 53.88%
iter 10560: loss 4.2069, time 4558.07ms, mfu 53.89%
iter 10570: loss 4.1511, time 4546.91ms, mfu 53.92%
iter 10580: loss 4.1276, time 4645.46ms, mfu 53.82%
iter 10590: loss 4.1790, time 4567.43ms, mfu 53.83%
iter 10600: loss 4.1507, time 4614.38ms, mfu 53.78%
iter 10610: loss 4.1335, time 4655.95ms, mfu 53.69%
iter 10620: loss 4.2172, time 4604.29ms, mfu 53.66%
iter 10630: loss 4.2132, time 4696.02ms, mfu 53.54%
iter 10640: loss 4.1708, time 4568.48ms, mfu 53.57%
iter 10650: loss 4.1965, time 4521.05ms, mfu 53.65%
iter 10660: loss 4.1954, time 4607.95ms, mfu 53.63%
iter 10670: loss 4.1816, time 4544.08ms, mfu 53.68%
iter 10680: loss 4.1550, time 4494.21ms, mfu 53.79%
iter 10690: loss 4.1369, time 4481.02ms, mfu 53.90%
iter 10700: loss 4.2142, time 4596.68ms, mfu 53.86%
iter 10710: loss 4.2508, time 4625.80ms, mfu 53.80%
iter 10720: loss 4.1079, time 4542.79ms, mfu 53.83%
iter 10730: loss 4.1747, time 4517.11ms, mfu 53.90%
iter 10740: loss 4.1344, time 4622.56ms, mfu 53.83%
iter 10750: loss 4.0504, time 4630.72ms, mfu 53.76%
iter 10760: loss 4.1495, time 4521.03ms, mfu 53.83%
iter 10770: loss 4.2225, time 4542.36ms, mfu 53.86%
iter 10780: loss 4.2456, time 4484.73ms, mfu 53.96%
iter 10790: loss 4.1519, time 4591.22ms, mfu 53.93%
iter 10800: loss 4.1646, time 4513.48ms, mfu 53.99%
iter 10810: loss 4.1639, time 4536.15ms, mfu 54.01%
iter 10820: loss 4.1766, time 4573.42ms, mfu 53.99%
iter 10830: loss 4.2144, time 4746.73ms, mfu 53.78%
iter 10840: loss 4.1278, time 4523.60ms, mfu 53.84%
iter 10850: loss 4.1514, time 4496.69ms, mfu 53.93%
iter 10860: loss 4.1559, time 4566.14ms, mfu 53.92%
iter 10870: loss 4.0681, time 4517.27ms, mfu 53.98%
iter 10880: loss 4.2553, time 4665.85ms, mfu 53.86%
iter 10890: loss 4.1696, time 4580.30ms, mfu 53.84%
iter 10900: loss 4.1255, time 4586.14ms, mfu 53.82%
iter 10910: loss 4.1797, time 4686.06ms, mfu 53.69%
iter 10920: loss 4.2120, time 4627.36ms, mfu 53.64%
iter 10930: loss 4.1842, time 4713.11ms, mfu 53.50%
iter 10940: loss 4.1342, time 4596.37ms, mfu 53.50%
iter 10950: loss 4.2614, time 4687.58ms, mfu 53.40%
iter 10960: loss 4.2389, time 4542.62ms, mfu 53.48%
iter 10970: loss 4.1583, time 4641.57ms, mfu 53.43%
iter 10980: loss 4.1537, time 4534.09ms, mfu 53.52%
iter 10990: loss 4.1040, time 4457.75ms, mfu 53.68%
step 11000: train loss 4.0429, val loss 4.0528
saving checkpoint to /net/scratch2/junyuren/nanoGPT-manifold/out-openwebtext-grassmann
iter 11000: loss 4.1565, time 26490.43ms, mfu 49.25%
iter 11010: loss 4.1555, time 4671.29ms, mfu 49.59%
iter 11020: loss 4.1251, time 4574.14ms, mfu 50.01%
iter 11030: loss 4.0960, time 4707.07ms, mfu 50.24%
iter 11040: loss 4.1361, time 4651.00ms, mfu 50.50%
iter 11050: loss 4.1385, time 4592.38ms, mfu 50.81%
iter 11060: loss 4.2696, time 4659.95ms, mfu 51.01%
iter 11070: loss 4.1305, time 4680.51ms, mfu 51.17%
iter 11080: loss 4.1436, time 4535.37ms, mfu 51.48%
iter 11090: loss 4.1353, time 4636.25ms, mfu 51.64%
iter 11100: loss 4.0399, time 4529.56ms, mfu 51.91%
iter 11110: loss 4.1179, time 4606.31ms, mfu 52.06%
iter 11120: loss 4.0831, time 4597.32ms, mfu 52.20%
iter 11130: loss 4.1424, time 4597.21ms, mfu 52.34%
iter 11140: loss 4.1011, time 4570.56ms, mfu 52.49%
iter 11150: loss 4.2004, time 4667.02ms, mfu 52.51%
iter 11160: loss 4.2136, time 4633.71ms, mfu 52.57%
iter 11170: loss 4.2291, time 4573.64ms, mfu 52.69%
iter 11180: loss 4.1289, time 4527.32ms, mfu 52.86%
iter 11190: loss 4.1979, time 4557.35ms, mfu 52.97%
iter 11200: loss 4.1024, time 4530.19ms, mfu 53.11%
iter 11210: loss 4.2421, time 4635.34ms, mfu 53.11%
iter 11220: loss 4.1376, time 4601.56ms, mfu 53.14%
iter 11230: loss 4.0973, time 4549.62ms, mfu 53.24%
iter 11240: loss 4.1521, time 4468.10ms, mfu 53.42%
iter 11250: loss 4.2456, time 4582.81ms, mfu 53.45%
iter 11260: loss 4.0710, time 4498.82ms, mfu 53.57%
iter 11270: loss 4.1602, time 4576.18ms, mfu 53.59%
iter 11280: loss 4.1589, time 4626.58ms, mfu 53.55%
iter 11290: loss 4.1859, time 4512.85ms, mfu 53.65%
iter 11300: loss 4.2252, time 4567.62ms, mfu 53.67%
iter 11310: loss 4.1042, time 4604.14ms, mfu 53.65%
iter 11320: loss 4.0705, time 4631.82ms, mfu 53.60%
iter 11330: loss 4.1279, time 4528.60ms, mfu 53.67%
iter 11340: loss 4.1538, time 4644.55ms, mfu 53.60%
iter 11350: loss 4.2675, time 4587.29ms, mfu 53.61%
iter 11360: loss 4.1937, time 4527.82ms, mfu 53.68%
iter 11370: loss 4.1550, time 4562.25ms, mfu 53.71%
iter 11380: loss 4.1027, time 4663.31ms, mfu 53.61%
iter 11390: loss 4.1380, time 4611.86ms, mfu 53.59%
iter 11400: loss 4.1763, time 4575.26ms, mfu 53.61%
iter 11410: loss 4.1521, time 4599.77ms, mfu 53.60%
iter 11420: loss 4.1372, time 4752.98ms, mfu 53.41%
iter 11430: loss 4.0344, time 4515.87ms, mfu 53.52%
iter 11440: loss 4.1604, time 4707.06ms, mfu 53.40%
iter 11450: loss 4.2442, time 4505.54ms, mfu 53.52%
iter 11460: loss 4.1871, time 4718.57ms, mfu 53.38%
iter 11470: loss 4.1377, time 4546.18ms, mfu 53.46%
iter 11480: loss 4.2166, time 4642.29ms, mfu 53.41%
iter 11490: loss 4.0975, time 4616.10ms, mfu 53.40%
iter 11500: loss 4.1823, time 4506.22ms, mfu 53.52%
iter 11510: loss 4.1283, time 4674.77ms, mfu 53.43%
iter 11520: loss 4.2252, time 4569.25ms, mfu 53.48%
iter 11530: loss 4.0953, time 4636.00ms, mfu 53.44%
iter 11540: loss 4.1869, time 4646.40ms, mfu 53.39%
iter 11550: loss 4.2739, time 4644.12ms, mfu 53.35%
iter 11560: loss 4.1815, time 4516.31ms, mfu 53.46%
iter 11570: loss 4.2212, time 4609.97ms, mfu 53.45%
iter 11580: loss 4.0755, time 4496.30ms, mfu 53.58%
iter 11590: loss 4.1967, time 4597.86ms, mfu 53.58%
iter 11600: loss 4.1920, time 4536.44ms, mfu 53.64%
iter 11610: loss 4.1599, time 4504.07ms, mfu 53.74%
iter 11620: loss 4.1084, time 4497.62ms, mfu 53.84%
iter 11630: loss 4.2394, time 4483.55ms, mfu 53.94%
iter 11640: loss 4.1308, time 4579.48ms, mfu 53.92%
iter 11650: loss 4.1050, time 4637.41ms, mfu 53.84%
iter 11660: loss 4.1493, time 4596.64ms, mfu 53.81%
iter 11670: loss 4.1061, time 4585.33ms, mfu 53.79%
iter 11680: loss 4.1604, time 4518.43ms, mfu 53.86%
iter 11690: loss 4.1516, time 4506.39ms, mfu 53.93%
iter 11700: loss 4.1022, time 5661.93ms, mfu 52.89%
iter 11710: loss 4.0529, time 4654.16ms, mfu 52.89%
iter 11720: loss 4.1602, time 4619.15ms, mfu 52.92%
iter 11730: loss 4.1293, time 4499.42ms, mfu 53.10%
iter 11740: loss 4.1738, time 4570.55ms, mfu 53.17%
iter 11750: loss 4.1250, time 4639.45ms, mfu 53.16%
iter 11760: loss 4.1369, time 4509.59ms, mfu 53.30%
iter 11770: loss 4.1910, time 4504.74ms, mfu 53.43%
iter 11780: loss 4.1237, time 4664.41ms, mfu 53.37%
iter 11790: loss 4.1472, time 4531.13ms, mfu 53.46%
iter 11800: loss 4.2216, time 4506.46ms, mfu 53.58%
iter 11810: loss 4.0878, time 4544.53ms, mfu 53.63%
iter 11820: loss 4.1486, time 4488.36ms, mfu 53.75%
iter 11830: loss 4.1491, time 4607.49ms, mfu 53.72%
iter 11840: loss 4.1268, time 4680.72ms, mfu 53.60%
iter 11850: loss 4.1080, time 4572.59ms, mfu 53.62%
iter 11860: loss 4.2128, time 4611.62ms, mfu 53.60%
iter 11870: loss 4.1608, time 4552.55ms, mfu 53.64%
iter 11880: loss 4.1390, time 4528.34ms, mfu 53.71%
iter 11890: loss 4.1360, time 4507.30ms, mfu 53.80%
iter 11900: loss 4.1580, time 4594.78ms, mfu 53.78%
iter 11910: loss 4.1189, time 4523.70ms, mfu 53.84%
iter 11920: loss 4.1350, time 4511.88ms, mfu 53.91%
iter 11930: loss 4.2000, time 4563.12ms, mfu 53.91%
iter 11940: loss 4.1245, time 4555.94ms, mfu 53.92%
iter 11950: loss 4.1355, time 4521.08ms, mfu 53.97%
iter 11960: loss 4.2184, time 4545.02ms, mfu 53.99%
iter 11970: loss 4.1962, time 4502.61ms, mfu 54.06%
iter 11980: loss 4.1312, time 4497.29ms, mfu 54.12%
iter 11990: loss 4.2318, time 4504.75ms, mfu 54.17%
step 12000: train loss 4.0073, val loss 4.0222
saving checkpoint to /net/scratch2/junyuren/nanoGPT-manifold/out-openwebtext-grassmann
iter 12000: loss 4.2306, time 25744.97ms, mfu 49.71%
iter 12010: loss 4.1476, time 4454.89ms, mfu 50.26%
iter 12020: loss 4.1178, time 4520.91ms, mfu 50.68%
iter 12030: loss 4.1379, time 4575.25ms, mfu 50.99%
iter 12040: loss 4.1246, time 4519.25ms, mfu 51.34%
iter 12050: loss 4.0718, time 4597.11ms, mfu 51.56%
iter 12060: loss 4.0808, time 4502.05ms, mfu 51.87%
iter 12070: loss 4.1126, time 4480.64ms, mfu 52.17%
iter 12080: loss 4.1778, time 4549.93ms, mfu 52.36%
iter 12090: loss 4.0905, time 4530.88ms, mfu 52.56%
iter 12100: loss 4.1675, time 4500.38ms, mfu 52.77%
iter 12110: loss 4.1870, time 4592.26ms, mfu 52.85%
iter 12120: loss 4.2161, time 4617.69ms, mfu 52.90%
iter 12130: loss 4.0648, time 4602.29ms, mfu 52.95%
iter 12140: loss 4.1084, time 4620.46ms, mfu 52.98%
iter 12150: loss 4.1230, time 4499.64ms, mfu 53.15%
iter 12160: loss 4.1895, time 4528.22ms, mfu 53.27%
iter 12170: loss 4.1109, time 4547.14ms, mfu 53.36%
iter 12180: loss 4.1312, time 4542.78ms, mfu 53.44%
iter 12190: loss 4.2097, time 4453.41ms, mfu 53.62%
iter 12200: loss 4.0384, time 4531.37ms, mfu 53.69%
iter 12210: loss 4.1852, time 4519.04ms, mfu 53.76%
iter 12220: loss 4.1726, time 4498.88ms, mfu 53.86%
iter 12230: loss 4.1289, time 4515.14ms, mfu 53.92%
iter 12240: loss 4.1434, time 4501.82ms, mfu 54.00%
iter 12250: loss 4.0663, time 4512.56ms, mfu 54.05%
iter 12260: loss 4.1215, time 4439.58ms, mfu 54.19%
iter 12270: loss 4.2324, time 4590.74ms, mfu 54.13%
iter 12280: loss 4.0494, time 4535.22ms, mfu 54.14%
iter 12290: loss 4.2047, time 4434.35ms, mfu 54.28%
iter 12300: loss 4.2038, time 4519.08ms, mfu 54.29%
iter 12310: loss 4.1536, time 4495.57ms, mfu 54.34%
iter 12320: loss 4.2351, time 4574.41ms, mfu 54.28%
iter 12330: loss 4.2090, time 4504.72ms, mfu 54.32%
iter 12340: loss 4.1671, time 4571.25ms, mfu 54.27%
iter 12350: loss 4.2202, time 4586.70ms, mfu 54.21%
iter 12360: loss 4.1457, time 4447.03ms, mfu 54.32%
iter 12370: loss 4.2495, time 4484.01ms, mfu 54.38%
iter 12380: loss 4.1719, time 4633.64ms, mfu 54.25%
iter 12390: loss 4.1672, time 4716.03ms, mfu 54.04%
iter 12400: loss 4.2517, time 4627.60ms, mfu 53.96%
iter 12410: loss 4.1314, time 4459.61ms, mfu 54.08%
iter 12420: loss 3.9987, time 4480.66ms, mfu 54.16%
iter 12430: loss 4.1083, time 4446.48ms, mfu 54.28%
iter 12440: loss 4.1537, time 4436.24ms, mfu 54.40%
iter 12450: loss 4.1876, time 4569.89ms, mfu 54.34%
iter 12460: loss 4.1612, time 4488.19ms, mfu 54.39%
iter 12470: loss 4.0742, time 4443.54ms, mfu 54.49%
iter 12480: loss 4.1624, time 4603.08ms, mfu 54.39%
iter 12490: loss 4.1007, time 4556.03ms, mfu 54.35%
iter 12500: loss 4.1168, time 4574.46ms, mfu 54.29%
iter 12510: loss 4.2244, time 4482.42ms, mfu 54.35%
iter 12520: loss 4.1632, time 4459.78ms, mfu 54.44%
iter 12530: loss 4.1389, time 4519.05ms, mfu 54.44%
iter 12540: loss 4.1866, time 4539.25ms, mfu 54.42%
iter 12550: loss 4.1243, time 4459.75ms, mfu 54.49%
iter 12560: loss 4.1530, time 4583.35ms, mfu 54.41%
iter 12570: loss 4.1545, time 4448.79ms, mfu 54.50%
iter 12580: loss 4.1474, time 4587.83ms, mfu 54.42%
iter 12590: loss 4.1779, time 4468.79ms, mfu 54.48%
iter 12600: loss 4.1983, time 4567.31ms, mfu 54.42%
iter 12610: loss 4.2341, time 4580.72ms, mfu 54.35%
iter 12620: loss 4.1063, time 4483.34ms, mfu 54.40%
iter 12630: loss 4.1617, time 4446.26ms, mfu 54.50%
iter 12640: loss 4.1739, time 4429.19ms, mfu 54.60%
iter 12650: loss 4.1206, time 4554.98ms, mfu 54.55%
iter 12660: loss 4.1548, time 4611.11ms, mfu 54.43%
iter 12670: loss 4.1966, time 4505.41ms, mfu 54.45%
iter 12680: loss 4.1371, time 4576.40ms, mfu 54.38%
iter 12690: loss 4.1991, time 4458.99ms, mfu 54.46%
iter 12700: loss 4.1883, time 4513.35ms, mfu 54.47%
iter 12710: loss 4.1772, time 4504.43ms, mfu 54.48%
iter 12720: loss 4.1987, time 4553.63ms, mfu 54.44%
iter 12730: loss 4.0563, time 4475.90ms, mfu 54.49%
iter 12740: loss 4.0201, time 4461.76ms, mfu 54.56%
iter 12750: loss 4.1795, time 4591.29ms, mfu 54.46%
iter 12760: loss 4.1372, time 4472.22ms, mfu 54.52%
iter 12770: loss 4.2518, time 4545.22ms, mfu 54.48%
iter 12780: loss 4.1231, time 4440.02ms, mfu 54.57%
iter 12790: loss 4.1194, time 4518.08ms, mfu 54.56%
iter 12800: loss 4.1260, time 4554.36ms, mfu 54.51%
iter 12810: loss 4.1639, time 4566.06ms, mfu 54.45%
iter 12820: loss 4.1404, time 4583.76ms, mfu 54.37%
iter 12830: loss 4.1156, time 4409.67ms, mfu 54.52%
iter 12840: loss 4.1550, time 4498.55ms, mfu 54.53%
iter 12850: loss 4.1799, time 4426.93ms, mfu 54.64%
iter 12860: loss 4.1597, time 4472.10ms, mfu 54.68%
iter 12870: loss 4.2463, time 4497.56ms, mfu 54.68%
iter 12880: loss 4.0997, time 4463.42ms, mfu 54.73%
iter 12890: loss 4.2158, time 4499.57ms, mfu 54.72%
iter 12900: loss 4.2520, time 4505.77ms, mfu 54.71%
iter 12910: loss 4.1108, time 4544.47ms, mfu 54.66%
iter 12920: loss 4.1378, time 4442.17ms, mfu 54.73%
iter 12930: loss 4.0945, time 4577.47ms, mfu 54.63%
iter 12940: loss 4.1203, time 4475.31ms, mfu 54.67%
iter 12950: loss 4.2017, time 4604.48ms, mfu 54.55%
iter 12960: loss 4.1769, time 4559.63ms, mfu 54.49%
iter 12970: loss 4.1555, time 4444.45ms, mfu 54.58%
iter 12980: loss 4.1161, time 4557.46ms, mfu 54.52%
iter 12990: loss 4.1454, time 4512.80ms, mfu 54.52%
step 13000: train loss 3.9935, val loss 4.0100
saving checkpoint to /net/scratch2/junyuren/nanoGPT-manifold/out-openwebtext-grassmann
iter 13000: loss 4.1473, time 25643.55ms, mfu 50.03%
iter 13010: loss 4.1601, time 4446.48ms, mfu 50.56%
iter 13020: loss 4.1039, time 4471.71ms, mfu 51.01%
iter 13030: loss 4.1615, time 4516.23ms, mfu 51.35%
iter 13040: loss 4.1682, time 4582.56ms, mfu 51.59%
iter 13050: loss 4.1453, time 4412.10ms, mfu 52.01%
iter 13060: loss 4.1936, time 4622.05ms, mfu 52.13%
iter 13070: loss 4.1137, time 4504.37ms, mfu 52.38%
iter 13080: loss 4.1296, time 4494.77ms, mfu 52.62%
iter 13090: loss 4.1542, time 4450.38ms, mfu 52.88%
iter 13100: loss 4.1906, time 4558.36ms, mfu 52.99%
iter 13110: loss 4.1230, time 4426.75ms, mfu 53.25%
iter 13120: loss 4.1793, time 4445.58ms, mfu 53.46%
iter 13130: loss 4.2640, time 4518.06ms, mfu 53.56%
iter 13140: loss 4.0782, time 4641.03ms, mfu 53.51%
iter 13150: loss 4.2263, time 4477.72ms, mfu 53.65%
iter 13160: loss 4.1185, time 4488.15ms, mfu 53.77%
iter 13170: loss 4.1063, time 4488.25ms, mfu 53.88%
iter 13180: loss 4.1508, time 4550.81ms, mfu 53.90%
iter 13190: loss 4.1704, time 4563.63ms, mfu 53.90%
iter 13200: loss 4.1905, time 4463.48ms, mfu 54.02%
iter 13210: loss 4.1989, time 4600.20ms, mfu 53.97%
iter 13220: loss 4.1917, time 4443.52ms, mfu 54.11%
iter 13230: loss 4.1420, time 4542.54ms, mfu 54.12%
iter 13240: loss 4.1313, time 4484.21ms, mfu 54.19%
iter 13250: loss 4.1542, time 4534.02ms, mfu 54.20%
iter 13260: loss 4.1358, time 4517.89ms, mfu 54.23%
iter 13270: loss 4.1086, time 4493.82ms, mfu 54.28%
iter 13280: loss 4.1512, time 4498.66ms, mfu 54.32%
iter 13290: loss 4.1233, time 4434.98ms, mfu 54.44%
iter 13300: loss 4.0928, time 4571.54ms, mfu 54.38%
iter 13310: loss 4.1957, time 4511.13ms, mfu 54.39%
iter 13320: loss 4.1012, time 4648.66ms, mfu 54.25%
iter 13330: loss 4.1460, time 4466.52ms, mfu 54.33%
iter 13340: loss 4.2000, time 4431.45ms, mfu 54.45%
iter 13350: loss 4.0596, time 4509.91ms, mfu 54.46%
iter 13360: loss 4.2008, time 4481.30ms, mfu 54.51%
iter 13370: loss 4.0944, time 4646.93ms, mfu 54.35%
iter 13380: loss 4.1807, time 4537.65ms, mfu 54.34%
iter 13390: loss 4.1238, time 4554.53ms, mfu 54.31%
iter 13400: loss 4.1900, time 4467.90ms, mfu 54.39%
iter 13410: loss 4.2092, time 4452.52ms, mfu 54.47%
iter 13420: loss 4.1754, time 4477.72ms, mfu 54.52%
iter 13430: loss 4.1920, time 4532.43ms, mfu 54.50%
iter 13440: loss 4.1937, time 4502.89ms, mfu 54.51%
iter 13450: loss 4.1077, time 4435.29ms, mfu 54.61%
iter 13460: loss 4.1292, time 4458.30ms, mfu 54.67%
iter 13470: loss 4.2378, time 4438.68ms, mfu 54.75%
iter 13480: loss 4.1880, time 4590.35ms, mfu 54.63%
iter 13490: loss 4.2121, time 4466.18ms, mfu 54.68%
iter 13500: loss 3.9308, time 4497.19ms, mfu 54.68%
iter 13510: loss 4.2316, time 4435.96ms, mfu 54.76%
iter 13520: loss 4.1472, time 4458.64ms, mfu 54.81%
iter 13530: loss 4.1794, time 4473.52ms, mfu 54.83%
iter 13540: loss 4.1264, time 4432.36ms, mfu 54.89%
iter 13550: loss 4.1431, time 4526.93ms, mfu 54.84%
iter 13560: loss 4.1341, time 4458.01ms, mfu 54.88%
iter 13570: loss 4.0733, time 4455.65ms, mfu 54.91%
iter 13580: loss 4.1742, time 4593.53ms, mfu 54.78%
iter 13590: loss 4.1499, time 4521.28ms, mfu 54.74%
iter 13600: loss 4.1474, time 4414.80ms, mfu 54.84%
iter 13610: loss 3.9889, time 4457.15ms, mfu 54.88%
iter 13620: loss 4.1338, time 4631.26ms, mfu 54.70%
iter 13630: loss 4.1614, time 4553.21ms, mfu 54.64%
iter 13640: loss 4.1540, time 4453.76ms, mfu 54.70%
iter 13650: loss 4.1394, time 4509.35ms, mfu 54.69%
iter 13660: loss 4.1722, time 4479.26ms, mfu 54.71%
iter 13670: loss 4.1162, time 4526.87ms, mfu 54.68%
iter 13680: loss 4.1745, time 4491.91ms, mfu 54.69%
iter 13690: loss 4.1005, time 4465.90ms, mfu 54.73%
iter 13700: loss 4.1284, time 4543.62ms, mfu 54.67%
iter 13710: loss 4.1130, time 4515.49ms, mfu 54.65%
iter 13720: loss 4.1934, time 4468.61ms, mfu 54.70%
iter 13730: loss 4.1348, time 4412.24ms, mfu 54.80%
iter 13740: loss 4.1563, time 4439.61ms, mfu 54.87%
iter 13750: loss 4.1759, time 4526.37ms, mfu 54.82%
iter 13760: loss 4.1174, time 4598.76ms, mfu 54.68%
iter 13770: loss 4.1731, time 4598.65ms, mfu 54.57%
iter 13780: loss 4.1370, time 4506.91ms, mfu 54.57%
iter 13790: loss 4.2556, time 4437.53ms, mfu 54.66%
iter 13800: loss 4.2210, time 4540.74ms, mfu 54.61%
iter 13810: loss 4.1604, time 4621.16ms, mfu 54.48%
iter 13820: loss 4.1403, time 4656.96ms, mfu 54.31%
iter 13830: loss 4.0480, time 4519.50ms, mfu 54.33%
iter 13840: loss 4.1531, time 4571.54ms, mfu 54.28%
iter 13850: loss 4.1726, time 4612.15ms, mfu 54.18%
iter 13860: loss 4.1664, time 4620.36ms, mfu 54.09%
iter 13870: loss 4.0722, time 4483.93ms, mfu 54.17%
iter 13880: loss 4.1258, time 4555.89ms, mfu 54.15%
iter 13890: loss 4.1858, time 4527.18ms, mfu 54.17%
iter 13900: loss 4.1264, time 4427.47ms, mfu 54.32%
iter 13910: loss 4.1639, time 4506.04ms, mfu 54.34%
iter 13920: loss 4.1107, time 4549.66ms, mfu 54.32%
iter 13930: loss 4.1255, time 4642.60ms, mfu 54.19%
iter 13940: loss 4.1898, time 4484.50ms, mfu 54.26%
iter 13950: loss 4.1643, time 4455.33ms, mfu 54.35%
iter 13960: loss 4.1347, time 4573.91ms, mfu 54.30%
iter 13970: loss 4.1726, time 4522.72ms, mfu 54.31%
iter 13980: loss 4.1496, time 4534.81ms, mfu 54.30%
iter 13990: loss 4.1814, time 4487.86ms, mfu 54.36%
step 14000: train loss 4.0192, val loss 4.0249
saving checkpoint to /net/scratch2/junyuren/nanoGPT-manifold/out-openwebtext-grassmann
iter 14000: loss 4.1613, time 25836.13ms, mfu 49.87%
iter 14010: loss 4.1094, time 4512.34ms, mfu 50.34%
iter 14020: loss 4.1543, time 4612.85ms, mfu 50.64%
iter 14030: loss 4.1599, time 4455.23ms, mfu 51.10%
iter 14040: loss 4.1309, time 4444.59ms, mfu 51.53%
iter 14050: loss 4.1100, time 4445.91ms, mfu 51.91%
iter 14060: loss 4.0208, time 4511.32ms, mfu 52.17%
iter 14070: loss 4.1610, time 4465.12ms, mfu 52.47%
iter 14080: loss 4.1547, time 4559.99ms, mfu 52.62%
iter 14090: loss 4.1393, time 4575.27ms, mfu 52.73%
iter 14100: loss 4.1338, time 4516.03ms, mfu 52.91%
iter 14110: loss 4.1395, time 4503.84ms, mfu 53.08%
iter 14120: loss 4.1561, time 4503.31ms, mfu 53.24%
iter 14130: loss 4.1089, time 4468.95ms, mfu 53.42%
iter 14140: loss 4.2176, time 4472.91ms, mfu 53.58%
iter 14150: loss 4.2172, time 4563.76ms, mfu 53.61%
iter 14160: loss 4.1688, time 4540.26ms, mfu 53.67%
iter 14170: loss 4.0683, time 4440.03ms, mfu 53.85%
iter 14180: loss 4.1212, time 4470.97ms, mfu 53.97%
iter 14190: loss 4.0668, time 4494.46ms, mfu 54.04%
iter 14200: loss 4.1631, time 4654.36ms, mfu 53.93%
iter 14210: loss 4.1805, time 4551.66ms, mfu 53.94%
iter 14220: loss 4.1209, time 4528.97ms, mfu 53.98%
iter 14230: loss 4.0377, time 4544.42ms, mfu 54.00%
iter 14240: loss 4.1711, time 4530.65ms, mfu 54.03%
iter 14250: loss 4.1246, time 4472.45ms, mfu 54.13%
iter 14260: loss 4.2363, time 4536.77ms, mfu 54.14%
iter 14270: loss 4.1136, time 4468.45ms, mfu 54.23%
iter 14280: loss 4.1940, time 4542.90ms, mfu 54.23%
iter 14290: loss 4.1601, time 4523.88ms, mfu 54.24%
iter 14300: loss 4.1348, time 4512.13ms, mfu 54.27%
iter 14310: loss 4.1871, time 4469.66ms, mfu 54.35%
iter 14320: loss 4.1675, time 4500.24ms, mfu 54.38%
iter 14330: loss 4.1480, time 4476.19ms, mfu 54.44%
iter 14340: loss 4.1522, time 4611.08ms, mfu 54.34%
iter 14350: loss 4.1164, time 4426.24ms, mfu 54.46%
iter 14360: loss 4.1542, time 4472.92ms, mfu 54.52%
iter 14370: loss 4.1024, time 4533.52ms, mfu 54.49%
iter 14380: loss 4.0690, time 4465.54ms, mfu 54.55%
iter 14390: loss 4.1836, time 4471.27ms, mfu 54.60%
iter 14400: loss 4.1136, time 4596.39ms, mfu 54.50%
iter 14410: loss 4.1607, time 4480.16ms, mfu 54.54%
iter 14420: loss 4.1473, time 4436.72ms, mfu 54.63%
iter 14430: loss 4.2304, time 4520.61ms, mfu 54.61%
iter 14440: loss 4.1662, time 4511.63ms, mfu 54.60%
iter 14450: loss 4.2227, time 4459.68ms, mfu 54.66%
iter 14460: loss 4.0955, time 4536.67ms, mfu 54.62%
iter 14470: loss 4.0881, time 4447.56ms, mfu 54.69%
iter 14480: loss 4.1339, time 4641.23ms, mfu 54.52%
iter 14490: loss 4.1574, time 4463.97ms, mfu 54.58%
iter 14500: loss 4.1752, time 4475.80ms, mfu 54.62%
iter 14510: loss 4.1531, time 4497.55ms, mfu 54.63%
iter 14520: loss 4.0757, time 4581.56ms, mfu 54.54%
iter 14530: loss 4.1093, time 4452.44ms, mfu 54.61%
iter 14540: loss 4.1594, time 4436.73ms, mfu 54.70%
iter 14550: loss 4.0682, time 4552.40ms, mfu 54.63%
iter 14560: loss 4.0677, time 4395.22ms, mfu 54.77%
iter 14570: loss 4.1402, time 4438.95ms, mfu 54.84%
iter 14580: loss 4.1011, time 4512.82ms, mfu 54.81%
iter 14590: loss 4.1990, time 4482.74ms, mfu 54.81%
iter 14600: loss 4.1104, time 4441.10ms, mfu 54.87%
iter 14610: loss 4.2380, time 4522.26ms, mfu 54.83%
iter 14620: loss 4.1063, time 4615.66ms, mfu 54.68%
iter 14630: loss 4.1435, time 4501.44ms, mfu 54.68%
iter 14640: loss 4.0934, time 4457.50ms, mfu 54.73%
iter 14650: loss 4.1145, time 4526.16ms, mfu 54.69%
iter 14660: loss 4.1842, time 4487.33ms, mfu 54.71%
iter 14670: loss 4.1864, time 4633.90ms, mfu 54.55%
iter 14680: loss 4.1918, time 4472.68ms, mfu 54.59%
iter 14690: loss 4.2057, time 4608.38ms, mfu 54.47%
iter 14700: loss 4.1333, time 4579.16ms, mfu 54.40%
iter 14710: loss 4.1443, time 4509.43ms, mfu 54.42%
iter 14720: loss 4.1760, time 4539.68ms, mfu 54.40%
iter 14730: loss 4.1621, time 4657.31ms, mfu 54.24%
iter 14740: loss 4.0720, time 4428.46ms, mfu 54.37%
iter 14750: loss 4.1271, time 4511.27ms, mfu 54.39%
iter 14760: loss 4.2141, time 4554.74ms, mfu 54.35%
iter 14770: loss 4.2411, time 4528.68ms, mfu 54.35%
iter 14780: loss 4.1032, time 4452.82ms, mfu 54.44%
iter 14790: loss 4.1527, time 4536.13ms, mfu 54.42%
iter 14800: loss 4.1355, time 4459.92ms, mfu 54.50%
iter 14810: loss 4.1351, time 4571.71ms, mfu 54.43%
iter 14820: loss 4.1259, time 4487.77ms, mfu 54.47%
iter 14830: loss 4.1543, time 4455.50ms, mfu 54.55%
iter 14840: loss 4.1253, time 4541.64ms, mfu 54.51%
iter 14850: loss 4.1647, time 4411.68ms, mfu 54.64%
iter 14860: loss 4.1481, time 4420.38ms, mfu 54.74%
iter 14870: loss 4.2783, time 4438.13ms, mfu 54.81%
iter 14880: loss 4.0626, time 4557.44ms, mfu 54.73%
iter 14890: loss 4.1733, time 4545.02ms, mfu 54.67%
iter 14900: loss 4.0697, time 4487.46ms, mfu 54.69%
iter 14910: loss 4.1429, time 4497.94ms, mfu 54.69%
iter 14920: loss 4.1461, time 4522.14ms, mfu 54.66%
iter 14930: loss 4.0857, time 4416.45ms, mfu 54.77%
iter 14940: loss 4.1602, time 4486.24ms, mfu 54.78%
iter 14950: loss 4.0870, time 4497.22ms, mfu 54.77%
iter 14960: loss 4.1545, time 4734.96ms, mfu 54.49%
iter 14970: loss 4.0581, time 4475.85ms, mfu 54.54%
iter 14980: loss 4.1186, time 4470.01ms, mfu 54.59%
iter 14990: loss 4.1327, time 4535.57ms, mfu 54.56%
step 15000: train loss 4.0029, val loss 4.0116
saving checkpoint to /net/scratch2/junyuren/nanoGPT-manifold/out-openwebtext-grassmann
iter 15000: loss 4.0809, time 25197.88ms, mfu 50.08%
iter 15010: loss 4.1355, time 4484.27ms, mfu 50.56%
iter 15020: loss 4.1118, time 4587.78ms, mfu 50.87%
iter 15030: loss 4.1557, time 4532.60ms, mfu 51.21%
iter 15040: loss 4.1570, time 4485.80ms, mfu 51.57%
iter 15050: loss 4.0792, time 4436.65ms, mfu 51.96%
iter 15060: loss 4.1137, time 4464.84ms, mfu 52.28%
iter 15070: loss 4.1495, time 4456.17ms, mfu 52.57%
iter 15080: loss 4.1420, time 4450.65ms, mfu 52.84%
iter 15090: loss 4.1534, time 4434.71ms, mfu 53.11%
iter 15100: loss 4.1232, time 4591.52ms, mfu 53.16%
iter 15110: loss 4.0784, time 4511.53ms, mfu 53.30%
iter 15120: loss 4.1710, time 4559.67ms, mfu 53.36%
iter 15130: loss 4.1900, time 4655.52ms, mfu 53.31%
iter 15140: loss 4.0807, time 4464.01ms, mfu 53.49%
iter 15150: loss 4.1004, time 4460.71ms, mfu 53.66%
iter 15160: loss 4.1703, time 4521.49ms, mfu 53.74%
iter 15170: loss 4.1662, time 4484.20ms, mfu 53.85%
iter 15180: loss 4.1783, time 4394.43ms, mfu 54.07%
iter 15190: loss 4.1615, time 4493.92ms, mfu 54.13%
iter 15200: loss 4.1807, time 4539.97ms, mfu 54.14%
iter 15210: loss 4.1279, time 4537.07ms, mfu 54.15%
iter 15220: loss 4.1414, time 4584.23ms, mfu 54.10%
iter 15230: loss 4.1371, time 4598.81ms, mfu 54.04%
iter 15240: loss 4.1027, time 4607.88ms, mfu 53.98%
iter 15250: loss 4.1251, time 4511.43ms, mfu 54.04%
iter 15260: loss 4.1309, time 4460.97ms, mfu 54.15%
iter 15270: loss 4.1882, time 4570.70ms, mfu 54.12%
iter 15280: loss 4.1851, time 4449.81ms, mfu 54.24%
iter 15290: loss 4.0441, time 4501.66ms, mfu 54.28%
iter 15300: loss 4.1671, time 4486.95ms, mfu 54.34%
iter 15310: loss 4.1045, time 4505.46ms, mfu 54.36%
iter 15320: loss 4.1476, time 4456.17ms, mfu 54.45%
iter 15330: loss 4.1117, time 4477.17ms, mfu 54.50%
iter 15340: loss 4.0491, time 4506.91ms, mfu 54.51%
iter 15350: loss 4.1604, time 4556.57ms, mfu 54.46%
iter 15360: loss 4.1713, time 4583.17ms, mfu 54.38%
iter 15370: loss 4.2006, time 4578.91ms, mfu 54.32%
iter 15380: loss 4.1574, time 4486.04ms, mfu 54.37%
iter 15390: loss 4.1166, time 4431.92ms, mfu 54.49%
iter 15400: loss 4.1794, time 4500.25ms, mfu 54.51%
iter 15410: loss 4.1512, time 4546.64ms, mfu 54.47%
iter 15420: loss 4.1833, time 4511.83ms, mfu 54.48%
iter 15430: loss 4.1474, time 4532.85ms, mfu 54.46%
iter 15440: loss 4.0610, time 4416.98ms, mfu 54.58%
iter 15450: loss 4.1526, time 4516.10ms, mfu 54.57%
iter 15460: loss 4.0357, time 4496.38ms, mfu 54.59%
iter 15470: loss 4.1325, time 4476.16ms, mfu 54.63%
iter 15480: loss 4.1094, time 4600.36ms, mfu 54.51%
iter 15490: loss 4.1292, time 4611.62ms, mfu 54.40%
iter 15500: loss 4.1113, time 4503.18ms, mfu 54.42%
iter 15510: loss 4.1511, time 4660.77ms, mfu 54.26%
iter 15520: loss 4.0813, time 4637.75ms, mfu 54.14%
iter 15530: loss 4.1368, time 4536.24ms, mfu 54.15%
iter 15540: loss 4.0757, time 4543.92ms, mfu 54.15%
iter 15550: loss 4.1701, time 4572.58ms, mfu 54.12%
iter 15560: loss 4.1676, time 4460.58ms, mfu 54.22%
iter 15570: loss 4.1307, time 4599.65ms, mfu 54.15%
iter 15580: loss 4.1305, time 4499.11ms, mfu 54.20%
iter 15590: loss 4.1200, time 4478.73ms, mfu 54.28%
iter 15600: loss 4.1387, time 4573.61ms, mfu 54.23%
iter 15610: loss 4.0522, time 4509.47ms, mfu 54.26%
iter 15620: loss 4.1229, time 4536.31ms, mfu 54.26%
iter 15630: loss 4.1647, time 4462.82ms, mfu 54.35%
iter 15640: loss 4.1166, time 4470.49ms, mfu 54.42%
iter 15650: loss 4.0899, time 4538.92ms, mfu 54.40%
iter 15660: loss 4.0757, time 4456.52ms, mfu 54.48%
iter 15670: loss 4.1673, time 4689.63ms, mfu 54.28%
iter 15680: loss 4.2128, time 4539.32ms, mfu 54.27%
iter 15690: loss 4.0843, time 4554.64ms, mfu 54.25%
iter 15700: loss 4.0983, time 4530.27ms, mfu 54.26%
iter 15710: loss 4.1239, time 4464.11ms, mfu 54.34%
iter 15720: loss 4.1341, time 4462.99ms, mfu 54.42%
iter 15730: loss 4.1545, time 4531.15ms, mfu 54.41%
iter 15740: loss 4.1603, time 4494.48ms, mfu 54.44%
iter 15750: loss 4.0898, time 4504.09ms, mfu 54.46%
iter 15760: loss 4.0944, time 4489.74ms, mfu 54.50%
iter 15770: loss 4.1226, time 4516.74ms, mfu 54.50%
iter 15780: loss 4.2124, time 4607.51ms, mfu 54.39%
iter 15790: loss 4.1236, time 4616.08ms, mfu 54.28%
iter 15800: loss 4.1926, time 4474.19ms, mfu 54.35%
iter 15810: loss 4.1942, time 4608.93ms, mfu 54.26%
iter 15820: loss 4.1460, time 4575.76ms, mfu 54.21%
iter 15830: loss 4.1685, time 4512.81ms, mfu 54.24%
iter 15840: loss 4.1996, time 4567.12ms, mfu 54.20%
iter 15850: loss 4.1263, time 4539.87ms, mfu 54.20%
iter 15860: loss 4.1357, time 4449.30ms, mfu 54.31%
iter 15870: loss 4.2224, time 4511.39ms, mfu 54.34%
iter 15880: loss 4.1379, time 4507.03ms, mfu 54.36%
iter 15890: loss 4.0673, time 4534.18ms, mfu 54.35%
iter 15900: loss 4.1771, time 4440.89ms, mfu 54.46%
iter 15910: loss 4.1186, time 4602.35ms, mfu 54.36%
iter 15920: loss 4.1757, time 4510.43ms, mfu 54.38%
iter 15930: loss 3.9846, time 4528.06ms, mfu 54.38%
iter 15940: loss 4.2013, time 4543.57ms, mfu 54.36%
iter 15950: loss 4.1030, time 4608.34ms, mfu 54.26%
iter 15960: loss 4.2236, time 4408.74ms, mfu 54.42%
iter 15970: loss 4.1424, time 4440.98ms, mfu 54.51%
iter 15980: loss 4.1490, time 4432.44ms, mfu 54.61%
iter 15990: loss 4.0762, time 4505.04ms, mfu 54.62%
step 16000: train loss 3.9984, val loss 4.0082
saving checkpoint to /net/scratch2/junyuren/nanoGPT-manifold/out-openwebtext-grassmann
iter 16000: loss 4.1150, time 26004.44ms, mfu 50.10%
iter 16010: loss 4.1823, time 4371.97ms, mfu 50.72%
iter 16020: loss 4.0737, time 4552.32ms, mfu 51.05%
iter 16030: loss 4.1076, time 4508.28ms, mfu 51.41%
iter 16040: loss 4.1404, time 4453.56ms, mfu 51.79%
iter 16050: loss 4.1038, time 4601.06ms, mfu 51.96%
iter 16060: loss 4.1396, time 4638.49ms, mfu 52.07%
iter 16070: loss 4.1630, time 4580.09ms, mfu 52.23%
iter 16080: loss 4.1515, time 4452.45ms, mfu 52.54%
iter 16090: loss 4.1166, time 4466.86ms, mfu 52.79%
iter 16100: loss 4.2244, time 4614.82ms, mfu 52.85%
iter 16110: loss 4.1942, time 4493.54ms, mfu 53.04%
iter 16120: loss 4.1144, time 4422.27ms, mfu 53.30%
iter 16130: loss 4.0630, time 4573.89ms, mfu 53.35%
iter 16140: loss 4.1642, time 4534.01ms, mfu 53.44%
iter 16150: loss 4.1094, time 4530.94ms, mfu 53.53%
iter 16160: loss 4.1187, time 4507.15ms, mfu 53.64%
iter 16170: loss 4.1093, time 4608.71ms, mfu 53.61%
iter 16180: loss 4.1394, time 4425.00ms, mfu 53.81%
iter 16190: loss 4.1554, time 4589.13ms, mfu 53.79%
iter 16200: loss 4.1357, time 4456.49ms, mfu 53.93%
iter 16210: loss 4.0935, time 4497.94ms, mfu 54.01%
iter 16220: loss 4.1709, time 4474.91ms, mfu 54.11%
iter 16230: loss 4.1164, time 4485.18ms, mfu 54.19%
iter 16240: loss 4.1206, time 4522.67ms, mfu 54.21%
iter 16250: loss 4.1910, time 4580.58ms, mfu 54.16%
iter 16260: loss 4.0674, time 4555.30ms, mfu 54.15%
iter 16270: loss 4.1198, time 4539.03ms, mfu 54.15%
iter 16280: loss 4.1667, time 4717.79ms, mfu 53.95%
iter 16290: loss 4.1498, time 4387.04ms, mfu 54.17%
iter 16300: loss 4.0951, time 4448.63ms, mfu 54.28%
iter 16310: loss 4.1503, time 4587.01ms, mfu 54.22%
iter 16320: loss 4.0372, time 4441.13ms, mfu 54.34%
iter 16330: loss 4.1311, time 4493.45ms, mfu 54.38%
iter 16340: loss 4.1696, time 4593.69ms, mfu 54.30%
iter 16350: loss 4.1451, time 4506.29ms, mfu 54.33%
iter 16360: loss 4.1576, time 4463.11ms, mfu 54.41%
iter 16370: loss 4.1414, time 4563.95ms, mfu 54.36%
iter 16380: loss 4.1033, time 4683.01ms, mfu 54.18%
iter 16390: loss 4.1237, time 4573.57ms, mfu 54.14%
iter 16400: loss 4.1047, time 4474.12ms, mfu 54.23%
iter 16410: loss 4.1045, time 4435.76ms, mfu 54.35%
iter 16420: loss 4.1135, time 4602.98ms, mfu 54.26%
iter 16430: loss 4.1865, time 4696.03ms, mfu 54.08%
iter 16440: loss 4.1448, time 4578.59ms, mfu 54.04%
iter 16450: loss 4.1236, time 4460.79ms, mfu 54.16%
iter 16460: loss 4.1255, time 4495.12ms, mfu 54.21%
iter 16470: loss 4.1135, time 4606.27ms, mfu 54.14%
iter 16480: loss 4.1179, time 4513.78ms, mfu 54.17%
iter 16490: loss 4.1233, time 4555.12ms, mfu 54.16%
iter 16500: loss 4.1267, time 4465.77ms, mfu 54.25%
iter 16510: loss 4.1746, time 4445.79ms, mfu 54.36%
iter 16520: loss 4.1090, time 4520.85ms, mfu 54.37%
iter 16530: loss 4.0974, time 4606.44ms, mfu 54.27%
iter 16540: loss 4.1288, time 4438.60ms, mfu 54.39%
iter 16550: loss 4.1745, time 4543.27ms, mfu 54.37%
iter 16560: loss 4.1414, time 4447.27ms, mfu 54.46%
iter 16570: loss 4.0658, time 4489.13ms, mfu 54.50%
iter 16580: loss 4.1089, time 4437.91ms, mfu 54.59%
iter 16590: loss 4.1344, time 4471.89ms, mfu 54.64%
iter 16600: loss 4.1468, time 4471.56ms, mfu 54.68%
iter 16610: loss 4.1152, time 4571.92ms, mfu 54.59%
iter 16620: loss 4.1385, time 4629.54ms, mfu 54.45%
iter 16630: loss 4.1158, time 4569.80ms, mfu 54.39%
iter 16640: loss 4.1340, time 4634.46ms, mfu 54.26%
iter 16650: loss 4.0561, time 4595.69ms, mfu 54.19%
iter 16660: loss 4.0911, time 4479.35ms, mfu 54.26%
iter 16670: loss 4.1602, time 4559.06ms, mfu 54.23%
iter 16680: loss 4.2052, time 4572.17ms, mfu 54.19%
iter 16690: loss 4.1017, time 4565.11ms, mfu 54.16%
iter 16700: loss 4.1772, time 4529.17ms, mfu 54.18%
iter 16710: loss 4.1427, time 4535.21ms, mfu 54.19%
iter 16720: loss 4.1677, time 4552.40ms, mfu 54.17%
iter 16730: loss 4.1062, time 4539.30ms, mfu 54.18%
iter 16740: loss 4.1055, time 4505.38ms, mfu 54.22%
iter 16750: loss 4.1327, time 4662.36ms, mfu 54.08%
iter 16760: loss 4.0381, time 4504.06ms, mfu 54.13%
iter 16770: loss 4.1623, time 4561.96ms, mfu 54.11%
iter 16780: loss 4.1689, time 4500.51ms, mfu 54.17%
iter 16790: loss 4.1573, time 4528.54ms, mfu 54.19%
iter 16800: loss 4.1054, time 4450.63ms, mfu 54.30%
iter 16810: loss 4.0730, time 4510.45ms, mfu 54.32%
iter 16820: loss 4.1474, time 4440.01ms, mfu 54.43%
iter 16830: loss 4.1558, time 4511.74ms, mfu 54.44%
iter 16840: loss 4.1489, time 4475.26ms, mfu 54.50%
iter 16850: loss 4.0797, time 4710.78ms, mfu 54.27%
iter 16860: loss 4.1448, time 4496.83ms, mfu 54.32%
iter 16870: loss 4.1050, time 4544.83ms, mfu 54.30%
iter 16880: loss 4.0825, time 4603.18ms, mfu 54.22%
iter 16890: loss 4.0984, time 4469.39ms, mfu 54.30%
iter 16900: loss 4.0698, time 4411.64ms, mfu 54.45%
iter 16910: loss 4.2223, time 4586.70ms, mfu 54.37%
iter 16920: loss 4.1367, time 4496.39ms, mfu 54.40%
iter 16930: loss 4.1766, time 4498.86ms, mfu 54.43%
iter 16940: loss 4.2217, time 4449.21ms, mfu 54.52%
iter 16950: loss 4.0733, time 4566.41ms, mfu 54.46%
iter 16960: loss 4.1900, time 4542.11ms, mfu 54.43%
iter 16970: loss 4.1648, time 4471.41ms, mfu 54.49%
iter 16980: loss 4.1867, time 4570.59ms, mfu 54.43%
iter 16990: loss 4.1230, time 4648.44ms, mfu 54.28%
step 17000: train loss 4.0305, val loss 4.0435
saving checkpoint to /net/scratch2/junyuren/nanoGPT-manifold/out-openwebtext-grassmann
iter 17000: loss 4.1571, time 25826.00ms, mfu 49.80%
iter 17010: loss 4.1442, time 4486.77ms, mfu 50.31%
iter 17020: loss 4.0722, time 4615.03ms, mfu 50.61%
iter 17030: loss 4.0778, time 4566.17ms, mfu 50.94%
iter 17040: loss 4.1195, time 4572.64ms, mfu 51.22%
iter 17050: loss 4.1867, time 4469.55ms, mfu 51.61%
iter 17060: loss 4.1050, time 4528.67ms, mfu 51.88%
iter 17070: loss 4.0670, time 4408.04ms, mfu 52.27%
iter 17080: loss 4.1326, time 4521.38ms, mfu 52.49%
iter 17090: loss 4.1379, time 4440.33ms, mfu 52.78%
iter 17100: loss 4.1204, time 4402.06ms, mfu 53.09%
iter 17110: loss 4.1663, time 4626.30ms, mfu 53.10%
iter 17120: loss 4.1585, time 4545.35ms, mfu 53.21%
iter 17130: loss 4.2921, time 4570.00ms, mfu 53.27%
iter 17140: loss 4.1716, time 4447.76ms, mfu 53.48%
iter 17150: loss 4.0864, time 4494.18ms, mfu 53.60%
iter 17160: loss 4.0950, time 4490.34ms, mfu 53.72%
iter 17170: loss 4.1027, time 4475.81ms, mfu 53.85%
iter 17180: loss 4.0972, time 4600.45ms, mfu 53.81%
iter 17190: loss 4.2253, time 4518.13ms, mfu 53.88%
iter 17200: loss 4.1666, time 4541.71ms, mfu 53.91%
iter 17210: loss 4.1733, time 4493.59ms, mfu 53.99%
iter 17220: loss 4.0716, time 4524.35ms, mfu 54.03%
iter 17230: loss 4.1851, time 4555.95ms, mfu 54.03%
iter 17240: loss 4.0670, time 4653.37ms, mfu 53.92%
iter 17250: loss 4.1298, time 4460.26ms, mfu 54.04%
iter 17260: loss 4.1290, time 4504.92ms, mfu 54.10%
iter 17270: loss 4.1533, time 4453.45ms, mfu 54.22%
iter 17280: loss 4.1569, time 4539.86ms, mfu 54.21%
iter 17290: loss 4.1231, time 4516.28ms, mfu 54.24%
iter 17300: loss 4.1331, time 4515.05ms, mfu 54.27%
iter 17310: loss 4.0625, time 4468.61ms, mfu 54.35%
iter 17320: loss 4.1522, time 4466.08ms, mfu 54.42%
iter 17330: loss 4.1840, time 4490.80ms, mfu 54.46%
iter 17340: loss 4.1244, time 4497.88ms, mfu 54.49%
iter 17350: loss 4.1288, time 4446.87ms, mfu 54.57%
iter 17360: loss 4.1527, time 4440.12ms, mfu 54.66%
iter 17370: loss 4.1069, time 4598.84ms, mfu 54.54%
iter 17380: loss 4.0439, time 4563.36ms, mfu 54.48%
iter 17390: loss 4.0277, time 4422.82ms, mfu 54.60%
iter 17400: loss 4.0779, time 4595.96ms, mfu 54.49%
iter 17410: loss 4.0863, time 4516.46ms, mfu 54.49%
iter 17420: loss 4.2484, time 4438.09ms, mfu 54.58%
iter 17430: loss 4.1102, time 4515.02ms, mfu 54.58%
iter 17440: loss 4.1630, time 4507.91ms, mfu 54.58%
iter 17450: loss 4.1394, time 4469.10ms, mfu 54.63%
iter 17460: loss 4.1629, time 4477.28ms, mfu 54.66%
iter 17470: loss 4.0573, time 4615.85ms, mfu 54.52%
iter 17480: loss 4.1429, time 4434.77ms, mfu 54.62%
iter 17490: loss 4.1606, time 4517.33ms, mfu 54.61%
iter 17500: loss 4.0721, time 4453.98ms, mfu 54.67%
iter 17510: loss 4.1900, time 4611.53ms, mfu 54.54%
iter 17520: loss 4.1129, time 4658.95ms, mfu 54.37%
iter 17530: loss 4.0238, time 4512.40ms, mfu 54.38%
iter 17540: loss 4.1300, time 4614.19ms, mfu 54.28%
iter 17550: loss 4.2160, time 4522.42ms, mfu 54.29%
iter 17560: loss 4.1547, time 4517.79ms, mfu 54.31%
iter 17570: loss 4.0881, time 4486.82ms, mfu 54.36%
iter 17580: loss 4.2013, time 4537.56ms, mfu 54.35%
iter 17590: loss 4.0991, time 4481.30ms, mfu 54.41%
iter 17600: loss 4.0759, time 4502.09ms, mfu 54.43%
iter 17610: loss 4.1412, time 4620.10ms, mfu 54.31%
iter 17620: loss 4.2598, time 4466.93ms, mfu 54.39%
iter 17630: loss 4.1141, time 4588.37ms, mfu 54.32%
iter 17640: loss 4.1437, time 4511.86ms, mfu 54.34%
iter 17650: loss 4.0235, time 4486.66ms, mfu 54.39%
iter 17660: loss 4.1071, time 4498.17ms, mfu 54.42%
iter 17670: loss 4.1700, time 4495.03ms, mfu 54.45%
iter 17680: loss 4.0711, time 4478.15ms, mfu 54.50%
iter 17690: loss 4.1634, time 4668.00ms, mfu 54.32%
iter 17700: loss 4.0161, time 4549.73ms, mfu 54.30%
iter 17710: loss 4.1625, time 4521.22ms, mfu 54.31%
iter 17720: loss 4.1131, time 4525.43ms, mfu 54.32%
iter 17730: loss 4.1712, time 4426.24ms, mfu 54.45%
iter 17740: loss 4.1219, time 4582.00ms, mfu 54.37%
iter 17750: loss 4.1304, time 4670.96ms, mfu 54.20%
iter 17760: loss 4.0843, time 4483.57ms, mfu 54.27%
iter 17770: loss 4.0622, time 4510.94ms, mfu 54.30%
iter 17780: loss 4.1204, time 4619.93ms, mfu 54.20%
iter 17790: loss 4.0241, time 4644.41ms, mfu 54.07%
iter 17800: loss 4.1437, time 4444.04ms, mfu 54.20%
iter 17810: loss 4.0940, time 4567.79ms, mfu 54.17%
iter 17820: loss 4.1051, time 4560.26ms, mfu 54.15%
iter 17830: loss 4.1517, time 4563.49ms, mfu 54.13%
iter 17840: loss 4.1091, time 4525.78ms, mfu 54.15%
iter 17850: loss 4.1399, time 4622.73ms, mfu 54.06%
iter 17860: loss 4.1296, time 4524.91ms, mfu 54.09%
iter 17870: loss 4.0785, time 4516.15ms, mfu 54.13%
iter 17880: loss 4.2252, time 4567.01ms, mfu 54.11%
iter 17890: loss 4.1660, time 4564.19ms, mfu 54.09%
iter 17900: loss 4.2076, time 4516.49ms, mfu 54.13%
iter 17910: loss 4.2577, time 4575.99ms, mfu 54.09%
iter 17920: loss 4.1568, time 4573.00ms, mfu 54.06%
iter 17930: loss 4.0929, time 4558.63ms, mfu 54.06%
iter 17940: loss 4.1079, time 4672.00ms, mfu 53.92%
iter 17950: loss 4.0624, time 4628.94ms, mfu 53.84%
iter 17960: loss 4.2021, time 4746.67ms, mfu 53.64%
iter 17970: loss 4.0916, time 4582.46ms, mfu 53.65%
iter 17980: loss 4.0510, time 4540.15ms, mfu 53.70%
iter 17990: loss 4.0786, time 4490.75ms, mfu 53.81%
step 18000: train loss 4.0370, val loss 4.0442
saving checkpoint to /net/scratch2/junyuren/nanoGPT-manifold/out-openwebtext-grassmann
iter 18000: loss 4.2152, time 26620.05ms, mfu 49.36%
iter 18010: loss 4.1225, time 4537.79ms, mfu 49.84%
iter 18020: loss 4.1460, time 4476.22ms, mfu 50.36%
iter 18030: loss 4.0472, time 4652.13ms, mfu 50.61%
iter 18040: loss 4.1522, time 4554.72ms, mfu 50.95%
iter 18050: loss 4.1860, time 4452.60ms, mfu 51.38%
iter 18060: loss 4.0824, time 4499.61ms, mfu 51.71%
iter 18070: loss 4.1749, time 4553.48ms, mfu 51.95%
iter 18080: loss 4.1891, time 4583.34ms, mfu 52.12%
iter 18090: loss 4.0829, time 4509.83ms, mfu 52.37%
iter 18100: loss 4.0475, time 4598.85ms, mfu 52.48%
iter 18110: loss 4.1198, time 4579.83ms, mfu 52.60%
iter 18120: loss 4.0773, time 4435.28ms, mfu 52.89%
iter 18130: loss 4.1345, time 4507.86ms, mfu 53.06%
iter 18140: loss 4.1947, time 4497.14ms, mfu 53.23%
iter 18150: loss 4.0632, time 4654.15ms, mfu 53.19%
iter 18160: loss 4.0738, time 4617.32ms, mfu 53.20%
iter 18170: loss 4.1353, time 4618.85ms, mfu 53.21%
iter 18180: loss 4.1032, time 4534.41ms, mfu 53.32%
iter 18190: loss 4.0789, time 4700.54ms, mfu 53.22%
iter 18200: loss 4.1134, time 4487.03ms, mfu 53.38%
iter 18210: loss 4.0878, time 4477.32ms, mfu 53.54%
iter 18220: loss 4.1395, time 4496.70ms, mfu 53.66%
iter 18230: loss 4.0982, time 4478.20ms, mfu 53.79%
iter 18240: loss 4.1163, time 4558.26ms, mfu 53.81%
iter 18250: loss 4.1437, time 4510.54ms, mfu 53.88%
iter 18260: loss 4.0864, time 4491.97ms, mfu 53.97%
iter 18270: loss 4.1009, time 4492.91ms, mfu 54.05%
iter 18280: loss 4.0230, time 4514.00ms, mfu 54.10%
iter 18290: loss 4.0517, time 4573.67ms, mfu 54.07%
iter 18300: loss 4.1027, time 4712.38ms, mfu 53.88%
iter 18310: loss 4.0938, time 4673.85ms, mfu 53.76%
iter 18320: loss 4.1706, time 4508.69ms, mfu 53.84%
iter 18330: loss 4.1879, time 4597.69ms, mfu 53.81%
iter 18340: loss 4.0970, time 4593.95ms, mfu 53.79%
iter 18350: loss 4.0691, time 4734.05ms, mfu 53.60%
iter 18360: loss 4.1176, time 4511.14ms, mfu 53.70%
iter 18370: loss 4.1188, time 4511.80ms, mfu 53.78%
iter 18380: loss 4.2238, time 4557.52ms, mfu 53.80%
iter 18390: loss 4.1301, time 4577.03ms, mfu 53.80%
iter 18400: loss 4.0505, time 4627.04ms, mfu 53.74%
iter 18410: loss 4.1238, time 4492.23ms, mfu 53.84%
