Overriding config with config/train_openwebtext_per_block_resume.py:
# Resume OpenWebText per_block from checkpoint
# Continuing from step 12000

# I/O
out_dir = '/net/scratch2/junyuren/nanoGPT-manifold/out-openwebtext-per-block'
eval_interval = 1000
eval_iters = 200
log_interval = 10
always_save_checkpoint = True

# CRITICAL: Resume from checkpoint
init_from = 'resume'

wandb_log = False
wandb_project = 'openwebtext'
wandb_run_name = 'grassmann-6L-384d-per-block-resume'

# Data
dataset = 'openwebtext'
data_dir = '/net/scratch2/junyuren/nanoGPT-manifold/data/openwebtext'
gradient_accumulation_steps = 40
batch_size = 64
block_size = 1024

# Model
n_layer = 6
n_head = 6
n_embd = 384
dropout = 0.2
bias = False

# AdamW optimizer
learning_rate = 1e-3
max_iters = 100000
lr_decay_iters = 100000
min_lr = 1e-4
beta1 = 0.9
beta2 = 0.99
weight_decay = 1e-1
grad_clip = 1.0

decay_lr = True
warmup_iters = 2000

# Grassmann config - per_block
use_grassmann = True
grassmann_phase = 'phase2.5'

# Per-block configuration
grass_rank_c_attn = [28, 24, 14, 20, 25, 35]
grass_scale_c_attn = [4.8777, 3.3336, 5.8826, 5.2249, 4.7100, 3.7471]

grass_rank_mlp_fc = [11, 8, 9, 10, 11, 12]
grass_scale_mlp_fc = [8.7494, 10.5926, 10.7750, 10.7579, 10.3549, 9.5935]

grass_rank = 24
grass_lr = 8e-3
grass_a = 1.0
grass_b = 0.0
grass_alpha = 0.01
grass_steps = 10
grass_tol = 1e-6

# System
device = 'cuda'
dtype = 'bfloat16'
compile = True

tokens per iteration will be: 2,621,440
Resuming training from /net/scratch2/junyuren/nanoGPT-manifold/out-openwebtext-per-block
number of parameters: 29.94M

=== Phase phase2.5 Grassmann Configuration ===
  Variant .5: attn.c_proj uses AdamW (not Grassmann)

Per-block configuration (6 blocks):
  c_attn ranks:       [28, 24, 14, 20, 25, 35]
  c_attn scales:      ['4.88', '3.33', '5.88', '5.22', '4.71', '3.75']
  mlp.c_fc ranks:     [11, 8, 9, 10, 11, 12]
  mlp.c_fc scales:    ['8.75', '10.59', '10.78', '10.76', '10.35', '9.59']
Grassmann Muon parameters: 6 weight matrices, 3,538,944 params
AdamW decay parameters: 20 tensors, 26,787,840 params
AdamW no-decay parameters: 13 tensors, 4,992 params
  transformer.h.0.mlp.c_fc.weight: k=4, G_{1.0,0.0,11}, lr=0.008, scale=8.7494, type=vertical
  transformer.h.1.mlp.c_fc.weight: k=4, G_{1.0,0.0,8}, lr=0.008, scale=10.5926, type=vertical
  transformer.h.2.mlp.c_fc.weight: k=4, G_{1.0,0.0,9}, lr=0.008, scale=10.775, type=vertical
  transformer.h.3.mlp.c_fc.weight: k=4, G_{1.0,0.0,10}, lr=0.008, scale=10.7579, type=vertical
  transformer.h.4.mlp.c_fc.weight: k=4, G_{1.0,0.0,11}, lr=0.008, scale=10.3549, type=vertical
  transformer.h.5.mlp.c_fc.weight: k=4, G_{1.0,0.0,12}, lr=0.008, scale=9.5935, type=vertical
using fused AdamW: True

=== Setting up component-specific dropout ===
AdamW components: dropout = 0.2
Grassmann components: dropout = 0.1
Component-specific dropout setup complete.

=== Setting up norm-preserving scaling (Phase phase2.5) ===
  Added frozen 0.5×I scaling after mlp.c_fc (device=cuda:0)
  Added frozen 0.5×I scaling after mlp.c_fc (device=cuda:0)
  Added frozen 0.5×I scaling after mlp.c_fc (device=cuda:0)
  Added frozen 0.5×I scaling after mlp.c_fc (device=cuda:0)
  Added frozen 0.5×I scaling after mlp.c_fc (device=cuda:0)
  Added frozen 0.5×I scaling after mlp.c_fc (device=cuda:0)
Norm-preserving scaling setup complete.
compiling the model... (takes a ~minute)
step 53000: train loss 3.9766, val loss 3.9844
saving checkpoint to /net/scratch2/junyuren/nanoGPT-manifold/out-openwebtext-per-block
iter 53000: loss 4.0056, time 27846.69ms, mfu -100.00%
iter 53010: loss 4.1463, time 2639.92ms, mfu 93.21%
iter 53020: loss 4.0648, time 2636.32ms, mfu 93.23%
iter 53030: loss 4.1246, time 2640.33ms, mfu 93.22%
iter 53040: loss 4.1640, time 2651.81ms, mfu 93.18%
iter 53050: loss 4.1647, time 2636.77ms, mfu 93.20%
iter 53060: loss 4.1807, time 2651.63ms, mfu 93.16%
iter 53070: loss 3.9925, time 2656.01ms, mfu 93.11%
iter 53080: loss 4.0686, time 2648.44ms, mfu 93.09%
iter 53090: loss 4.1681, time 2644.86ms, mfu 93.08%
iter 53100: loss 4.1548, time 2645.48ms, mfu 93.08%
iter 53110: loss 4.0793, time 2651.71ms, mfu 93.05%
iter 53120: loss 4.1421, time 2648.73ms, mfu 93.03%
iter 53130: loss 4.1041, time 2641.91ms, mfu 93.04%
iter 53140: loss 4.0969, time 2656.11ms, mfu 93.00%
iter 53150: loss 4.1414, time 2661.01ms, mfu 92.95%
iter 53160: loss 4.1109, time 2647.62ms, mfu 92.95%
iter 53170: loss 4.0752, time 2647.23ms, mfu 92.95%
iter 53180: loss 4.1596, time 2643.09ms, mfu 92.97%
iter 53190: loss 4.1301, time 2645.73ms, mfu 92.97%
iter 53200: loss 4.2010, time 2640.96ms, mfu 92.99%
iter 53210: loss 4.1913, time 2645.73ms, mfu 92.99%
iter 53220: loss 4.0547, time 2644.56ms, mfu 93.00%
iter 53230: loss 4.0369, time 2652.33ms, mfu 92.98%
iter 53240: loss 4.1378, time 2651.01ms, mfu 92.96%
iter 53250: loss 4.1265, time 2646.56ms, mfu 92.96%
iter 53260: loss 4.1731, time 2641.84ms, mfu 92.98%
iter 53270: loss 4.1554, time 2640.12ms, mfu 93.00%
iter 53280: loss 4.1551, time 2638.85ms, mfu 93.03%
iter 53290: loss 4.1334, time 2639.32ms, mfu 93.05%
iter 53300: loss 4.1686, time 2651.57ms, mfu 93.02%
iter 53310: loss 4.1516, time 2640.04ms, mfu 93.04%
iter 53320: loss 4.1054, time 2646.53ms, mfu 93.04%
iter 53330: loss 4.0766, time 2637.36ms, mfu 93.06%
iter 53340: loss 4.1051, time 2648.18ms, mfu 93.05%
iter 53350: loss 4.1068, time 2646.09ms, mfu 93.04%
iter 53360: loss 4.1256, time 2647.22ms, mfu 93.04%
iter 53370: loss 4.0663, time 2646.84ms, mfu 93.03%
iter 53380: loss 4.0852, time 2649.38ms, mfu 93.01%
iter 53390: loss 4.1247, time 2647.05ms, mfu 93.01%
iter 53400: loss 4.1839, time 2659.19ms, mfu 92.96%
iter 53410: loss 4.0215, time 2649.14ms, mfu 92.95%
iter 53420: loss 4.0979, time 2638.78ms, mfu 92.98%
iter 53430: loss 4.0697, time 2639.72ms, mfu 93.01%
iter 53440: loss 4.0763, time 2643.54ms, mfu 93.02%
iter 53450: loss 4.0789, time 2643.31ms, mfu 93.02%
iter 53460: loss 4.0969, time 2642.39ms, mfu 93.03%
iter 53470: loss 4.0948, time 2645.16ms, mfu 93.03%
iter 53480: loss 4.0877, time 2650.55ms, mfu 93.01%
iter 53490: loss 4.1666, time 2637.98ms, mfu 93.04%
iter 53500: loss 4.1447, time 2642.63ms, mfu 93.05%
iter 53510: loss 4.1731, time 2652.20ms, mfu 93.02%
iter 53520: loss 4.0852, time 2656.57ms, mfu 92.98%
iter 53530: loss 4.1395, time 2651.42ms, mfu 92.97%
iter 53540: loss 4.0764, time 2645.30ms, mfu 92.97%
iter 53550: loss 4.1040, time 2655.19ms, mfu 92.94%
iter 53560: loss 4.0416, time 2636.88ms, mfu 92.98%
iter 53570: loss 4.1640, time 2638.04ms, mfu 93.01%
iter 53580: loss 4.1007, time 2653.62ms, mfu 92.98%
iter 53590: loss 4.2089, time 2649.31ms, mfu 92.97%
iter 53600: loss 4.1217, time 2643.21ms, mfu 92.99%
iter 53610: loss 4.1752, time 2658.74ms, mfu 92.94%
iter 53620: loss 4.0643, time 2650.30ms, mfu 92.93%
iter 53630: loss 4.1232, time 2636.00ms, mfu 92.97%
iter 53640: loss 4.1569, time 2644.76ms, mfu 92.98%
iter 53650: loss 3.9877, time 2647.49ms, mfu 92.98%
iter 53660: loss 4.0654, time 2648.03ms, mfu 92.97%
iter 53670: loss 4.1332, time 2642.30ms, mfu 92.99%
iter 53680: loss 4.1105, time 2642.96ms, mfu 93.00%
iter 53690: loss 4.0636, time 2659.15ms, mfu 92.95%
iter 53700: loss 4.0718, time 2649.44ms, mfu 92.95%
iter 53710: loss 4.1771, time 2649.14ms, mfu 92.94%
iter 53720: loss 4.0918, time 2648.71ms, mfu 92.94%
iter 53730: loss 4.0035, time 2645.38ms, mfu 92.95%
iter 53740: loss 4.1588, time 2643.25ms, mfu 92.96%
iter 53750: loss 4.2287, time 2648.75ms, mfu 92.96%
iter 53760: loss 4.1147, time 2640.34ms, mfu 92.98%
iter 53770: loss 4.0909, time 2646.20ms, mfu 92.98%
iter 53780: loss 4.0728, time 2643.29ms, mfu 92.99%
iter 53790: loss 4.0711, time 2656.38ms, mfu 92.96%
iter 53800: loss 4.0999, time 2654.15ms, mfu 92.93%
iter 53810: loss 4.0841, time 2656.12ms, mfu 92.90%
iter 53820: loss 4.1653, time 2635.87ms, mfu 92.95%
iter 53830: loss 4.0874, time 2650.17ms, mfu 92.94%
iter 53840: loss 4.1202, time 2642.32ms, mfu 92.96%
iter 53850: loss 4.1579, time 2638.63ms, mfu 92.99%
iter 53860: loss 4.1355, time 2642.52ms, mfu 93.00%
iter 53870: loss 4.0456, time 2655.16ms, mfu 92.97%
iter 53880: loss 4.0830, time 2653.71ms, mfu 92.95%
iter 53890: loss 4.1258, time 2650.19ms, mfu 92.94%
iter 53900: loss 4.0934, time 2647.43ms, mfu 92.94%
iter 53910: loss 4.0728, time 2644.08ms, mfu 92.95%
iter 53920: loss 4.1382, time 2655.69ms, mfu 92.92%
iter 53930: loss 4.1772, time 2652.31ms, mfu 92.91%
iter 53940: loss 4.1604, time 2647.50ms, mfu 92.91%
iter 53950: loss 4.1869, time 2639.72ms, mfu 92.94%
iter 53960: loss 4.0773, time 2653.70ms, mfu 92.92%
iter 53970: loss 4.1070, time 2642.36ms, mfu 92.94%
iter 53980: loss 4.1586, time 2640.71ms, mfu 92.97%
iter 53990: loss 4.0956, time 2638.72ms, mfu 93.00%
step 54000: train loss 3.9646, val loss 3.9832
saving checkpoint to /net/scratch2/junyuren/nanoGPT-manifold/out-openwebtext-per-block
iter 54000: loss 4.0674, time 17615.80ms, mfu 85.09%
iter 54010: loss 4.1650, time 2636.12ms, mfu 85.92%
iter 54020: loss 4.0714, time 2636.25ms, mfu 86.66%
iter 54030: loss 4.1376, time 2635.97ms, mfu 87.33%
iter 54040: loss 4.0915, time 2657.25ms, mfu 87.86%
iter 54050: loss 4.1539, time 2639.40ms, mfu 88.40%
iter 54060: loss 4.0195, time 2643.52ms, mfu 88.86%
iter 54070: loss 4.0786, time 2647.17ms, mfu 89.27%
iter 54080: loss 4.0875, time 2644.03ms, mfu 89.65%
iter 54090: loss 4.1266, time 2644.69ms, mfu 89.99%
iter 54100: loss 4.1209, time 2640.88ms, mfu 90.31%
iter 54110: loss 4.0775, time 2638.06ms, mfu 90.61%
iter 54120: loss 4.1324, time 2645.56ms, mfu 90.85%
iter 54130: loss 4.0891, time 2646.66ms, mfu 91.06%
iter 54140: loss 4.0404, time 2638.29ms, mfu 91.28%
iter 54150: loss 4.1241, time 2646.44ms, mfu 91.45%
iter 54160: loss 4.1347, time 2652.69ms, mfu 91.58%
iter 54170: loss 4.0461, time 2642.06ms, mfu 91.74%
iter 54180: loss 4.1197, time 2641.56ms, mfu 91.88%
iter 54190: loss 4.2348, time 2643.94ms, mfu 92.00%
iter 54200: loss 4.0498, time 2637.54ms, mfu 92.13%
iter 54210: loss 4.0672, time 2637.57ms, mfu 92.25%
iter 54220: loss 4.1995, time 2645.76ms, mfu 92.32%
iter 54230: loss 4.1294, time 2649.99ms, mfu 92.38%
iter 54240: loss 4.1298, time 2643.54ms, mfu 92.45%
iter 54250: loss 4.2085, time 2639.49ms, mfu 92.53%
iter 54260: loss 4.1815, time 2650.30ms, mfu 92.56%
iter 54270: loss 4.1450, time 2646.88ms, mfu 92.60%
iter 54280: loss 4.1554, time 2639.33ms, mfu 92.66%
iter 54290: loss 4.1623, time 2642.88ms, mfu 92.71%
iter 54300: loss 4.1187, time 2648.36ms, mfu 92.73%
iter 54310: loss 4.1430, time 2645.66ms, mfu 92.76%
iter 54320: loss 3.9646, time 2639.96ms, mfu 92.80%
iter 54330: loss 4.1342, time 2646.22ms, mfu 92.82%
iter 54340: loss 4.1891, time 2646.22ms, mfu 92.84%
iter 54350: loss 4.2071, time 2646.60ms, mfu 92.85%
iter 54360: loss 4.1120, time 2640.23ms, mfu 92.89%
iter 54370: loss 4.1610, time 2645.01ms, mfu 92.90%
iter 54380: loss 4.1163, time 2636.12ms, mfu 92.95%
iter 54390: loss 4.1257, time 2644.34ms, mfu 92.96%
iter 54400: loss 4.1611, time 2644.20ms, mfu 92.97%
iter 54410: loss 4.1722, time 2648.40ms, mfu 92.96%
iter 54420: loss 4.1946, time 2642.30ms, mfu 92.98%
iter 54430: loss 4.1616, time 2643.76ms, mfu 92.99%
iter 54440: loss 4.1014, time 2643.62ms, mfu 93.00%
iter 54450: loss 4.0167, time 2639.69ms, mfu 93.02%
iter 54460: loss 4.1561, time 2647.91ms, mfu 93.01%
iter 54470: loss 4.1630, time 2639.99ms, mfu 93.03%
iter 54480: loss 4.0737, time 2636.77ms, mfu 93.06%
iter 54490: loss 4.1272, time 2643.28ms, mfu 93.07%
iter 54500: loss 4.0529, time 2638.80ms, mfu 93.08%
iter 54510: loss 4.1111, time 2639.52ms, mfu 93.10%
iter 54520: loss 4.2038, time 2643.64ms, mfu 93.10%
iter 54530: loss 4.1797, time 2647.22ms, mfu 93.08%
iter 54540: loss 4.1346, time 2657.24ms, mfu 93.04%
iter 54550: loss 4.1497, time 2645.49ms, mfu 93.03%
iter 54560: loss 4.1645, time 2644.58ms, mfu 93.03%
iter 54570: loss 4.1110, time 2652.34ms, mfu 93.01%
iter 54580: loss 4.0868, time 2639.64ms, mfu 93.03%
iter 54590: loss 4.1349, time 2637.96ms, mfu 93.06%
iter 54600: loss 4.1095, time 2641.63ms, mfu 93.07%
iter 54610: loss 4.1033, time 2634.57ms, mfu 93.10%
iter 54620: loss 4.1702, time 2651.32ms, mfu 93.07%
iter 54630: loss 4.1771, time 2636.84ms, mfu 93.10%
iter 54640: loss 4.1281, time 2642.62ms, mfu 93.10%
iter 54650: loss 4.1580, time 2641.89ms, mfu 93.10%
iter 54660: loss 4.1446, time 2649.67ms, mfu 93.08%
iter 54670: loss 4.1353, time 2647.88ms, mfu 93.07%
iter 54680: loss 4.0904, time 2649.31ms, mfu 93.05%
iter 54690: loss 4.0914, time 2650.68ms, mfu 93.03%
iter 54700: loss 4.1665, time 2638.53ms, mfu 93.05%
iter 54710: loss 4.2027, time 2638.98ms, mfu 93.07%
iter 54720: loss 4.0591, time 2643.93ms, mfu 93.07%
iter 54730: loss 4.1338, time 2641.93ms, mfu 93.08%
iter 54740: loss 4.0889, time 2648.04ms, mfu 93.06%
iter 54750: loss 4.0041, time 2639.88ms, mfu 93.08%
iter 54760: loss 4.1074, time 2636.93ms, mfu 93.10%
iter 54770: loss 4.1868, time 2640.97ms, mfu 93.11%
iter 54780: loss 4.2053, time 2633.21ms, mfu 93.14%
iter 54790: loss 4.1119, time 2643.34ms, mfu 93.14%
iter 54800: loss 4.1163, time 2634.77ms, mfu 93.16%
iter 54810: loss 4.1337, time 2634.30ms, mfu 93.19%
iter 54820: loss 4.1354, time 2642.81ms, mfu 93.18%
iter 54830: loss 4.1675, time 2643.04ms, mfu 93.17%
iter 54840: loss 4.0885, time 2640.10ms, mfu 93.18%
iter 54850: loss 4.1170, time 2640.61ms, mfu 93.18%
iter 54860: loss 4.1235, time 2644.28ms, mfu 93.17%
iter 54870: loss 4.0237, time 2645.67ms, mfu 93.15%
iter 54880: loss 4.2100, time 2651.76ms, mfu 93.12%
iter 54890: loss 4.1231, time 2636.92ms, mfu 93.14%
iter 54900: loss 4.0714, time 2646.05ms, mfu 93.12%
iter 54910: loss 4.1392, time 2636.04ms, mfu 93.15%
iter 54920: loss 4.1750, time 2655.41ms, mfu 93.10%
iter 54930: loss 4.1510, time 2643.09ms, mfu 93.10%
iter 54940: loss 4.1027, time 2654.47ms, mfu 93.06%
iter 54950: loss 4.1723, time 2649.64ms, mfu 93.04%
iter 54960: loss 4.1845, time 2638.09ms, mfu 93.06%
iter 54970: loss 4.1071, time 2640.07ms, mfu 93.08%
iter 54980: loss 4.1019, time 2638.52ms, mfu 93.10%
iter 54990: loss 4.0577, time 2650.82ms, mfu 93.07%
step 55000: train loss 3.9729, val loss 3.9820
saving checkpoint to /net/scratch2/junyuren/nanoGPT-manifold/out-openwebtext-per-block
iter 55000: loss 4.1168, time 20507.96ms, mfu 84.96%
iter 55010: loss 4.1153, time 2640.99ms, mfu 85.78%
iter 55020: loss 4.0939, time 2650.66ms, mfu 86.49%
iter 55030: loss 4.0583, time 2643.03ms, mfu 87.15%
iter 55040: loss 4.0998, time 2646.15ms, mfu 87.74%
iter 55050: loss 4.1063, time 2644.02ms, mfu 88.27%
iter 55060: loss 4.2330, time 2644.46ms, mfu 88.75%
iter 55070: loss 4.0927, time 2647.46ms, mfu 89.17%
iter 55080: loss 4.1057, time 2638.06ms, mfu 89.58%
iter 55090: loss 4.0826, time 2645.61ms, mfu 89.92%
iter 55100: loss 3.9933, time 2644.86ms, mfu 90.23%
iter 55110: loss 4.0683, time 2641.02ms, mfu 90.53%
iter 55120: loss 4.0527, time 2644.10ms, mfu 90.78%
iter 55130: loss 4.0820, time 2636.86ms, mfu 91.04%
iter 55140: loss 4.0695, time 2642.12ms, mfu 91.25%
iter 55150: loss 4.1494, time 2641.96ms, mfu 91.44%
iter 55160: loss 4.1558, time 2641.30ms, mfu 91.61%
iter 55170: loss 4.1894, time 2637.26ms, mfu 91.78%
iter 55180: loss 4.0858, time 2644.98ms, mfu 91.90%
iter 55190: loss 4.1456, time 2642.81ms, mfu 92.02%
iter 55200: loss 4.0595, time 2645.52ms, mfu 92.12%
iter 55210: loss 4.2049, time 2657.22ms, mfu 92.17%
iter 55220: loss 4.0962, time 2637.56ms, mfu 92.28%
iter 55230: loss 4.0420, time 2648.11ms, mfu 92.35%
iter 55240: loss 4.1171, time 2653.37ms, mfu 92.39%
iter 55250: loss 4.1997, time 2656.96ms, mfu 92.41%
iter 55260: loss 4.0285, time 2644.60ms, mfu 92.47%
iter 55270: loss 4.1177, time 2640.25ms, mfu 92.55%
iter 55280: loss 4.1347, time 2643.74ms, mfu 92.60%
iter 55290: loss 4.1315, time 2639.63ms, mfu 92.66%
iter 55300: loss 4.1817, time 2648.47ms, mfu 92.69%
iter 55310: loss 4.0547, time 2644.92ms, mfu 92.72%
iter 55320: loss 4.0257, time 2638.51ms, mfu 92.78%
iter 55330: loss 4.0825, time 2651.02ms, mfu 92.78%
iter 55340: loss 4.1037, time 2645.57ms, mfu 92.81%
iter 55350: loss 4.2267, time 2637.29ms, mfu 92.86%
iter 55360: loss 4.1611, time 2633.08ms, mfu 92.92%
iter 55370: loss 4.1179, time 2641.30ms, mfu 92.94%
iter 55380: loss 4.0679, time 2642.41ms, mfu 92.96%
iter 55390: loss 4.0983, time 2648.69ms, mfu 92.95%
iter 55400: loss 4.1373, time 2645.84ms, mfu 92.96%
iter 55410: loss 4.1212, time 2645.41ms, mfu 92.96%
iter 55420: loss 4.1022, time 2640.25ms, mfu 92.99%
iter 55430: loss 3.9811, time 2644.08ms, mfu 93.00%
iter 55440: loss 4.1248, time 2641.72ms, mfu 93.01%
iter 55450: loss 4.2081, time 2645.15ms, mfu 93.01%
iter 55460: loss 4.1375, time 2644.56ms, mfu 93.02%
iter 55470: loss 4.1005, time 2650.27ms, mfu 93.00%
iter 55480: loss 4.1875, time 2646.79ms, mfu 93.00%
iter 55490: loss 4.0568, time 2642.99ms, mfu 93.01%
iter 55500: loss 4.1466, time 2639.88ms, mfu 93.03%
iter 55510: loss 4.0916, time 2638.92ms, mfu 93.05%
iter 55520: loss 4.1802, time 2651.02ms, mfu 93.03%
iter 55530: loss 4.0520, time 2653.80ms, mfu 93.00%
iter 55540: loss 4.1410, time 2645.93ms, mfu 93.00%
iter 55550: loss 4.1895, time 2641.92ms, mfu 93.01%
iter 55560: loss 4.1069, time 2645.73ms, mfu 93.01%
iter 55570: loss 4.1675, time 2652.63ms, mfu 92.99%
iter 55580: loss 4.0237, time 2647.75ms, mfu 92.98%
iter 55590: loss 4.1541, time 2640.44ms, mfu 93.00%
iter 55600: loss 4.1485, time 2649.57ms, mfu 92.99%
iter 55610: loss 4.1177, time 2648.81ms, mfu 92.98%
iter 55620: loss 4.0749, time 2651.96ms, mfu 92.96%
iter 55630: loss 4.2038, time 2641.66ms, mfu 92.98%
iter 55640: loss 4.0899, time 2649.53ms, mfu 92.97%
iter 55650: loss 4.0650, time 2642.75ms, mfu 92.99%
iter 55660: loss 4.1212, time 2643.68ms, mfu 93.00%
iter 55670: loss 4.0606, time 2645.12ms, mfu 93.00%
iter 55680: loss 4.1192, time 2649.45ms, mfu 92.99%
iter 55690: loss 4.1122, time 2637.34ms, mfu 93.02%
iter 55700: loss 4.0574, time 2650.65ms, mfu 93.00%
iter 55710: loss 4.0272, time 2643.95ms, mfu 93.01%
iter 55720: loss 4.1270, time 2644.41ms, mfu 93.01%
iter 55730: loss 4.0817, time 2655.83ms, mfu 92.98%
iter 55740: loss 4.1372, time 2643.96ms, mfu 92.99%
iter 55750: loss 4.1030, time 2642.14ms, mfu 93.00%
iter 55760: loss 4.1071, time 2646.76ms, mfu 93.00%
iter 55770: loss 4.1461, time 2643.25ms, mfu 93.01%
iter 55780: loss 4.0858, time 2648.10ms, mfu 93.00%
iter 55790: loss 4.1159, time 2644.97ms, mfu 93.00%
iter 55800: loss 4.1849, time 2639.25ms, mfu 93.03%
iter 55810: loss 4.0424, time 2645.28ms, mfu 93.03%
iter 55820: loss 4.1208, time 2640.24ms, mfu 93.04%
iter 55830: loss 4.0995, time 2650.48ms, mfu 93.02%
iter 55840: loss 4.0953, time 2640.50ms, mfu 93.04%
iter 55850: loss 4.0834, time 2642.59ms, mfu 93.05%
iter 55860: loss 4.1676, time 2648.10ms, mfu 93.04%
iter 55870: loss 4.1184, time 2654.10ms, mfu 93.00%
iter 55880: loss 4.1089, time 2650.93ms, mfu 92.99%
iter 55890: loss 4.1007, time 2640.25ms, mfu 93.01%
iter 55900: loss 4.1224, time 2641.02ms, mfu 93.02%
iter 55910: loss 4.0673, time 2642.14ms, mfu 93.04%
iter 55920: loss 4.1091, time 2635.04ms, mfu 93.07%
iter 55930: loss 4.1676, time 2647.99ms, mfu 93.06%
iter 55940: loss 4.0911, time 2644.88ms, mfu 93.06%
iter 55950: loss 4.0953, time 2646.11ms, mfu 93.05%
iter 55960: loss 4.1859, time 2645.67ms, mfu 93.05%
iter 55970: loss 4.1671, time 2642.18ms, mfu 93.05%
iter 55980: loss 4.0924, time 2642.55ms, mfu 93.06%
iter 55990: loss 4.1859, time 2659.13ms, mfu 93.01%
step 56000: train loss 3.9821, val loss 3.9964
saving checkpoint to /net/scratch2/junyuren/nanoGPT-manifold/out-openwebtext-per-block
iter 56000: loss 4.1985, time 17170.30ms, mfu 85.14%
iter 56010: loss 4.1155, time 2654.96ms, mfu 85.90%
iter 56020: loss 4.0974, time 2640.03ms, mfu 86.63%
iter 56030: loss 4.1009, time 2641.06ms, mfu 87.28%
iter 56040: loss 4.0916, time 2641.65ms, mfu 87.87%
iter 56050: loss 4.0365, time 2648.93ms, mfu 88.37%
iter 56060: loss 4.0475, time 2659.46ms, mfu 88.79%
iter 56070: loss 4.0678, time 2646.51ms, mfu 89.21%
iter 56080: loss 4.1386, time 2644.37ms, mfu 89.59%
iter 56090: loss 4.0707, time 2658.68ms, mfu 89.89%
iter 56100: loss 4.1483, time 2648.83ms, mfu 90.19%
iter 56110: loss 4.1665, time 2647.50ms, mfu 90.47%
iter 56120: loss 4.1798, time 2647.05ms, mfu 90.72%
iter 56130: loss 4.0286, time 2641.71ms, mfu 90.96%
iter 56140: loss 4.0698, time 2651.52ms, mfu 91.14%
iter 56150: loss 4.0790, time 2645.34ms, mfu 91.33%
iter 56160: loss 4.1567, time 2650.65ms, mfu 91.48%
iter 56170: loss 4.0807, time 2646.20ms, mfu 91.63%
iter 56180: loss 4.0984, time 2642.88ms, mfu 91.78%
iter 56190: loss 4.1726, time 2655.62ms, mfu 91.87%
iter 56200: loss 4.0125, time 2656.93ms, mfu 91.94%
iter 56210: loss 4.1517, time 2642.03ms, mfu 92.06%
iter 56220: loss 4.1443, time 2661.60ms, mfu 92.10%
iter 56230: loss 4.0906, time 2640.73ms, mfu 92.21%
iter 56240: loss 4.1048, time 2645.91ms, mfu 92.29%
iter 56250: loss 4.0194, time 2655.52ms, mfu 92.33%
iter 56260: loss 4.1007, time 2642.95ms, mfu 92.41%
iter 56270: loss 4.2050, time 2653.61ms, mfu 92.44%
iter 56280: loss 4.0083, time 2647.81ms, mfu 92.49%
iter 56290: loss 4.1810, time 2650.61ms, mfu 92.52%
iter 56300: loss 4.1699, time 2647.96ms, mfu 92.56%
iter 56310: loss 4.1191, time 2655.67ms, mfu 92.57%
iter 56320: loss 4.2018, time 2646.73ms, mfu 92.61%
iter 56330: loss 4.1762, time 2652.30ms, mfu 92.63%
iter 56340: loss 4.1439, time 2641.59ms, mfu 92.68%
iter 56350: loss 4.1900, time 2649.80ms, mfu 92.70%
iter 56360: loss 4.1061, time 2650.60ms, mfu 92.71%
iter 56370: loss 4.2110, time 2653.18ms, mfu 92.72%
iter 56380: loss 4.1409, time 2654.78ms, mfu 92.72%
iter 56390: loss 4.1312, time 2641.91ms, mfu 92.76%
iter 56400: loss 4.2251, time 2658.76ms, mfu 92.74%
iter 56410: loss 4.0854, time 2652.16ms, mfu 92.74%
iter 56420: loss 3.9618, time 2642.40ms, mfu 92.78%
iter 56430: loss 4.0784, time 2648.40ms, mfu 92.79%
iter 56440: loss 4.1183, time 2653.79ms, mfu 92.79%
iter 56450: loss 4.1595, time 2643.04ms, mfu 92.82%
iter 56460: loss 4.1359, time 2650.46ms, mfu 92.82%
iter 56470: loss 4.0305, time 2645.19ms, mfu 92.84%
iter 56480: loss 4.1300, time 2647.13ms, mfu 92.85%
iter 56490: loss 4.0706, time 2654.07ms, mfu 92.84%
iter 56500: loss 4.0873, time 2658.81ms, mfu 92.81%
iter 56510: loss 4.1853, time 2650.07ms, mfu 92.82%
iter 56520: loss 4.1263, time 2646.57ms, mfu 92.83%
iter 56530: loss 4.1175, time 2651.10ms, mfu 92.83%
iter 56540: loss 4.1410, time 2639.06ms, mfu 92.87%
iter 56550: loss 4.0925, time 2643.22ms, mfu 92.90%
iter 56560: loss 4.1117, time 2648.35ms, mfu 92.90%
iter 56570: loss 4.1144, time 2648.81ms, mfu 92.90%
iter 56580: loss 4.1063, time 2651.87ms, mfu 92.89%
iter 56590: loss 4.1447, time 2647.88ms, mfu 92.89%
iter 56600: loss 4.1775, time 2647.63ms, mfu 92.90%
iter 56610: loss 4.2004, time 2651.51ms, mfu 92.89%
iter 56620: loss 4.0669, time 2653.43ms, mfu 92.87%
iter 56630: loss 4.1352, time 2650.29ms, mfu 92.87%
iter 56640: loss 4.1385, time 2653.11ms, mfu 92.86%
iter 56650: loss 4.0765, time 2648.16ms, mfu 92.87%
iter 56660: loss 4.1135, time 2639.91ms, mfu 92.90%
iter 56670: loss 4.1648, time 2646.07ms, mfu 92.91%
iter 56680: loss 4.1042, time 2648.40ms, mfu 92.91%
iter 56690: loss 4.1642, time 2652.18ms, mfu 92.90%
iter 56700: loss 4.1704, time 2651.31ms, mfu 92.89%
iter 56710: loss 4.1513, time 2648.55ms, mfu 92.89%
iter 56720: loss 4.1696, time 2641.65ms, mfu 92.92%
iter 56730: loss 4.0251, time 2646.40ms, mfu 92.92%
iter 56740: loss 3.9860, time 2653.41ms, mfu 92.91%
iter 56750: loss 4.1502, time 2647.25ms, mfu 92.91%
iter 56760: loss 4.1130, time 2654.52ms, mfu 92.89%
iter 56770: loss 4.2236, time 2644.51ms, mfu 92.91%
iter 56780: loss 4.0875, time 2660.14ms, mfu 92.87%
iter 56790: loss 4.0775, time 2652.89ms, mfu 92.86%
iter 56800: loss 4.0926, time 2644.53ms, mfu 92.87%
iter 56810: loss 4.1251, time 2650.55ms, mfu 92.87%
iter 56820: loss 4.1199, time 2662.86ms, mfu 92.83%
iter 56830: loss 4.0867, time 2650.90ms, mfu 92.83%
iter 56840: loss 4.1268, time 2662.18ms, mfu 92.79%
iter 56850: loss 4.1515, time 2659.09ms, mfu 92.76%
iter 56860: loss 4.1305, time 2651.15ms, mfu 92.77%
iter 56870: loss 4.1309, time 2645.52ms, mfu 92.79%
iter 56880: loss 4.0463, time 2655.40ms, mfu 92.78%
iter 56890: loss 4.1657, time 2652.53ms, mfu 92.78%
iter 56900: loss 4.2122, time 2665.16ms, mfu 92.73%
iter 56910: loss 4.0778, time 2649.65ms, mfu 92.75%
iter 56920: loss 4.1085, time 2657.49ms, mfu 92.73%
iter 56930: loss 4.0759, time 2664.07ms, mfu 92.70%
iter 56940: loss 4.0900, time 2642.09ms, mfu 92.74%
iter 56950: loss 4.1684, time 2644.47ms, mfu 92.77%
iter 56960: loss 4.1471, time 2660.57ms, mfu 92.74%
iter 56970: loss 4.1165, time 2644.29ms, mfu 92.78%
iter 56980: loss 4.0881, time 2653.86ms, mfu 92.77%
iter 56990: loss 4.1171, time 2657.04ms, mfu 92.75%
step 57000: train loss 3.9455, val loss 3.9627
saving checkpoint to /net/scratch2/junyuren/nanoGPT-manifold/out-openwebtext-per-block
iter 57000: loss 4.1222, time 24212.06ms, mfu 84.50%
iter 57010: loss 4.1331, time 2642.74ms, mfu 85.36%
iter 57020: loss 4.0745, time 2648.70ms, mfu 86.11%
iter 57030: loss 4.1313, time 2648.77ms, mfu 86.79%
iter 57040: loss 4.1317, time 2650.66ms, mfu 87.40%
iter 57050: loss 4.1100, time 2643.32ms, mfu 87.97%
iter 57060: loss 4.1571, time 2659.39ms, mfu 88.42%
iter 57070: loss 4.0857, time 2648.94ms, mfu 88.87%
iter 57080: loss 4.0931, time 2647.06ms, mfu 89.28%
iter 57090: loss 4.1218, time 2651.54ms, mfu 89.63%
iter 57100: loss 4.1627, time 2645.67ms, mfu 89.97%
iter 57110: loss 4.0832, time 2649.01ms, mfu 90.26%
iter 57120: loss 4.1466, time 2645.79ms, mfu 90.54%
iter 57130: loss 4.2540, time 2645.56ms, mfu 90.78%
iter 57140: loss 4.0471, time 2641.46ms, mfu 91.02%
iter 57150: loss 4.1930, time 2646.84ms, mfu 91.22%
iter 57160: loss 4.0865, time 2649.76ms, mfu 91.38%
iter 57170: loss 4.0825, time 2648.15ms, mfu 91.54%
iter 57180: loss 4.1122, time 2648.98ms, mfu 91.67%
iter 57190: loss 4.1380, time 2642.05ms, mfu 91.82%
iter 57200: loss 4.1582, time 2643.15ms, mfu 91.95%
iter 57210: loss 4.1736, time 2637.33ms, mfu 92.08%
iter 57220: loss 4.1547, time 2652.31ms, mfu 92.15%
iter 57230: loss 4.1249, time 2645.68ms, mfu 92.24%
iter 57240: loss 4.1090, time 2653.15ms, mfu 92.29%
iter 57250: loss 4.1257, time 2645.21ms, mfu 92.36%
iter 57260: loss 4.1037, time 2639.95ms, mfu 92.45%
iter 57270: loss 4.0743, time 2648.15ms, mfu 92.50%
iter 57280: loss 4.1073, time 2648.47ms, mfu 92.54%
iter 57290: loss 4.0969, time 2655.64ms, mfu 92.55%
iter 57300: loss 4.0700, time 2650.02ms, mfu 92.58%
iter 57310: loss 4.1763, time 2656.71ms, mfu 92.59%
iter 57320: loss 4.0773, time 2650.19ms, mfu 92.61%
iter 57330: loss 4.1241, time 2643.66ms, mfu 92.66%
iter 57340: loss 4.1674, time 2653.80ms, mfu 92.67%
iter 57350: loss 4.0340, time 2647.47ms, mfu 92.69%
iter 57360: loss 4.1763, time 2643.96ms, mfu 92.73%
iter 57370: loss 4.0763, time 2644.18ms, mfu 92.76%
iter 57380: loss 4.1550, time 2650.13ms, mfu 92.77%
iter 57390: loss 4.0956, time 2647.66ms, mfu 92.79%
iter 57400: loss 4.1631, time 2645.43ms, mfu 92.81%
iter 57410: loss 4.1790, time 2666.52ms, mfu 92.76%
iter 57420: loss 4.1372, time 2647.44ms, mfu 92.78%
iter 57430: loss 4.1550, time 2659.10ms, mfu 92.76%
iter 57440: loss 4.1649, time 2646.47ms, mfu 92.78%
iter 57450: loss 4.0899, time 2652.27ms, mfu 92.78%
iter 57460: loss 4.1114, time 2650.55ms, mfu 92.78%
iter 57470: loss 4.2022, time 2648.84ms, mfu 92.80%
iter 57480: loss 4.1517, time 2647.39ms, mfu 92.81%
iter 57490: loss 4.1786, time 2639.18ms, mfu 92.85%
iter 57500: loss 3.9040, time 2643.32ms, mfu 92.88%
iter 57510: loss 4.1962, time 2641.55ms, mfu 92.91%
iter 57520: loss 4.1046, time 2653.06ms, mfu 92.89%
iter 57530: loss 4.1481, time 2650.68ms, mfu 92.89%
iter 57540: loss 4.1136, time 2648.26ms, mfu 92.89%
iter 57550: loss 4.1191, time 2648.20ms, mfu 92.89%
iter 57560: loss 4.1052, time 2648.11ms, mfu 92.90%
iter 57570: loss 4.0445, time 2648.31ms, mfu 92.90%
iter 57580: loss 4.1575, time 2645.26ms, mfu 92.91%
iter 57590: loss 4.1316, time 2649.01ms, mfu 92.91%
iter 57600: loss 4.1265, time 2650.06ms, mfu 92.90%
iter 57610: loss 3.9706, time 2656.36ms, mfu 92.88%
iter 57620: loss 4.1151, time 2641.55ms, mfu 92.91%
iter 57630: loss 4.1343, time 2653.98ms, mfu 92.89%
iter 57640: loss 4.1388, time 2650.79ms, mfu 92.88%
iter 57650: loss 4.1051, time 2655.55ms, mfu 92.86%
iter 57660: loss 4.1469, time 2648.11ms, mfu 92.87%
iter 57670: loss 4.0853, time 2652.59ms, mfu 92.86%
iter 57680: loss 4.1563, time 2640.48ms, mfu 92.89%
iter 57690: loss 4.0814, time 2659.56ms, mfu 92.85%
iter 57700: loss 4.1017, time 2640.84ms, mfu 92.89%
iter 57710: loss 4.0861, time 2661.96ms, mfu 92.84%
iter 57720: loss 4.1720, time 2646.07ms, mfu 92.86%
iter 57730: loss 4.1242, time 2654.62ms, mfu 92.84%
iter 57740: loss 4.1214, time 2653.17ms, mfu 92.83%
iter 57750: loss 4.1563, time 2646.38ms, mfu 92.85%
iter 57760: loss 4.0922, time 2644.76ms, mfu 92.87%
iter 57770: loss 4.1409, time 2649.23ms, mfu 92.87%
iter 57780: loss 4.1014, time 2646.89ms, mfu 92.88%
iter 57790: loss 4.1362, time 2648.52ms, mfu 92.88%
iter 57800: loss 4.1866, time 2653.99ms, mfu 92.87%
iter 57810: loss 4.1321, time 2648.17ms, mfu 92.87%
iter 57820: loss 4.1162, time 2646.16ms, mfu 92.88%
iter 57830: loss 4.0146, time 2655.43ms, mfu 92.86%
iter 57840: loss 4.1182, time 2647.04ms, mfu 92.87%
iter 57850: loss 4.1466, time 2654.79ms, mfu 92.85%
iter 57860: loss 4.1407, time 2651.70ms, mfu 92.85%
iter 57870: loss 4.0590, time 2660.34ms, mfu 92.81%
iter 57880: loss 4.0904, time 2655.09ms, mfu 92.80%
iter 57890: loss 4.1525, time 2647.72ms, mfu 92.81%
iter 57900: loss 4.0866, time 2651.78ms, mfu 92.81%
iter 57910: loss 4.1393, time 2661.68ms, mfu 92.78%
iter 57920: loss 4.0850, time 2647.57ms, mfu 92.79%
iter 57930: loss 4.1047, time 2654.03ms, mfu 92.79%
iter 57940: loss 4.1655, time 2648.05ms, mfu 92.80%
iter 57950: loss 4.1323, time 2646.89ms, mfu 92.82%
iter 57960: loss 4.1079, time 2646.50ms, mfu 92.83%
iter 57970: loss 4.1519, time 2648.44ms, mfu 92.84%
iter 57980: loss 4.1308, time 2647.89ms, mfu 92.85%
iter 57990: loss 4.1625, time 2642.61ms, mfu 92.88%
step 58000: train loss 3.9692, val loss 3.9751
saving checkpoint to /net/scratch2/junyuren/nanoGPT-manifold/out-openwebtext-per-block
iter 58000: loss 4.1425, time 17096.28ms, mfu 85.03%
iter 58010: loss 4.0850, time 2656.62ms, mfu 85.79%
iter 58020: loss 4.1266, time 2645.01ms, mfu 86.51%
iter 58030: loss 4.1434, time 2643.83ms, mfu 87.17%
iter 58040: loss 4.1037, time 2650.98ms, mfu 87.74%
iter 58050: loss 4.0810, time 2651.49ms, mfu 88.24%
iter 58060: loss 3.9889, time 2642.37ms, mfu 88.73%
iter 58070: loss 4.1292, time 2641.51ms, mfu 89.17%
iter 58080: loss 4.1336, time 2644.13ms, mfu 89.56%
iter 58090: loss 4.1003, time 2644.32ms, mfu 89.91%
iter 58100: loss 4.0955, time 2647.27ms, mfu 90.22%
iter 58110: loss 4.1169, time 2643.74ms, mfu 90.50%
iter 58120: loss 4.1457, time 2655.14ms, mfu 90.72%
iter 58130: loss 4.0801, time 2649.69ms, mfu 90.94%
iter 58140: loss 4.1937, time 2649.55ms, mfu 91.13%
iter 58150: loss 4.2012, time 2644.52ms, mfu 91.32%
iter 58160: loss 4.1467, time 2653.32ms, mfu 91.46%
iter 58170: loss 4.0482, time 2656.09ms, mfu 91.58%
iter 58180: loss 4.1007, time 2658.12ms, mfu 91.68%
iter 58190: loss 4.0387, time 2642.05ms, mfu 91.83%
iter 58200: loss 4.1409, time 2655.83ms, mfu 91.91%
iter 58210: loss 4.1562, time 2660.41ms, mfu 91.97%
iter 58220: loss 4.1026, time 2646.80ms, mfu 92.07%
iter 58230: loss 4.0182, time 2645.00ms, mfu 92.17%
iter 58240: loss 4.1548, time 2649.99ms, mfu 92.23%
iter 58250: loss 4.1117, time 2652.05ms, mfu 92.29%
iter 58260: loss 4.1961, time 2648.91ms, mfu 92.35%
iter 58270: loss 4.0795, time 2647.46ms, mfu 92.41%
iter 58280: loss 4.1683, time 2647.41ms, mfu 92.46%
iter 58290: loss 4.1478, time 2647.42ms, mfu 92.51%
iter 58300: loss 4.1140, time 2646.39ms, mfu 92.56%
iter 58310: loss 4.1653, time 2659.23ms, mfu 92.56%
iter 58320: loss 4.1397, time 2662.18ms, mfu 92.55%
iter 58330: loss 4.1162, time 2651.61ms, mfu 92.57%
iter 58340: loss 4.1346, time 2653.38ms, mfu 92.59%
iter 58350: loss 4.1046, time 2652.95ms, mfu 92.61%
iter 58360: loss 4.1216, time 2647.32ms, mfu 92.64%
iter 58370: loss 4.0736, time 2642.36ms, mfu 92.69%
iter 58380: loss 4.0494, time 2651.34ms, mfu 92.70%
iter 58390: loss 4.1641, time 2643.79ms, mfu 92.74%
iter 58400: loss 4.0993, time 2651.82ms, mfu 92.74%
iter 58410: loss 4.1282, time 2640.79ms, mfu 92.79%
iter 58420: loss 4.1349, time 2639.93ms, mfu 92.83%
iter 58430: loss 4.2131, time 2648.35ms, mfu 92.84%
iter 58440: loss 4.1465, time 2645.89ms, mfu 92.86%
iter 58450: loss 4.2033, time 2643.34ms, mfu 92.88%
iter 58460: loss 4.0738, time 2643.60ms, mfu 92.90%
iter 58470: loss 4.0690, time 2659.86ms, mfu 92.86%
iter 58480: loss 4.1128, time 2653.54ms, mfu 92.85%
iter 58490: loss 4.1404, time 2640.22ms, mfu 92.88%
iter 58500: loss 4.1619, time 2649.38ms, mfu 92.88%
iter 58510: loss 4.1374, time 2650.21ms, mfu 92.88%
iter 58520: loss 4.0579, time 2651.23ms, mfu 92.87%
iter 58530: loss 4.0894, time 2650.47ms, mfu 92.87%
iter 58540: loss 4.1328, time 2643.80ms, mfu 92.89%
iter 58550: loss 4.0322, time 2646.86ms, mfu 92.90%
iter 58560: loss 4.0508, time 2646.44ms, mfu 92.91%
iter 58570: loss 4.1146, time 2652.57ms, mfu 92.89%
iter 58580: loss 4.0858, time 2649.22ms, mfu 92.89%
iter 58590: loss 4.1657, time 2640.12ms, mfu 92.92%
iter 58600: loss 4.0915, time 2647.97ms, mfu 92.93%
iter 58610: loss 4.2226, time 2647.18ms, mfu 92.93%
iter 58620: loss 4.0844, time 2661.57ms, mfu 92.88%
iter 58630: loss 4.1305, time 2659.28ms, mfu 92.85%
iter 58640: loss 4.0762, time 2641.72ms, mfu 92.88%
iter 58650: loss 4.0879, time 2651.86ms, mfu 92.87%
iter 58660: loss 4.1669, time 2649.58ms, mfu 92.87%
iter 58670: loss 4.1717, time 2647.87ms, mfu 92.88%
iter 58680: loss 4.1684, time 2646.03ms, mfu 92.89%
iter 58690: loss 4.1991, time 2642.41ms, mfu 92.91%
iter 58700: loss 4.1198, time 2637.55ms, mfu 92.95%
iter 58710: loss 4.1350, time 2649.13ms, mfu 92.94%
iter 58720: loss 4.1570, time 2641.51ms, mfu 92.97%
iter 58730: loss 4.1345, time 2663.38ms, mfu 92.91%
iter 58740: loss 4.0503, time 2648.83ms, mfu 92.91%
iter 58750: loss 4.1076, time 2654.38ms, mfu 92.89%
iter 58760: loss 4.1966, time 2648.03ms, mfu 92.89%
iter 58770: loss 4.2216, time 2648.63ms, mfu 92.89%
iter 58780: loss 4.0905, time 2659.23ms, mfu 92.86%
iter 58790: loss 4.1390, time 2643.36ms, mfu 92.88%
iter 58800: loss 4.1054, time 2647.04ms, mfu 92.89%
iter 58810: loss 4.1079, time 2656.03ms, mfu 92.87%
iter 58820: loss 4.1111, time 2655.35ms, mfu 92.85%
iter 58830: loss 4.1262, time 2640.26ms, mfu 92.88%
iter 58840: loss 4.1126, time 2643.30ms, mfu 92.90%
iter 58850: loss 4.1411, time 2647.42ms, mfu 92.91%
iter 58860: loss 4.1343, time 2652.25ms, mfu 92.89%
iter 58870: loss 4.2528, time 2652.42ms, mfu 92.88%
iter 58880: loss 4.0500, time 2652.31ms, mfu 92.87%
iter 58890: loss 4.1659, time 2645.27ms, mfu 92.89%
iter 58900: loss 4.0440, time 2653.73ms, mfu 92.87%
iter 58910: loss 4.1330, time 2640.79ms, mfu 92.90%
iter 58920: loss 4.1259, time 2648.69ms, mfu 92.90%
iter 58930: loss 4.0616, time 2650.49ms, mfu 92.90%
iter 58940: loss 4.1476, time 2648.83ms, mfu 92.90%
iter 58950: loss 4.0584, time 2650.31ms, mfu 92.89%
iter 58960: loss 4.1450, time 2658.64ms, mfu 92.86%
iter 58970: loss 4.0354, time 2641.98ms, mfu 92.89%
iter 58980: loss 4.1071, time 2650.96ms, mfu 92.88%
iter 58990: loss 4.1301, time 2658.47ms, mfu 92.85%
step 59000: train loss 3.9488, val loss 3.9572
saving checkpoint to /net/scratch2/junyuren/nanoGPT-manifold/out-openwebtext-per-block
iter 59000: loss 4.0702, time 17330.06ms, mfu 84.98%
iter 59010: loss 4.1138, time 2650.47ms, mfu 85.77%
iter 59020: loss 4.1030, time 2644.17ms, mfu 86.50%
iter 59030: loss 4.1344, time 2661.01ms, mfu 87.10%
iter 59040: loss 4.1324, time 2650.05ms, mfu 87.67%
iter 59050: loss 4.0502, time 2644.83ms, mfu 88.21%
iter 59060: loss 4.1004, time 2659.08ms, mfu 88.64%
iter 59070: loss 4.1361, time 2648.41ms, mfu 89.07%
iter 59080: loss 4.1238, time 2648.66ms, mfu 89.45%
iter 59090: loss 4.1331, time 2644.06ms, mfu 89.82%
iter 59100: loss 4.1118, time 2642.44ms, mfu 90.15%
iter 59110: loss 4.0628, time 2651.05ms, mfu 90.41%
iter 59120: loss 4.1481, time 2649.19ms, mfu 90.66%
iter 59130: loss 4.1597, time 2660.28ms, mfu 90.85%
iter 59140: loss 4.0662, time 2647.19ms, mfu 91.06%
iter 59150: loss 4.0889, time 2659.32ms, mfu 91.20%
iter 59160: loss 4.1516, time 2650.55ms, mfu 91.37%
iter 59170: loss 4.1473, time 2639.72ms, mfu 91.55%
iter 59180: loss 4.1700, time 2643.39ms, mfu 91.71%
iter 59190: loss 4.1440, time 2650.49ms, mfu 91.82%
iter 59200: loss 4.1523, time 2660.51ms, mfu 91.89%
iter 59210: loss 4.1030, time 2641.67ms, mfu 92.01%
iter 59220: loss 4.1301, time 2649.94ms, mfu 92.10%
iter 59230: loss 4.1041, time 2649.69ms, mfu 92.18%
iter 59240: loss 4.0904, time 2645.31ms, mfu 92.26%
iter 59250: loss 4.1100, time 2651.36ms, mfu 92.32%
iter 59260: loss 4.1166, time 2647.31ms, mfu 92.38%
iter 59270: loss 4.1628, time 2646.06ms, mfu 92.44%
iter 59280: loss 4.1595, time 2648.43ms, mfu 92.49%
iter 59290: loss 4.0189, time 2642.57ms, mfu 92.55%
iter 59300: loss 4.1483, time 2653.14ms, mfu 92.57%
iter 59310: loss 4.0848, time 2649.90ms, mfu 92.60%
iter 59320: loss 4.1266, time 2659.62ms, mfu 92.59%
iter 59330: loss 4.1026, time 2654.19ms, mfu 92.61%
iter 59340: loss 4.0350, time 2642.44ms, mfu 92.66%
iter 59350: loss 4.1419, time 2641.74ms, mfu 92.71%
iter 59360: loss 4.1474, time 2640.28ms, mfu 92.76%
iter 59370: loss 4.1828, time 2639.18ms, mfu 92.80%
iter 59380: loss 4.1367, time 2659.25ms, mfu 92.78%
iter 59390: loss 4.1036, time 2648.74ms, mfu 92.79%
iter 59400: loss 4.1628, time 2648.69ms, mfu 92.80%
iter 59410: loss 4.1352, time 2685.40ms, mfu 92.68%
iter 59420: loss 4.1712, time 2660.65ms, mfu 92.67%
iter 59430: loss 4.1311, time 2650.36ms, mfu 92.68%
iter 59440: loss 4.0486, time 2648.83ms, mfu 92.71%
iter 59450: loss 4.1257, time 2653.61ms, mfu 92.71%
iter 59460: loss 4.0195, time 2645.55ms, mfu 92.74%
iter 59470: loss 4.1138, time 2643.23ms, mfu 92.77%
iter 59480: loss 4.0911, time 2639.71ms, mfu 92.82%
iter 59490: loss 4.1064, time 2652.38ms, mfu 92.81%
iter 59500: loss 4.1024, time 2650.92ms, mfu 92.82%
iter 59510: loss 4.1317, time 2657.72ms, mfu 92.79%
iter 59520: loss 4.0647, time 2646.60ms, mfu 92.81%
iter 59530: loss 4.1254, time 2645.53ms, mfu 92.83%
iter 59540: loss 4.0592, time 2644.36ms, mfu 92.85%
iter 59550: loss 4.1554, time 2647.01ms, mfu 92.87%
iter 59560: loss 4.1558, time 2657.48ms, mfu 92.84%
iter 59570: loss 4.1187, time 2644.26ms, mfu 92.86%
iter 59580: loss 4.1077, time 2649.75ms, mfu 92.86%
iter 59590: loss 4.1050, time 2660.49ms, mfu 92.83%
iter 59600: loss 4.1313, time 2641.38ms, mfu 92.86%
iter 59610: loss 4.0404, time 2647.29ms, mfu 92.87%
iter 59620: loss 4.0974, time 2653.99ms, mfu 92.85%
iter 59630: loss 4.1471, time 2649.24ms, mfu 92.86%
iter 59640: loss 4.1036, time 2644.60ms, mfu 92.88%
iter 59650: loss 4.0669, time 2650.48ms, mfu 92.87%
iter 59660: loss 4.0632, time 2643.73ms, mfu 92.89%
iter 59670: loss 4.1615, time 2650.63ms, mfu 92.89%
iter 59680: loss 4.2013, time 2655.52ms, mfu 92.87%
iter 59690: loss 4.0792, time 2655.31ms, mfu 92.85%
iter 59700: loss 4.0906, time 2648.68ms, mfu 92.85%
iter 59710: loss 4.1093, time 2648.83ms, mfu 92.86%
iter 59720: loss 4.1217, time 2650.60ms, mfu 92.86%
iter 59730: loss 4.1322, time 2647.33ms, mfu 92.86%
iter 59740: loss 4.1481, time 2653.17ms, mfu 92.85%
iter 59750: loss 4.0802, time 2649.17ms, mfu 92.86%
iter 59760: loss 4.0485, time 2647.17ms, mfu 92.87%
iter 59770: loss 4.0823, time 2648.96ms, mfu 92.87%
iter 59780: loss 4.1865, time 2648.71ms, mfu 92.87%
iter 59790: loss 4.1045, time 2650.55ms, mfu 92.87%
iter 59800: loss 4.1784, time 2651.14ms, mfu 92.87%
iter 59810: loss 4.1762, time 2643.30ms, mfu 92.89%
iter 59820: loss 4.1227, time 2649.37ms, mfu 92.89%
iter 59830: loss 4.1550, time 2647.80ms, mfu 92.89%
iter 59840: loss 4.1857, time 2648.50ms, mfu 92.89%
iter 59850: loss 4.1022, time 2646.68ms, mfu 92.90%
iter 59860: loss 4.1273, time 2649.22ms, mfu 92.90%
iter 59870: loss 4.2044, time 2650.98ms, mfu 92.89%
iter 59880: loss 4.1207, time 2646.71ms, mfu 92.90%
iter 59890: loss 4.0664, time 2646.37ms, mfu 92.91%
iter 59900: loss 4.1568, time 2660.33ms, mfu 92.87%
iter 59910: loss 4.0863, time 2656.18ms, mfu 92.85%
iter 59920: loss 4.1572, time 2654.29ms, mfu 92.83%
iter 59930: loss 3.9730, time 2660.98ms, mfu 92.80%
iter 59940: loss 4.1892, time 2648.43ms, mfu 92.81%
iter 59950: loss 4.0776, time 2649.73ms, mfu 92.81%
iter 59960: loss 4.2035, time 2649.50ms, mfu 92.82%
iter 59970: loss 4.1213, time 2659.31ms, mfu 92.79%
iter 59980: loss 4.1299, time 2655.02ms, mfu 92.78%
iter 59990: loss 4.0670, time 2639.70ms, mfu 92.83%
step 60000: train loss 3.9654, val loss 3.9750
saving checkpoint to /net/scratch2/junyuren/nanoGPT-manifold/out-openwebtext-per-block
iter 60000: loss 4.0990, time 17365.75ms, mfu 84.96%
iter 60010: loss 4.1769, time 2637.00ms, mfu 85.80%
iter 60020: loss 4.0479, time 2641.16ms, mfu 86.53%
iter 60030: loss 4.0955, time 2651.89ms, mfu 87.16%
iter 60040: loss 4.1267, time 2652.53ms, mfu 87.72%
iter 60050: loss 4.0956, time 2647.78ms, mfu 88.24%
iter 60060: loss 4.1267, time 2643.94ms, mfu 88.72%
iter 60070: loss 4.1372, time 2653.43ms, mfu 89.13%
iter 60080: loss 4.1170, time 2644.31ms, mfu 89.52%
iter 60090: loss 4.1020, time 2648.87ms, mfu 89.86%
iter 60100: loss 4.1972, time 2646.46ms, mfu 90.17%
iter 60110: loss 4.1895, time 2645.83ms, mfu 90.45%
iter 60120: loss 4.0892, time 2641.94ms, mfu 90.72%
iter 60130: loss 4.0497, time 2645.25ms, mfu 90.95%
iter 60140: loss 4.1485, time 2650.43ms, mfu 91.14%
iter 60150: loss 4.1053, time 2647.45ms, mfu 91.32%
iter 60160: loss 4.0994, time 2650.35ms, mfu 91.48%
iter 60170: loss 4.0814, time 2650.47ms, mfu 91.61%
iter 60180: loss 4.1066, time 2645.31ms, mfu 91.75%
iter 60190: loss 4.1333, time 2639.31ms, mfu 91.90%
iter 60200: loss 4.1278, time 2657.17ms, mfu 91.97%
iter 60210: loss 4.0687, time 2652.01ms, mfu 92.05%
iter 60220: loss 4.1532, time 2641.29ms, mfu 92.17%
iter 60230: loss 4.1007, time 2662.68ms, mfu 92.19%
iter 60240: loss 4.0999, time 2649.80ms, mfu 92.26%
iter 60250: loss 4.1702, time 2653.53ms, mfu 92.31%
iter 60260: loss 4.0564, time 2650.14ms, mfu 92.36%
iter 60270: loss 4.1025, time 2642.56ms, mfu 92.44%
iter 60280: loss 4.1551, time 2647.29ms, mfu 92.49%
iter 60290: loss 4.1430, time 2639.17ms, mfu 92.56%
iter 60300: loss 4.0884, time 2660.59ms, mfu 92.56%
iter 60310: loss 4.1320, time 2642.23ms, mfu 92.61%
iter 60320: loss 4.0414, time 2651.01ms, mfu 92.63%
iter 60330: loss 4.1235, time 2643.27ms, mfu 92.68%
iter 60340: loss 4.1512, time 2645.21ms, mfu 92.72%
iter 60350: loss 4.1305, time 2649.02ms, mfu 92.73%
iter 60360: loss 4.1333, time 2649.56ms, mfu 92.75%
iter 60370: loss 4.1223, time 2650.49ms, mfu 92.76%
iter 60380: loss 4.1003, time 2658.81ms, mfu 92.74%
iter 60390: loss 4.1164, time 2650.45ms, mfu 92.75%
iter 60400: loss 4.0901, time 2651.56ms, mfu 92.75%
iter 60410: loss 4.0927, time 2651.58ms, mfu 92.76%
iter 60420: loss 4.1088, time 2644.28ms, mfu 92.79%
iter 60430: loss 4.1793, time 2651.62ms, mfu 92.79%
iter 60440: loss 4.1301, time 2650.35ms, mfu 92.80%
iter 60450: loss 4.1093, time 2657.20ms, mfu 92.78%
iter 60460: loss 4.0972, time 2651.85ms, mfu 92.78%
iter 60470: loss 4.0995, time 2645.45ms, mfu 92.80%
iter 60480: loss 4.1006, time 2656.68ms, mfu 92.78%
iter 60490: loss 4.1050, time 2649.50ms, mfu 92.79%
iter 60500: loss 4.1153, time 2651.08ms, mfu 92.80%
iter 60510: loss 4.1627, time 2644.04ms, mfu 92.82%
iter 60520: loss 4.1073, time 2647.02ms, mfu 92.84%
iter 60530: loss 4.0714, time 2646.67ms, mfu 92.85%
iter 60540: loss 4.1064, time 2649.40ms, mfu 92.85%
iter 60550: loss 4.1476, time 2649.98ms, mfu 92.86%
iter 60560: loss 4.1247, time 2660.84ms, mfu 92.82%
iter 60570: loss 4.0593, time 2641.56ms, mfu 92.85%
iter 60580: loss 4.0957, time 2645.22ms, mfu 92.87%
iter 60590: loss 4.1304, time 2645.00ms, mfu 92.89%
iter 60600: loss 4.1358, time 2659.59ms, mfu 92.85%
iter 60610: loss 4.0917, time 2640.01ms, mfu 92.89%
iter 60620: loss 4.1279, time 2661.19ms, mfu 92.84%
iter 60630: loss 4.1086, time 2640.05ms, mfu 92.88%
iter 60640: loss 4.1240, time 2656.49ms, mfu 92.86%
iter 60650: loss 4.0381, time 2651.93ms, mfu 92.85%
iter 60660: loss 4.0732, time 2643.38ms, mfu 92.87%
iter 60670: loss 4.1447, time 2644.22ms, mfu 92.89%
iter 60680: loss 4.1847, time 2650.92ms, mfu 92.89%
iter 60690: loss 4.0953, time 2659.87ms, mfu 92.85%
iter 60700: loss 4.1702, time 2652.99ms, mfu 92.84%
iter 60710: loss 4.1293, time 2649.09ms, mfu 92.84%
iter 60720: loss 4.1493, time 2652.47ms, mfu 92.84%
iter 60730: loss 4.0902, time 2649.44ms, mfu 92.84%
iter 60740: loss 4.0947, time 2653.31ms, mfu 92.83%
iter 60750: loss 4.1222, time 2662.86ms, mfu 92.79%
iter 60760: loss 4.0205, time 2645.78ms, mfu 92.81%
iter 60770: loss 4.1351, time 2643.10ms, mfu 92.84%
iter 60780: loss 4.1421, time 2649.75ms, mfu 92.84%
iter 60790: loss 4.1639, time 2652.98ms, mfu 92.83%
iter 60800: loss 4.1055, time 2648.45ms, mfu 92.84%
iter 60810: loss 4.0656, time 2642.37ms, mfu 92.87%
iter 60820: loss 4.1364, time 2648.20ms, mfu 92.88%
iter 60830: loss 4.1498, time 2654.33ms, mfu 92.86%
iter 60840: loss 4.1385, time 2638.83ms, mfu 92.90%
iter 60850: loss 4.0548, time 2661.21ms, mfu 92.86%
iter 60860: loss 4.1323, time 2647.00ms, mfu 92.87%
iter 60870: loss 4.1058, time 2646.74ms, mfu 92.88%
iter 60880: loss 4.0723, time 2646.14ms, mfu 92.89%
iter 60890: loss 4.0885, time 2659.29ms, mfu 92.85%
iter 60900: loss 4.0741, time 2646.95ms, mfu 92.86%
iter 60910: loss 4.2085, time 2644.97ms, mfu 92.88%
iter 60920: loss 4.1189, time 2644.02ms, mfu 92.90%
iter 60930: loss 4.1492, time 2651.62ms, mfu 92.89%
iter 60940: loss 4.2142, time 2650.87ms, mfu 92.88%
iter 60950: loss 4.0625, time 2656.13ms, mfu 92.86%
iter 60960: loss 4.1890, time 2648.72ms, mfu 92.87%
iter 60970: loss 4.1564, time 2646.18ms, mfu 92.88%
iter 60980: loss 4.1724, time 2641.20ms, mfu 92.91%
iter 60990: loss 4.1119, time 2645.00ms, mfu 92.92%
step 61000: train loss 3.9720, val loss 3.9845
saving checkpoint to /net/scratch2/junyuren/nanoGPT-manifold/out-openwebtext-per-block
iter 61000: loss 4.1467, time 17089.14ms, mfu 85.07%
iter 61010: loss 4.1350, time 2654.78ms, mfu 85.83%
iter 61020: loss 4.0496, time 2661.69ms, mfu 86.49%
iter 61030: loss 4.0711, time 2653.66ms, mfu 87.12%
iter 61040: loss 4.1177, time 2646.53ms, mfu 87.70%
iter 61050: loss 4.1773, time 2650.09ms, mfu 88.22%
iter 61060: loss 4.0884, time 2650.98ms, mfu 88.68%
iter 61070: loss 4.0635, time 2658.71ms, mfu 89.07%
iter 61080: loss 4.1325, time 2645.28ms, mfu 89.46%
iter 61090: loss 4.1335, time 2647.97ms, mfu 89.81%
iter 61100: loss 4.1143, time 2649.07ms, mfu 90.12%
iter 61110: loss 4.1496, time 2661.35ms, mfu 90.35%
iter 61120: loss 4.1508, time 2637.17ms, mfu 90.65%
iter 61130: loss 4.2825, time 2648.11ms, mfu 90.88%
iter 61140: loss 4.1617, time 2643.61ms, mfu 91.10%
iter 61150: loss 4.0742, time 2654.58ms, mfu 91.26%
iter 61160: loss 4.0853, time 2643.35ms, mfu 91.44%
iter 61170: loss 4.0941, time 2646.37ms, mfu 91.59%
iter 61180: loss 4.0803, time 2649.44ms, mfu 91.72%
iter 61190: loss 4.2115, time 2659.58ms, mfu 91.80%
iter 61200: loss 4.1548, time 2646.66ms, mfu 91.92%
iter 61210: loss 4.1484, time 2649.07ms, mfu 92.02%
iter 61220: loss 4.0764, time 2646.13ms, mfu 92.12%
iter 61230: loss 4.1807, time 2656.90ms, mfu 92.17%
iter 61240: loss 4.0653, time 2651.19ms, mfu 92.23%
iter 61250: loss 4.1219, time 2643.44ms, mfu 92.32%
iter 61260: loss 4.1198, time 2650.67ms, mfu 92.37%
iter 61270: loss 4.1403, time 2658.44ms, mfu 92.39%
iter 61280: loss 4.1549, time 2652.71ms, mfu 92.43%
iter 61290: loss 4.1230, time 2639.48ms, mfu 92.51%
iter 61300: loss 4.1169, time 2659.56ms, mfu 92.51%
iter 61310: loss 4.0545, time 2654.97ms, mfu 92.53%
iter 61320: loss 4.1451, time 2656.44ms, mfu 92.54%
iter 61330: loss 4.1640, time 2650.72ms, mfu 92.57%
iter 61340: loss 4.1210, time 2638.56ms, mfu 92.64%
iter 61350: loss 4.1261, time 2650.12ms, mfu 92.66%
iter 61360: loss 4.1344, time 2651.30ms, mfu 92.67%
iter 61370: loss 4.0996, time 2653.67ms, mfu 92.68%
iter 61380: loss 4.0379, time 2645.36ms, mfu 92.71%
iter 61390: loss 4.0274, time 2641.25ms, mfu 92.76%
iter 61400: loss 4.0750, time 2650.89ms, mfu 92.77%
iter 61410: loss 4.0855, time 2638.82ms, mfu 92.81%
iter 61420: loss 4.2389, time 2651.10ms, mfu 92.82%
iter 61430: loss 4.1003, time 2646.76ms, mfu 92.83%
iter 61440: loss 4.1556, time 2648.44ms, mfu 92.84%
iter 61450: loss 4.1384, time 2648.22ms, mfu 92.85%
iter 61460: loss 4.1480, time 2639.29ms, mfu 92.89%
iter 61470: loss 4.0539, time 2651.82ms, mfu 92.88%
iter 61480: loss 4.1280, time 2644.18ms, mfu 92.90%
iter 61490: loss 4.1591, time 2646.79ms, mfu 92.90%
iter 61500: loss 4.0643, time 2643.55ms, mfu 92.92%
iter 61510: loss 4.1851, time 2642.35ms, mfu 92.94%
iter 61520: loss 4.1062, time 2641.14ms, mfu 92.97%
iter 61530: loss 4.0057, time 2645.38ms, mfu 92.97%
iter 61540: loss 4.1239, time 2644.91ms, mfu 92.98%
iter 61550: loss 4.2161, time 2639.65ms, mfu 93.00%
iter 61560: loss 4.1442, time 2653.36ms, mfu 92.98%
iter 61570: loss 4.0799, time 2652.05ms, mfu 92.96%
iter 61580: loss 4.1878, time 2650.21ms, mfu 92.95%
iter 61590: loss 4.0997, time 2649.95ms, mfu 92.94%
iter 61600: loss 4.0767, time 2646.55ms, mfu 92.94%
iter 61610: loss 4.1277, time 2648.26ms, mfu 92.94%
iter 61620: loss 4.2443, time 2665.57ms, mfu 92.88%
iter 61630: loss 4.1088, time 2645.21ms, mfu 92.89%
iter 61640: loss 4.1368, time 2655.55ms, mfu 92.87%
iter 61650: loss 4.0123, time 2650.68ms, mfu 92.87%
iter 61660: loss 4.1073, time 2648.61ms, mfu 92.87%
iter 61670: loss 4.1570, time 2659.80ms, mfu 92.84%
iter 61680: loss 4.0620, time 2651.85ms, mfu 92.83%
iter 61690: loss 4.1525, time 2645.21ms, mfu 92.85%
iter 61700: loss 4.0079, time 2648.26ms, mfu 92.86%
iter 61710: loss 4.1586, time 2647.07ms, mfu 92.87%
iter 61720: loss 4.1058, time 2647.41ms, mfu 92.88%
iter 61730: loss 4.1614, time 2653.03ms, mfu 92.86%
iter 61740: loss 4.1036, time 2649.03ms, mfu 92.87%
iter 61750: loss 4.1149, time 2654.38ms, mfu 92.85%
iter 61760: loss 4.0732, time 2641.20ms, mfu 92.88%
iter 61770: loss 4.0489, time 2650.75ms, mfu 92.88%
iter 61780: loss 4.1207, time 2645.98ms, mfu 92.89%
iter 61790: loss 4.0120, time 2648.85ms, mfu 92.89%
iter 61800: loss 4.1322, time 2642.15ms, mfu 92.92%
iter 61810: loss 4.0906, time 2647.09ms, mfu 92.92%
iter 61820: loss 4.0995, time 2662.27ms, mfu 92.87%
iter 61830: loss 4.1446, time 2653.09ms, mfu 92.86%
iter 61840: loss 4.1019, time 2652.25ms, mfu 92.85%
iter 61850: loss 4.1354, time 2649.95ms, mfu 92.85%
iter 61860: loss 4.1274, time 2650.51ms, mfu 92.85%
iter 61870: loss 4.0717, time 2642.84ms, mfu 92.88%
iter 61880: loss 4.2042, time 2662.63ms, mfu 92.83%
iter 61890: loss 4.1693, time 2650.06ms, mfu 92.83%
iter 61900: loss 4.1235, time 2649.39ms, mfu 92.84%
iter 61910: loss 4.2162, time 2660.33ms, mfu 92.80%
iter 61920: loss 4.1367, time 2650.00ms, mfu 92.81%
iter 61930: loss 4.0700, time 2650.24ms, mfu 92.81%
iter 61940: loss 4.1002, time 2642.38ms, mfu 92.85%
iter 61950: loss 4.0622, time 2642.62ms, mfu 92.87%
iter 61960: loss 4.1927, time 2655.44ms, mfu 92.85%
iter 61970: loss 4.0794, time 2647.64ms, mfu 92.86%
iter 61980: loss 4.0396, time 2654.89ms, mfu 92.84%
iter 61990: loss 4.0591, time 2649.54ms, mfu 92.85%
step 62000: train loss 3.9625, val loss 3.9694
saving checkpoint to /net/scratch2/junyuren/nanoGPT-manifold/out-openwebtext-per-block
iter 62000: loss 4.2198, time 17647.81ms, mfu 84.96%
iter 62010: loss 4.1297, time 2657.03ms, mfu 85.72%
iter 62020: loss 4.1366, time 2654.55ms, mfu 86.42%
iter 62030: loss 4.0266, time 2649.14ms, mfu 87.07%
iter 62040: loss 4.1518, time 2649.13ms, mfu 87.65%
iter 62050: loss 4.1658, time 2654.00ms, mfu 88.16%
iter 62060: loss 4.0666, time 2642.72ms, mfu 88.65%
iter 62070: loss 4.1625, time 2642.19ms, mfu 89.10%
iter 62080: loss 4.1844, time 2649.32ms, mfu 89.48%
iter 62090: loss 4.0728, time 2651.85ms, mfu 89.81%
iter 62100: loss 4.0499, time 2643.32ms, mfu 90.14%
iter 62110: loss 4.1077, time 2644.41ms, mfu 90.43%
iter 62120: loss 4.0861, time 2652.14ms, mfu 90.67%
iter 62130: loss 4.1331, time 2647.67ms, mfu 90.89%
iter 62140: loss 4.1872, time 2651.49ms, mfu 91.08%
iter 62150: loss 4.0574, time 2644.99ms, mfu 91.28%
iter 62160: loss 4.0653, time 2649.55ms, mfu 91.44%
iter 62170: loss 4.1269, time 2646.98ms, mfu 91.59%
iter 62180: loss 4.1042, time 2656.40ms, mfu 91.70%
iter 62190: loss 4.0699, time 2644.52ms, mfu 91.83%
iter 62200: loss 4.0987, time 2652.78ms, mfu 91.92%
iter 62210: loss 4.0888, time 2645.15ms, mfu 92.04%
iter 62220: loss 4.1280, time 2649.54ms, mfu 92.12%
iter 62230: loss 4.1018, time 2650.67ms, mfu 92.19%
iter 62240: loss 4.1049, time 2641.50ms, mfu 92.29%
iter 62250: loss 4.1367, time 2646.44ms, mfu 92.36%
iter 62260: loss 4.0825, time 2647.64ms, mfu 92.42%
iter 62270: loss 4.0894, time 2650.76ms, mfu 92.46%
iter 62280: loss 4.0223, time 2647.10ms, mfu 92.51%
iter 62290: loss 4.0560, time 2652.92ms, mfu 92.53%
iter 62300: loss 4.0999, time 2646.01ms, mfu 92.58%
iter 62310: loss 4.0911, time 2650.61ms, mfu 92.61%
iter 62320: loss 4.1679, time 2649.37ms, mfu 92.63%
iter 62330: loss 4.1770, time 2645.46ms, mfu 92.67%
iter 62340: loss 4.0860, time 2654.37ms, mfu 92.68%
iter 62350: loss 4.0742, time 2657.41ms, mfu 92.67%
iter 62360: loss 4.0991, time 2649.23ms, mfu 92.69%
iter 62370: loss 4.1150, time 2651.24ms, mfu 92.70%
iter 62380: loss 4.2284, time 2650.76ms, mfu 92.72%
iter 62390: loss 4.1237, time 2642.70ms, mfu 92.76%
iter 62400: loss 4.0477, time 2643.12ms, mfu 92.79%
iter 62410: loss 4.1179, time 2641.07ms, mfu 92.83%
iter 62420: loss 4.0652, time 2653.25ms, mfu 92.82%
iter 62430: loss 4.1820, time 2648.33ms, mfu 92.83%
iter 62440: loss 4.1243, time 2663.88ms, mfu 92.78%
iter 62450: loss 4.1437, time 2656.38ms, mfu 92.77%
iter 62460: loss 4.0828, time 2653.51ms, mfu 92.77%
iter 62470: loss 4.0847, time 2649.54ms, mfu 92.78%
iter 62480: loss 4.0165, time 2646.56ms, mfu 92.80%
iter 62490: loss 4.1510, time 2653.06ms, mfu 92.79%
iter 62500: loss 4.0684, time 2641.87ms, mfu 92.83%
iter 62510: loss 4.1758, time 2653.06ms, mfu 92.82%
iter 62520: loss 4.1079, time 2643.31ms, mfu 92.85%
iter 62530: loss 4.0903, time 2648.81ms, mfu 92.85%
iter 62540: loss 4.1791, time 2642.45ms, mfu 92.88%
iter 62550: loss 4.1049, time 2643.62ms, mfu 92.90%
iter 62560: loss 4.0575, time 2643.20ms, mfu 92.92%
iter 62570: loss 4.0985, time 2647.03ms, mfu 92.92%
iter 62580: loss 4.1071, time 2662.39ms, mfu 92.87%
iter 62590: loss 4.0920, time 2644.51ms, mfu 92.89%
iter 62600: loss 4.1057, time 2650.69ms, mfu 92.89%
iter 62610: loss 4.2339, time 2648.18ms, mfu 92.89%
iter 62620: loss 4.1989, time 2644.57ms, mfu 92.91%
iter 62630: loss 4.1630, time 2649.68ms, mfu 92.90%
iter 62640: loss 4.2142, time 2647.77ms, mfu 92.91%
iter 62650: loss 4.1275, time 2656.51ms, mfu 92.88%
iter 62660: loss 3.9999, time 2640.69ms, mfu 92.91%
iter 62670: loss 4.0775, time 2650.24ms, mfu 92.90%
iter 62680: loss 4.0556, time 2644.12ms, mfu 92.92%
iter 62690: loss 4.1278, time 2647.00ms, mfu 92.92%
iter 62700: loss 4.1683, time 2658.45ms, mfu 92.89%
iter 62710: loss 4.1646, time 2642.77ms, mfu 92.91%
iter 62720: loss 4.0480, time 2646.71ms, mfu 92.92%
iter 62730: loss 4.1443, time 2650.54ms, mfu 92.91%
iter 62740: loss 4.1191, time 2648.92ms, mfu 92.91%
iter 62750: loss 4.0995, time 2649.60ms, mfu 92.90%
iter 62760: loss 4.0766, time 2641.49ms, mfu 92.93%
iter 62770: loss 4.1963, time 2653.53ms, mfu 92.91%
iter 62780: loss 4.1271, time 2662.47ms, mfu 92.86%
iter 62790: loss 4.1307, time 2646.04ms, mfu 92.88%
iter 62800: loss 4.1192, time 2651.77ms, mfu 92.87%
iter 62810: loss 4.0788, time 2651.63ms, mfu 92.86%
iter 62820: loss 4.1971, time 2640.51ms, mfu 92.89%
iter 62830: loss 4.1229, time 2648.00ms, mfu 92.90%
iter 62840: loss 4.1164, time 2666.58ms, mfu 92.84%
iter 62850: loss 4.1996, time 2650.49ms, mfu 92.84%
iter 62860: loss 4.1810, time 2652.20ms, mfu 92.83%
iter 62870: loss 4.1562, time 2646.00ms, mfu 92.85%
iter 62880: loss 4.1391, time 2641.58ms, mfu 92.88%
iter 62890: loss 4.0507, time 2644.80ms, mfu 92.90%
iter 62900: loss 4.1026, time 2651.91ms, mfu 92.89%
iter 62910: loss 4.1262, time 2641.02ms, mfu 92.91%
iter 62920: loss 4.1038, time 2645.44ms, mfu 92.92%
iter 62930: loss 4.1173, time 2647.44ms, mfu 92.93%
iter 62940: loss 4.1613, time 2645.69ms, mfu 92.94%
iter 62950: loss 4.0940, time 2642.99ms, mfu 92.95%
iter 62960: loss 4.0719, time 2647.59ms, mfu 92.95%
iter 62970: loss 4.1572, time 2643.55ms, mfu 92.96%
iter 62980: loss 4.1462, time 2645.76ms, mfu 92.97%
iter 62990: loss 4.1019, time 2643.16ms, mfu 92.98%
step 63000: train loss 3.9554, val loss 3.9626
saving checkpoint to /net/scratch2/junyuren/nanoGPT-manifold/out-openwebtext-per-block
iter 63000: loss 4.2053, time 17583.09ms, mfu 85.08%
iter 63010: loss 4.1980, time 2643.06ms, mfu 85.89%
iter 63020: loss 4.1776, time 2644.65ms, mfu 86.60%
iter 63030: loss 4.0717, time 2660.31ms, mfu 87.19%
iter 63040: loss 4.1862, time 2650.94ms, mfu 87.75%
iter 63050: loss 4.1369, time 2652.65ms, mfu 88.26%
iter 63060: loss 4.1425, time 2643.42ms, mfu 88.74%
iter 63070: loss 4.1967, time 2647.04ms, mfu 89.16%
iter 63080: loss 4.1403, time 2645.24ms, mfu 89.55%
iter 63090: loss 4.1692, time 2647.22ms, mfu 89.89%
iter 63100: loss 4.1956, time 2652.83ms, mfu 90.18%
iter 63110: loss 4.1633, time 2648.75ms, mfu 90.45%
iter 63120: loss 4.1589, time 2657.57ms, mfu 90.66%
iter 63130: loss 4.0648, time 2648.08ms, mfu 90.89%
iter 63140: loss 4.1518, time 2645.68ms, mfu 91.10%
iter 63150: loss 4.1260, time 2648.55ms, mfu 91.28%
iter 63160: loss 4.1309, time 2653.10ms, mfu 91.43%
iter 63170: loss 4.1802, time 2648.15ms, mfu 91.58%
iter 63180: loss 4.1313, time 2647.91ms, mfu 91.71%
iter 63190: loss 4.1378, time 2661.14ms, mfu 91.79%
iter 63200: loss 4.0210, time 2647.19ms, mfu 91.91%
iter 63210: loss 4.1021, time 2645.98ms, mfu 92.02%
iter 63220: loss 4.0622, time 2652.79ms, mfu 92.09%
iter 63230: loss 4.1636, time 2651.77ms, mfu 92.16%
iter 63240: loss 4.1109, time 2644.10ms, mfu 92.25%
iter 63250: loss 4.0812, time 2648.62ms, mfu 92.32%
iter 63260: loss 4.0981, time 2644.95ms, mfu 92.39%
iter 63270: loss 4.1216, time 2654.56ms, mfu 92.42%
iter 63280: loss 4.0839, time 2637.71ms, mfu 92.51%
iter 63290: loss 4.1706, time 2654.05ms, mfu 92.53%
iter 63300: loss 4.0330, time 2653.61ms, mfu 92.55%
iter 63310: loss 4.0908, time 2647.19ms, mfu 92.59%
iter 63320: loss 4.1429, time 2644.84ms, mfu 92.63%
iter 63330: loss 4.1262, time 2642.25ms, mfu 92.68%
iter 63340: loss 4.0784, time 2640.45ms, mfu 92.74%
iter 63350: loss 4.1258, time 2648.72ms, mfu 92.75%
iter 63360: loss 4.1151, time 2640.69ms, mfu 92.80%
iter 63370: loss 4.1124, time 2652.26ms, mfu 92.79%
iter 63380: loss 4.1267, time 2659.21ms, mfu 92.77%
iter 63390: loss 4.1210, time 2647.96ms, mfu 92.78%
iter 63400: loss 4.0759, time 2642.64ms, mfu 92.82%
iter 63410: loss 4.1502, time 2648.40ms, mfu 92.83%
iter 63420: loss 4.0264, time 2661.30ms, mfu 92.79%
iter 63430: loss 4.0713, time 2642.32ms, mfu 92.83%
iter 63440: loss 4.0946, time 2650.40ms, mfu 92.83%
iter 63450: loss 4.1839, time 2642.66ms, mfu 92.86%
iter 63460: loss 3.9851, time 2654.58ms, mfu 92.84%
iter 63470: loss 4.0756, time 2646.66ms, mfu 92.85%
iter 63480: loss 4.1453, time 2647.75ms, mfu 92.86%
iter 63490: loss 4.1123, time 2658.93ms, mfu 92.83%
iter 63500: loss 4.1637, time 2645.75ms, mfu 92.85%
iter 63510: loss 4.0447, time 2648.54ms, mfu 92.86%
iter 63520: loss 4.1183, time 2652.20ms, mfu 92.85%
iter 63530: loss 4.1229, time 2650.81ms, mfu 92.85%
iter 63540: loss 4.0744, time 2651.56ms, mfu 92.84%
iter 63550: loss 4.1100, time 2650.17ms, mfu 92.84%
iter 63560: loss 4.1395, time 2650.58ms, mfu 92.84%
iter 63570: loss 4.1075, time 2645.58ms, mfu 92.86%
iter 63580: loss 4.1199, time 2651.78ms, mfu 92.85%
iter 63590: loss 4.0432, time 2651.20ms, mfu 92.85%
iter 63600: loss 4.1513, time 2650.30ms, mfu 92.85%
iter 63610: loss 4.0959, time 2649.79ms, mfu 92.85%
iter 63620: loss 4.1120, time 2653.31ms, mfu 92.84%
iter 63630: loss 4.0963, time 2652.10ms, mfu 92.84%
iter 63640: loss 4.1448, time 2657.07ms, mfu 92.81%
iter 63650: loss 4.1306, time 2648.67ms, mfu 92.82%
iter 63660: loss 4.1413, time 2647.69ms, mfu 92.83%
iter 63670: loss 4.1684, time 2647.83ms, mfu 92.84%
iter 63680: loss 4.0738, time 2660.08ms, mfu 92.81%
iter 63690: loss 4.1946, time 2644.85ms, mfu 92.83%
iter 63700: loss 4.1274, time 2648.64ms, mfu 92.84%
iter 63710: loss 4.0438, time 2648.36ms, mfu 92.85%
iter 63720: loss 4.2471, time 2646.81ms, mfu 92.86%
iter 63730: loss 4.1040, time 2650.23ms, mfu 92.86%
iter 63740: loss 4.0427, time 2646.41ms, mfu 92.87%
iter 63750: loss 4.0548, time 2647.51ms, mfu 92.88%
iter 63760: loss 4.0740, time 2651.21ms, mfu 92.87%
iter 63770: loss 4.1780, time 2656.10ms, mfu 92.85%
iter 63780: loss 4.1694, time 2648.14ms, mfu 92.86%
iter 63790: loss 4.1051, time 2649.00ms, mfu 92.86%
iter 63800: loss 4.0728, time 2653.03ms, mfu 92.85%
iter 63810: loss 4.1062, time 2646.67ms, mfu 92.86%
iter 63820: loss 4.1662, time 2650.61ms, mfu 92.86%
iter 63830: loss 4.0650, time 2647.11ms, mfu 92.87%
iter 63840: loss 4.0754, time 2647.02ms, mfu 92.88%
iter 63850: loss 4.1550, time 2648.31ms, mfu 92.88%
iter 63860: loss 4.1401, time 2651.81ms, mfu 92.88%
iter 63870: loss 4.1197, time 2650.40ms, mfu 92.87%
iter 63880: loss 4.0980, time 2648.93ms, mfu 92.87%
iter 63890: loss 4.1359, time 2645.21ms, mfu 92.89%
iter 63900: loss 4.1748, time 2640.93ms, mfu 92.92%
iter 63910: loss 4.1070, time 2642.01ms, mfu 92.94%
iter 63920: loss 4.1509, time 2646.01ms, mfu 92.95%
iter 63930: loss 4.1014, time 2642.48ms, mfu 92.96%
iter 63940: loss 4.1493, time 2642.66ms, mfu 92.98%
iter 63950: loss 4.0430, time 2649.19ms, mfu 92.97%
iter 63960: loss 4.0511, time 2644.52ms, mfu 92.98%
iter 63970: loss 4.1525, time 2652.87ms, mfu 92.96%
iter 63980: loss 4.2078, time 2659.60ms, mfu 92.91%
iter 63990: loss 4.1381, time 2647.58ms, mfu 92.92%
step 64000: train loss 3.9535, val loss 3.9701
saving checkpoint to /net/scratch2/junyuren/nanoGPT-manifold/out-openwebtext-per-block
iter 64000: loss 4.1264, time 17492.44ms, mfu 85.03%
iter 64010: loss 4.1190, time 2642.28ms, mfu 85.84%
iter 64020: loss 3.9964, time 2650.80ms, mfu 86.54%
iter 64030: loss 4.1030, time 2653.65ms, mfu 87.16%
iter 64040: loss 4.1575, time 2648.17ms, mfu 87.74%
iter 64050: loss 4.1895, time 2646.65ms, mfu 88.26%
iter 64060: loss 3.9836, time 2645.35ms, mfu 88.74%
iter 64070: loss 4.1158, time 2645.77ms, mfu 89.16%
iter 64080: loss 4.2125, time 2645.94ms, mfu 89.55%
iter 64090: loss 4.0540, time 2648.41ms, mfu 89.88%
iter 64100: loss 4.0077, time 2650.64ms, mfu 90.18%
iter 64110: loss 4.1475, time 2646.96ms, mfu 90.46%
iter 64120: loss 4.1819, time 2646.46ms, mfu 90.71%
iter 64130: loss 4.0133, time 2652.05ms, mfu 90.92%
iter 64140: loss 4.0748, time 2639.12ms, mfu 91.15%
iter 64150: loss 3.9853, time 2641.86ms, mfu 91.35%
iter 64160: loss 4.1738, time 2652.12ms, mfu 91.49%
iter 64170: loss 4.1371, time 2651.54ms, mfu 91.62%
iter 64180: loss 4.0559, time 2641.24ms, mfu 91.78%
iter 64190: loss 4.0412, time 2651.95ms, mfu 91.88%
iter 64200: loss 4.0842, time 2659.82ms, mfu 91.94%
iter 64210: loss 4.1448, time 2652.47ms, mfu 92.03%
iter 64220: loss 4.1129, time 2648.99ms, mfu 92.11%
iter 64230: loss 4.1742, time 2645.34ms, mfu 92.20%
iter 64240: loss 4.1137, time 2649.30ms, mfu 92.27%
iter 64250: loss 4.1247, time 2647.43ms, mfu 92.34%
iter 64260: loss 4.1256, time 2648.56ms, mfu 92.40%
iter 64270: loss 4.1515, time 2641.91ms, mfu 92.47%
iter 64280: loss 4.0505, time 2642.78ms, mfu 92.54%
iter 64290: loss 4.1109, time 2655.50ms, mfu 92.55%
iter 64300: loss 4.0421, time 2648.33ms, mfu 92.59%
iter 64310: loss 4.0964, time 2648.07ms, mfu 92.62%
iter 64320: loss 4.0057, time 2642.64ms, mfu 92.67%
iter 64330: loss 4.1376, time 2654.71ms, mfu 92.67%
iter 64340: loss 4.0970, time 2648.92ms, mfu 92.69%
iter 64350: loss 4.0878, time 2639.50ms, mfu 92.75%
iter 64360: loss 4.1622, time 2646.88ms, mfu 92.77%
iter 64370: loss 4.2086, time 2645.80ms, mfu 92.79%
iter 64380: loss 4.1160, time 2643.63ms, mfu 92.82%
iter 64390: loss 4.1749, time 2647.99ms, mfu 92.83%
iter 64400: loss 4.0063, time 2643.87ms, mfu 92.86%
iter 64410: loss 4.1513, time 2650.67ms, mfu 92.86%
iter 64420: loss 4.1565, time 2640.47ms, mfu 92.89%
iter 64430: loss 4.1162, time 2653.41ms, mfu 92.87%
iter 64440: loss 4.0639, time 2652.24ms, mfu 92.87%
iter 64450: loss 4.2483, time 2649.54ms, mfu 92.87%
iter 64460: loss 4.1809, time 2643.94ms, mfu 92.89%
iter 64470: loss 4.1833, time 2646.37ms, mfu 92.90%
iter 64480: loss 4.0881, time 2642.26ms, mfu 92.92%
iter 64490: loss 4.0577, time 2645.14ms, mfu 92.93%
iter 64500: loss 4.1405, time 2639.70ms, mfu 92.96%
iter 64510: loss 4.0844, time 2645.07ms, mfu 92.97%
iter 64520: loss 4.0779, time 2659.80ms, mfu 92.92%
iter 64530: loss 4.2106, time 2642.41ms, mfu 92.94%
iter 64540: loss 4.0845, time 2651.73ms, mfu 92.93%
iter 64550: loss 4.1417, time 2648.17ms, mfu 92.93%
iter 64560: loss 4.0323, time 2652.74ms, mfu 92.91%
iter 64570: loss 4.1999, time 2651.72ms, mfu 92.90%
iter 64580: loss 4.1503, time 2646.14ms, mfu 92.91%
iter 64590: loss 4.1991, time 2644.52ms, mfu 92.92%
iter 64600: loss 4.0697, time 2647.18ms, mfu 92.93%
iter 64610: loss 4.1509, time 2648.91ms, mfu 92.92%
iter 64620: loss 4.2372, time 2653.47ms, mfu 92.91%
iter 64630: loss 4.2375, time 2640.37ms, mfu 92.93%
iter 64640: loss 4.0559, time 2648.71ms, mfu 92.93%
iter 64650: loss 4.1147, time 2644.60ms, mfu 92.94%
iter 64660: loss 4.1414, time 2651.03ms, mfu 92.93%
iter 64670: loss 4.1186, time 2644.28ms, mfu 92.94%
iter 64680: loss 4.1044, time 2647.39ms, mfu 92.95%
iter 64690: loss 4.2143, time 2642.41ms, mfu 92.96%
iter 64700: loss 4.1937, time 2652.32ms, mfu 92.94%
iter 64710: loss 4.1206, time 2648.74ms, mfu 92.94%
iter 64720: loss 4.1318, time 2657.57ms, mfu 92.91%
iter 64730: loss 4.0885, time 2642.48ms, mfu 92.93%
iter 64740: loss 4.1434, time 2658.04ms, mfu 92.89%
iter 64750: loss 4.1564, time 2650.02ms, mfu 92.89%
iter 64760: loss 4.1389, time 2646.11ms, mfu 92.90%
iter 64770: loss 4.0454, time 2642.67ms, mfu 92.92%
iter 64780: loss 4.1069, time 2646.01ms, mfu 92.93%
iter 64790: loss 4.1532, time 2646.53ms, mfu 92.93%
iter 64800: loss 4.0485, time 2644.73ms, mfu 92.95%
iter 64810: loss 4.0945, time 2637.80ms, mfu 92.98%
iter 64820: loss 4.1467, time 2642.49ms, mfu 92.99%
iter 64830: loss 4.0827, time 2653.62ms, mfu 92.97%
iter 64840: loss 4.0264, time 2644.53ms, mfu 92.98%
iter 64850: loss 4.1298, time 2649.35ms, mfu 92.97%
iter 64860: loss 4.0962, time 2648.74ms, mfu 92.96%
iter 64870: loss 4.1283, time 2652.67ms, mfu 92.94%
iter 64880: loss 4.1203, time 2646.70ms, mfu 92.94%
iter 64890: loss 4.1408, time 2650.24ms, mfu 92.94%
iter 64900: loss 4.1497, time 2645.69ms, mfu 92.94%
iter 64910: loss 4.1491, time 2647.14ms, mfu 92.94%
iter 64920: loss 4.0931, time 2649.17ms, mfu 92.94%
iter 64930: loss 4.1385, time 2651.09ms, mfu 92.93%
iter 64940: loss 4.1125, time 2655.13ms, mfu 92.90%
iter 64950: loss 4.1238, time 2656.51ms, mfu 92.88%
iter 64960: loss 4.0740, time 2640.80ms, mfu 92.91%
iter 64970: loss 4.1273, time 2641.09ms, mfu 92.93%
iter 64980: loss 4.1514, time 2654.47ms, mfu 92.91%
iter 64990: loss 4.1388, time 2648.80ms, mfu 92.91%
step 65000: train loss 3.9761, val loss 3.9893
saving checkpoint to /net/scratch2/junyuren/nanoGPT-manifold/out-openwebtext-per-block
iter 65000: loss 4.0957, time 17132.97ms, mfu 85.05%
iter 65010: loss 4.1082, time 2653.98ms, mfu 85.82%
iter 65020: loss 4.1029, time 2643.63ms, mfu 86.55%
iter 65030: loss 4.0841, time 2649.45ms, mfu 87.18%
iter 65040: loss 4.1617, time 2643.35ms, mfu 87.77%
iter 65050: loss 4.1153, time 2649.92ms, mfu 88.28%
iter 65060: loss 4.2377, time 2647.27ms, mfu 88.75%
iter 65070: loss 4.0526, time 2649.12ms, mfu 89.16%
iter 65080: loss 4.1627, time 2642.62ms, mfu 89.56%
iter 65090: loss 4.1319, time 2657.20ms, mfu 89.86%
iter 65100: loss 4.1082, time 2650.97ms, mfu 90.16%
iter 65110: loss 3.9876, time 2649.46ms, mfu 90.43%
iter 65120: loss 4.1271, time 2650.33ms, mfu 90.67%
iter 65130: loss 4.0888, time 2640.92ms, mfu 90.92%
iter 65140: loss 4.1355, time 2649.54ms, mfu 91.12%
iter 65150: loss 4.1433, time 2655.61ms, mfu 91.27%
iter 65160: loss 4.0520, time 2650.21ms, mfu 91.43%
iter 65170: loss 4.1348, time 2645.71ms, mfu 91.59%
iter 65180: loss 4.1638, time 2652.20ms, mfu 91.71%
iter 65190: loss 4.1451, time 2657.25ms, mfu 91.80%
iter 65200: loss 4.1498, time 2648.84ms, mfu 91.91%
iter 65210: loss 4.0835, time 2652.01ms, mfu 92.00%
iter 65220: loss 4.1280, time 2641.63ms, mfu 92.11%
iter 65230: loss 4.0572, time 2651.46ms, mfu 92.18%
iter 65240: loss 4.1169, time 2650.36ms, mfu 92.25%
iter 65250: loss 4.0332, time 2649.47ms, mfu 92.31%
iter 65260: loss 4.1217, time 2641.16ms, mfu 92.40%
iter 65270: loss 4.1420, time 2641.16ms, mfu 92.47%
iter 65280: loss 4.1615, time 2640.50ms, mfu 92.55%
iter 65290: loss 4.1666, time 2651.26ms, mfu 92.57%
iter 65300: loss 4.1065, time 2642.06ms, mfu 92.63%
iter 65310: loss 4.0750, time 2650.24ms, mfu 92.65%
iter 65320: loss 4.1730, time 2649.11ms, mfu 92.68%
iter 65330: loss 4.1363, time 2647.77ms, mfu 92.70%
iter 65340: loss 4.1813, time 2659.90ms, mfu 92.68%
iter 65350: loss 4.1688, time 2655.21ms, mfu 92.68%
iter 65360: loss 4.1768, time 2640.79ms, mfu 92.73%
iter 65370: loss 4.0433, time 2658.20ms, mfu 92.72%
iter 65380: loss 4.0903, time 2639.77ms, mfu 92.77%
iter 65390: loss 4.0815, time 2652.26ms, mfu 92.77%
iter 65400: loss 4.0782, time 2647.32ms, mfu 92.79%
iter 65410: loss 4.0785, time 2662.25ms, mfu 92.75%
iter 65420: loss 4.1530, time 2661.71ms, mfu 92.72%
iter 65430: loss 4.1704, time 2644.45ms, mfu 92.75%
iter 65440: loss 4.2155, time 2647.11ms, mfu 92.78%
iter 65450: loss 4.1599, time 2658.41ms, mfu 92.75%
iter 65460: loss 4.2048, time 2661.11ms, mfu 92.73%
iter 65470: loss 4.0943, time 2647.96ms, mfu 92.75%
iter 65480: loss 4.1915, time 2642.29ms, mfu 92.78%
iter 65490: loss 4.1101, time 2651.77ms, mfu 92.79%
iter 65500: loss 4.1531, time 2646.88ms, mfu 92.80%
iter 65510: loss 4.1890, time 2652.19ms, mfu 92.80%
iter 65520: loss 4.0709, time 2648.83ms, mfu 92.81%
iter 65530: loss 4.0939, time 2655.11ms, mfu 92.80%
iter 65540: loss 4.0636, time 2650.68ms, mfu 92.80%
iter 65550: loss 4.1882, time 2652.48ms, mfu 92.80%
iter 65560: loss 4.1398, time 2660.60ms, mfu 92.77%
iter 65570: loss 4.1135, time 2643.06ms, mfu 92.80%
iter 65580: loss 4.0690, time 2654.64ms, mfu 92.79%
iter 65590: loss 4.1395, time 2641.60ms, mfu 92.83%
iter 65600: loss 4.1159, time 2641.57ms, mfu 92.86%
iter 65610: loss 4.1612, time 2646.93ms, mfu 92.87%
iter 65620: loss 4.1606, time 2648.04ms, mfu 92.88%
iter 65630: loss 4.0834, time 2647.94ms, mfu 92.88%
iter 65640: loss 4.1472, time 2645.67ms, mfu 92.90%
iter 65650: loss 4.1528, time 2650.97ms, mfu 92.89%
iter 65660: loss 4.1432, time 2641.66ms, mfu 92.91%
iter 65670: loss 4.1055, time 2649.42ms, mfu 92.91%
iter 65680: loss 4.1536, time 2657.07ms, mfu 92.88%
iter 65690: loss 4.1107, time 2647.45ms, mfu 92.89%
iter 65700: loss 4.1627, time 2651.89ms, mfu 92.88%
iter 65710: loss 4.0984, time 2646.46ms, mfu 92.89%
iter 65720: loss 4.1268, time 2648.60ms, mfu 92.89%
iter 65730: loss 4.1697, time 2650.15ms, mfu 92.89%
iter 65740: loss 4.0941, time 2651.34ms, mfu 92.88%
iter 65750: loss 4.1322, time 2648.26ms, mfu 92.88%
iter 65760: loss 4.0379, time 2648.80ms, mfu 92.89%
iter 65770: loss 4.0271, time 2652.27ms, mfu 92.88%
iter 65780: loss 4.1565, time 2647.41ms, mfu 92.88%
iter 65790: loss 4.1997, time 2649.19ms, mfu 92.88%
iter 65800: loss 4.0509, time 2657.41ms, mfu 92.85%
iter 65810: loss 4.0834, time 2647.23ms, mfu 92.86%
iter 65820: loss 4.1584, time 2654.23ms, mfu 92.85%
iter 65830: loss 3.9906, time 2662.98ms, mfu 92.81%
iter 65840: loss 4.0615, time 2639.19ms, mfu 92.85%
iter 65850: loss 4.1282, time 2649.94ms, mfu 92.85%
iter 65860: loss 4.0981, time 2653.95ms, mfu 92.84%
iter 65870: loss 4.0632, time 2662.37ms, mfu 92.80%
iter 65880: loss 4.1619, time 2653.25ms, mfu 92.79%
iter 65890: loss 4.0993, time 2661.04ms, mfu 92.76%
iter 65900: loss 4.2290, time 2638.33ms, mfu 92.81%
iter 65910: loss 4.0871, time 2648.72ms, mfu 92.82%
iter 65920: loss 4.1485, time 2645.61ms, mfu 92.84%
iter 65930: loss 4.0515, time 2661.22ms, mfu 92.80%
iter 65940: loss 4.2573, time 2659.92ms, mfu 92.77%
iter 65950: loss 4.1196, time 2651.86ms, mfu 92.78%
iter 65960: loss 4.1929, time 2641.26ms, mfu 92.81%
iter 65970: loss 4.1533, time 2643.19ms, mfu 92.84%
iter 65980: loss 4.0161, time 2645.49ms, mfu 92.86%
iter 65990: loss 4.1404, time 2645.60ms, mfu 92.88%
step 66000: train loss 3.9697, val loss 3.9723
saving checkpoint to /net/scratch2/junyuren/nanoGPT-manifold/out-openwebtext-per-block
iter 66000: loss 4.1099, time 17083.91ms, mfu 85.03%
iter 66010: loss 4.1227, time 2644.97ms, mfu 85.83%
iter 66020: loss 4.1704, time 2638.72ms, mfu 86.57%
iter 66030: loss 4.0030, time 2644.25ms, mfu 87.22%
iter 66040: loss 4.1424, time 2647.95ms, mfu 87.79%
iter 66050: loss 4.0593, time 2644.67ms, mfu 88.32%
iter 66060: loss 4.1454, time 2644.14ms, mfu 88.79%
iter 66070: loss 4.1307, time 2653.77ms, mfu 89.19%
iter 66080: loss 4.0238, time 2646.44ms, mfu 89.57%
iter 66090: loss 4.1843, time 2654.96ms, mfu 89.88%
iter 66100: loss 4.1267, time 2651.21ms, mfu 90.17%
iter 66110: loss 4.1436, time 2644.49ms, mfu 90.46%
iter 66120: loss 4.1233, time 2687.16ms, mfu 90.57%
iter 66130: loss 4.0815, time 2647.51ms, mfu 90.81%
iter 66140: loss 4.0618, time 2649.44ms, mfu 91.02%
iter 66150: loss 4.1183, time 2642.98ms, mfu 91.22%
iter 66160: loss 4.1153, time 2642.31ms, mfu 91.42%
iter 66170: loss 4.1542, time 2649.92ms, mfu 91.56%
iter 66180: loss 4.1910, time 2639.00ms, mfu 91.73%
iter 66190: loss 4.2117, time 2651.52ms, mfu 91.84%
iter 66200: loss 4.1629, time 2647.85ms, mfu 91.95%
iter 66210: loss 4.0622, time 2644.46ms, mfu 92.06%
iter 66220: loss 4.0660, time 2641.99ms, mfu 92.17%
iter 66230: loss 4.1179, time 2651.88ms, mfu 92.23%
iter 66240: loss 4.1467, time 2660.53ms, mfu 92.25%
iter 66250: loss 4.1036, time 2649.55ms, mfu 92.32%
iter 66260: loss 4.0913, time 2653.24ms, mfu 92.36%
iter 66270: loss 4.0665, time 2648.52ms, mfu 92.41%
iter 66280: loss 4.2069, time 2645.10ms, mfu 92.48%
iter 66290: loss 4.1810, time 2641.44ms, mfu 92.54%
iter 66300: loss 4.1645, time 2651.89ms, mfu 92.57%
iter 66310: loss 3.9951, time 2654.20ms, mfu 92.58%
iter 66320: loss 4.0944, time 2637.85ms, mfu 92.65%
iter 66330: loss 4.0651, time 2645.92ms, mfu 92.69%
iter 66340: loss 4.0689, time 2646.06ms, mfu 92.72%
iter 66350: loss 4.1224, time 2657.95ms, mfu 92.71%
iter 66360: loss 4.1307, time 2642.25ms, mfu 92.75%
iter 66370: loss 4.1547, time 2649.33ms, mfu 92.76%
iter 66380: loss 4.0129, time 2647.82ms, mfu 92.78%
iter 66390: loss 4.0966, time 2651.76ms, mfu 92.78%
iter 66400: loss 4.0685, time 2644.71ms, mfu 92.81%
iter 66410: loss 4.0860, time 2647.19ms, mfu 92.82%
iter 66420: loss 4.1660, time 2645.26ms, mfu 92.84%
iter 66430: loss 4.1632, time 2649.06ms, mfu 92.85%
iter 66440: loss 4.1419, time 2650.46ms, mfu 92.85%
iter 66450: loss 4.1220, time 2646.17ms, mfu 92.86%
iter 66460: loss 4.1155, time 2647.71ms, mfu 92.87%
iter 66470: loss 4.1488, time 2648.92ms, mfu 92.87%
iter 66480: loss 4.1463, time 2657.37ms, mfu 92.85%
iter 66490: loss 4.0802, time 2651.88ms, mfu 92.84%
iter 66500: loss 3.9812, time 2654.80ms, mfu 92.83%
iter 66510: loss 4.0554, time 2650.48ms, mfu 92.83%
iter 66520: loss 4.1077, time 2644.98ms, mfu 92.85%
iter 66530: loss 4.1537, time 2649.40ms, mfu 92.85%
iter 66540: loss 4.1083, time 2644.82ms, mfu 92.87%
iter 66550: loss 4.0961, time 2645.14ms, mfu 92.89%
iter 66560: loss 4.0690, time 2651.69ms, mfu 92.88%
iter 66570: loss 4.1733, time 2645.30ms, mfu 92.89%
iter 66580: loss 4.1141, time 2641.12ms, mfu 92.92%
iter 66590: loss 4.0828, time 2646.28ms, mfu 92.93%
iter 66600: loss 4.1487, time 2651.59ms, mfu 92.91%
iter 66610: loss 4.1304, time 2639.14ms, mfu 92.95%
iter 66620: loss 4.1009, time 2657.16ms, mfu 92.91%
iter 66630: loss 4.0794, time 2641.27ms, mfu 92.94%
iter 66640: loss 4.1556, time 2654.04ms, mfu 92.92%
iter 66650: loss 4.2316, time 2647.88ms, mfu 92.92%
iter 66660: loss 4.1681, time 2651.30ms, mfu 92.91%
iter 66670: loss 4.0733, time 2656.37ms, mfu 92.88%
iter 66680: loss 4.1253, time 2649.89ms, mfu 92.88%
iter 66690: loss 4.1336, time 2642.66ms, mfu 92.90%
iter 66700: loss 4.0997, time 2644.11ms, mfu 92.92%
iter 66710: loss 4.2436, time 2649.98ms, mfu 92.91%
iter 66720: loss 4.2058, time 2651.90ms, mfu 92.90%
iter 66730: loss 4.1016, time 2649.51ms, mfu 92.90%
iter 66740: loss 4.1231, time 2648.23ms, mfu 92.90%
iter 66750: loss 4.0684, time 2646.64ms, mfu 92.91%
iter 66760: loss 4.0050, time 2645.52ms, mfu 92.92%
iter 66770: loss 4.1005, time 2645.53ms, mfu 92.93%
iter 66780: loss 4.0763, time 2639.85ms, mfu 92.96%
iter 66790: loss 4.1329, time 2654.13ms, mfu 92.93%
iter 66800: loss 4.1183, time 2652.51ms, mfu 92.92%
iter 66810: loss 4.0275, time 2647.88ms, mfu 92.92%
iter 66820: loss 4.1181, time 2640.13ms, mfu 92.95%
iter 66830: loss 4.0914, time 2657.55ms, mfu 92.91%
iter 66840: loss 4.2092, time 2651.01ms, mfu 92.90%
iter 66850: loss 4.1381, time 2642.46ms, mfu 92.93%
iter 66860: loss 4.1343, time 2648.23ms, mfu 92.93%
iter 66870: loss 4.0364, time 2643.15ms, mfu 92.94%
iter 66880: loss 4.1083, time 2651.07ms, mfu 92.93%
iter 66890: loss 4.0797, time 2650.32ms, mfu 92.92%
iter 66900: loss 4.1303, time 2659.53ms, mfu 92.88%
iter 66910: loss 4.1323, time 2652.77ms, mfu 92.87%
iter 66920: loss 4.1419, time 2652.97ms, mfu 92.86%
iter 66930: loss 4.1048, time 2647.81ms, mfu 92.87%
iter 66940: loss 4.1409, time 2645.90ms, mfu 92.88%
iter 66950: loss 4.0646, time 2654.89ms, mfu 92.86%
iter 66960: loss 4.0517, time 2646.71ms, mfu 92.87%
iter 66970: loss 4.1124, time 2650.52ms, mfu 92.87%
iter 66980: loss 4.1359, time 2647.10ms, mfu 92.88%
iter 66990: loss 4.1081, time 2650.63ms, mfu 92.87%
step 67000: train loss 3.9557, val loss 3.9608
saving checkpoint to /net/scratch2/junyuren/nanoGPT-manifold/out-openwebtext-per-block
iter 67000: loss 4.0227, time 17108.88ms, mfu 85.03%
iter 67010: loss 4.0864, time 2655.28ms, mfu 85.79%
iter 67020: loss 4.1189, time 2653.54ms, mfu 86.48%
iter 67030: loss 4.1452, time 2662.86ms, mfu 87.08%
iter 67040: loss 4.1445, time 2651.06ms, mfu 87.65%
iter 67050: loss 4.1189, time 2650.00ms, mfu 88.17%
iter 67060: loss 4.1743, time 2639.65ms, mfu 88.68%
iter 67070: loss 3.9358, time 2645.17ms, mfu 89.11%
iter 67080: loss 4.1095, time 2648.89ms, mfu 89.49%
iter 67090: loss 3.9958, time 2656.24ms, mfu 89.81%
iter 67100: loss 4.1848, time 2646.94ms, mfu 90.12%
iter 67110: loss 4.1065, time 2649.54ms, mfu 90.40%
iter 67120: loss 4.0999, time 2656.28ms, mfu 90.62%
iter 67130: loss 4.0744, time 2643.02ms, mfu 90.87%
iter 67140: loss 4.1038, time 2656.07ms, mfu 91.05%
iter 67150: loss 4.1623, time 2641.77ms, mfu 91.26%
iter 67160: loss 4.1181, time 2663.35ms, mfu 91.37%
iter 67170: loss 4.1673, time 2655.28ms, mfu 91.50%
iter 67180: loss 4.1381, time 2647.05ms, mfu 91.65%
iter 67190: loss 4.1533, time 2647.74ms, mfu 91.78%
iter 67200: loss 4.0473, time 2655.07ms, mfu 91.87%
iter 67210: loss 4.0995, time 2654.73ms, mfu 91.95%
iter 67220: loss 4.1441, time 2650.48ms, mfu 92.04%
iter 67230: loss 4.1409, time 2649.57ms, mfu 92.12%
iter 67240: loss 4.1464, time 2661.83ms, mfu 92.16%
iter 67250: loss 4.1233, time 2649.65ms, mfu 92.23%
iter 67260: loss 4.0883, time 2660.45ms, mfu 92.25%
iter 67270: loss 4.0641, time 2651.26ms, mfu 92.31%
iter 67280: loss 4.0418, time 2653.44ms, mfu 92.35%
iter 67290: loss 4.1677, time 2643.92ms, mfu 92.42%
iter 67300: loss 4.0345, time 2647.29ms, mfu 92.48%
iter 67310: loss 4.1935, time 2644.19ms, mfu 92.54%
iter 67320: loss 4.1069, time 2652.19ms, mfu 92.56%
iter 67330: loss 4.1731, time 2650.67ms, mfu 92.59%
iter 67340: loss 4.1160, time 2659.04ms, mfu 92.58%
iter 67350: loss 4.0816, time 2660.96ms, mfu 92.57%
iter 67360: loss 4.1618, time 2648.30ms, mfu 92.61%
iter 67370: loss 4.1166, time 2648.35ms, mfu 92.64%
iter 67380: loss 4.0415, time 2647.81ms, mfu 92.67%
iter 67390: loss 4.1097, time 2651.90ms, mfu 92.68%
iter 67400: loss 4.0559, time 2657.96ms, mfu 92.67%
iter 67410: loss 4.0888, time 2637.79ms, mfu 92.73%
iter 67420: loss 4.1682, time 2645.71ms, mfu 92.76%
iter 67430: loss 4.0687, time 2652.91ms, mfu 92.76%
iter 67440: loss 4.0308, time 2649.08ms, mfu 92.77%
iter 67450: loss 4.0913, time 2650.83ms, mfu 92.78%
iter 67460: loss 4.1686, time 2645.66ms, mfu 92.80%
iter 67470: loss 4.1524, time 2656.02ms, mfu 92.79%
iter 67480: loss 4.0494, time 2656.85ms, mfu 92.77%
iter 67490: loss 4.1913, time 2645.21ms, mfu 92.80%
iter 67500: loss 4.0890, time 2663.73ms, mfu 92.75%
iter 67510: loss 4.2567, time 2647.52ms, mfu 92.77%
iter 67520: loss 4.1813, time 2650.86ms, mfu 92.78%
iter 67530: loss 4.1534, time 2648.63ms, mfu 92.79%
iter 67540: loss 4.1325, time 2648.03ms, mfu 92.81%
iter 67550: loss 4.0690, time 2643.89ms, mfu 92.83%
iter 67560: loss 4.1026, time 2655.74ms, mfu 92.82%
iter 67570: loss 4.1685, time 2641.57ms, mfu 92.85%
iter 67580: loss 4.1210, time 2656.44ms, mfu 92.83%
iter 67590: loss 4.0918, time 2648.89ms, mfu 92.83%
iter 67600: loss 4.0680, time 2648.50ms, mfu 92.84%
iter 67610: loss 4.0550, time 2651.58ms, mfu 92.84%
iter 67620: loss 4.1195, time 2644.26ms, mfu 92.86%
iter 67630: loss 4.1572, time 2646.98ms, mfu 92.87%
iter 67640: loss 4.0880, time 2641.57ms, mfu 92.90%
iter 67650: loss 4.1264, time 2645.00ms, mfu 92.91%
iter 67660: loss 4.0999, time 2649.56ms, mfu 92.91%
iter 67670: loss 4.2014, time 2660.90ms, mfu 92.87%
iter 67680: loss 4.1672, time 2645.72ms, mfu 92.88%
iter 67690: loss 4.1067, time 2653.73ms, mfu 92.87%
iter 67700: loss 4.0610, time 2653.02ms, mfu 92.85%
iter 67710: loss 4.0502, time 2648.85ms, mfu 92.86%
iter 67720: loss 4.1158, time 2643.57ms, mfu 92.88%
iter 67730: loss 4.1195, time 2661.80ms, mfu 92.84%
iter 67740: loss 4.1450, time 2648.60ms, mfu 92.85%
iter 67750: loss 4.1362, time 2643.48ms, mfu 92.87%
iter 67760: loss 4.0649, time 2649.09ms, mfu 92.87%
iter 67770: loss 4.1157, time 2650.65ms, mfu 92.87%
iter 67780: loss 4.1226, time 2650.35ms, mfu 92.87%
iter 67790: loss 4.1031, time 2652.77ms, mfu 92.86%
iter 67800: loss 4.1600, time 2651.54ms, mfu 92.85%
iter 67810: loss 4.1760, time 2648.65ms, mfu 92.86%
iter 67820: loss 4.1183, time 2643.74ms, mfu 92.88%
iter 67830: loss 4.0709, time 2648.76ms, mfu 92.88%
iter 67840: loss 4.1083, time 2652.32ms, mfu 92.87%
iter 67850: loss 4.1255, time 2643.84ms, mfu 92.89%
iter 67860: loss 4.0790, time 2650.91ms, mfu 92.88%
iter 67870: loss 4.1502, time 2651.13ms, mfu 92.88%
iter 67880: loss 4.1641, time 2645.26ms, mfu 92.89%
iter 67890: loss 4.1124, time 2651.01ms, mfu 92.89%
iter 67900: loss 4.0793, time 2654.82ms, mfu 92.87%
iter 67910: loss 4.0986, time 2650.65ms, mfu 92.86%
iter 67920: loss 4.1600, time 2641.21ms, mfu 92.89%
iter 67930: loss 4.1742, time 2648.72ms, mfu 92.90%
iter 67940: loss 3.9939, time 2645.52ms, mfu 92.91%
iter 67950: loss 4.0796, time 2651.55ms, mfu 92.90%
iter 67960: loss 4.0481, time 2656.22ms, mfu 92.87%
iter 67970: loss 4.2090, time 2648.32ms, mfu 92.88%
iter 67980: loss 4.0885, time 2638.99ms, mfu 92.91%
iter 67990: loss 4.1258, time 2646.41ms, mfu 92.92%
step 68000: train loss 3.9453, val loss 3.9573
saving checkpoint to /net/scratch2/junyuren/nanoGPT-manifold/out-openwebtext-per-block
iter 68000: loss 4.1818, time 17171.07ms, mfu 85.06%
iter 68010: loss 4.0830, time 2644.81ms, mfu 85.86%
iter 68020: loss 4.1088, time 2634.84ms, mfu 86.61%
iter 68030: loss 4.0390, time 2647.98ms, mfu 87.24%
iter 68040: loss 4.1086, time 2657.30ms, mfu 87.78%
iter 68050: loss 4.1693, time 2660.82ms, mfu 88.25%
iter 68060: loss 4.1101, time 2637.14ms, mfu 88.76%
iter 68070: loss 4.0512, time 2639.87ms, mfu 89.20%
iter 68080: loss 4.1221, time 2641.01ms, mfu 89.60%
iter 68090: loss 4.1703, time 2647.09ms, mfu 89.94%
iter 68100: loss 4.1177, time 2643.90ms, mfu 90.25%
iter 68110: loss 4.0709, time 2641.52ms, mfu 90.54%
iter 68120: loss 4.1605, time 2649.79ms, mfu 90.77%
iter 68130: loss 4.0868, time 2656.35ms, mfu 90.96%
iter 68140: loss 4.1297, time 2642.35ms, mfu 91.18%
iter 68150: loss 4.0999, time 2642.36ms, mfu 91.37%
iter 68160: loss 4.1018, time 2653.89ms, mfu 91.51%
iter 68170: loss 4.0834, time 2640.60ms, mfu 91.68%
iter 68180: loss 4.1132, time 2643.63ms, mfu 91.82%
iter 68190: loss 4.1084, time 2637.48ms, mfu 91.96%
iter 68200: loss 4.1019, time 2639.85ms, mfu 92.09%
iter 68210: loss 4.0142, time 2641.66ms, mfu 92.20%
iter 68220: loss 4.0311, time 2642.10ms, mfu 92.29%
iter 68230: loss 4.1533, time 2643.33ms, mfu 92.37%
iter 68240: loss 4.1014, time 2644.71ms, mfu 92.44%
iter 68250: loss 4.1106, time 2651.20ms, mfu 92.48%
iter 68260: loss 4.1354, time 2641.55ms, mfu 92.54%
iter 68270: loss 4.0709, time 2646.17ms, mfu 92.59%
iter 68280: loss 4.0583, time 2649.15ms, mfu 92.62%
