Overriding config with config/train_openwebtext_lr6x_resume.py:
# OpenWebText Phase 2.5 - LR 6× (NEW EXPERIMENT)
# Intermediate between lr4x and lr8x

# I/O
out_dir = '/net/scratch2/junyuren/nanoGPT-manifold/out-openwebtext-lr6x'
init_from = 'resume'
eval_interval = 1000
eval_iters = 200
log_interval = 10
always_save_checkpoint = True

wandb_log = False
wandb_project = 'openwebtext'
wandb_run_name = 'grassmann-6L-384d-lr6x'

# Data
dataset = 'openwebtext'
data_dir = '/net/scratch2/junyuren/nanoGPT-manifold/data/openwebtext'
gradient_accumulation_steps = 40
batch_size = 64
block_size = 1024

# Model
n_layer = 6
n_head = 6
n_embd = 384
dropout = 0.2
bias = False

# AdamW optimizer
learning_rate = 1e-3
max_iters = 100000
lr_decay_iters = 100000
min_lr = 1e-4
beta1 = 0.9
beta2 = 0.99
weight_decay = 1e-1
grad_clip = 1.0

decay_lr = True
warmup_iters = 2000

# Grassmann config - stable_rank_x2 with lr6x
use_grassmann = True
grassmann_phase = 'phase2.5'

grass_rank_c_attn = 48
grass_rank_mlp_fc = 20
grass_scale_c_attn = 4.6293
grass_scale_mlp_fc = 10.1372

grass_rank = 48
grass_lr = 6e-3  # 6× (between lr4x and lr8x)
grass_a = 1.0
grass_b = 0.0
grass_alpha = 0.01
grass_steps = 10
grass_tol = 1e-6

# System
device = 'cuda'
dtype = 'bfloat16'
compile = True

tokens per iteration will be: 2,621,440
Resuming training from /net/scratch2/junyuren/nanoGPT-manifold/out-openwebtext-lr6x
number of parameters: 29.94M

=== Phase phase2.5 Grassmann Configuration ===
  Variant .5: attn.c_proj uses AdamW (not Grassmann)

Per-block configuration (6 blocks):
  c_attn ranks:       [48, 48, 48, 48, 48, 48]
  c_attn scales:      ['4.63', '4.63', '4.63', '4.63', '4.63', '4.63']
  mlp.c_fc ranks:     [20, 20, 20, 20, 20, 20]
  mlp.c_fc scales:    ['10.14', '10.14', '10.14', '10.14', '10.14', '10.14']
Grassmann Muon parameters: 6 weight matrices, 3,538,944 params
AdamW decay parameters: 20 tensors, 26,787,840 params
AdamW no-decay parameters: 13 tensors, 4,992 params
  transformer.h.0.mlp.c_fc.weight: k=4, G_{1.0,0.0,20}, lr=0.008, scale=10.1372, type=vertical
  transformer.h.1.mlp.c_fc.weight: k=4, G_{1.0,0.0,20}, lr=0.008, scale=10.1372, type=vertical
  transformer.h.2.mlp.c_fc.weight: k=4, G_{1.0,0.0,20}, lr=0.008, scale=10.1372, type=vertical
  transformer.h.3.mlp.c_fc.weight: k=4, G_{1.0,0.0,20}, lr=0.008, scale=10.1372, type=vertical
  transformer.h.4.mlp.c_fc.weight: k=4, G_{1.0,0.0,20}, lr=0.008, scale=10.1372, type=vertical
  transformer.h.5.mlp.c_fc.weight: k=4, G_{1.0,0.0,20}, lr=0.008, scale=10.1372, type=vertical
using fused AdamW: True

=== Setting up component-specific dropout ===
AdamW components: dropout = 0.2
Grassmann components: dropout = 0.1
Component-specific dropout setup complete.

=== Setting up norm-preserving scaling (Phase phase2.5) ===
  Added frozen 0.5×I scaling after mlp.c_fc (device=cuda:0)
  Added frozen 0.5×I scaling after mlp.c_fc (device=cuda:0)
  Added frozen 0.5×I scaling after mlp.c_fc (device=cuda:0)
  Added frozen 0.5×I scaling after mlp.c_fc (device=cuda:0)
  Added frozen 0.5×I scaling after mlp.c_fc (device=cuda:0)
  Added frozen 0.5×I scaling after mlp.c_fc (device=cuda:0)
Norm-preserving scaling setup complete.
compiling the model... (takes a ~minute)
step 39000: train loss 3.9176, val loss 3.9250
saving checkpoint to /net/scratch2/junyuren/nanoGPT-manifold/out-openwebtext-lr6x
iter 39000: loss 3.9405, time 28982.04ms, mfu -100.00%
iter 39010: loss 4.0812, time 2731.57ms, mfu 90.09%
iter 39020: loss 4.0087, time 2729.23ms, mfu 90.09%
iter 39030: loss 4.0586, time 2730.26ms, mfu 90.10%
iter 39040: loss 4.0961, time 2734.86ms, mfu 90.09%
iter 39050: loss 4.1020, time 2734.42ms, mfu 90.08%
iter 39060: loss 4.1105, time 2740.97ms, mfu 90.05%
iter 39070: loss 3.9283, time 2731.77ms, mfu 90.05%
iter 39080: loss 4.0054, time 2735.49ms, mfu 90.04%
iter 39090: loss 4.1057, time 2739.70ms, mfu 90.02%
iter 39100: loss 4.0948, time 2742.22ms, mfu 89.99%
iter 39110: loss 4.0143, time 2737.76ms, mfu 89.98%
iter 39120: loss 4.0727, time 2737.43ms, mfu 89.97%
iter 39130: loss 4.0298, time 2727.58ms, mfu 90.00%
iter 39140: loss 4.0373, time 2730.19ms, mfu 90.01%
iter 39150: loss 4.0835, time 2739.71ms, mfu 89.99%
iter 39160: loss 4.0415, time 2735.28ms, mfu 89.99%
iter 39170: loss 4.0227, time 2739.79ms, mfu 89.97%
iter 39180: loss 4.1003, time 2737.13ms, mfu 89.96%
iter 39190: loss 4.0654, time 2738.06ms, mfu 89.95%
iter 39200: loss 4.1372, time 2739.58ms, mfu 89.94%
iter 39210: loss 4.1253, time 2736.96ms, mfu 89.94%
iter 39220: loss 3.9882, time 2743.45ms, mfu 89.91%
iter 39230: loss 3.9738, time 2743.88ms, mfu 89.89%
iter 39240: loss 4.0655, time 2737.99ms, mfu 89.89%
iter 39250: loss 4.0694, time 2735.28ms, mfu 89.90%
iter 39260: loss 4.1099, time 2739.97ms, mfu 89.89%
iter 39270: loss 4.0866, time 2732.92ms, mfu 89.90%
iter 39280: loss 4.0871, time 2735.26ms, mfu 89.91%
iter 39290: loss 4.0732, time 2737.69ms, mfu 89.91%
iter 39300: loss 4.1064, time 2741.23ms, mfu 89.89%
iter 39310: loss 4.0960, time 2739.93ms, mfu 89.89%
iter 39320: loss 4.0400, time 2739.58ms, mfu 89.88%
iter 39330: loss 4.0132, time 2737.97ms, mfu 89.88%
iter 39340: loss 4.0344, time 2737.49ms, mfu 89.88%
iter 39350: loss 4.0293, time 2734.74ms, mfu 89.89%
iter 39360: loss 4.0600, time 2736.05ms, mfu 89.89%
iter 39370: loss 3.9977, time 2747.22ms, mfu 89.86%
iter 39380: loss 4.0128, time 2740.28ms, mfu 89.86%
iter 39390: loss 4.0554, time 2734.52ms, mfu 89.87%
iter 39400: loss 4.1100, time 2743.79ms, mfu 89.85%
iter 39410: loss 3.9414, time 2739.62ms, mfu 89.85%
iter 39420: loss 4.0290, time 2745.36ms, mfu 89.83%
iter 39430: loss 4.0000, time 2741.90ms, mfu 89.82%
iter 39440: loss 4.0042, time 2733.45ms, mfu 89.84%
iter 39450: loss 4.0097, time 2735.55ms, mfu 89.85%
iter 39460: loss 4.0312, time 2738.05ms, mfu 89.85%
iter 39470: loss 4.0373, time 2742.72ms, mfu 89.84%
iter 39480: loss 4.0189, time 2741.40ms, mfu 89.83%
iter 39490: loss 4.0989, time 2740.37ms, mfu 89.83%
iter 39500: loss 4.0778, time 2742.45ms, mfu 89.82%
iter 39510: loss 4.1098, time 2739.68ms, mfu 89.82%
iter 39520: loss 4.0083, time 2747.23ms, mfu 89.79%
iter 39530: loss 4.0740, time 2740.52ms, mfu 89.79%
iter 39540: loss 4.0141, time 2742.25ms, mfu 89.79%
iter 39550: loss 4.0490, time 2735.40ms, mfu 89.81%
iter 39560: loss 3.9774, time 2745.86ms, mfu 89.79%
iter 39570: loss 4.1053, time 2736.79ms, mfu 89.80%
iter 39580: loss 4.0464, time 2740.91ms, mfu 89.80%
iter 39590: loss 4.1488, time 2740.82ms, mfu 89.80%
iter 39600: loss 4.0545, time 2744.27ms, mfu 89.78%
iter 39610: loss 4.1063, time 2741.05ms, mfu 89.78%
iter 39620: loss 3.9987, time 2747.78ms, mfu 89.76%
iter 39630: loss 4.0488, time 2739.29ms, mfu 89.77%
iter 39640: loss 4.0971, time 2740.44ms, mfu 89.77%
iter 39650: loss 3.9259, time 2740.84ms, mfu 89.77%
iter 39660: loss 3.9956, time 2748.82ms, mfu 89.75%
iter 39670: loss 4.0615, time 2737.92ms, mfu 89.76%
iter 39680: loss 4.0258, time 2740.03ms, mfu 89.76%
iter 39690: loss 3.9994, time 2740.50ms, mfu 89.77%
iter 39700: loss 3.9935, time 2742.05ms, mfu 89.76%
iter 39710: loss 4.1208, time 2743.19ms, mfu 89.76%
iter 39720: loss 4.0215, time 2744.51ms, mfu 89.75%
iter 39730: loss 3.9379, time 2739.20ms, mfu 89.76%
iter 39740: loss 4.0701, time 2746.91ms, mfu 89.74%
iter 39750: loss 4.1442, time 2738.23ms, mfu 89.75%
iter 39760: loss 4.0186, time 2741.55ms, mfu 89.75%
iter 39770: loss 4.0106, time 2750.30ms, mfu 89.73%
iter 39780: loss 3.9944, time 2749.37ms, mfu 89.70%
iter 39790: loss 4.0102, time 2740.97ms, mfu 89.71%
iter 39800: loss 4.0322, time 2746.86ms, mfu 89.70%
iter 39810: loss 4.0192, time 2749.21ms, mfu 89.68%
iter 39820: loss 4.0986, time 2741.01ms, mfu 89.69%
iter 39830: loss 4.0293, time 2736.41ms, mfu 89.71%
iter 39840: loss 4.0639, time 2743.25ms, mfu 89.71%
iter 39850: loss 4.0834, time 2747.29ms, mfu 89.70%
iter 39860: loss 4.0737, time 2745.10ms, mfu 89.69%
iter 39870: loss 3.9829, time 2734.95ms, mfu 89.72%
iter 39880: loss 4.0197, time 2735.03ms, mfu 89.75%
iter 39890: loss 4.0644, time 2739.05ms, mfu 89.75%
iter 39900: loss 4.0260, time 2737.74ms, mfu 89.77%
iter 39910: loss 4.0117, time 2737.52ms, mfu 89.78%
iter 39920: loss 4.0832, time 2735.94ms, mfu 89.80%
iter 39930: loss 4.1051, time 2739.52ms, mfu 89.80%
iter 39940: loss 4.0902, time 2739.83ms, mfu 89.80%
iter 39950: loss 4.1272, time 2739.65ms, mfu 89.80%
iter 39960: loss 4.0179, time 2745.03ms, mfu 89.79%
iter 39970: loss 4.0390, time 2745.90ms, mfu 89.77%
iter 39980: loss 4.0929, time 2739.57ms, mfu 89.78%
iter 39990: loss 4.0178, time 2750.61ms, mfu 89.74%
step 40000: train loss 3.9252, val loss 3.9442
saving checkpoint to /net/scratch2/junyuren/nanoGPT-manifold/out-openwebtext-lr6x
iter 40000: loss 3.9962, time 17597.81ms, mfu 82.17%
iter 40010: loss 4.0927, time 2740.86ms, mfu 82.93%
iter 40020: loss 3.9975, time 2738.01ms, mfu 83.62%
iter 40030: loss 4.0615, time 2744.97ms, mfu 84.23%
iter 40040: loss 4.0168, time 2745.31ms, mfu 84.77%
iter 40050: loss 4.0871, time 2734.99ms, mfu 85.29%
iter 40060: loss 3.9460, time 2742.41ms, mfu 85.73%
iter 40070: loss 4.0100, time 2738.28ms, mfu 86.15%
iter 40080: loss 4.0290, time 2732.79ms, mfu 86.54%
iter 40090: loss 4.0665, time 2736.80ms, mfu 86.87%
iter 40100: loss 4.0592, time 2738.08ms, mfu 87.17%
iter 40110: loss 4.0101, time 2736.92ms, mfu 87.45%
iter 40120: loss 4.0748, time 2731.28ms, mfu 87.71%
iter 40130: loss 4.0207, time 2734.01ms, mfu 87.94%
iter 40140: loss 3.9941, time 2738.24ms, mfu 88.13%
iter 40150: loss 4.0692, time 2734.61ms, mfu 88.32%
iter 40160: loss 4.0682, time 2740.56ms, mfu 88.47%
iter 40170: loss 3.9733, time 2737.54ms, mfu 88.61%
iter 40180: loss 4.0427, time 2743.54ms, mfu 88.72%
iter 40190: loss 4.1744, time 2741.64ms, mfu 88.82%
iter 40200: loss 3.9941, time 2738.00ms, mfu 88.93%
iter 40210: loss 4.0112, time 2736.98ms, mfu 89.02%
iter 40220: loss 4.1143, time 2742.97ms, mfu 89.09%
iter 40230: loss 4.0526, time 2737.93ms, mfu 89.17%
iter 40240: loss 4.0668, time 2733.69ms, mfu 89.26%
iter 40250: loss 4.1450, time 2739.89ms, mfu 89.31%
iter 40260: loss 4.1070, time 2738.91ms, mfu 89.37%
iter 40270: loss 4.0813, time 2736.17ms, mfu 89.42%
iter 40280: loss 4.0832, time 2732.57ms, mfu 89.49%
iter 40290: loss 4.0899, time 2739.84ms, mfu 89.52%
iter 40300: loss 4.0434, time 2742.93ms, mfu 89.54%
iter 40310: loss 4.0763, time 2741.15ms, mfu 89.56%
iter 40320: loss 3.9016, time 2738.25ms, mfu 89.59%
iter 40330: loss 4.0866, time 2745.15ms, mfu 89.60%
iter 40340: loss 4.1182, time 2739.67ms, mfu 89.62%
iter 40350: loss 4.1357, time 2736.52ms, mfu 89.65%
iter 40360: loss 4.0334, time 2746.30ms, mfu 89.64%
iter 40370: loss 4.0978, time 2735.98ms, mfu 89.67%
iter 40380: loss 4.0636, time 2734.69ms, mfu 89.71%
iter 40390: loss 4.0620, time 2736.64ms, mfu 89.73%
iter 40400: loss 4.0839, time 2732.55ms, mfu 89.76%
iter 40410: loss 4.0939, time 2734.71ms, mfu 89.78%
iter 40420: loss 4.1142, time 2741.24ms, mfu 89.78%
iter 40430: loss 4.0976, time 2740.18ms, mfu 89.78%
iter 40440: loss 4.0245, time 2739.97ms, mfu 89.79%
iter 40450: loss 3.9522, time 2743.50ms, mfu 89.78%
iter 40460: loss 4.1018, time 2738.78ms, mfu 89.78%
iter 40470: loss 4.1057, time 2741.59ms, mfu 89.78%
iter 40480: loss 4.0159, time 2738.72ms, mfu 89.79%
iter 40490: loss 4.0630, time 2740.94ms, mfu 89.79%
iter 40500: loss 3.9799, time 2737.60ms, mfu 89.80%
iter 40510: loss 4.0410, time 2740.43ms, mfu 89.80%
iter 40520: loss 4.1383, time 2739.62ms, mfu 89.80%
iter 40530: loss 4.1133, time 2734.18ms, mfu 89.82%
iter 40540: loss 4.0768, time 2734.23ms, mfu 89.84%
iter 40550: loss 4.0831, time 2743.76ms, mfu 89.82%
iter 40560: loss 4.1008, time 2742.52ms, mfu 89.81%
iter 40570: loss 4.0488, time 2738.82ms, mfu 89.82%
iter 40580: loss 4.0160, time 2733.36ms, mfu 89.84%
iter 40590: loss 4.0721, time 2738.08ms, mfu 89.84%
iter 40600: loss 4.0460, time 2738.30ms, mfu 89.84%
iter 40610: loss 4.0282, time 2739.55ms, mfu 89.84%
iter 40620: loss 4.0953, time 2738.34ms, mfu 89.84%
iter 40630: loss 4.1024, time 2742.19ms, mfu 89.83%
iter 40640: loss 4.0555, time 2735.77ms, mfu 89.84%
iter 40650: loss 4.0851, time 2737.92ms, mfu 89.85%
iter 40660: loss 4.0837, time 2734.49ms, mfu 89.86%
iter 40670: loss 4.0724, time 2729.84ms, mfu 89.89%
iter 40680: loss 4.0297, time 2726.67ms, mfu 89.93%
iter 40690: loss 4.0286, time 2723.90ms, mfu 89.97%
iter 40700: loss 4.0973, time 2714.84ms, mfu 90.03%
iter 40710: loss 4.1385, time 2733.33ms, mfu 90.03%
iter 40720: loss 3.9861, time 2728.81ms, mfu 90.05%
iter 40730: loss 4.0665, time 2742.65ms, mfu 90.02%
iter 40740: loss 4.0146, time 2743.95ms, mfu 89.98%
iter 40750: loss 3.9376, time 2740.22ms, mfu 89.96%
iter 40760: loss 4.0483, time 2737.10ms, mfu 89.96%
iter 40770: loss 4.1221, time 2738.63ms, mfu 89.95%
iter 40780: loss 4.1329, time 2732.52ms, mfu 89.96%
iter 40790: loss 4.0384, time 2734.12ms, mfu 89.96%
iter 40800: loss 4.0517, time 2743.54ms, mfu 89.94%
iter 40810: loss 4.0643, time 2746.50ms, mfu 89.90%
iter 40820: loss 4.0698, time 2729.19ms, mfu 89.93%
iter 40830: loss 4.1067, time 2738.33ms, mfu 89.92%
iter 40840: loss 4.0204, time 2739.02ms, mfu 89.91%
iter 40850: loss 4.0532, time 2734.83ms, mfu 89.92%
iter 40860: loss 4.0568, time 2742.24ms, mfu 89.90%
iter 40870: loss 3.9677, time 2737.61ms, mfu 89.90%
iter 40880: loss 4.1453, time 2738.03ms, mfu 89.90%
iter 40890: loss 4.0588, time 2740.60ms, mfu 89.89%
iter 40900: loss 4.0079, time 2741.93ms, mfu 89.87%
iter 40910: loss 4.0680, time 2739.02ms, mfu 89.87%
iter 40920: loss 4.1041, time 2743.71ms, mfu 89.85%
iter 40930: loss 4.0813, time 2739.43ms, mfu 89.85%
iter 40940: loss 4.0273, time 2736.06ms, mfu 89.86%
iter 40950: loss 4.1036, time 2734.48ms, mfu 89.87%
iter 40960: loss 4.1153, time 2739.64ms, mfu 89.87%
iter 40970: loss 4.0350, time 2744.76ms, mfu 89.85%
iter 40980: loss 4.0321, time 2738.54ms, mfu 89.85%
iter 40990: loss 3.9933, time 2745.92ms, mfu 89.82%
step 41000: train loss 3.9192, val loss 3.9282
saving checkpoint to /net/scratch2/junyuren/nanoGPT-manifold/out-openwebtext-lr6x
iter 41000: loss 4.0421, time 18225.98ms, mfu 82.19%
iter 41010: loss 4.0459, time 2725.35ms, mfu 83.00%
iter 41020: loss 4.0155, time 2739.20ms, mfu 83.68%
iter 41030: loss 3.9908, time 2736.93ms, mfu 84.31%
iter 41040: loss 4.0286, time 2737.90ms, mfu 84.86%
iter 41050: loss 4.0416, time 2734.50ms, mfu 85.38%
iter 41060: loss 4.1603, time 2735.36ms, mfu 85.84%
iter 41070: loss 4.0186, time 2735.80ms, mfu 86.25%
iter 41080: loss 4.0416, time 2733.73ms, mfu 86.62%
iter 41090: loss 4.0269, time 2736.84ms, mfu 86.95%
iter 41100: loss 3.9365, time 2741.89ms, mfu 87.23%
iter 41110: loss 4.0130, time 2738.10ms, mfu 87.50%
iter 41120: loss 3.9724, time 2736.95ms, mfu 87.74%
iter 41130: loss 4.0317, time 2742.07ms, mfu 87.94%
iter 41140: loss 4.0039, time 2739.00ms, mfu 88.13%
iter 41150: loss 4.0937, time 2738.57ms, mfu 88.30%
iter 41160: loss 4.0915, time 2739.14ms, mfu 88.45%
iter 41170: loss 4.1249, time 2736.72ms, mfu 88.60%
iter 41180: loss 4.0292, time 2737.84ms, mfu 88.73%
iter 41190: loss 4.0795, time 2737.39ms, mfu 88.85%
iter 41200: loss 3.9886, time 2728.54ms, mfu 88.98%
iter 41210: loss 4.1365, time 2735.46ms, mfu 89.08%
iter 41220: loss 4.0302, time 2739.33ms, mfu 89.15%
iter 41230: loss 3.9841, time 2739.38ms, mfu 89.22%
iter 41240: loss 4.0540, time 2738.24ms, mfu 89.29%
iter 41250: loss 4.1328, time 2743.19ms, mfu 89.33%
iter 41260: loss 3.9699, time 2733.77ms, mfu 89.40%
iter 41270: loss 4.0396, time 2739.89ms, mfu 89.44%
iter 41280: loss 4.0466, time 2738.56ms, mfu 89.48%
iter 41290: loss 4.0606, time 2738.22ms, mfu 89.52%
iter 41300: loss 4.1132, time 2743.89ms, mfu 89.53%
iter 41310: loss 3.9814, time 2741.55ms, mfu 89.56%
iter 41320: loss 3.9543, time 2728.44ms, mfu 89.62%
iter 41330: loss 4.0141, time 2729.01ms, mfu 89.68%
iter 41340: loss 4.0425, time 2736.12ms, mfu 89.70%
iter 41350: loss 4.1605, time 2738.63ms, mfu 89.72%
iter 41360: loss 4.0936, time 2733.96ms, mfu 89.75%
iter 41370: loss 4.0491, time 2742.95ms, mfu 89.74%
iter 41380: loss 3.9908, time 2740.18ms, mfu 89.75%
iter 41390: loss 4.0256, time 2718.01ms, mfu 89.83%
iter 41400: loss 4.0581, time 2733.48ms, mfu 89.85%
iter 41410: loss 4.0531, time 2736.10ms, mfu 89.86%
iter 41420: loss 4.0388, time 2716.55ms, mfu 89.93%
iter 41430: loss 3.9250, time 2731.83ms, mfu 89.94%
iter 41440: loss 4.0524, time 2733.22ms, mfu 89.95%
iter 41450: loss 4.1367, time 2733.11ms, mfu 89.96%
iter 41460: loss 4.0710, time 2740.59ms, mfu 89.94%
iter 41470: loss 4.0268, time 2739.13ms, mfu 89.93%
iter 41480: loss 4.1228, time 2741.51ms, mfu 89.92%
iter 41490: loss 3.9806, time 2737.95ms, mfu 89.91%
iter 41500: loss 4.0761, time 2744.50ms, mfu 89.89%
iter 41510: loss 4.0288, time 2744.96ms, mfu 89.86%
iter 41520: loss 4.1128, time 2740.01ms, mfu 89.86%
iter 41530: loss 3.9811, time 2740.64ms, mfu 89.85%
iter 41540: loss 4.0863, time 2745.82ms, mfu 89.83%
iter 41550: loss 4.1226, time 2736.91ms, mfu 89.84%
iter 41560: loss 4.0416, time 2739.05ms, mfu 89.84%
iter 41570: loss 4.1022, time 2740.47ms, mfu 89.83%
iter 41580: loss 3.9541, time 2740.36ms, mfu 89.83%
iter 41590: loss 4.0836, time 2736.16ms, mfu 89.84%
iter 41600: loss 4.0887, time 2737.95ms, mfu 89.84%
iter 41610: loss 4.0506, time 2739.53ms, mfu 89.84%
iter 41620: loss 4.0202, time 2741.68ms, mfu 89.83%
iter 41630: loss 4.1309, time 2738.93ms, mfu 89.83%
iter 41640: loss 4.0255, time 2735.29ms, mfu 89.85%
iter 41650: loss 3.9971, time 2743.72ms, mfu 89.83%
iter 41660: loss 4.0466, time 2740.98ms, mfu 89.83%
iter 41670: loss 3.9887, time 2742.66ms, mfu 89.81%
iter 41680: loss 4.0600, time 2739.38ms, mfu 89.82%
iter 41690: loss 4.0567, time 2732.54ms, mfu 89.84%
iter 41700: loss 3.9858, time 2734.90ms, mfu 89.85%
iter 41710: loss 3.9542, time 2731.23ms, mfu 89.88%
iter 41720: loss 4.0610, time 2737.88ms, mfu 89.88%
iter 41730: loss 4.0186, time 2738.63ms, mfu 89.88%
iter 41740: loss 4.0821, time 2739.52ms, mfu 89.87%
iter 41750: loss 4.0295, time 2736.89ms, mfu 89.87%
iter 41760: loss 4.0392, time 2744.51ms, mfu 89.85%
iter 41770: loss 4.0807, time 2739.20ms, mfu 89.85%
iter 41780: loss 4.0231, time 2736.32ms, mfu 89.86%
iter 41790: loss 4.0484, time 2738.49ms, mfu 89.86%
iter 41800: loss 4.1221, time 2739.25ms, mfu 89.86%
iter 41810: loss 3.9842, time 2740.38ms, mfu 89.85%
iter 41820: loss 4.0546, time 2736.51ms, mfu 89.86%
iter 41830: loss 4.0370, time 2739.44ms, mfu 89.86%
iter 41840: loss 4.0286, time 2740.69ms, mfu 89.85%
iter 41850: loss 4.0091, time 2738.34ms, mfu 89.85%
iter 41860: loss 4.1031, time 2738.75ms, mfu 89.85%
iter 41870: loss 4.0500, time 2742.16ms, mfu 89.84%
iter 41880: loss 4.0370, time 2741.81ms, mfu 89.83%
iter 41890: loss 4.0245, time 2739.74ms, mfu 89.83%
iter 41900: loss 4.0448, time 2740.09ms, mfu 89.83%
iter 41910: loss 4.0034, time 2742.28ms, mfu 89.82%
iter 41920: loss 4.0135, time 2740.62ms, mfu 89.81%
iter 41930: loss 4.0926, time 2736.67ms, mfu 89.82%
iter 41940: loss 4.0314, time 2738.24ms, mfu 89.83%
iter 41950: loss 4.0326, time 2741.11ms, mfu 89.82%
iter 41960: loss 4.1147, time 2740.34ms, mfu 89.82%
iter 41970: loss 4.0936, time 2736.22ms, mfu 89.83%
iter 41980: loss 4.0204, time 2740.82ms, mfu 89.83%
iter 41990: loss 4.1227, time 2744.80ms, mfu 89.81%
step 42000: train loss 3.9157, val loss 3.9312
saving checkpoint to /net/scratch2/junyuren/nanoGPT-manifold/out-openwebtext-lr6x
iter 42000: loss 4.1261, time 17633.30ms, mfu 82.22%
iter 42010: loss 4.0360, time 2739.64ms, mfu 82.98%
iter 42020: loss 4.0244, time 2736.06ms, mfu 83.68%
iter 42030: loss 4.0341, time 2736.02ms, mfu 84.31%
iter 42040: loss 4.0279, time 2743.50ms, mfu 84.84%
iter 42050: loss 3.9726, time 2738.35ms, mfu 85.35%
iter 42060: loss 3.9810, time 2735.63ms, mfu 85.81%
iter 42070: loss 3.9999, time 2738.02ms, mfu 86.21%
iter 42080: loss 4.0699, time 2736.52ms, mfu 86.58%
iter 42090: loss 3.9922, time 2737.77ms, mfu 86.91%
iter 42100: loss 4.0628, time 2739.15ms, mfu 87.21%
iter 42110: loss 4.0900, time 2742.03ms, mfu 87.46%
iter 42120: loss 4.1145, time 2741.59ms, mfu 87.69%
iter 42130: loss 3.9621, time 2740.17ms, mfu 87.90%
iter 42140: loss 4.0025, time 2748.45ms, mfu 88.06%
iter 42150: loss 4.0183, time 2743.77ms, mfu 88.23%
iter 42160: loss 4.0798, time 2746.32ms, mfu 88.36%
iter 42170: loss 4.0145, time 2742.55ms, mfu 88.50%
iter 42180: loss 4.0315, time 2740.96ms, mfu 88.63%
iter 42190: loss 4.1067, time 2742.60ms, mfu 88.74%
iter 42200: loss 3.9566, time 2743.68ms, mfu 88.83%
iter 42210: loss 4.1032, time 2741.70ms, mfu 88.92%
iter 42220: loss 4.0780, time 2738.98ms, mfu 89.02%
iter 42230: loss 4.0197, time 2743.51ms, mfu 89.08%
iter 42240: loss 4.0275, time 2741.84ms, mfu 89.15%
iter 42250: loss 3.9527, time 2740.96ms, mfu 89.21%
iter 42260: loss 4.0295, time 2740.74ms, mfu 89.27%
iter 42270: loss 4.1328, time 2739.63ms, mfu 89.33%
iter 42280: loss 3.9449, time 2743.62ms, mfu 89.36%
iter 42290: loss 4.0996, time 2746.94ms, mfu 89.38%
iter 42300: loss 4.0980, time 2750.06ms, mfu 89.39%
iter 42310: loss 4.0468, time 2745.65ms, mfu 89.42%
iter 42320: loss 4.1307, time 2741.43ms, mfu 89.45%
iter 42330: loss 4.1003, time 2745.25ms, mfu 89.47%
iter 42340: loss 4.0675, time 2743.46ms, mfu 89.49%
iter 42350: loss 4.1166, time 2740.90ms, mfu 89.52%
iter 42360: loss 4.0325, time 2739.19ms, mfu 89.55%
iter 42370: loss 4.1355, time 2743.43ms, mfu 89.57%
iter 42380: loss 4.0659, time 2734.54ms, mfu 89.61%
iter 42390: loss 4.0601, time 2736.44ms, mfu 89.64%
iter 42400: loss 4.1460, time 2740.12ms, mfu 89.66%
iter 42410: loss 4.0190, time 2737.16ms, mfu 89.68%
iter 42420: loss 3.8989, time 2742.86ms, mfu 89.69%
iter 42430: loss 4.0183, time 2743.85ms, mfu 89.69%
iter 42440: loss 4.0479, time 2746.79ms, mfu 89.68%
iter 42450: loss 4.0891, time 2741.96ms, mfu 89.68%
iter 42460: loss 4.0676, time 2741.79ms, mfu 89.69%
iter 42470: loss 3.9698, time 2738.86ms, mfu 89.70%
iter 42480: loss 4.0568, time 2749.76ms, mfu 89.68%
iter 42490: loss 4.0016, time 2742.35ms, mfu 89.69%
iter 42500: loss 4.0203, time 2740.16ms, mfu 89.70%
iter 42510: loss 4.1299, time 2743.39ms, mfu 89.70%
iter 42520: loss 4.0678, time 2742.89ms, mfu 89.70%
iter 42530: loss 4.0437, time 2748.78ms, mfu 89.68%
iter 42540: loss 4.0759, time 2741.80ms, mfu 89.69%
iter 42550: loss 4.0212, time 2741.01ms, mfu 89.70%
iter 42560: loss 4.0487, time 2745.92ms, mfu 89.69%
iter 42570: loss 4.0484, time 2742.93ms, mfu 89.69%
iter 42580: loss 4.0318, time 2746.97ms, mfu 89.68%
iter 42590: loss 4.0715, time 2751.02ms, mfu 89.66%
iter 42600: loss 4.1047, time 2748.94ms, mfu 89.64%
iter 42610: loss 4.1320, time 2742.07ms, mfu 89.65%
iter 42620: loss 4.0059, time 2743.37ms, mfu 89.66%
iter 42630: loss 4.0580, time 2740.58ms, mfu 89.67%
iter 42640: loss 4.0630, time 2743.55ms, mfu 89.67%
iter 42650: loss 4.0166, time 2750.19ms, mfu 89.65%
iter 42660: loss 4.0541, time 2744.95ms, mfu 89.65%
iter 42670: loss 4.0983, time 2744.27ms, mfu 89.65%
iter 42680: loss 4.0431, time 2737.52ms, mfu 89.68%
iter 42690: loss 4.0911, time 2741.37ms, mfu 89.69%
iter 42700: loss 4.0862, time 2748.90ms, mfu 89.67%
iter 42710: loss 4.0714, time 2747.52ms, mfu 89.66%
iter 42720: loss 4.0965, time 2746.01ms, mfu 89.65%
iter 42730: loss 3.9508, time 2744.91ms, mfu 89.65%
iter 42740: loss 3.9153, time 2745.70ms, mfu 89.65%
iter 42750: loss 4.0828, time 2738.48ms, mfu 89.67%
iter 42760: loss 4.0397, time 2741.65ms, mfu 89.68%
iter 42770: loss 4.1505, time 2738.31ms, mfu 89.70%
iter 42780: loss 4.0207, time 2739.14ms, mfu 89.71%
iter 42790: loss 4.0131, time 2741.08ms, mfu 89.72%
iter 42800: loss 4.0151, time 2739.20ms, mfu 89.73%
iter 42810: loss 4.0487, time 2744.40ms, mfu 89.72%
iter 42820: loss 4.0466, time 2746.93ms, mfu 89.71%
iter 42830: loss 4.0129, time 2744.63ms, mfu 89.70%
iter 42840: loss 4.0544, time 2740.76ms, mfu 89.71%
iter 42850: loss 4.0768, time 2741.83ms, mfu 89.72%
iter 42860: loss 4.0539, time 2746.68ms, mfu 89.70%
iter 42870: loss 4.0578, time 2740.20ms, mfu 89.71%
iter 42880: loss 3.9802, time 2746.42ms, mfu 89.70%
iter 42890: loss 4.0995, time 2736.58ms, mfu 89.72%
iter 42900: loss 4.1519, time 2742.60ms, mfu 89.72%
iter 42910: loss 4.0093, time 2742.27ms, mfu 89.73%
iter 42920: loss 4.0277, time 2739.48ms, mfu 89.74%
iter 42930: loss 4.0005, time 2738.48ms, mfu 89.75%
iter 42940: loss 4.0240, time 2739.26ms, mfu 89.76%
iter 42950: loss 4.1021, time 2741.98ms, mfu 89.76%
iter 42960: loss 4.0800, time 2738.78ms, mfu 89.76%
iter 42970: loss 4.0537, time 2739.94ms, mfu 89.77%
iter 42980: loss 4.0214, time 2734.23ms, mfu 89.79%
iter 42990: loss 4.0439, time 2737.40ms, mfu 89.80%
step 43000: train loss 3.9296, val loss 3.9462
saving checkpoint to /net/scratch2/junyuren/nanoGPT-manifold/out-openwebtext-lr6x
iter 43000: loss 4.0556, time 19494.34ms, mfu 82.08%
iter 43010: loss 4.0616, time 2735.53ms, mfu 82.87%
iter 43020: loss 4.0021, time 2740.00ms, mfu 83.57%
iter 43030: loss 4.0615, time 2740.05ms, mfu 84.19%
iter 43040: loss 4.0589, time 2738.61ms, mfu 84.76%
iter 43050: loss 4.0575, time 2745.87ms, mfu 85.24%
iter 43060: loss 4.1027, time 2739.78ms, mfu 85.70%
iter 43070: loss 4.0135, time 2743.01ms, mfu 86.10%
iter 43080: loss 4.0338, time 2745.35ms, mfu 86.45%
iter 43090: loss 4.0486, time 2743.77ms, mfu 86.78%
iter 43100: loss 4.0935, time 2747.46ms, mfu 87.06%
iter 43110: loss 4.0095, time 2748.81ms, mfu 87.30%
iter 43120: loss 4.0763, time 2736.61ms, mfu 87.56%
iter 43130: loss 4.1799, time 2734.56ms, mfu 87.81%
iter 43140: loss 3.9859, time 2744.48ms, mfu 87.99%
iter 43150: loss 4.1298, time 2744.45ms, mfu 88.16%
iter 43160: loss 4.0225, time 2744.28ms, mfu 88.31%
iter 43170: loss 4.0219, time 2734.07ms, mfu 88.48%
iter 43180: loss 4.0382, time 2741.41ms, mfu 88.61%
iter 43190: loss 4.0648, time 2738.09ms, mfu 88.73%
iter 43200: loss 4.0781, time 2747.72ms, mfu 88.82%
iter 43210: loss 4.0930, time 2741.25ms, mfu 88.91%
iter 43220: loss 4.0832, time 2740.14ms, mfu 89.00%
iter 43230: loss 4.0444, time 2737.46ms, mfu 89.09%
iter 43240: loss 4.0300, time 2739.63ms, mfu 89.16%
iter 43250: loss 4.0543, time 2746.29ms, mfu 89.21%
iter 43260: loss 4.0281, time 2743.19ms, mfu 89.26%
iter 43270: loss 4.0084, time 2743.90ms, mfu 89.30%
iter 43280: loss 4.0423, time 2741.84ms, mfu 89.34%
iter 43290: loss 4.0246, time 2739.48ms, mfu 89.39%
iter 43300: loss 4.0072, time 2732.85ms, mfu 89.46%
iter 43310: loss 4.0990, time 2744.34ms, mfu 89.48%
iter 43320: loss 4.0030, time 2743.40ms, mfu 89.50%
iter 43330: loss 4.0487, time 2741.11ms, mfu 89.53%
iter 43340: loss 4.0970, time 2743.47ms, mfu 89.54%
iter 43350: loss 3.9533, time 2745.76ms, mfu 89.55%
iter 43360: loss 4.0998, time 2743.54ms, mfu 89.57%
iter 43370: loss 3.9949, time 2736.39ms, mfu 89.60%
iter 43380: loss 4.0820, time 2745.97ms, mfu 89.60%
iter 43390: loss 4.0281, time 2745.41ms, mfu 89.61%
iter 43400: loss 4.0796, time 2742.99ms, mfu 89.62%
iter 43410: loss 4.1060, time 2745.15ms, mfu 89.62%
iter 43420: loss 4.0650, time 2741.71ms, mfu 89.63%
iter 43430: loss 4.0841, time 2745.63ms, mfu 89.63%
iter 43440: loss 4.0934, time 2743.77ms, mfu 89.64%
iter 43450: loss 4.0174, time 2740.32ms, mfu 89.65%
iter 43460: loss 4.0444, time 2744.40ms, mfu 89.65%
iter 43470: loss 4.1349, time 2739.29ms, mfu 89.67%
iter 43480: loss 4.0791, time 2746.20ms, mfu 89.67%
iter 43490: loss 4.1079, time 2737.29ms, mfu 89.69%
iter 43500: loss 3.8194, time 2743.95ms, mfu 89.69%
iter 43510: loss 4.1385, time 2740.80ms, mfu 89.70%
iter 43520: loss 4.0429, time 2749.33ms, mfu 89.68%
iter 43530: loss 4.0798, time 2746.75ms, mfu 89.67%
iter 43540: loss 4.0426, time 2748.44ms, mfu 89.66%
iter 43550: loss 4.0554, time 2740.75ms, mfu 89.67%
iter 43560: loss 4.0385, time 2738.29ms, mfu 89.69%
iter 43570: loss 3.9792, time 2738.55ms, mfu 89.71%
iter 43580: loss 4.0835, time 2745.14ms, mfu 89.70%
iter 43590: loss 4.0604, time 2740.49ms, mfu 89.71%
iter 43600: loss 4.0500, time 2742.47ms, mfu 89.71%
iter 43610: loss 3.8892, time 2740.16ms, mfu 89.72%
iter 43620: loss 4.0362, time 2744.46ms, mfu 89.71%
iter 43630: loss 4.0655, time 2738.31ms, mfu 89.73%
iter 43640: loss 4.0621, time 2738.58ms, mfu 89.74%
iter 43650: loss 4.0382, time 2741.82ms, mfu 89.74%
iter 43660: loss 4.0713, time 2746.01ms, mfu 89.73%
iter 43670: loss 4.0106, time 2743.05ms, mfu 89.73%
iter 43680: loss 4.0853, time 2740.02ms, mfu 89.74%
iter 43690: loss 4.0038, time 2743.82ms, mfu 89.73%
iter 43700: loss 4.0251, time 2736.80ms, mfu 89.75%
iter 43710: loss 4.0120, time 2745.77ms, mfu 89.74%
iter 43720: loss 4.0951, time 2739.55ms, mfu 89.74%
iter 43730: loss 4.0433, time 2742.93ms, mfu 89.74%
iter 43740: loss 4.0613, time 2742.46ms, mfu 89.74%
iter 43750: loss 4.0877, time 2738.70ms, mfu 89.75%
iter 43760: loss 4.0257, time 2750.85ms, mfu 89.72%
iter 43770: loss 4.0612, time 2737.76ms, mfu 89.74%
iter 43780: loss 4.0231, time 2742.48ms, mfu 89.74%
iter 43790: loss 4.0634, time 2741.76ms, mfu 89.74%
iter 43800: loss 4.0999, time 2743.89ms, mfu 89.73%
iter 43810: loss 4.0532, time 2741.08ms, mfu 89.74%
iter 43820: loss 4.0362, time 2746.82ms, mfu 89.72%
iter 43830: loss 3.9527, time 2747.34ms, mfu 89.71%
iter 43840: loss 4.0461, time 2739.18ms, mfu 89.72%
iter 43850: loss 4.0793, time 2741.20ms, mfu 89.72%
iter 43860: loss 4.0764, time 2737.68ms, mfu 89.74%
iter 43870: loss 3.9774, time 2743.85ms, mfu 89.73%
iter 43880: loss 4.0163, time 2742.26ms, mfu 89.73%
iter 43890: loss 4.0843, time 2743.04ms, mfu 89.73%
iter 43900: loss 4.0244, time 2739.65ms, mfu 89.74%
iter 43910: loss 4.0570, time 2745.29ms, mfu 89.73%
iter 43920: loss 4.0133, time 2740.05ms, mfu 89.74%
iter 43930: loss 4.0332, time 2737.97ms, mfu 89.75%
iter 43940: loss 4.0922, time 2744.91ms, mfu 89.74%
iter 43950: loss 4.0500, time 2743.63ms, mfu 89.74%
iter 43960: loss 4.0378, time 2740.25ms, mfu 89.74%
iter 43970: loss 4.0817, time 2740.37ms, mfu 89.75%
iter 43980: loss 4.0711, time 2737.62ms, mfu 89.76%
iter 43990: loss 4.0860, time 2742.36ms, mfu 89.76%
step 44000: train loss 3.9362, val loss 3.9427
saving checkpoint to /net/scratch2/junyuren/nanoGPT-manifold/out-openwebtext-lr6x
iter 44000: loss 4.0764, time 17563.37ms, mfu 82.18%
iter 44010: loss 4.0118, time 2735.50ms, mfu 82.96%
iter 44020: loss 4.0648, time 2741.56ms, mfu 83.64%
iter 44030: loss 4.0651, time 2736.91ms, mfu 84.27%
iter 44040: loss 4.0405, time 2748.07ms, mfu 84.80%
iter 44050: loss 4.0169, time 2743.48ms, mfu 85.29%
iter 44060: loss 3.9214, time 2737.50ms, mfu 85.75%
iter 44070: loss 4.0696, time 2746.76ms, mfu 86.13%
iter 44080: loss 4.0596, time 2739.85ms, mfu 86.50%
iter 44090: loss 4.0257, time 2742.47ms, mfu 86.82%
iter 44100: loss 4.0260, time 2744.24ms, mfu 87.11%
iter 44110: loss 4.0385, time 2739.26ms, mfu 87.38%
iter 44120: loss 4.0641, time 2737.40ms, mfu 87.63%
iter 44130: loss 4.0047, time 2742.28ms, mfu 87.84%
iter 44140: loss 4.1345, time 2738.32ms, mfu 88.04%
iter 44150: loss 4.1216, time 2740.09ms, mfu 88.22%
iter 44160: loss 4.0798, time 2735.81ms, mfu 88.39%
iter 44170: loss 3.9939, time 2738.54ms, mfu 88.54%
iter 44180: loss 4.0214, time 2736.31ms, mfu 88.68%
iter 44190: loss 3.9690, time 2739.20ms, mfu 88.79%
iter 44200: loss 4.0728, time 2743.76ms, mfu 88.88%
iter 44210: loss 4.0833, time 2734.06ms, mfu 89.00%
iter 44220: loss 4.0301, time 2739.63ms, mfu 89.08%
iter 44230: loss 3.9524, time 2737.88ms, mfu 89.16%
iter 44240: loss 4.0862, time 2740.08ms, mfu 89.22%
iter 44250: loss 4.0328, time 2738.45ms, mfu 89.29%
iter 44260: loss 4.1344, time 2737.48ms, mfu 89.35%
iter 44270: loss 4.0130, time 2733.42ms, mfu 89.41%
iter 44280: loss 4.0965, time 2741.27ms, mfu 89.45%
iter 44290: loss 4.0650, time 2741.80ms, mfu 89.48%
iter 44300: loss 4.0414, time 2737.44ms, mfu 89.52%
iter 44310: loss 4.0911, time 2740.85ms, mfu 89.55%
iter 44320: loss 4.0606, time 2741.81ms, mfu 89.57%
iter 44330: loss 4.0429, time 2742.31ms, mfu 89.58%
iter 44340: loss 4.0466, time 2740.34ms, mfu 89.61%
iter 44350: loss 4.0165, time 2740.06ms, mfu 89.63%
iter 44360: loss 4.0570, time 2744.78ms, mfu 89.63%
iter 44370: loss 3.9944, time 2751.89ms, mfu 89.61%
iter 44380: loss 3.9788, time 2750.04ms, mfu 89.60%
iter 44390: loss 4.0971, time 2741.33ms, mfu 89.61%
iter 44400: loss 4.0192, time 2744.26ms, mfu 89.62%
iter 44410: loss 4.0638, time 2740.14ms, mfu 89.64%
iter 44420: loss 4.0601, time 2742.13ms, mfu 89.65%
iter 44430: loss 4.1538, time 2738.19ms, mfu 89.67%
iter 44440: loss 4.0736, time 2739.84ms, mfu 89.68%
iter 44450: loss 4.1423, time 2745.40ms, mfu 89.68%
iter 44460: loss 4.0158, time 2737.40ms, mfu 89.70%
iter 44470: loss 4.0055, time 2740.15ms, mfu 89.71%
iter 44480: loss 4.0355, time 2738.02ms, mfu 89.73%
iter 44490: loss 4.0699, time 2737.43ms, mfu 89.74%
iter 44500: loss 4.0987, time 2745.58ms, mfu 89.73%
iter 44510: loss 4.0668, time 2746.12ms, mfu 89.72%
iter 44520: loss 3.9844, time 2739.23ms, mfu 89.73%
iter 44530: loss 4.0151, time 2741.42ms, mfu 89.73%
iter 44540: loss 4.0634, time 2748.01ms, mfu 89.72%
iter 44550: loss 3.9661, time 2737.98ms, mfu 89.73%
iter 44560: loss 3.9743, time 2741.41ms, mfu 89.73%
iter 44570: loss 4.0432, time 2739.75ms, mfu 89.74%
iter 44580: loss 4.0003, time 2737.70ms, mfu 89.76%
iter 44590: loss 4.0943, time 2743.85ms, mfu 89.75%
iter 44600: loss 4.0217, time 2744.33ms, mfu 89.74%
iter 44610: loss 4.1544, time 2740.56ms, mfu 89.75%
iter 44620: loss 4.0192, time 2742.98ms, mfu 89.74%
iter 44630: loss 4.0509, time 2740.66ms, mfu 89.75%
iter 44640: loss 4.0049, time 2740.42ms, mfu 89.75%
iter 44650: loss 4.0261, time 2751.50ms, mfu 89.72%
iter 44660: loss 4.1008, time 2748.67ms, mfu 89.70%
iter 44670: loss 4.0891, time 2742.48ms, mfu 89.70%
iter 44680: loss 4.0988, time 2739.45ms, mfu 89.72%
iter 44690: loss 4.1238, time 2738.23ms, mfu 89.73%
iter 44700: loss 4.0528, time 2737.81ms, mfu 89.75%
iter 44710: loss 4.0599, time 2742.68ms, mfu 89.74%
iter 44720: loss 4.0843, time 2746.13ms, mfu 89.73%
iter 44730: loss 4.0765, time 2739.99ms, mfu 89.74%
iter 44740: loss 3.9820, time 2738.39ms, mfu 89.75%
iter 44750: loss 4.0422, time 2737.40ms, mfu 89.76%
iter 44760: loss 4.1370, time 2735.44ms, mfu 89.78%
iter 44770: loss 4.1496, time 2739.01ms, mfu 89.79%
iter 44780: loss 4.0146, time 2743.37ms, mfu 89.78%
iter 44790: loss 4.0515, time 2744.04ms, mfu 89.77%
iter 44800: loss 4.0278, time 2745.00ms, mfu 89.76%
iter 44810: loss 4.0372, time 2748.72ms, mfu 89.73%
iter 44820: loss 4.0317, time 2743.24ms, mfu 89.73%
iter 44830: loss 4.0611, time 2743.30ms, mfu 89.73%
iter 44840: loss 4.0372, time 2737.89ms, mfu 89.74%
iter 44850: loss 4.0712, time 2736.74ms, mfu 89.76%
iter 44860: loss 4.0590, time 2741.67ms, mfu 89.76%
iter 44870: loss 4.1824, time 2747.19ms, mfu 89.74%
iter 44880: loss 3.9751, time 2745.35ms, mfu 89.73%
iter 44890: loss 4.0893, time 2741.35ms, mfu 89.73%
iter 44900: loss 3.9742, time 2736.32ms, mfu 89.75%
iter 44910: loss 4.0552, time 2735.21ms, mfu 89.78%
iter 44920: loss 4.0599, time 2738.40ms, mfu 89.78%
iter 44930: loss 3.9971, time 2738.20ms, mfu 89.79%
iter 44940: loss 4.0684, time 2740.07ms, mfu 89.79%
iter 44950: loss 4.0005, time 2743.00ms, mfu 89.79%
iter 44960: loss 4.0738, time 2740.21ms, mfu 89.79%
iter 44970: loss 3.9738, time 2737.08ms, mfu 89.80%
iter 44980: loss 4.0384, time 2740.02ms, mfu 89.80%
iter 44990: loss 4.0536, time 2738.27ms, mfu 89.81%
step 45000: train loss 3.8964, val loss 3.9042
saving checkpoint to /net/scratch2/junyuren/nanoGPT-manifold/out-openwebtext-lr6x
iter 45000: loss 3.9903, time 17643.96ms, mfu 82.22%
iter 45010: loss 4.0367, time 2745.11ms, mfu 82.96%
iter 45020: loss 4.0196, time 2741.90ms, mfu 83.64%
iter 45030: loss 4.0629, time 2741.39ms, mfu 84.25%
iter 45040: loss 4.0561, time 2745.66ms, mfu 84.79%
iter 45050: loss 3.9852, time 2743.10ms, mfu 85.28%
iter 45060: loss 4.0276, time 2743.67ms, mfu 85.72%
iter 45070: loss 4.0517, time 2737.86ms, mfu 86.14%
iter 45080: loss 4.0532, time 2741.80ms, mfu 86.50%
iter 45090: loss 4.0558, time 2740.97ms, mfu 86.83%
iter 45100: loss 4.0372, time 2739.50ms, mfu 87.13%
iter 45110: loss 3.9909, time 4773.91ms, mfu 83.57%
iter 45120: loss 4.0773, time 2740.61ms, mfu 84.19%
iter 45130: loss 4.0908, time 2738.39ms, mfu 84.76%
iter 45140: loss 3.9809, time 2745.54ms, mfu 85.25%
iter 45150: loss 4.0085, time 2736.72ms, mfu 85.71%
iter 45160: loss 4.0734, time 2743.34ms, mfu 86.11%
iter 45170: loss 4.0713, time 2738.61ms, mfu 86.49%
iter 45180: loss 4.0833, time 2745.42ms, mfu 86.80%
iter 45190: loss 4.0600, time 2747.62ms, mfu 87.08%
iter 45200: loss 4.0836, time 2742.47ms, mfu 87.34%
iter 45210: loss 4.0289, time 2740.89ms, mfu 87.59%
iter 45220: loss 4.0551, time 2735.56ms, mfu 87.82%
iter 45230: loss 4.0337, time 2744.07ms, mfu 88.01%
iter 45240: loss 4.0086, time 2736.88ms, mfu 88.20%
iter 45250: loss 4.0389, time 2738.71ms, mfu 88.36%
iter 45260: loss 4.0551, time 2739.58ms, mfu 88.51%
iter 45270: loss 4.0984, time 2739.64ms, mfu 88.64%
iter 45280: loss 4.0882, time 2739.71ms, mfu 88.76%
iter 45290: loss 3.9465, time 2740.45ms, mfu 88.86%
iter 45300: loss 4.0786, time 2735.29ms, mfu 88.97%
iter 45310: loss 4.0256, time 2749.01ms, mfu 89.03%
iter 45320: loss 4.0719, time 2741.11ms, mfu 89.10%
iter 45330: loss 4.0211, time 2742.04ms, mfu 89.17%
iter 45340: loss 3.9508, time 2736.62ms, mfu 89.24%
iter 45350: loss 4.0659, time 2744.51ms, mfu 89.28%
iter 45360: loss 4.0694, time 2744.78ms, mfu 89.32%
iter 45370: loss 4.1045, time 2742.11ms, mfu 89.36%
iter 45380: loss 4.0568, time 2743.16ms, mfu 89.40%
iter 45390: loss 4.0330, time 2745.18ms, mfu 89.42%
iter 45400: loss 4.0881, time 2740.66ms, mfu 89.46%
iter 45410: loss 4.0516, time 2740.46ms, mfu 89.49%
iter 45420: loss 4.0998, time 2742.43ms, mfu 89.51%
iter 45430: loss 4.0656, time 2736.47ms, mfu 89.56%
iter 45440: loss 3.9659, time 2740.24ms, mfu 89.58%
iter 45450: loss 4.0569, time 2737.75ms, mfu 89.61%
iter 45460: loss 3.9331, time 2749.85ms, mfu 89.60%
iter 45470: loss 4.0349, time 2746.16ms, mfu 89.60%
iter 45480: loss 4.0119, time 2738.49ms, mfu 89.63%
iter 45490: loss 4.0321, time 2740.91ms, mfu 89.64%
iter 45500: loss 4.0254, time 2742.82ms, mfu 89.65%
iter 45510: loss 4.0501, time 2739.91ms, mfu 89.66%
iter 45520: loss 3.9892, time 2747.39ms, mfu 89.65%
iter 45530: loss 4.0454, time 2739.94ms, mfu 89.67%
iter 45540: loss 3.9827, time 2740.28ms, mfu 89.68%
iter 45550: loss 4.0797, time 2742.94ms, mfu 89.69%
iter 45560: loss 4.0758, time 2746.59ms, mfu 89.68%
iter 45570: loss 4.0428, time 2740.31ms, mfu 89.69%
iter 45580: loss 4.0345, time 2745.19ms, mfu 89.68%
iter 45590: loss 4.0300, time 2744.86ms, mfu 89.68%
iter 45600: loss 4.0452, time 2744.49ms, mfu 89.68%
iter 45610: loss 3.9681, time 2746.95ms, mfu 89.67%
iter 45620: loss 4.0245, time 2742.52ms, mfu 89.68%
iter 45630: loss 4.0649, time 2744.52ms, mfu 89.67%
iter 45640: loss 4.0325, time 2742.73ms, mfu 89.68%
iter 45650: loss 3.9897, time 2744.61ms, mfu 89.68%
iter 45660: loss 3.9867, time 2743.65ms, mfu 89.68%
iter 45670: loss 4.0832, time 2745.06ms, mfu 89.67%
iter 45680: loss 4.1286, time 2745.85ms, mfu 89.67%
iter 45690: loss 3.9942, time 2747.81ms, mfu 89.66%
iter 45700: loss 4.0235, time 2743.71ms, mfu 89.66%
iter 45710: loss 4.0273, time 2746.12ms, mfu 89.66%
iter 45720: loss 4.0367, time 2745.49ms, mfu 89.65%
iter 45730: loss 4.0629, time 2739.88ms, mfu 89.67%
iter 45740: loss 4.0627, time 2745.67ms, mfu 89.66%
iter 45750: loss 3.9983, time 2739.56ms, mfu 89.68%
iter 45760: loss 3.9740, time 2739.24ms, mfu 89.70%
iter 45770: loss 4.0028, time 2744.85ms, mfu 89.69%
iter 45780: loss 4.1079, time 2740.56ms, mfu 89.70%
iter 45790: loss 4.0281, time 2739.25ms, mfu 89.71%
iter 45800: loss 4.0929, time 2748.20ms, mfu 89.70%
iter 45810: loss 4.0972, time 2741.86ms, mfu 89.70%
iter 45820: loss 4.0479, time 2744.80ms, mfu 89.70%
iter 45830: loss 4.0772, time 2740.36ms, mfu 89.71%
iter 45840: loss 4.1053, time 2745.15ms, mfu 89.70%
iter 45850: loss 4.0256, time 2743.27ms, mfu 89.70%
iter 45860: loss 4.0520, time 2741.57ms, mfu 89.71%
iter 45870: loss 4.1376, time 2738.99ms, mfu 89.72%
iter 45880: loss 4.0395, time 2740.90ms, mfu 89.73%
iter 45890: loss 3.9655, time 2742.52ms, mfu 89.73%
iter 45900: loss 4.0925, time 2739.97ms, mfu 89.73%
iter 45910: loss 4.0230, time 2745.96ms, mfu 89.72%
iter 45920: loss 4.0826, time 2739.91ms, mfu 89.73%
iter 45930: loss 3.8973, time 2748.11ms, mfu 89.71%
iter 45940: loss 4.1217, time 2745.68ms, mfu 89.70%
iter 45950: loss 4.0000, time 2742.93ms, mfu 89.70%
iter 45960: loss 4.1342, time 2739.78ms, mfu 89.72%
iter 45970: loss 4.0410, time 2741.48ms, mfu 89.72%
iter 45980: loss 4.0687, time 2743.19ms, mfu 89.72%
iter 45990: loss 3.9846, time 2740.36ms, mfu 89.73%
step 46000: train loss 3.9297, val loss 3.9393
saving checkpoint to /net/scratch2/junyuren/nanoGPT-manifold/out-openwebtext-lr6x
iter 46000: loss 4.0236, time 17656.26ms, mfu 82.15%
iter 46010: loss 4.0909, time 2732.53ms, mfu 82.94%
iter 46020: loss 3.9741, time 2738.17ms, mfu 83.63%
iter 46030: loss 4.0182, time 2744.42ms, mfu 84.23%
iter 46040: loss 4.0461, time 2743.02ms, mfu 84.78%
iter 46050: loss 4.0256, time 2742.02ms, mfu 85.28%
iter 46060: loss 4.0466, time 2738.57ms, mfu 85.74%
iter 46070: loss 4.0625, time 2739.54ms, mfu 86.15%
iter 46080: loss 4.0519, time 2741.65ms, mfu 86.51%
iter 46090: loss 4.0236, time 2739.69ms, mfu 86.84%
iter 46100: loss 4.1353, time 2745.31ms, mfu 87.12%
iter 46110: loss 4.1200, time 2740.44ms, mfu 87.38%
iter 46120: loss 4.0244, time 2744.50ms, mfu 87.61%
iter 46130: loss 3.9697, time 2739.82ms, mfu 87.83%
iter 46140: loss 4.0708, time 2740.21ms, mfu 88.03%
iter 46150: loss 4.0294, time 2742.68ms, mfu 88.20%
iter 46160: loss 4.0308, time 2739.68ms, mfu 88.36%
iter 46170: loss 4.0158, time 2741.92ms, mfu 88.50%
iter 46180: loss 4.0311, time 2741.24ms, mfu 88.63%
iter 46190: loss 4.0527, time 2748.84ms, mfu 88.72%
iter 46200: loss 4.0487, time 2741.72ms, mfu 88.82%
iter 46210: loss 3.9851, time 2743.90ms, mfu 88.91%
iter 46220: loss 4.0720, time 2743.62ms, mfu 88.98%
iter 46230: loss 4.0370, time 2743.00ms, mfu 89.06%
iter 46240: loss 4.0284, time 2742.33ms, mfu 89.12%
iter 46250: loss 4.1103, time 2738.55ms, mfu 89.20%
iter 46260: loss 3.9773, time 2739.27ms, mfu 89.26%
iter 46270: loss 4.0236, time 2744.57ms, mfu 89.30%
iter 46280: loss 4.0801, time 2742.33ms, mfu 89.34%
iter 46290: loss 4.0675, time 2735.35ms, mfu 89.41%
iter 46300: loss 4.0171, time 2744.84ms, mfu 89.43%
iter 46310: loss 4.0693, time 2737.54ms, mfu 89.48%
iter 46320: loss 3.9683, time 2740.90ms, mfu 89.51%
iter 46330: loss 4.0442, time 2744.40ms, mfu 89.52%
iter 46340: loss 4.0702, time 2740.12ms, mfu 89.55%
iter 46350: loss 4.0564, time 2740.13ms, mfu 89.58%
iter 46360: loss 4.0530, time 2744.98ms, mfu 89.58%
iter 46370: loss 4.0455, time 2746.65ms, mfu 89.58%
iter 46380: loss 4.0180, time 2742.54ms, mfu 89.60%
iter 46390: loss 4.0373, time 2733.97ms, mfu 89.64%
iter 46400: loss 4.0222, time 2741.04ms, mfu 89.65%
iter 46410: loss 4.0122, time 2749.50ms, mfu 89.64%
iter 46420: loss 4.0285, time 2744.81ms, mfu 89.64%
iter 46430: loss 4.0978, time 2742.23ms, mfu 89.65%
iter 46440: loss 4.0617, time 2744.38ms, mfu 89.65%
iter 46450: loss 4.0286, time 2736.51ms, mfu 89.68%
iter 46460: loss 4.0260, time 2739.72ms, mfu 89.69%
iter 46470: loss 4.0244, time 2738.52ms, mfu 89.71%
iter 46480: loss 4.0190, time 2744.32ms, mfu 89.70%
iter 46490: loss 4.0355, time 2743.15ms, mfu 89.70%
iter 46500: loss 4.0383, time 2750.57ms, mfu 89.68%
iter 46510: loss 4.0827, time 2745.91ms, mfu 89.67%
iter 46520: loss 4.0221, time 2739.86ms, mfu 89.69%
iter 46530: loss 3.9975, time 2743.03ms, mfu 89.69%
iter 46540: loss 4.0289, time 2747.81ms, mfu 89.68%
iter 46550: loss 4.0815, time 2741.51ms, mfu 89.68%
iter 46560: loss 4.0581, time 2734.33ms, mfu 89.72%
iter 46570: loss 3.9881, time 2739.79ms, mfu 89.73%
iter 46580: loss 4.0036, time 2747.41ms, mfu 89.71%
iter 46590: loss 4.0460, time 2744.32ms, mfu 89.71%
iter 46600: loss 4.0603, time 2739.99ms, mfu 89.72%
iter 46610: loss 4.0161, time 2736.40ms, mfu 89.74%
iter 46620: loss 4.0545, time 2748.35ms, mfu 89.72%
iter 46630: loss 4.0215, time 2739.65ms, mfu 89.73%
iter 46640: loss 4.0431, time 2750.38ms, mfu 89.70%
iter 46650: loss 3.9561, time 2741.68ms, mfu 89.71%
iter 46660: loss 3.9966, time 2743.42ms, mfu 89.71%
iter 46670: loss 4.0656, time 2742.59ms, mfu 89.71%
iter 46680: loss 4.1057, time 2744.77ms, mfu 89.70%
iter 46690: loss 4.0121, time 2741.76ms, mfu 89.71%
iter 46700: loss 4.0841, time 2748.22ms, mfu 89.69%
iter 46710: loss 4.0559, time 2739.12ms, mfu 89.71%
iter 46720: loss 4.0794, time 2741.36ms, mfu 89.71%
iter 46730: loss 4.0272, time 2735.07ms, mfu 89.74%
iter 46740: loss 4.0192, time 2739.00ms, mfu 89.75%
iter 46750: loss 4.0400, time 2739.53ms, mfu 89.76%
iter 46760: loss 3.9395, time 2751.05ms, mfu 89.72%
iter 46770: loss 4.0656, time 2743.38ms, mfu 89.72%
iter 46780: loss 4.0739, time 2742.62ms, mfu 89.72%
iter 46790: loss 4.0822, time 2745.92ms, mfu 89.71%
iter 46800: loss 4.0366, time 2740.32ms, mfu 89.72%
iter 46810: loss 3.9848, time 2745.46ms, mfu 89.71%
iter 46820: loss 4.0618, time 2742.02ms, mfu 89.71%
iter 46830: loss 4.0675, time 2737.80ms, mfu 89.73%
iter 46840: loss 4.0590, time 2744.53ms, mfu 89.72%
iter 46850: loss 3.9855, time 2746.54ms, mfu 89.71%
iter 46860: loss 4.0522, time 2749.55ms, mfu 89.69%
iter 46870: loss 4.0202, time 2742.73ms, mfu 89.69%
iter 46880: loss 4.0106, time 2740.22ms, mfu 89.70%
iter 46890: loss 4.0145, time 2739.32ms, mfu 89.72%
iter 46900: loss 3.9931, time 2744.79ms, mfu 89.71%
iter 46910: loss 4.1265, time 2743.44ms, mfu 89.71%
iter 46920: loss 4.0457, time 2738.32ms, mfu 89.72%
iter 46930: loss 4.0746, time 2748.10ms, mfu 89.71%
iter 46940: loss 4.1407, time 2741.02ms, mfu 89.71%
iter 46950: loss 3.9922, time 2743.43ms, mfu 89.71%
iter 46960: loss 4.1111, time 2742.44ms, mfu 89.71%
iter 46970: loss 4.0682, time 2747.84ms, mfu 89.70%
iter 46980: loss 4.0918, time 2749.43ms, mfu 89.68%
iter 46990: loss 4.0285, time 2741.39ms, mfu 89.69%
step 47000: train loss 3.9051, val loss 3.9175
saving checkpoint to /net/scratch2/junyuren/nanoGPT-manifold/out-openwebtext-lr6x
iter 47000: loss 4.0646, time 17565.61ms, mfu 82.12%
iter 47010: loss 4.0565, time 2745.45ms, mfu 82.87%
iter 47020: loss 3.9868, time 2740.72ms, mfu 83.56%
iter 47030: loss 3.9926, time 2740.97ms, mfu 84.18%
iter 47040: loss 4.0342, time 2741.48ms, mfu 84.74%
iter 47050: loss 4.0991, time 2742.71ms, mfu 85.24%
iter 47060: loss 4.0149, time 2736.94ms, mfu 85.71%
iter 47070: loss 3.9822, time 2740.95ms, mfu 86.11%
iter 47080: loss 4.0482, time 2741.72ms, mfu 86.48%
iter 47090: loss 4.0506, time 2747.38ms, mfu 86.79%
iter 47100: loss 4.0330, time 2742.92ms, mfu 87.08%
iter 47110: loss 4.0762, time 2741.04ms, mfu 87.35%
iter 47120: loss 4.0701, time 2741.44ms, mfu 87.59%
iter 47130: loss 4.1946, time 2737.93ms, mfu 87.82%
iter 47140: loss 4.0866, time 2736.83ms, mfu 88.03%
iter 47150: loss 4.0158, time 2734.48ms, mfu 88.22%
iter 47160: loss 4.0067, time 2743.18ms, mfu 88.37%
iter 47170: loss 4.0190, time 2742.59ms, mfu 88.51%
iter 47180: loss 4.0034, time 2746.52ms, mfu 88.62%
iter 47190: loss 4.1382, time 2745.66ms, mfu 88.72%
iter 47200: loss 4.0787, time 2737.68ms, mfu 88.83%
iter 47210: loss 4.0846, time 2742.48ms, mfu 88.92%
iter 47220: loss 3.9933, time 2737.97ms, mfu 89.02%
iter 47230: loss 4.1106, time 2743.83ms, mfu 89.09%
iter 47240: loss 3.9793, time 2722.44ms, mfu 89.22%
iter 47250: loss 4.0524, time 2736.47ms, mfu 89.29%
iter 47260: loss 4.0470, time 2736.67ms, mfu 89.35%
iter 47270: loss 4.0666, time 2723.94ms, mfu 89.45%
iter 47280: loss 4.0712, time 2730.62ms, mfu 89.52%
iter 47290: loss 4.0357, time 2734.13ms, mfu 89.56%
iter 47300: loss 4.0368, time 2746.44ms, mfu 89.57%
iter 47310: loss 3.9764, time 2738.19ms, mfu 89.60%
iter 47320: loss 4.0633, time 2739.75ms, mfu 89.62%
iter 47330: loss 4.0925, time 2742.74ms, mfu 89.63%
iter 47340: loss 4.0448, time 2735.16ms, mfu 89.66%
iter 47350: loss 4.0533, time 2742.92ms, mfu 89.67%
iter 47360: loss 4.0606, time 2739.06ms, mfu 89.69%
iter 47370: loss 4.0129, time 2747.17ms, mfu 89.67%
iter 47380: loss 3.9631, time 2741.11ms, mfu 89.68%
iter 47390: loss 3.9406, time 2736.51ms, mfu 89.71%
iter 47400: loss 4.0018, time 2749.44ms, mfu 89.69%
iter 47410: loss 4.0032, time 2740.18ms, mfu 89.70%
iter 47420: loss 4.1583, time 2745.83ms, mfu 89.69%
iter 47430: loss 4.0328, time 2737.88ms, mfu 89.71%
iter 47440: loss 4.0873, time 2742.91ms, mfu 89.71%
iter 47450: loss 4.0607, time 2739.86ms, mfu 89.72%
iter 47460: loss 4.0771, time 2741.54ms, mfu 89.72%
iter 47470: loss 3.9682, time 2742.41ms, mfu 89.73%
iter 47480: loss 4.0614, time 2739.37ms, mfu 89.74%
iter 47490: loss 4.0891, time 2745.96ms, mfu 89.72%
iter 47500: loss 3.9914, time 2743.24ms, mfu 89.72%
iter 47510: loss 4.1130, time 2743.47ms, mfu 89.72%
iter 47520: loss 4.0360, time 2742.47ms, mfu 89.72%
iter 47530: loss 3.9384, time 2742.75ms, mfu 89.72%
iter 47540: loss 4.0522, time 2743.21ms, mfu 89.72%
iter 47550: loss 4.1287, time 2745.10ms, mfu 89.71%
iter 47560: loss 4.0717, time 2751.66ms, mfu 89.68%
iter 47570: loss 4.0105, time 2740.27ms, mfu 89.69%
iter 47580: loss 4.1166, time 2741.05ms, mfu 89.70%
iter 47590: loss 4.0186, time 2744.47ms, mfu 89.70%
iter 47600: loss 4.0007, time 2742.26ms, mfu 89.70%
iter 47610: loss 4.0581, time 2748.47ms, mfu 89.69%
iter 47620: loss 4.1841, time 2740.15ms, mfu 89.70%
iter 47630: loss 4.0380, time 2745.57ms, mfu 89.69%
iter 47640: loss 4.0671, time 2747.24ms, mfu 89.68%
iter 47650: loss 3.9488, time 2748.48ms, mfu 89.66%
iter 47660: loss 4.0280, time 2748.30ms, mfu 89.65%
iter 47670: loss 4.0787, time 2746.47ms, mfu 89.65%
iter 47680: loss 3.9815, time 2743.16ms, mfu 89.65%
iter 47690: loss 4.0728, time 2741.44ms, mfu 89.66%
iter 47700: loss 3.9217, time 2740.40ms, mfu 89.68%
iter 47710: loss 4.0731, time 2737.85ms, mfu 89.70%
iter 47720: loss 4.0266, time 2741.38ms, mfu 89.70%
iter 47730: loss 4.0825, time 2742.75ms, mfu 89.70%
iter 47740: loss 4.0394, time 2747.69ms, mfu 89.69%
iter 47750: loss 4.0448, time 2744.39ms, mfu 89.69%
iter 47760: loss 4.0034, time 2738.11ms, mfu 89.71%
iter 47770: loss 3.9842, time 2737.12ms, mfu 89.73%
iter 47780: loss 4.0481, time 2740.98ms, mfu 89.73%
iter 47790: loss 3.9392, time 2742.21ms, mfu 89.73%
iter 47800: loss 4.0570, time 2742.71ms, mfu 89.73%
iter 47810: loss 4.0080, time 2745.79ms, mfu 89.72%
iter 47820: loss 4.0167, time 2743.10ms, mfu 89.72%
iter 47830: loss 4.0682, time 2739.48ms, mfu 89.73%
iter 47840: loss 4.0239, time 2737.46ms, mfu 89.75%
iter 47850: loss 4.0559, time 2740.02ms, mfu 89.75%
iter 47860: loss 4.0504, time 2740.19ms, mfu 89.76%
iter 47870: loss 3.9952, time 2740.58ms, mfu 89.76%
iter 47880: loss 4.1341, time 2740.93ms, mfu 89.76%
iter 47890: loss 4.0914, time 2747.69ms, mfu 89.74%
iter 47900: loss 4.0615, time 2737.56ms, mfu 89.76%
iter 47910: loss 4.1430, time 2738.38ms, mfu 89.77%
iter 47920: loss 4.0631, time 2749.23ms, mfu 89.74%
iter 47930: loss 3.9926, time 2745.46ms, mfu 89.73%
iter 47940: loss 4.0194, time 2739.33ms, mfu 89.74%
iter 47950: loss 3.9801, time 2746.64ms, mfu 89.73%
iter 47960: loss 4.1103, time 2743.66ms, mfu 89.72%
iter 47970: loss 4.0071, time 2737.99ms, mfu 89.74%
iter 47980: loss 3.9531, time 2739.40ms, mfu 89.75%
iter 47990: loss 3.9965, time 2741.43ms, mfu 89.75%
step 48000: train loss 3.9300, val loss 3.9372
saving checkpoint to /net/scratch2/junyuren/nanoGPT-manifold/out-openwebtext-lr6x
iter 48000: loss 4.1442, time 17567.61ms, mfu 82.17%
iter 48010: loss 4.0376, time 2733.45ms, mfu 82.96%
iter 48020: loss 4.0635, time 2731.69ms, mfu 83.67%
iter 48030: loss 3.9597, time 2741.96ms, mfu 84.28%
iter 48040: loss 4.0610, time 2747.87ms, mfu 84.81%
iter 48050: loss 4.0847, time 2745.30ms, mfu 85.29%
iter 48060: loss 3.9843, time 2739.55ms, mfu 85.74%
iter 48070: loss 4.0810, time 2744.56ms, mfu 86.13%
iter 48080: loss 4.1078, time 2737.18ms, mfu 86.51%
iter 48090: loss 3.9987, time 2741.97ms, mfu 86.83%
iter 48100: loss 3.9720, time 2735.51ms, mfu 87.15%
iter 48110: loss 4.0322, time 2740.65ms, mfu 87.41%
iter 48120: loss 4.0014, time 2739.43ms, mfu 87.65%
iter 48130: loss 4.0697, time 2739.85ms, mfu 87.87%
iter 48140: loss 4.1003, time 2741.22ms, mfu 88.06%
iter 48150: loss 3.9698, time 2740.46ms, mfu 88.23%
iter 48160: loss 3.9794, time 2740.29ms, mfu 88.39%
iter 48170: loss 4.0486, time 2735.02ms, mfu 88.55%
iter 48180: loss 4.0149, time 2738.62ms, mfu 88.68%
iter 48190: loss 3.9924, time 2738.25ms, mfu 88.80%
iter 48200: loss 4.0169, time 2740.81ms, mfu 88.90%
iter 48210: loss 4.0165, time 2737.65ms, mfu 88.99%
iter 48220: loss 4.0535, time 2741.24ms, mfu 89.07%
iter 48230: loss 4.0185, time 2736.54ms, mfu 89.16%
iter 48240: loss 4.0295, time 2741.79ms, mfu 89.22%
iter 48250: loss 4.0758, time 2743.01ms, mfu 89.27%
iter 48260: loss 4.0110, time 2741.80ms, mfu 89.31%
iter 48270: loss 4.0188, time 2736.47ms, mfu 89.38%
iter 48280: loss 3.9566, time 2742.13ms, mfu 89.41%
iter 48290: loss 3.9752, time 2740.46ms, mfu 89.45%
iter 48300: loss 4.0199, time 2748.70ms, mfu 89.46%
iter 48310: loss 4.0134, time 2749.33ms, mfu 89.46%
iter 48320: loss 4.0868, time 2740.53ms, mfu 89.50%
iter 48330: loss 4.0925, time 2744.40ms, mfu 89.51%
iter 48340: loss 4.0122, time 2741.79ms, mfu 89.54%
iter 48350: loss 3.9872, time 2743.12ms, mfu 89.55%
iter 48360: loss 4.0221, time 2745.77ms, mfu 89.56%
iter 48370: loss 4.0382, time 2745.32ms, mfu 89.57%
iter 48380: loss 4.1480, time 2745.02ms, mfu 89.58%
iter 48390: loss 4.0549, time 2740.57ms, mfu 89.60%
iter 48400: loss 3.9716, time 2739.25ms, mfu 89.62%
iter 48410: loss 4.0456, time 2735.59ms, mfu 89.65%
iter 48420: loss 4.0032, time 2738.62ms, mfu 89.67%
iter 48430: loss 4.1036, time 2747.86ms, mfu 89.66%
iter 48440: loss 4.0501, time 2741.29ms, mfu 89.67%
iter 48450: loss 4.0621, time 2743.47ms, mfu 89.67%
iter 48460: loss 4.0040, time 2742.48ms, mfu 89.68%
iter 48470: loss 4.0012, time 2740.02ms, mfu 89.69%
iter 48480: loss 3.9327, time 2742.29ms, mfu 89.70%
iter 48490: loss 4.0711, time 2741.31ms, mfu 89.70%
iter 48500: loss 3.9844, time 2737.72ms, mfu 89.72%
iter 48510: loss 4.0939, time 2743.77ms, mfu 89.72%
iter 48520: loss 4.0296, time 2742.99ms, mfu 89.72%
iter 48530: loss 4.0132, time 2738.31ms, mfu 89.73%
iter 48540: loss 4.1028, time 2742.59ms, mfu 89.73%
iter 48550: loss 4.0399, time 2736.44ms, mfu 89.75%
iter 48560: loss 3.9905, time 2743.60ms, mfu 89.74%
iter 48570: loss 4.0169, time 2739.82ms, mfu 89.75%
iter 48580: loss 4.0334, time 2742.74ms, mfu 89.75%
iter 48590: loss 4.0059, time 2746.21ms, mfu 89.73%
iter 48600: loss 4.0304, time 2740.22ms, mfu 89.74%
iter 48610: loss 4.1574, time 2745.87ms, mfu 89.73%
iter 48620: loss 4.1220, time 2741.85ms, mfu 89.73%
iter 48630: loss 4.0849, time 2735.70ms, mfu 89.75%
iter 48640: loss 4.1510, time 2741.92ms, mfu 89.75%
iter 48650: loss 4.0598, time 2739.22ms, mfu 89.76%
iter 48660: loss 3.9203, time 2740.08ms, mfu 89.77%
iter 48670: loss 4.0062, time 2737.48ms, mfu 89.78%
iter 48680: loss 3.9955, time 2742.87ms, mfu 89.77%
iter 48690: loss 4.0536, time 2744.12ms, mfu 89.76%
iter 48700: loss 4.0903, time 2741.57ms, mfu 89.76%
iter 48710: loss 4.0858, time 2740.59ms, mfu 89.76%
iter 48720: loss 3.9747, time 2742.60ms, mfu 89.76%
iter 48730: loss 4.0618, time 2741.74ms, mfu 89.76%
iter 48740: loss 4.0440, time 2739.01ms, mfu 89.77%
iter 48750: loss 4.0192, time 2737.62ms, mfu 89.78%
iter 48760: loss 4.0054, time 2745.18ms, mfu 89.77%
iter 48770: loss 4.1236, time 2741.17ms, mfu 89.77%
iter 48780: loss 4.0467, time 2739.66ms, mfu 89.77%
iter 48790: loss 4.0422, time 2742.79ms, mfu 89.77%
iter 48800: loss 4.0411, time 2736.99ms, mfu 89.78%
iter 48810: loss 4.0003, time 2732.94ms, mfu 89.81%
iter 48820: loss 4.1322, time 2742.14ms, mfu 89.80%
iter 48830: loss 4.0551, time 2738.17ms, mfu 89.81%
iter 48840: loss 4.0498, time 2743.61ms, mfu 89.80%
iter 48850: loss 4.1267, time 2742.55ms, mfu 89.79%
iter 48860: loss 4.1098, time 2744.32ms, mfu 89.78%
iter 48870: loss 4.0892, time 2748.39ms, mfu 89.75%
iter 48880: loss 4.0642, time 2737.79ms, mfu 89.76%
iter 48890: loss 3.9678, time 2743.08ms, mfu 89.76%
iter 48900: loss 4.0355, time 2740.28ms, mfu 89.76%
iter 48910: loss 4.0416, time 2738.99ms, mfu 89.77%
iter 48920: loss 4.0197, time 2739.50ms, mfu 89.78%
iter 48930: loss 4.0375, time 2738.54ms, mfu 89.78%
iter 48940: loss 4.0949, time 2737.20ms, mfu 89.80%
iter 48950: loss 4.0188, time 2742.74ms, mfu 89.79%
iter 48960: loss 3.9841, time 2745.88ms, mfu 89.77%
iter 48970: loss 4.0913, time 2743.50ms, mfu 89.76%
iter 48980: loss 4.0584, time 2742.41ms, mfu 89.76%
iter 48990: loss 4.0255, time 2740.58ms, mfu 89.76%
step 49000: train loss 3.9249, val loss 3.9325
saving checkpoint to /net/scratch2/junyuren/nanoGPT-manifold/out-openwebtext-lr6x
iter 49000: loss 4.1290, time 17602.26ms, mfu 82.19%
iter 49010: loss 4.1185, time 2739.27ms, mfu 82.95%
iter 49020: loss 4.0999, time 2730.16ms, mfu 83.67%
iter 49030: loss 4.0107, time 2740.50ms, mfu 84.28%
iter 49040: loss 4.1135, time 2744.95ms, mfu 84.82%
iter 49050: loss 4.0591, time 2746.21ms, mfu 85.30%
iter 49060: loss 4.0611, time 2745.05ms, mfu 85.73%
iter 49070: loss 4.1111, time 2745.24ms, mfu 86.12%
iter 49080: loss 4.0650, time 2742.33ms, mfu 86.48%
iter 49090: loss 4.0860, time 2745.80ms, mfu 86.80%
iter 49100: loss 4.1094, time 2738.71ms, mfu 87.10%
iter 49110: loss 4.0846, time 2744.61ms, mfu 87.36%
iter 49120: loss 4.0828, time 2737.22ms, mfu 87.61%
iter 49130: loss 3.9791, time 2738.81ms, mfu 87.84%
iter 49140: loss 4.0737, time 2736.07ms, mfu 88.05%
iter 49150: loss 4.0533, time 2744.95ms, mfu 88.21%
iter 49160: loss 4.0667, time 2741.81ms, mfu 88.36%
iter 49170: loss 4.1050, time 2737.72ms, mfu 88.51%
iter 49180: loss 4.0554, time 2749.30ms, mfu 88.61%
iter 49190: loss 4.0652, time 2740.69ms, mfu 88.73%
iter 49200: loss 3.9470, time 2740.56ms, mfu 88.84%
iter 49210: loss 4.0215, time 2748.50ms, mfu 88.91%
iter 49220: loss 3.9911, time 2737.43ms, mfu 89.00%
iter 49230: loss 4.0777, time 2740.89ms, mfu 89.08%
iter 49240: loss 4.0310, time 2744.22ms, mfu 89.14%
iter 49250: loss 4.0038, time 2744.35ms, mfu 89.19%
iter 49260: loss 4.0285, time 2741.27ms, mfu 89.25%
iter 49270: loss 4.0483, time 2739.55ms, mfu 89.31%
iter 49280: loss 3.9931, time 2743.11ms, mfu 89.35%
iter 49290: loss 4.0945, time 2740.22ms, mfu 89.39%
iter 49300: loss 3.9539, time 2739.60ms, mfu 89.44%
iter 49310: loss 4.0120, time 2740.00ms, mfu 89.47%
iter 49320: loss 4.0706, time 2742.47ms, mfu 89.50%
iter 49330: loss 4.0453, time 2745.15ms, mfu 89.51%
iter 49340: loss 3.9961, time 2743.19ms, mfu 89.53%
iter 49350: loss 4.0459, time 2740.97ms, mfu 89.56%
iter 49360: loss 4.0312, time 2741.13ms, mfu 89.58%
iter 49370: loss 4.0469, time 2737.75ms, mfu 89.61%
iter 49380: loss 4.0351, time 2739.34ms, mfu 89.63%
iter 49390: loss 4.0402, time 2737.87ms, mfu 89.66%
iter 49400: loss 4.0113, time 2744.50ms, mfu 89.66%
iter 49410: loss 4.0812, time 2735.71ms, mfu 89.69%
iter 49420: loss 3.9500, time 2746.89ms, mfu 89.68%
iter 49430: loss 3.9895, time 2736.02ms, mfu 89.70%
iter 49440: loss 4.0163, time 2744.14ms, mfu 89.70%
iter 49450: loss 4.1045, time 2747.15ms, mfu 89.69%
iter 49460: loss 3.9031, time 2746.12ms, mfu 89.68%
iter 49470: loss 3.9970, time 2746.17ms, mfu 89.67%
iter 49480: loss 4.0630, time 2739.47ms, mfu 89.69%
iter 49490: loss 4.0264, time 2740.91ms, mfu 89.70%
iter 49500: loss 4.0821, time 2739.09ms, mfu 89.71%
iter 49510: loss 3.9680, time 2736.65ms, mfu 89.73%
iter 49520: loss 4.0386, time 2743.23ms, mfu 89.73%
iter 49530: loss 4.0489, time 2737.43ms, mfu 89.75%
iter 49540: loss 3.9945, time 2740.48ms, mfu 89.75%
iter 49550: loss 4.0424, time 2740.24ms, mfu 89.76%
iter 49560: loss 4.0619, time 2740.06ms, mfu 89.76%
iter 49570: loss 4.0180, time 2739.93ms, mfu 89.77%
iter 49580: loss 4.0464, time 2743.67ms, mfu 89.76%
iter 49590: loss 3.9767, time 2742.48ms, mfu 89.75%
iter 49600: loss 4.0668, time 2742.01ms, mfu 89.75%
iter 49610: loss 4.0211, time 2746.35ms, mfu 89.74%
iter 49620: loss 4.0444, time 2740.03ms, mfu 89.75%
iter 49630: loss 4.0211, time 2740.38ms, mfu 89.75%
iter 49640: loss 4.0638, time 2742.91ms, mfu 89.75%
iter 49650: loss 4.0577, time 2738.51ms, mfu 89.76%
iter 49660: loss 4.0600, time 2737.03ms, mfu 89.77%
iter 49670: loss 4.1056, time 2741.49ms, mfu 89.77%
iter 49680: loss 4.0025, time 2738.82ms, mfu 89.78%
iter 49690: loss 4.1166, time 2747.93ms, mfu 89.76%
iter 49700: loss 4.0528, time 2742.97ms, mfu 89.75%
iter 49710: loss 3.9665, time 2740.44ms, mfu 89.76%
iter 49720: loss 4.1739, time 2740.47ms, mfu 89.76%
iter 49730: loss 4.0282, time 2741.91ms, mfu 89.76%
iter 49740: loss 3.9686, time 2738.98ms, mfu 89.77%
iter 49750: loss 3.9754, time 2741.99ms, mfu 89.76%
iter 49760: loss 3.9898, time 2734.14ms, mfu 89.79%
iter 49770: loss 4.1050, time 2748.41ms, mfu 89.76%
iter 49780: loss 4.0997, time 2735.62ms, mfu 89.78%
iter 49790: loss 4.0231, time 2737.06ms, mfu 89.79%
iter 49800: loss 4.0123, time 2737.68ms, mfu 89.80%
iter 49810: loss 4.0285, time 2743.55ms, mfu 89.79%
iter 49820: loss 4.0962, time 2738.88ms, mfu 89.80%
iter 49830: loss 3.9900, time 2744.25ms, mfu 89.79%
iter 49840: loss 3.9855, time 2740.35ms, mfu 89.79%
iter 49850: loss 4.0708, time 2742.32ms, mfu 89.78%
iter 49860: loss 4.0699, time 2738.50ms, mfu 89.79%
iter 49870: loss 4.0436, time 2738.96ms, mfu 89.79%
iter 49880: loss 4.0167, time 2742.10ms, mfu 89.79%
iter 49890: loss 4.0504, time 2741.00ms, mfu 89.79%
iter 49900: loss 4.0965, time 2749.11ms, mfu 89.76%
iter 49910: loss 4.0304, time 2744.43ms, mfu 89.75%
iter 49920: loss 4.0629, time 2739.21ms, mfu 89.76%
iter 49930: loss 4.0297, time 2737.10ms, mfu 89.77%
iter 49940: loss 4.0624, time 2740.77ms, mfu 89.77%
iter 49950: loss 3.9607, time 2739.89ms, mfu 89.78%
iter 49960: loss 3.9709, time 2743.80ms, mfu 89.77%
iter 49970: loss 4.0782, time 2740.98ms, mfu 89.77%
iter 49980: loss 4.1356, time 2738.05ms, mfu 89.78%
iter 49990: loss 4.0600, time 2735.99ms, mfu 89.80%
step 50000: train loss 3.9084, val loss 3.9248
saving checkpoint to /net/scratch2/junyuren/nanoGPT-manifold/out-openwebtext-lr6x
iter 50000: loss 4.0516, time 17548.62ms, mfu 82.22%
iter 50010: loss 4.0357, time 2737.79ms, mfu 82.99%
iter 50020: loss 3.9200, time 2738.30ms, mfu 83.67%
iter 50030: loss 4.0254, time 2735.41ms, mfu 84.30%
iter 50040: loss 4.0736, time 2742.02ms, mfu 84.85%
iter 50050: loss 4.1092, time 2739.08ms, mfu 85.35%
iter 50060: loss 3.9021, time 2737.70ms, mfu 85.80%
iter 50070: loss 4.0363, time 2734.67ms, mfu 86.22%
iter 50080: loss 4.1265, time 2740.05ms, mfu 86.58%
iter 50090: loss 3.9742, time 2741.78ms, mfu 86.89%
iter 50100: loss 3.9237, time 2747.32ms, mfu 87.16%
iter 50110: loss 4.0602, time 2739.63ms, mfu 87.43%
iter 50120: loss 4.0981, time 2736.04ms, mfu 87.68%
iter 50130: loss 3.9383, time 2742.28ms, mfu 87.88%
iter 50140: loss 3.9921, time 2730.91ms, mfu 88.11%
iter 50150: loss 3.9137, time 2739.77ms, mfu 88.28%
iter 50160: loss 4.0988, time 2743.45ms, mfu 88.42%
iter 50170: loss 4.0657, time 2741.26ms, mfu 88.55%
iter 50180: loss 3.9609, time 2744.36ms, mfu 88.67%
iter 50190: loss 3.9544, time 2738.00ms, mfu 88.79%
iter 50200: loss 4.0159, time 2733.08ms, mfu 88.91%
iter 50210: loss 4.0706, time 2729.29ms, mfu 89.04%
iter 50220: loss 4.0491, time 2737.01ms, mfu 89.12%
iter 50230: loss 4.0999, time 2741.27ms, mfu 89.19%
iter 50240: loss 4.0276, time 2745.33ms, mfu 89.23%
iter 50250: loss 4.0502, time 2743.28ms, mfu 89.28%
iter 50260: loss 4.0452, time 2739.61ms, mfu 89.33%
iter 50270: loss 4.0669, time 2744.67ms, mfu 89.37%
iter 50280: loss 3.9850, time 2737.64ms, mfu 89.42%
iter 50290: loss 4.0395, time 2737.76ms, mfu 89.46%
iter 50300: loss 3.9619, time 2746.89ms, mfu 89.48%
iter 50310: loss 4.0223, time 2739.04ms, mfu 89.51%
iter 50320: loss 3.9305, time 2742.23ms, mfu 89.54%
iter 50330: loss 4.0580, time 2742.84ms, mfu 89.55%
iter 50340: loss 4.0235, time 2737.34ms, mfu 89.59%
iter 50350: loss 4.0075, time 2734.31ms, mfu 89.63%
iter 50360: loss 4.0897, time 2739.14ms, mfu 89.65%
iter 50370: loss 4.1337, time 2740.89ms, mfu 89.66%
iter 50380: loss 4.0368, time 2743.81ms, mfu 89.66%
iter 50390: loss 4.1125, time 2740.76ms, mfu 89.68%
iter 50400: loss 3.9259, time 2738.85ms, mfu 89.69%
iter 50410: loss 4.0766, time 2738.93ms, mfu 89.71%
iter 50420: loss 4.0733, time 2734.92ms, mfu 89.74%
iter 50430: loss 4.0333, time 2733.63ms, mfu 89.76%
iter 50440: loss 3.9844, time 2738.56ms, mfu 89.77%
iter 50450: loss 4.1700, time 2739.82ms, mfu 89.78%
iter 50460: loss 4.0925, time 2738.14ms, mfu 89.79%
iter 50470: loss 4.1061, time 2736.03ms, mfu 89.80%
iter 50480: loss 4.0121, time 2733.83ms, mfu 89.82%
iter 50490: loss 3.9808, time 2739.10ms, mfu 89.82%
iter 50500: loss 4.0629, time 2738.00ms, mfu 89.83%
iter 50510: loss 3.9961, time 2740.25ms, mfu 89.83%
iter 50520: loss 4.0050, time 2741.73ms, mfu 89.82%
iter 50530: loss 4.1322, time 2734.12ms, mfu 89.84%
iter 50540: loss 3.9973, time 2739.68ms, mfu 89.84%
iter 50550: loss 4.0622, time 2746.62ms, mfu 89.81%
iter 50560: loss 3.9620, time 2737.07ms, mfu 89.82%
iter 50570: loss 4.1295, time 2739.51ms, mfu 89.82%
iter 50580: loss 4.0888, time 2737.97ms, mfu 89.83%
iter 50590: loss 4.1145, time 2745.77ms, mfu 89.81%
iter 50600: loss 3.9950, time 2737.45ms, mfu 89.81%
iter 50610: loss 4.0801, time 2737.72ms, mfu 89.82%
iter 50620: loss 4.1679, time 2744.31ms, mfu 89.81%
iter 50630: loss 4.1612, time 2738.41ms, mfu 89.81%
iter 50640: loss 3.9787, time 2736.32ms, mfu 89.82%
iter 50650: loss 4.0360, time 2739.50ms, mfu 89.82%
iter 50660: loss 4.0540, time 2747.05ms, mfu 89.80%
iter 50670: loss 4.0348, time 2738.45ms, mfu 89.81%
iter 50680: loss 4.0127, time 2739.18ms, mfu 89.81%
iter 50690: loss 4.1365, time 2739.99ms, mfu 89.81%
iter 50700: loss 4.1152, time 2740.57ms, mfu 89.81%
iter 50710: loss 4.0487, time 2736.28ms, mfu 89.82%
iter 50720: loss 4.0509, time 2741.86ms, mfu 89.81%
iter 50730: loss 4.0062, time 2737.92ms, mfu 89.82%
iter 50740: loss 4.0446, time 2740.33ms, mfu 89.82%
iter 50750: loss 4.0842, time 2737.79ms, mfu 89.82%
iter 50760: loss 4.0525, time 2740.30ms, mfu 89.82%
iter 50770: loss 3.9642, time 2746.03ms, mfu 89.80%
iter 50780: loss 4.0239, time 2740.51ms, mfu 89.80%
iter 50790: loss 4.0805, time 2735.99ms, mfu 89.81%
iter 50800: loss 3.9718, time 2740.68ms, mfu 89.81%
iter 50810: loss 4.0181, time 2738.09ms, mfu 89.82%
iter 50820: loss 4.0666, time 2736.16ms, mfu 89.83%
iter 50830: loss 4.0032, time 2736.48ms, mfu 89.84%
iter 50840: loss 3.9335, time 2746.62ms, mfu 89.81%
iter 50850: loss 4.0410, time 2739.13ms, mfu 89.82%
iter 50860: loss 3.9960, time 2744.60ms, mfu 89.80%
iter 50870: loss 4.0527, time 2741.43ms, mfu 89.80%
iter 50880: loss 4.0439, time 2737.41ms, mfu 89.81%
iter 50890: loss 4.0794, time 2741.04ms, mfu 89.80%
iter 50900: loss 4.0697, time 2738.93ms, mfu 89.81%
iter 50910: loss 4.0644, time 2740.58ms, mfu 89.81%
iter 50920: loss 4.0193, time 2739.22ms, mfu 89.81%
iter 50930: loss 4.0620, time 2747.84ms, mfu 89.78%
iter 50940: loss 4.0255, time 2746.07ms, mfu 89.77%
iter 50950: loss 4.0444, time 2740.90ms, mfu 89.77%
iter 50960: loss 3.9976, time 2736.31ms, mfu 89.78%
iter 50970: loss 4.0494, time 2738.04ms, mfu 89.79%
iter 50980: loss 4.0726, time 2741.09ms, mfu 89.79%
iter 50990: loss 4.0629, time 2737.44ms, mfu 89.80%
step 51000: train loss 3.8964, val loss 3.9098
saving checkpoint to /net/scratch2/junyuren/nanoGPT-manifold/out-openwebtext-lr6x
iter 51000: loss 4.0124, time 17580.43ms, mfu 82.22%
iter 51010: loss 4.0250, time 2744.86ms, mfu 82.96%
iter 51020: loss 4.0202, time 2741.33ms, mfu 83.64%
iter 51030: loss 4.0027, time 2740.32ms, mfu 84.26%
iter 51040: loss 4.0828, time 2739.58ms, mfu 84.82%
iter 51050: loss 4.0465, time 2740.41ms, mfu 85.31%
iter 51060: loss 4.1458, time 2744.16ms, mfu 85.75%
iter 51070: loss 3.9786, time 2735.98ms, mfu 86.17%
iter 51080: loss 4.0816, time 2741.41ms, mfu 86.53%
iter 51090: loss 4.0495, time 2739.09ms, mfu 86.86%
iter 51100: loss 4.0344, time 2748.26ms, mfu 87.13%
iter 51110: loss 3.9139, time 2742.70ms, mfu 87.39%
iter 51120: loss 4.0385, time 2743.88ms, mfu 87.62%
iter 51130: loss 4.0162, time 2742.41ms, mfu 87.83%
iter 51140: loss 4.0581, time 2740.15ms, mfu 88.03%
iter 51150: loss 4.0663, time 2747.13ms, mfu 88.18%
iter 51160: loss 3.9748, time 2737.54ms, mfu 88.35%
iter 51170: loss 4.0575, time 2742.54ms, mfu 88.49%
iter 51180: loss 4.0972, time 2744.24ms, mfu 88.61%
iter 51190: loss 4.0757, time 2738.80ms, mfu 88.73%
iter 51200: loss 4.0744, time 2741.37ms, mfu 88.83%
iter 51210: loss 3.9986, time 2740.03ms, mfu 88.93%
iter 51220: loss 4.0445, time 2741.54ms, mfu 89.01%
iter 51230: loss 3.9777, time 2735.93ms, mfu 89.11%
iter 51240: loss 4.0432, time 2738.07ms, mfu 89.18%
iter 51250: loss 3.9638, time 2741.51ms, mfu 89.24%
iter 51260: loss 4.0520, time 2740.45ms, mfu 89.30%
iter 51270: loss 4.0583, time 2738.31ms, mfu 89.35%
iter 51280: loss 4.0799, time 2740.44ms, mfu 89.40%
iter 51290: loss 4.0935, time 2741.44ms, mfu 89.43%
iter 51300: loss 4.0306, time 2738.61ms, mfu 89.48%
iter 51310: loss 4.0013, time 2739.26ms, mfu 89.51%
iter 51320: loss 4.1007, time 2737.95ms, mfu 89.55%
iter 51330: loss 4.0523, time 2743.36ms, mfu 89.56%
iter 51340: loss 4.0933, time 2739.32ms, mfu 89.59%
iter 51350: loss 4.0918, time 2742.11ms, mfu 89.61%
iter 51360: loss 4.0921, time 2735.79ms, mfu 89.64%
iter 51370: loss 3.9683, time 2740.53ms, mfu 89.65%
iter 51380: loss 4.0061, time 2743.39ms, mfu 89.66%
iter 51390: loss 4.0005, time 2740.07ms, mfu 89.67%
iter 51400: loss 4.0109, time 2739.16ms, mfu 89.69%
iter 51410: loss 3.9996, time 2743.19ms, mfu 89.69%
iter 51420: loss 4.0731, time 2739.53ms, mfu 89.70%
iter 51430: loss 4.0866, time 2736.23ms, mfu 89.73%
iter 51440: loss 4.1507, time 2745.41ms, mfu 89.72%
iter 51450: loss 4.0673, time 2741.62ms, mfu 89.72%
iter 51460: loss 4.1175, time 2741.96ms, mfu 89.72%
iter 51470: loss 4.0184, time 2743.10ms, mfu 89.72%
iter 51480: loss 4.1202, time 2736.63ms, mfu 89.74%
iter 51490: loss 4.0362, time 2743.04ms, mfu 89.74%
iter 51500: loss 4.0638, time 2744.22ms, mfu 89.73%
iter 51510: loss 4.1148, time 2741.66ms, mfu 89.73%
iter 51520: loss 3.9870, time 2739.86ms, mfu 89.74%
iter 51530: loss 4.0255, time 2736.56ms, mfu 89.76%
iter 51540: loss 3.9864, time 2738.29ms, mfu 89.77%
iter 51550: loss 4.1234, time 2735.60ms, mfu 89.79%
iter 51560: loss 4.0706, time 2737.96ms, mfu 89.80%
iter 51570: loss 4.0386, time 2743.77ms, mfu 89.79%
iter 51580: loss 3.9814, time 2741.41ms, mfu 89.78%
iter 51590: loss 4.0631, time 2738.24ms, mfu 89.79%
iter 51600: loss 4.0381, time 2741.24ms, mfu 89.79%
iter 51610: loss 4.0831, time 2741.49ms, mfu 89.79%
iter 51620: loss 4.0810, time 2738.85ms, mfu 89.79%
iter 51630: loss 4.0121, time 2739.42ms, mfu 89.80%
iter 51640: loss 4.0599, time 2735.36ms, mfu 89.81%
iter 51650: loss 4.0729, time 2742.23ms, mfu 89.81%
iter 51660: loss 4.0712, time 2741.88ms, mfu 89.80%
iter 51670: loss 4.0222, time 2742.02ms, mfu 89.79%
iter 51680: loss 4.0778, time 2738.34ms, mfu 89.80%
iter 51690: loss 4.0241, time 2738.55ms, mfu 89.81%
iter 51700: loss 4.0848, time 2748.61ms, mfu 89.78%
iter 51710: loss 4.0279, time 2736.58ms, mfu 89.79%
iter 51720: loss 4.0519, time 2744.75ms, mfu 89.78%
iter 51730: loss 4.1025, time 2740.98ms, mfu 89.78%
iter 51740: loss 4.0158, time 2744.42ms, mfu 89.77%
iter 51750: loss 4.0550, time 2743.60ms, mfu 89.76%
iter 51760: loss 3.9577, time 2736.62ms, mfu 89.78%
iter 51770: loss 3.9479, time 2749.15ms, mfu 89.75%
iter 51780: loss 4.0813, time 2742.06ms, mfu 89.75%
iter 51790: loss 4.1197, time 2746.61ms, mfu 89.73%
iter 51800: loss 3.9876, time 2735.96ms, mfu 89.75%
iter 51810: loss 3.9985, time 2741.25ms, mfu 89.76%
iter 51820: loss 4.0708, time 2741.83ms, mfu 89.75%
iter 51830: loss 3.9169, time 2744.40ms, mfu 89.75%
iter 51840: loss 3.9763, time 2745.54ms, mfu 89.73%
iter 51850: loss 4.0429, time 2738.26ms, mfu 89.75%
iter 51860: loss 4.0184, time 2736.84ms, mfu 89.76%
iter 51870: loss 3.9892, time 2743.26ms, mfu 89.76%
iter 51880: loss 4.0868, time 2735.37ms, mfu 89.78%
iter 51890: loss 4.0284, time 2741.99ms, mfu 89.77%
iter 51900: loss 4.1505, time 2745.08ms, mfu 89.76%
iter 51910: loss 4.0067, time 2739.88ms, mfu 89.77%
iter 51920: loss 4.0624, time 2737.27ms, mfu 89.78%
iter 51930: loss 3.9706, time 2740.77ms, mfu 89.78%
iter 51940: loss 4.1807, time 2744.71ms, mfu 89.77%
iter 51950: loss 4.0355, time 2751.08ms, mfu 89.74%
iter 51960: loss 4.1062, time 2741.66ms, mfu 89.74%
iter 51970: loss 4.0773, time 2749.02ms, mfu 89.72%
iter 51980: loss 3.9390, time 2747.64ms, mfu 89.70%
iter 51990: loss 4.0580, time 2732.05ms, mfu 89.74%
step 52000: train loss 3.9276, val loss 3.9300
saving checkpoint to /net/scratch2/junyuren/nanoGPT-manifold/out-openwebtext-lr6x
iter 52000: loss 4.0267, time 17529.24ms, mfu 82.17%
iter 52010: loss 4.0385, time 2740.06ms, mfu 82.93%
iter 52020: loss 4.0914, time 2738.81ms, mfu 83.62%
iter 52030: loss 3.9241, time 2742.15ms, mfu 84.23%
iter 52040: loss 4.0650, time 2739.26ms, mfu 84.79%
iter 52050: loss 3.9727, time 2740.31ms, mfu 85.29%
iter 52060: loss 4.0708, time 2736.73ms, mfu 85.76%
iter 52070: loss 4.0591, time 2741.48ms, mfu 86.16%
iter 52080: loss 3.9505, time 2746.17ms, mfu 86.50%
iter 52090: loss 4.1033, time 2746.24ms, mfu 86.81%
iter 52100: loss 4.0444, time 2743.98ms, mfu 87.10%
iter 52110: loss 4.0678, time 2743.63ms, mfu 87.36%
iter 52120: loss 4.0373, time 2739.23ms, mfu 87.61%
iter 52130: loss 3.9983, time 2746.31ms, mfu 87.81%
iter 52140: loss 3.9944, time 2737.79ms, mfu 88.01%
iter 52150: loss 4.0466, time 2736.87ms, mfu 88.20%
iter 52160: loss 4.0318, time 2742.17ms, mfu 88.36%
iter 52170: loss 4.0768, time 2740.50ms, mfu 88.50%
iter 52180: loss 4.1089, time 2739.06ms, mfu 88.63%
iter 52190: loss 4.1288, time 2735.98ms, mfu 88.76%
iter 52200: loss 4.0784, time 2739.63ms, mfu 88.87%
iter 52210: loss 3.9809, time 2740.94ms, mfu 88.96%
iter 52220: loss 3.9872, time 2739.95ms, mfu 89.05%
iter 52230: loss 4.0312, time 2739.03ms, mfu 89.13%
iter 52240: loss 4.0732, time 2738.45ms, mfu 89.20%
iter 52250: loss 4.0347, time 2736.97ms, mfu 89.27%
iter 52260: loss 4.0195, time 2741.28ms, mfu 89.32%
iter 52270: loss 3.9871, time 2739.44ms, mfu 89.37%
iter 52280: loss 4.1239, time 2739.11ms, mfu 89.42%
iter 52290: loss 4.1121, time 2742.19ms, mfu 89.45%
iter 52300: loss 4.0964, time 2745.33ms, mfu 89.47%
iter 52310: loss 3.9215, time 2737.07ms, mfu 89.51%
iter 52320: loss 4.0169, time 2738.91ms, mfu 89.55%
iter 52330: loss 3.9935, time 2737.81ms, mfu 89.58%
iter 52340: loss 3.9888, time 2738.23ms, mfu 89.61%
iter 52350: loss 4.0376, time 2742.69ms, mfu 89.62%
iter 52360: loss 4.0461, time 2741.45ms, mfu 89.63%
iter 52370: loss 4.0656, time 2742.40ms, mfu 89.64%
iter 52380: loss 3.9327, time 2739.01ms, mfu 89.66%
iter 52390: loss 4.0179, time 2744.33ms, mfu 89.66%
iter 52400: loss 3.9907, time 2740.46ms, mfu 89.68%
iter 52410: loss 3.9980, time 2741.67ms, mfu 89.68%
iter 52420: loss 4.0836, time 2743.00ms, mfu 89.69%
iter 52430: loss 4.0788, time 2737.48ms, mfu 89.71%
iter 52440: loss 4.0595, time 2737.25ms, mfu 89.73%
iter 52450: loss 4.0440, time 2747.56ms, mfu 89.71%
iter 52460: loss 4.0383, time 2739.21ms, mfu 89.72%
iter 52470: loss 4.0644, time 2740.63ms, mfu 89.73%
iter 52480: loss 4.0618, time 2738.50ms, mfu 89.74%
iter 52490: loss 3.9919, time 2738.55ms, mfu 89.75%
iter 52500: loss 3.9014, time 2739.26ms, mfu 89.76%
iter 52510: loss 3.9806, time 2738.97ms, mfu 89.77%
iter 52520: loss 4.0281, time 2740.07ms, mfu 89.77%
iter 52530: loss 4.0705, time 2740.98ms, mfu 89.77%
iter 52540: loss 4.0248, time 2739.98ms, mfu 89.78%
iter 52550: loss 4.0119, time 2739.10ms, mfu 89.78%
iter 52560: loss 3.9947, time 2736.90ms, mfu 89.80%
iter 52570: loss 4.0878, time 2739.00ms, mfu 89.80%
iter 52580: loss 4.0287, time 2742.99ms, mfu 89.79%
iter 52590: loss 3.9939, time 2745.59ms, mfu 89.78%
iter 52600: loss 4.0660, time 2740.55ms, mfu 89.78%
iter 52610: loss 4.0473, time 2740.16ms, mfu 89.78%
iter 52620: loss 4.0260, time 2739.46ms, mfu 89.78%
iter 52630: loss 3.9926, time 2746.69ms, mfu 89.77%
iter 52640: loss 4.0706, time 2741.34ms, mfu 89.77%
iter 52650: loss 4.1451, time 2737.83ms, mfu 89.78%
iter 52660: loss 4.0816, time 2744.12ms, mfu 89.77%
iter 52670: loss 3.9828, time 2738.13ms, mfu 89.78%
iter 52680: loss 4.0411, time 2742.69ms, mfu 89.77%
iter 52690: loss 4.0409, time 2737.71ms, mfu 89.78%
iter 52700: loss 4.0381, time 2738.57ms, mfu 89.79%
iter 52710: loss 4.1558, time 2738.29ms, mfu 89.80%
iter 52720: loss 4.1287, time 2735.01ms, mfu 89.82%
iter 52730: loss 4.0238, time 2751.47ms, mfu 89.78%
iter 52740: loss 4.0421, time 2744.24ms, mfu 89.77%
iter 52750: loss 3.9857, time 2740.64ms, mfu 89.77%
iter 52760: loss 3.9264, time 2744.07ms, mfu 89.76%
iter 52770: loss 4.0253, time 2736.67ms, mfu 89.78%
iter 52780: loss 4.0044, time 2736.85ms, mfu 89.79%
iter 52790: loss 4.0505, time 2751.59ms, mfu 89.75%
iter 52800: loss 4.0457, time 2740.11ms, mfu 89.76%
iter 52810: loss 3.9562, time 2741.83ms, mfu 89.76%
iter 52820: loss 4.0410, time 2740.63ms, mfu 89.76%
iter 52830: loss 4.0163, time 2737.75ms, mfu 89.77%
iter 52840: loss 4.1240, time 2746.53ms, mfu 89.76%
iter 52850: loss 4.0601, time 2738.90ms, mfu 89.76%
iter 52860: loss 4.0501, time 2747.81ms, mfu 89.74%
iter 52870: loss 3.9592, time 2750.16ms, mfu 89.72%
iter 52880: loss 4.0251, time 2739.57ms, mfu 89.73%
iter 52890: loss 3.9995, time 2736.96ms, mfu 89.75%
iter 52900: loss 4.0473, time 2737.01ms, mfu 89.76%
iter 52910: loss 4.0551, time 2737.82ms, mfu 89.77%
iter 52920: loss 4.0584, time 2739.59ms, mfu 89.78%
iter 52930: loss 4.0241, time 2745.84ms, mfu 89.76%
iter 52940: loss 4.0653, time 2745.30ms, mfu 89.75%
iter 52950: loss 3.9846, time 2743.78ms, mfu 89.74%
iter 52960: loss 3.9730, time 2741.75ms, mfu 89.74%
iter 52970: loss 4.0246, time 2738.97ms, mfu 89.75%
iter 52980: loss 4.0647, time 2742.24ms, mfu 89.75%
iter 52990: loss 4.0314, time 2738.24ms, mfu 89.76%
step 53000: train loss 3.9383, val loss 3.9427
saving checkpoint to /net/scratch2/junyuren/nanoGPT-manifold/out-openwebtext-lr6x
iter 53000: loss 3.9580, time 17519.65ms, mfu 82.19%
iter 53010: loss 3.9925, time 2738.39ms, mfu 82.96%
iter 53020: loss 4.0449, time 2744.04ms, mfu 83.63%
iter 53030: loss 4.0676, time 2740.97ms, mfu 84.25%
iter 53040: loss 4.0742, time 2740.54ms, mfu 84.80%
iter 53050: loss 4.0212, time 2740.79ms, mfu 85.30%
iter 53060: loss 4.1092, time 2737.54ms, mfu 85.76%
iter 53070: loss 3.8586, time 2742.30ms, mfu 86.16%
iter 53080: loss 4.0449, time 2740.78ms, mfu 86.52%
iter 53090: loss 3.9113, time 2738.96ms, mfu 86.85%
iter 53100: loss 4.1044, time 2738.32ms, mfu 87.15%
iter 53110: loss 4.0221, time 2736.39ms, mfu 87.43%
iter 53120: loss 4.0138, time 2746.98ms, mfu 87.64%
iter 53130: loss 3.9875, time 2740.19ms, mfu 87.86%
iter 53140: loss 4.0258, time 2743.05ms, mfu 88.05%
iter 53150: loss 4.0853, time 2735.58ms, mfu 88.24%
iter 53160: loss 4.0408, time 2738.27ms, mfu 88.40%
iter 53170: loss 4.0936, time 2740.32ms, mfu 88.54%
iter 53180: loss 4.0547, time 2741.13ms, mfu 88.66%
iter 53190: loss 4.0651, time 2742.74ms, mfu 88.77%
iter 53200: loss 3.9747, time 2742.40ms, mfu 88.86%
iter 53210: loss 4.0241, time 2742.90ms, mfu 88.95%
iter 53220: loss 4.0725, time 2735.91ms, mfu 89.05%
iter 53230: loss 4.0623, time 2741.12ms, mfu 89.12%
iter 53240: loss 4.0671, time 2741.55ms, mfu 89.18%
iter 53250: loss 4.0462, time 2742.83ms, mfu 89.24%
iter 53260: loss 4.0140, time 2741.12ms, mfu 89.29%
iter 53270: loss 3.9849, time 2742.76ms, mfu 89.33%
iter 53280: loss 3.9637, time 2740.67ms, mfu 89.38%
iter 53290: loss 4.0804, time 2744.40ms, mfu 89.41%
iter 53300: loss 3.9542, time 2741.20ms, mfu 89.44%
iter 53310: loss 4.1128, time 2745.08ms, mfu 89.46%
iter 53320: loss 4.0313, time 2737.72ms, mfu 89.51%
iter 53330: loss 4.1061, time 2737.66ms, mfu 89.54%
iter 53340: loss 4.0347, time 2745.06ms, mfu 89.55%
iter 53350: loss 3.9958, time 2742.59ms, mfu 89.57%
iter 53360: loss 4.0714, time 2735.84ms, mfu 89.61%
iter 53370: loss 4.0459, time 2746.37ms, mfu 89.61%
iter 53380: loss 3.9564, time 2733.67ms, mfu 89.65%
iter 53390: loss 4.0352, time 2740.10ms, mfu 89.66%
iter 53400: loss 3.9884, time 2736.92ms, mfu 89.69%
iter 53410: loss 4.0024, time 2743.91ms, mfu 89.69%
iter 53420: loss 4.0876, time 2745.87ms, mfu 89.68%
iter 53430: loss 3.9835, time 2736.95ms, mfu 89.70%
iter 53440: loss 3.9517, time 2743.22ms, mfu 89.70%
iter 53450: loss 4.0253, time 2736.85ms, mfu 89.72%
iter 53460: loss 4.0890, time 2742.16ms, mfu 89.73%
iter 53470: loss 4.0633, time 2744.23ms, mfu 89.72%
iter 53480: loss 3.9729, time 2738.88ms, mfu 89.73%
iter 53490: loss 4.1046, time 2745.41ms, mfu 89.72%
