Overriding config with config/train_openwebtext_rank99_resume.py:
# Resume OpenWebText rank99 from checkpoint
# Continuing from step 10000

# I/O
out_dir = '/net/scratch2/junyuren/nanoGPT-manifold/out-openwebtext-rank99'
eval_interval = 1000
eval_iters = 200
log_interval = 10
always_save_checkpoint = True

# CRITICAL: Resume from checkpoint
init_from = 'resume'

wandb_log = False
wandb_project = 'openwebtext'
wandb_run_name = 'grassmann-6L-384d-rank99-resume'

# Data
dataset = 'openwebtext'
data_dir = '/net/scratch2/junyuren/nanoGPT-manifold/data/openwebtext'
gradient_accumulation_steps = 40
batch_size = 64
block_size = 1024

# Model
n_layer = 6
n_head = 6
n_embd = 384
dropout = 0.2
bias = False

# AdamW optimizer
learning_rate = 1e-3
max_iters = 100000
lr_decay_iters = 100000
min_lr = 1e-4
beta1 = 0.9
beta2 = 0.99
weight_decay = 1e-1
grad_clip = 1.0

decay_lr = True
warmup_iters = 2000

# Grassmann config - rank99
use_grassmann = True
grassmann_phase = 'phase2.5'

grass_rank_c_attn = 96
grass_rank_mlp_fc = 48
grass_scale_c_attn = 4.6293
grass_scale_mlp_fc = 10.1372

grass_rank = 48
grass_lr = 8e-3
grass_a = 1.0
grass_b = 0.0
grass_alpha = 0.01
grass_steps = 10
grass_tol = 1e-6

# System
device = 'cuda'
dtype = 'bfloat16'
compile = True

tokens per iteration will be: 2,621,440
Resuming training from /net/scratch2/junyuren/nanoGPT-manifold/out-openwebtext-rank99
number of parameters: 29.94M

=== Phase phase2.5 Grassmann Configuration ===
  Variant .5: attn.c_proj uses AdamW (not Grassmann)

Per-block configuration (6 blocks):
  c_attn ranks:       [96, 96, 96, 96, 96, 96]
  c_attn scales:      ['4.63', '4.63', '4.63', '4.63', '4.63', '4.63']
  mlp.c_fc ranks:     [48, 48, 48, 48, 48, 48]
  mlp.c_fc scales:    ['10.14', '10.14', '10.14', '10.14', '10.14', '10.14']
Grassmann Muon parameters: 6 weight matrices, 3,538,944 params
AdamW decay parameters: 20 tensors, 26,787,840 params
AdamW no-decay parameters: 13 tensors, 4,992 params
  transformer.h.0.mlp.c_fc.weight: k=4, G_{1.0,0.0,48}, lr=0.008, scale=10.1372, type=vertical
  transformer.h.1.mlp.c_fc.weight: k=4, G_{1.0,0.0,48}, lr=0.008, scale=10.1372, type=vertical
  transformer.h.2.mlp.c_fc.weight: k=4, G_{1.0,0.0,48}, lr=0.008, scale=10.1372, type=vertical
  transformer.h.3.mlp.c_fc.weight: k=4, G_{1.0,0.0,48}, lr=0.008, scale=10.1372, type=vertical
  transformer.h.4.mlp.c_fc.weight: k=4, G_{1.0,0.0,48}, lr=0.008, scale=10.1372, type=vertical
  transformer.h.5.mlp.c_fc.weight: k=4, G_{1.0,0.0,48}, lr=0.008, scale=10.1372, type=vertical
using fused AdamW: True

=== Setting up component-specific dropout ===
AdamW components: dropout = 0.2
Grassmann components: dropout = 0.1
Component-specific dropout setup complete.

=== Setting up norm-preserving scaling (Phase phase2.5) ===
  Added frozen 0.5×I scaling after mlp.c_fc (device=cuda:0)
  Added frozen 0.5×I scaling after mlp.c_fc (device=cuda:0)
  Added frozen 0.5×I scaling after mlp.c_fc (device=cuda:0)
  Added frozen 0.5×I scaling after mlp.c_fc (device=cuda:0)
  Added frozen 0.5×I scaling after mlp.c_fc (device=cuda:0)
  Added frozen 0.5×I scaling after mlp.c_fc (device=cuda:0)
Norm-preserving scaling setup complete.
compiling the model... (takes a ~minute)
step 50000: train loss 4.0047, val loss 4.0104
saving checkpoint to /net/scratch2/junyuren/nanoGPT-manifold/out-openwebtext-rank99
iter 50000: loss 3.8555, time 28091.47ms, mfu -100.00%
iter 50010: loss 3.9791, time 2710.40ms, mfu 90.79%
iter 50020: loss 3.9047, time 2702.54ms, mfu 90.82%
iter 50030: loss 3.9646, time 2706.91ms, mfu 90.83%
iter 50040: loss 4.0095, time 2713.75ms, mfu 90.81%
iter 50050: loss 4.0047, time 2713.47ms, mfu 90.80%
iter 50060: loss 4.0134, time 2722.12ms, mfu 90.76%
iter 50070: loss 3.8213, time 2718.54ms, mfu 90.73%
iter 50080: loss 3.9127, time 2716.22ms, mfu 90.72%
iter 50090: loss 4.0071, time 2715.25ms, mfu 90.71%
iter 50100: loss 4.0050, time 2716.43ms, mfu 90.70%
iter 50110: loss 3.9319, time 2715.07ms, mfu 90.69%
iter 50120: loss 3.9816, time 2723.96ms, mfu 90.66%
iter 50130: loss 3.9424, time 2709.64ms, mfu 90.67%
iter 50140: loss 3.9411, time 2721.00ms, mfu 90.65%
iter 50150: loss 3.9899, time 2713.37ms, mfu 90.65%
iter 50160: loss 3.9523, time 2717.47ms, mfu 90.64%
iter 50170: loss 3.9216, time 2724.45ms, mfu 90.61%
iter 50180: loss 3.9996, time 2719.20ms, mfu 90.60%
iter 50190: loss 3.9692, time 2717.98ms, mfu 90.59%
iter 50200: loss 4.0427, time 2716.50ms, mfu 90.59%
iter 50210: loss 4.0394, time 2716.94ms, mfu 90.59%
iter 50220: loss 3.8906, time 2719.86ms, mfu 90.58%
iter 50230: loss 3.8822, time 2726.18ms, mfu 90.55%
iter 50240: loss 3.9649, time 2722.93ms, mfu 90.53%
iter 50250: loss 3.9690, time 2721.89ms, mfu 90.52%
iter 50260: loss 4.0143, time 2717.65ms, mfu 90.52%
iter 50270: loss 3.9998, time 2710.52ms, mfu 90.55%
iter 50280: loss 3.9836, time 2718.27ms, mfu 90.55%
iter 50290: loss 3.9752, time 2713.39ms, mfu 90.56%
iter 50300: loss 4.0183, time 2715.49ms, mfu 90.57%
iter 50310: loss 3.9993, time 2717.03ms, mfu 90.57%
iter 50320: loss 3.9574, time 2719.60ms, mfu 90.56%
iter 50330: loss 3.9099, time 2716.27ms, mfu 90.56%
iter 50340: loss 3.9609, time 2719.27ms, mfu 90.55%
iter 50350: loss 3.9482, time 2713.74ms, mfu 90.57%
iter 50360: loss 3.9700, time 2713.69ms, mfu 90.58%
iter 50370: loss 3.8928, time 2728.30ms, mfu 90.54%
iter 50380: loss 3.9214, time 2717.39ms, mfu 90.54%
iter 50390: loss 3.9590, time 2713.72ms, mfu 90.56%
iter 50400: loss 4.0179, time 2719.63ms, mfu 90.55%
iter 50410: loss 3.8504, time 2716.78ms, mfu 90.55%
iter 50420: loss 3.9359, time 2718.13ms, mfu 90.55%
iter 50430: loss 3.9056, time 2717.53ms, mfu 90.55%
iter 50440: loss 3.9169, time 2713.21ms, mfu 90.56%
iter 50450: loss 3.9286, time 2713.70ms, mfu 90.58%
iter 50460: loss 3.9446, time 2714.90ms, mfu 90.58%
iter 50470: loss 3.9378, time 2717.16ms, mfu 90.58%
iter 50480: loss 3.9369, time 2716.04ms, mfu 90.58%
iter 50490: loss 4.0008, time 2723.48ms, mfu 90.56%
iter 50500: loss 3.9880, time 2720.73ms, mfu 90.55%
iter 50510: loss 4.0112, time 2715.94ms, mfu 90.55%
iter 50520: loss 3.9123, time 2717.32ms, mfu 90.55%
iter 50530: loss 3.9729, time 2721.91ms, mfu 90.54%
iter 50540: loss 3.9159, time 2718.50ms, mfu 90.54%
iter 50550: loss 3.9465, time 2709.04ms, mfu 90.57%
iter 50560: loss 3.8860, time 2712.81ms, mfu 90.58%
iter 50570: loss 4.0084, time 2723.59ms, mfu 90.56%
iter 50580: loss 3.9429, time 2721.53ms, mfu 90.54%
iter 50590: loss 4.0485, time 2718.31ms, mfu 90.54%
iter 50600: loss 3.9589, time 2721.47ms, mfu 90.53%
iter 50610: loss 4.0057, time 2723.87ms, mfu 90.51%
iter 50620: loss 3.9094, time 2717.71ms, mfu 90.51%
iter 50630: loss 3.9586, time 2716.42ms, mfu 90.52%
iter 50640: loss 3.9973, time 2719.42ms, mfu 90.52%
iter 50650: loss 3.8473, time 2716.46ms, mfu 90.53%
iter 50660: loss 3.8944, time 2717.62ms, mfu 90.53%
iter 50670: loss 3.9756, time 2712.90ms, mfu 90.55%
iter 50680: loss 3.9390, time 2717.39ms, mfu 90.55%
iter 50690: loss 3.9004, time 2714.30ms, mfu 90.56%
iter 50700: loss 3.9081, time 2716.99ms, mfu 90.56%
iter 50710: loss 4.0159, time 2718.47ms, mfu 90.56%
iter 50720: loss 3.9223, time 2717.82ms, mfu 90.55%
iter 50730: loss 3.8352, time 2714.18ms, mfu 90.57%
iter 50740: loss 3.9808, time 2718.44ms, mfu 90.56%
iter 50750: loss 4.0535, time 2715.78ms, mfu 90.57%
iter 50760: loss 3.9398, time 2713.46ms, mfu 90.58%
iter 50770: loss 3.9127, time 2719.98ms, mfu 90.57%
iter 50780: loss 3.9108, time 2716.99ms, mfu 90.57%
iter 50790: loss 3.9219, time 2709.71ms, mfu 90.59%
iter 50800: loss 3.9432, time 2711.09ms, mfu 90.61%
iter 50810: loss 3.9229, time 2725.49ms, mfu 90.58%
iter 50820: loss 4.0053, time 2712.01ms, mfu 90.59%
iter 50830: loss 3.9417, time 2716.33ms, mfu 90.59%
iter 50840: loss 3.9581, time 2713.76ms, mfu 90.60%
iter 50850: loss 3.9904, time 2716.70ms, mfu 90.60%
iter 50860: loss 3.9845, time 2723.55ms, mfu 90.57%
iter 50870: loss 3.8841, time 2717.69ms, mfu 90.57%
iter 50880: loss 3.9228, time 2724.68ms, mfu 90.55%
iter 50890: loss 3.9619, time 2723.13ms, mfu 90.53%
iter 50900: loss 3.9333, time 2714.80ms, mfu 90.54%
iter 50910: loss 3.9144, time 2713.14ms, mfu 90.56%
iter 50920: loss 3.9853, time 2715.12ms, mfu 90.56%
iter 50930: loss 4.0298, time 2710.77ms, mfu 90.58%
iter 50940: loss 3.9965, time 2715.22ms, mfu 90.59%
iter 50950: loss 4.0329, time 2721.40ms, mfu 90.57%
iter 50960: loss 3.9159, time 2720.81ms, mfu 90.56%
iter 50970: loss 3.9569, time 2714.39ms, mfu 90.57%
iter 50980: loss 3.9965, time 2708.79ms, mfu 90.60%
iter 50990: loss 3.9364, time 2711.21ms, mfu 90.61%
step 51000: train loss 4.0237, val loss 4.0422
saving checkpoint to /net/scratch2/junyuren/nanoGPT-manifold/out-openwebtext-rank99
iter 51000: loss 3.9038, time 17652.97ms, mfu 82.95%
iter 51010: loss 4.0057, time 2710.91ms, mfu 83.73%
iter 51020: loss 3.9101, time 2709.05ms, mfu 84.44%
iter 51030: loss 3.9702, time 2711.58ms, mfu 85.07%
iter 51040: loss 3.9124, time 2717.82ms, mfu 85.62%
iter 51050: loss 3.9978, time 2709.71ms, mfu 86.14%
iter 51060: loss 3.8621, time 2718.67ms, mfu 86.57%
iter 51070: loss 3.9110, time 2717.88ms, mfu 86.97%
iter 51080: loss 3.9315, time 2714.17ms, mfu 87.34%
iter 51090: loss 3.9684, time 2718.29ms, mfu 87.66%
iter 51100: loss 3.9721, time 2712.20ms, mfu 87.97%
iter 51110: loss 3.9091, time 2715.87ms, mfu 88.23%
iter 51120: loss 3.9782, time 2714.03ms, mfu 88.47%
iter 51130: loss 3.9289, time 2717.43ms, mfu 88.68%
iter 51140: loss 3.8858, time 2718.64ms, mfu 88.87%
iter 51150: loss 3.9709, time 2708.11ms, mfu 89.07%
iter 51160: loss 3.9674, time 2720.99ms, mfu 89.20%
iter 51170: loss 3.8828, time 2717.23ms, mfu 89.34%
iter 51180: loss 3.9490, time 2715.00ms, mfu 89.47%
iter 51190: loss 4.0788, time 2714.45ms, mfu 89.59%
iter 51200: loss 3.9004, time 2718.73ms, mfu 89.68%
iter 51210: loss 3.9077, time 2713.06ms, mfu 89.78%
iter 51220: loss 4.0365, time 2713.27ms, mfu 89.87%
iter 51230: loss 3.9607, time 2717.15ms, mfu 89.94%
iter 51240: loss 3.9725, time 2718.12ms, mfu 90.00%
iter 51250: loss 4.0547, time 2714.66ms, mfu 90.07%
iter 51260: loss 4.0179, time 2715.48ms, mfu 90.12%
iter 51270: loss 4.0006, time 2720.20ms, mfu 90.16%
iter 51280: loss 3.9940, time 2715.36ms, mfu 90.20%
iter 51290: loss 3.9938, time 2715.90ms, mfu 90.24%
iter 51300: loss 3.9581, time 2705.71ms, mfu 90.31%
iter 51310: loss 3.9833, time 2719.40ms, mfu 90.33%
iter 51320: loss 3.8095, time 2717.25ms, mfu 90.35%
iter 51330: loss 3.9768, time 2716.49ms, mfu 90.38%
iter 51340: loss 4.0166, time 2719.42ms, mfu 90.39%
iter 51350: loss 4.0362, time 2711.24ms, mfu 90.43%
iter 51360: loss 3.9463, time 2709.82ms, mfu 90.46%
iter 51370: loss 3.9918, time 2713.67ms, mfu 90.49%
iter 51380: loss 3.9556, time 2720.59ms, mfu 90.48%
iter 51390: loss 3.9701, time 2717.92ms, mfu 90.49%
iter 51400: loss 4.0010, time 2714.62ms, mfu 90.50%
iter 51410: loss 3.9999, time 2715.08ms, mfu 90.52%
iter 51420: loss 4.0140, time 2710.67ms, mfu 90.54%
iter 51430: loss 4.0072, time 2713.38ms, mfu 90.56%
iter 51440: loss 3.9358, time 2713.10ms, mfu 90.57%
iter 51450: loss 3.8460, time 2715.93ms, mfu 90.58%
iter 51460: loss 4.0012, time 2722.15ms, mfu 90.56%
iter 51470: loss 3.9982, time 2709.57ms, mfu 90.58%
iter 51480: loss 3.9174, time 2712.81ms, mfu 90.60%
iter 51490: loss 3.9777, time 2719.25ms, mfu 90.59%
iter 51500: loss 3.8879, time 2719.37ms, mfu 90.58%
iter 51510: loss 3.9453, time 2715.51ms, mfu 90.58%
iter 51520: loss 4.0479, time 2710.86ms, mfu 90.60%
iter 51530: loss 4.0098, time 2715.10ms, mfu 90.60%
iter 51540: loss 3.9698, time 2707.51ms, mfu 90.63%
iter 51550: loss 3.9810, time 2715.61ms, mfu 90.63%
iter 51560: loss 4.0015, time 2709.82ms, mfu 90.65%
iter 51570: loss 3.9574, time 2711.17ms, mfu 90.66%
iter 51580: loss 3.9210, time 2713.50ms, mfu 90.66%
iter 51590: loss 3.9816, time 2710.57ms, mfu 90.67%
iter 51600: loss 3.9508, time 2717.61ms, mfu 90.66%
iter 51610: loss 3.9428, time 2717.06ms, mfu 90.65%
iter 51620: loss 4.0112, time 2714.31ms, mfu 90.65%
iter 51630: loss 4.0141, time 2724.53ms, mfu 90.62%
iter 51640: loss 3.9680, time 2713.52ms, mfu 90.63%
iter 51650: loss 3.9842, time 2712.67ms, mfu 90.64%
iter 51660: loss 3.9776, time 2725.53ms, mfu 90.60%
iter 51670: loss 3.9885, time 2715.98ms, mfu 90.60%
iter 51680: loss 3.9441, time 2717.26ms, mfu 90.60%
iter 51690: loss 3.9314, time 2718.54ms, mfu 90.59%
iter 51700: loss 4.0077, time 2713.43ms, mfu 90.60%
iter 51710: loss 4.0543, time 2720.93ms, mfu 90.58%
iter 51720: loss 3.8931, time 2713.15ms, mfu 90.59%
iter 51730: loss 3.9653, time 2720.90ms, mfu 90.58%
iter 51740: loss 3.9216, time 2721.45ms, mfu 90.56%
iter 51750: loss 3.8402, time 2714.57ms, mfu 90.57%
iter 51760: loss 3.9463, time 2712.79ms, mfu 90.59%
iter 51770: loss 4.0177, time 2724.16ms, mfu 90.56%
iter 51780: loss 4.0435, time 2711.61ms, mfu 90.58%
iter 51790: loss 3.9312, time 2717.84ms, mfu 90.58%
iter 51800: loss 3.9626, time 2713.45ms, mfu 90.59%
iter 51810: loss 3.9694, time 2713.89ms, mfu 90.60%
iter 51820: loss 3.9643, time 2712.28ms, mfu 90.61%
iter 51830: loss 4.0273, time 2715.56ms, mfu 90.61%
iter 51840: loss 3.9189, time 2712.18ms, mfu 90.62%
iter 51850: loss 3.9540, time 2711.34ms, mfu 90.64%
iter 51860: loss 3.9764, time 2712.65ms, mfu 90.64%
iter 51870: loss 3.8731, time 2720.40ms, mfu 90.62%
iter 51880: loss 4.0502, time 2705.80ms, mfu 90.66%
iter 51890: loss 3.9625, time 2712.86ms, mfu 90.66%
iter 51900: loss 3.9247, time 2714.56ms, mfu 90.66%
iter 51910: loss 3.9779, time 2718.67ms, mfu 90.65%
iter 51920: loss 4.0115, time 2713.92ms, mfu 90.65%
iter 51930: loss 3.9842, time 2715.55ms, mfu 90.65%
iter 51940: loss 3.9227, time 2716.28ms, mfu 90.64%
iter 51950: loss 4.0086, time 2716.95ms, mfu 90.63%
iter 51960: loss 4.0107, time 2714.03ms, mfu 90.64%
iter 51970: loss 3.9529, time 2712.91ms, mfu 90.64%
iter 51980: loss 3.9387, time 2704.06ms, mfu 90.68%
iter 51990: loss 3.9200, time 2709.87ms, mfu 90.69%
step 52000: train loss 4.1401, val loss 4.1475
saving checkpoint to /net/scratch2/junyuren/nanoGPT-manifold/out-openwebtext-rank99
iter 52000: loss 3.9443, time 17670.41ms, mfu 83.02%
iter 52010: loss 3.9590, time 2710.85ms, mfu 83.79%
iter 52020: loss 3.9279, time 2715.98ms, mfu 84.47%
iter 52030: loss 3.8963, time 2714.72ms, mfu 85.09%
iter 52040: loss 3.9396, time 2702.77ms, mfu 85.69%
iter 52050: loss 3.9405, time 2711.25ms, mfu 86.19%
iter 52060: loss 4.0702, time 2706.84ms, mfu 86.66%
iter 52070: loss 3.9184, time 2714.81ms, mfu 87.06%
iter 52080: loss 3.9355, time 2716.86ms, mfu 87.41%
iter 52090: loss 3.9303, time 2715.87ms, mfu 87.73%
iter 52100: loss 3.8444, time 2716.06ms, mfu 88.02%
iter 52110: loss 3.9152, time 2713.34ms, mfu 88.29%
iter 52120: loss 3.8760, time 2716.86ms, mfu 88.52%
iter 52130: loss 3.9286, time 2720.82ms, mfu 88.71%
iter 52140: loss 3.9140, time 2721.04ms, mfu 88.88%
iter 52150: loss 3.9896, time 2718.70ms, mfu 89.04%
iter 52160: loss 3.9993, time 2718.81ms, mfu 89.19%
iter 52170: loss 4.0206, time 2719.00ms, mfu 89.32%
iter 52180: loss 3.9266, time 2705.33ms, mfu 89.49%
iter 52190: loss 3.9820, time 2712.27ms, mfu 89.61%
iter 52200: loss 3.9025, time 2713.48ms, mfu 89.72%
iter 52210: loss 4.0607, time 2716.06ms, mfu 89.81%
iter 52220: loss 3.9327, time 2712.74ms, mfu 89.90%
iter 52230: loss 3.8846, time 2719.26ms, mfu 89.96%
iter 52240: loss 3.9576, time 2711.33ms, mfu 90.04%
iter 52250: loss 4.0419, time 2717.43ms, mfu 90.09%
iter 52260: loss 3.8739, time 2710.58ms, mfu 90.16%
iter 52270: loss 3.9614, time 2715.69ms, mfu 90.20%
iter 52280: loss 3.9529, time 2712.98ms, mfu 90.25%
iter 52290: loss 3.9719, time 2713.39ms, mfu 90.30%
iter 52300: loss 4.0154, time 2711.55ms, mfu 90.34%
iter 52310: loss 3.8966, time 2708.52ms, mfu 90.39%
iter 52320: loss 3.8713, time 2709.47ms, mfu 90.44%
iter 52330: loss 3.9349, time 2716.64ms, mfu 90.45%
iter 52340: loss 3.9399, time 2720.84ms, mfu 90.45%
iter 52350: loss 4.0746, time 2719.81ms, mfu 90.45%
iter 52360: loss 4.0065, time 2714.72ms, mfu 90.47%
iter 52370: loss 3.9694, time 2715.20ms, mfu 90.49%
iter 52380: loss 3.9145, time 2714.03ms, mfu 90.51%
iter 52390: loss 3.9427, time 2714.78ms, mfu 90.52%
iter 52400: loss 3.9672, time 2715.62ms, mfu 90.53%
iter 52410: loss 3.9513, time 2715.96ms, mfu 90.54%
iter 52420: loss 3.9483, time 2717.59ms, mfu 90.54%
iter 52430: loss 3.8374, time 2720.59ms, mfu 90.53%
iter 52440: loss 3.9567, time 2709.52ms, mfu 90.56%
iter 52450: loss 4.0354, time 2714.09ms, mfu 90.57%
iter 52460: loss 3.9782, time 2712.64ms, mfu 90.58%
iter 52470: loss 3.9514, time 2715.55ms, mfu 90.59%
iter 52480: loss 4.0216, time 2717.91ms, mfu 90.58%
iter 52490: loss 3.9020, time 2753.72ms, mfu 90.46%
iter 52500: loss 3.9815, time 2715.33ms, mfu 90.48%
iter 52510: loss 3.9284, time 2709.71ms, mfu 90.51%
iter 52520: loss 4.0228, time 2715.21ms, mfu 90.52%
iter 52530: loss 3.8960, time 2718.58ms, mfu 90.52%
iter 52540: loss 3.9913, time 2712.77ms, mfu 90.54%
iter 52550: loss 4.0251, time 2714.86ms, mfu 90.55%
iter 52560: loss 3.9471, time 2711.77ms, mfu 90.57%
iter 52570: loss 4.0012, time 2716.11ms, mfu 90.57%
iter 52580: loss 3.8668, time 2710.81ms, mfu 90.59%
iter 52590: loss 3.9857, time 2720.65ms, mfu 90.58%
iter 52600: loss 3.9847, time 2714.34ms, mfu 90.59%
iter 52610: loss 3.9587, time 2717.51ms, mfu 90.58%
iter 52620: loss 3.9215, time 2716.31ms, mfu 90.58%
iter 52630: loss 4.0494, time 2716.36ms, mfu 90.58%
iter 52640: loss 3.9190, time 2712.16ms, mfu 90.60%
iter 52650: loss 3.9111, time 2713.76ms, mfu 90.61%
iter 52660: loss 3.9552, time 2718.48ms, mfu 90.60%
iter 52670: loss 3.8886, time 2715.28ms, mfu 90.60%
iter 52680: loss 3.9703, time 2716.76ms, mfu 90.60%
iter 52690: loss 3.9630, time 2709.11ms, mfu 90.62%
iter 52700: loss 3.8951, time 2716.10ms, mfu 90.62%
iter 52710: loss 3.8556, time 2713.19ms, mfu 90.63%
iter 52720: loss 3.9573, time 2712.34ms, mfu 90.64%
iter 52730: loss 3.9366, time 2720.71ms, mfu 90.62%
iter 52740: loss 3.9745, time 2719.61ms, mfu 90.60%
iter 52750: loss 3.9271, time 2720.22ms, mfu 90.59%
iter 52760: loss 3.9451, time 2718.38ms, mfu 90.58%
iter 52770: loss 3.9859, time 2713.41ms, mfu 90.59%
iter 52780: loss 3.9190, time 2711.25ms, mfu 90.61%
iter 52790: loss 3.9550, time 2712.67ms, mfu 90.62%
iter 52800: loss 4.0410, time 2715.48ms, mfu 90.62%
iter 52810: loss 3.8813, time 2717.99ms, mfu 90.61%
iter 52820: loss 3.9540, time 2721.71ms, mfu 90.59%
iter 52830: loss 3.9396, time 2712.74ms, mfu 90.60%
iter 52840: loss 3.9226, time 2717.40ms, mfu 90.60%
iter 52850: loss 3.9187, time 2712.31ms, mfu 90.61%
iter 52860: loss 4.0151, time 2715.09ms, mfu 90.61%
iter 52870: loss 3.9631, time 2716.85ms, mfu 90.61%
iter 52880: loss 3.9433, time 2719.19ms, mfu 90.60%
iter 52890: loss 3.9333, time 2717.25ms, mfu 90.60%
iter 52900: loss 3.9581, time 2711.34ms, mfu 90.61%
iter 52910: loss 3.9098, time 2719.44ms, mfu 90.60%
iter 52920: loss 3.9230, time 2717.31ms, mfu 90.60%
iter 52930: loss 3.9979, time 2712.26ms, mfu 90.61%
iter 52940: loss 3.9368, time 2716.22ms, mfu 90.61%
iter 52950: loss 3.9361, time 2716.62ms, mfu 90.60%
iter 52960: loss 4.0235, time 2713.54ms, mfu 90.61%
iter 52970: loss 4.0012, time 2711.93ms, mfu 90.63%
iter 52980: loss 3.9320, time 2711.03ms, mfu 90.64%
iter 52990: loss 4.0427, time 2713.33ms, mfu 90.64%
step 53000: train loss 3.9712, val loss 3.9844
saving checkpoint to /net/scratch2/junyuren/nanoGPT-manifold/out-openwebtext-rank99
iter 53000: loss 4.0242, time 17770.97ms, mfu 82.97%
iter 53010: loss 3.9577, time 2712.96ms, mfu 83.74%
iter 53020: loss 3.9365, time 2714.86ms, mfu 84.43%
iter 53030: loss 3.9432, time 2718.15ms, mfu 85.04%
iter 53040: loss 3.9351, time 2718.99ms, mfu 85.59%
iter 53050: loss 3.8853, time 2717.77ms, mfu 86.08%
iter 53060: loss 3.8973, time 2721.18ms, mfu 86.52%
iter 53070: loss 3.8994, time 2715.48ms, mfu 86.93%
iter 53080: loss 3.9683, time 2728.94ms, mfu 87.25%
iter 53090: loss 3.8960, time 2720.54ms, mfu 87.57%
iter 53100: loss 3.9742, time 2718.36ms, mfu 87.87%
iter 53110: loss 3.9974, time 2724.83ms, mfu 88.11%
iter 53120: loss 4.0106, time 2722.54ms, mfu 88.34%
iter 53130: loss 3.8691, time 2716.69ms, mfu 88.56%
iter 53140: loss 3.9102, time 2715.08ms, mfu 88.77%
iter 53150: loss 3.9238, time 2713.87ms, mfu 88.96%
iter 53160: loss 3.9950, time 2718.24ms, mfu 89.12%
iter 53170: loss 3.9206, time 2722.23ms, mfu 89.24%
iter 53180: loss 3.9363, time 2726.10ms, mfu 89.35%
iter 53190: loss 4.0176, time 2715.25ms, mfu 89.48%
iter 53200: loss 3.8456, time 2723.11ms, mfu 89.56%
iter 53210: loss 3.9853, time 2716.25ms, mfu 89.67%
iter 53220: loss 3.9869, time 2717.38ms, mfu 89.76%
iter 53230: loss 3.9252, time 2717.33ms, mfu 89.84%
iter 53240: loss 3.9405, time 2715.55ms, mfu 89.91%
iter 53250: loss 3.8490, time 2720.08ms, mfu 89.97%
iter 53260: loss 3.9319, time 2726.54ms, mfu 90.00%
iter 53270: loss 4.0341, time 2719.64ms, mfu 90.05%
iter 53280: loss 3.8498, time 2722.21ms, mfu 90.08%
iter 53290: loss 4.0182, time 2724.54ms, mfu 90.11%
iter 53300: loss 4.0072, time 2727.76ms, mfu 90.12%
iter 53310: loss 3.9529, time 2719.39ms, mfu 90.15%
iter 53320: loss 4.0375, time 2719.82ms, mfu 90.19%
iter 53330: loss 4.0104, time 2729.74ms, mfu 90.18%
iter 53340: loss 3.9727, time 2725.62ms, mfu 90.19%
iter 53350: loss 4.0287, time 2716.61ms, mfu 90.23%
iter 53360: loss 3.9425, time 2715.20ms, mfu 90.27%
iter 53370: loss 4.0492, time 2721.43ms, mfu 90.29%
iter 53380: loss 3.9806, time 2712.87ms, mfu 90.33%
iter 53390: loss 3.9671, time 2723.92ms, mfu 90.33%
iter 53400: loss 4.0521, time 2714.82ms, mfu 90.36%
iter 53410: loss 3.9197, time 2720.75ms, mfu 90.37%
iter 53420: loss 3.7942, time 2716.06ms, mfu 90.39%
iter 53430: loss 3.9220, time 2711.68ms, mfu 90.43%
iter 53440: loss 3.9611, time 2718.24ms, mfu 90.44%
iter 53450: loss 3.9918, time 2718.76ms, mfu 90.44%
iter 53460: loss 3.9801, time 2718.50ms, mfu 90.45%
iter 53470: loss 3.8679, time 2720.20ms, mfu 90.45%
iter 53480: loss 3.9622, time 2724.05ms, mfu 90.44%
iter 53490: loss 3.8998, time 2720.89ms, mfu 90.44%
iter 53500: loss 3.9204, time 2723.08ms, mfu 90.43%
iter 53510: loss 4.0414, time 2721.33ms, mfu 90.43%
iter 53520: loss 3.9726, time 2724.49ms, mfu 90.42%
iter 53530: loss 3.9376, time 2719.40ms, mfu 90.43%
iter 53540: loss 3.9895, time 2722.13ms, mfu 90.43%
iter 53550: loss 3.9344, time 2720.59ms, mfu 90.43%
iter 53560: loss 3.9547, time 2721.78ms, mfu 90.43%
iter 53570: loss 3.9309, time 2726.35ms, mfu 90.41%
iter 53580: loss 3.9484, time 2719.69ms, mfu 90.42%
iter 53590: loss 3.9738, time 2725.16ms, mfu 90.40%
iter 53600: loss 4.0056, time 2716.13ms, mfu 90.42%
iter 53610: loss 4.0399, time 2714.93ms, mfu 90.45%
iter 53620: loss 3.9111, time 2717.70ms, mfu 90.46%
iter 53630: loss 3.9699, time 2714.02ms, mfu 90.48%
iter 53640: loss 3.9855, time 2713.82ms, mfu 90.50%
iter 53650: loss 3.9318, time 2718.68ms, mfu 90.50%
iter 53660: loss 3.9636, time 2715.74ms, mfu 90.51%
iter 53670: loss 4.0054, time 2723.22ms, mfu 90.50%
iter 53680: loss 3.9425, time 2721.01ms, mfu 90.49%
iter 53690: loss 4.0112, time 2718.30ms, mfu 90.49%
iter 53700: loss 4.0030, time 2722.13ms, mfu 90.48%
iter 53710: loss 3.9777, time 2715.24ms, mfu 90.50%
iter 53720: loss 4.0148, time 2713.79ms, mfu 90.52%
iter 53730: loss 3.8669, time 2724.56ms, mfu 90.50%
iter 53740: loss 3.8397, time 2726.36ms, mfu 90.47%
iter 53750: loss 3.9880, time 2717.97ms, mfu 90.48%
iter 53760: loss 3.9389, time 2727.02ms, mfu 90.45%
iter 53770: loss 4.0617, time 2715.96ms, mfu 90.47%
iter 53780: loss 3.9159, time 2715.41ms, mfu 90.48%
iter 53790: loss 3.9187, time 2719.65ms, mfu 90.48%
iter 53800: loss 3.9214, time 2721.10ms, mfu 90.48%
iter 53810: loss 3.9616, time 2715.09ms, mfu 90.49%
iter 53820: loss 3.9584, time 2720.09ms, mfu 90.49%
iter 53830: loss 3.9248, time 2722.26ms, mfu 90.48%
iter 53840: loss 3.9670, time 2714.94ms, mfu 90.50%
iter 53850: loss 3.9882, time 2711.61ms, mfu 90.52%
iter 53860: loss 3.9650, time 2721.47ms, mfu 90.51%
iter 53870: loss 3.9696, time 2719.71ms, mfu 90.51%
iter 53880: loss 3.8726, time 2713.80ms, mfu 90.53%
iter 53890: loss 4.0045, time 2713.34ms, mfu 90.54%
iter 53900: loss 4.0413, time 2720.15ms, mfu 90.53%
iter 53910: loss 3.9083, time 2714.39ms, mfu 90.55%
iter 53920: loss 3.9400, time 2719.18ms, mfu 90.54%
iter 53930: loss 3.9173, time 2718.63ms, mfu 90.54%
iter 53940: loss 3.9216, time 2719.86ms, mfu 90.53%
iter 53950: loss 3.9998, time 2717.04ms, mfu 90.54%
iter 53960: loss 3.9809, time 2722.39ms, mfu 90.52%
iter 53970: loss 3.9557, time 2728.96ms, mfu 90.49%
iter 53980: loss 3.9302, time 2717.50ms, mfu 90.49%
iter 53990: loss 3.9431, time 2720.60ms, mfu 90.49%
step 54000: train loss 4.0040, val loss 4.0200
saving checkpoint to /net/scratch2/junyuren/nanoGPT-manifold/out-openwebtext-rank99
iter 54000: loss 3.9515, time 18060.27ms, mfu 82.80%
iter 54010: loss 3.9662, time 2717.15ms, mfu 83.58%
iter 54020: loss 3.9020, time 2723.25ms, mfu 84.26%
iter 54030: loss 3.9665, time 2718.13ms, mfu 84.88%
iter 54040: loss 3.9666, time 2722.07ms, mfu 85.44%
iter 54050: loss 3.9502, time 2721.56ms, mfu 85.93%
iter 54060: loss 3.9949, time 2719.49ms, mfu 86.39%
iter 54070: loss 3.9001, time 2727.74ms, mfu 86.77%
iter 54080: loss 3.9379, time 2721.28ms, mfu 87.14%
iter 54090: loss 3.9464, time 2714.01ms, mfu 87.49%
iter 54100: loss 3.9998, time 2717.90ms, mfu 87.80%
iter 54110: loss 3.9295, time 2713.56ms, mfu 88.08%
iter 54120: loss 3.9832, time 2721.11ms, mfu 88.32%
iter 54130: loss 4.0879, time 2720.81ms, mfu 88.53%
iter 54140: loss 3.8866, time 2720.02ms, mfu 88.73%
iter 54150: loss 4.0387, time 2715.79ms, mfu 88.91%
iter 54160: loss 3.9133, time 2718.27ms, mfu 89.08%
iter 54170: loss 3.9070, time 2722.68ms, mfu 89.21%
iter 54180: loss 3.9566, time 2717.07ms, mfu 89.34%
iter 54190: loss 3.9786, time 2711.08ms, mfu 89.48%
iter 54200: loss 3.9972, time 2724.33ms, mfu 89.57%
iter 54210: loss 4.0114, time 2711.52ms, mfu 89.69%
iter 54220: loss 3.9822, time 2720.73ms, mfu 89.76%
iter 54230: loss 3.9593, time 2722.04ms, mfu 89.83%
iter 54240: loss 3.9492, time 2722.24ms, mfu 89.88%
iter 54250: loss 3.9773, time 2716.18ms, mfu 89.95%
iter 54260: loss 3.9359, time 2716.74ms, mfu 90.02%
iter 54270: loss 3.9069, time 2718.62ms, mfu 90.07%
iter 54280: loss 3.9551, time 2714.26ms, mfu 90.13%
iter 54290: loss 3.9379, time 2716.76ms, mfu 90.17%
iter 54300: loss 3.8977, time 2720.53ms, mfu 90.20%
iter 54310: loss 4.0020, time 2716.13ms, mfu 90.24%
iter 54320: loss 3.9238, time 2720.94ms, mfu 90.26%
iter 54330: loss 3.9551, time 2717.60ms, mfu 90.29%
iter 54340: loss 4.0192, time 2717.52ms, mfu 90.31%
iter 54350: loss 3.8630, time 2715.76ms, mfu 90.34%
iter 54360: loss 4.0131, time 2717.41ms, mfu 90.37%
iter 54370: loss 3.9099, time 2726.97ms, mfu 90.35%
iter 54380: loss 3.9984, time 2714.49ms, mfu 90.38%
iter 54390: loss 3.9562, time 2726.62ms, mfu 90.37%
iter 54400: loss 3.9822, time 2718.90ms, mfu 90.38%
iter 54410: loss 4.0177, time 2720.03ms, mfu 90.39%
iter 54420: loss 3.9758, time 2719.24ms, mfu 90.40%
iter 54430: loss 3.9903, time 2722.12ms, mfu 90.40%
iter 54440: loss 4.0002, time 2720.39ms, mfu 90.41%
iter 54450: loss 3.9272, time 2716.02ms, mfu 90.43%
iter 54460: loss 3.9420, time 2731.06ms, mfu 90.39%
iter 54470: loss 4.0370, time 2717.23ms, mfu 90.41%
iter 54480: loss 3.9829, time 2716.71ms, mfu 90.43%
iter 54490: loss 4.0125, time 2720.69ms, mfu 90.43%
iter 54500: loss 3.7395, time 2713.26ms, mfu 90.46%
iter 54510: loss 4.0374, time 2715.85ms, mfu 90.47%
iter 54520: loss 3.9357, time 2723.76ms, mfu 90.46%
iter 54530: loss 3.9811, time 2723.83ms, mfu 90.45%
iter 54540: loss 3.9514, time 2713.69ms, mfu 90.47%
iter 54550: loss 3.9488, time 2720.13ms, mfu 90.47%
iter 54560: loss 3.9624, time 2722.12ms, mfu 90.46%
iter 54570: loss 3.8843, time 2719.20ms, mfu 90.47%
iter 54580: loss 3.9975, time 2722.66ms, mfu 90.46%
iter 54590: loss 3.9750, time 2719.66ms, mfu 90.46%
iter 54600: loss 3.9688, time 2717.84ms, mfu 90.47%
iter 54610: loss 3.8032, time 2717.43ms, mfu 90.48%
iter 54620: loss 3.9467, time 2718.40ms, mfu 90.48%
iter 54630: loss 3.9732, time 2714.32ms, mfu 90.50%
iter 54640: loss 3.9684, time 2724.99ms, mfu 90.48%
iter 54650: loss 3.9424, time 2716.25ms, mfu 90.49%
iter 54660: loss 3.9802, time 2724.12ms, mfu 90.48%
iter 54670: loss 3.9193, time 2723.79ms, mfu 90.46%
iter 54680: loss 3.9871, time 2714.27ms, mfu 90.48%
iter 54690: loss 3.9103, time 2724.11ms, mfu 90.47%
iter 54700: loss 3.9421, time 2722.87ms, mfu 90.46%
iter 54710: loss 3.9224, time 2722.88ms, mfu 90.45%
iter 54720: loss 4.0054, time 2718.09ms, mfu 90.46%
iter 54730: loss 3.9447, time 2726.39ms, mfu 90.44%
iter 54740: loss 3.9629, time 2723.12ms, mfu 90.43%
iter 54750: loss 3.9960, time 2721.33ms, mfu 90.43%
iter 54760: loss 3.9151, time 2717.03ms, mfu 90.44%
iter 54770: loss 3.9835, time 2715.89ms, mfu 90.46%
iter 54780: loss 3.9356, time 2722.46ms, mfu 90.45%
iter 54790: loss 3.9856, time 2717.68ms, mfu 90.46%
iter 54800: loss 4.0152, time 2718.40ms, mfu 90.47%
iter 54810: loss 3.9609, time 2725.25ms, mfu 90.45%
iter 54820: loss 3.9538, time 2720.47ms, mfu 90.45%
iter 54830: loss 3.8642, time 2715.24ms, mfu 90.47%
iter 54840: loss 3.9530, time 2718.90ms, mfu 90.47%
iter 54850: loss 3.9909, time 2720.68ms, mfu 90.47%
iter 54860: loss 3.9754, time 2718.24ms, mfu 90.48%
iter 54870: loss 3.8882, time 2723.96ms, mfu 90.46%
iter 54880: loss 3.9219, time 2723.46ms, mfu 90.45%
iter 54890: loss 3.9836, time 2714.16ms, mfu 90.47%
iter 54900: loss 3.9325, time 2712.56ms, mfu 90.50%
iter 54910: loss 3.9688, time 2715.72ms, mfu 90.51%
iter 54920: loss 3.9233, time 2713.91ms, mfu 90.53%
iter 54930: loss 3.9350, time 2723.92ms, mfu 90.51%
iter 54940: loss 4.0000, time 2724.73ms, mfu 90.49%
iter 54950: loss 3.9677, time 2715.59ms, mfu 90.50%
iter 54960: loss 3.9444, time 2716.35ms, mfu 90.51%
iter 54970: loss 3.9851, time 2715.99ms, mfu 90.52%
iter 54980: loss 3.9651, time 2720.36ms, mfu 90.51%
iter 54990: loss 3.9979, time 2719.11ms, mfu 90.51%
step 55000: train loss 4.0701, val loss 4.0748
saving checkpoint to /net/scratch2/junyuren/nanoGPT-manifold/out-openwebtext-rank99
iter 55000: loss 3.9743, time 17371.68ms, mfu 82.88%
iter 55010: loss 3.9127, time 2715.11ms, mfu 83.65%
iter 55020: loss 3.9594, time 2714.28ms, mfu 84.35%
iter 55030: loss 3.9597, time 2715.29ms, mfu 84.98%
iter 55040: loss 3.9529, time 2724.53ms, mfu 85.51%
iter 55050: loss 3.9134, time 2714.43ms, mfu 86.03%
iter 55060: loss 3.8318, time 2717.99ms, mfu 86.48%
iter 55070: loss 3.9721, time 2719.14ms, mfu 86.88%
iter 55080: loss 3.9608, time 2730.49ms, mfu 87.21%
iter 55090: loss 3.9377, time 2720.67ms, mfu 87.53%
iter 55100: loss 3.9255, time 2722.53ms, mfu 87.81%
iter 55110: loss 3.9557, time 2718.01ms, mfu 88.09%
iter 55120: loss 3.9811, time 2717.73ms, mfu 88.33%
iter 55130: loss 3.9203, time 2722.93ms, mfu 88.54%
iter 55140: loss 4.0258, time 2719.89ms, mfu 88.73%
iter 55150: loss 4.0402, time 2720.09ms, mfu 88.90%
iter 55160: loss 3.9873, time 2721.92ms, mfu 89.05%
iter 55170: loss 3.8777, time 2717.81ms, mfu 89.20%
iter 55180: loss 3.9301, time 2719.20ms, mfu 89.33%
iter 55190: loss 3.8757, time 2715.90ms, mfu 89.46%
iter 55200: loss 3.9869, time 2715.99ms, mfu 89.57%
iter 55210: loss 3.9901, time 2714.94ms, mfu 89.68%
iter 55220: loss 3.9344, time 2717.75ms, mfu 89.77%
iter 55230: loss 3.8572, time 2725.20ms, mfu 89.82%
iter 55240: loss 3.9810, time 2723.89ms, mfu 89.87%
iter 55250: loss 3.9392, time 2711.92ms, mfu 89.96%
iter 55260: loss 4.0411, time 2724.29ms, mfu 90.00%
iter 55270: loss 3.9181, time 2722.90ms, mfu 90.03%
iter 55280: loss 4.0055, time 2715.99ms, mfu 90.09%
iter 55290: loss 3.9858, time 2718.57ms, mfu 90.13%
iter 55300: loss 3.9520, time 2724.96ms, mfu 90.15%
iter 55310: loss 4.0073, time 2715.68ms, mfu 90.20%
iter 55320: loss 3.9782, time 2716.88ms, mfu 90.23%
iter 55330: loss 3.9602, time 2717.30ms, mfu 90.27%
iter 55340: loss 3.9562, time 2718.35ms, mfu 90.29%
iter 55350: loss 3.9312, time 2717.14ms, mfu 90.32%
iter 55360: loss 3.9653, time 2719.73ms, mfu 90.34%
iter 55370: loss 3.9161, time 2717.76ms, mfu 90.36%
iter 55380: loss 3.8838, time 2721.50ms, mfu 90.36%
iter 55390: loss 4.0073, time 2717.29ms, mfu 90.38%
iter 55400: loss 3.9294, time 2719.04ms, mfu 90.39%
iter 55410: loss 3.9598, time 2719.93ms, mfu 90.40%
iter 55420: loss 3.9668, time 2712.02ms, mfu 90.44%
iter 55430: loss 4.0559, time 2719.94ms, mfu 90.44%
iter 55440: loss 3.9741, time 2719.91ms, mfu 90.44%
iter 55450: loss 4.0316, time 2716.41ms, mfu 90.46%
iter 55460: loss 3.9183, time 2715.55ms, mfu 90.47%
iter 55470: loss 3.9168, time 2718.89ms, mfu 90.48%
iter 55480: loss 3.9537, time 2718.42ms, mfu 90.48%
iter 55490: loss 3.9758, time 2723.85ms, mfu 90.47%
iter 55500: loss 4.0119, time 2723.17ms, mfu 90.46%
iter 55510: loss 3.9796, time 2722.25ms, mfu 90.45%
iter 55520: loss 3.9010, time 2716.60ms, mfu 90.46%
iter 55530: loss 3.9352, time 2715.83ms, mfu 90.48%
iter 55540: loss 3.9566, time 2729.10ms, mfu 90.45%
iter 55550: loss 3.8701, time 2718.58ms, mfu 90.45%
iter 55560: loss 3.8860, time 2722.57ms, mfu 90.45%
iter 55570: loss 3.9617, time 2717.22ms, mfu 90.46%
iter 55580: loss 3.9229, time 2720.61ms, mfu 90.46%
iter 55590: loss 4.0132, time 2719.88ms, mfu 90.46%
iter 55600: loss 3.9206, time 2724.33ms, mfu 90.45%
iter 55610: loss 4.0503, time 2722.41ms, mfu 90.44%
iter 55620: loss 3.9238, time 2717.30ms, mfu 90.45%
iter 55630: loss 3.9763, time 2717.19ms, mfu 90.46%
iter 55640: loss 3.9080, time 2719.33ms, mfu 90.47%
iter 55650: loss 3.9295, time 2720.53ms, mfu 90.46%
iter 55660: loss 4.0039, time 2717.13ms, mfu 90.47%
iter 55670: loss 3.9959, time 2719.16ms, mfu 90.48%
iter 55680: loss 3.9954, time 2726.72ms, mfu 90.45%
iter 55690: loss 4.0369, time 2719.95ms, mfu 90.46%
iter 55700: loss 3.9688, time 2721.34ms, mfu 90.45%
iter 55710: loss 3.9597, time 2726.56ms, mfu 90.43%
iter 55720: loss 3.9966, time 2720.18ms, mfu 90.44%
iter 55730: loss 3.9785, time 2721.57ms, mfu 90.43%
iter 55740: loss 3.8793, time 2720.59ms, mfu 90.44%
iter 55750: loss 3.9482, time 2719.32ms, mfu 90.44%
iter 55760: loss 4.0424, time 2716.60ms, mfu 90.46%
iter 55770: loss 4.0594, time 2719.19ms, mfu 90.46%
iter 55780: loss 3.9273, time 2717.35ms, mfu 90.47%
iter 55790: loss 3.9675, time 2721.50ms, mfu 90.46%
iter 55800: loss 3.9389, time 2717.76ms, mfu 90.47%
iter 55810: loss 3.9458, time 2722.83ms, mfu 90.46%
iter 55820: loss 3.9409, time 2715.67ms, mfu 90.48%
iter 55830: loss 3.9605, time 2720.77ms, mfu 90.47%
iter 55840: loss 3.9506, time 2718.00ms, mfu 90.48%
iter 55850: loss 3.9765, time 2715.93ms, mfu 90.49%
iter 55860: loss 3.9710, time 2714.52ms, mfu 90.51%
iter 55870: loss 4.1003, time 2712.92ms, mfu 90.53%
iter 55880: loss 3.8876, time 2723.47ms, mfu 90.51%
iter 55890: loss 3.9947, time 2719.62ms, mfu 90.51%
iter 55900: loss 3.8721, time 2719.99ms, mfu 90.50%
iter 55910: loss 3.9636, time 2722.14ms, mfu 90.49%
iter 55920: loss 3.9577, time 2722.76ms, mfu 90.48%
iter 55930: loss 3.8917, time 2717.32ms, mfu 90.49%
iter 55940: loss 3.9711, time 2713.70ms, mfu 90.51%
iter 55950: loss 3.9066, time 2720.42ms, mfu 90.50%
iter 55960: loss 3.9714, time 2718.45ms, mfu 90.51%
iter 55970: loss 3.8688, time 2715.83ms, mfu 90.52%
iter 55980: loss 3.9357, time 2719.76ms, mfu 90.51%
iter 55990: loss 3.9608, time 2727.07ms, mfu 90.48%
step 56000: train loss 4.0183, val loss 4.0243
saving checkpoint to /net/scratch2/junyuren/nanoGPT-manifold/out-openwebtext-rank99
iter 56000: loss 3.9090, time 18008.60ms, mfu 82.80%
iter 56010: loss 3.9502, time 2719.45ms, mfu 83.57%
iter 56020: loss 3.9183, time 2719.98ms, mfu 84.26%
iter 56030: loss 3.9734, time 2722.63ms, mfu 84.87%
iter 56040: loss 3.9735, time 2726.41ms, mfu 85.41%
iter 56050: loss 3.8870, time 2722.88ms, mfu 85.91%
iter 56060: loss 3.9261, time 2713.62ms, mfu 86.38%
iter 56070: loss 3.9624, time 2724.55ms, mfu 86.78%
iter 56080: loss 3.9600, time 2718.13ms, mfu 87.15%
iter 56090: loss 3.9738, time 2717.01ms, mfu 87.50%
iter 56100: loss 3.9441, time 2722.54ms, mfu 87.78%
iter 56110: loss 3.8982, time 2720.56ms, mfu 88.05%
iter 56120: loss 3.9747, time 2720.67ms, mfu 88.29%
iter 56130: loss 3.9959, time 2713.76ms, mfu 88.53%
iter 56140: loss 3.9067, time 2720.21ms, mfu 88.72%
iter 56150: loss 3.9224, time 2723.59ms, mfu 88.89%
iter 56160: loss 3.9833, time 2728.96ms, mfu 89.01%
iter 56170: loss 3.9870, time 2717.74ms, mfu 89.17%
iter 56180: loss 3.9960, time 2716.49ms, mfu 89.31%
iter 56190: loss 3.9749, time 2714.85ms, mfu 89.44%
iter 56200: loss 3.9920, time 2721.89ms, mfu 89.54%
iter 56210: loss 3.9397, time 2718.04ms, mfu 89.64%
iter 56220: loss 3.9688, time 2723.71ms, mfu 89.71%
iter 56230: loss 3.9540, time 2720.88ms, mfu 89.78%
iter 56240: loss 3.9156, time 2721.71ms, mfu 89.85%
iter 56250: loss 3.9441, time 2719.02ms, mfu 89.91%
iter 56260: loss 3.9483, time 2720.36ms, mfu 89.97%
iter 56270: loss 3.9969, time 2715.94ms, mfu 90.03%
iter 56280: loss 3.9930, time 2718.96ms, mfu 90.08%
iter 56290: loss 3.8556, time 2713.89ms, mfu 90.14%
iter 56300: loss 3.9799, time 2721.24ms, mfu 90.17%
iter 56310: loss 3.9129, time 2719.66ms, mfu 90.20%
iter 56320: loss 3.9599, time 2723.34ms, mfu 90.21%
iter 56330: loss 3.9248, time 2721.63ms, mfu 90.23%
iter 56340: loss 3.8779, time 2718.37ms, mfu 90.26%
iter 56350: loss 3.9955, time 2723.79ms, mfu 90.27%
iter 56360: loss 3.9809, time 2721.71ms, mfu 90.28%
iter 56370: loss 4.0169, time 2716.44ms, mfu 90.32%
iter 56380: loss 3.9696, time 2724.13ms, mfu 90.32%
iter 56390: loss 3.9415, time 2725.11ms, mfu 90.32%
iter 56400: loss 3.9931, time 2714.16ms, mfu 90.35%
iter 56410: loss 3.9572, time 2712.40ms, mfu 90.39%
iter 56420: loss 3.9986, time 2724.71ms, mfu 90.38%
iter 56430: loss 3.9675, time 2725.05ms, mfu 90.37%
iter 56440: loss 3.8890, time 2715.82ms, mfu 90.40%
iter 56450: loss 3.9638, time 2727.63ms, mfu 90.38%
iter 56460: loss 3.8461, time 2721.61ms, mfu 90.38%
iter 56470: loss 3.9446, time 2720.40ms, mfu 90.39%
iter 56480: loss 3.9170, time 2717.10ms, mfu 90.41%
iter 56490: loss 3.9436, time 2719.61ms, mfu 90.41%
iter 56500: loss 3.9404, time 2722.64ms, mfu 90.41%
iter 56510: loss 3.9562, time 2723.52ms, mfu 90.41%
iter 56520: loss 3.8903, time 2728.00ms, mfu 90.39%
iter 56530: loss 3.9648, time 2718.07ms, mfu 90.40%
iter 56540: loss 3.9022, time 2719.78ms, mfu 90.41%
iter 56550: loss 3.9817, time 2716.73ms, mfu 90.42%
iter 56560: loss 3.9978, time 2722.50ms, mfu 90.42%
iter 56570: loss 3.9396, time 2723.33ms, mfu 90.41%
iter 56580: loss 3.9390, time 2719.86ms, mfu 90.42%
iter 56590: loss 3.9396, time 2717.17ms, mfu 90.44%
iter 56600: loss 3.9520, time 2727.26ms, mfu 90.41%
iter 56610: loss 3.8741, time 2722.07ms, mfu 90.41%
iter 56620: loss 3.9352, time 2714.37ms, mfu 90.44%
iter 56630: loss 3.9712, time 2711.90ms, mfu 90.47%
iter 56640: loss 3.9441, time 2721.01ms, mfu 90.46%
iter 56650: loss 3.8988, time 2719.99ms, mfu 90.47%
iter 56660: loss 3.9008, time 2719.00ms, mfu 90.47%
iter 56670: loss 4.0018, time 2720.97ms, mfu 90.47%
iter 56680: loss 4.0356, time 2715.24ms, mfu 90.48%
iter 56690: loss 3.9068, time 2714.81ms, mfu 90.50%
iter 56700: loss 3.9144, time 2718.28ms, mfu 90.50%
iter 56710: loss 3.9289, time 2720.38ms, mfu 90.50%
iter 56720: loss 3.9497, time 2715.26ms, mfu 90.51%
iter 56730: loss 3.9624, time 2724.07ms, mfu 90.49%
iter 56740: loss 3.9765, time 2717.36ms, mfu 90.50%
iter 56750: loss 3.8971, time 2719.60ms, mfu 90.50%
iter 56760: loss 3.8884, time 2720.72ms, mfu 90.49%
iter 56770: loss 3.9157, time 2717.05ms, mfu 90.50%
iter 56780: loss 4.0147, time 2722.62ms, mfu 90.49%
iter 56790: loss 3.9412, time 2723.17ms, mfu 90.48%
iter 56800: loss 4.0056, time 2720.49ms, mfu 90.47%
iter 56810: loss 4.0161, time 2718.06ms, mfu 90.48%
iter 56820: loss 3.9607, time 2719.84ms, mfu 90.48%
iter 56830: loss 3.9872, time 2725.39ms, mfu 90.46%
iter 56840: loss 4.0289, time 2717.12ms, mfu 90.47%
iter 56850: loss 3.9450, time 2714.00ms, mfu 90.49%
iter 56860: loss 3.9511, time 2722.49ms, mfu 90.48%
iter 56870: loss 4.0337, time 2725.00ms, mfu 90.46%
iter 56880: loss 3.9552, time 2727.92ms, mfu 90.44%
iter 56890: loss 3.8825, time 2720.59ms, mfu 90.44%
iter 56900: loss 3.9940, time 2716.22ms, mfu 90.45%
iter 56910: loss 3.9125, time 2726.24ms, mfu 90.43%
iter 56920: loss 3.9891, time 2719.75ms, mfu 90.44%
iter 56930: loss 3.8102, time 2727.95ms, mfu 90.42%
iter 56940: loss 4.0140, time 2718.27ms, mfu 90.43%
iter 56950: loss 3.9056, time 2716.32ms, mfu 90.44%
iter 56960: loss 4.0375, time 2717.54ms, mfu 90.45%
iter 56970: loss 3.9488, time 2719.88ms, mfu 90.46%
iter 56980: loss 3.9645, time 2725.19ms, mfu 90.44%
iter 56990: loss 3.8963, time 2727.65ms, mfu 90.42%
step 57000: train loss 3.9797, val loss 3.9884
saving checkpoint to /net/scratch2/junyuren/nanoGPT-manifold/out-openwebtext-rank99
iter 57000: loss 3.9230, time 17499.09ms, mfu 82.78%
iter 57010: loss 4.0111, time 2714.58ms, mfu 83.57%
iter 57020: loss 3.8919, time 2715.71ms, mfu 84.27%
iter 57030: loss 3.9402, time 2723.62ms, mfu 84.88%
iter 57040: loss 3.9566, time 2716.94ms, mfu 85.45%
iter 57050: loss 3.9264, time 2715.44ms, mfu 85.97%
iter 57060: loss 3.9553, time 2711.02ms, mfu 86.45%
iter 57070: loss 3.9788, time 2711.91ms, mfu 86.88%
iter 57080: loss 3.9718, time 2718.36ms, mfu 87.24%
iter 57090: loss 3.9441, time 2720.87ms, mfu 87.56%
iter 57100: loss 4.0327, time 2725.81ms, mfu 87.83%
iter 57110: loss 4.0257, time 2725.31ms, mfu 88.08%
iter 57120: loss 3.9376, time 2714.38ms, mfu 88.34%
iter 57130: loss 3.8790, time 2719.30ms, mfu 88.55%
iter 57140: loss 3.9923, time 2722.97ms, mfu 88.73%
iter 57150: loss 3.9373, time 2717.96ms, mfu 88.91%
iter 57160: loss 3.9378, time 2718.70ms, mfu 89.07%
iter 57170: loss 3.9229, time 2727.30ms, mfu 89.19%
iter 57180: loss 3.9414, time 2719.15ms, mfu 89.32%
iter 57190: loss 3.9584, time 2723.27ms, mfu 89.42%
iter 57200: loss 3.9570, time 2720.58ms, mfu 89.53%
iter 57210: loss 3.9021, time 2711.24ms, mfu 89.65%
iter 57220: loss 3.9804, time 2721.17ms, mfu 89.73%
iter 57230: loss 3.9437, time 2722.47ms, mfu 89.79%
iter 57240: loss 3.9499, time 2723.96ms, mfu 89.85%
iter 57250: loss 4.0105, time 2718.39ms, mfu 89.92%
iter 57260: loss 3.8722, time 2720.67ms, mfu 89.97%
iter 57270: loss 3.9332, time 2718.38ms, mfu 90.02%
iter 57280: loss 3.9977, time 2711.50ms, mfu 90.10%
iter 57290: loss 3.9629, time 2722.07ms, mfu 90.13%
iter 57300: loss 3.9059, time 2719.33ms, mfu 90.16%
iter 57310: loss 3.9770, time 2721.14ms, mfu 90.19%
iter 57320: loss 3.8697, time 2717.95ms, mfu 90.23%
iter 57330: loss 3.9571, time 2713.60ms, mfu 90.27%
iter 57340: loss 3.9777, time 2719.98ms, mfu 90.29%
iter 57350: loss 3.9538, time 2720.11ms, mfu 90.31%
iter 57360: loss 3.9728, time 2716.19ms, mfu 90.34%
iter 57370: loss 3.9413, time 2718.52ms, mfu 90.36%
iter 57380: loss 3.9290, time 2719.61ms, mfu 90.37%
iter 57390: loss 3.9486, time 2715.00ms, mfu 90.40%
iter 57400: loss 3.9263, time 2719.01ms, mfu 90.41%
iter 57410: loss 3.9205, time 2725.55ms, mfu 90.39%
iter 57420: loss 3.9388, time 2723.29ms, mfu 90.39%
iter 57430: loss 4.0126, time 2711.27ms, mfu 90.43%
iter 57440: loss 3.9556, time 2726.75ms, mfu 90.41%
iter 57450: loss 3.9260, time 2717.51ms, mfu 90.42%
iter 57460: loss 3.9328, time 2721.21ms, mfu 90.42%
iter 57470: loss 3.9318, time 2713.87ms, mfu 90.45%
iter 57480: loss 3.9344, time 2723.43ms, mfu 90.44%
iter 57490: loss 3.9350, time 2723.02ms, mfu 90.43%
iter 57500: loss 3.9450, time 2716.07ms, mfu 90.45%
iter 57510: loss 3.9939, time 2718.40ms, mfu 90.46%
iter 57520: loss 3.9282, time 2712.98ms, mfu 90.48%
iter 57530: loss 3.9040, time 2727.14ms, mfu 90.46%
iter 57540: loss 3.9372, time 2723.04ms, mfu 90.45%
iter 57550: loss 3.9943, time 2715.96ms, mfu 90.46%
iter 57560: loss 3.9599, time 2716.15ms, mfu 90.48%
iter 57570: loss 3.8815, time 2718.50ms, mfu 90.48%
iter 57580: loss 3.9162, time 2714.82ms, mfu 90.50%
iter 57590: loss 3.9602, time 2725.29ms, mfu 90.48%
iter 57600: loss 3.9779, time 2718.42ms, mfu 90.48%
iter 57610: loss 3.9386, time 2711.13ms, mfu 90.51%
iter 57620: loss 3.9592, time 2720.61ms, mfu 90.50%
iter 57630: loss 3.9397, time 2718.36ms, mfu 90.51%
iter 57640: loss 3.9566, time 2719.04ms, mfu 90.51%
iter 57650: loss 3.8795, time 2720.91ms, mfu 90.50%
iter 57660: loss 3.9124, time 2718.66ms, mfu 90.50%
iter 57670: loss 3.9714, time 2720.09ms, mfu 90.50%
iter 57680: loss 4.0164, time 2715.44ms, mfu 90.51%
iter 57690: loss 3.9211, time 2720.32ms, mfu 90.50%
iter 57700: loss 3.9886, time 2716.67ms, mfu 90.51%
iter 57710: loss 3.9886, time 2725.44ms, mfu 90.49%
iter 57720: loss 3.9824, time 2722.32ms, mfu 90.48%
iter 57730: loss 3.9206, time 2723.45ms, mfu 90.47%
iter 57740: loss 3.9195, time 2718.74ms, mfu 90.47%
iter 57750: loss 3.9561, time 2717.77ms, mfu 90.48%
iter 57760: loss 3.8585, time 2729.01ms, mfu 90.45%
iter 57770: loss 3.9654, time 2722.91ms, mfu 90.44%
iter 57780: loss 3.9743, time 2727.31ms, mfu 90.42%
iter 57790: loss 3.9970, time 2724.07ms, mfu 90.41%
iter 57800: loss 3.9466, time 2720.59ms, mfu 90.41%
iter 57810: loss 3.8866, time 2722.25ms, mfu 90.41%
iter 57820: loss 3.9628, time 2716.86ms, mfu 90.43%
iter 57830: loss 3.9828, time 2723.11ms, mfu 90.42%
iter 57840: loss 3.9697, time 2715.29ms, mfu 90.44%
iter 57850: loss 3.8858, time 2721.94ms, mfu 90.44%
iter 57860: loss 3.9709, time 2718.48ms, mfu 90.45%
iter 57870: loss 3.9300, time 2717.84ms, mfu 90.46%
iter 57880: loss 3.9245, time 2717.57ms, mfu 90.47%
iter 57890: loss 3.9186, time 2712.94ms, mfu 90.49%
iter 57900: loss 3.9042, time 2719.84ms, mfu 90.49%
iter 57910: loss 4.0502, time 2723.54ms, mfu 90.47%
iter 57920: loss 3.9528, time 2725.29ms, mfu 90.46%
iter 57930: loss 3.9891, time 2722.90ms, mfu 90.45%
iter 57940: loss 4.0417, time 2720.58ms, mfu 90.45%
iter 57950: loss 3.9043, time 2715.90ms, mfu 90.46%
iter 57960: loss 4.0100, time 2715.09ms, mfu 90.48%
iter 57970: loss 3.9810, time 2718.35ms, mfu 90.49%
iter 57980: loss 4.0088, time 2716.38ms, mfu 90.50%
iter 57990: loss 3.9535, time 2720.43ms, mfu 90.49%
step 58000: train loss 3.9298, val loss 3.9429
saving checkpoint to /net/scratch2/junyuren/nanoGPT-manifold/out-openwebtext-rank99
iter 58000: loss 3.9772, time 17529.76ms, mfu 82.85%
iter 58010: loss 3.9538, time 2722.59ms, mfu 83.60%
iter 58020: loss 3.8783, time 2716.73ms, mfu 84.30%
iter 58030: loss 3.9020, time 2721.26ms, mfu 84.91%
iter 58040: loss 3.9460, time 2725.04ms, mfu 85.45%
iter 58050: loss 4.0230, time 2719.15ms, mfu 85.95%
iter 58060: loss 3.9133, time 2716.85ms, mfu 86.42%
iter 58070: loss 3.9022, time 2720.18ms, mfu 86.82%
iter 58080: loss 3.9600, time 2722.02ms, mfu 87.18%
iter 58090: loss 3.9634, time 2724.76ms, mfu 87.49%
iter 58100: loss 3.9394, time 2720.63ms, mfu 87.79%
iter 58110: loss 3.9875, time 2715.31ms, mfu 88.07%
iter 58120: loss 3.9716, time 2723.31ms, mfu 88.30%
iter 58130: loss 4.1137, time 2718.65ms, mfu 88.52%
iter 58140: loss 3.9923, time 2722.20ms, mfu 88.71%
iter 58150: loss 3.9093, time 2709.03ms, mfu 88.92%
iter 58160: loss 3.9153, time 2712.89ms, mfu 89.10%
iter 58170: loss 3.9242, time 2718.38ms, mfu 89.24%
iter 58180: loss 3.9203, time 2705.85ms, mfu 89.41%
iter 58190: loss 4.0433, time 2711.67ms, mfu 89.55%
iter 58200: loss 3.9833, time 2711.80ms, mfu 89.67%
iter 58210: loss 4.0003, time 2721.63ms, mfu 89.74%
iter 58220: loss 3.9027, time 2713.39ms, mfu 89.84%
iter 58230: loss 4.0133, time 2718.24ms, mfu 89.91%
iter 58240: loss 3.8827, time 2719.98ms, mfu 89.96%
iter 58250: loss 3.9566, time 2715.21ms, mfu 90.03%
iter 58260: loss 3.9425, time 2721.14ms, mfu 90.07%
iter 58270: loss 3.9757, time 2717.23ms, mfu 90.12%
iter 58280: loss 3.9794, time 2719.54ms, mfu 90.15%
iter 58290: loss 3.9576, time 2716.30ms, mfu 90.20%
iter 58300: loss 3.9399, time 2717.55ms, mfu 90.23%
iter 58310: loss 3.8881, time 2723.68ms, mfu 90.25%
iter 58320: loss 3.9759, time 2717.42ms, mfu 90.28%
iter 58330: loss 4.0083, time 2722.64ms, mfu 90.29%
iter 58340: loss 3.9608, time 2713.73ms, mfu 90.33%
iter 58350: loss 3.9556, time 2718.04ms, mfu 90.35%
iter 58360: loss 3.9834, time 2708.35ms, mfu 90.40%
iter 58370: loss 3.9224, time 2724.89ms, mfu 90.39%
iter 58380: loss 3.8704, time 2718.85ms, mfu 90.40%
iter 58390: loss 3.8592, time 2718.40ms, mfu 90.41%
iter 58400: loss 3.9086, time 2719.54ms, mfu 90.42%
iter 58410: loss 3.9157, time 2714.15ms, mfu 90.44%
iter 58420: loss 4.0721, time 2723.18ms, mfu 90.44%
iter 58430: loss 3.9459, time 2718.50ms, mfu 90.44%
iter 58440: loss 3.9919, time 2728.86ms, mfu 90.42%
iter 58450: loss 3.9649, time 2723.25ms, mfu 90.41%
iter 58460: loss 3.9872, time 2717.75ms, mfu 90.43%
iter 58470: loss 3.8747, time 2721.40ms, mfu 90.43%
iter 58480: loss 3.9655, time 2721.73ms, mfu 90.42%
iter 58490: loss 3.9965, time 2720.14ms, mfu 90.43%
iter 58500: loss 3.8963, time 2717.35ms, mfu 90.44%
iter 58510: loss 4.0255, time 2724.47ms, mfu 90.43%
iter 58520: loss 3.9348, time 2720.38ms, mfu 90.43%
iter 58530: loss 3.8467, time 2723.66ms, mfu 90.42%
iter 58540: loss 3.9636, time 2720.96ms, mfu 90.42%
iter 58550: loss 4.0456, time 2720.83ms, mfu 90.43%
iter 58560: loss 3.9731, time 2723.35ms, mfu 90.42%
iter 58570: loss 3.9102, time 2711.49ms, mfu 90.45%
iter 58580: loss 4.0195, time 2724.30ms, mfu 90.44%
iter 58590: loss 3.9273, time 2717.60ms, mfu 90.45%
iter 58600: loss 3.9035, time 2723.95ms, mfu 90.44%
iter 58610: loss 3.9695, time 2716.07ms, mfu 90.46%
iter 58620: loss 4.0894, time 2713.64ms, mfu 90.48%
iter 58630: loss 3.9475, time 2721.60ms, mfu 90.47%
iter 58640: loss 3.9694, time 2716.81ms, mfu 90.48%
iter 58650: loss 3.8482, time 2717.25ms, mfu 90.49%
iter 58660: loss 3.9333, time 2725.28ms, mfu 90.47%
iter 58670: loss 3.9832, time 2721.26ms, mfu 90.47%
iter 58680: loss 3.9061, time 2716.74ms, mfu 90.48%
iter 58690: loss 3.9804, time 2717.28ms, mfu 90.49%
iter 58700: loss 3.8362, time 2718.94ms, mfu 90.49%
iter 58710: loss 3.9869, time 2724.56ms, mfu 90.47%
iter 58720: loss 3.9364, time 2722.65ms, mfu 90.46%
iter 58730: loss 3.9945, time 2717.35ms, mfu 90.47%
iter 58740: loss 3.9525, time 2715.32ms, mfu 90.49%
iter 58750: loss 3.9498, time 2717.40ms, mfu 90.49%
iter 58760: loss 3.9049, time 2727.26ms, mfu 90.47%
iter 58770: loss 3.8883, time 2725.55ms, mfu 90.45%
iter 58780: loss 3.9439, time 2717.44ms, mfu 90.46%
iter 58790: loss 3.8511, time 2723.91ms, mfu 90.45%
iter 58800: loss 3.9639, time 2724.02ms, mfu 90.44%
iter 58810: loss 3.9128, time 2718.35ms, mfu 90.45%
iter 58820: loss 3.9392, time 2722.01ms, mfu 90.44%
iter 58830: loss 3.9818, time 2715.86ms, mfu 90.46%
iter 58840: loss 3.9245, time 2721.32ms, mfu 90.45%
iter 58850: loss 3.9609, time 2723.85ms, mfu 90.44%
iter 58860: loss 3.9491, time 2716.51ms, mfu 90.46%
iter 58870: loss 3.8968, time 2719.70ms, mfu 90.46%
iter 58880: loss 4.0401, time 2723.72ms, mfu 90.45%
iter 58890: loss 4.0007, time 2722.01ms, mfu 90.44%
iter 58900: loss 3.9676, time 2715.99ms, mfu 90.46%
iter 58910: loss 4.0473, time 2725.81ms, mfu 90.44%
iter 58920: loss 3.9685, time 2721.01ms, mfu 90.44%
iter 58930: loss 3.9035, time 2718.69ms, mfu 90.45%
iter 58940: loss 3.9170, time 2719.17ms, mfu 90.45%
iter 58950: loss 3.8848, time 2719.10ms, mfu 90.46%
iter 58960: loss 4.0241, time 2727.30ms, mfu 90.43%
iter 58970: loss 3.9170, time 2719.59ms, mfu 90.44%
iter 58980: loss 3.8643, time 2718.64ms, mfu 90.45%
iter 58990: loss 3.8980, time 2714.58ms, mfu 90.47%
step 59000: train loss 3.9941, val loss 4.0020
saving checkpoint to /net/scratch2/junyuren/nanoGPT-manifold/out-openwebtext-rank99
iter 59000: loss 4.0451, time 17558.00ms, mfu 82.82%
iter 59010: loss 3.9489, time 2717.84ms, mfu 83.59%
iter 59020: loss 3.9697, time 2718.71ms, mfu 84.29%
iter 59030: loss 3.8659, time 2714.27ms, mfu 84.92%
iter 59040: loss 3.9846, time 2715.47ms, mfu 85.49%
iter 59050: loss 3.9921, time 2716.13ms, mfu 86.00%
iter 59060: loss 3.8905, time 2716.69ms, mfu 86.46%
iter 59070: loss 3.9975, time 2722.61ms, mfu 86.85%
iter 59080: loss 4.0112, time 2720.88ms, mfu 87.21%
iter 59090: loss 3.9058, time 2721.28ms, mfu 87.53%
iter 59100: loss 3.8726, time 2727.06ms, mfu 87.80%
iter 59110: loss 3.9424, time 2717.24ms, mfu 88.08%
iter 59120: loss 3.9004, time 2721.02ms, mfu 88.32%
iter 59130: loss 3.9695, time 2722.05ms, mfu 88.52%
iter 59140: loss 4.0184, time 2720.09ms, mfu 88.72%
iter 59150: loss 3.8818, time 2715.68ms, mfu 88.91%
iter 59160: loss 3.8962, time 2720.45ms, mfu 89.06%
iter 59170: loss 3.9632, time 2723.44ms, mfu 89.19%
iter 59180: loss 3.9279, time 2718.70ms, mfu 89.32%
iter 59190: loss 3.9038, time 2714.96ms, mfu 89.46%
iter 59200: loss 3.9228, time 2724.01ms, mfu 89.54%
iter 59210: loss 3.9282, time 2719.59ms, mfu 89.64%
iter 59220: loss 3.9563, time 2721.48ms, mfu 89.72%
iter 59230: loss 3.9253, time 2720.67ms, mfu 89.79%
iter 59240: loss 3.9486, time 2725.87ms, mfu 89.84%
iter 59250: loss 3.9622, time 2721.16ms, mfu 89.90%
iter 59260: loss 3.9097, time 2719.88ms, mfu 89.95%
iter 59270: loss 3.9229, time 2719.46ms, mfu 90.01%
iter 59280: loss 3.8618, time 2723.06ms, mfu 90.04%
iter 59290: loss 3.8755, time 2712.57ms, mfu 90.11%
iter 59300: loss 3.9241, time 2718.61ms, mfu 90.15%
iter 59310: loss 3.9174, time 2732.56ms, mfu 90.14%
iter 59320: loss 3.9973, time 2721.30ms, mfu 90.17%
iter 59330: loss 3.9921, time 2721.11ms, mfu 90.20%
iter 59340: loss 3.9272, time 2728.14ms, mfu 90.20%
iter 59350: loss 3.8888, time 2716.24ms, mfu 90.24%
iter 59360: loss 3.9349, time 2718.56ms, mfu 90.26%
iter 59370: loss 3.9448, time 2718.77ms, mfu 90.29%
iter 59380: loss 4.0517, time 2732.67ms, mfu 90.27%
iter 59390: loss 3.9645, time 2722.52ms, mfu 90.28%
iter 59400: loss 3.8758, time 2714.38ms, mfu 90.32%
iter 59410: loss 3.9414, time 2721.74ms, mfu 90.32%
iter 59420: loss 3.9026, time 2715.30ms, mfu 90.36%
iter 59430: loss 4.0164, time 2718.21ms, mfu 90.37%
iter 59440: loss 3.9592, time 2720.02ms, mfu 90.38%
iter 59450: loss 3.9757, time 2720.96ms, mfu 90.39%
iter 59460: loss 3.9097, time 2725.76ms, mfu 90.38%
iter 59470: loss 3.9102, time 2724.08ms, mfu 90.37%
iter 59480: loss 3.8489, time 2724.17ms, mfu 90.37%
iter 59490: loss 3.9810, time 2722.66ms, mfu 90.37%
iter 59500: loss 3.8963, time 2725.41ms, mfu 90.36%
iter 59510: loss 4.0032, time 2716.21ms, mfu 90.39%
iter 59520: loss 3.9419, time 2721.77ms, mfu 90.39%
iter 59530: loss 3.9171, time 2718.24ms, mfu 90.40%
iter 59540: loss 4.0031, time 2717.45ms, mfu 90.42%
iter 59550: loss 3.9452, time 2718.77ms, mfu 90.43%
iter 59560: loss 3.8933, time 2718.34ms, mfu 90.44%
iter 59570: loss 3.9193, time 2714.28ms, mfu 90.46%
iter 59580: loss 3.9417, time 2722.23ms, mfu 90.45%
iter 59590: loss 3.9143, time 2723.02ms, mfu 90.44%
iter 59600: loss 3.9462, time 2720.81ms, mfu 90.44%
iter 59610: loss 4.0648, time 2719.40ms, mfu 90.45%
iter 59620: loss 4.0345, time 2717.11ms, mfu 90.46%
iter 59630: loss 3.9901, time 2717.45ms, mfu 90.47%
iter 59640: loss 4.0560, time 2718.23ms, mfu 90.48%
iter 59650: loss 3.9505, time 2716.88ms, mfu 90.49%
iter 59660: loss 3.8176, time 2716.80ms, mfu 90.49%
iter 59670: loss 3.9071, time 2722.66ms, mfu 90.48%
iter 59680: loss 3.8876, time 2719.62ms, mfu 90.48%
iter 59690: loss 3.9616, time 2722.11ms, mfu 90.47%
iter 59700: loss 4.0054, time 2717.43ms, mfu 90.48%
iter 59710: loss 3.9918, time 2722.25ms, mfu 90.47%
iter 59720: loss 3.8867, time 2718.81ms, mfu 90.48%
iter 59730: loss 3.9904, time 2717.12ms, mfu 90.49%
iter 59740: loss 3.9502, time 2712.92ms, mfu 90.51%
iter 59750: loss 3.9235, time 2721.33ms, mfu 90.50%
iter 59760: loss 3.9070, time 2717.88ms, mfu 90.50%
iter 59770: loss 4.0300, time 2714.95ms, mfu 90.52%
iter 59780: loss 3.9632, time 2722.98ms, mfu 90.50%
iter 59790: loss 3.9607, time 2724.65ms, mfu 90.48%
iter 59800: loss 3.9393, time 2715.22ms, mfu 90.50%
iter 59810: loss 3.9103, time 2715.11ms, mfu 90.51%
iter 59820: loss 4.0329, time 2713.91ms, mfu 90.53%
iter 59830: loss 3.9587, time 2720.32ms, mfu 90.52%
iter 59840: loss 3.9486, time 2715.59ms, mfu 90.53%
iter 59850: loss 4.0322, time 2719.39ms, mfu 90.53%
iter 59860: loss 4.0146, time 2724.90ms, mfu 90.50%
iter 59870: loss 3.9949, time 2721.08ms, mfu 90.50%
iter 59880: loss 3.9605, time 2718.90ms, mfu 90.50%
iter 59890: loss 3.8845, time 2717.51ms, mfu 90.50%
iter 59900: loss 3.9335, time 2723.42ms, mfu 90.49%
iter 59910: loss 3.9440, time 2720.60ms, mfu 90.49%
iter 59920: loss 3.9367, time 2715.17ms, mfu 90.50%
iter 59930: loss 3.9444, time 2721.77ms, mfu 90.49%
iter 59940: loss 3.9883, time 2720.71ms, mfu 90.49%
iter 59950: loss 3.9324, time 2719.64ms, mfu 90.49%
iter 59960: loss 3.9063, time 2717.70ms, mfu 90.49%
iter 59970: loss 3.9886, time 2720.20ms, mfu 90.49%
iter 59980: loss 3.9712, time 2719.20ms, mfu 90.49%
iter 59990: loss 3.9324, time 2714.74ms, mfu 90.51%
step 60000: train loss 3.9550, val loss 3.9610
saving checkpoint to /net/scratch2/junyuren/nanoGPT-manifold/out-openwebtext-rank99
iter 60000: loss 4.0469, time 17537.96ms, mfu 82.86%
iter 60010: loss 4.0238, time 2720.70ms, mfu 83.62%
iter 60020: loss 4.0045, time 2722.59ms, mfu 84.29%
iter 60030: loss 3.9076, time 2726.71ms, mfu 84.89%
iter 60040: loss 4.0214, time 2723.20ms, mfu 85.44%
iter 60050: loss 3.9606, time 2723.18ms, mfu 85.93%
iter 60060: loss 3.9761, time 2716.42ms, mfu 86.39%
iter 60070: loss 4.0278, time 2722.97ms, mfu 86.79%
iter 60080: loss 3.9670, time 2723.43ms, mfu 87.15%
iter 60090: loss 4.0009, time 2719.33ms, mfu 87.48%
iter 60100: loss 4.0317, time 2716.68ms, mfu 87.79%
iter 60110: loss 3.9889, time 2721.01ms, mfu 88.06%
iter 60120: loss 3.9800, time 2718.93ms, mfu 88.30%
iter 60130: loss 3.8932, time 2727.35ms, mfu 88.49%
iter 60140: loss 3.9724, time 2725.82ms, mfu 88.67%
iter 60150: loss 3.9698, time 2722.74ms, mfu 88.84%
iter 60160: loss 3.9691, time 2723.64ms, mfu 88.99%
iter 60170: loss 4.0219, time 2721.19ms, mfu 89.14%
iter 60180: loss 3.9593, time 2727.81ms, mfu 89.24%
iter 60190: loss 3.9730, time 2720.46ms, mfu 89.37%
iter 60200: loss 3.8477, time 2717.56ms, mfu 89.48%
iter 60210: loss 3.9241, time 2721.60ms, mfu 89.58%
iter 60220: loss 3.8932, time 2721.12ms, mfu 89.66%
iter 60230: loss 3.9967, time 2718.33ms, mfu 89.75%
iter 60240: loss 3.9390, time 2726.25ms, mfu 89.80%
iter 60250: loss 3.9110, time 2718.53ms, mfu 89.87%
iter 60260: loss 3.9355, time 2713.89ms, mfu 89.95%
iter 60270: loss 3.9664, time 2717.39ms, mfu 90.01%
iter 60280: loss 3.9009, time 2722.85ms, mfu 90.05%
iter 60290: loss 3.9981, time 2723.69ms, mfu 90.08%
iter 60300: loss 3.8722, time 2721.72ms, mfu 90.11%
iter 60310: loss 3.9283, time 2723.98ms, mfu 90.13%
iter 60320: loss 3.9720, time 2714.07ms, mfu 90.19%
iter 60330: loss 3.9593, time 2719.24ms, mfu 90.22%
iter 60340: loss 3.9128, time 2717.37ms, mfu 90.25%
iter 60350: loss 3.9491, time 2715.02ms, mfu 90.29%
iter 60360: loss 3.9518, time 2717.52ms, mfu 90.32%
iter 60370: loss 3.9549, time 2715.93ms, mfu 90.35%
iter 60380: loss 3.9455, time 2721.34ms, mfu 90.35%
iter 60390: loss 3.9467, time 2717.27ms, mfu 90.37%
iter 60400: loss 3.9173, time 2717.99ms, mfu 90.39%
iter 60410: loss 3.9755, time 2718.41ms, mfu 90.40%
iter 60420: loss 3.8565, time 2717.36ms, mfu 90.42%
iter 60430: loss 3.8901, time 2719.09ms, mfu 90.43%
iter 60440: loss 3.9160, time 2726.23ms, mfu 90.41%
iter 60450: loss 4.0054, time 2720.91ms, mfu 90.41%
iter 60460: loss 3.8163, time 2722.15ms, mfu 90.41%
iter 60470: loss 3.8985, time 2723.82ms, mfu 90.41%
iter 60480: loss 3.9696, time 2719.26ms, mfu 90.41%
iter 60490: loss 3.9391, time 2718.41ms, mfu 90.42%
iter 60500: loss 3.9853, time 2719.76ms, mfu 90.43%
iter 60510: loss 3.8633, time 2724.30ms, mfu 90.42%
iter 60520: loss 3.9525, time 2717.36ms, mfu 90.43%
iter 60530: loss 3.9530, time 2724.01ms, mfu 90.42%
iter 60540: loss 3.9015, time 2723.11ms, mfu 90.42%
iter 60550: loss 3.9499, time 2719.05ms, mfu 90.43%
iter 60560: loss 3.9684, time 2715.89ms, mfu 90.44%
iter 60570: loss 3.9273, time 2715.08ms, mfu 90.46%
iter 60580: loss 3.9527, time 2721.11ms, mfu 90.46%
iter 60590: loss 3.8718, time 2724.48ms, mfu 90.45%
iter 60600: loss 3.9758, time 2719.17ms, mfu 90.45%
iter 60610: loss 3.9301, time 2722.72ms, mfu 90.44%
iter 60620: loss 3.9361, time 2717.62ms, mfu 90.45%
iter 60630: loss 3.9315, time 2719.42ms, mfu 90.46%
iter 60640: loss 3.9703, time 2719.48ms, mfu 90.46%
iter 60650: loss 3.9688, time 2722.31ms, mfu 90.45%
iter 60660: loss 3.9678, time 2723.97ms, mfu 90.44%
iter 60670: loss 4.0021, time 2719.86ms, mfu 90.45%
iter 60680: loss 3.9124, time 2725.90ms, mfu 90.43%
iter 60690: loss 4.0294, time 2723.21ms, mfu 90.42%
iter 60700: loss 3.9591, time 2720.09ms, mfu 90.43%
iter 60710: loss 3.8793, time 2722.35ms, mfu 90.42%
iter 60720: loss 4.0819, time 2717.09ms, mfu 90.44%
iter 60730: loss 3.9290, time 2719.72ms, mfu 90.44%
iter 60740: loss 3.8628, time 2721.79ms, mfu 90.44%
iter 60750: loss 3.8875, time 2719.52ms, mfu 90.44%
iter 60760: loss 3.8980, time 2720.44ms, mfu 90.44%
iter 60770: loss 4.0034, time 2718.51ms, mfu 90.45%
iter 60780: loss 4.0002, time 2720.28ms, mfu 90.45%
iter 60790: loss 3.9264, time 2725.14ms, mfu 90.44%
iter 60800: loss 3.9060, time 2718.75ms, mfu 90.44%
iter 60810: loss 3.9431, time 2723.32ms, mfu 90.44%
iter 60820: loss 3.9987, time 2725.29ms, mfu 90.42%
iter 60830: loss 3.9048, time 2723.25ms, mfu 90.42%
iter 60840: loss 3.8914, time 2722.51ms, mfu 90.41%
iter 60850: loss 3.9815, time 2717.58ms, mfu 90.43%
iter 60860: loss 3.9699, time 2723.18ms, mfu 90.42%
iter 60870: loss 3.9420, time 2719.94ms, mfu 90.43%
iter 60880: loss 3.9213, time 2724.13ms, mfu 90.42%
iter 60890: loss 3.9523, time 2720.69ms, mfu 90.42%
iter 60900: loss 4.0092, time 2717.97ms, mfu 90.43%
iter 60910: loss 3.9282, time 2719.54ms, mfu 90.44%
iter 60920: loss 3.9719, time 2719.70ms, mfu 90.44%
iter 60930: loss 3.9368, time 2720.99ms, mfu 90.44%
iter 60940: loss 3.9765, time 2723.21ms, mfu 90.43%
iter 60950: loss 3.8739, time 2722.37ms, mfu 90.43%
iter 60960: loss 3.8747, time 2716.89ms, mfu 90.44%
iter 60970: loss 3.9874, time 2722.35ms, mfu 90.44%
iter 60980: loss 4.0474, time 2724.83ms, mfu 90.42%
iter 60990: loss 3.9637, time 2718.74ms, mfu 90.43%
step 61000: train loss 3.9226, val loss 3.9387
saving checkpoint to /net/scratch2/junyuren/nanoGPT-manifold/out-openwebtext-rank99
iter 61000: loss 3.9531, time 17813.77ms, mfu 82.77%
iter 61010: loss 3.9524, time 2720.67ms, mfu 83.54%
iter 61020: loss 3.8248, time 2718.63ms, mfu 84.24%
iter 61030: loss 3.9269, time 2722.72ms, mfu 84.85%
iter 61040: loss 3.9776, time 2724.26ms, mfu 85.40%
iter 61050: loss 4.0250, time 2720.74ms, mfu 85.90%
iter 61060: loss 3.8136, time 2717.38ms, mfu 86.37%
iter 61070: loss 3.9471, time 2716.31ms, mfu 86.79%
iter 61080: loss 4.0401, time 2716.68ms, mfu 87.17%
iter 61090: loss 3.8922, time 2717.55ms, mfu 87.51%
iter 61100: loss 3.8360, time 2719.11ms, mfu 87.81%
iter 61110: loss 3.9710, time 2713.45ms, mfu 88.10%
iter 61120: loss 4.0174, time 2719.39ms, mfu 88.33%
iter 61130: loss 3.8496, time 2721.10ms, mfu 88.54%
iter 61140: loss 3.8982, time 2714.10ms, mfu 88.76%
iter 61150: loss 3.8219, time 2719.10ms, mfu 88.93%
iter 61160: loss 4.0010, time 2717.36ms, mfu 89.09%
iter 61170: loss 3.9733, time 2718.01ms, mfu 89.24%
iter 61180: loss 3.8720, time 2715.32ms, mfu 89.38%
iter 61190: loss 3.8654, time 2719.95ms, mfu 89.49%
iter 61200: loss 3.9198, time 2718.78ms, mfu 89.59%
iter 61210: loss 3.9824, time 2719.30ms, mfu 89.68%
iter 61220: loss 3.9461, time 2718.10ms, mfu 89.76%
iter 61230: loss 4.0111, time 2723.54ms, mfu 89.82%
iter 61240: loss 3.9413, time 2722.11ms, mfu 89.88%
iter 61250: loss 3.9688, time 2713.94ms, mfu 89.96%
iter 61260: loss 3.9502, time 2718.23ms, mfu 90.02%
iter 61270: loss 3.9714, time 2715.93ms, mfu 90.08%
iter 61280: loss 3.8920, time 2719.28ms, mfu 90.12%
iter 61290: loss 3.9346, time 2721.39ms, mfu 90.15%
iter 61300: loss 3.8727, time 2726.00ms, mfu 90.16%
iter 61310: loss 3.9331, time 2724.89ms, mfu 90.17%
iter 61320: loss 3.8438, time 2724.16ms, mfu 90.19%
iter 61330: loss 3.9684, time 2716.71ms, mfu 90.23%
iter 61340: loss 3.9288, time 2715.89ms, mfu 90.27%
iter 61350: loss 3.9218, time 2722.25ms, mfu 90.28%
iter 61360: loss 3.9892, time 2720.29ms, mfu 90.30%
iter 61370: loss 4.0293, time 2723.66ms, mfu 90.30%
iter 61380: loss 3.9466, time 2721.08ms, mfu 90.32%
iter 61390: loss 4.0048, time 2716.07ms, mfu 90.34%
iter 61400: loss 3.8479, time 2720.85ms, mfu 90.35%
iter 61410: loss 3.9836, time 2717.37ms, mfu 90.37%
iter 61420: loss 3.9859, time 2720.66ms, mfu 90.38%
iter 61430: loss 3.9392, time 2721.44ms, mfu 90.39%
iter 61440: loss 3.8897, time 2723.61ms, mfu 90.38%
iter 61450: loss 4.0700, time 2721.16ms, mfu 90.39%
iter 61460: loss 4.0202, time 2717.08ms, mfu 90.40%
iter 61470: loss 4.0110, time 2714.73ms, mfu 90.43%
iter 61480: loss 3.9202, time 2722.80ms, mfu 90.42%
iter 61490: loss 3.8820, time 2726.69ms, mfu 90.41%
iter 61500: loss 3.9638, time 2720.72ms, mfu 90.41%
iter 61510: loss 3.9048, time 2718.00ms, mfu 90.42%
iter 61520: loss 3.9182, time 2720.72ms, mfu 90.42%
iter 61530: loss 4.0346, time 2719.24ms, mfu 90.43%
iter 61540: loss 3.9079, time 2719.08ms, mfu 90.44%
iter 61550: loss 3.9754, time 2723.97ms, mfu 90.43%
iter 61560: loss 3.8680, time 2716.76ms, mfu 90.44%
iter 61570: loss 4.0237, time 2717.18ms, mfu 90.46%
iter 61580: loss 3.9755, time 2718.92ms, mfu 90.46%
iter 61590: loss 4.0241, time 2720.17ms, mfu 90.46%
iter 61600: loss 3.9059, time 2719.42ms, mfu 90.46%
iter 61610: loss 3.9839, time 2724.63ms, mfu 90.45%
iter 61620: loss 4.0743, time 2718.26ms, mfu 90.46%
iter 61630: loss 4.0647, time 2717.28ms, mfu 90.47%
iter 61640: loss 3.8900, time 2715.24ms, mfu 90.48%
iter 61650: loss 3.9424, time 2716.77ms, mfu 90.49%
iter 61660: loss 3.9625, time 2720.41ms, mfu 90.49%
iter 61670: loss 3.9459, time 2718.17ms, mfu 90.49%
iter 61680: loss 3.9269, time 2715.16ms, mfu 90.51%
iter 61690: loss 4.0384, time 2714.85ms, mfu 90.52%
iter 61700: loss 4.0180, time 2725.49ms, mfu 90.50%
iter 61710: loss 3.9480, time 2713.54ms, mfu 90.52%
iter 61720: loss 3.9627, time 2725.74ms, mfu 90.49%
iter 61730: loss 3.9251, time 2713.83ms, mfu 90.51%
iter 61740: loss 3.9643, time 2723.15ms, mfu 90.50%
iter 61750: loss 3.9812, time 2718.85ms, mfu 90.50%
iter 61760: loss 3.9672, time 2721.17ms, mfu 90.49%
iter 61770: loss 3.8776, time 2719.27ms, mfu 90.49%
iter 61780: loss 3.9219, time 2717.10ms, mfu 90.50%
iter 61790: loss 3.9854, time 2723.92ms, mfu 90.48%
iter 61800: loss 3.8727, time 2725.79ms, mfu 90.46%
iter 61810: loss 3.9215, time 2714.90ms, mfu 90.48%
iter 61820: loss 3.9728, time 2717.56ms, mfu 90.49%
iter 61830: loss 3.9086, time 2720.11ms, mfu 90.48%
iter 61840: loss 3.8565, time 2720.64ms, mfu 90.48%
iter 61850: loss 3.9476, time 2718.75ms, mfu 90.48%
iter 61860: loss 3.9151, time 2716.99ms, mfu 90.49%
iter 61870: loss 3.9536, time 2717.16ms, mfu 90.50%
iter 61880: loss 3.9443, time 2718.40ms, mfu 90.50%
iter 61890: loss 3.9778, time 2720.28ms, mfu 90.50%
iter 61900: loss 3.9824, time 2713.65ms, mfu 90.52%
iter 61910: loss 3.9715, time 2720.97ms, mfu 90.51%
iter 61920: loss 3.9338, time 2723.66ms, mfu 90.49%
iter 61930: loss 3.9687, time 2719.78ms, mfu 90.49%
iter 61940: loss 3.9459, time 2721.22ms, mfu 90.48%
iter 61950: loss 3.9528, time 2721.22ms, mfu 90.48%
iter 61960: loss 3.8917, time 2713.53ms, mfu 90.50%
iter 61970: loss 3.9595, time 2718.48ms, mfu 90.50%
iter 61980: loss 3.9807, time 2714.56ms, mfu 90.52%
iter 61990: loss 3.9704, time 2716.71ms, mfu 90.52%
step 62000: train loss 3.9526, val loss 3.9656
saving checkpoint to /net/scratch2/junyuren/nanoGPT-manifold/out-openwebtext-rank99
iter 62000: loss 3.9210, time 17384.64ms, mfu 82.89%
iter 62010: loss 3.9374, time 2715.89ms, mfu 83.66%
iter 62020: loss 3.9380, time 2718.37ms, mfu 84.34%
iter 62030: loss 3.9180, time 2719.39ms, mfu 84.96%
iter 62040: loss 3.9871, time 2724.19ms, mfu 85.50%
iter 62050: loss 3.9445, time 2725.90ms, mfu 85.97%
iter 62060: loss 4.0642, time 2717.79ms, mfu 86.43%
iter 62070: loss 3.8758, time 2717.69ms, mfu 86.84%
iter 62080: loss 3.9948, time 2716.87ms, mfu 87.22%
iter 62090: loss 3.9625, time 2720.32ms, mfu 87.54%
iter 62100: loss 3.9340, time 2715.18ms, mfu 87.85%
iter 62110: loss 3.8232, time 2720.97ms, mfu 88.11%
iter 62120: loss 3.9486, time 2719.94ms, mfu 88.34%
iter 62130: loss 3.9103, time 2720.49ms, mfu 88.56%
iter 62140: loss 3.9716, time 2712.24ms, mfu 88.77%
iter 62150: loss 3.9724, time 2714.59ms, mfu 88.96%
iter 62160: loss 3.8824, time 2722.34ms, mfu 89.10%
iter 62170: loss 3.9563, time 2718.46ms, mfu 89.25%
iter 62180: loss 4.0028, time 2718.39ms, mfu 89.37%
iter 62190: loss 3.9831, time 2716.08ms, mfu 89.50%
iter 62200: loss 3.9785, time 2715.37ms, mfu 89.61%
iter 62210: loss 3.9049, time 2717.89ms, mfu 89.70%
iter 62220: loss 3.9582, time 2720.66ms, mfu 89.78%
iter 62230: loss 3.8955, time 2721.35ms, mfu 89.84%
iter 62240: loss 3.9533, time 2718.48ms, mfu 89.91%
iter 62250: loss 3.8605, time 2729.83ms, mfu 89.93%
iter 62260: loss 3.9564, time 2713.39ms, mfu 90.01%
iter 62270: loss 3.9657, time 2721.54ms, mfu 90.05%
iter 62280: loss 3.9871, time 2716.71ms, mfu 90.10%
iter 62290: loss 3.9909, time 2715.15ms, mfu 90.16%
iter 62300: loss 3.9260, time 2717.12ms, mfu 90.20%
iter 62310: loss 3.9102, time 2718.32ms, mfu 90.23%
iter 62320: loss 4.0011, time 2719.73ms, mfu 90.25%
iter 62330: loss 3.9679, time 2729.20ms, mfu 90.25%
iter 62340: loss 4.0015, time 2714.40ms, mfu 90.29%
iter 62350: loss 3.9968, time 2726.28ms, mfu 90.28%
iter 62360: loss 4.0032, time 2722.07ms, mfu 90.30%
iter 62370: loss 3.8826, time 2719.70ms, mfu 90.31%
iter 62380: loss 3.9191, time 2722.69ms, mfu 90.32%
iter 62390: loss 3.9113, time 2724.24ms, mfu 90.32%
iter 62400: loss 3.9112, time 2727.09ms, mfu 90.31%
iter 62410: loss 3.9074, time 2718.28ms, mfu 90.33%
iter 62420: loss 3.9726, time 2725.38ms, mfu 90.33%
iter 62430: loss 3.9944, time 2721.71ms, mfu 90.34%
iter 62440: loss 4.0458, time 2717.06ms, mfu 90.36%
iter 62450: loss 3.9853, time 2724.42ms, mfu 90.36%
iter 62460: loss 4.0255, time 2716.46ms, mfu 90.38%
iter 62470: loss 3.9198, time 2729.67ms, mfu 90.36%
iter 62480: loss 4.0227, time 2724.24ms, mfu 90.35%
iter 62490: loss 3.9381, time 2720.01ms, mfu 90.37%
iter 62500: loss 3.9821, time 2719.30ms, mfu 90.38%
iter 62510: loss 4.0184, time 2724.60ms, mfu 90.37%
iter 62520: loss 3.8974, time 2717.93ms, mfu 90.39%
iter 62530: loss 3.9314, time 2723.50ms, mfu 90.39%
iter 62540: loss 3.8887, time 2726.19ms, mfu 90.37%
iter 62550: loss 4.0230, time 2718.26ms, mfu 90.39%
iter 62560: loss 3.9775, time 2724.60ms, mfu 90.38%
iter 62570: loss 3.9308, time 2722.87ms, mfu 90.38%
iter 62580: loss 3.9058, time 2720.73ms, mfu 90.39%
iter 62590: loss 3.9646, time 2719.92ms, mfu 90.40%
iter 62600: loss 3.9450, time 2718.53ms, mfu 90.41%
iter 62610: loss 3.9787, time 2717.63ms, mfu 90.42%
iter 62620: loss 3.9873, time 2717.66ms, mfu 90.43%
iter 62630: loss 3.9180, time 2715.20ms, mfu 90.45%
iter 62640: loss 3.9589, time 2724.75ms, mfu 90.44%
iter 62650: loss 3.9801, time 2720.77ms, mfu 90.44%
iter 62660: loss 3.9773, time 2718.07ms, mfu 90.45%
iter 62670: loss 3.9397, time 2717.55ms, mfu 90.46%
iter 62680: loss 3.9704, time 2711.96ms, mfu 90.49%
iter 62690: loss 3.9320, time 2718.11ms, mfu 90.49%
iter 62700: loss 3.9912, time 2725.55ms, mfu 90.47%
iter 62710: loss 3.9347, time 2724.27ms, mfu 90.46%
iter 62720: loss 3.9530, time 2718.37ms, mfu 90.46%
iter 62730: loss 4.0010, time 2724.45ms, mfu 90.45%
iter 62740: loss 3.9350, time 2722.91ms, mfu 90.44%
iter 62750: loss 3.9503, time 2719.47ms, mfu 90.45%
iter 62760: loss 3.8656, time 2719.51ms, mfu 90.45%
iter 62770: loss 3.8567, time 2718.60ms, mfu 90.46%
iter 62780: loss 3.9980, time 2717.28ms, mfu 90.47%
iter 62790: loss 4.0235, time 2721.13ms, mfu 90.46%
iter 62800: loss 3.8768, time 2721.67ms, mfu 90.46%
iter 62810: loss 3.9039, time 2719.76ms, mfu 90.46%
iter 62820: loss 3.9937, time 2721.87ms, mfu 90.46%
iter 62830: loss 3.8193, time 2722.63ms, mfu 90.45%
iter 62840: loss 3.8830, time 2721.61ms, mfu 90.44%
iter 62850: loss 3.9609, time 2719.27ms, mfu 90.45%
iter 62860: loss 3.9231, time 2724.44ms, mfu 90.44%
iter 62870: loss 3.8963, time 2720.40ms, mfu 90.44%
iter 62880: loss 3.9943, time 2718.44ms, mfu 90.45%
iter 62890: loss 3.9298, time 2724.53ms, mfu 90.43%
iter 62900: loss 4.0554, time 2718.23ms, mfu 90.44%
iter 62910: loss 3.9122, time 2722.58ms, mfu 90.44%
iter 62920: loss 3.9712, time 2724.40ms, mfu 90.43%
iter 62930: loss 3.8793, time 2729.98ms, mfu 90.40%
iter 62940: loss 4.0885, time 2722.24ms, mfu 90.40%
iter 62950: loss 3.9485, time 2721.77ms, mfu 90.40%
iter 62960: loss 4.0039, time 2718.43ms, mfu 90.41%
iter 62970: loss 3.9882, time 2719.47ms, mfu 90.42%
iter 62980: loss 3.8437, time 2723.48ms, mfu 90.41%
iter 62990: loss 3.9704, time 2720.81ms, mfu 90.42%
step 63000: train loss 4.0262, val loss 4.0277
saving checkpoint to /net/scratch2/junyuren/nanoGPT-manifold/out-openwebtext-rank99
iter 63000: loss 3.9292, time 17426.45ms, mfu 82.79%
iter 63010: loss 3.9509, time 2710.68ms, mfu 83.59%
iter 63020: loss 3.9920, time 2716.74ms, mfu 84.28%
iter 63030: loss 3.8324, time 2722.56ms, mfu 84.89%
iter 63040: loss 3.9757, time 2719.90ms, mfu 85.45%
iter 63050: loss 3.8875, time 2725.29ms, mfu 85.94%
iter 63060: loss 3.9772, time 2719.67ms, mfu 86.39%
iter 63070: loss 3.9500, time 2719.97ms, mfu 86.80%
iter 63080: loss 3.8591, time 2714.94ms, mfu 87.18%
iter 63090: loss 4.0099, time 2723.59ms, mfu 87.50%
iter 63100: loss 3.9536, time 2720.37ms, mfu 87.80%
iter 63110: loss 3.9656, time 2719.23ms, mfu 88.07%
iter 63120: loss 3.9471, time 2724.14ms, mfu 88.29%
iter 63130: loss 3.9036, time 2722.42ms, mfu 88.50%
iter 63140: loss 3.8972, time 2725.74ms, mfu 88.68%
iter 63150: loss 3.9544, time 2724.42ms, mfu 88.84%
iter 63160: loss 3.9508, time 2728.25ms, mfu 88.98%
iter 63170: loss 3.9910, time 2717.03ms, mfu 89.14%
iter 63180: loss 4.0097, time 2716.12ms, mfu 89.28%
iter 63190: loss 4.0266, time 2724.98ms, mfu 89.39%
iter 63200: loss 3.9957, time 2725.61ms, mfu 89.48%
iter 63210: loss 3.8860, time 2723.97ms, mfu 89.56%
iter 63220: loss 3.8935, time 2722.15ms, mfu 89.65%
iter 63230: loss 3.9376, time 2723.15ms, mfu 89.72%
iter 63240: loss 3.9698, time 2715.24ms, mfu 89.81%
iter 63250: loss 3.9467, time 2724.86ms, mfu 89.86%
iter 63260: loss 3.9157, time 2718.69ms, mfu 89.92%
iter 63270: loss 3.9009, time 2719.45ms, mfu 89.98%
iter 63280: loss 4.0345, time 2719.28ms, mfu 90.03%
iter 63290: loss 4.0163, time 2715.55ms, mfu 90.09%
iter 63300: loss 4.0057, time 2725.31ms, mfu 90.11%
iter 63310: loss 3.8190, time 2723.51ms, mfu 90.13%
iter 63320: loss 3.9162, time 2715.28ms, mfu 90.18%
iter 63330: loss 3.8965, time 2718.43ms, mfu 90.22%
iter 63340: loss 3.8911, time 2716.02ms, mfu 90.26%
iter 63350: loss 3.9527, time 2716.06ms, mfu 90.29%
iter 63360: loss 3.9593, time 2722.71ms, mfu 90.30%
iter 63370: loss 3.9819, time 2717.05ms, mfu 90.33%
iter 63380: loss 3.8413, time 2722.43ms, mfu 90.33%
iter 63390: loss 3.9226, time 2718.09ms, mfu 90.35%
iter 63400: loss 3.8918, time 2715.38ms, mfu 90.38%
iter 63410: loss 3.9214, time 2713.41ms, mfu 90.41%
iter 63420: loss 3.9905, time 2718.04ms, mfu 90.42%
iter 63430: loss 3.9823, time 2714.11ms, mfu 90.45%
iter 63440: loss 3.9756, time 2728.11ms, mfu 90.42%
iter 63450: loss 3.9507, time 2724.91ms, mfu 90.41%
iter 63460: loss 3.9420, time 2719.79ms, mfu 90.42%
iter 63470: loss 3.9823, time 2715.26ms, mfu 90.44%
iter 63480: loss 3.9605, time 2713.35ms, mfu 90.46%
iter 63490: loss 3.9107, time 2720.96ms, mfu 90.46%
iter 63500: loss 3.8039, time 2722.67ms, mfu 90.45%
iter 63510: loss 3.8906, time 2722.16ms, mfu 90.45%
iter 63520: loss 3.9394, time 2728.64ms, mfu 90.42%
iter 63530: loss 3.9785, time 2717.79ms, mfu 90.43%
iter 63540: loss 3.9314, time 2723.73ms, mfu 90.42%
iter 63550: loss 3.9261, time 2715.57ms, mfu 90.44%
iter 63560: loss 3.9036, time 2715.44ms, mfu 90.46%
iter 63570: loss 4.0067, time 2721.10ms, mfu 90.46%
iter 63580: loss 3.9511, time 2720.06ms, mfu 90.46%
iter 63590: loss 3.9065, time 2717.51ms, mfu 90.47%
iter 63600: loss 3.9656, time 2717.99ms, mfu 90.48%
iter 63610: loss 3.9578, time 2720.69ms, mfu 90.47%
iter 63620: loss 3.9278, time 2722.04ms, mfu 90.47%
iter 63630: loss 3.9031, time 2715.85ms, mfu 90.48%
iter 63640: loss 3.9816, time 2715.60ms, mfu 90.49%
iter 63650: loss 4.0596, time 2722.82ms, mfu 90.48%
iter 63660: loss 3.9924, time 2724.55ms, mfu 90.47%
iter 63670: loss 3.8909, time 2717.86ms, mfu 90.47%
iter 63680: loss 3.9528, time 2721.15ms, mfu 90.47%
iter 63690: loss 3.9546, time 2719.43ms, mfu 90.47%
iter 63700: loss 3.9274, time 2722.99ms, mfu 90.46%
iter 63710: loss 4.0638, time 2717.13ms, mfu 90.47%
iter 63720: loss 4.0453, time 2722.30ms, mfu 90.46%
iter 63730: loss 3.9300, time 2720.40ms, mfu 90.46%
iter 63740: loss 3.9544, time 2719.67ms, mfu 90.46%
iter 63750: loss 3.8910, time 2720.07ms, mfu 90.46%
iter 63760: loss 3.8303, time 2725.42ms, mfu 90.45%
iter 63770: loss 3.9233, time 2715.91ms, mfu 90.46%
iter 63780: loss 3.9088, time 2714.93ms, mfu 90.48%
iter 63790: loss 3.9533, time 2713.58ms, mfu 90.50%
iter 63800: loss 3.9440, time 2717.62ms, mfu 90.51%
iter 63810: loss 3.8497, time 2715.62ms, mfu 90.52%
iter 63820: loss 3.9399, time 2716.56ms, mfu 90.52%
iter 63830: loss 3.9313, time 2714.84ms, mfu 90.54%
iter 63840: loss 4.0383, time 2721.85ms, mfu 90.52%
iter 63850: loss 3.9636, time 2722.66ms, mfu 90.51%
iter 63860: loss 3.9557, time 2721.78ms, mfu 90.50%
iter 63870: loss 3.8752, time 2717.33ms, mfu 90.50%
iter 63880: loss 3.9343, time 2714.24ms, mfu 90.52%
iter 63890: loss 3.9063, time 2717.40ms, mfu 90.52%
iter 63900: loss 3.9586, time 2720.84ms, mfu 90.52%
iter 63910: loss 3.9571, time 2717.62ms, mfu 90.52%
iter 63920: loss 3.9678, time 2723.19ms, mfu 90.50%
iter 63930: loss 3.9317, time 2720.46ms, mfu 90.50%
iter 63940: loss 3.9710, time 2725.97ms, mfu 90.48%
iter 63950: loss 3.8990, time 2718.43ms, mfu 90.48%
iter 63960: loss 3.8908, time 2717.91ms, mfu 90.49%
iter 63970: loss 3.9321, time 2718.84ms, mfu 90.49%
iter 63980: loss 3.9605, time 2718.78ms, mfu 90.49%
iter 63990: loss 3.9375, time 2724.07ms, mfu 90.48%
step 64000: train loss 4.0650, val loss 4.0677
saving checkpoint to /net/scratch2/junyuren/nanoGPT-manifold/out-openwebtext-rank99
iter 64000: loss 3.8556, time 17971.60ms, mfu 82.80%
iter 64010: loss 3.9034, time 2716.31ms, mfu 83.58%
iter 64020: loss 3.9599, time 2717.26ms, mfu 84.27%
iter 64030: loss 3.9739, time 2716.77ms, mfu 84.91%
iter 64040: loss 3.9752, time 2714.87ms, mfu 85.48%
iter 64050: loss 3.9311, time 2714.21ms, mfu 86.00%
iter 64060: loss 4.0024, time 2719.24ms, mfu 86.45%
iter 64070: loss 3.7755, time 2717.62ms, mfu 86.86%
iter 64080: loss 3.9385, time 2719.08ms, mfu 87.22%
iter 64090: loss 3.8313, time 2712.97ms, mfu 87.57%
iter 64100: loss 4.0158, time 2727.42ms, mfu 87.83%
iter 64110: loss 3.9356, time 2722.62ms, mfu 88.09%
iter 64120: loss 3.9258, time 2719.36ms, mfu 88.33%
iter 64130: loss 3.9025, time 2718.94ms, mfu 88.55%
iter 64140: loss 3.9271, time 2727.30ms, mfu 88.72%
iter 64150: loss 3.9927, time 2716.65ms, mfu 88.90%
iter 64160: loss 3.9447, time 2720.24ms, mfu 89.06%
iter 64170: loss 3.9950, time 2721.93ms, mfu 89.19%
iter 64180: loss 3.9700, time 2718.09ms, mfu 89.33%
iter 64190: loss 3.9739, time 2718.70ms, mfu 89.45%
iter 64200: loss 3.8678, time 2714.73ms, mfu 89.57%
iter 64210: loss 3.9275, time 2727.46ms, mfu 89.63%
iter 64220: loss 3.9768, time 2722.58ms, mfu 89.71%
iter 64230: loss 3.9650, time 2717.11ms, mfu 89.79%
iter 64240: loss 3.9687, time 2718.46ms, mfu 89.87%
iter 64250: loss 3.9438, time 2724.81ms, mfu 89.91%
iter 64260: loss 3.9263, time 2720.70ms, mfu 89.96%
iter 64270: loss 3.8950, time 2719.57ms, mfu 90.02%
iter 64280: loss 3.8617, time 2721.95ms, mfu 90.05%
iter 64290: loss 3.9889, time 2715.19ms, mfu 90.11%
iter 64300: loss 3.8610, time 2725.92ms, mfu 90.13%
iter 64310: loss 4.0208, time 2719.30ms, mfu 90.16%
iter 64320: loss 3.9240, time 2716.56ms, mfu 90.21%
iter 64330: loss 4.0017, time 2723.50ms, mfu 90.22%
iter 64340: loss 3.9511, time 2716.21ms, mfu 90.26%
iter 64350: loss 3.9031, time 2726.22ms, mfu 90.26%
iter 64360: loss 3.9846, time 2718.15ms, mfu 90.29%
iter 64370: loss 3.9410, time 2722.63ms, mfu 90.30%
iter 64380: loss 3.8691, time 2721.02ms, mfu 90.31%
iter 64390: loss 3.9442, time 2721.33ms, mfu 90.32%
iter 64400: loss 3.8927, time 2719.70ms, mfu 90.34%
iter 64410: loss 3.9068, time 2717.11ms, mfu 90.36%
iter 64420: loss 3.9837, time 2719.57ms, mfu 90.37%
iter 64430: loss 3.9028, time 2714.42ms, mfu 90.40%
iter 64440: loss 3.8565, time 2715.16ms, mfu 90.42%
iter 64450: loss 3.9198, time 2720.69ms, mfu 90.43%
iter 64460: loss 3.9993, time 2724.74ms, mfu 90.41%
iter 64470: loss 3.9773, time 2717.57ms, mfu 90.43%
iter 64480: loss 3.8773, time 2720.10ms, mfu 90.43%
iter 64490: loss 4.0184, time 2715.96ms, mfu 90.45%
iter 64500: loss 3.9172, time 2723.82ms, mfu 90.44%
iter 64510: loss 4.0881, time 2725.55ms, mfu 90.42%
iter 64520: loss 4.0016, time 2721.01ms, mfu 90.42%
iter 64530: loss 3.9763, time 2725.08ms, mfu 90.41%
iter 64540: loss 3.9542, time 2724.21ms, mfu 90.40%
iter 64550: loss 3.8971, time 2719.72ms, mfu 90.41%
iter 64560: loss 3.9358, time 2716.75ms, mfu 90.43%
iter 64570: loss 3.9793, time 2719.73ms, mfu 90.43%
iter 64580: loss 3.9462, time 2722.23ms, mfu 90.43%
iter 64590: loss 3.9231, time 2715.78ms, mfu 90.45%
iter 64600: loss 3.8988, time 2718.63ms, mfu 90.45%
iter 64610: loss 3.8852, time 2721.56ms, mfu 90.45%
iter 64620: loss 3.9439, time 2717.75ms, mfu 90.46%
iter 64630: loss 3.9871, time 2718.69ms, mfu 90.47%
iter 64640: loss 3.9022, time 2718.11ms, mfu 90.47%
iter 64650: loss 3.9563, time 2718.87ms, mfu 90.48%
iter 64660: loss 3.9316, time 2722.55ms, mfu 90.47%
iter 64670: loss 4.0243, time 2722.19ms, mfu 90.46%
iter 64680: loss 3.9865, time 2717.03ms, mfu 90.47%
iter 64690: loss 3.9275, time 2724.07ms, mfu 90.46%
iter 64700: loss 3.8907, time 2715.64ms, mfu 90.47%
iter 64710: loss 3.8720, time 2716.32ms, mfu 90.48%
iter 64720: loss 3.9256, time 2721.84ms, mfu 90.48%
iter 64730: loss 3.9542, time 2718.42ms, mfu 90.48%
iter 64740: loss 3.9858, time 2720.74ms, mfu 90.48%
iter 64750: loss 3.9601, time 2714.21ms, mfu 90.50%
iter 64760: loss 3.8888, time 2720.23ms, mfu 90.49%
iter 64770: loss 3.9325, time 2724.62ms, mfu 90.48%
iter 64780: loss 3.9516, time 2714.77ms, mfu 90.49%
iter 64790: loss 3.9261, time 2717.22ms, mfu 90.50%
iter 64800: loss 3.9850, time 2724.25ms, mfu 90.48%
iter 64810: loss 4.0030, time 2717.41ms, mfu 90.49%
iter 64820: loss 3.9407, time 2719.57ms, mfu 90.49%
iter 64830: loss 3.8979, time 2716.38ms, mfu 90.50%
iter 64840: loss 3.9393, time 2723.09ms, mfu 90.49%
iter 64850: loss 3.9455, time 2727.25ms, mfu 90.46%
iter 64860: loss 3.9182, time 2723.34ms, mfu 90.45%
iter 64870: loss 3.9840, time 2719.05ms, mfu 90.46%
