Overriding config with config/train_openwebtext_lr4x_resume.py:
# OpenWebText Phase 2.5 - LR 4× (NEW EXPERIMENT)
# Based on Shakespeare winner: lr4x was 2nd best (val 1.4616)
# More conservative than lr8x, expected to be more stable

# RESUME lr4x from checkpoint
# I/O
out_dir = '/net/scratch2/junyuren/nanoGPT-manifold/out-openwebtext-lr4x'
init_from = 'resume'
eval_interval = 1000
eval_iters = 200
log_interval = 10
always_save_checkpoint = True

wandb_log = False
wandb_project = 'openwebtext'
wandb_run_name = 'grassmann-6L-384d-lr4x'

# Data
dataset = 'openwebtext'
data_dir = '/net/scratch2/junyuren/nanoGPT-manifold/data/openwebtext'
gradient_accumulation_steps = 40
batch_size = 64
block_size = 1024

# Model
n_layer = 6
n_head = 6
n_embd = 384
dropout = 0.2
bias = False

# AdamW optimizer
learning_rate = 1e-3
max_iters = 100000
lr_decay_iters = 100000
min_lr = 1e-4
beta1 = 0.9
beta2 = 0.99
weight_decay = 1e-1
grad_clip = 1.0

decay_lr = True
warmup_iters = 2000

# Grassmann config - stable_rank_x2 with lr4x
use_grassmann = True
grassmann_phase = 'phase2.5'

grass_rank_c_attn = 48
grass_rank_mlp_fc = 20
grass_scale_c_attn = 4.6293
grass_scale_mlp_fc = 10.1372

grass_rank = 48
grass_lr = 4e-3  # 4× instead of 8× (more conservative)
grass_a = 1.0
grass_b = 0.0
grass_alpha = 0.01
grass_steps = 10
grass_tol = 1e-6

# System
device = 'cuda'
dtype = 'bfloat16'
compile = True

tokens per iteration will be: 2,621,440
Resuming training from /net/scratch2/junyuren/nanoGPT-manifold/out-openwebtext-lr4x
number of parameters: 29.94M

=== Phase phase2.5 Grassmann Configuration ===
  Variant .5: attn.c_proj uses AdamW (not Grassmann)

Per-block configuration (6 blocks):
  c_attn ranks:       [48, 48, 48, 48, 48, 48]
  c_attn scales:      ['4.63', '4.63', '4.63', '4.63', '4.63', '4.63']
  mlp.c_fc ranks:     [20, 20, 20, 20, 20, 20]
  mlp.c_fc scales:    ['10.14', '10.14', '10.14', '10.14', '10.14', '10.14']
Grassmann Muon parameters: 6 weight matrices, 3,538,944 params
AdamW decay parameters: 20 tensors, 26,787,840 params
AdamW no-decay parameters: 13 tensors, 4,992 params
  transformer.h.0.mlp.c_fc.weight: k=4, G_{1.0,0.0,20}, lr=0.008, scale=10.1372, type=vertical
  transformer.h.1.mlp.c_fc.weight: k=4, G_{1.0,0.0,20}, lr=0.008, scale=10.1372, type=vertical
  transformer.h.2.mlp.c_fc.weight: k=4, G_{1.0,0.0,20}, lr=0.008, scale=10.1372, type=vertical
  transformer.h.3.mlp.c_fc.weight: k=4, G_{1.0,0.0,20}, lr=0.008, scale=10.1372, type=vertical
  transformer.h.4.mlp.c_fc.weight: k=4, G_{1.0,0.0,20}, lr=0.008, scale=10.1372, type=vertical
  transformer.h.5.mlp.c_fc.weight: k=4, G_{1.0,0.0,20}, lr=0.008, scale=10.1372, type=vertical
using fused AdamW: True

=== Setting up component-specific dropout ===
AdamW components: dropout = 0.2
Grassmann components: dropout = 0.1
Component-specific dropout setup complete.

=== Setting up norm-preserving scaling (Phase phase2.5) ===
  Added frozen 0.5×I scaling after mlp.c_fc (device=cuda:0)
  Added frozen 0.5×I scaling after mlp.c_fc (device=cuda:0)
  Added frozen 0.5×I scaling after mlp.c_fc (device=cuda:0)
  Added frozen 0.5×I scaling after mlp.c_fc (device=cuda:0)
  Added frozen 0.5×I scaling after mlp.c_fc (device=cuda:0)
  Added frozen 0.5×I scaling after mlp.c_fc (device=cuda:0)
Norm-preserving scaling setup complete.
compiling the model... (takes a ~minute)
step 22000: train loss 4.0118, val loss 4.0208
saving checkpoint to /net/scratch2/junyuren/nanoGPT-manifold/out-openwebtext-lr4x
iter 22000: loss 3.9818, time 36828.85ms, mfu -100.00%
iter 22010: loss 4.1249, time 3539.35ms, mfu 69.53%
iter 22020: loss 4.0539, time 3540.69ms, mfu 69.52%
iter 22030: loss 4.0943, time 3537.98ms, mfu 69.53%
iter 22040: loss 4.1412, time 3544.52ms, mfu 69.52%
iter 22050: loss 4.1362, time 3539.05ms, mfu 69.52%
iter 22060: loss 4.1426, time 3538.60ms, mfu 69.52%
iter 22070: loss 3.9554, time 3532.62ms, mfu 69.53%
iter 22080: loss 4.0418, time 3535.30ms, mfu 69.54%
iter 22090: loss 4.1459, time 3538.11ms, mfu 69.54%
iter 22100: loss 4.1377, time 3530.93ms, mfu 69.56%
iter 22110: loss 4.0576, time 3538.37ms, mfu 69.56%
iter 22120: loss 4.1183, time 3539.77ms, mfu 69.55%
iter 22130: loss 4.0717, time 3526.14ms, mfu 69.58%
iter 22140: loss 4.0805, time 3532.90ms, mfu 69.58%
iter 22150: loss 4.1155, time 3528.16ms, mfu 69.60%
iter 22160: loss 4.0843, time 3539.62ms, mfu 69.59%
iter 22170: loss 4.0589, time 3527.17ms, mfu 69.61%
iter 22180: loss 4.1529, time 3532.01ms, mfu 69.62%
iter 22190: loss 4.1022, time 3543.68ms, mfu 69.60%
iter 22200: loss 4.1877, time 3535.65ms, mfu 69.60%
iter 22210: loss 4.1693, time 3533.28ms, mfu 69.60%
iter 22220: loss 4.0229, time 3533.57ms, mfu 69.61%
iter 22230: loss 4.0133, time 3541.69ms, mfu 69.59%
iter 22240: loss 4.1146, time 3857.78ms, mfu 69.01%
iter 22250: loss 4.1046, time 3528.52ms, mfu 69.09%
iter 22260: loss 4.1426, time 3542.88ms, mfu 69.12%
iter 22270: loss 4.1192, time 3538.45ms, mfu 69.17%
iter 22280: loss 4.1234, time 3530.14ms, mfu 69.22%
iter 22290: loss 4.1053, time 3536.91ms, mfu 69.25%
iter 22300: loss 4.1460, time 3536.79ms, mfu 69.29%
iter 22310: loss 4.1302, time 3532.67ms, mfu 69.32%
iter 22320: loss 4.0710, time 3537.51ms, mfu 69.35%
iter 22330: loss 4.0488, time 3537.44ms, mfu 69.37%
iter 22340: loss 4.0745, time 3540.17ms, mfu 69.38%
iter 22350: loss 4.0792, time 3535.38ms, mfu 69.41%
iter 22360: loss 4.1076, time 3533.16ms, mfu 69.43%
iter 22370: loss 4.0368, time 3534.75ms, mfu 69.45%
iter 22380: loss 4.0590, time 3536.82ms, mfu 69.46%
iter 22390: loss 4.0921, time 3538.25ms, mfu 69.47%
iter 22400: loss 4.1533, time 3537.21ms, mfu 69.48%
iter 22410: loss 3.9846, time 3541.10ms, mfu 69.48%
iter 22420: loss 4.0730, time 3533.39ms, mfu 69.50%
iter 22430: loss 4.0485, time 3536.52ms, mfu 69.51%
iter 22440: loss 4.0431, time 3540.44ms, mfu 69.51%
iter 22450: loss 4.0412, time 3536.74ms, mfu 69.51%
iter 22460: loss 4.0737, time 3531.24ms, mfu 69.53%
iter 22470: loss 4.0768, time 3534.37ms, mfu 69.54%
iter 22480: loss 4.0629, time 3536.92ms, mfu 69.54%
iter 22490: loss 4.1378, time 3539.52ms, mfu 69.54%
iter 22500: loss 4.1204, time 3535.93ms, mfu 69.55%
iter 22510: loss 4.1549, time 3538.23ms, mfu 69.55%
iter 22520: loss 4.0628, time 3531.31ms, mfu 69.56%
iter 22530: loss 4.1188, time 3539.68ms, mfu 69.56%
iter 22540: loss 4.0650, time 3535.20ms, mfu 69.56%
iter 22550: loss 4.0852, time 3532.68ms, mfu 69.57%
iter 22560: loss 4.0090, time 3535.32ms, mfu 69.57%
iter 22570: loss 4.1454, time 3531.02ms, mfu 69.59%
iter 22580: loss 4.0723, time 3539.15ms, mfu 69.58%
iter 22590: loss 4.1807, time 3534.57ms, mfu 69.58%
iter 22600: loss 4.1054, time 3543.86ms, mfu 69.57%
iter 22610: loss 4.1552, time 3527.59ms, mfu 69.59%
iter 22620: loss 4.0453, time 3536.78ms, mfu 69.59%
iter 22630: loss 4.0973, time 3537.92ms, mfu 69.58%
iter 22640: loss 4.1244, time 3537.99ms, mfu 69.58%
iter 22650: loss 3.9680, time 3543.34ms, mfu 69.57%
iter 22660: loss 4.0369, time 3527.61ms, mfu 69.59%
iter 22670: loss 4.1107, time 3540.46ms, mfu 69.58%
iter 22680: loss 4.0754, time 3537.45ms, mfu 69.58%
iter 22690: loss 4.0377, time 3535.63ms, mfu 69.58%
iter 22700: loss 4.0529, time 3534.41ms, mfu 69.58%
iter 22710: loss 4.1613, time 3526.54ms, mfu 69.60%
iter 22720: loss 4.0646, time 3544.13ms, mfu 69.59%
iter 22730: loss 3.9724, time 3539.68ms, mfu 69.58%
iter 22740: loss 4.1044, time 3536.11ms, mfu 69.58%
iter 22750: loss 4.1836, time 3536.96ms, mfu 69.58%
iter 22760: loss 4.0599, time 3541.82ms, mfu 69.57%
iter 22770: loss 4.0490, time 3535.91ms, mfu 69.57%
iter 22780: loss 4.0471, time 3531.91ms, mfu 69.58%
iter 22790: loss 4.0427, time 3541.09ms, mfu 69.57%
iter 22800: loss 4.0767, time 3541.19ms, mfu 69.56%
iter 22810: loss 4.0613, time 3530.69ms, mfu 69.58%
iter 22820: loss 4.1437, time 3540.89ms, mfu 69.57%
iter 22830: loss 4.0659, time 3539.19ms, mfu 69.57%
iter 22840: loss 4.0968, time 3538.16ms, mfu 69.56%
iter 22850: loss 4.1202, time 3536.50ms, mfu 69.57%
iter 22860: loss 4.1152, time 3539.43ms, mfu 69.56%
iter 22870: loss 4.0122, time 3531.46ms, mfu 69.57%
iter 22880: loss 4.0531, time 3540.95ms, mfu 69.57%
iter 22890: loss 4.0974, time 3531.30ms, mfu 69.58%
iter 22900: loss 4.0597, time 3534.86ms, mfu 69.58%
iter 22910: loss 4.0530, time 3530.43ms, mfu 69.59%
iter 22920: loss 4.1231, time 3528.84ms, mfu 69.61%
iter 22930: loss 4.1465, time 3541.71ms, mfu 69.59%
iter 22940: loss 4.1255, time 3530.43ms, mfu 69.61%
iter 22950: loss 4.1632, time 3540.73ms, mfu 69.59%
iter 22960: loss 4.0709, time 3531.22ms, mfu 69.60%
iter 22970: loss 4.0856, time 3537.60ms, mfu 69.60%
iter 22980: loss 4.1372, time 3532.54ms, mfu 69.61%
iter 22990: loss 4.0683, time 3538.77ms, mfu 69.60%
step 23000: train loss 3.9712, val loss 3.9905
saving checkpoint to /net/scratch2/junyuren/nanoGPT-manifold/out-openwebtext-lr4x
iter 23000: loss 4.0433, time 21451.25ms, mfu 63.79%
iter 23010: loss 4.1364, time 3533.93ms, mfu 64.37%
iter 23020: loss 4.0388, time 3526.41ms, mfu 64.91%
iter 23030: loss 4.1005, time 3539.25ms, mfu 65.37%
iter 23040: loss 4.0552, time 3528.41ms, mfu 65.81%
iter 23050: loss 4.1224, time 3529.60ms, mfu 66.20%
iter 23060: loss 3.9995, time 3531.69ms, mfu 66.55%
iter 23070: loss 4.0474, time 3539.94ms, mfu 66.85%
iter 23080: loss 4.0565, time 3543.61ms, mfu 67.10%
iter 23090: loss 4.0969, time 3537.49ms, mfu 67.35%
iter 23100: loss 4.0897, time 3526.94ms, mfu 67.59%
iter 23110: loss 4.0490, time 3532.32ms, mfu 67.80%
iter 23120: loss 4.1184, time 3532.51ms, mfu 67.99%
iter 23130: loss 4.0588, time 3534.38ms, mfu 68.15%
iter 23140: loss 4.0078, time 3535.67ms, mfu 68.29%
iter 23150: loss 4.1011, time 3536.72ms, mfu 68.42%
iter 23160: loss 4.1087, time 3534.12ms, mfu 68.54%
iter 23170: loss 4.0291, time 3524.36ms, mfu 68.67%
iter 23180: loss 4.0867, time 3533.96ms, mfu 68.77%
iter 23190: loss 4.2142, time 3535.53ms, mfu 68.85%
iter 23200: loss 4.0346, time 3540.37ms, mfu 68.92%
iter 23210: loss 4.0511, time 3536.22ms, mfu 68.98%
iter 23220: loss 4.1716, time 3534.83ms, mfu 69.05%
iter 23230: loss 4.1022, time 3536.72ms, mfu 69.10%
iter 23240: loss 4.1053, time 3536.44ms, mfu 69.15%
iter 23250: loss 4.1911, time 3536.14ms, mfu 69.19%
iter 23260: loss 4.1467, time 3545.76ms, mfu 69.21%
iter 23270: loss 4.1161, time 3536.49ms, mfu 69.25%
iter 23280: loss 4.1288, time 3529.98ms, mfu 69.30%
iter 23290: loss 4.1370, time 3531.12ms, mfu 69.34%
iter 23300: loss 4.0955, time 3533.71ms, mfu 69.37%
iter 23310: loss 4.1228, time 3537.12ms, mfu 69.39%
iter 23320: loss 3.9368, time 3535.38ms, mfu 69.41%
iter 23330: loss 4.1162, time 3534.29ms, mfu 69.43%
iter 23340: loss 4.1467, time 3536.94ms, mfu 69.44%
iter 23350: loss 4.1740, time 3537.11ms, mfu 69.46%
iter 23360: loss 4.0834, time 3534.81ms, mfu 69.47%
iter 23370: loss 4.1408, time 3544.53ms, mfu 69.47%
iter 23380: loss 4.0990, time 3532.35ms, mfu 69.49%
iter 23390: loss 4.0999, time 3536.33ms, mfu 69.50%
iter 23400: loss 4.1326, time 3530.65ms, mfu 69.52%
iter 23410: loss 4.1426, time 3531.96ms, mfu 69.53%
iter 23420: loss 4.1660, time 3527.26ms, mfu 69.56%
iter 23430: loss 4.1377, time 3544.56ms, mfu 69.54%
iter 23440: loss 4.0704, time 3533.49ms, mfu 69.55%
iter 23450: loss 3.9997, time 3526.65ms, mfu 69.57%
iter 23460: loss 4.1396, time 3530.82ms, mfu 69.59%
iter 23470: loss 4.1439, time 3529.64ms, mfu 69.60%
iter 23480: loss 4.0493, time 3536.11ms, mfu 69.60%
iter 23490: loss 4.1173, time 3532.59ms, mfu 69.60%
iter 23500: loss 4.0254, time 3533.26ms, mfu 69.61%
iter 23510: loss 4.0867, time 3544.01ms, mfu 69.59%
iter 23520: loss 4.1767, time 3565.43ms, mfu 69.53%
iter 23530: loss 4.1450, time 3564.23ms, mfu 69.48%
iter 23540: loss 4.1226, time 3557.38ms, mfu 69.45%
iter 23550: loss 4.1200, time 3555.45ms, mfu 69.43%
iter 23560: loss 4.1482, time 3573.69ms, mfu 69.37%
iter 23570: loss 4.0956, time 3578.85ms, mfu 69.31%
iter 23580: loss 4.0585, time 3568.02ms, mfu 69.28%
iter 23590: loss 4.1106, time 3562.93ms, mfu 69.26%
iter 23600: loss 4.0840, time 3565.71ms, mfu 69.23%
iter 23610: loss 4.0874, time 3568.25ms, mfu 69.20%
iter 23620: loss 4.1431, time 3564.92ms, mfu 69.19%
iter 23630: loss 4.1435, time 3567.45ms, mfu 69.17%
iter 23640: loss 4.0998, time 3565.09ms, mfu 69.15%
iter 23650: loss 4.1256, time 3569.60ms, mfu 69.13%
iter 23660: loss 4.1149, time 3559.72ms, mfu 69.13%
iter 23670: loss 4.1145, time 3560.03ms, mfu 69.13%
iter 23680: loss 4.0722, time 3581.38ms, mfu 69.09%
iter 23690: loss 4.0697, time 3578.54ms, mfu 69.06%
iter 23700: loss 4.1509, time 3571.07ms, mfu 69.04%
iter 23710: loss 4.1751, time 3577.28ms, mfu 69.02%
iter 23720: loss 4.0351, time 3575.15ms, mfu 69.00%
iter 23730: loss 4.1049, time 3573.87ms, mfu 68.98%
iter 23740: loss 4.0535, time 3578.12ms, mfu 68.96%
iter 23750: loss 3.9839, time 3591.09ms, mfu 68.92%
iter 23760: loss 4.0744, time 3577.15ms, mfu 68.91%
iter 23770: loss 4.1536, time 3587.70ms, mfu 68.87%
iter 23780: loss 4.1691, time 3575.61ms, mfu 68.87%
iter 23790: loss 4.0741, time 3569.17ms, mfu 68.88%
iter 23800: loss 4.0829, time 3579.50ms, mfu 68.86%
iter 23810: loss 4.1070, time 3579.08ms, mfu 68.85%
iter 23820: loss 4.1109, time 3570.98ms, mfu 68.86%
iter 23830: loss 4.1477, time 3570.40ms, mfu 68.86%
iter 23840: loss 4.0553, time 3568.73ms, mfu 68.87%
iter 23850: loss 4.0772, time 3566.54ms, mfu 68.89%
iter 23860: loss 4.1042, time 3584.22ms, mfu 68.86%
iter 23870: loss 4.0084, time 3586.11ms, mfu 68.84%
iter 23880: loss 4.1789, time 3572.66ms, mfu 68.84%
iter 23890: loss 4.0895, time 3573.11ms, mfu 68.84%
iter 23900: loss 4.0428, time 3581.16ms, mfu 68.83%
iter 23910: loss 4.1062, time 3570.23ms, mfu 68.84%
iter 23920: loss 4.1405, time 3583.51ms, mfu 68.82%
iter 23930: loss 4.1168, time 3582.08ms, mfu 68.81%
iter 23940: loss 4.0688, time 3579.03ms, mfu 68.81%
iter 23950: loss 4.1384, time 3581.57ms, mfu 68.80%
iter 23960: loss 4.1471, time 3582.04ms, mfu 68.79%
iter 23970: loss 4.0757, time 3577.68ms, mfu 68.79%
iter 23980: loss 4.0706, time 3580.28ms, mfu 68.78%
iter 23990: loss 4.0448, time 3578.51ms, mfu 68.78%
step 24000: train loss 4.0289, val loss 4.0386
saving checkpoint to /net/scratch2/junyuren/nanoGPT-manifold/out-openwebtext-lr4x
iter 24000: loss 4.0827, time 21896.81ms, mfu 63.02%
iter 24010: loss 4.1006, time 3578.84ms, mfu 63.60%
iter 24020: loss 4.0705, time 3581.70ms, mfu 64.11%
iter 24030: loss 4.0353, time 3580.67ms, mfu 64.57%
iter 24040: loss 4.0646, time 3583.03ms, mfu 64.98%
iter 24050: loss 4.0791, time 3581.07ms, mfu 65.35%
iter 24060: loss 4.2074, time 3579.18ms, mfu 65.69%
iter 24070: loss 4.0719, time 3578.16ms, mfu 66.00%
iter 24080: loss 4.0856, time 3576.11ms, mfu 66.28%
iter 24090: loss 4.0572, time 3577.21ms, mfu 66.53%
iter 24100: loss 3.9751, time 3585.33ms, mfu 66.74%
iter 24110: loss 4.0461, time 3584.30ms, mfu 66.93%
iter 24120: loss 4.0143, time 3580.65ms, mfu 67.11%
iter 24130: loss 4.0681, time 3575.74ms, mfu 67.28%
iter 24140: loss 4.0464, time 3577.40ms, mfu 67.43%
iter 24150: loss 4.1321, time 3582.12ms, mfu 67.56%
iter 24160: loss 4.1359, time 3574.93ms, mfu 67.69%
iter 24170: loss 4.1552, time 3576.85ms, mfu 67.80%
iter 24180: loss 4.0534, time 3577.55ms, mfu 67.90%
iter 24190: loss 4.1206, time 3577.66ms, mfu 67.99%
iter 24200: loss 4.0303, time 3571.49ms, mfu 68.08%
iter 24210: loss 4.1756, time 3583.80ms, mfu 68.14%
iter 24220: loss 4.0662, time 3587.96ms, mfu 68.18%
iter 24230: loss 4.0233, time 3577.08ms, mfu 68.24%
iter 24240: loss 4.0915, time 3572.54ms, mfu 68.31%
iter 24250: loss 4.1759, time 3568.29ms, mfu 68.37%
iter 24260: loss 4.0105, time 3580.47ms, mfu 68.41%
iter 24270: loss 4.0805, time 3584.43ms, mfu 68.43%
iter 24280: loss 4.1004, time 3574.71ms, mfu 68.47%
iter 24290: loss 4.1032, time 3585.31ms, mfu 68.49%
iter 24300: loss 4.1647, time 3580.37ms, mfu 68.51%
iter 24310: loss 4.0291, time 3572.66ms, mfu 68.55%
iter 24320: loss 3.9922, time 3565.90ms, mfu 68.60%
iter 24330: loss 4.0588, time 3578.79ms, mfu 68.61%
iter 24340: loss 4.0785, time 3574.56ms, mfu 68.63%
iter 24350: loss 4.1937, time 3568.71ms, mfu 68.67%
iter 24360: loss 4.1277, time 3573.68ms, mfu 68.69%
iter 24370: loss 4.0824, time 3576.82ms, mfu 68.70%
iter 24380: loss 4.0431, time 3582.37ms, mfu 68.70%
iter 24390: loss 4.0617, time 3579.46ms, mfu 68.70%
iter 24400: loss 4.1091, time 3579.42ms, mfu 68.71%
iter 24410: loss 4.0949, time 3590.71ms, mfu 68.69%
iter 24420: loss 4.0763, time 3588.27ms, mfu 68.68%
iter 24430: loss 3.9673, time 3582.86ms, mfu 68.68%
iter 24440: loss 4.0945, time 3577.77ms, mfu 68.69%
iter 24450: loss 4.1819, time 3585.39ms, mfu 68.68%
iter 24460: loss 4.1130, time 3587.18ms, mfu 68.67%
iter 24470: loss 4.0684, time 3585.61ms, mfu 68.67%
iter 24480: loss 4.1521, time 3579.01ms, mfu 68.68%
iter 24490: loss 4.0241, time 3580.65ms, mfu 68.68%
iter 24500: loss 4.1350, time 3578.41ms, mfu 68.69%
iter 24510: loss 4.0710, time 3578.86ms, mfu 68.70%
iter 24520: loss 4.1608, time 3578.46ms, mfu 68.70%
iter 24530: loss 4.0259, time 3588.03ms, mfu 68.69%
iter 24540: loss 4.1258, time 3583.84ms, mfu 68.69%
iter 24550: loss 4.1616, time 3585.39ms, mfu 68.68%
iter 24560: loss 4.0811, time 3581.75ms, mfu 68.69%
iter 24570: loss 4.1507, time 3581.55ms, mfu 68.69%
iter 24580: loss 3.9900, time 3582.22ms, mfu 68.69%
iter 24590: loss 4.1242, time 3581.20ms, mfu 68.69%
iter 24600: loss 4.1208, time 3591.86ms, mfu 68.67%
iter 24610: loss 4.0918, time 3580.27ms, mfu 68.68%
iter 24620: loss 4.0450, time 3581.58ms, mfu 68.68%
iter 24630: loss 4.1794, time 3585.29ms, mfu 68.68%
iter 24640: loss 4.0587, time 3588.09ms, mfu 68.67%
iter 24650: loss 4.0403, time 3582.71ms, mfu 68.67%
iter 24660: loss 4.0816, time 3571.99ms, mfu 68.69%
iter 24670: loss 4.0208, time 3548.78ms, mfu 68.76%
iter 24680: loss 4.0923, time 3553.25ms, mfu 68.81%
iter 24690: loss 4.0908, time 3546.43ms, mfu 68.86%
iter 24700: loss 4.0276, time 3551.89ms, mfu 68.91%
iter 24710: loss 3.9960, time 3541.69ms, mfu 68.96%
iter 24720: loss 4.0904, time 3540.68ms, mfu 69.02%
iter 24730: loss 4.0509, time 3554.51ms, mfu 69.04%
iter 24740: loss 4.1166, time 3550.89ms, mfu 69.06%
iter 24750: loss 4.0596, time 3544.58ms, mfu 69.10%
iter 24760: loss 4.0764, time 3538.63ms, mfu 69.14%
iter 24770: loss 4.1100, time 3553.35ms, mfu 69.16%
iter 24780: loss 4.0519, time 3555.91ms, mfu 69.16%
iter 24790: loss 4.0804, time 3543.06ms, mfu 69.19%
iter 24800: loss 4.1581, time 3546.24ms, mfu 69.21%
iter 24810: loss 4.0174, time 3547.41ms, mfu 69.23%
iter 24820: loss 4.0933, time 3556.42ms, mfu 69.22%
iter 24830: loss 4.0693, time 3553.93ms, mfu 69.22%
iter 24840: loss 4.0565, time 3545.06ms, mfu 69.24%
iter 24850: loss 4.0404, time 3550.41ms, mfu 69.25%
iter 24860: loss 4.1388, time 3549.12ms, mfu 69.26%
iter 24870: loss 4.0884, time 3562.20ms, mfu 69.24%
iter 24880: loss 4.1382, time 3544.31ms, mfu 69.26%
iter 24890: loss 4.0951, time 3548.46ms, mfu 69.27%
iter 24900: loss 4.1036, time 3556.39ms, mfu 69.26%
iter 24910: loss 4.0570, time 3553.88ms, mfu 69.26%
iter 24920: loss 4.0602, time 3553.40ms, mfu 69.26%
iter 24930: loss 4.1312, time 3563.04ms, mfu 69.24%
iter 24940: loss 4.0662, time 3551.57ms, mfu 69.24%
iter 24950: loss 4.0728, time 3547.21ms, mfu 69.26%
iter 24960: loss 4.1517, time 3546.77ms, mfu 69.27%
iter 24970: loss 4.1355, time 3545.47ms, mfu 69.28%
iter 24980: loss 4.0748, time 3546.15ms, mfu 69.29%
iter 24990: loss 4.1680, time 3552.02ms, mfu 69.29%
step 25000: train loss 3.9391, val loss 3.9547
saving checkpoint to /net/scratch2/junyuren/nanoGPT-manifold/out-openwebtext-lr4x
iter 25000: loss 4.1613, time 21971.69ms, mfu 63.48%
iter 25010: loss 4.0778, time 3541.20ms, mfu 64.08%
iter 25020: loss 4.0559, time 3551.24ms, mfu 64.60%
iter 25030: loss 4.0772, time 3555.53ms, mfu 65.06%
iter 25040: loss 4.0586, time 3535.75ms, mfu 65.52%
iter 25050: loss 4.0148, time 3553.76ms, mfu 65.89%
iter 25060: loss 4.0261, time 3549.50ms, mfu 66.23%
iter 25070: loss 4.0335, time 3547.52ms, mfu 66.55%
iter 25080: loss 4.1032, time 3534.97ms, mfu 66.85%
iter 25090: loss 4.0156, time 3543.88ms, mfu 67.11%
iter 25100: loss 4.0981, time 3541.39ms, mfu 67.35%
iter 25110: loss 4.1370, time 3539.05ms, mfu 67.57%
iter 25120: loss 4.1538, time 3543.01ms, mfu 67.76%
iter 25130: loss 4.0031, time 3544.88ms, mfu 67.92%
iter 25140: loss 4.0425, time 3547.50ms, mfu 68.07%
iter 25150: loss 4.0522, time 3553.95ms, mfu 68.18%
iter 25160: loss 4.1173, time 3550.43ms, mfu 68.30%
iter 25170: loss 4.0462, time 3550.42ms, mfu 68.40%
iter 25180: loss 4.0697, time 3551.84ms, mfu 68.49%
iter 25190: loss 4.1448, time 3544.50ms, mfu 68.58%
iter 25200: loss 3.9934, time 3552.92ms, mfu 68.65%
iter 25210: loss 4.1308, time 3552.93ms, mfu 68.71%
iter 25220: loss 4.1195, time 3550.21ms, mfu 68.77%
iter 25230: loss 4.0535, time 3553.63ms, mfu 68.82%
iter 25240: loss 4.0651, time 3553.98ms, mfu 68.86%
iter 25250: loss 3.9875, time 3548.89ms, mfu 68.91%
iter 25260: loss 4.0561, time 3552.28ms, mfu 68.94%
iter 25270: loss 4.1723, time 3551.76ms, mfu 68.98%
iter 25280: loss 3.9839, time 3550.60ms, mfu 69.01%
iter 25290: loss 4.1383, time 3553.71ms, mfu 69.03%
iter 25300: loss 4.1446, time 3546.06ms, mfu 69.07%
iter 25310: loss 4.0823, time 3550.49ms, mfu 69.09%
iter 25320: loss 4.1684, time 3546.00ms, mfu 69.12%
iter 25330: loss 4.1379, time 3552.98ms, mfu 69.14%
iter 25340: loss 4.1134, time 3553.78ms, mfu 69.15%
iter 25350: loss 4.1690, time 3549.79ms, mfu 69.17%
iter 25360: loss 4.0791, time 3548.76ms, mfu 69.18%
iter 25370: loss 4.1802, time 3551.62ms, mfu 69.19%
iter 25380: loss 4.1146, time 3551.18ms, mfu 69.20%
iter 25390: loss 4.1038, time 3551.74ms, mfu 69.21%
iter 25400: loss 4.1897, time 3547.18ms, mfu 69.23%
iter 25410: loss 4.0584, time 3549.81ms, mfu 69.24%
iter 25420: loss 3.9312, time 3549.44ms, mfu 69.25%
iter 25430: loss 4.0460, time 3547.00ms, mfu 69.26%
iter 25440: loss 4.0882, time 3552.07ms, mfu 69.26%
iter 25450: loss 4.1337, time 3550.25ms, mfu 69.27%
iter 25460: loss 4.1190, time 3546.70ms, mfu 69.28%
iter 25470: loss 4.0023, time 3550.60ms, mfu 69.28%
iter 25480: loss 4.1032, time 3547.65ms, mfu 69.29%
iter 25490: loss 4.0461, time 3547.63ms, mfu 69.30%
iter 25500: loss 4.0571, time 3550.03ms, mfu 69.30%
iter 25510: loss 4.1552, time 3548.23ms, mfu 69.30%
iter 25520: loss 4.1019, time 3548.95ms, mfu 69.31%
iter 25530: loss 4.0794, time 3544.76ms, mfu 69.32%
iter 25540: loss 4.1156, time 3551.45ms, mfu 69.32%
iter 25550: loss 4.0540, time 3555.41ms, mfu 69.31%
iter 25560: loss 4.0825, time 3544.21ms, mfu 69.32%
iter 25570: loss 4.0765, time 3550.98ms, mfu 69.32%
iter 25580: loss 4.0839, time 3548.53ms, mfu 69.32%
iter 25590: loss 4.1143, time 3547.67ms, mfu 69.32%
iter 25600: loss 4.1396, time 3546.48ms, mfu 69.33%
iter 25610: loss 4.1725, time 3549.93ms, mfu 69.33%
iter 25620: loss 4.0521, time 3584.89ms, mfu 69.26%
iter 25630: loss 4.1068, time 3547.99ms, mfu 69.27%
iter 25640: loss 4.1073, time 3545.41ms, mfu 69.28%
iter 25650: loss 4.0643, time 3547.10ms, mfu 69.29%
iter 25660: loss 4.0860, time 3548.99ms, mfu 69.30%
iter 25670: loss 4.1412, time 3559.19ms, mfu 69.28%
iter 25680: loss 4.0785, time 3550.43ms, mfu 69.28%
iter 25690: loss 4.1378, time 3552.92ms, mfu 69.28%
iter 25700: loss 4.1375, time 3545.53ms, mfu 69.29%
iter 25710: loss 4.1146, time 3546.50ms, mfu 69.30%
iter 25720: loss 4.1354, time 3551.13ms, mfu 69.30%
iter 25730: loss 3.9941, time 3547.48ms, mfu 69.31%
iter 25740: loss 3.9634, time 3547.86ms, mfu 69.31%
iter 25750: loss 4.1266, time 3548.75ms, mfu 69.32%
iter 25760: loss 4.0772, time 3543.24ms, mfu 69.33%
iter 25770: loss 4.1850, time 3551.28ms, mfu 69.33%
iter 25780: loss 4.0571, time 3551.67ms, mfu 69.32%
iter 25790: loss 4.0521, time 3550.94ms, mfu 69.32%
iter 25800: loss 4.0552, time 3551.39ms, mfu 69.32%
iter 25810: loss 4.0948, time 3547.01ms, mfu 69.32%
iter 25820: loss 4.0854, time 3557.96ms, mfu 69.31%
iter 25830: loss 4.0559, time 3554.61ms, mfu 69.30%
iter 25840: loss 4.1119, time 3554.66ms, mfu 69.29%
iter 25850: loss 4.1216, time 3550.59ms, mfu 69.29%
iter 25860: loss 4.0951, time 3549.46ms, mfu 69.30%
iter 25870: loss 4.0929, time 3534.48ms, mfu 69.33%
iter 25880: loss 4.0091, time 3534.31ms, mfu 69.36%
iter 25890: loss 4.1367, time 3553.33ms, mfu 69.35%
iter 25900: loss 4.1831, time 3552.07ms, mfu 69.34%
iter 25910: loss 4.0535, time 3554.49ms, mfu 69.33%
iter 25920: loss 4.0755, time 3547.08ms, mfu 69.33%
iter 25930: loss 4.0427, time 3545.91ms, mfu 69.34%
iter 25940: loss 4.0589, time 3549.36ms, mfu 69.34%
iter 25950: loss 4.1373, time 3545.71ms, mfu 69.35%
iter 25960: loss 4.1212, time 3546.88ms, mfu 69.35%
iter 25970: loss 4.1041, time 3541.69ms, mfu 69.36%
iter 25980: loss 4.0646, time 3548.24ms, mfu 69.36%
iter 25990: loss 4.0865, time 3572.99ms, mfu 69.31%
step 26000: train loss 3.9678, val loss 3.9844
saving checkpoint to /net/scratch2/junyuren/nanoGPT-manifold/out-openwebtext-lr4x
iter 26000: loss 4.0839, time 21964.21ms, mfu 63.50%
iter 26010: loss 4.1046, time 3575.30ms, mfu 64.03%
iter 26020: loss 4.0541, time 3540.70ms, mfu 64.58%
iter 26030: loss 4.1146, time 3542.09ms, mfu 65.07%
iter 26040: loss 4.0978, time 3546.67ms, mfu 65.50%
iter 26050: loss 4.0753, time 3542.06ms, mfu 65.90%
iter 26060: loss 4.1242, time 3548.06ms, mfu 66.24%
iter 26070: loss 4.0432, time 3548.98ms, mfu 66.55%
iter 26080: loss 4.0751, time 3547.09ms, mfu 66.84%
iter 26090: loss 4.0907, time 3544.49ms, mfu 67.09%
iter 26100: loss 4.1319, time 3548.33ms, mfu 67.32%
iter 26110: loss 4.0527, time 3545.64ms, mfu 67.53%
iter 26120: loss 4.1178, time 3545.96ms, mfu 67.72%
iter 26130: loss 4.2180, time 3537.42ms, mfu 67.90%
iter 26140: loss 4.0204, time 3540.55ms, mfu 68.06%
iter 26150: loss 4.1659, time 3546.85ms, mfu 68.19%
iter 26160: loss 4.0514, time 3542.43ms, mfu 68.32%
iter 26170: loss 4.0469, time 3544.92ms, mfu 68.43%
iter 26180: loss 4.0786, time 3547.86ms, mfu 68.52%
iter 26190: loss 4.1081, time 3547.50ms, mfu 68.61%
iter 26200: loss 4.1221, time 3550.05ms, mfu 68.68%
iter 26210: loss 4.1375, time 3549.79ms, mfu 68.74%
iter 26220: loss 4.1096, time 3548.06ms, mfu 68.80%
iter 26230: loss 4.0832, time 3547.44ms, mfu 68.86%
iter 26240: loss 4.0730, time 3547.17ms, mfu 68.91%
iter 26250: loss 4.1017, time 3550.14ms, mfu 68.95%
iter 26260: loss 4.0738, time 3540.95ms, mfu 69.01%
iter 26270: loss 4.0423, time 3543.61ms, mfu 69.05%
iter 26280: loss 4.0721, time 3541.62ms, mfu 69.09%
iter 26290: loss 4.0722, time 3551.02ms, mfu 69.11%
iter 26300: loss 4.0284, time 3543.43ms, mfu 69.15%
iter 26310: loss 4.1391, time 3546.02ms, mfu 69.17%
iter 26320: loss 4.0472, time 3542.82ms, mfu 69.20%
iter 26330: loss 4.0888, time 3547.39ms, mfu 69.22%
iter 26340: loss 4.1364, time 3547.84ms, mfu 69.23%
iter 26350: loss 4.0031, time 3541.03ms, mfu 69.26%
iter 26360: loss 4.1441, time 3544.18ms, mfu 69.27%
iter 26370: loss 4.0384, time 3544.06ms, mfu 69.29%
iter 26380: loss 4.1273, time 3550.58ms, mfu 69.29%
iter 26390: loss 4.0788, time 3545.92ms, mfu 69.30%
iter 26400: loss 4.1264, time 3547.88ms, mfu 69.31%
iter 26410: loss 4.1537, time 3547.23ms, mfu 69.31%
iter 26420: loss 4.1132, time 3548.62ms, mfu 69.32%
iter 26430: loss 4.1316, time 3550.37ms, mfu 69.32%
iter 26440: loss 4.1249, time 3549.11ms, mfu 69.32%
iter 26450: loss 4.0593, time 3543.37ms, mfu 69.33%
iter 26460: loss 4.0773, time 3545.46ms, mfu 69.34%
iter 26470: loss 4.1878, time 3545.35ms, mfu 69.35%
iter 26480: loss 4.1246, time 3550.96ms, mfu 69.34%
iter 26490: loss 4.1493, time 3546.45ms, mfu 69.35%
iter 26500: loss 3.8743, time 3546.57ms, mfu 69.35%
iter 26510: loss 4.1723, time 3545.26ms, mfu 69.36%
iter 26520: loss 4.0741, time 3551.76ms, mfu 69.35%
iter 26530: loss 4.1207, time 3547.90ms, mfu 69.35%
iter 26540: loss 4.0805, time 3545.41ms, mfu 69.36%
iter 26550: loss 4.0883, time 3548.20ms, mfu 69.36%
iter 26560: loss 4.0862, time 3546.21ms, mfu 69.36%
iter 26570: loss 4.0155, time 3549.98ms, mfu 69.35%
iter 26580: loss 4.1219, time 3544.81ms, mfu 69.36%
iter 26590: loss 4.1058, time 3548.89ms, mfu 69.36%
iter 26600: loss 4.0967, time 3548.21ms, mfu 69.36%
iter 26610: loss 3.9322, time 3550.89ms, mfu 69.35%
iter 26620: loss 4.0781, time 3553.08ms, mfu 69.34%
iter 26630: loss 4.0992, time 3535.48ms, mfu 69.37%
iter 26640: loss 4.0913, time 3536.55ms, mfu 69.39%
iter 26650: loss 4.0720, time 3541.67ms, mfu 69.40%
iter 26660: loss 4.1063, time 3548.85ms, mfu 69.39%
iter 26670: loss 4.0471, time 3529.60ms, mfu 69.43%
iter 26680: loss 4.1161, time 3524.79ms, mfu 69.46%
iter 26690: loss 4.0466, time 3528.10ms, mfu 69.49%
iter 26700: loss 4.0619, time 3526.68ms, mfu 69.52%
iter 26710: loss 4.0468, time 3521.77ms, mfu 69.56%
iter 26720: loss 4.1356, time 3522.15ms, mfu 69.59%
iter 26730: loss 4.0794, time 3520.60ms, mfu 69.62%
iter 26740: loss 4.0951, time 3529.10ms, mfu 69.63%
iter 26750: loss 4.1179, time 3522.33ms, mfu 69.65%
iter 26760: loss 4.0561, time 3521.25ms, mfu 69.68%
iter 26770: loss 4.1077, time 3520.85ms, mfu 69.70%
iter 26780: loss 4.0679, time 3524.26ms, mfu 69.71%
iter 26790: loss 4.1114, time 3520.57ms, mfu 69.73%
iter 26800: loss 4.1424, time 3525.26ms, mfu 69.74%
iter 26810: loss 4.0945, time 3531.46ms, mfu 69.73%
iter 26820: loss 4.0721, time 3522.33ms, mfu 69.74%
iter 26830: loss 3.9810, time 3521.60ms, mfu 69.76%
iter 26840: loss 4.0822, time 3522.01ms, mfu 69.77%
iter 26850: loss 4.1148, time 3519.89ms, mfu 69.78%
iter 26860: loss 4.1236, time 3518.22ms, mfu 69.80%
iter 26870: loss 4.0208, time 3522.67ms, mfu 69.80%
iter 26880: loss 4.0512, time 3514.50ms, mfu 69.83%
iter 26890: loss 4.1240, time 3520.23ms, mfu 69.83%
iter 26900: loss 4.0676, time 3516.08ms, mfu 69.85%
iter 26910: loss 4.1014, time 3526.44ms, mfu 69.84%
iter 26920: loss 4.0527, time 3521.55ms, mfu 69.85%
iter 26930: loss 4.0738, time 3518.85ms, mfu 69.85%
iter 26940: loss 4.1341, time 3520.96ms, mfu 69.86%
iter 26950: loss 4.1067, time 3531.26ms, mfu 69.84%
iter 26960: loss 4.0674, time 3528.67ms, mfu 69.83%
iter 26970: loss 4.1263, time 3520.58ms, mfu 69.84%
iter 26980: loss 4.0969, time 3515.18ms, mfu 69.85%
iter 26990: loss 4.1352, time 3520.17ms, mfu 69.86%
step 27000: train loss 4.1046, val loss 4.1120
saving checkpoint to /net/scratch2/junyuren/nanoGPT-manifold/out-openwebtext-lr4x
iter 27000: loss 4.1114, time 21397.70ms, mfu 64.02%
iter 27010: loss 4.0447, time 3520.64ms, mfu 64.61%
iter 27020: loss 4.0881, time 3529.10ms, mfu 65.12%
iter 27030: loss 4.1042, time 3530.89ms, mfu 65.58%
iter 27040: loss 4.0746, time 3528.66ms, mfu 65.99%
iter 27050: loss 4.0500, time 3530.88ms, mfu 66.36%
iter 27060: loss 3.9583, time 3545.62ms, mfu 66.67%
iter 27070: loss 4.1014, time 3541.96ms, mfu 66.95%
iter 27080: loss 4.1654, time 3529.54ms, mfu 67.23%
iter 27090: loss 4.0980, time 3534.67ms, mfu 67.47%
iter 27100: loss 4.0794, time 3536.93ms, mfu 67.68%
iter 27110: loss 4.0923, time 3539.21ms, mfu 67.86%
iter 27120: loss 4.1173, time 3535.49ms, mfu 68.04%
iter 27130: loss 4.0502, time 3533.88ms, mfu 68.20%
iter 27140: loss 4.1659, time 3545.75ms, mfu 68.32%
iter 27150: loss 4.1571, time 3536.54ms, mfu 68.44%
iter 27160: loss 4.1178, time 3531.82ms, mfu 68.57%
iter 27170: loss 4.0108, time 3536.79ms, mfu 68.67%
iter 27180: loss 4.0636, time 3532.91ms, mfu 68.77%
iter 27190: loss 4.0088, time 3532.67ms, mfu 68.85%
iter 27200: loss 4.1161, time 3536.80ms, mfu 68.93%
iter 27210: loss 4.1275, time 3530.59ms, mfu 69.00%
iter 27220: loss 4.0757, time 3534.87ms, mfu 69.06%
iter 27230: loss 3.9832, time 3532.60ms, mfu 69.12%
iter 27240: loss 4.1113, time 3534.76ms, mfu 69.17%
iter 27250: loss 4.0698, time 3538.99ms, mfu 69.21%
iter 27260: loss 4.1684, time 3534.19ms, mfu 69.25%
iter 27270: loss 4.0425, time 3536.69ms, mfu 69.28%
iter 27280: loss 4.1339, time 3527.32ms, mfu 69.33%
iter 27290: loss 4.1157, time 3531.27ms, mfu 69.37%
iter 27300: loss 4.0920, time 3532.43ms, mfu 69.40%
iter 27310: loss 4.1319, time 3537.44ms, mfu 69.41%
iter 27320: loss 4.1040, time 3543.26ms, mfu 69.42%
iter 27330: loss 4.0896, time 3533.73ms, mfu 69.44%
iter 27340: loss 4.0879, time 3528.40ms, mfu 69.47%
iter 27350: loss 4.0727, time 3531.03ms, mfu 69.49%
iter 27360: loss 4.0969, time 3534.46ms, mfu 69.50%
iter 27370: loss 4.0429, time 3535.17ms, mfu 69.51%
iter 27380: loss 4.0210, time 3532.83ms, mfu 69.53%
iter 27390: loss 4.1262, time 3540.03ms, mfu 69.53%
iter 27400: loss 4.0574, time 3540.67ms, mfu 69.52%
iter 27410: loss 4.1003, time 3537.85ms, mfu 69.53%
iter 27420: loss 4.1154, time 3544.09ms, mfu 69.52%
iter 27430: loss 4.1874, time 3536.92ms, mfu 69.52%
iter 27440: loss 4.1085, time 3534.90ms, mfu 69.53%
iter 27450: loss 4.1760, time 3531.93ms, mfu 69.55%
iter 27460: loss 4.0380, time 3533.15ms, mfu 69.56%
iter 27470: loss 4.0406, time 3526.15ms, mfu 69.58%
iter 27480: loss 4.0713, time 3531.87ms, mfu 69.59%
iter 27490: loss 4.1038, time 3524.65ms, mfu 69.61%
iter 27500: loss 4.1233, time 3538.58ms, mfu 69.60%
iter 27510: loss 4.1004, time 3563.70ms, mfu 69.55%
iter 27520: loss 4.0323, time 3564.10ms, mfu 69.50%
iter 27530: loss 4.0570, time 3562.21ms, mfu 69.46%
iter 27540: loss 4.0948, time 3563.11ms, mfu 69.42%
iter 27550: loss 4.0134, time 3568.57ms, mfu 69.37%
iter 27560: loss 4.0229, time 3559.01ms, mfu 69.35%
iter 27570: loss 4.0820, time 3566.66ms, mfu 69.31%
iter 27580: loss 4.0443, time 3557.08ms, mfu 69.30%
iter 27590: loss 4.1368, time 3556.87ms, mfu 69.29%
iter 27600: loss 4.0590, time 3555.34ms, mfu 69.28%
iter 27610: loss 4.1817, time 3561.89ms, mfu 69.26%
iter 27620: loss 4.0576, time 3564.21ms, mfu 69.24%
iter 27630: loss 4.0826, time 3555.73ms, mfu 69.24%
iter 27640: loss 4.0337, time 3566.38ms, mfu 69.21%
iter 27650: loss 4.0580, time 3565.52ms, mfu 69.19%
iter 27660: loss 4.1301, time 3560.78ms, mfu 69.18%
iter 27670: loss 4.1331, time 3558.21ms, mfu 69.18%
iter 27680: loss 4.1403, time 3569.00ms, mfu 69.16%
iter 27690: loss 4.1634, time 3561.15ms, mfu 69.15%
iter 27700: loss 4.0913, time 3568.62ms, mfu 69.13%
iter 27710: loss 4.0999, time 3556.58ms, mfu 69.14%
iter 27720: loss 4.1310, time 3558.33ms, mfu 69.14%
iter 27730: loss 4.1100, time 3563.33ms, mfu 69.13%
iter 27740: loss 4.0185, time 3541.47ms, mfu 69.17%
iter 27750: loss 4.0785, time 3536.53ms, mfu 69.21%
iter 27760: loss 4.1640, time 3564.87ms, mfu 69.19%
iter 27770: loss 4.1920, time 3560.50ms, mfu 69.18%
iter 27780: loss 4.0514, time 3519.47ms, mfu 69.26%
iter 27790: loss 4.0998, time 3531.89ms, mfu 69.30%
iter 27800: loss 4.0676, time 3532.00ms, mfu 69.34%
iter 27810: loss 4.0770, time 3535.59ms, mfu 69.36%
iter 27820: loss 4.0712, time 3535.99ms, mfu 69.38%
iter 27830: loss 4.0948, time 3556.26ms, mfu 69.37%
iter 27840: loss 4.0799, time 3561.00ms, mfu 69.34%
iter 27850: loss 4.1048, time 3561.92ms, mfu 69.31%
iter 27860: loss 4.0934, time 3562.78ms, mfu 69.29%
iter 27870: loss 4.2180, time 3562.84ms, mfu 69.27%
iter 27880: loss 4.0256, time 3553.50ms, mfu 69.27%
iter 27890: loss 4.1348, time 3555.14ms, mfu 69.26%
iter 27900: loss 4.0124, time 3561.25ms, mfu 69.24%
iter 27910: loss 4.0976, time 3567.97ms, mfu 69.22%
iter 27920: loss 4.0960, time 3559.60ms, mfu 69.21%
iter 27930: loss 4.0279, time 3561.73ms, mfu 69.20%
iter 27940: loss 4.1072, time 3569.41ms, mfu 69.17%
iter 27950: loss 4.0259, time 3556.96ms, mfu 69.17%
iter 27960: loss 4.1051, time 3564.77ms, mfu 69.16%
iter 27970: loss 4.0019, time 3564.11ms, mfu 69.15%
iter 27980: loss 4.0786, time 3561.83ms, mfu 69.14%
iter 27990: loss 4.0922, time 3557.11ms, mfu 69.14%
step 28000: train loss 4.0023, val loss 4.0119
saving checkpoint to /net/scratch2/junyuren/nanoGPT-manifold/out-openwebtext-lr4x
iter 28000: loss 4.0386, time 21942.45ms, mfu 63.35%
iter 28010: loss 4.0844, time 3561.21ms, mfu 63.93%
iter 28020: loss 4.0545, time 3561.48ms, mfu 64.44%
iter 28030: loss 4.1056, time 3564.11ms, mfu 64.90%
iter 28040: loss 4.0982, time 3563.17ms, mfu 65.32%
iter 28050: loss 4.0174, time 3563.09ms, mfu 65.69%
iter 28060: loss 4.0687, time 3562.23ms, mfu 66.03%
iter 28070: loss 4.0956, time 3562.78ms, mfu 66.34%
iter 28080: loss 4.0892, time 3557.57ms, mfu 66.62%
iter 28090: loss 4.0936, time 3569.90ms, mfu 66.85%
iter 28100: loss 4.0795, time 3561.83ms, mfu 67.07%
iter 28110: loss 4.0288, time 3563.47ms, mfu 67.27%
iter 28120: loss 4.1062, time 3563.35ms, mfu 67.45%
iter 28130: loss 4.1225, time 3564.02ms, mfu 67.61%
iter 28140: loss 4.0228, time 3572.94ms, mfu 67.74%
iter 28150: loss 4.0580, time 3565.87ms, mfu 67.86%
iter 28160: loss 4.1166, time 3562.37ms, mfu 67.98%
iter 28170: loss 4.1251, time 3573.13ms, mfu 68.07%
iter 28180: loss 4.1419, time 3550.81ms, mfu 68.20%
iter 28190: loss 4.1096, time 3573.71ms, mfu 68.26%
iter 28200: loss 4.1172, time 3570.22ms, mfu 68.33%
iter 28210: loss 4.0592, time 3567.90ms, mfu 68.39%
iter 28220: loss 4.0989, time 3567.80ms, mfu 68.45%
iter 28230: loss 4.0752, time 3573.59ms, mfu 68.49%
iter 28240: loss 4.0471, time 3570.25ms, mfu 68.53%
iter 28250: loss 4.0817, time 3555.40ms, mfu 68.60%
iter 28260: loss 4.0766, time 3569.54ms, mfu 68.64%
iter 28270: loss 4.1253, time 3545.49ms, mfu 68.71%
iter 28280: loss 4.1254, time 3561.22ms, mfu 68.75%
iter 28290: loss 3.9908, time 3566.07ms, mfu 68.78%
iter 28300: loss 4.1148, time 3563.10ms, mfu 68.81%
iter 28310: loss 4.0491, time 3564.07ms, mfu 68.83%
iter 28320: loss 4.1018, time 3560.34ms, mfu 68.86%
iter 28330: loss 4.0656, time 3567.13ms, mfu 68.87%
iter 28340: loss 4.0058, time 3585.50ms, mfu 68.85%
iter 28350: loss 4.1031, time 3562.79ms, mfu 68.87%
iter 28360: loss 4.1122, time 3549.24ms, mfu 68.92%
iter 28370: loss 4.1479, time 3559.88ms, mfu 68.94%
iter 28380: loss 4.0971, time 3563.93ms, mfu 68.95%
iter 28390: loss 4.0638, time 3569.71ms, mfu 68.95%
iter 28400: loss 4.1132, time 3565.18ms, mfu 68.95%
iter 28410: loss 4.0954, time 3563.56ms, mfu 68.96%
iter 28420: loss 4.1321, time 3564.29ms, mfu 68.97%
iter 28430: loss 4.0972, time 3568.92ms, mfu 68.97%
iter 28440: loss 4.0177, time 3560.47ms, mfu 68.98%
iter 28450: loss 4.0908, time 3563.53ms, mfu 68.99%
iter 28460: loss 3.9808, time 3563.95ms, mfu 69.00%
iter 28470: loss 4.0714, time 3568.62ms, mfu 68.99%
iter 28480: loss 4.0514, time 3565.67ms, mfu 68.99%
iter 28490: loss 4.0830, time 3560.31ms, mfu 69.01%
iter 28500: loss 4.0724, time 3576.03ms, mfu 68.99%
iter 28510: loss 4.0950, time 3564.88ms, mfu 68.99%
iter 28520: loss 4.0270, time 3568.82ms, mfu 68.99%
iter 28530: loss 4.0801, time 3569.94ms, mfu 68.98%
iter 28540: loss 4.0233, time 3566.92ms, mfu 68.98%
iter 28550: loss 4.1272, time 3571.28ms, mfu 68.97%
iter 28560: loss 4.1222, time 3561.23ms, mfu 68.99%
iter 28570: loss 4.0810, time 3565.02ms, mfu 68.99%
iter 28580: loss 4.0784, time 3566.97ms, mfu 68.99%
iter 28590: loss 4.0686, time 3576.76ms, mfu 68.97%
iter 28600: loss 4.0935, time 3562.39ms, mfu 68.98%
iter 28610: loss 4.0089, time 3564.68ms, mfu 68.99%
iter 28620: loss 4.0729, time 3568.97ms, mfu 68.98%
iter 28630: loss 4.1015, time 3547.52ms, mfu 69.02%
iter 28640: loss 4.0733, time 3558.36ms, mfu 69.03%
iter 28650: loss 4.0237, time 3564.55ms, mfu 69.03%
iter 28660: loss 4.0365, time 3566.77ms, mfu 69.03%
iter 28670: loss 4.1268, time 3542.45ms, mfu 69.07%
iter 28680: loss 4.1610, time 3571.92ms, mfu 69.06%
iter 28690: loss 4.0320, time 3573.72ms, mfu 69.04%
iter 28700: loss 4.0497, time 3566.41ms, mfu 69.03%
iter 28710: loss 4.0638, time 3567.19ms, mfu 69.03%
iter 28720: loss 4.0746, time 3565.47ms, mfu 69.03%
iter 28730: loss 4.0887, time 3569.95ms, mfu 69.02%
iter 28740: loss 4.1086, time 3553.00ms, mfu 69.04%
iter 28750: loss 4.0380, time 3567.81ms, mfu 69.03%
iter 28760: loss 4.0196, time 3550.78ms, mfu 69.06%
iter 28770: loss 4.0457, time 3537.66ms, mfu 69.11%
iter 28780: loss 4.1479, time 3565.21ms, mfu 69.10%
iter 28790: loss 4.0652, time 3568.31ms, mfu 69.09%
iter 28800: loss 4.1391, time 3575.99ms, mfu 69.06%
iter 28810: loss 4.1392, time 3557.21ms, mfu 69.07%
iter 28820: loss 4.0889, time 3548.55ms, mfu 69.10%
iter 28830: loss 4.1134, time 3572.27ms, mfu 69.08%
iter 28840: loss 4.1483, time 3568.37ms, mfu 69.07%
iter 28850: loss 4.0709, time 3568.56ms, mfu 69.06%
iter 28860: loss 4.0815, time 3565.23ms, mfu 69.05%
iter 28870: loss 4.1698, time 3562.61ms, mfu 69.05%
iter 28880: loss 4.0812, time 3560.85ms, mfu 69.06%
iter 28890: loss 4.0116, time 3567.14ms, mfu 69.05%
iter 28900: loss 4.1214, time 3564.51ms, mfu 69.05%
iter 28910: loss 4.0531, time 3576.68ms, mfu 69.03%
iter 28920: loss 4.1271, time 3567.14ms, mfu 69.02%
iter 28930: loss 3.9283, time 3562.41ms, mfu 69.03%
iter 28940: loss 4.1524, time 3567.78ms, mfu 69.02%
iter 28950: loss 4.0471, time 3577.11ms, mfu 69.00%
iter 28960: loss 4.1722, time 3571.04ms, mfu 68.99%
iter 28970: loss 4.0922, time 3572.00ms, mfu 68.98%
iter 28980: loss 4.1013, time 3566.35ms, mfu 68.98%
iter 28990: loss 4.0271, time 3568.66ms, mfu 68.98%
step 29000: train loss 3.9359, val loss 3.9458
saving checkpoint to /net/scratch2/junyuren/nanoGPT-manifold/out-openwebtext-lr4x
iter 29000: loss 4.0518, time 21872.70ms, mfu 63.21%
iter 29010: loss 4.1332, time 3568.09ms, mfu 63.78%
iter 29020: loss 4.0197, time 3580.93ms, mfu 64.28%
iter 29030: loss 4.0761, time 3576.83ms, mfu 64.73%
iter 29040: loss 4.0994, time 3575.28ms, mfu 65.14%
iter 29050: loss 4.0638, time 3577.16ms, mfu 65.50%
iter 29060: loss 4.0848, time 3584.36ms, mfu 65.82%
iter 29070: loss 4.1079, time 3582.04ms, mfu 66.11%
iter 29080: loss 4.0906, time 3574.86ms, mfu 66.38%
iter 29090: loss 4.0657, time 3556.13ms, mfu 66.66%
iter 29100: loss 4.1653, time 3597.12ms, mfu 66.84%
iter 29110: loss 4.1473, time 3589.67ms, mfu 67.01%
iter 29120: loss 4.0641, time 3570.61ms, mfu 67.20%
iter 29130: loss 4.0173, time 3572.85ms, mfu 67.37%
iter 29140: loss 4.1201, time 3580.69ms, mfu 67.50%
iter 29150: loss 4.0740, time 3578.57ms, mfu 67.63%
iter 29160: loss 4.0706, time 3581.58ms, mfu 67.74%
iter 29170: loss 4.0660, time 3585.62ms, mfu 67.83%
iter 29180: loss 4.0802, time 3580.41ms, mfu 67.92%
iter 29190: loss 4.1008, time 3578.81ms, mfu 68.00%
iter 29200: loss 4.0869, time 3585.60ms, mfu 68.06%
iter 29210: loss 4.0338, time 3583.27ms, mfu 68.12%
iter 29220: loss 4.1232, time 3580.76ms, mfu 68.18%
iter 29230: loss 4.0733, time 3586.92ms, mfu 68.23%
iter 29240: loss 4.0799, time 3584.91ms, mfu 68.27%
iter 29250: loss 4.1458, time 3576.43ms, mfu 68.32%
iter 29260: loss 4.0157, time 3578.99ms, mfu 68.36%
iter 29270: loss 4.0631, time 3591.59ms, mfu 68.38%
iter 29280: loss 4.1178, time 3584.74ms, mfu 68.41%
iter 29290: loss 4.0959, time 3580.01ms, mfu 68.44%
iter 29300: loss 4.0589, time 3591.49ms, mfu 68.45%
iter 29310: loss 4.1009, time 3585.48ms, mfu 68.47%
iter 29320: loss 4.0011, time 3578.85ms, mfu 68.49%
iter 29330: loss 4.0834, time 3581.45ms, mfu 68.52%
iter 29340: loss 4.1193, time 3575.64ms, mfu 68.55%
iter 29350: loss 4.1005, time 3583.29ms, mfu 68.56%
iter 29360: loss 4.0946, time 3580.52ms, mfu 68.58%
iter 29370: loss 4.0852, time 3584.11ms, mfu 68.58%
iter 29380: loss 4.0551, time 3582.93ms, mfu 68.59%
iter 29390: loss 4.0735, time 3577.65ms, mfu 68.61%
iter 29400: loss 4.0540, time 3579.01ms, mfu 68.63%
iter 29410: loss 4.0519, time 3576.85ms, mfu 68.64%
iter 29420: loss 4.0664, time 3575.03ms, mfu 68.66%
iter 29430: loss 4.1310, time 3572.19ms, mfu 68.69%
iter 29440: loss 4.1021, time 3581.19ms, mfu 68.69%
iter 29450: loss 4.0665, time 3577.07ms, mfu 68.70%
iter 29460: loss 4.0691, time 3571.55ms, mfu 68.72%
iter 29470: loss 4.0551, time 3576.89ms, mfu 68.73%
iter 29480: loss 4.0586, time 3579.95ms, mfu 68.73%
iter 29490: loss 4.0649, time 3579.02ms, mfu 68.73%
iter 29500: loss 4.0764, time 3584.70ms, mfu 68.72%
iter 29510: loss 4.1172, time 3583.06ms, mfu 68.72%
iter 29520: loss 4.0642, time 3567.21ms, mfu 68.74%
iter 29530: loss 4.0408, time 3566.02ms, mfu 68.77%
iter 29540: loss 4.0702, time 3574.84ms, mfu 68.78%
iter 29550: loss 4.1212, time 3583.80ms, mfu 68.77%
iter 29560: loss 4.0934, time 3585.12ms, mfu 68.75%
iter 29570: loss 4.0116, time 3581.81ms, mfu 68.75%
iter 29580: loss 4.0458, time 3583.97ms, mfu 68.74%
iter 29590: loss 4.0878, time 3564.69ms, mfu 68.77%
iter 29600: loss 4.1005, time 3581.77ms, mfu 68.76%
iter 29610: loss 4.0571, time 3564.48ms, mfu 68.79%
iter 29620: loss 4.0879, time 3545.09ms, mfu 68.85%
iter 29630: loss 4.0628, time 3585.18ms, mfu 68.83%
iter 29640: loss 4.0919, time 3580.51ms, mfu 68.82%
iter 29650: loss 4.0075, time 3582.79ms, mfu 68.81%
iter 29660: loss 4.0489, time 3584.58ms, mfu 68.79%
iter 29670: loss 4.1036, time 3582.65ms, mfu 68.78%
iter 29680: loss 4.1443, time 3572.13ms, mfu 68.79%
iter 29690: loss 4.0547, time 3588.14ms, mfu 68.77%
iter 29700: loss 4.1390, time 3580.85ms, mfu 68.76%
iter 29710: loss 4.0978, time 3570.89ms, mfu 68.78%
iter 29720: loss 4.1207, time 3570.61ms, mfu 68.79%
iter 29730: loss 4.0620, time 3578.58ms, mfu 68.79%
iter 29740: loss 4.0607, time 3578.41ms, mfu 68.79%
iter 29750: loss 4.0846, time 3562.22ms, mfu 68.82%
iter 29760: loss 3.9816, time 3580.80ms, mfu 68.81%
iter 29770: loss 4.1059, time 3586.79ms, mfu 68.79%
iter 29780: loss 4.1166, time 3583.21ms, mfu 68.78%
iter 29790: loss 4.1187, time 3585.55ms, mfu 68.76%
iter 29800: loss 4.0697, time 3581.22ms, mfu 68.76%
iter 29810: loss 4.0293, time 3585.01ms, mfu 68.75%
iter 29820: loss 4.1093, time 3584.19ms, mfu 68.74%
iter 29830: loss 4.1155, time 3580.22ms, mfu 68.74%
iter 29840: loss 4.1020, time 3586.71ms, mfu 68.72%
iter 29850: loss 4.0190, time 3582.52ms, mfu 68.72%
iter 29860: loss 4.0970, time 3577.54ms, mfu 68.73%
iter 29870: loss 4.0559, time 3582.57ms, mfu 68.72%
iter 29880: loss 4.0513, time 3574.98ms, mfu 68.73%
iter 29890: loss 4.0497, time 3579.29ms, mfu 68.74%
iter 29900: loss 4.0300, time 3574.40ms, mfu 68.75%
iter 29910: loss 4.1807, time 3578.77ms, mfu 68.75%
iter 29920: loss 4.0857, time 3579.39ms, mfu 68.75%
iter 29930: loss 4.1147, time 3589.46ms, mfu 68.73%
iter 29940: loss 4.1794, time 3579.72ms, mfu 68.73%
iter 29950: loss 4.0383, time 3579.61ms, mfu 68.73%
iter 29960: loss 4.1490, time 3580.37ms, mfu 68.73%
iter 29970: loss 4.1181, time 3576.65ms, mfu 68.74%
iter 29980: loss 4.1395, time 3582.28ms, mfu 68.73%
iter 29990: loss 4.0695, time 3581.41ms, mfu 68.73%
step 30000: train loss 4.0249, val loss 4.0387
saving checkpoint to /net/scratch2/junyuren/nanoGPT-manifold/out-openwebtext-lr4x
iter 30000: loss 4.1080, time 22033.08ms, mfu 62.97%
iter 30010: loss 4.0884, time 3580.35ms, mfu 63.55%
iter 30020: loss 4.0229, time 3578.26ms, mfu 64.07%
iter 30030: loss 4.0331, time 3577.84ms, mfu 64.54%
iter 30040: loss 4.0812, time 3581.92ms, mfu 64.96%
iter 30050: loss 4.1545, time 3578.90ms, mfu 65.34%
iter 30060: loss 4.0495, time 3581.27ms, mfu 65.68%
iter 30070: loss 4.0265, time 3579.55ms, mfu 65.98%
iter 30080: loss 4.0892, time 3580.90ms, mfu 66.26%
iter 30090: loss 4.0898, time 3558.15ms, mfu 66.55%
iter 30100: loss 4.0852, time 3577.34ms, mfu 66.77%
iter 30110: loss 4.1170, time 3585.63ms, mfu 66.96%
iter 30120: loss 4.1115, time 3575.33ms, mfu 67.14%
iter 30130: loss 4.2458, time 3582.03ms, mfu 67.30%
iter 30140: loss 4.1304, time 3560.25ms, mfu 67.48%
iter 30150: loss 4.0475, time 3573.71ms, mfu 67.62%
iter 30160: loss 4.0477, time 3583.54ms, mfu 67.72%
iter 30170: loss 4.0625, time 3583.69ms, mfu 67.82%
iter 30180: loss 4.0478, time 3580.51ms, mfu 67.91%
iter 30190: loss 4.1781, time 3582.15ms, mfu 67.99%
iter 30200: loss 4.1106, time 3580.60ms, mfu 68.06%
iter 30210: loss 4.1215, time 3580.64ms, mfu 68.13%
iter 30220: loss 4.0377, time 3578.46ms, mfu 68.19%
iter 30230: loss 4.1588, time 3580.78ms, mfu 68.24%
iter 30240: loss 4.0235, time 3580.65ms, mfu 68.29%
iter 30250: loss 4.0865, time 3572.55ms, mfu 68.35%
iter 30260: loss 4.0813, time 3557.46ms, mfu 68.43%
iter 30270: loss 4.1047, time 3583.56ms, mfu 68.46%
iter 30280: loss 4.1142, time 3583.87ms, mfu 68.48%
iter 30290: loss 4.0831, time 3581.33ms, mfu 68.50%
iter 30300: loss 4.0820, time 3578.63ms, mfu 68.53%
iter 30310: loss 4.0171, time 3579.84ms, mfu 68.55%
iter 30320: loss 4.1058, time 3583.70ms, mfu 68.56%
iter 30330: loss 4.1205, time 3589.78ms, mfu 68.56%
iter 30340: loss 4.0878, time 3574.82ms, mfu 68.59%
iter 30350: loss 4.0918, time 3582.53ms, mfu 68.60%
iter 30360: loss 4.1098, time 3560.29ms, mfu 68.65%
iter 30370: loss 4.0659, time 3577.82ms, mfu 68.66%
iter 30380: loss 4.0109, time 3576.65ms, mfu 68.68%
iter 30390: loss 3.9778, time 3581.27ms, mfu 68.68%
iter 30400: loss 4.0425, time 3581.07ms, mfu 68.68%
iter 30410: loss 4.0439, time 3560.00ms, mfu 68.73%
iter 30420: loss 4.2050, time 3578.59ms, mfu 68.73%
iter 30430: loss 4.0640, time 3580.93ms, mfu 68.73%
iter 30440: loss 4.1175, time 3582.61ms, mfu 68.73%
iter 30450: loss 4.0978, time 3584.33ms, mfu 68.72%
iter 30460: loss 4.1187, time 3586.06ms, mfu 68.71%
iter 30470: loss 4.0004, time 3574.21ms, mfu 68.72%
iter 30480: loss 4.0948, time 3570.63ms, mfu 68.74%
iter 30490: loss 4.1149, time 3570.71ms, mfu 68.76%
iter 30500: loss 4.0301, time 3557.04ms, mfu 68.80%
iter 30510: loss 4.1497, time 3571.78ms, mfu 68.81%
iter 30520: loss 4.0661, time 3584.94ms, mfu 68.79%
iter 30530: loss 3.9676, time 3580.99ms, mfu 68.79%
iter 30540: loss 4.0817, time 3582.51ms, mfu 68.78%
iter 30550: loss 4.1728, time 3581.21ms, mfu 68.77%
iter 30560: loss 4.1121, time 3581.86ms, mfu 68.76%
iter 30570: loss 4.0480, time 3579.04ms, mfu 68.76%
iter 30580: loss 4.1630, time 3574.96ms, mfu 68.77%
iter 30590: loss 4.0649, time 3581.62ms, mfu 68.76%
iter 30600: loss 4.0318, time 3582.99ms, mfu 68.75%
iter 30610: loss 4.0964, time 3580.09ms, mfu 68.75%
iter 30620: loss 4.2131, time 3572.62ms, mfu 68.77%
iter 30630: loss 4.0785, time 3547.67ms, mfu 68.83%
iter 30640: loss 4.1046, time 3557.01ms, mfu 68.86%
iter 30650: loss 3.9877, time 3575.22ms, mfu 68.86%
iter 30660: loss 4.0585, time 3577.61ms, mfu 68.85%
iter 30670: loss 4.1155, time 3559.31ms, mfu 68.88%
iter 30680: loss 4.0224, time 3584.78ms, mfu 68.86%
iter 30690: loss 4.1096, time 3579.36ms, mfu 68.84%
iter 30700: loss 3.9618, time 3557.35ms, mfu 68.88%
iter 30710: loss 4.1203, time 3577.10ms, mfu 68.87%
iter 30720: loss 4.0811, time 3558.56ms, mfu 68.90%
iter 30730: loss 4.1337, time 3579.20ms, mfu 68.88%
iter 30740: loss 4.0776, time 3584.74ms, mfu 68.86%
iter 30750: loss 4.0710, time 3584.14ms, mfu 68.84%
iter 30760: loss 4.0315, time 3574.74ms, mfu 68.84%
iter 30770: loss 4.0113, time 3582.03ms, mfu 68.82%
iter 30780: loss 4.0745, time 3583.17ms, mfu 68.81%
iter 30790: loss 3.9869, time 3583.74ms, mfu 68.80%
iter 30800: loss 4.1030, time 3583.57ms, mfu 68.78%
iter 30810: loss 4.0446, time 3559.11ms, mfu 68.82%
iter 30820: loss 4.0503, time 3575.68ms, mfu 68.82%
iter 30830: loss 4.1120, time 3565.24ms, mfu 68.84%
iter 30840: loss 4.0588, time 3585.01ms, mfu 68.82%
iter 30850: loss 4.0900, time 3582.55ms, mfu 68.81%
iter 30860: loss 4.0802, time 3574.14ms, mfu 68.81%
iter 30870: loss 4.0324, time 3566.66ms, mfu 68.83%
iter 30880: loss 4.1681, time 3581.88ms, mfu 68.82%
iter 30890: loss 4.1184, time 3553.52ms, mfu 68.86%
iter 30900: loss 4.0854, time 3583.49ms, mfu 68.84%
iter 30910: loss 4.1812, time 3580.26ms, mfu 68.83%
iter 30920: loss 4.0996, time 3555.98ms, mfu 68.87%
iter 30930: loss 4.0359, time 3585.03ms, mfu 68.84%
iter 30940: loss 4.0609, time 3580.08ms, mfu 68.83%
iter 30950: loss 4.0256, time 3564.52ms, mfu 68.85%
iter 30960: loss 4.1518, time 3585.11ms, mfu 68.83%
iter 30970: loss 4.0379, time 3586.36ms, mfu 68.81%
iter 30980: loss 3.9949, time 3558.16ms, mfu 68.84%
iter 30990: loss 4.0563, time 3574.00ms, mfu 68.85%
step 31000: train loss 4.0013, val loss 4.0082
saving checkpoint to /net/scratch2/junyuren/nanoGPT-manifold/out-openwebtext-lr4x
iter 31000: loss 4.2071, time 22976.22ms, mfu 63.03%
iter 31010: loss 4.0800, time 3574.57ms, mfu 63.61%
iter 31020: loss 4.1115, time 3579.55ms, mfu 64.13%
iter 31030: loss 3.9987, time 3584.00ms, mfu 64.58%
iter 31040: loss 4.1038, time 3577.30ms, mfu 65.00%
iter 31050: loss 4.1331, time 3579.75ms, mfu 65.37%
iter 31060: loss 4.0353, time 3589.22ms, mfu 65.69%
iter 31070: loss 4.1346, time 3586.23ms, mfu 65.99%
iter 31080: loss 4.1502, time 3583.40ms, mfu 66.25%
iter 31090: loss 4.0409, time 3579.61ms, mfu 66.50%
iter 31100: loss 4.0062, time 3588.52ms, mfu 66.71%
iter 31110: loss 4.0727, time 3580.28ms, mfu 66.91%
iter 31120: loss 4.0475, time 3582.01ms, mfu 67.09%
iter 31130: loss 4.0971, time 3572.88ms, mfu 67.27%
iter 31140: loss 4.1438, time 3575.46ms, mfu 67.42%
iter 31150: loss 4.0123, time 3584.39ms, mfu 67.55%
iter 31160: loss 4.0256, time 3580.25ms, mfu 67.67%
iter 31170: loss 4.0907, time 3590.36ms, mfu 67.75%
iter 31180: loss 4.0600, time 3583.40ms, mfu 67.84%
iter 31190: loss 4.0355, time 3575.46ms, mfu 67.94%
iter 31200: loss 4.0583, time 3577.68ms, mfu 68.03%
iter 31210: loss 4.0474, time 3576.43ms, mfu 68.10%
iter 31220: loss 4.0871, time 3582.82ms, mfu 68.16%
iter 31230: loss 4.0560, time 3584.85ms, mfu 68.21%
iter 31240: loss 4.0731, time 3562.49ms, mfu 68.30%
iter 31250: loss 4.0907, time 3571.90ms, mfu 68.36%
iter 31260: loss 4.0419, time 3540.59ms, mfu 68.47%
iter 31270: loss 4.0502, time 3575.58ms, mfu 68.51%
iter 31280: loss 3.9846, time 3572.70ms, mfu 68.54%
iter 31290: loss 4.0116, time 3574.74ms, mfu 68.57%
iter 31300: loss 4.0525, time 3569.96ms, mfu 68.61%
iter 31310: loss 4.0676, time 3571.63ms, mfu 68.64%
iter 31320: loss 4.1213, time 3574.62ms, mfu 68.66%
iter 31330: loss 4.1268, time 3554.49ms, mfu 68.71%
iter 31340: loss 4.0548, time 3567.82ms, mfu 68.74%
iter 31350: loss 4.0201, time 3568.17ms, mfu 68.76%
iter 31360: loss 4.0715, time 3554.60ms, mfu 68.81%
iter 31370: loss 4.0722, time 3555.71ms, mfu 68.85%
iter 31380: loss 4.1875, time 3581.24ms, mfu 68.84%
iter 31390: loss 4.1057, time 3566.40ms, mfu 68.85%
iter 31400: loss 4.0143, time 3572.00ms, mfu 68.86%
iter 31410: loss 4.0830, time 3587.86ms, mfu 68.83%
iter 31420: loss 4.0389, time 3578.00ms, mfu 68.82%
iter 31430: loss 4.1386, time 3573.50ms, mfu 68.83%
iter 31440: loss 4.0822, time 3564.43ms, mfu 68.85%
iter 31450: loss 4.0932, time 3583.73ms, mfu 68.83%
iter 31460: loss 4.0436, time 3553.34ms, mfu 68.87%
iter 31470: loss 4.0461, time 3557.63ms, mfu 68.90%
iter 31480: loss 3.9636, time 3557.16ms, mfu 68.93%
iter 31490: loss 4.1115, time 3564.33ms, mfu 68.94%
iter 31500: loss 4.0267, time 3552.96ms, mfu 68.97%
iter 31510: loss 4.1253, time 3554.64ms, mfu 69.00%
iter 31520: loss 4.0717, time 3571.58ms, mfu 68.99%
iter 31530: loss 4.0507, time 3572.12ms, mfu 68.98%
iter 31540: loss 4.1356, time 3564.51ms, mfu 68.98%
iter 31550: loss 4.0773, time 3564.20ms, mfu 68.99%
iter 31560: loss 4.0283, time 3565.58ms, mfu 68.99%
iter 31570: loss 4.0575, time 3552.97ms, mfu 69.02%
iter 31580: loss 4.0712, time 3556.66ms, mfu 69.04%
iter 31590: loss 4.0415, time 3584.33ms, mfu 69.00%
iter 31600: loss 4.0656, time 3577.78ms, mfu 68.98%
iter 31610: loss 4.1960, time 3554.27ms, mfu 69.00%
iter 31620: loss 4.1616, time 3577.72ms, mfu 68.98%
iter 31630: loss 4.1195, time 3558.05ms, mfu 69.00%
iter 31640: loss 4.1872, time 3557.79ms, mfu 69.01%
iter 31650: loss 4.0925, time 3557.16ms, mfu 69.03%
iter 31660: loss 3.9545, time 3572.68ms, mfu 69.02%
iter 31670: loss 4.0287, time 3559.95ms, mfu 69.03%
iter 31680: loss 4.0175, time 3550.12ms, mfu 69.06%
iter 31690: loss 4.0894, time 3575.03ms, mfu 69.03%
iter 31700: loss 4.1334, time 3573.05ms, mfu 69.02%
iter 31710: loss 4.1254, time 3575.27ms, mfu 69.00%
iter 31720: loss 4.0206, time 3559.56ms, mfu 69.01%
iter 31730: loss 4.1074, time 3554.25ms, mfu 69.03%
iter 31740: loss 4.0798, time 3574.71ms, mfu 69.01%
iter 31750: loss 4.0563, time 3553.56ms, mfu 69.04%
iter 31760: loss 4.0426, time 3591.92ms, mfu 68.98%
iter 31770: loss 4.1656, time 3586.57ms, mfu 68.95%
iter 31780: loss 4.0899, time 3551.93ms, mfu 68.98%
iter 31790: loss 4.0988, time 3573.31ms, mfu 68.97%
iter 31800: loss 4.0827, time 3572.61ms, mfu 68.96%
iter 31810: loss 4.0493, time 3564.47ms, mfu 68.97%
iter 31820: loss 4.1705, time 3565.49ms, mfu 68.97%
iter 31830: loss 4.0827, time 3564.85ms, mfu 68.98%
iter 31840: loss 4.0791, time 3577.97ms, mfu 68.96%
iter 31850: loss 4.1678, time 3578.32ms, mfu 68.94%
iter 31860: loss 4.1396, time 3554.44ms, mfu 68.97%
iter 31870: loss 4.1110, time 3552.19ms, mfu 69.00%
iter 31880: loss 4.0971, time 3586.69ms, mfu 68.96%
iter 31890: loss 4.0068, time 3574.26ms, mfu 68.95%
iter 31900: loss 4.0620, time 3553.90ms, mfu 68.98%
iter 31910: loss 4.0806, time 3571.38ms, mfu 68.97%
iter 31920: loss 4.0639, time 3566.70ms, mfu 68.97%
iter 31930: loss 4.0655, time 3559.79ms, mfu 68.99%
iter 31940: loss 4.1160, time 3551.31ms, mfu 69.02%
iter 31950: loss 4.0512, time 3580.76ms, mfu 68.99%
iter 31960: loss 4.0341, time 3549.46ms, mfu 69.02%
iter 31970: loss 4.1223, time 3555.22ms, mfu 69.04%
iter 31980: loss 4.1006, time 3552.43ms, mfu 69.06%
iter 31990: loss 4.0613, time 3552.09ms, mfu 69.09%
step 32000: train loss 3.9918, val loss 3.9992
saving checkpoint to /net/scratch2/junyuren/nanoGPT-manifold/out-openwebtext-lr4x
iter 32000: loss 4.1694, time 22066.53ms, mfu 63.29%
iter 32010: loss 4.1582, time 3577.88ms, mfu 63.84%
iter 32020: loss 4.1367, time 3555.09ms, mfu 64.38%
iter 32030: loss 4.0504, time 3541.02ms, mfu 64.89%
iter 32040: loss 4.1567, time 3535.95ms, mfu 65.36%
iter 32050: loss 4.1022, time 3564.68ms, mfu 65.73%
iter 32060: loss 4.1007, time 3542.26ms, mfu 66.10%
iter 32070: loss 4.1494, time 3537.37ms, mfu 66.45%
iter 32080: loss 4.1095, time 3547.62ms, mfu 66.74%
iter 32090: loss 4.1381, time 3569.83ms, mfu 66.96%
iter 32100: loss 4.1517, time 3534.36ms, mfu 67.23%
iter 32110: loss 4.1210, time 3535.99ms, mfu 67.46%
iter 32120: loss 4.1095, time 3550.79ms, mfu 67.65%
iter 32130: loss 4.0145, time 3542.83ms, mfu 67.83%
iter 32140: loss 4.1023, time 3540.17ms, mfu 68.00%
iter 32150: loss 4.0908, time 3546.39ms, mfu 68.13%
iter 32160: loss 4.0926, time 3538.26ms, mfu 68.28%
iter 32170: loss 4.1427, time 3565.16ms, mfu 68.35%
iter 32180: loss 4.0931, time 3559.24ms, mfu 68.43%
iter 32190: loss 4.1015, time 3538.16ms, mfu 68.54%
iter 32200: loss 3.9748, time 3547.54ms, mfu 68.62%
iter 32210: loss 4.0515, time 3554.96ms, mfu 68.68%
iter 32220: loss 4.0293, time 3541.45ms, mfu 68.76%
iter 32230: loss 4.1161, time 3531.10ms, mfu 68.86%
iter 32240: loss 4.0669, time 3537.94ms, mfu 68.93%
iter 32250: loss 4.0486, time 3549.87ms, mfu 68.97%
iter 32260: loss 4.0648, time 3572.11ms, mfu 68.96%
iter 32270: loss 4.0812, time 3553.03ms, mfu 68.99%
iter 32280: loss 4.0339, time 3537.14ms, mfu 69.05%
iter 32290: loss 4.1383, time 3534.49ms, mfu 69.10%
iter 32300: loss 3.9955, time 3563.12ms, mfu 69.10%
iter 32310: loss 4.0587, time 3560.95ms, mfu 69.10%
iter 32320: loss 4.0988, time 3549.00ms, mfu 69.12%
iter 32330: loss 4.0915, time 3530.42ms, mfu 69.18%
iter 32340: loss 4.0427, time 3568.23ms, mfu 69.16%
iter 32350: loss 4.0930, time 3535.54ms, mfu 69.20%
iter 32360: loss 4.0836, time 3546.81ms, mfu 69.22%
iter 32370: loss 4.0847, time 3560.29ms, mfu 69.21%
iter 32380: loss 4.0900, time 3567.74ms, mfu 69.19%
iter 32390: loss 4.0736, time 3551.93ms, mfu 69.20%
iter 32400: loss 4.0429, time 3548.39ms, mfu 69.21%
iter 32410: loss 4.1023, time 3534.19ms, mfu 69.25%
iter 32420: loss 3.9792, time 3537.58ms, mfu 69.28%
iter 32430: loss 4.0194, time 3559.93ms, mfu 69.27%
iter 32440: loss 4.0425, time 3570.28ms, mfu 69.23%
iter 32450: loss 4.1327, time 3534.20ms, mfu 69.27%
iter 32460: loss 3.9388, time 3563.04ms, mfu 69.25%
iter 32470: loss 4.0340, time 3544.55ms, mfu 69.27%
iter 32480: loss 4.0901, time 3563.28ms, mfu 69.25%
iter 32490: loss 4.0700, time 3557.89ms, mfu 69.24%
iter 32500: loss 4.1246, time 3537.52ms, mfu 69.27%
iter 32510: loss 4.0106, time 3561.47ms, mfu 69.25%
iter 32520: loss 4.0848, time 3545.90ms, mfu 69.27%
iter 32530: loss 4.0745, time 3550.36ms, mfu 69.27%
iter 32540: loss 4.0311, time 3558.63ms, mfu 69.26%
iter 32550: loss 4.0731, time 3534.38ms, mfu 69.30%
iter 32560: loss 4.0992, time 3557.68ms, mfu 69.28%
iter 32570: loss 4.0689, time 3565.75ms, mfu 69.26%
iter 32580: loss 4.0727, time 3548.24ms, mfu 69.27%
iter 32590: loss 4.0036, time 3541.94ms, mfu 69.29%
iter 32600: loss 4.0972, time 3566.08ms, mfu 69.26%
iter 32610: loss 4.0506, time 3555.67ms, mfu 69.25%
iter 32620: loss 4.0758, time 3547.48ms, mfu 69.27%
iter 32630: loss 4.0473, time 3568.08ms, mfu 69.24%
iter 32640: loss 4.0964, time 3541.14ms, mfu 69.26%
iter 32650: loss 4.0963, time 3557.30ms, mfu 69.25%
iter 32660: loss 4.0853, time 3551.97ms, mfu 69.25%
iter 32670: loss 4.1262, time 3566.87ms, mfu 69.23%
iter 32680: loss 4.0374, time 3549.60ms, mfu 69.24%
iter 32690: loss 4.1594, time 3544.08ms, mfu 69.26%
iter 32700: loss 4.0920, time 3571.03ms, mfu 69.22%
iter 32710: loss 4.0052, time 3541.00ms, mfu 69.25%
iter 32720: loss 4.2091, time 3565.77ms, mfu 69.23%
iter 32730: loss 4.0614, time 3567.30ms, mfu 69.20%
iter 32740: loss 4.0098, time 3555.28ms, mfu 69.20%
iter 32750: loss 4.0148, time 3557.61ms, mfu 69.20%
iter 32760: loss 4.0335, time 3531.35ms, mfu 69.25%
iter 32770: loss 4.1450, time 3533.55ms, mfu 69.29%
iter 32780: loss 4.1331, time 3568.88ms, mfu 69.25%
iter 32790: loss 4.0664, time 3563.85ms, mfu 69.23%
iter 32800: loss 4.0371, time 3572.95ms, mfu 69.20%
iter 32810: loss 4.0689, time 3545.84ms, mfu 69.22%
iter 32820: loss 4.1366, time 3539.37ms, mfu 69.25%
iter 32830: loss 4.0267, time 3530.19ms, mfu 69.29%
iter 32840: loss 4.0309, time 3569.13ms, mfu 69.26%
iter 32850: loss 4.1095, time 3561.45ms, mfu 69.24%
iter 32860: loss 4.1028, time 3561.82ms, mfu 69.23%
iter 32870: loss 4.0791, time 3545.44ms, mfu 69.25%
iter 32880: loss 4.0500, time 3553.13ms, mfu 69.25%
iter 32890: loss 4.0871, time 3560.76ms, mfu 69.23%
iter 32900: loss 4.1396, time 3539.04ms, mfu 69.26%
iter 32910: loss 4.0588, time 3554.38ms, mfu 69.26%
iter 32920: loss 4.0994, time 3566.44ms, mfu 69.23%
iter 32930: loss 4.0677, time 3538.80ms, mfu 69.26%
iter 32940: loss 4.1026, time 3555.20ms, mfu 69.26%
iter 32950: loss 3.9953, time 3544.50ms, mfu 69.28%
iter 32960: loss 4.0086, time 3554.57ms, mfu 69.27%
iter 32970: loss 4.1194, time 3562.84ms, mfu 69.25%
iter 32980: loss 4.1784, time 3543.14ms, mfu 69.27%
iter 32990: loss 4.1027, time 3560.17ms, mfu 69.26%
step 33000: train loss 3.9122, val loss 3.9287
saving checkpoint to /net/scratch2/junyuren/nanoGPT-manifold/out-openwebtext-lr4x
iter 33000: loss 4.0816, time 21866.90ms, mfu 63.46%
iter 33010: loss 4.0828, time 3555.50ms, mfu 64.03%
iter 33020: loss 3.9688, time 3563.58ms, mfu 64.53%
iter 33030: loss 4.0612, time 3527.35ms, mfu 65.06%
iter 33040: loss 4.1204, time 3558.29ms, mfu 65.47%
iter 33050: loss 4.1535, time 3557.71ms, mfu 65.84%
iter 33060: loss 3.9372, time 3575.15ms, mfu 66.14%
iter 33070: loss 4.0771, time 3564.31ms, mfu 66.43%
iter 33080: loss 4.1711, time 3548.54ms, mfu 66.72%
iter 33090: loss 4.0188, time 3559.76ms, mfu 66.96%
iter 33100: loss 3.9801, time 3540.64ms, mfu 67.21%
iter 33110: loss 4.1037, time 3558.01ms, mfu 67.41%
iter 33120: loss 4.1496, time 3550.93ms, mfu 67.60%
iter 33130: loss 3.9877, time 3563.81ms, mfu 67.74%
iter 33140: loss 4.0269, time 3567.15ms, mfu 67.87%
iter 33150: loss 3.9473, time 3558.25ms, mfu 68.00%
iter 33160: loss 4.1244, time 3564.86ms, mfu 68.10%
iter 33170: loss 4.0988, time 3575.81ms, mfu 68.17%
iter 33180: loss 3.9995, time 3564.94ms, mfu 68.26%
iter 33190: loss 3.9910, time 3556.02ms, mfu 68.35%
iter 33200: loss 4.0490, time 3564.27ms, mfu 68.42%
iter 33210: loss 4.1010, time 3540.17ms, mfu 68.53%
iter 33220: loss 4.0731, time 3554.26ms, mfu 68.60%
iter 33230: loss 4.1412, time 3556.31ms, mfu 68.66%
iter 33240: loss 4.0713, time 3562.90ms, mfu 68.70%
iter 33250: loss 4.0868, time 3561.61ms, mfu 68.74%
iter 33260: loss 4.0786, time 3570.40ms, mfu 68.76%
iter 33270: loss 4.1053, time 3562.35ms, mfu 68.79%
iter 33280: loss 4.0099, time 3563.55ms, mfu 68.82%
iter 33290: loss 4.0722, time 3553.66ms, mfu 68.86%
iter 33300: loss 3.9936, time 3566.00ms, mfu 68.87%
iter 33310: loss 4.0722, time 3563.21ms, mfu 68.89%
iter 33320: loss 3.9618, time 3545.20ms, mfu 68.94%
iter 33330: loss 4.0992, time 3564.64ms, mfu 68.95%
iter 33340: loss 4.0527, time 3557.18ms, mfu 68.98%
iter 33350: loss 4.0431, time 3565.67ms, mfu 68.98%
iter 33360: loss 4.1292, time 3564.88ms, mfu 68.98%
iter 33370: loss 4.1659, time 3568.31ms, mfu 68.98%
iter 33380: loss 4.0764, time 3568.24ms, mfu 68.98%
iter 33390: loss 4.1350, time 3539.85ms, mfu 69.03%
iter 33400: loss 3.9608, time 3545.33ms, mfu 69.07%
iter 33410: loss 4.1052, time 3564.89ms, mfu 69.07%
iter 33420: loss 4.1142, time 3559.34ms, mfu 69.07%
iter 33430: loss 4.0645, time 3572.54ms, mfu 69.05%
iter 33440: loss 4.0210, time 3542.09ms, mfu 69.10%
iter 33450: loss 4.2005, time 3569.11ms, mfu 69.08%
iter 33460: loss 4.1244, time 3570.73ms, mfu 69.06%
iter 33470: loss 4.1402, time 3563.34ms, mfu 69.06%
iter 33480: loss 4.0513, time 3558.52ms, mfu 69.07%
iter 33490: loss 4.0128, time 3556.65ms, mfu 69.08%
iter 33500: loss 4.0920, time 3567.01ms, mfu 69.07%
iter 33510: loss 4.0339, time 3565.00ms, mfu 69.07%
iter 33520: loss 4.0417, time 3565.88ms, mfu 69.06%
iter 33530: loss 4.1651, time 3565.95ms, mfu 69.06%
iter 33540: loss 4.0464, time 3560.35ms, mfu 69.06%
iter 33550: loss 4.1127, time 3572.28ms, mfu 69.05%
iter 33560: loss 4.0030, time 3570.88ms, mfu 69.03%
iter 33570: loss 4.1645, time 3574.82ms, mfu 69.01%
iter 33580: loss 4.1236, time 3561.36ms, mfu 69.02%
iter 33590: loss 4.1526, time 3573.04ms, mfu 69.01%
iter 33600: loss 4.0408, time 3558.08ms, mfu 69.02%
iter 33610: loss 4.1118, time 3537.46ms, mfu 69.08%
iter 33620: loss 4.2022, time 3563.14ms, mfu 69.07%
iter 33630: loss 4.1942, time 3563.91ms, mfu 69.07%
iter 33640: loss 4.0179, time 3561.30ms, mfu 69.07%
iter 33650: loss 4.0769, time 3573.08ms, mfu 69.05%
iter 33660: loss 4.0919, time 3573.74ms, mfu 69.03%
iter 33670: loss 4.0742, time 3551.56ms, mfu 69.06%
iter 33680: loss 4.0468, time 3561.31ms, mfu 69.06%
iter 33690: loss 4.1737, time 3559.02ms, mfu 69.07%
iter 33700: loss 4.1484, time 3538.92ms, mfu 69.12%
iter 33710: loss 4.0908, time 3547.01ms, mfu 69.14%
iter 33720: loss 4.0940, time 3545.50ms, mfu 69.17%
iter 33730: loss 4.0540, time 3539.38ms, mfu 69.21%
iter 33740: loss 4.0903, time 3561.21ms, mfu 69.19%
iter 33750: loss 4.1115, time 3563.88ms, mfu 69.18%
iter 33760: loss 4.0951, time 3536.32ms, mfu 69.22%
iter 33770: loss 4.0161, time 3550.34ms, mfu 69.23%
iter 33780: loss 4.0661, time 3564.16ms, mfu 69.21%
iter 33790: loss 4.1129, time 3545.28ms, mfu 69.23%
iter 33800: loss 4.0038, time 3574.44ms, mfu 69.19%
iter 33810: loss 4.0448, time 3563.60ms, mfu 69.18%
iter 33820: loss 4.1009, time 3571.47ms, mfu 69.15%
iter 33830: loss 4.0346, time 3541.73ms, mfu 69.18%
iter 33840: loss 3.9772, time 3559.28ms, mfu 69.18%
iter 33850: loss 4.0777, time 3565.10ms, mfu 69.16%
iter 33860: loss 4.0438, time 3573.19ms, mfu 69.13%
iter 33870: loss 4.0775, time 3558.94ms, mfu 69.13%
iter 33880: loss 4.0722, time 3567.47ms, mfu 69.12%
iter 33890: loss 4.1015, time 3571.75ms, mfu 69.10%
iter 33900: loss 4.1071, time 3567.12ms, mfu 69.09%
iter 33910: loss 4.0997, time 3567.96ms, mfu 69.07%
iter 33920: loss 4.0576, time 3539.21ms, mfu 69.12%
iter 33930: loss 4.0963, time 3566.96ms, mfu 69.11%
iter 33940: loss 4.0710, time 3538.17ms, mfu 69.15%
iter 33950: loss 4.0834, time 3552.38ms, mfu 69.16%
iter 33960: loss 4.0321, time 3552.07ms, mfu 69.17%
iter 33970: loss 4.0902, time 3563.32ms, mfu 69.16%
iter 33980: loss 4.1103, time 3556.89ms, mfu 69.16%
iter 33990: loss 4.0921, time 3563.53ms, mfu 69.15%
step 34000: train loss 4.0151, val loss 4.0295
saving checkpoint to /net/scratch2/junyuren/nanoGPT-manifold/out-openwebtext-lr4x
iter 34000: loss 4.0462, time 21711.37ms, mfu 63.37%
iter 34010: loss 4.0511, time 3548.85ms, mfu 63.97%
iter 34020: loss 4.0668, time 3558.93ms, mfu 64.49%
iter 34030: loss 4.0334, time 3546.34ms, mfu 64.98%
iter 34040: loss 4.1230, time 3562.51ms, mfu 65.39%
iter 34050: loss 4.0846, time 3563.14ms, mfu 65.75%
iter 34060: loss 4.1871, time 3558.00ms, mfu 66.09%
