Overriding config with config/train_openwebtext_baseline_resume.py:
# Resume OpenWebText Baseline from checkpoint
# Continuing from step 13000

# I/O
out_dir = '/net/scratch2/junyuren/nanoGPT-manifold/out-openwebtext-baseline'
eval_interval = 1000
eval_iters = 200
log_interval = 10
always_save_checkpoint = True

# CRITICAL: Resume from checkpoint
init_from = 'resume'

wandb_log = False
wandb_project = 'openwebtext'
wandb_run_name = 'baseline-6L-384d-resume'

# Data
dataset = 'openwebtext'
data_dir = '/net/scratch2/junyuren/nanoGPT-manifold/data/openwebtext'
gradient_accumulation_steps = 40
batch_size = 64
block_size = 1024

# Model - SAME as Shakespeare: 6L x 384d (~10M params)
n_layer = 6
n_head = 6
n_embd = 384
dropout = 0.2
bias = False

# AdamW optimizer - LR decay will continue from step 13000
learning_rate = 1e-3  # Max LR (for reference, decay continues)
max_iters = 100000
lr_decay_iters = 100000
min_lr = 1e-4
beta1 = 0.9
beta2 = 0.99
weight_decay = 1e-1
grad_clip = 1.0

decay_lr = True
warmup_iters = 2000  # Already past warmup

# System
device = 'cuda'
dtype = 'bfloat16'
compile = True

# No Grassmann
use_grassmann = False

tokens per iteration will be: 2,621,440
Resuming training from /net/scratch2/junyuren/nanoGPT-manifold/out-openwebtext-baseline
number of parameters: 29.94M
num decayed parameter tensors: 26, with 30,326,784 parameters
num non-decayed parameter tensors: 13, with 4,992 parameters
using fused AdamW: True
compiling the model... (takes a ~minute)
step 41000: train loss 3.6106, val loss 3.6195
saving checkpoint to /net/scratch2/junyuren/nanoGPT-manifold/out-openwebtext-baseline
iter 41000: loss 3.7313, time 32691.28ms, mfu -100.00%
iter 41010: loss 3.7640, time 2720.72ms, mfu 64.22%
iter 41020: loss 3.7892, time 2739.46ms, mfu 64.17%
iter 41030: loss 3.8198, time 2735.48ms, mfu 64.14%
iter 41040: loss 3.7758, time 2742.18ms, mfu 64.10%
iter 41050: loss 3.7639, time 2739.66ms, mfu 64.07%
iter 41060: loss 3.7572, time 2736.04ms, mfu 64.05%
iter 41070: loss 3.7793, time 2738.23ms, mfu 64.02%
iter 41080: loss 3.6717, time 2735.77ms, mfu 64.01%
iter 41090: loss 3.7220, time 2733.69ms, mfu 64.00%
iter 41100: loss 3.6303, time 2738.10ms, mfu 63.98%
iter 41110: loss 3.7921, time 2729.94ms, mfu 63.98%
iter 41120: loss 3.7275, time 2735.56ms, mfu 63.97%
iter 41130: loss 3.7797, time 2735.90ms, mfu 63.96%
iter 41140: loss 3.8679, time 2737.23ms, mfu 63.94%
iter 41150: loss 3.7763, time 2736.42ms, mfu 63.94%
iter 41160: loss 3.7543, time 2734.74ms, mfu 63.93%
iter 41170: loss 3.7993, time 2735.41ms, mfu 63.92%
iter 41180: loss 3.8019, time 2734.65ms, mfu 63.92%
iter 41190: loss 3.7982, time 2738.10ms, mfu 63.91%
iter 41200: loss 3.7169, time 2741.60ms, mfu 63.89%
iter 41210: loss 3.6428, time 2737.37ms, mfu 63.88%
iter 41220: loss 3.8041, time 2732.72ms, mfu 63.89%
iter 41230: loss 3.7032, time 2737.60ms, mfu 63.88%
iter 41240: loss 3.6527, time 2734.22ms, mfu 63.88%
iter 41250: loss 3.7523, time 2735.68ms, mfu 63.88%
iter 41260: loss 3.8519, time 2736.60ms, mfu 63.88%
iter 41270: loss 3.7939, time 2736.81ms, mfu 63.87%
iter 41280: loss 3.8049, time 2736.32ms, mfu 63.87%
iter 41290: loss 3.8474, time 2742.61ms, mfu 63.86%
iter 41300: loss 3.7965, time 2734.92ms, mfu 63.86%
iter 41310: loss 3.7841, time 2736.52ms, mfu 63.86%
iter 41320: loss 3.7347, time 2731.18ms, mfu 63.87%
iter 41330: loss 3.7574, time 2731.00ms, mfu 63.88%
iter 41340: loss 3.7128, time 2731.99ms, mfu 63.89%
iter 41350: loss 3.7848, time 2735.88ms, mfu 63.88%
iter 41360: loss 3.7210, time 2735.91ms, mfu 63.88%
iter 41370: loss 3.7349, time 2737.95ms, mfu 63.87%
iter 41380: loss 3.7303, time 2734.35ms, mfu 63.88%
iter 41390: loss 3.8099, time 2733.87ms, mfu 63.88%
iter 41400: loss 3.9018, time 2735.45ms, mfu 63.88%
iter 41410: loss 3.8025, time 2738.23ms, mfu 63.87%
iter 41420: loss 3.7600, time 2736.69ms, mfu 63.87%
iter 41430: loss 3.8020, time 2734.56ms, mfu 63.87%
iter 41440: loss 3.6886, time 2737.86ms, mfu 63.87%
iter 41450: loss 3.8098, time 2737.61ms, mfu 63.86%
iter 41460: loss 3.7636, time 2732.53ms, mfu 63.87%
iter 41470: loss 3.8731, time 2737.13ms, mfu 63.86%
iter 41480: loss 3.7645, time 2731.75ms, mfu 63.87%
iter 41490: loss 3.7349, time 2736.86ms, mfu 63.87%
iter 41500: loss 3.7733, time 2734.29ms, mfu 63.87%
iter 41510: loss 3.7667, time 2734.81ms, mfu 63.87%
iter 41520: loss 3.7802, time 2734.23ms, mfu 63.88%
iter 41530: loss 3.6812, time 2734.30ms, mfu 63.88%
iter 41540: loss 3.7306, time 2737.78ms, mfu 63.87%
iter 41550: loss 3.7231, time 2737.40ms, mfu 63.87%
iter 41560: loss 3.8350, time 2736.93ms, mfu 63.86%
iter 41570: loss 3.7046, time 2738.36ms, mfu 63.86%
iter 41580: loss 3.7623, time 2735.14ms, mfu 63.86%
iter 41590: loss 3.8445, time 2735.01ms, mfu 63.86%
iter 41600: loss 3.7150, time 2740.93ms, mfu 63.85%
iter 41610: loss 3.7737, time 2736.82ms, mfu 63.85%
iter 41620: loss 3.7891, time 2734.65ms, mfu 63.85%
iter 41630: loss 3.7256, time 2734.98ms, mfu 63.86%
iter 41640: loss 3.8295, time 2733.69ms, mfu 63.86%
iter 41650: loss 3.8146, time 2736.12ms, mfu 63.86%
iter 41660: loss 3.8059, time 2734.89ms, mfu 63.86%
iter 41670: loss 3.7887, time 2737.06ms, mfu 63.86%
iter 41680: loss 3.7293, time 2736.33ms, mfu 63.86%
iter 41690: loss 3.7741, time 2734.81ms, mfu 63.86%
iter 41700: loss 3.7708, time 2731.57ms, mfu 63.87%
iter 41710: loss 3.8083, time 2733.05ms, mfu 63.88%
iter 41720: loss 3.8486, time 2738.35ms, mfu 63.87%
iter 41730: loss 3.7532, time 2734.01ms, mfu 63.87%
iter 41740: loss 3.8570, time 2735.74ms, mfu 63.87%
iter 41750: loss 3.7588, time 2733.10ms, mfu 63.88%
iter 41760: loss 3.7927, time 2736.03ms, mfu 63.88%
iter 41770: loss 3.8720, time 2736.59ms, mfu 63.87%
iter 41780: loss 3.7220, time 2736.09ms, mfu 63.87%
iter 41790: loss 3.7647, time 2736.83ms, mfu 63.87%
iter 41800: loss 3.7270, time 2732.81ms, mfu 63.87%
iter 41810: loss 3.7940, time 2734.59ms, mfu 63.88%
iter 41820: loss 3.7552, time 2738.15ms, mfu 63.87%
iter 41830: loss 3.7842, time 2740.29ms, mfu 63.86%
iter 41840: loss 3.7560, time 2731.50ms, mfu 63.87%
iter 41850: loss 3.6993, time 2736.92ms, mfu 63.87%
iter 41860: loss 3.8041, time 2737.17ms, mfu 63.86%
iter 41870: loss 3.7996, time 2737.56ms, mfu 63.86%
iter 41880: loss 3.6315, time 2738.35ms, mfu 63.85%
iter 41890: loss 3.8276, time 2736.81ms, mfu 63.85%
iter 41900: loss 3.8311, time 2737.00ms, mfu 63.85%
iter 41910: loss 3.8236, time 2735.61ms, mfu 63.85%
iter 41920: loss 3.8275, time 2731.83ms, mfu 63.86%
iter 41930: loss 3.8668, time 2736.22ms, mfu 63.86%
iter 41940: loss 3.7710, time 2732.93ms, mfu 63.87%
iter 41950: loss 3.7467, time 2732.81ms, mfu 63.87%
iter 41960: loss 3.7642, time 2734.90ms, mfu 63.87%
iter 41970: loss 3.7872, time 2736.98ms, mfu 63.87%
iter 41980: loss 3.8492, time 2737.45ms, mfu 63.87%
iter 41990: loss 3.6347, time 2738.63ms, mfu 63.86%
step 42000: train loss 3.6346, val loss 3.6392
saving checkpoint to /net/scratch2/junyuren/nanoGPT-manifold/out-openwebtext-baseline
iter 42000: loss 3.7999, time 18822.67ms, mfu 58.40%
iter 42010: loss 3.7767, time 2734.38ms, mfu 58.95%
iter 42020: loss 3.8507, time 2737.76ms, mfu 59.44%
iter 42030: loss 3.6739, time 2736.42ms, mfu 59.88%
iter 42040: loss 3.7235, time 2742.67ms, mfu 60.26%
iter 42050: loss 3.8151, time 2736.79ms, mfu 60.62%
iter 42060: loss 3.7937, time 2735.98ms, mfu 60.94%
iter 42070: loss 3.7970, time 2737.06ms, mfu 61.23%
iter 42080: loss 3.8029, time 2737.00ms, mfu 61.49%
iter 42090: loss 3.7687, time 2734.91ms, mfu 61.73%
iter 42100: loss 3.7142, time 2737.53ms, mfu 61.94%
iter 42110: loss 3.8119, time 2733.49ms, mfu 62.14%
iter 42120: loss 3.7804, time 2738.42ms, mfu 62.30%
iter 42130: loss 3.7449, time 2734.17ms, mfu 62.46%
iter 42140: loss 3.7181, time 2734.47ms, mfu 62.61%
iter 42150: loss 3.7807, time 2737.63ms, mfu 62.73%
iter 42160: loss 3.7646, time 2736.67ms, mfu 62.84%
iter 42170: loss 3.8114, time 2736.27ms, mfu 62.94%
iter 42180: loss 3.8969, time 2733.77ms, mfu 63.04%
iter 42190: loss 3.8104, time 2734.46ms, mfu 63.12%
iter 42200: loss 3.7896, time 2736.36ms, mfu 63.20%
iter 42210: loss 3.7180, time 2736.05ms, mfu 63.26%
iter 42220: loss 3.8339, time 2732.61ms, mfu 63.33%
iter 42230: loss 3.7756, time 2736.29ms, mfu 63.38%
iter 42240: loss 3.8338, time 2732.66ms, mfu 63.44%
iter 42250: loss 3.7447, time 2739.07ms, mfu 63.47%
iter 42260: loss 3.8223, time 2736.55ms, mfu 63.51%
iter 42270: loss 3.7884, time 2739.39ms, mfu 63.54%
iter 42280: loss 3.8419, time 2736.02ms, mfu 63.57%
iter 42290: loss 3.7282, time 2736.20ms, mfu 63.60%
iter 42300: loss 3.7341, time 2733.33ms, mfu 63.63%
iter 42310: loss 3.7095, time 2735.63ms, mfu 63.65%
iter 42320: loss 3.7380, time 2730.88ms, mfu 63.69%
iter 42330: loss 3.6884, time 2736.73ms, mfu 63.70%
iter 42340: loss 3.7724, time 2733.23ms, mfu 63.72%
iter 42350: loss 3.6971, time 2731.52ms, mfu 63.75%
iter 42360: loss 3.7839, time 2736.83ms, mfu 63.76%
iter 42370: loss 3.8091, time 2736.40ms, mfu 63.77%
iter 42380: loss 3.8213, time 2734.47ms, mfu 63.78%
iter 42390: loss 3.6890, time 2736.68ms, mfu 63.78%
iter 42400: loss 3.6846, time 2738.92ms, mfu 63.78%
iter 42410: loss 3.7572, time 2735.22ms, mfu 63.79%
iter 42420: loss 3.7598, time 2735.38ms, mfu 63.80%
iter 42430: loss 3.6919, time 2734.97ms, mfu 63.81%
iter 42440: loss 3.7906, time 2735.75ms, mfu 63.82%
iter 42450: loss 3.7903, time 2734.82ms, mfu 63.82%
iter 42460: loss 3.7342, time 2738.28ms, mfu 63.82%
iter 42470: loss 3.7198, time 2740.53ms, mfu 63.81%
iter 42480: loss 3.7196, time 2733.61ms, mfu 63.82%
iter 42490: loss 3.7686, time 2738.46ms, mfu 63.82%
iter 42500: loss 3.7958, time 2737.03ms, mfu 63.82%
iter 42510: loss 3.7549, time 2736.91ms, mfu 63.82%
iter 42520: loss 3.7391, time 2735.73ms, mfu 63.83%
iter 42530: loss 3.7549, time 2736.57ms, mfu 63.83%
iter 42540: loss 3.7884, time 2736.17ms, mfu 63.83%
iter 42550: loss 3.7176, time 2735.47ms, mfu 63.84%
iter 42560: loss 3.7341, time 2731.47ms, mfu 63.85%
iter 42570: loss 3.6944, time 2735.98ms, mfu 63.85%
iter 42580: loss 3.7754, time 2732.78ms, mfu 63.86%
iter 42590: loss 3.7370, time 2731.40ms, mfu 63.87%
iter 42600: loss 3.8173, time 2734.83ms, mfu 63.87%
iter 42610: loss 3.6638, time 2736.56ms, mfu 63.87%
iter 42620: loss 3.6486, time 2741.30ms, mfu 63.85%
iter 42630: loss 3.8087, time 2741.38ms, mfu 63.84%
iter 42640: loss 3.7968, time 2738.27ms, mfu 63.84%
iter 42650: loss 3.7798, time 2735.01ms, mfu 63.84%
iter 42660: loss 3.6737, time 2735.91ms, mfu 63.84%
iter 42670: loss 3.7047, time 2734.81ms, mfu 63.85%
iter 42680: loss 3.7309, time 2732.67ms, mfu 63.86%
iter 42690: loss 3.6929, time 2733.95ms, mfu 63.86%
iter 42700: loss 3.6981, time 2730.45ms, mfu 63.87%
iter 42710: loss 3.7861, time 2734.10ms, mfu 63.88%
iter 42720: loss 3.8075, time 2731.94ms, mfu 63.88%
iter 42730: loss 3.7735, time 2730.47ms, mfu 63.90%
iter 42740: loss 3.8028, time 2735.34ms, mfu 63.89%
iter 42750: loss 3.7983, time 2730.27ms, mfu 63.90%
iter 42760: loss 3.7634, time 2735.82ms, mfu 63.90%
iter 42770: loss 3.7174, time 2730.66ms, mfu 63.91%
iter 42780: loss 3.7826, time 2731.30ms, mfu 63.91%
iter 42790: loss 3.6964, time 2734.43ms, mfu 63.91%
iter 42800: loss 3.8769, time 2732.53ms, mfu 63.91%
iter 42810: loss 3.7406, time 2735.38ms, mfu 63.91%
iter 42820: loss 3.7647, time 2732.16ms, mfu 63.91%
iter 42830: loss 3.8994, time 2734.51ms, mfu 63.91%
iter 42840: loss 3.7727, time 2734.21ms, mfu 63.91%
iter 42850: loss 3.7958, time 2732.99ms, mfu 63.91%
iter 42860: loss 3.6090, time 2733.64ms, mfu 63.91%
iter 42870: loss 3.7546, time 2731.14ms, mfu 63.92%
iter 42880: loss 3.7879, time 2732.15ms, mfu 63.92%
iter 42890: loss 3.6969, time 2729.21ms, mfu 63.93%
iter 42900: loss 3.8308, time 2736.67ms, mfu 63.92%
iter 42910: loss 3.7227, time 2733.58ms, mfu 63.92%
iter 42920: loss 3.7553, time 2733.97ms, mfu 63.92%
iter 42930: loss 3.8436, time 2729.68ms, mfu 63.93%
iter 42940: loss 3.7497, time 2731.18ms, mfu 63.93%
iter 42950: loss 3.7442, time 2730.54ms, mfu 63.94%
iter 42960: loss 3.6849, time 2734.21ms, mfu 63.93%
iter 42970: loss 3.7936, time 2734.35ms, mfu 63.93%
iter 42980: loss 3.7633, time 2731.82ms, mfu 63.93%
iter 42990: loss 3.7829, time 2735.26ms, mfu 63.93%
step 43000: train loss 3.6274, val loss 3.6356
saving checkpoint to /net/scratch2/junyuren/nanoGPT-manifold/out-openwebtext-baseline
iter 43000: loss 3.8425, time 19199.60ms, mfu 58.44%
iter 43010: loss 3.7000, time 2738.22ms, mfu 58.98%
iter 43020: loss 3.7405, time 2739.84ms, mfu 59.46%
iter 43030: loss 3.6995, time 2740.24ms, mfu 59.89%
iter 43040: loss 3.7382, time 2740.99ms, mfu 60.27%
iter 43050: loss 3.8003, time 2739.28ms, mfu 60.62%
iter 43060: loss 3.7557, time 2737.96ms, mfu 60.94%
iter 43070: loss 3.7739, time 2734.78ms, mfu 61.24%
iter 43080: loss 3.7547, time 2733.53ms, mfu 61.51%
iter 43090: loss 3.5961, time 2732.22ms, mfu 61.75%
iter 43100: loss 3.6733, time 2734.86ms, mfu 61.96%
iter 43110: loss 3.6760, time 2731.38ms, mfu 62.16%
iter 43120: loss 3.7535, time 2731.10ms, mfu 62.34%
iter 43130: loss 3.9227, time 2730.78ms, mfu 62.51%
iter 43140: loss 3.7836, time 2731.53ms, mfu 62.65%
iter 43150: loss 3.6915, time 2731.43ms, mfu 62.78%
iter 43160: loss 3.7691, time 2734.65ms, mfu 62.89%
iter 43170: loss 3.7933, time 2730.42ms, mfu 63.00%
iter 43180: loss 3.7860, time 2731.41ms, mfu 63.10%
iter 43190: loss 3.7310, time 2732.29ms, mfu 63.18%
iter 43200: loss 3.7490, time 2735.61ms, mfu 63.25%
iter 43210: loss 3.8194, time 2726.36ms, mfu 63.34%
iter 43220: loss 3.7334, time 2732.61ms, mfu 63.40%
iter 43230: loss 3.7541, time 2735.11ms, mfu 63.44%
iter 43240: loss 3.7099, time 2736.07ms, mfu 63.49%
iter 43250: loss 3.7862, time 2729.28ms, mfu 63.54%
iter 43260: loss 3.8331, time 2735.14ms, mfu 63.57%
iter 43270: loss 3.7878, time 2730.35ms, mfu 63.61%
iter 43280: loss 3.7135, time 2733.78ms, mfu 63.64%
iter 43290: loss 3.6850, time 2734.74ms, mfu 63.67%
iter 43300: loss 3.7987, time 2731.82ms, mfu 63.70%
iter 43310: loss 3.7409, time 2730.42ms, mfu 63.73%
iter 43320: loss 3.8160, time 2731.45ms, mfu 63.75%
iter 43330: loss 3.7553, time 2736.05ms, mfu 63.76%
iter 43340: loss 3.7162, time 2730.05ms, mfu 63.78%
iter 43350: loss 3.7176, time 2731.60ms, mfu 63.80%
iter 43360: loss 3.8522, time 2730.46ms, mfu 63.82%
iter 43370: loss 3.7861, time 2731.07ms, mfu 63.84%
iter 43380: loss 3.7622, time 2727.98ms, mfu 63.86%
iter 43390: loss 3.8147, time 2727.43ms, mfu 63.88%
iter 43400: loss 3.7553, time 2732.00ms, mfu 63.88%
iter 43410: loss 3.7293, time 2731.02ms, mfu 63.89%
iter 43420: loss 3.6556, time 2735.21ms, mfu 63.89%
iter 43430: loss 3.7488, time 2731.95ms, mfu 63.90%
iter 43440: loss 3.7894, time 2730.67ms, mfu 63.91%
iter 43450: loss 3.7574, time 2731.64ms, mfu 63.91%
iter 43460: loss 3.7240, time 2730.88ms, mfu 63.92%
iter 43470: loss 3.7789, time 2731.94ms, mfu 63.92%
iter 43480: loss 3.7672, time 2732.41ms, mfu 63.92%
iter 43490: loss 3.7509, time 2733.40ms, mfu 63.92%
iter 43500: loss 3.7790, time 2737.03ms, mfu 63.91%
iter 43510: loss 3.8487, time 2730.66ms, mfu 63.92%
iter 43520: loss 3.7052, time 2733.09ms, mfu 63.92%
iter 43530: loss 3.7869, time 2731.63ms, mfu 63.93%
iter 43540: loss 3.7921, time 2730.06ms, mfu 63.93%
iter 43550: loss 3.7245, time 2734.41ms, mfu 63.93%
iter 43560: loss 3.7592, time 2734.02ms, mfu 63.93%
iter 43570: loss 3.7584, time 2730.53ms, mfu 63.93%
iter 43580: loss 3.7501, time 2729.05ms, mfu 63.94%
iter 43590: loss 3.6715, time 2734.79ms, mfu 63.94%
iter 43600: loss 3.7872, time 2730.30ms, mfu 63.94%
iter 43610: loss 3.7706, time 2732.06ms, mfu 63.94%
iter 43620: loss 3.7033, time 2730.80ms, mfu 63.95%
iter 43630: loss 3.8104, time 2730.79ms, mfu 63.95%
iter 43640: loss 3.8136, time 2728.85ms, mfu 63.96%
iter 43650: loss 3.7432, time 2732.03ms, mfu 63.96%
iter 43660: loss 3.8102, time 2731.84ms, mfu 63.96%
iter 43670: loss 3.8324, time 2726.57ms, mfu 63.97%
iter 43680: loss 3.6517, time 2730.26ms, mfu 63.97%
iter 43690: loss 3.7884, time 2732.54ms, mfu 63.97%
iter 43700: loss 3.8039, time 2732.90ms, mfu 63.96%
iter 43710: loss 3.7736, time 2734.57ms, mfu 63.96%
iter 43720: loss 3.8040, time 2732.24ms, mfu 63.96%
iter 43730: loss 3.7756, time 2732.03ms, mfu 63.95%
iter 43740: loss 3.7475, time 2732.00ms, mfu 63.95%
iter 43750: loss 3.7454, time 2730.81ms, mfu 63.96%
iter 43760: loss 3.8415, time 2728.89ms, mfu 63.96%
iter 43770: loss 3.7504, time 2729.38ms, mfu 63.97%
iter 43780: loss 3.7481, time 2734.72ms, mfu 63.96%
iter 43790: loss 3.8301, time 2731.57ms, mfu 63.96%
iter 43800: loss 3.8119, time 2730.08ms, mfu 63.96%
iter 43810: loss 3.8210, time 2731.25ms, mfu 63.96%
iter 43820: loss 3.7928, time 2738.84ms, mfu 63.95%
iter 43830: loss 3.8889, time 2730.72ms, mfu 63.95%
iter 43840: loss 3.7796, time 2734.07ms, mfu 63.95%
iter 43850: loss 3.7273, time 2731.04ms, mfu 63.95%
iter 43860: loss 3.6889, time 2732.11ms, mfu 63.95%
iter 43870: loss 3.7797, time 2731.95ms, mfu 63.95%
iter 43880: loss 3.7675, time 2731.19ms, mfu 63.95%
iter 43890: loss 3.7095, time 2728.42ms, mfu 63.96%
iter 43900: loss 3.8373, time 2727.42ms, mfu 63.97%
iter 43910: loss 3.6716, time 2728.30ms, mfu 63.98%
iter 43920: loss 3.7519, time 2734.28ms, mfu 63.97%
iter 43930: loss 3.7304, time 2732.07ms, mfu 63.97%
iter 43940: loss 3.6579, time 2731.60ms, mfu 63.97%
iter 43950: loss 3.7153, time 2736.34ms, mfu 63.95%
iter 43960: loss 3.7390, time 2732.90ms, mfu 63.95%
iter 43970: loss 3.7536, time 2732.19ms, mfu 63.95%
iter 43980: loss 3.8040, time 2736.18ms, mfu 63.94%
iter 43990: loss 3.7806, time 2735.58ms, mfu 63.93%
step 44000: train loss 3.6137, val loss 3.6262
saving checkpoint to /net/scratch2/junyuren/nanoGPT-manifold/out-openwebtext-baseline
iter 44000: loss 3.8118, time 19234.06ms, mfu 58.45%
iter 44010: loss 3.7701, time 2732.30ms, mfu 59.00%
iter 44020: loss 3.7527, time 2735.76ms, mfu 59.49%
iter 44030: loss 3.7847, time 2739.32ms, mfu 59.91%
iter 44040: loss 3.6776, time 2743.37ms, mfu 60.29%
iter 44050: loss 3.7794, time 2745.63ms, mfu 60.63%
iter 44060: loss 3.7804, time 2739.54ms, mfu 60.94%
iter 44070: loss 3.7547, time 2743.30ms, mfu 61.22%
iter 44080: loss 3.7804, time 2736.10ms, mfu 61.48%
iter 44090: loss 3.7023, time 2733.37ms, mfu 61.72%
iter 44100: loss 3.8631, time 2737.24ms, mfu 61.93%
iter 44110: loss 3.7142, time 2734.61ms, mfu 62.13%
iter 44120: loss 3.8168, time 2737.02ms, mfu 62.30%
iter 44130: loss 3.7700, time 2735.16ms, mfu 62.46%
iter 44140: loss 3.8308, time 2736.70ms, mfu 62.60%
iter 44150: loss 3.7411, time 2731.45ms, mfu 62.73%
iter 44160: loss 3.8715, time 2730.59ms, mfu 62.86%
iter 44170: loss 3.8141, time 2735.54ms, mfu 62.96%
iter 44180: loss 3.7898, time 2731.93ms, mfu 63.06%
iter 44190: loss 3.6900, time 2736.74ms, mfu 63.14%
iter 44200: loss 3.7574, time 2736.32ms, mfu 63.21%
iter 44210: loss 3.7925, time 2734.89ms, mfu 63.28%
iter 44220: loss 3.7739, time 2734.61ms, mfu 63.34%
iter 44230: loss 3.8236, time 2732.37ms, mfu 63.40%
iter 44240: loss 3.7075, time 2734.72ms, mfu 63.45%
iter 44250: loss 3.7414, time 2737.17ms, mfu 63.48%
iter 44260: loss 3.6995, time 2736.48ms, mfu 63.52%
iter 44270: loss 3.7919, time 2736.57ms, mfu 63.55%
iter 44280: loss 3.7249, time 2737.04ms, mfu 63.58%
iter 44290: loss 3.7536, time 2735.27ms, mfu 63.61%
iter 44300: loss 3.6896, time 2735.46ms, mfu 63.64%
iter 44310: loss 3.7349, time 2734.73ms, mfu 63.66%
iter 44320: loss 3.7129, time 2735.76ms, mfu 63.68%
iter 44330: loss 3.7088, time 2736.22ms, mfu 63.70%
iter 44340: loss 3.7278, time 2736.05ms, mfu 63.71%
iter 44350: loss 3.8607, time 2733.38ms, mfu 63.74%
iter 44360: loss 3.7051, time 2733.19ms, mfu 63.75%
iter 44370: loss 3.8050, time 2735.65ms, mfu 63.77%
iter 44380: loss 3.7255, time 2735.83ms, mfu 63.77%
iter 44390: loss 3.7223, time 2734.37ms, mfu 63.79%
iter 44400: loss 3.7596, time 2735.77ms, mfu 63.79%
iter 44410: loss 3.7748, time 2734.36ms, mfu 63.80%
iter 44420: loss 3.7474, time 2736.76ms, mfu 63.81%
iter 44430: loss 3.7668, time 2731.76ms, mfu 63.82%
iter 44440: loss 3.7380, time 2733.49ms, mfu 63.83%
iter 44450: loss 3.6772, time 2732.40ms, mfu 63.84%
iter 44460: loss 3.7735, time 2733.84ms, mfu 63.85%
iter 44470: loss 3.8326, time 2732.58ms, mfu 63.86%
iter 44480: loss 3.7489, time 2734.34ms, mfu 63.86%
iter 44490: loss 3.7693, time 2737.41ms, mfu 63.86%
iter 44500: loss 3.7700, time 2736.62ms, mfu 63.86%
iter 44510: loss 3.7414, time 2731.47ms, mfu 63.87%
iter 44520: loss 3.7317, time 2734.29ms, mfu 63.87%
iter 44530: loss 3.7384, time 2735.92ms, mfu 63.87%
iter 44540: loss 3.8239, time 2732.39ms, mfu 63.88%
iter 44550: loss 3.7463, time 2734.39ms, mfu 63.88%
iter 44560: loss 3.6789, time 2736.39ms, mfu 63.88%
iter 44570: loss 3.8503, time 2734.47ms, mfu 63.88%
iter 44580: loss 3.6794, time 2736.34ms, mfu 63.87%
iter 44590: loss 3.7896, time 2733.87ms, mfu 63.88%
iter 44600: loss 3.8104, time 2735.65ms, mfu 63.88%
iter 44610: loss 3.8101, time 2734.85ms, mfu 63.88%
iter 44620: loss 3.7459, time 2736.95ms, mfu 63.87%
iter 44630: loss 3.8779, time 2728.58ms, mfu 63.89%
iter 44640: loss 3.7450, time 2737.10ms, mfu 63.88%
iter 44650: loss 3.8282, time 2731.04ms, mfu 63.89%
iter 44660: loss 3.7031, time 2735.02ms, mfu 63.89%
iter 44670: loss 3.7812, time 2738.19ms, mfu 63.88%
iter 44680: loss 3.7058, time 2732.92ms, mfu 63.89%
iter 44690: loss 3.7834, time 2732.88ms, mfu 63.89%
iter 44700: loss 3.6986, time 2735.78ms, mfu 63.89%
iter 44710: loss 3.7984, time 2733.98ms, mfu 63.89%
iter 44720: loss 3.7342, time 2732.96ms, mfu 63.89%
iter 44730: loss 3.7232, time 2731.50ms, mfu 63.90%
iter 44740: loss 3.8049, time 2728.93ms, mfu 63.91%
iter 44750: loss 3.7251, time 2734.38ms, mfu 63.91%
iter 44760: loss 3.7657, time 2736.97ms, mfu 63.90%
iter 44770: loss 3.7126, time 2736.15ms, mfu 63.90%
iter 44780: loss 3.7265, time 2737.26ms, mfu 63.89%
iter 44790: loss 3.7791, time 2737.31ms, mfu 63.89%
iter 44800: loss 3.7422, time 2734.25ms, mfu 63.89%
iter 44810: loss 3.7990, time 2733.41ms, mfu 63.89%
iter 44820: loss 3.6950, time 2733.95ms, mfu 63.89%
iter 44830: loss 3.7113, time 2735.10ms, mfu 63.89%
iter 44840: loss 3.8242, time 2736.40ms, mfu 63.89%
iter 44850: loss 3.7414, time 2733.03ms, mfu 63.89%
iter 44860: loss 3.7333, time 2735.16ms, mfu 63.89%
iter 44870: loss 3.8179, time 2735.27ms, mfu 63.89%
iter 44880: loss 3.7233, time 2731.07ms, mfu 63.90%
iter 44890: loss 3.7513, time 2733.21ms, mfu 63.90%
iter 44900: loss 3.6803, time 2732.42ms, mfu 63.90%
iter 44910: loss 3.7752, time 2733.76ms, mfu 63.90%
iter 44920: loss 3.7251, time 2737.40ms, mfu 63.90%
iter 44930: loss 3.8392, time 2736.54ms, mfu 63.89%
iter 44940: loss 3.7326, time 2736.65ms, mfu 63.89%
iter 44950: loss 3.7626, time 2735.96ms, mfu 63.88%
iter 44960: loss 3.7293, time 2732.93ms, mfu 63.89%
iter 44970: loss 3.7930, time 2737.41ms, mfu 63.88%
iter 44980: loss 3.6963, time 2736.50ms, mfu 63.88%
iter 44990: loss 3.8343, time 2734.45ms, mfu 63.88%
step 45000: train loss 3.6141, val loss 3.6321
saving checkpoint to /net/scratch2/junyuren/nanoGPT-manifold/out-openwebtext-baseline
iter 45000: loss 3.8307, time 18827.63ms, mfu 58.42%
iter 45010: loss 3.7588, time 2735.40ms, mfu 58.96%
iter 45020: loss 3.7491, time 2737.95ms, mfu 59.45%
iter 45030: loss 3.7528, time 2739.21ms, mfu 59.88%
iter 45040: loss 3.7408, time 2736.78ms, mfu 60.28%
iter 45050: loss 3.7503, time 2737.32ms, mfu 60.63%
iter 45060: loss 3.7227, time 2735.55ms, mfu 60.96%
iter 45070: loss 3.7206, time 2739.90ms, mfu 61.24%
iter 45080: loss 3.6964, time 2736.23ms, mfu 61.50%
iter 45090: loss 3.7663, time 2735.05ms, mfu 61.74%
iter 45100: loss 3.8137, time 2734.78ms, mfu 61.95%
iter 45110: loss 3.7520, time 2731.80ms, mfu 62.15%
iter 45120: loss 3.8165, time 2733.67ms, mfu 62.33%
iter 45130: loss 3.7675, time 2738.26ms, mfu 62.48%
iter 45140: loss 3.7620, time 2731.97ms, mfu 62.62%
iter 45150: loss 3.7666, time 2733.44ms, mfu 62.75%
iter 45160: loss 3.7756, time 2731.37ms, mfu 62.87%
iter 45170: loss 3.8303, time 2734.45ms, mfu 62.98%
iter 45180: loss 3.7379, time 2736.07ms, mfu 63.06%
iter 45190: loss 3.7939, time 2735.21ms, mfu 63.15%
iter 45200: loss 3.7304, time 2734.15ms, mfu 63.22%
iter 45210: loss 3.7617, time 2726.02ms, mfu 63.31%
iter 45220: loss 3.6092, time 2735.88ms, mfu 63.36%
iter 45230: loss 3.7393, time 2730.97ms, mfu 63.42%
iter 45240: loss 3.7680, time 2731.19ms, mfu 63.48%
iter 45250: loss 3.7234, time 2730.99ms, mfu 63.53%
iter 45260: loss 3.7691, time 2736.14ms, mfu 63.56%
iter 45270: loss 3.7378, time 2734.68ms, mfu 63.59%
iter 45280: loss 3.6769, time 2732.61ms, mfu 63.63%
iter 45290: loss 3.7544, time 2730.99ms, mfu 63.66%
iter 45300: loss 3.7157, time 2733.19ms, mfu 63.69%
iter 45310: loss 3.8080, time 2731.26ms, mfu 63.72%
iter 45320: loss 3.8339, time 2737.45ms, mfu 63.73%
iter 45330: loss 3.8605, time 2734.03ms, mfu 63.75%
iter 45340: loss 3.7969, time 2731.47ms, mfu 63.77%
iter 45350: loss 3.8205, time 2733.68ms, mfu 63.78%
iter 45360: loss 3.7433, time 2733.80ms, mfu 63.79%
iter 45370: loss 3.6719, time 2733.91ms, mfu 63.81%
iter 45380: loss 3.7508, time 2733.89ms, mfu 63.82%
iter 45390: loss 3.8428, time 2729.22ms, mfu 63.84%
iter 45400: loss 3.7671, time 2732.94ms, mfu 63.85%
iter 45410: loss 3.7859, time 2731.36ms, mfu 63.86%
iter 45420: loss 3.7634, time 2734.43ms, mfu 63.86%
iter 45430: loss 3.7530, time 2731.07ms, mfu 63.87%
iter 45440: loss 3.7482, time 2731.73ms, mfu 63.88%
iter 45450: loss 3.6954, time 2734.57ms, mfu 63.88%
iter 45460: loss 3.7960, time 2734.94ms, mfu 63.88%
iter 45470: loss 3.7504, time 2733.04ms, mfu 63.89%
iter 45480: loss 3.7599, time 2730.30ms, mfu 63.90%
iter 45490: loss 3.7772, time 2731.11ms, mfu 63.90%
iter 45500: loss 3.8044, time 2734.24ms, mfu 63.90%
iter 45510: loss 3.8736, time 2733.73ms, mfu 63.90%
iter 45520: loss 3.7625, time 2737.33ms, mfu 63.90%
iter 45530: loss 3.7357, time 2733.31ms, mfu 63.90%
iter 45540: loss 3.7969, time 2731.78ms, mfu 63.90%
iter 45550: loss 3.7687, time 2733.93ms, mfu 63.90%
iter 45560: loss 3.7379, time 2733.67ms, mfu 63.91%
iter 45570: loss 3.7542, time 2731.58ms, mfu 63.91%
iter 45580: loss 3.7872, time 2731.05ms, mfu 63.92%
iter 45590: loss 3.7521, time 2734.66ms, mfu 63.91%
iter 45600: loss 3.7084, time 2732.78ms, mfu 63.92%
iter 45610: loss 3.8151, time 2733.71ms, mfu 63.92%
iter 45620: loss 3.6880, time 2734.62ms, mfu 63.91%
iter 45630: loss 3.6753, time 2731.26ms, mfu 63.92%
iter 45640: loss 3.7606, time 2736.24ms, mfu 63.91%
iter 45650: loss 3.7895, time 2734.30ms, mfu 63.91%
iter 45660: loss 3.7752, time 2730.89ms, mfu 63.92%
iter 45670: loss 3.7587, time 2734.57ms, mfu 63.91%
iter 45680: loss 3.7129, time 2732.75ms, mfu 63.92%
iter 45690: loss 3.8136, time 2733.26ms, mfu 63.92%
iter 45700: loss 3.7231, time 2727.58ms, mfu 63.93%
iter 45710: loss 3.7639, time 2732.88ms, mfu 63.93%
iter 45720: loss 3.7887, time 2734.26ms, mfu 63.93%
iter 45730: loss 3.8141, time 2732.70ms, mfu 63.93%
iter 45740: loss 3.7341, time 2733.63ms, mfu 63.93%
iter 45750: loss 3.7799, time 2738.47ms, mfu 63.91%
iter 45760: loss 3.6963, time 2732.22ms, mfu 63.92%
iter 45770: loss 3.7603, time 2734.47ms, mfu 63.91%
iter 45780: loss 3.6813, time 2734.75ms, mfu 63.91%
iter 45790: loss 3.6836, time 2735.00ms, mfu 63.91%
iter 45800: loss 3.7297, time 2732.26ms, mfu 63.91%
iter 45810: loss 3.7934, time 2733.89ms, mfu 63.91%
iter 45820: loss 3.7823, time 2733.74ms, mfu 63.91%
iter 45830: loss 3.8488, time 2734.65ms, mfu 63.91%
iter 45840: loss 3.8006, time 2734.72ms, mfu 63.91%
iter 45850: loss 3.7298, time 2734.23ms, mfu 63.91%
iter 45860: loss 3.6659, time 2732.69ms, mfu 63.91%
iter 45870: loss 3.7737, time 2733.97ms, mfu 63.91%
iter 45880: loss 3.6872, time 2736.67ms, mfu 63.90%
iter 45890: loss 3.7858, time 2733.86ms, mfu 63.90%
iter 45900: loss 3.6649, time 2731.38ms, mfu 63.91%
iter 45910: loss 3.6843, time 2731.91ms, mfu 63.91%
iter 45920: loss 3.8670, time 2733.62ms, mfu 63.91%
iter 45930: loss 3.7775, time 2730.42ms, mfu 63.92%
iter 45940: loss 3.8240, time 2735.89ms, mfu 63.91%
iter 45950: loss 3.7764, time 2735.65ms, mfu 63.91%
iter 45960: loss 3.7174, time 2734.37ms, mfu 63.91%
iter 45970: loss 3.7716, time 2728.06ms, mfu 63.92%
iter 45980: loss 3.7553, time 2727.64ms, mfu 63.94%
iter 45990: loss 3.7675, time 2728.77ms, mfu 63.94%
step 46000: train loss 3.6149, val loss 3.6204
saving checkpoint to /net/scratch2/junyuren/nanoGPT-manifold/out-openwebtext-baseline
iter 46000: loss 3.8084, time 18824.22ms, mfu 58.48%
iter 46010: loss 3.7362, time 2736.35ms, mfu 59.02%
iter 46020: loss 3.7455, time 2741.09ms, mfu 59.49%
iter 46030: loss 3.7174, time 2743.83ms, mfu 59.91%
iter 46040: loss 3.7589, time 2737.18ms, mfu 60.30%
iter 46050: loss 3.8089, time 2734.72ms, mfu 60.66%
iter 46060: loss 3.7580, time 2733.91ms, mfu 60.98%
iter 46070: loss 3.7562, time 2734.65ms, mfu 61.27%
iter 46080: loss 3.7571, time 2732.70ms, mfu 61.54%
iter 46090: loss 3.7778, time 2736.87ms, mfu 61.77%
iter 46100: loss 3.6445, time 2727.56ms, mfu 62.00%
iter 46110: loss 3.7401, time 2732.01ms, mfu 62.19%
iter 46120: loss 3.6227, time 2732.60ms, mfu 62.37%
iter 46130: loss 3.8151, time 2731.09ms, mfu 62.53%
iter 46140: loss 3.6319, time 2734.04ms, mfu 62.67%
iter 46150: loss 3.7564, time 2728.12ms, mfu 62.80%
iter 46160: loss 3.8381, time 2733.76ms, mfu 62.91%
iter 46170: loss 3.7694, time 2730.69ms, mfu 63.02%
iter 46180: loss 3.7243, time 2733.52ms, mfu 63.11%
iter 46190: loss 3.7553, time 2736.40ms, mfu 63.18%
iter 46200: loss 3.7058, time 2735.86ms, mfu 63.25%
iter 46210: loss 3.7427, time 2731.38ms, mfu 63.32%
iter 46220: loss 3.7237, time 2727.20ms, mfu 63.40%
iter 46230: loss 3.7534, time 2733.83ms, mfu 63.45%
iter 46240: loss 3.7878, time 2732.02ms, mfu 63.50%
iter 46250: loss 3.7309, time 2730.03ms, mfu 63.55%
iter 46260: loss 3.7082, time 2736.43ms, mfu 63.58%
iter 46270: loss 3.8512, time 2725.89ms, mfu 63.63%
iter 46280: loss 3.7438, time 2732.81ms, mfu 63.66%
iter 46290: loss 3.8046, time 2729.62ms, mfu 63.69%
iter 46300: loss 3.7542, time 2729.95ms, mfu 63.73%
iter 46310: loss 3.8067, time 2733.31ms, mfu 63.74%
iter 46320: loss 3.6289, time 2729.12ms, mfu 63.77%
iter 46330: loss 3.7460, time 2731.92ms, mfu 63.79%
iter 46340: loss 3.7113, time 2731.10ms, mfu 63.81%
iter 46350: loss 3.7698, time 2730.91ms, mfu 63.83%
iter 46360: loss 3.7760, time 2732.92ms, mfu 63.84%
iter 46370: loss 3.8063, time 2728.67ms, mfu 63.86%
iter 46380: loss 3.7580, time 2733.70ms, mfu 63.86%
iter 46390: loss 3.8399, time 2730.91ms, mfu 63.87%
iter 46400: loss 3.7314, time 2731.77ms, mfu 63.88%
iter 46410: loss 3.7756, time 2731.79ms, mfu 63.89%
iter 46420: loss 3.7747, time 2733.21ms, mfu 63.89%
iter 46430: loss 3.7111, time 2734.50ms, mfu 63.89%
iter 46440: loss 3.7573, time 2738.02ms, mfu 63.88%
iter 46450: loss 3.7426, time 2736.91ms, mfu 63.88%
iter 46460: loss 3.7462, time 2728.66ms, mfu 63.89%
iter 46470: loss 3.8300, time 2731.78ms, mfu 63.90%
iter 46480: loss 3.6852, time 2730.56ms, mfu 63.91%
iter 46490: loss 3.7132, time 2729.34ms, mfu 63.92%
iter 46500: loss 3.7687, time 2731.63ms, mfu 63.92%
iter 46510: loss 3.6821, time 2731.69ms, mfu 63.93%
iter 46520: loss 3.7909, time 2734.56ms, mfu 63.92%
iter 46530: loss 3.7838, time 2733.81ms, mfu 63.92%
iter 46540: loss 3.8235, time 2733.92ms, mfu 63.92%
iter 46550: loss 3.7761, time 2730.79ms, mfu 63.93%
iter 46560: loss 3.7588, time 2732.58ms, mfu 63.93%
iter 46570: loss 3.7291, time 2729.54ms, mfu 63.94%
iter 46580: loss 3.7670, time 2730.63ms, mfu 63.94%
iter 46590: loss 3.7916, time 2733.08ms, mfu 63.94%
iter 46600: loss 3.8902, time 2732.90ms, mfu 63.94%
iter 46610: loss 3.7123, time 2735.80ms, mfu 63.93%
iter 46620: loss 3.7083, time 2735.44ms, mfu 63.92%
iter 46630: loss 3.8589, time 2734.02ms, mfu 63.92%
iter 46640: loss 3.9004, time 2732.25ms, mfu 63.92%
iter 46650: loss 3.7487, time 2728.86ms, mfu 63.93%
iter 46660: loss 3.7568, time 2733.26ms, mfu 63.93%
iter 46670: loss 3.7527, time 2736.46ms, mfu 63.92%
iter 46680: loss 3.7333, time 2732.14ms, mfu 63.93%
iter 46690: loss 3.7030, time 2731.95ms, mfu 63.93%
iter 46700: loss 3.8245, time 2730.37ms, mfu 63.94%
iter 46710: loss 3.7762, time 2733.42ms, mfu 63.93%
iter 46720: loss 3.7030, time 2731.20ms, mfu 63.94%
iter 46730: loss 3.6610, time 2733.40ms, mfu 63.94%
iter 46740: loss 3.6927, time 2730.86ms, mfu 63.94%
iter 46750: loss 3.7915, time 2736.10ms, mfu 63.93%
iter 46760: loss 3.7176, time 2737.32ms, mfu 63.92%
iter 46770: loss 3.7688, time 2734.09ms, mfu 63.92%
iter 46780: loss 3.7605, time 2733.57ms, mfu 63.92%
iter 46790: loss 3.7602, time 2731.50ms, mfu 63.92%
iter 46800: loss 3.8165, time 2734.12ms, mfu 63.92%
iter 46810: loss 3.7398, time 2737.24ms, mfu 63.91%
iter 46820: loss 3.6799, time 2733.30ms, mfu 63.91%
iter 46830: loss 3.8115, time 2732.08ms, mfu 63.92%
iter 46840: loss 3.7184, time 2734.89ms, mfu 63.91%
iter 46850: loss 3.8115, time 2733.81ms, mfu 63.91%
iter 46860: loss 3.6890, time 2733.69ms, mfu 63.91%
iter 46870: loss 3.7498, time 2727.37ms, mfu 63.93%
iter 46880: loss 3.8281, time 2736.40ms, mfu 63.92%
iter 46890: loss 3.8401, time 2731.90ms, mfu 63.92%
iter 46900: loss 3.7545, time 2730.55ms, mfu 63.93%
iter 46910: loss 3.7573, time 2734.24ms, mfu 63.93%
iter 46920: loss 3.7399, time 2734.55ms, mfu 63.92%
iter 46930: loss 3.7475, time 2737.25ms, mfu 63.91%
iter 46940: loss 3.6487, time 2732.16ms, mfu 63.92%
iter 46950: loss 3.7521, time 2735.72ms, mfu 63.91%
iter 46960: loss 3.8239, time 2731.32ms, mfu 63.92%
iter 46970: loss 3.7097, time 2734.38ms, mfu 63.91%
iter 46980: loss 3.7183, time 2733.97ms, mfu 63.91%
iter 46990: loss 3.7699, time 2730.23ms, mfu 63.92%
step 47000: train loss 3.6022, val loss 3.6067
saving checkpoint to /net/scratch2/junyuren/nanoGPT-manifold/out-openwebtext-baseline
iter 47000: loss 3.6668, time 18566.19ms, mfu 58.47%
iter 47010: loss 3.7648, time 2727.18ms, mfu 59.03%
iter 47020: loss 3.8016, time 2738.87ms, mfu 59.51%
iter 47030: loss 3.7944, time 2740.30ms, mfu 59.93%
iter 47040: loss 3.7399, time 2739.65ms, mfu 60.32%
iter 47050: loss 3.6897, time 2732.56ms, mfu 60.68%
iter 47060: loss 3.7465, time 2724.90ms, mfu 61.02%
iter 47070: loss 3.8539, time 2723.83ms, mfu 61.33%
iter 47080: loss 3.9297, time 2726.61ms, mfu 61.61%
iter 47090: loss 3.7689, time 2718.55ms, mfu 61.87%
iter 47100: loss 3.7036, time 2722.57ms, mfu 62.10%
iter 47110: loss 3.7750, time 2724.78ms, mfu 62.31%
iter 47120: loss 3.7064, time 2722.90ms, mfu 62.49%
iter 47130: loss 3.7978, time 2718.31ms, mfu 62.67%
iter 47140: loss 3.7716, time 2722.35ms, mfu 62.82%
iter 47150: loss 3.6924, time 2723.37ms, mfu 62.95%
iter 47160: loss 3.7188, time 2722.88ms, mfu 63.08%
iter 47170: loss 3.7933, time 2720.18ms, mfu 63.19%
iter 47180: loss 3.6862, time 2724.94ms, mfu 63.28%
iter 47190: loss 3.7722, time 2723.18ms, mfu 63.37%
iter 47200: loss 3.7252, time 2727.97ms, mfu 63.44%
iter 47210: loss 3.7490, time 2720.64ms, mfu 63.52%
iter 47220: loss 3.7846, time 2723.74ms, mfu 63.58%
iter 47230: loss 3.6953, time 2724.30ms, mfu 63.63%
iter 47240: loss 3.7261, time 2719.25ms, mfu 63.70%
iter 47250: loss 3.6855, time 2720.68ms, mfu 63.75%
iter 47260: loss 3.7229, time 2721.06ms, mfu 63.79%
iter 47270: loss 3.7557, time 2719.53ms, mfu 63.84%
iter 47280: loss 3.7566, time 2722.92ms, mfu 63.87%
iter 47290: loss 3.6826, time 2720.54ms, mfu 63.91%
iter 47300: loss 3.7686, time 2720.98ms, mfu 63.94%
iter 47310: loss 3.7330, time 2720.14ms, mfu 63.97%
iter 47320: loss 3.7962, time 2723.43ms, mfu 63.98%
iter 47330: loss 3.6705, time 2719.93ms, mfu 64.01%
iter 47340: loss 3.7579, time 2725.47ms, mfu 64.02%
iter 47350: loss 3.6970, time 2718.86ms, mfu 64.04%
iter 47360: loss 3.7299, time 2718.30ms, mfu 64.07%
iter 47370: loss 3.6523, time 2721.95ms, mfu 64.08%
iter 47380: loss 3.8054, time 2723.10ms, mfu 64.09%
iter 47390: loss 3.7685, time 2721.32ms, mfu 64.10%
iter 47400: loss 3.6724, time 2720.90ms, mfu 64.11%
iter 47410: loss 3.6961, time 2724.91ms, mfu 64.11%
iter 47420: loss 3.8043, time 2723.25ms, mfu 64.12%
iter 47430: loss 3.7658, time 2719.57ms, mfu 64.13%
iter 47440: loss 3.7800, time 2725.11ms, mfu 64.13%
iter 47450: loss 3.6986, time 2720.46ms, mfu 64.14%
iter 47460: loss 3.7616, time 2717.85ms, mfu 64.15%
iter 47470: loss 3.7833, time 2720.11ms, mfu 64.16%
iter 47480: loss 3.7865, time 2720.21ms, mfu 64.17%
iter 47490: loss 3.7939, time 2726.92ms, mfu 64.16%
iter 47500: loss 3.7680, time 2733.54ms, mfu 64.13%
iter 47510: loss 3.6647, time 2726.06ms, mfu 64.13%
iter 47520: loss 3.7540, time 2734.26ms, mfu 64.10%
iter 47530: loss 3.7022, time 2734.64ms, mfu 64.08%
iter 47540: loss 3.8170, time 2730.62ms, mfu 64.07%
iter 47550: loss 3.7909, time 2737.83ms, mfu 64.05%
iter 47560: loss 3.7506, time 2736.51ms, mfu 64.03%
iter 47570: loss 3.7780, time 2734.55ms, mfu 64.01%
iter 47580: loss 3.8346, time 2737.74ms, mfu 63.99%
iter 47590: loss 3.8515, time 2738.01ms, mfu 63.98%
iter 47600: loss 3.8342, time 2739.85ms, mfu 63.96%
iter 47610: loss 3.8208, time 2737.11ms, mfu 63.94%
iter 47620: loss 3.7417, time 2739.58ms, mfu 63.93%
iter 47630: loss 3.7580, time 2736.40ms, mfu 63.92%
iter 47640: loss 3.7540, time 2735.89ms, mfu 63.91%
iter 47650: loss 3.7795, time 2736.58ms, mfu 63.91%
iter 47660: loss 3.7611, time 2737.91ms, mfu 63.90%
iter 47670: loss 3.6881, time 2736.11ms, mfu 63.89%
iter 47680: loss 3.7944, time 2737.68ms, mfu 63.88%
iter 47690: loss 3.7433, time 2737.93ms, mfu 63.88%
iter 47700: loss 3.7171, time 2737.76ms, mfu 63.87%
iter 47710: loss 3.8308, time 2740.20ms, mfu 63.86%
iter 47720: loss 3.6885, time 2739.06ms, mfu 63.85%
iter 47730: loss 3.7879, time 2735.23ms, mfu 63.86%
iter 47740: loss 3.7456, time 2737.58ms, mfu 63.85%
iter 47750: loss 3.7430, time 2735.53ms, mfu 63.85%
iter 47760: loss 3.6934, time 2737.95ms, mfu 63.85%
iter 47770: loss 3.7205, time 2737.67ms, mfu 63.85%
iter 47780: loss 3.8302, time 2739.49ms, mfu 63.84%
iter 47790: loss 3.7503, time 2739.29ms, mfu 63.83%
iter 47800: loss 3.7222, time 2739.97ms, mfu 63.83%
iter 47810: loss 3.7468, time 2739.81ms, mfu 63.82%
iter 47820: loss 3.8117, time 2735.68ms, mfu 63.83%
iter 47830: loss 3.7020, time 2738.24ms, mfu 63.82%
iter 47840: loss 3.7517, time 2734.68ms, mfu 63.83%
iter 47850: loss 3.6038, time 2735.03ms, mfu 63.83%
iter 47860: loss 3.7750, time 2736.11ms, mfu 63.84%
iter 47870: loss 3.7703, time 2737.59ms, mfu 63.84%
iter 47880: loss 3.7995, time 2738.29ms, mfu 63.83%
iter 47890: loss 3.7192, time 2735.73ms, mfu 63.84%
iter 47900: loss 3.7888, time 2737.90ms, mfu 63.83%
iter 47910: loss 3.7881, time 2736.07ms, mfu 63.84%
iter 47920: loss 3.6603, time 2739.16ms, mfu 63.83%
iter 47930: loss 3.7489, time 2738.04ms, mfu 63.83%
iter 47940: loss 3.6448, time 2739.32ms, mfu 63.82%
iter 47950: loss 3.8001, time 2733.87ms, mfu 63.83%
iter 47960: loss 3.8081, time 2740.05ms, mfu 63.83%
iter 47970: loss 3.7713, time 2739.31ms, mfu 63.82%
iter 47980: loss 3.6666, time 2736.27ms, mfu 63.82%
iter 47990: loss 3.7893, time 2735.06ms, mfu 63.83%
step 48000: train loss 3.5936, val loss 3.6066
saving checkpoint to /net/scratch2/junyuren/nanoGPT-manifold/out-openwebtext-baseline
iter 48000: loss 3.7333, time 18845.52ms, mfu 58.37%
iter 48010: loss 3.8088, time 2728.24ms, mfu 58.94%
iter 48020: loss 3.7155, time 2737.67ms, mfu 59.43%
iter 48030: loss 3.7356, time 2738.61ms, mfu 59.86%
iter 48040: loss 3.7182, time 2740.63ms, mfu 60.25%
iter 48050: loss 3.7578, time 2740.44ms, mfu 60.60%
iter 48060: loss 3.7799, time 2736.04ms, mfu 60.93%
iter 48070: loss 3.7046, time 2731.47ms, mfu 61.23%
iter 48080: loss 3.7814, time 2733.40ms, mfu 61.50%
iter 48090: loss 3.7303, time 2731.67ms, mfu 61.75%
iter 48100: loss 3.7217, time 2731.55ms, mfu 61.97%
iter 48110: loss 3.7955, time 2733.35ms, mfu 62.16%
iter 48120: loss 3.6810, time 2731.75ms, mfu 62.34%
iter 48130: loss 3.7199, time 2733.30ms, mfu 62.50%
iter 48140: loss 3.8478, time 2730.00ms, mfu 62.65%
iter 48150: loss 3.7760, time 2734.17ms, mfu 62.78%
iter 48160: loss 3.7101, time 2736.38ms, mfu 62.88%
iter 48170: loss 3.7922, time 2732.70ms, mfu 62.99%
iter 48180: loss 3.8052, time 2730.75ms, mfu 63.09%
iter 48190: loss 3.7801, time 2731.60ms, mfu 63.17%
iter 48200: loss 3.7548, time 2730.98ms, mfu 63.25%
iter 48210: loss 3.6501, time 2730.16ms, mfu 63.33%
iter 48220: loss 3.7910, time 2728.54ms, mfu 63.40%
iter 48230: loss 3.7091, time 2733.24ms, mfu 63.45%
iter 48240: loss 3.7895, time 2736.34ms, mfu 63.49%
iter 48250: loss 3.8626, time 2734.47ms, mfu 63.53%
iter 48260: loss 3.8484, time 2729.42ms, mfu 63.58%
iter 48270: loss 3.7665, time 2730.85ms, mfu 63.62%
iter 48280: loss 3.6836, time 2729.51ms, mfu 63.66%
iter 48290: loss 3.6416, time 2735.39ms, mfu 63.68%
iter 48300: loss 3.6321, time 2727.60ms, mfu 63.72%
iter 48310: loss 3.6978, time 2732.94ms, mfu 63.74%
iter 48320: loss 3.6162, time 2728.22ms, mfu 63.77%
iter 48330: loss 3.7343, time 2734.27ms, mfu 63.78%
iter 48340: loss 3.7691, time 2731.90ms, mfu 63.80%
iter 48350: loss 3.7703, time 2729.90ms, mfu 63.82%
iter 48360: loss 3.7554, time 2726.22ms, mfu 63.85%
iter 48370: loss 3.8223, time 2733.08ms, mfu 63.85%
iter 48380: loss 3.7181, time 2729.12ms, mfu 63.87%
iter 48390: loss 3.8028, time 2731.35ms, mfu 63.88%
iter 48400: loss 3.7235, time 2735.19ms, mfu 63.88%
iter 48410: loss 3.7011, time 2734.24ms, mfu 63.88%
iter 48420: loss 3.7419, time 2729.13ms, mfu 63.90%
iter 48430: loss 3.7662, time 2732.14ms, mfu 63.90%
iter 48440: loss 3.7761, time 2732.01ms, mfu 63.91%
iter 48450: loss 3.6969, time 2731.92ms, mfu 63.91%
iter 48460: loss 3.8695, time 2730.07ms, mfu 63.92%
iter 48470: loss 3.8259, time 2736.20ms, mfu 63.91%
iter 48480: loss 3.7483, time 2738.87ms, mfu 63.90%
iter 48490: loss 3.7983, time 2731.89ms, mfu 63.91%
iter 48500: loss 3.7685, time 2731.31ms, mfu 63.91%
iter 48510: loss 3.7476, time 2730.00ms, mfu 63.92%
iter 48520: loss 3.7157, time 2734.63ms, mfu 63.92%
iter 48530: loss 3.7715, time 2733.93ms, mfu 63.92%
iter 48540: loss 3.6964, time 2728.98ms, mfu 63.93%
iter 48550: loss 3.8052, time 2732.99ms, mfu 63.93%
iter 48560: loss 3.7853, time 2734.11ms, mfu 63.92%
iter 48570: loss 3.7328, time 2736.51ms, mfu 63.92%
iter 48580: loss 3.7252, time 2733.53ms, mfu 63.92%
iter 48590: loss 3.7131, time 2733.63ms, mfu 63.92%
iter 48600: loss 3.8285, time 2733.72ms, mfu 63.92%
iter 48610: loss 3.6925, time 2736.12ms, mfu 63.91%
iter 48620: loss 3.6985, time 2732.27ms, mfu 63.91%
iter 48630: loss 3.7012, time 2730.80ms, mfu 63.92%
iter 48640: loss 3.7229, time 2731.64ms, mfu 63.92%
iter 48650: loss 3.7678, time 2731.19ms, mfu 63.93%
iter 48660: loss 3.7243, time 2732.36ms, mfu 63.93%
iter 48670: loss 3.7287, time 2731.55ms, mfu 63.93%
iter 48680: loss 3.7046, time 2730.98ms, mfu 63.94%
iter 48690: loss 3.7150, time 2734.15ms, mfu 63.93%
iter 48700: loss 3.7986, time 2730.70ms, mfu 63.94%
iter 48710: loss 3.7468, time 2734.03ms, mfu 63.93%
iter 48720: loss 3.6789, time 2731.31ms, mfu 63.94%
iter 48730: loss 3.7331, time 2734.99ms, mfu 63.93%
iter 48740: loss 3.8094, time 2735.73ms, mfu 63.93%
iter 48750: loss 3.7706, time 2734.02ms, mfu 63.92%
iter 48760: loss 3.8165, time 2734.93ms, mfu 63.92%
iter 48770: loss 3.6856, time 2731.20ms, mfu 63.92%
iter 48780: loss 3.6963, time 2731.19ms, mfu 63.93%
iter 48790: loss 3.8014, time 2736.74ms, mfu 63.92%
iter 48800: loss 3.7382, time 2730.92ms, mfu 63.93%
iter 48810: loss 3.7354, time 2735.93ms, mfu 63.92%
iter 48820: loss 3.8253, time 2737.21ms, mfu 63.91%
iter 48830: loss 3.6660, time 2734.08ms, mfu 63.91%
iter 48840: loss 3.8015, time 2732.18ms, mfu 63.91%
iter 48850: loss 3.7642, time 2736.53ms, mfu 63.91%
iter 48860: loss 3.7875, time 2735.86ms, mfu 63.90%
iter 48870: loss 3.8390, time 2729.42ms, mfu 63.91%
iter 48880: loss 3.7114, time 2728.88ms, mfu 63.92%
iter 48890: loss 3.9240, time 2734.18ms, mfu 63.92%
iter 48900: loss 3.8049, time 2737.39ms, mfu 63.91%
iter 48910: loss 3.7949, time 2735.08ms, mfu 63.91%
iter 48920: loss 3.8021, time 2732.48ms, mfu 63.91%
iter 48930: loss 3.7659, time 2732.62ms, mfu 63.91%
iter 48940: loss 3.7850, time 2734.41ms, mfu 63.91%
iter 48950: loss 3.7455, time 2734.55ms, mfu 63.91%
iter 48960: loss 3.8075, time 2734.12ms, mfu 63.91%
iter 48970: loss 3.7523, time 2735.29ms, mfu 63.91%
iter 48980: loss 3.6919, time 2736.41ms, mfu 63.90%
iter 48990: loss 3.6724, time 2724.37ms, mfu 63.92%
step 49000: train loss 3.5937, val loss 3.6033
saving checkpoint to /net/scratch2/junyuren/nanoGPT-manifold/out-openwebtext-baseline
iter 49000: loss 3.6884, time 19200.97ms, mfu 58.44%
iter 49010: loss 3.8106, time 2725.61ms, mfu 59.01%
iter 49020: loss 3.7340, time 2738.68ms, mfu 59.49%
iter 49030: loss 3.6953, time 2740.40ms, mfu 59.91%
iter 49040: loss 3.7699, time 2737.61ms, mfu 60.30%
iter 49050: loss 3.7886, time 2736.09ms, mfu 60.66%
iter 49060: loss 3.7408, time 2738.15ms, mfu 60.97%
iter 49070: loss 3.7055, time 2736.57ms, mfu 61.26%
iter 49080: loss 3.7985, time 2736.51ms, mfu 61.52%
iter 49090: loss 3.7592, time 2738.02ms, mfu 61.75%
iter 49100: loss 3.8149, time 2739.30ms, mfu 61.95%
iter 49110: loss 3.6563, time 2731.98ms, mfu 62.15%
iter 49120: loss 3.7569, time 2731.03ms, mfu 62.33%
iter 49130: loss 3.7744, time 2735.53ms, mfu 62.49%
iter 49140: loss 3.7519, time 2732.82ms, mfu 62.63%
iter 49150: loss 3.7792, time 2734.71ms, mfu 62.76%
iter 49160: loss 3.7936, time 2733.47ms, mfu 62.87%
iter 49170: loss 3.7489, time 2731.97ms, mfu 62.98%
iter 49180: loss 3.8001, time 2737.99ms, mfu 63.06%
iter 49190: loss 3.7324, time 2739.23ms, mfu 63.14%
iter 49200: loss 3.8205, time 2738.15ms, mfu 63.20%
iter 49210: loss 3.6693, time 2736.61ms, mfu 63.27%
iter 49220: loss 3.8087, time 2737.56ms, mfu 63.32%
iter 49230: loss 3.8317, time 2739.16ms, mfu 63.37%
iter 49240: loss 3.7733, time 2738.68ms, mfu 63.41%
iter 49250: loss 3.7758, time 2734.17ms, mfu 63.46%
iter 49260: loss 3.7088, time 2738.21ms, mfu 63.49%
iter 49270: loss 3.6723, time 2737.39ms, mfu 63.53%
iter 49280: loss 3.7059, time 2738.27ms, mfu 63.56%
iter 49290: loss 3.7243, time 2732.22ms, mfu 63.59%
iter 49300: loss 3.7512, time 2736.31ms, mfu 63.62%
iter 49310: loss 3.7756, time 2733.90ms, mfu 63.65%
iter 49320: loss 3.7219, time 2736.64ms, mfu 63.67%
iter 49330: loss 3.8273, time 2737.61ms, mfu 63.68%
iter 49340: loss 3.7883, time 2737.94ms, mfu 63.70%
iter 49350: loss 3.7507, time 2734.05ms, mfu 63.72%
iter 49360: loss 3.7722, time 2738.44ms, mfu 63.73%
iter 49370: loss 3.7906, time 2733.97ms, mfu 63.74%
iter 49380: loss 3.7396, time 2738.12ms, mfu 63.75%
iter 49390: loss 3.7759, time 2734.63ms, mfu 63.76%
iter 49400: loss 3.7677, time 2736.59ms, mfu 63.77%
iter 49410: loss 3.8031, time 2739.15ms, mfu 63.77%
iter 49420: loss 3.8221, time 2739.28ms, mfu 63.77%
iter 49430: loss 3.7063, time 2737.92ms, mfu 63.78%
iter 49440: loss 3.7062, time 2738.68ms, mfu 63.78%
iter 49450: loss 3.7345, time 2737.01ms, mfu 63.79%
iter 49460: loss 3.7331, time 2734.69ms, mfu 63.80%
iter 49470: loss 3.6713, time 2737.56ms, mfu 63.80%
iter 49480: loss 3.7657, time 2742.67ms, mfu 63.79%
iter 49490: loss 3.6967, time 2738.00ms, mfu 63.79%
iter 49500: loss 3.7136, time 2737.12ms, mfu 63.79%
iter 49510: loss 3.7389, time 2738.65ms, mfu 63.79%
iter 49520: loss 3.7971, time 2736.13ms, mfu 63.80%
iter 49530: loss 3.6921, time 2740.10ms, mfu 63.80%
iter 49540: loss 3.7629, time 2737.40ms, mfu 63.80%
iter 49550: loss 3.7832, time 2734.86ms, mfu 63.81%
iter 49560: loss 3.7290, time 2733.87ms, mfu 63.82%
iter 49570: loss 3.7018, time 2738.28ms, mfu 63.82%
iter 49580: loss 3.7615, time 2738.31ms, mfu 63.82%
iter 49590: loss 3.7747, time 2741.61ms, mfu 63.81%
iter 49600: loss 3.7486, time 2739.04ms, mfu 63.80%
iter 49610: loss 3.6867, time 2738.11ms, mfu 63.81%
iter 49620: loss 3.7981, time 2738.72ms, mfu 63.80%
iter 49630: loss 3.7647, time 2739.67ms, mfu 63.80%
iter 49640: loss 3.8200, time 2737.19ms, mfu 63.80%
iter 49650: loss 3.7944, time 2737.75ms, mfu 63.81%
iter 49660: loss 3.8341, time 2738.06ms, mfu 63.81%
iter 49670: loss 3.7520, time 2736.66ms, mfu 63.81%
iter 49680: loss 3.8174, time 2735.65ms, mfu 63.81%
iter 49690: loss 3.7623, time 2736.16ms, mfu 63.82%
iter 49700: loss 3.6404, time 2737.11ms, mfu 63.82%
iter 49710: loss 3.7775, time 2738.45ms, mfu 63.82%
iter 49720: loss 3.7322, time 2738.61ms, mfu 63.82%
iter 49730: loss 3.8255, time 2738.02ms, mfu 63.82%
iter 49740: loss 3.7144, time 2735.84ms, mfu 63.82%
iter 49750: loss 3.7311, time 2741.97ms, mfu 63.81%
iter 49760: loss 3.6774, time 2738.03ms, mfu 63.81%
iter 49770: loss 3.7635, time 2738.33ms, mfu 63.81%
iter 49780: loss 3.7162, time 2737.77ms, mfu 63.81%
iter 49790: loss 3.7388, time 2739.27ms, mfu 63.81%
iter 49800: loss 3.7319, time 2737.64ms, mfu 63.81%
iter 49810: loss 3.7662, time 2743.31ms, mfu 63.80%
iter 49820: loss 3.6732, time 2740.02ms, mfu 63.79%
iter 49830: loss 3.7917, time 2739.44ms, mfu 63.79%
iter 49840: loss 3.8303, time 2734.08ms, mfu 63.80%
iter 49850: loss 3.7011, time 2740.56ms, mfu 63.80%
iter 49860: loss 3.7469, time 2734.30ms, mfu 63.81%
iter 49870: loss 3.7780, time 2740.23ms, mfu 63.80%
iter 49880: loss 3.7630, time 2741.23ms, mfu 63.80%
iter 49890: loss 3.8160, time 2740.33ms, mfu 63.79%
iter 49900: loss 3.7195, time 2740.84ms, mfu 63.79%
iter 49910: loss 3.7337, time 2740.11ms, mfu 63.78%
iter 49920: loss 3.6934, time 2738.92ms, mfu 63.79%
iter 49930: loss 3.6779, time 2741.84ms, mfu 63.78%
iter 49940: loss 3.6842, time 2737.36ms, mfu 63.78%
iter 49950: loss 3.7164, time 2738.68ms, mfu 63.78%
iter 49960: loss 3.7057, time 2739.74ms, mfu 63.78%
iter 49970: loss 3.7794, time 2737.78ms, mfu 63.79%
iter 49980: loss 3.7457, time 2738.68ms, mfu 63.79%
iter 49990: loss 3.7862, time 2741.49ms, mfu 63.78%
step 50000: train loss 3.5949, val loss 3.6040
saving checkpoint to /net/scratch2/junyuren/nanoGPT-manifold/out-openwebtext-baseline
iter 50000: loss 3.8203, time 19352.99ms, mfu 58.31%
iter 50010: loss 3.7198, time 2736.19ms, mfu 58.86%
iter 50020: loss 3.8160, time 2747.16ms, mfu 59.33%
iter 50030: loss 3.7874, time 2742.46ms, mfu 59.77%
iter 50040: loss 3.7352, time 2748.09ms, mfu 60.15%
iter 50050: loss 3.7282, time 2745.55ms, mfu 60.50%
iter 50060: loss 3.7154, time 2748.49ms, mfu 60.81%
iter 50070: loss 3.7209, time 2741.41ms, mfu 61.10%
iter 50080: loss 3.7579, time 2739.68ms, mfu 61.37%
iter 50090: loss 3.6998, time 2737.98ms, mfu 61.61%
iter 50100: loss 3.7822, time 2739.30ms, mfu 61.83%
iter 50110: loss 3.7934, time 2739.26ms, mfu 62.02%
iter 50120: loss 3.7832, time 2736.09ms, mfu 62.21%
iter 50130: loss 3.7614, time 2736.49ms, mfu 62.37%
iter 50140: loss 3.7130, time 2739.06ms, mfu 62.51%
iter 50150: loss 3.6735, time 2742.23ms, mfu 62.63%
iter 50160: loss 3.8277, time 2735.66ms, mfu 62.76%
iter 50170: loss 3.7596, time 2736.92ms, mfu 62.86%
iter 50180: loss 3.8004, time 2737.64ms, mfu 62.96%
iter 50190: loss 3.7125, time 2740.27ms, mfu 63.04%
iter 50200: loss 3.7683, time 2736.99ms, mfu 63.12%
iter 50210: loss 3.7530, time 2743.70ms, mfu 63.17%
iter 50220: loss 3.7115, time 2742.58ms, mfu 63.23%
iter 50230: loss 3.7434, time 2738.90ms, mfu 63.28%
iter 50240: loss 3.7089, time 2738.57ms, mfu 63.34%
iter 50250: loss 3.7772, time 2741.11ms, mfu 63.38%
iter 50260: loss 3.6719, time 2736.89ms, mfu 63.42%
iter 50270: loss 3.7885, time 2739.08ms, mfu 63.46%
iter 50280: loss 3.8119, time 2742.09ms, mfu 63.48%
iter 50290: loss 3.8478, time 2736.90ms, mfu 63.52%
iter 50300: loss 3.7255, time 2737.85ms, mfu 63.55%
iter 50310: loss 3.7313, time 2741.96ms, mfu 63.57%
iter 50320: loss 3.7805, time 2738.37ms, mfu 63.59%
iter 50330: loss 3.8037, time 2735.51ms, mfu 63.62%
iter 50340: loss 3.7145, time 2736.40ms, mfu 63.64%
iter 50350: loss 3.8047, time 2740.55ms, mfu 63.65%
iter 50360: loss 3.6648, time 2741.26ms, mfu 63.66%
iter 50370: loss 3.6938, time 2733.22ms, mfu 63.69%
iter 50380: loss 3.7003, time 2737.32ms, mfu 63.70%
iter 50390: loss 3.7798, time 2735.68ms, mfu 63.72%
iter 50400: loss 3.7144, time 2737.92ms, mfu 63.73%
iter 50410: loss 3.7313, time 2735.98ms, mfu 63.74%
iter 50420: loss 3.7487, time 2735.39ms, mfu 63.75%
iter 50430: loss 3.7002, time 2734.60ms, mfu 63.77%
iter 50440: loss 3.8380, time 2737.50ms, mfu 63.77%
iter 50450: loss 3.7953, time 2739.02ms, mfu 63.77%
iter 50460: loss 3.7498, time 2739.01ms, mfu 63.78%
iter 50470: loss 3.7349, time 2735.54ms, mfu 63.78%
iter 50480: loss 3.8192, time 2738.99ms, mfu 63.78%
iter 50490: loss 3.6413, time 2739.96ms, mfu 63.78%
iter 50500: loss 3.6862, time 2735.54ms, mfu 63.79%
iter 50510: loss 3.7336, time 2733.57ms, mfu 63.80%
iter 50520: loss 3.6803, time 2733.22ms, mfu 63.82%
iter 50530: loss 3.7606, time 2740.86ms, mfu 63.81%
iter 50540: loss 3.7994, time 2733.72ms, mfu 63.82%
iter 50550: loss 3.7110, time 2734.91ms, mfu 63.83%
iter 50560: loss 3.7415, time 2735.83ms, mfu 63.83%
iter 50570: loss 3.7491, time 2735.80ms, mfu 63.83%
iter 50580: loss 3.7055, time 2733.45ms, mfu 63.84%
iter 50590: loss 3.6941, time 2738.35ms, mfu 63.84%
iter 50600: loss 3.7509, time 2738.59ms, mfu 63.83%
iter 50610: loss 3.7726, time 2735.50ms, mfu 63.84%
iter 50620: loss 3.7705, time 2738.58ms, mfu 63.83%
iter 50630: loss 3.7663, time 2737.37ms, mfu 63.83%
iter 50640: loss 3.5996, time 2734.01ms, mfu 63.84%
iter 50650: loss 3.7799, time 2736.68ms, mfu 63.84%
iter 50660: loss 3.7461, time 2735.37ms, mfu 63.84%
iter 50670: loss 3.7864, time 2736.55ms, mfu 63.84%
iter 50680: loss 3.7360, time 2735.81ms, mfu 63.84%
iter 50690: loss 3.6655, time 2736.50ms, mfu 63.85%
iter 50700: loss 3.7300, time 2731.04ms, mfu 63.86%
iter 50710: loss 3.7383, time 2736.40ms, mfu 63.86%
iter 50720: loss 3.7246, time 2737.86ms, mfu 63.85%
iter 50730: loss 3.7666, time 2732.67ms, mfu 63.86%
iter 50740: loss 3.7840, time 2737.61ms, mfu 63.86%
iter 50750: loss 3.7057, time 2736.66ms, mfu 63.86%
iter 50760: loss 3.8357, time 2735.34ms, mfu 63.86%
iter 50770: loss 3.7215, time 2737.05ms, mfu 63.85%
iter 50780: loss 3.6738, time 2733.68ms, mfu 63.86%
iter 50790: loss 3.7173, time 2737.86ms, mfu 63.86%
iter 50800: loss 3.7135, time 2737.97ms, mfu 63.85%
iter 50810: loss 3.7442, time 2731.90ms, mfu 63.86%
iter 50820: loss 3.7607, time 2738.12ms, mfu 63.86%
iter 50830: loss 3.7634, time 2731.92ms, mfu 63.87%
iter 50840: loss 3.8212, time 2735.87ms, mfu 63.87%
iter 50850: loss 3.8101, time 2738.98ms, mfu 63.86%
iter 50860: loss 3.6765, time 2736.43ms, mfu 63.86%
iter 50870: loss 3.7703, time 2737.76ms, mfu 63.85%
iter 50880: loss 3.7622, time 2736.88ms, mfu 63.85%
iter 50890: loss 3.7796, time 2731.33ms, mfu 63.86%
iter 50900: loss 3.8459, time 2738.72ms, mfu 63.86%
iter 50910: loss 3.7114, time 2733.38ms, mfu 63.86%
iter 50920: loss 3.6983, time 2734.28ms, mfu 63.87%
iter 50930: loss 3.8588, time 2735.98ms, mfu 63.87%
iter 50940: loss 3.7931, time 2736.12ms, mfu 63.86%
iter 50950: loss 3.7115, time 2735.57ms, mfu 63.86%
iter 50960: loss 3.8092, time 2736.44ms, mfu 63.86%
iter 50970: loss 3.8238, time 2734.77ms, mfu 63.87%
iter 50980: loss 3.8068, time 2736.37ms, mfu 63.86%
iter 50990: loss 3.7414, time 2736.11ms, mfu 63.86%
step 51000: train loss 3.5988, val loss 3.6053
saving checkpoint to /net/scratch2/junyuren/nanoGPT-manifold/out-openwebtext-baseline
iter 51000: loss 3.7728, time 19350.80ms, mfu 58.38%
iter 51010: loss 3.6790, time 2735.84ms, mfu 58.93%
iter 51020: loss 3.7808, time 2740.58ms, mfu 59.41%
iter 51030: loss 3.6783, time 2734.16ms, mfu 59.86%
iter 51040: loss 3.7572, time 2738.50ms, mfu 60.25%
iter 51050: loss 3.6405, time 2738.99ms, mfu 60.61%
iter 51060: loss 3.7932, time 2735.01ms, mfu 60.93%
iter 51070: loss 3.6978, time 2737.44ms, mfu 61.22%
iter 51080: loss 3.5951, time 2732.28ms, mfu 61.50%
iter 51090: loss 3.7450, time 2737.72ms, mfu 61.73%
iter 51100: loss 3.7593, time 2734.77ms, mfu 61.94%
iter 51110: loss 3.6966, time 2736.39ms, mfu 62.13%
iter 51120: loss 3.7282, time 2737.22ms, mfu 62.30%
iter 51130: loss 3.6865, time 2730.93ms, mfu 62.47%
iter 51140: loss 3.7774, time 2734.72ms, mfu 62.61%
iter 51150: loss 3.7500, time 2736.43ms, mfu 62.74%
iter 51160: loss 3.6834, time 2733.85ms, mfu 62.85%
iter 51170: loss 3.8278, time 2735.04ms, mfu 62.96%
iter 51180: loss 3.7299, time 2734.64ms, mfu 63.05%
iter 51190: loss 3.7762, time 2736.19ms, mfu 63.13%
iter 51200: loss 3.7770, time 2738.39ms, mfu 63.20%
iter 51210: loss 3.8050, time 2733.73ms, mfu 63.27%
iter 51220: loss 3.6805, time 2740.46ms, mfu 63.32%
iter 51230: loss 3.7247, time 2737.33ms, mfu 63.37%
iter 51240: loss 3.7299, time 2734.45ms, mfu 63.42%
iter 51250: loss 3.7404, time 2733.97ms, mfu 63.47%
iter 51260: loss 3.7983, time 2732.83ms, mfu 63.52%
iter 51270: loss 3.7995, time 2732.38ms, mfu 63.56%
iter 51280: loss 3.6600, time 2731.69ms, mfu 63.60%
iter 51290: loss 3.7877, time 2734.30ms, mfu 63.63%
iter 51300: loss 3.7211, time 2738.62ms, mfu 63.64%
iter 51310: loss 3.7170, time 2732.15ms, mfu 63.68%
iter 51320: loss 3.8047, time 2736.63ms, mfu 63.69%
iter 51330: loss 3.7094, time 2728.87ms, mfu 63.73%
iter 51340: loss 3.7225, time 2735.82ms, mfu 63.74%
iter 51350: loss 3.7315, time 2734.86ms, mfu 63.75%
iter 51360: loss 3.6467, time 2734.48ms, mfu 63.77%
iter 51370: loss 3.7298, time 2729.48ms, mfu 63.79%
iter 51380: loss 3.7302, time 2733.25ms, mfu 63.80%
iter 51390: loss 3.7116, time 2734.76ms, mfu 63.81%
iter 51400: loss 3.7461, time 2734.08ms, mfu 63.82%
iter 51410: loss 3.7846, time 2732.46ms, mfu 63.83%
iter 51420: loss 3.7110, time 2734.47ms, mfu 63.84%
iter 51430: loss 3.7098, time 2734.36ms, mfu 63.85%
iter 51440: loss 3.7723, time 2737.30ms, mfu 63.84%
iter 51450: loss 3.7652, time 2735.91ms, mfu 63.85%
iter 51460: loss 3.7212, time 2731.88ms, mfu 63.86%
iter 51470: loss 3.7273, time 2730.73ms, mfu 63.87%
iter 51480: loss 3.7693, time 2734.93ms, mfu 63.87%
iter 51490: loss 3.7537, time 2731.81ms, mfu 63.88%
iter 51500: loss 3.6195, time 2731.27ms, mfu 63.89%
iter 51510: loss 3.7839, time 2730.18ms, mfu 63.90%
iter 51520: loss 3.7970, time 2732.89ms, mfu 63.90%
iter 51530: loss 3.7987, time 2735.98ms, mfu 63.90%
iter 51540: loss 3.7614, time 2731.17ms, mfu 63.90%
iter 51550: loss 3.7781, time 2733.77ms, mfu 63.90%
iter 51560: loss 3.7452, time 2731.84ms, mfu 63.91%
iter 51570: loss 3.7162, time 2736.65ms, mfu 63.90%
iter 51580: loss 3.6691, time 2732.52ms, mfu 63.91%
iter 51590: loss 3.7932, time 2734.97ms, mfu 63.90%
iter 51600: loss 3.7839, time 2735.84ms, mfu 63.90%
iter 51610: loss 3.8233, time 2733.04ms, mfu 63.90%
iter 51620: loss 3.7174, time 2731.78ms, mfu 63.91%
iter 51630: loss 3.7071, time 2736.89ms, mfu 63.90%
iter 51640: loss 3.7721, time 2734.37ms, mfu 63.90%
iter 51650: loss 3.8356, time 2733.72ms, mfu 63.90%
iter 51660: loss 3.7991, time 2735.76ms, mfu 63.90%
iter 51670: loss 3.8111, time 2740.55ms, mfu 63.88%
iter 51680: loss 3.7602, time 2734.56ms, mfu 63.88%
iter 51690: loss 3.7966, time 2738.25ms, mfu 63.88%
iter 51700: loss 3.7547, time 2733.04ms, mfu 63.88%
iter 51710: loss 3.6248, time 2731.37ms, mfu 63.89%
iter 51720: loss 3.7986, time 2735.58ms, mfu 63.89%
iter 51730: loss 3.8006, time 2730.90ms, mfu 63.90%
iter 51740: loss 3.7427, time 2735.39ms, mfu 63.89%
iter 51750: loss 3.7580, time 2731.27ms, mfu 63.90%
iter 51760: loss 3.8215, time 2733.00ms, mfu 63.90%
iter 51770: loss 3.7670, time 2735.35ms, mfu 63.90%
iter 51780: loss 3.7335, time 2735.91ms, mfu 63.90%
iter 51790: loss 3.8482, time 2737.01ms, mfu 63.89%
iter 51800: loss 3.7121, time 2736.56ms, mfu 63.89%
iter 51810: loss 3.7993, time 2735.33ms, mfu 63.88%
iter 51820: loss 3.7404, time 2735.79ms, mfu 63.88%
iter 51830: loss 3.6155, time 2737.14ms, mfu 63.88%
iter 51840: loss 3.7102, time 2737.78ms, mfu 63.87%
iter 51850: loss 3.6883, time 2740.42ms, mfu 63.86%
iter 51860: loss 3.7824, time 2736.05ms, mfu 63.86%
iter 51870: loss 3.7390, time 2737.43ms, mfu 63.86%
iter 51880: loss 3.7712, time 2736.06ms, mfu 63.86%
iter 51890: loss 3.7749, time 2735.32ms, mfu 63.86%
iter 51900: loss 3.7005, time 2734.77ms, mfu 63.86%
iter 51910: loss 3.7808, time 2734.66ms, mfu 63.86%
iter 51920: loss 3.7715, time 2734.29ms, mfu 63.87%
iter 51930: loss 3.8017, time 2736.27ms, mfu 63.87%
iter 51940: loss 3.6694, time 2733.43ms, mfu 63.87%
iter 51950: loss 3.8004, time 2734.39ms, mfu 63.87%
iter 51960: loss 3.6905, time 2738.00ms, mfu 63.87%
iter 51970: loss 3.6914, time 2735.43ms, mfu 63.87%
iter 51980: loss 3.7014, time 2737.90ms, mfu 63.86%
iter 51990: loss 3.8238, time 2736.56ms, mfu 63.86%
step 52000: train loss 3.6100, val loss 3.6064
saving checkpoint to /net/scratch2/junyuren/nanoGPT-manifold/out-openwebtext-baseline
iter 52000: loss 3.7453, time 19391.67ms, mfu 58.38%
iter 52010: loss 3.7947, time 2739.98ms, mfu 58.91%
iter 52020: loss 3.6482, time 2744.17ms, mfu 59.39%
iter 52030: loss 3.7582, time 2745.51ms, mfu 59.81%
iter 52040: loss 3.7389, time 2742.68ms, mfu 60.20%
iter 52050: loss 3.7826, time 2739.15ms, mfu 60.56%
iter 52060: loss 3.7473, time 2737.91ms, mfu 60.89%
iter 52070: loss 3.8186, time 2734.72ms, mfu 61.19%
iter 52080: loss 3.7363, time 2739.98ms, mfu 61.44%
iter 52090: loss 3.6030, time 2739.27ms, mfu 61.68%
iter 52100: loss 3.6851, time 2736.84ms, mfu 61.89%
iter 52110: loss 3.7737, time 2739.32ms, mfu 62.08%
iter 52120: loss 3.7636, time 2735.32ms, mfu 62.26%
iter 52130: loss 3.7766, time 2736.12ms, mfu 62.42%
iter 52140: loss 3.8690, time 2737.63ms, mfu 62.56%
iter 52150: loss 3.8034, time 2737.80ms, mfu 62.69%
iter 52160: loss 3.8313, time 2733.99ms, mfu 62.81%
iter 52170: loss 3.7634, time 2737.85ms, mfu 62.91%
iter 52180: loss 3.7018, time 2733.12ms, mfu 63.01%
iter 52190: loss 3.7431, time 2735.53ms, mfu 63.10%
iter 52200: loss 3.8009, time 2739.88ms, mfu 63.16%
iter 52210: loss 3.8040, time 2735.04ms, mfu 63.24%
iter 52220: loss 3.6503, time 2737.69ms, mfu 63.29%
iter 52230: loss 3.7686, time 2738.01ms, mfu 63.35%
iter 52240: loss 3.7762, time 2738.99ms, mfu 63.39%
iter 52250: loss 3.7093, time 2735.79ms, mfu 63.44%
iter 52260: loss 3.7932, time 2736.43ms, mfu 63.48%
iter 52270: loss 3.7214, time 2733.99ms, mfu 63.52%
iter 52280: loss 3.7434, time 2738.14ms, mfu 63.55%
iter 52290: loss 3.6999, time 2734.68ms, mfu 63.58%
iter 52300: loss 3.7610, time 2739.13ms, mfu 63.60%
iter 52310: loss 3.7579, time 2739.50ms, mfu 63.62%
iter 52320: loss 3.6504, time 2739.90ms, mfu 63.64%
iter 52330: loss 3.7399, time 2741.89ms, mfu 63.64%
iter 52340: loss 3.8333, time 2739.47ms, mfu 63.66%
iter 52350: loss 3.7636, time 2739.98ms, mfu 63.67%
iter 52360: loss 3.7753, time 2738.24ms, mfu 63.68%
iter 52370: loss 3.7094, time 2737.54ms, mfu 63.70%
iter 52380: loss 3.7429, time 2737.06ms, mfu 63.71%
iter 52390: loss 3.7883, time 2736.81ms, mfu 63.72%
iter 52400: loss 3.7670, time 2735.27ms, mfu 63.74%
iter 52410: loss 3.7185, time 2733.82ms, mfu 63.75%
iter 52420: loss 3.8218, time 2736.87ms, mfu 63.76%
iter 52430: loss 3.8007, time 2742.14ms, mfu 63.76%
iter 52440: loss 3.8026, time 2737.24ms, mfu 63.77%
iter 52450: loss 3.7075, time 2735.31ms, mfu 63.78%
iter 52460: loss 3.7752, time 2737.56ms, mfu 63.78%
iter 52470: loss 3.7284, time 2736.23ms, mfu 63.79%
iter 52480: loss 3.7324, time 2736.69ms, mfu 63.79%
iter 52490: loss 3.8086, time 2737.99ms, mfu 63.79%
iter 52500: loss 3.7050, time 2740.05ms, mfu 63.79%
iter 52510: loss 3.6834, time 2738.01ms, mfu 63.79%
iter 52520: loss 3.6888, time 2737.47ms, mfu 63.80%
iter 52530: loss 3.7930, time 2735.81ms, mfu 63.80%
iter 52540: loss 3.6546, time 2736.73ms, mfu 63.81%
iter 52550: loss 3.7998, time 2732.03ms, mfu 63.82%
iter 52560: loss 3.7734, time 2739.14ms, mfu 63.82%
iter 52570: loss 3.7854, time 2738.93ms, mfu 63.81%
iter 52580: loss 3.7934, time 2736.84ms, mfu 63.82%
iter 52590: loss 3.7165, time 2735.22ms, mfu 63.82%
iter 52600: loss 3.7025, time 2736.70ms, mfu 63.82%
iter 52610: loss 3.8305, time 2736.63ms, mfu 63.83%
iter 52620: loss 3.7640, time 2739.58ms, mfu 63.82%
iter 52630: loss 3.7482, time 2739.67ms, mfu 63.82%
iter 52640: loss 3.8064, time 2736.98ms, mfu 63.82%
iter 52650: loss 3.7618, time 2739.59ms, mfu 63.81%
iter 52660: loss 3.8395, time 2737.55ms, mfu 63.81%
iter 52670: loss 3.7390, time 2735.59ms, mfu 63.82%
iter 52680: loss 3.7579, time 2736.97ms, mfu 63.82%
iter 52690: loss 3.7807, time 2736.01ms, mfu 63.83%
iter 52700: loss 3.6956, time 3786.53ms, mfu 62.06%
iter 52710: loss 3.7828, time 2750.56ms, mfu 62.20%
iter 52720: loss 3.7023, time 2750.11ms, mfu 62.34%
iter 52730: loss 3.8377, time 2745.93ms, mfu 62.46%
iter 52740: loss 3.8077, time 2742.16ms, mfu 62.59%
iter 52750: loss 3.7902, time 2740.33ms, mfu 62.71%
iter 52760: loss 3.8217, time 2734.76ms, mfu 62.82%
iter 52770: loss 3.7220, time 2735.97ms, mfu 62.93%
iter 52780: loss 3.7292, time 2738.58ms, mfu 63.01%
iter 52790: loss 3.8337, time 2738.76ms, mfu 63.09%
iter 52800: loss 3.6466, time 2744.12ms, mfu 63.15%
iter 52810: loss 3.7026, time 2737.05ms, mfu 63.22%
iter 52820: loss 3.8144, time 2737.29ms, mfu 63.28%
iter 52830: loss 3.7200, time 2735.29ms, mfu 63.34%
iter 52840: loss 3.8377, time 2737.87ms, mfu 63.39%
iter 52850: loss 3.7146, time 2741.99ms, mfu 63.42%
iter 52860: loss 3.8194, time 2737.73ms, mfu 63.46%
iter 52870: loss 3.8074, time 2739.49ms, mfu 63.49%
iter 52880: loss 3.7030, time 2740.10ms, mfu 63.52%
iter 52890: loss 3.7482, time 2737.47ms, mfu 63.55%
iter 52900: loss 3.7236, time 2739.20ms, mfu 63.57%
iter 52910: loss 3.7542, time 2736.78ms, mfu 63.60%
iter 52920: loss 3.7004, time 2736.43ms, mfu 63.62%
iter 52930: loss 3.7162, time 2738.31ms, mfu 63.64%
iter 52940: loss 3.7079, time 2738.87ms, mfu 63.66%
iter 52950: loss 3.8134, time 2737.56ms, mfu 63.67%
iter 52960: loss 3.6928, time 2741.36ms, mfu 63.68%
iter 52970: loss 3.6821, time 2737.19ms, mfu 63.69%
iter 52980: loss 3.7495, time 2739.52ms, mfu 63.70%
iter 52990: loss 3.6777, time 2739.99ms, mfu 63.71%
step 53000: train loss 3.5915, val loss 3.6029
saving checkpoint to /net/scratch2/junyuren/nanoGPT-manifold/out-openwebtext-baseline
iter 53000: loss 3.7526, time 19338.10ms, mfu 58.24%
iter 53010: loss 3.6979, time 2738.89ms, mfu 58.80%
iter 53020: loss 3.7237, time 2737.60ms, mfu 59.30%
iter 53030: loss 3.7698, time 2742.93ms, mfu 59.74%
iter 53040: loss 3.6956, time 2742.38ms, mfu 60.14%
iter 53050: loss 3.7435, time 2743.59ms, mfu 60.49%
iter 53060: loss 3.7605, time 2740.17ms, mfu 60.82%
iter 53070: loss 3.7221, time 2742.83ms, mfu 61.11%
iter 53080: loss 3.7504, time 2743.03ms, mfu 61.36%
iter 53090: loss 3.7905, time 2745.49ms, mfu 61.59%
iter 53100: loss 3.7888, time 2740.68ms, mfu 61.81%
iter 53110: loss 3.7149, time 2746.17ms, mfu 61.99%
iter 53120: loss 3.7648, time 2739.28ms, mfu 62.17%
iter 53130: loss 3.7689, time 2741.49ms, mfu 62.32%
iter 53140: loss 3.8014, time 2738.01ms, mfu 62.47%
iter 53150: loss 3.7948, time 2740.56ms, mfu 62.60%
iter 53160: loss 3.7958, time 2745.97ms, mfu 62.70%
iter 53170: loss 3.7118, time 2738.92ms, mfu 62.81%
iter 53180: loss 3.7949, time 2741.47ms, mfu 62.90%
iter 53190: loss 3.7498, time 2739.70ms, mfu 62.99%
iter 53200: loss 3.7124, time 2743.58ms, mfu 63.06%
iter 53210: loss 3.7478, time 2743.80ms, mfu 63.12%
iter 53220: loss 3.6571, time 2741.20ms, mfu 63.18%
iter 53230: loss 3.8426, time 2742.51ms, mfu 63.24%
iter 53240: loss 3.8425, time 2740.27ms, mfu 63.29%
iter 53250: loss 3.7629, time 2741.45ms, mfu 63.33%
iter 53260: loss 3.6951, time 2744.95ms, mfu 63.36%
iter 53270: loss 3.7589, time 2740.80ms, mfu 63.40%
iter 53280: loss 3.6892, time 2741.47ms, mfu 63.43%
iter 53290: loss 3.6918, time 2743.97ms, mfu 63.46%
iter 53300: loss 3.7245, time 2746.55ms, mfu 63.47%
iter 53310: loss 3.7102, time 2738.88ms, mfu 63.51%
iter 53320: loss 3.7640, time 2745.04ms, mfu 63.52%
iter 53330: loss 3.8503, time 2742.88ms, mfu 63.54%
iter 53340: loss 3.7611, time 2743.78ms, mfu 63.55%
iter 53350: loss 3.7452, time 2740.28ms, mfu 63.57%
iter 53360: loss 3.8047, time 2739.93ms, mfu 63.59%
iter 53370: loss 3.7586, time 2740.99ms, mfu 63.61%
iter 53380: loss 3.7397, time 2743.55ms, mfu 63.61%
iter 53390: loss 3.7974, time 2745.66ms, mfu 63.62%
iter 53400: loss 3.7490, time 2739.06ms, mfu 63.63%
iter 53410: loss 3.8300, time 2742.58ms, mfu 63.64%
iter 53420: loss 3.7539, time 2743.33ms, mfu 63.64%
iter 53430: loss 3.7028, time 2743.33ms, mfu 63.65%
iter 53440: loss 3.8062, time 2743.41ms, mfu 63.65%
iter 53450: loss 3.7910, time 2744.23ms, mfu 63.65%
iter 53460: loss 3.7028, time 2744.50ms, mfu 63.65%
iter 53470: loss 3.7020, time 2741.46ms, mfu 63.66%
iter 53480: loss 3.6870, time 2742.11ms, mfu 63.67%
iter 53490: loss 3.8690, time 2738.53ms, mfu 63.68%
iter 53500: loss 3.8525, time 2740.29ms, mfu 63.69%
iter 53510: loss 3.7670, time 2744.00ms, mfu 63.69%
iter 53520: loss 3.8180, time 2742.67ms, mfu 63.69%
iter 53530: loss 3.7871, time 2745.50ms, mfu 63.68%
iter 53540: loss 3.7491, time 2737.48ms, mfu 63.70%
iter 53550: loss 3.6577, time 2743.55ms, mfu 63.70%
iter 53560: loss 3.7900, time 2745.23ms, mfu 63.69%
iter 53570: loss 3.6704, time 2747.25ms, mfu 63.68%
iter 53580: loss 3.7566, time 2744.10ms, mfu 63.68%
iter 53590: loss 3.7118, time 2742.21ms, mfu 63.68%
iter 53600: loss 3.8034, time 2741.23ms, mfu 63.69%
iter 53610: loss 3.7995, time 2745.07ms, mfu 63.68%
iter 53620: loss 3.7922, time 2739.40ms, mfu 63.69%
iter 53630: loss 3.6937, time 2743.23ms, mfu 63.69%
iter 53640: loss 3.7522, time 2740.95ms, mfu 63.70%
iter 53650: loss 3.7990, time 2742.91ms, mfu 63.70%
iter 53660: loss 3.7842, time 2744.27ms, mfu 63.69%
iter 53670: loss 3.7661, time 2742.09ms, mfu 63.70%
iter 53680: loss 3.7747, time 2741.40ms, mfu 63.70%
iter 53690: loss 3.7292, time 2740.05ms, mfu 63.71%
iter 53700: loss 3.7081, time 2738.49ms, mfu 63.72%
iter 53710: loss 3.6833, time 2740.97ms, mfu 63.72%
iter 53720: loss 3.6892, time 2740.83ms, mfu 63.72%
iter 53730: loss 3.7919, time 2740.95ms, mfu 63.72%
iter 53740: loss 3.7358, time 2741.14ms, mfu 63.72%
iter 53750: loss 3.6873, time 2740.30ms, mfu 63.73%
iter 53760: loss 3.7623, time 2744.74ms, mfu 63.72%
iter 53770: loss 3.6798, time 2742.09ms, mfu 63.72%
iter 53780: loss 3.8054, time 2742.65ms, mfu 63.72%
iter 53790: loss 3.7156, time 2740.26ms, mfu 63.72%
iter 53800: loss 3.7131, time 2741.02ms, mfu 63.72%
iter 53810: loss 3.7687, time 2741.37ms, mfu 63.73%
iter 53820: loss 3.7939, time 2737.28ms, mfu 63.74%
iter 53830: loss 3.7974, time 2737.19ms, mfu 63.74%
iter 53840: loss 3.7188, time 2735.95ms, mfu 63.76%
iter 53850: loss 3.7022, time 2745.11ms, mfu 63.75%
iter 53860: loss 3.6893, time 2741.77ms, mfu 63.74%
iter 53870: loss 3.7957, time 2742.07ms, mfu 63.74%
iter 53880: loss 3.8174, time 2737.50ms, mfu 63.75%
iter 53890: loss 3.7260, time 2742.81ms, mfu 63.74%
iter 53900: loss 3.7093, time 2742.20ms, mfu 63.74%
iter 53910: loss 3.7035, time 2738.89ms, mfu 63.75%
iter 53920: loss 3.7490, time 2744.67ms, mfu 63.74%
iter 53930: loss 3.7598, time 2742.55ms, mfu 63.73%
iter 53940: loss 3.6040, time 2741.90ms, mfu 63.73%
iter 53950: loss 3.6898, time 2738.17ms, mfu 63.74%
iter 53960: loss 3.7894, time 2737.62ms, mfu 63.75%
iter 53970: loss 3.7225, time 2739.67ms, mfu 63.75%
iter 53980: loss 3.7065, time 2735.80ms, mfu 63.76%
iter 53990: loss 3.7356, time 2743.23ms, mfu 63.75%
step 54000: train loss 3.5886, val loss 3.5913
saving checkpoint to /net/scratch2/junyuren/nanoGPT-manifold/out-openwebtext-baseline
iter 54000: loss 3.8016, time 20529.16ms, mfu 58.23%
iter 54010: loss 3.7746, time 2736.53ms, mfu 58.79%
iter 54020: loss 3.8713, time 2743.98ms, mfu 59.28%
iter 54030: loss 3.8204, time 2743.47ms, mfu 59.72%
iter 54040: loss 3.7698, time 2738.31ms, mfu 60.13%
iter 54050: loss 3.7462, time 2739.92ms, mfu 60.49%
iter 54060: loss 3.7489, time 2740.18ms, mfu 60.82%
iter 54070: loss 3.7489, time 2738.50ms, mfu 61.12%
iter 54080: loss 3.8445, time 2736.51ms, mfu 61.39%
iter 54090: loss 3.7456, time 2735.46ms, mfu 61.64%
iter 54100: loss 3.7982, time 2735.56ms, mfu 61.86%
iter 54110: loss 3.6288, time 2736.02ms, mfu 62.06%
iter 54120: loss 3.7498, time 2734.23ms, mfu 62.24%
iter 54130: loss 3.7588, time 2739.43ms, mfu 62.40%
iter 54140: loss 3.6906, time 2734.63ms, mfu 62.55%
iter 54150: loss 3.7559, time 2738.22ms, mfu 62.67%
iter 54160: loss 3.7082, time 2737.01ms, mfu 62.79%
iter 54170: loss 3.7755, time 2734.84ms, mfu 62.90%
iter 54180: loss 3.7139, time 2735.68ms, mfu 63.00%
iter 54190: loss 3.7235, time 2734.20ms, mfu 63.09%
iter 54200: loss 3.7785, time 2740.24ms, mfu 63.15%
iter 54210: loss 3.6981, time 2736.19ms, mfu 63.22%
iter 54220: loss 3.7519, time 2739.13ms, mfu 63.28%
iter 54230: loss 3.7935, time 2735.45ms, mfu 63.34%
iter 54240: loss 3.7593, time 2738.12ms, mfu 63.39%
iter 54250: loss 3.6770, time 2735.90ms, mfu 63.43%
iter 54260: loss 3.7057, time 2737.20ms, mfu 63.47%
iter 54270: loss 3.6431, time 2737.31ms, mfu 63.51%
iter 54280: loss 3.7577, time 2732.83ms, mfu 63.55%
iter 54290: loss 3.7023, time 2738.16ms, mfu 63.58%
iter 54300: loss 3.7654, time 2739.36ms, mfu 63.60%
iter 54310: loss 3.7529, time 2738.43ms, mfu 63.62%
iter 54320: loss 3.6911, time 2742.50ms, mfu 63.63%
iter 54330: loss 3.7127, time 2742.13ms, mfu 63.63%
iter 54340: loss 3.7504, time 2737.88ms, mfu 63.65%
iter 54350: loss 3.8664, time 2739.38ms, mfu 63.67%
iter 54360: loss 3.7875, time 2734.56ms, mfu 63.69%
iter 54370: loss 3.7359, time 2734.73ms, mfu 63.71%
iter 54380: loss 3.7154, time 2736.95ms, mfu 63.72%
iter 54390: loss 3.7842, time 2738.43ms, mfu 63.73%
iter 54400: loss 3.7972, time 2738.01ms, mfu 63.74%
iter 54410: loss 3.6553, time 2734.21ms, mfu 63.75%
iter 54420: loss 3.8119, time 2735.99ms, mfu 63.76%
iter 54430: loss 3.7183, time 2734.33ms, mfu 63.78%
iter 54440: loss 3.8148, time 2739.77ms, mfu 63.78%
iter 54450: loss 3.6693, time 2734.79ms, mfu 63.79%
iter 54460: loss 3.7953, time 2734.39ms, mfu 63.80%
iter 54470: loss 3.7588, time 2737.09ms, mfu 63.80%
iter 54480: loss 3.7541, time 2734.52ms, mfu 63.81%
iter 54490: loss 3.7693, time 2736.10ms, mfu 63.82%
iter 54500: loss 3.7799, time 2738.69ms, mfu 63.81%
iter 54510: loss 3.7422, time 2739.26ms, mfu 63.81%
iter 54520: loss 3.7489, time 2736.72ms, mfu 63.81%
iter 54530: loss 3.7331, time 2739.51ms, mfu 63.81%
iter 54540: loss 3.7890, time 2735.44ms, mfu 63.82%
iter 54550: loss 3.7362, time 2735.80ms, mfu 63.82%
iter 54560: loss 3.7418, time 2738.19ms, mfu 63.82%
iter 54570: loss 3.7712, time 2742.22ms, mfu 63.81%
iter 54580: loss 3.6513, time 2735.42ms, mfu 63.81%
iter 54590: loss 3.7229, time 2737.76ms, mfu 63.81%
iter 54600: loss 3.7821, time 2737.08ms, mfu 63.82%
iter 54610: loss 3.7155, time 2738.35ms, mfu 63.82%
iter 54620: loss 3.6536, time 2735.22ms, mfu 63.82%
iter 54630: loss 3.7293, time 2737.97ms, mfu 63.82%
iter 54640: loss 3.7635, time 2739.65ms, mfu 63.82%
iter 54650: loss 3.7708, time 2737.89ms, mfu 63.82%
iter 54660: loss 3.7126, time 2735.64ms, mfu 63.82%
iter 54670: loss 3.7384, time 2733.59ms, mfu 63.83%
iter 54680: loss 3.6821, time 2737.10ms, mfu 63.83%
iter 54690: loss 3.7236, time 2738.85ms, mfu 63.83%
iter 54700: loss 3.8347, time 2741.06ms, mfu 63.82%
iter 54710: loss 3.7054, time 2731.54ms, mfu 63.83%
iter 54720: loss 3.7526, time 2733.44ms, mfu 63.84%
iter 54730: loss 3.7207, time 2738.00ms, mfu 63.84%
iter 54740: loss 3.7426, time 2737.68ms, mfu 63.84%
iter 54750: loss 3.7119, time 2740.04ms, mfu 63.83%
iter 54760: loss 3.7258, time 2738.31ms, mfu 63.83%
iter 54770: loss 3.6858, time 2735.47ms, mfu 63.83%
iter 54780: loss 3.7671, time 2738.56ms, mfu 63.83%
iter 54790: loss 3.7078, time 2739.44ms, mfu 63.82%
iter 54800: loss 3.8053, time 2733.32ms, mfu 63.83%
iter 54810: loss 3.7184, time 2736.73ms, mfu 63.83%
iter 54820: loss 3.7541, time 2740.56ms, mfu 63.82%
iter 54830: loss 3.8094, time 2736.86ms, mfu 63.83%
iter 54840: loss 3.8093, time 2737.46ms, mfu 63.83%
iter 54850: loss 3.7871, time 2740.37ms, mfu 63.82%
iter 54860: loss 3.6840, time 2738.82ms, mfu 63.82%
iter 54870: loss 3.7528, time 2743.87ms, mfu 63.80%
iter 54880: loss 3.7720, time 2736.81ms, mfu 63.81%
iter 54890: loss 3.7074, time 2735.42ms, mfu 63.81%
iter 54900: loss 3.7108, time 2740.63ms, mfu 63.81%
iter 54910: loss 3.7253, time 2738.72ms, mfu 63.80%
iter 54920: loss 3.7373, time 2741.85ms, mfu 63.80%
iter 54930: loss 3.7860, time 2739.10ms, mfu 63.80%
iter 54940: loss 3.7712, time 2738.68ms, mfu 63.80%
iter 54950: loss 3.7714, time 2741.05ms, mfu 63.79%
iter 54960: loss 3.7395, time 2739.65ms, mfu 63.79%
iter 54970: loss 3.7321, time 2739.73ms, mfu 63.79%
iter 54980: loss 3.7180, time 2736.83ms, mfu 63.79%
iter 54990: loss 3.6764, time 2736.76ms, mfu 63.80%
step 55000: train loss 3.5949, val loss 3.5948
saving checkpoint to /net/scratch2/junyuren/nanoGPT-manifold/out-openwebtext-baseline
iter 55000: loss 3.7745, time 18716.71ms, mfu 58.35%
iter 55010: loss 3.7933, time 2735.27ms, mfu 58.90%
iter 55020: loss 3.7642, time 2749.00ms, mfu 59.37%
iter 55030: loss 3.8255, time 2746.91ms, mfu 59.79%
iter 55040: loss 3.7912, time 2741.20ms, mfu 60.19%
iter 55050: loss 3.7750, time 2743.53ms, mfu 60.54%
iter 55060: loss 3.7646, time 2738.76ms, mfu 60.86%
iter 55070: loss 3.7088, time 2735.71ms, mfu 61.16%
iter 55080: loss 3.8442, time 2736.32ms, mfu 61.43%
iter 55090: loss 3.7804, time 2735.34ms, mfu 61.67%
iter 55100: loss 3.7452, time 2741.28ms, mfu 61.88%
iter 55110: loss 3.6499, time 2737.42ms, mfu 62.08%
iter 55120: loss 3.8000, time 2735.68ms, mfu 62.25%
iter 55130: loss 3.8515, time 2737.24ms, mfu 62.41%
iter 55140: loss 3.6377, time 2736.93ms, mfu 62.55%
iter 55150: loss 3.6571, time 2739.87ms, mfu 62.68%
iter 55160: loss 3.8326, time 2735.27ms, mfu 62.80%
iter 55170: loss 3.7286, time 2737.64ms, mfu 62.90%
iter 55180: loss 3.7407, time 2735.04ms, mfu 63.00%
iter 55190: loss 3.6449, time 2735.17ms, mfu 63.08%
iter 55200: loss 3.6622, time 2739.57ms, mfu 63.15%
iter 55210: loss 3.7297, time 2733.69ms, mfu 63.23%
iter 55220: loss 3.7982, time 2736.17ms, mfu 63.29%
iter 55230: loss 3.5735, time 2737.55ms, mfu 63.34%
iter 55240: loss 3.7188, time 2735.18ms, mfu 63.40%
iter 55250: loss 3.8288, time 2739.91ms, mfu 63.43%
iter 55260: loss 3.7615, time 2738.53ms, mfu 63.47%
iter 55270: loss 3.7162, time 2735.64ms, mfu 63.51%
iter 55280: loss 3.7119, time 2733.99ms, mfu 63.55%
iter 55290: loss 3.7557, time 2739.89ms, mfu 63.57%
iter 55300: loss 3.7554, time 2737.33ms, mfu 63.60%
iter 55310: loss 3.7831, time 2736.83ms, mfu 63.62%
iter 55320: loss 3.6965, time 2735.70ms, mfu 63.65%
iter 55330: loss 3.7300, time 2734.44ms, mfu 63.67%
iter 55340: loss 3.7363, time 2732.49ms, mfu 63.70%
iter 55350: loss 3.8038, time 2735.06ms, mfu 63.72%
iter 55360: loss 3.7158, time 2738.84ms, mfu 63.72%
iter 55370: loss 3.7058, time 2739.78ms, mfu 63.73%
iter 55380: loss 3.8136, time 2737.41ms, mfu 63.74%
iter 55390: loss 3.7817, time 2738.59ms, mfu 63.74%
iter 55400: loss 3.7683, time 2738.47ms, mfu 63.75%
iter 55410: loss 3.8050, time 2735.87ms, mfu 63.76%
iter 55420: loss 3.7632, time 2739.07ms, mfu 63.76%
iter 55430: loss 3.6931, time 2736.45ms, mfu 63.77%
iter 55440: loss 3.7606, time 2735.99ms, mfu 63.78%
iter 55450: loss 3.6917, time 2737.18ms, mfu 63.79%
iter 55460: loss 3.7288, time 2737.70ms, mfu 63.79%
iter 55470: loss 3.7852, time 2735.24ms, mfu 63.80%
iter 55480: loss 3.7385, time 2740.31ms, mfu 63.79%
iter 55490: loss 3.7406, time 2736.90ms, mfu 63.80%
iter 55500: loss 3.7244, time 2738.52ms, mfu 63.80%
iter 55510: loss 3.7149, time 2735.81ms, mfu 63.80%
iter 55520: loss 3.6814, time 2737.48ms, mfu 63.81%
iter 55530: loss 3.7875, time 2742.91ms, mfu 63.80%
iter 55540: loss 3.7567, time 2736.55ms, mfu 63.80%
iter 55550: loss 3.7431, time 2738.21ms, mfu 63.80%
iter 55560: loss 3.7615, time 2736.64ms, mfu 63.80%
iter 55570: loss 3.7453, time 2734.05ms, mfu 63.81%
iter 55580: loss 3.7757, time 2735.71ms, mfu 63.82%
iter 55590: loss 3.8299, time 2737.73ms, mfu 63.82%
iter 55600: loss 3.7633, time 2735.16ms, mfu 63.83%
iter 55610: loss 3.7135, time 2736.35ms, mfu 63.83%
iter 55620: loss 3.7165, time 2734.93ms, mfu 63.83%
iter 55630: loss 3.6916, time 2739.64ms, mfu 63.83%
iter 55640: loss 3.7123, time 2736.23ms, mfu 63.83%
iter 55650: loss 3.7729, time 2731.26ms, mfu 63.84%
iter 55660: loss 3.6743, time 2735.68ms, mfu 63.85%
iter 55670: loss 3.6664, time 2734.04ms, mfu 63.85%
iter 55680: loss 3.7894, time 2733.70ms, mfu 63.86%
iter 55690: loss 3.7343, time 2731.02ms, mfu 63.87%
iter 55700: loss 3.7244, time 2732.99ms, mfu 63.88%
iter 55710: loss 3.7670, time 2734.31ms, mfu 63.88%
iter 55720: loss 3.8222, time 2734.30ms, mfu 63.88%
iter 55730: loss 3.7366, time 2739.66ms, mfu 63.87%
iter 55740: loss 3.8282, time 2735.41ms, mfu 63.87%
iter 55750: loss 3.6770, time 2738.55ms, mfu 63.86%
iter 55760: loss 3.7543, time 2737.90ms, mfu 63.86%
iter 55770: loss 3.6975, time 2738.17ms, mfu 63.85%
iter 55780: loss 3.7100, time 2737.43ms, mfu 63.85%
iter 55790: loss 3.7302, time 2736.50ms, mfu 63.85%
iter 55800: loss 3.7001, time 2736.99ms, mfu 63.85%
iter 55810: loss 3.7040, time 2734.68ms, mfu 63.85%
iter 55820: loss 3.7476, time 2737.03ms, mfu 63.85%
iter 55830: loss 3.7184, time 2738.64ms, mfu 63.84%
iter 55840: loss 3.8070, time 2738.39ms, mfu 63.84%
iter 55850: loss 3.7077, time 2737.75ms, mfu 63.84%
iter 55860: loss 3.7323, time 2736.31ms, mfu 63.84%
iter 55870: loss 3.6770, time 2734.58ms, mfu 63.84%
iter 55880: loss 3.7781, time 2737.32ms, mfu 63.84%
iter 55890: loss 3.7337, time 2737.91ms, mfu 63.84%
iter 55900: loss 3.7316, time 2738.22ms, mfu 63.84%
iter 55910: loss 3.7806, time 2737.09ms, mfu 63.84%
iter 55920: loss 3.7477, time 2736.81ms, mfu 63.84%
iter 55930: loss 3.6722, time 2737.41ms, mfu 63.84%
iter 55940: loss 3.7403, time 2733.04ms, mfu 63.84%
iter 55950: loss 3.7875, time 2735.61ms, mfu 63.85%
iter 55960: loss 3.8123, time 2737.26ms, mfu 63.84%
iter 55970: loss 3.7433, time 2735.24ms, mfu 63.85%
iter 55980: loss 3.7503, time 2736.08ms, mfu 63.85%
iter 55990: loss 3.6594, time 2734.76ms, mfu 63.85%
step 56000: train loss 3.5873, val loss 3.5917
saving checkpoint to /net/scratch2/junyuren/nanoGPT-manifold/out-openwebtext-baseline
iter 56000: loss 3.6839, time 19316.40ms, mfu 58.37%
iter 56010: loss 3.7438, time 2736.52ms, mfu 58.92%
iter 56020: loss 3.7591, time 2742.24ms, mfu 59.40%
iter 56030: loss 3.7862, time 2737.88ms, mfu 59.84%
iter 56040: loss 3.7390, time 2742.02ms, mfu 60.23%
iter 56050: loss 3.6980, time 2741.72ms, mfu 60.58%
iter 56060: loss 3.7106, time 2738.52ms, mfu 60.90%
iter 56070: loss 3.7536, time 2741.92ms, mfu 61.18%
iter 56080: loss 3.7444, time 2738.70ms, mfu 61.44%
iter 56090: loss 3.7260, time 2739.46ms, mfu 61.68%
iter 56100: loss 3.8315, time 2735.47ms, mfu 61.90%
iter 56110: loss 3.7562, time 2742.67ms, mfu 62.08%
iter 56120: loss 3.7810, time 2741.01ms, mfu 62.24%
iter 56130: loss 3.7848, time 2741.47ms, mfu 62.39%
iter 56140: loss 3.7178, time 2736.95ms, mfu 62.54%
iter 56150: loss 3.8276, time 2742.08ms, mfu 62.65%
iter 56160: loss 3.7501, time 2736.00ms, mfu 62.77%
iter 56170: loss 3.7160, time 2741.20ms, mfu 62.87%
iter 56180: loss 3.7751, time 2740.58ms, mfu 62.96%
iter 56190: loss 3.7000, time 2739.62ms, mfu 63.04%
iter 56200: loss 3.7343, time 2738.24ms, mfu 63.12%
iter 56210: loss 3.7392, time 2739.96ms, mfu 63.18%
iter 56220: loss 3.7653, time 2742.98ms, mfu 63.23%
iter 56230: loss 3.8413, time 2737.24ms, mfu 63.29%
iter 56240: loss 3.6933, time 2738.83ms, mfu 63.34%
iter 56250: loss 3.6447, time 2742.54ms, mfu 63.38%
iter 56260: loss 3.6889, time 2736.58ms, mfu 63.43%
iter 56270: loss 3.7930, time 2742.91ms, mfu 63.45%
iter 56280: loss 3.6445, time 2740.11ms, mfu 63.48%
iter 56290: loss 3.7302, time 2740.48ms, mfu 63.51%
iter 56300: loss 3.6807, time 2740.52ms, mfu 63.53%
iter 56310: loss 3.6984, time 2742.06ms, mfu 63.55%
iter 56320: loss 3.7043, time 2739.44ms, mfu 63.58%
iter 56330: loss 3.6933, time 2743.36ms, mfu 63.59%
iter 56340: loss 3.7791, time 2743.63ms, mfu 63.60%
iter 56350: loss 3.7043, time 2743.44ms, mfu 63.60%
iter 56360: loss 3.7101, time 2742.41ms, mfu 63.62%
iter 56370: loss 3.7182, time 2743.00ms, mfu 63.62%
iter 56380: loss 3.7306, time 2738.19ms, mfu 63.64%
iter 56390: loss 3.7506, time 2741.89ms, mfu 63.65%
iter 56400: loss 3.6650, time 2741.99ms, mfu 63.66%
iter 56410: loss 3.7110, time 2741.42ms, mfu 63.66%
iter 56420: loss 3.7345, time 2740.59ms, mfu 63.67%
iter 56430: loss 3.7461, time 2741.99ms, mfu 63.68%
iter 56440: loss 3.6813, time 2741.57ms, mfu 63.68%
iter 56450: loss 3.7698, time 2738.58ms, mfu 63.69%
iter 56460: loss 3.7631, time 2742.55ms, mfu 63.69%
iter 56470: loss 3.7323, time 2742.41ms, mfu 63.70%
iter 56480: loss 3.7306, time 2743.85ms, mfu 63.69%
iter 56490: loss 3.7124, time 2736.82ms, mfu 63.71%
iter 56500: loss 3.7630, time 2744.29ms, mfu 63.70%
iter 56510: loss 3.6719, time 2737.70ms, mfu 63.72%
iter 56520: loss 3.7904, time 2743.88ms, mfu 63.71%
iter 56530: loss 3.7012, time 2738.58ms, mfu 63.72%
iter 56540: loss 3.6817, time 2739.18ms, mfu 63.73%
iter 56550: loss 3.8912, time 2740.75ms, mfu 63.73%
iter 56560: loss 3.8076, time 2739.14ms, mfu 63.73%
iter 56570: loss 3.7323, time 2739.38ms, mfu 63.74%
iter 56580: loss 3.7351, time 2738.14ms, mfu 63.75%
iter 56590: loss 3.7543, time 2741.79ms, mfu 63.74%
iter 56600: loss 3.7684, time 2740.67ms, mfu 63.74%
iter 56610: loss 3.7850, time 2746.43ms, mfu 63.73%
iter 56620: loss 3.8042, time 2739.86ms, mfu 63.73%
iter 56630: loss 3.6910, time 2734.71ms, mfu 63.75%
iter 56640: loss 3.7132, time 2741.18ms, mfu 63.75%
iter 56650: loss 3.7505, time 2738.59ms, mfu 63.75%
iter 56660: loss 3.6894, time 2739.20ms, mfu 63.76%
iter 56670: loss 3.7088, time 2738.53ms, mfu 63.76%
iter 56680: loss 3.7656, time 2738.95ms, mfu 63.76%
