Overriding config with config/train_openwebtext_lr6x_resume.py:
# OpenWebText Phase 2.5 - LR 6× (NEW EXPERIMENT)
# Intermediate between lr4x and lr8x

# I/O
out_dir = '/net/scratch2/junyuren/nanoGPT-manifold/out-openwebtext-lr6x'
init_from = 'resume'
eval_interval = 1000
eval_iters = 200
log_interval = 10
always_save_checkpoint = True

wandb_log = False
wandb_project = 'openwebtext'
wandb_run_name = 'grassmann-6L-384d-lr6x'

# Data
dataset = 'openwebtext'
data_dir = '/net/scratch2/junyuren/nanoGPT-manifold/data/openwebtext'
gradient_accumulation_steps = 40
batch_size = 64
block_size = 1024

# Model
n_layer = 6
n_head = 6
n_embd = 384
dropout = 0.2
bias = False

# AdamW optimizer
learning_rate = 1e-3
max_iters = 100000
lr_decay_iters = 100000
min_lr = 1e-4
beta1 = 0.9
beta2 = 0.99
weight_decay = 1e-1
grad_clip = 1.0

decay_lr = True
warmup_iters = 2000

# Grassmann config - stable_rank_x2 with lr6x
use_grassmann = True
grassmann_phase = 'phase2.5'

grass_rank_c_attn = 48
grass_rank_mlp_fc = 20
grass_scale_c_attn = 4.6293
grass_scale_mlp_fc = 10.1372

grass_rank = 48
grass_lr = 6e-3  # 6× (between lr4x and lr8x)
grass_a = 1.0
grass_b = 0.0
grass_alpha = 0.01
grass_steps = 10
grass_tol = 1e-6

# System
device = 'cuda'
dtype = 'bfloat16'
compile = True

tokens per iteration will be: 2,621,440
Resuming training from /net/scratch2/junyuren/nanoGPT-manifold/out-openwebtext-lr6x
number of parameters: 29.94M

=== Phase phase2.5 Grassmann Configuration ===
  Variant .5: attn.c_proj uses AdamW (not Grassmann)

Per-block configuration (6 blocks):
  c_attn ranks:       [48, 48, 48, 48, 48, 48]
  c_attn scales:      ['4.63', '4.63', '4.63', '4.63', '4.63', '4.63']
  mlp.c_fc ranks:     [20, 20, 20, 20, 20, 20]
  mlp.c_fc scales:    ['10.14', '10.14', '10.14', '10.14', '10.14', '10.14']
Grassmann Muon parameters: 6 weight matrices, 3,538,944 params
AdamW decay parameters: 20 tensors, 26,787,840 params
AdamW no-decay parameters: 13 tensors, 4,992 params
  transformer.h.0.mlp.c_fc.weight: k=4, G_{1.0,0.0,20}, lr=0.008, scale=10.1372, type=vertical
  transformer.h.1.mlp.c_fc.weight: k=4, G_{1.0,0.0,20}, lr=0.008, scale=10.1372, type=vertical
  transformer.h.2.mlp.c_fc.weight: k=4, G_{1.0,0.0,20}, lr=0.008, scale=10.1372, type=vertical
  transformer.h.3.mlp.c_fc.weight: k=4, G_{1.0,0.0,20}, lr=0.008, scale=10.1372, type=vertical
  transformer.h.4.mlp.c_fc.weight: k=4, G_{1.0,0.0,20}, lr=0.008, scale=10.1372, type=vertical
  transformer.h.5.mlp.c_fc.weight: k=4, G_{1.0,0.0,20}, lr=0.008, scale=10.1372, type=vertical
using fused AdamW: True

=== Setting up component-specific dropout ===
AdamW components: dropout = 0.2
Grassmann components: dropout = 0.1
Component-specific dropout setup complete.

=== Setting up norm-preserving scaling (Phase phase2.5) ===
  Added frozen 0.5×I scaling after mlp.c_fc (device=cuda:0)
  Added frozen 0.5×I scaling after mlp.c_fc (device=cuda:0)
  Added frozen 0.5×I scaling after mlp.c_fc (device=cuda:0)
  Added frozen 0.5×I scaling after mlp.c_fc (device=cuda:0)
  Added frozen 0.5×I scaling after mlp.c_fc (device=cuda:0)
  Added frozen 0.5×I scaling after mlp.c_fc (device=cuda:0)
Norm-preserving scaling setup complete.
compiling the model... (takes a ~minute)
step 68000: train loss 3.8949, val loss 3.9023
saving checkpoint to /net/scratch2/junyuren/nanoGPT-manifold/out-openwebtext-lr6x
iter 68000: loss 3.8943, time 39807.31ms, mfu -100.00%
iter 68010: loss 4.0320, time 3537.81ms, mfu 69.56%
iter 68020: loss 3.9559, time 3546.60ms, mfu 69.54%
iter 68030: loss 4.0019, time 3546.59ms, mfu 69.52%
iter 68040: loss 4.0381, time 3557.70ms, mfu 69.49%
iter 68050: loss 4.0450, time 3548.40ms, mfu 69.47%
iter 68060: loss 4.0649, time 3546.73ms, mfu 69.46%
iter 68070: loss 3.8744, time 3550.32ms, mfu 69.45%
iter 68080: loss 3.9506, time 3549.43ms, mfu 69.44%
iter 68090: loss 4.0483, time 3552.83ms, mfu 69.42%
iter 68100: loss 4.0483, time 3550.14ms, mfu 69.41%
iter 68110: loss 3.9691, time 3554.04ms, mfu 69.39%
iter 68120: loss 4.0258, time 3543.97ms, mfu 69.40%
iter 68130: loss 3.9774, time 3562.44ms, mfu 69.36%
iter 68140: loss 3.9841, time 3549.57ms, mfu 69.36%
iter 68150: loss 4.0281, time 3550.83ms, mfu 69.35%
iter 68160: loss 3.9979, time 3547.27ms, mfu 69.36%
iter 68170: loss 3.9748, time 3547.25ms, mfu 69.36%
iter 68180: loss 4.0514, time 3552.16ms, mfu 69.35%
iter 68190: loss 4.0189, time 3549.07ms, mfu 69.35%
iter 68200: loss 4.0845, time 3557.60ms, mfu 69.33%
iter 68210: loss 4.0747, time 3558.85ms, mfu 69.31%
iter 68220: loss 3.9495, time 3551.84ms, mfu 69.31%
iter 68230: loss 3.9203, time 3543.99ms, mfu 69.32%
iter 68240: loss 4.0113, time 3541.72ms, mfu 69.34%
iter 68250: loss 4.0212, time 3542.61ms, mfu 69.35%
iter 68260: loss 4.0561, time 3556.02ms, mfu 69.33%
iter 68270: loss 4.0365, time 3558.69ms, mfu 69.32%
iter 68280: loss 4.0308, time 3559.95ms, mfu 69.30%
iter 68290: loss 4.0142, time 3557.07ms, mfu 69.29%
iter 68300: loss 4.0531, time 3556.04ms, mfu 69.28%
iter 68310: loss 4.0523, time 3554.61ms, mfu 69.27%
iter 68320: loss 3.9774, time 3549.23ms, mfu 69.28%
iter 68330: loss 3.9537, time 3554.76ms, mfu 69.27%
iter 68340: loss 3.9954, time 3551.21ms, mfu 69.27%
iter 68350: loss 3.9826, time 3562.43ms, mfu 69.25%
iter 68360: loss 4.0099, time 3555.04ms, mfu 69.25%
iter 68370: loss 3.9493, time 3551.63ms, mfu 69.25%
iter 68380: loss 3.9714, time 3546.53ms, mfu 69.27%
iter 68390: loss 4.0182, time 3553.85ms, mfu 69.27%
iter 68400: loss 4.0671, time 3546.72ms, mfu 69.28%
iter 68410: loss 3.8937, time 3554.97ms, mfu 69.27%
iter 68420: loss 3.9813, time 3557.71ms, mfu 69.26%
iter 68430: loss 3.9547, time 3559.68ms, mfu 69.25%
iter 68440: loss 3.9580, time 3558.93ms, mfu 69.24%
iter 68450: loss 3.9634, time 3556.85ms, mfu 69.23%
iter 68460: loss 3.9796, time 3552.70ms, mfu 69.24%
iter 68470: loss 3.9959, time 3558.44ms, mfu 69.23%
iter 68480: loss 3.9701, time 3552.45ms, mfu 69.23%
iter 68490: loss 4.0397, time 3559.18ms, mfu 69.22%
iter 68500: loss 4.0212, time 3551.14ms, mfu 69.23%
iter 68510: loss 4.0536, time 3554.31ms, mfu 69.23%
iter 68520: loss 3.9616, time 3554.22ms, mfu 69.23%
iter 68530: loss 4.0249, time 3557.93ms, mfu 69.22%
iter 68540: loss 3.9621, time 3563.02ms, mfu 69.21%
iter 68550: loss 3.9991, time 3555.20ms, mfu 69.21%
iter 68560: loss 3.9263, time 3558.01ms, mfu 69.20%
iter 68570: loss 4.0521, time 3554.05ms, mfu 69.21%
iter 68580: loss 3.9922, time 3546.85ms, mfu 69.22%
iter 68590: loss 4.0968, time 3561.30ms, mfu 69.21%
iter 68600: loss 4.0059, time 3543.63ms, mfu 69.23%
iter 68610: loss 4.0591, time 3545.28ms, mfu 69.25%
iter 68620: loss 3.9541, time 3565.24ms, mfu 69.23%
iter 68630: loss 4.0078, time 3546.81ms, mfu 69.24%
iter 68640: loss 4.0441, time 3549.25ms, mfu 69.25%
iter 68650: loss 3.8825, time 3549.68ms, mfu 69.26%
iter 68660: loss 3.9430, time 3553.70ms, mfu 69.26%
iter 68670: loss 4.0168, time 3558.60ms, mfu 69.25%
iter 68680: loss 3.9736, time 3550.59ms, mfu 69.25%
iter 68690: loss 3.9494, time 3545.90ms, mfu 69.27%
iter 68700: loss 3.9491, time 3547.23ms, mfu 69.28%
iter 68710: loss 4.0600, time 3548.79ms, mfu 69.28%
iter 68720: loss 3.9747, time 3550.51ms, mfu 69.29%
iter 68730: loss 3.8983, time 3545.98ms, mfu 69.30%
iter 68740: loss 4.0246, time 3553.76ms, mfu 69.29%
iter 68750: loss 4.0932, time 3559.32ms, mfu 69.28%
iter 68760: loss 3.9706, time 3552.12ms, mfu 69.28%
iter 68770: loss 3.9618, time 3546.21ms, mfu 69.29%
iter 68780: loss 3.9457, time 3550.54ms, mfu 69.29%
iter 68790: loss 3.9584, time 3547.06ms, mfu 69.30%
iter 68800: loss 3.9877, time 3558.41ms, mfu 69.28%
iter 68810: loss 3.9797, time 3550.73ms, mfu 69.29%
iter 68820: loss 4.0509, time 3552.45ms, mfu 69.28%
iter 68830: loss 3.9755, time 3558.30ms, mfu 69.27%
iter 68840: loss 3.9972, time 3556.32ms, mfu 69.26%
iter 68850: loss 4.0301, time 3557.67ms, mfu 69.25%
iter 68860: loss 4.0242, time 3556.43ms, mfu 69.25%
iter 68870: loss 3.9254, time 3555.82ms, mfu 69.24%
iter 68880: loss 3.9662, time 3547.38ms, mfu 69.26%
iter 68890: loss 4.0081, time 3550.00ms, mfu 69.26%
iter 68900: loss 3.9746, time 3555.04ms, mfu 69.26%
iter 68910: loss 3.9484, time 3559.22ms, mfu 69.25%
iter 68920: loss 4.0315, time 3554.09ms, mfu 69.25%
iter 68930: loss 4.0557, time 3546.53ms, mfu 69.26%
iter 68940: loss 4.0419, time 3555.91ms, mfu 69.25%
iter 68950: loss 4.0757, time 3545.67ms, mfu 69.27%
iter 68960: loss 3.9659, time 3552.93ms, mfu 69.27%
iter 68970: loss 3.9861, time 3543.69ms, mfu 69.28%
iter 68980: loss 4.0399, time 3550.27ms, mfu 69.29%
iter 68990: loss 3.9711, time 3561.47ms, mfu 69.27%
step 69000: train loss 3.8775, val loss 3.8963
saving checkpoint to /net/scratch2/junyuren/nanoGPT-manifold/out-openwebtext-lr6x
iter 69000: loss 3.9484, time 22526.15ms, mfu 63.43%
iter 69010: loss 4.0522, time 3548.01ms, mfu 64.03%
iter 69020: loss 3.9459, time 3547.67ms, mfu 64.56%
iter 69030: loss 4.0171, time 3549.38ms, mfu 65.04%
iter 69040: loss 3.9711, time 3547.78ms, mfu 65.47%
iter 69050: loss 4.0400, time 3561.69ms, mfu 65.83%
iter 69060: loss 3.8939, time 3550.83ms, mfu 66.18%
iter 69070: loss 3.9650, time 3559.07ms, mfu 66.47%
iter 69080: loss 3.9744, time 3552.05ms, mfu 66.75%
iter 69090: loss 4.0103, time 3562.38ms, mfu 66.99%
iter 69100: loss 3.9992, time 3552.51ms, mfu 67.22%
iter 69110: loss 3.9596, time 3552.64ms, mfu 67.42%
iter 69120: loss 4.0167, time 3554.28ms, mfu 67.60%
iter 69130: loss 3.9752, time 3562.75ms, mfu 67.75%
iter 69140: loss 3.9370, time 3555.95ms, mfu 67.89%
iter 69150: loss 4.0163, time 3550.14ms, mfu 68.04%
iter 69160: loss 4.0119, time 3552.33ms, mfu 68.16%
iter 69170: loss 3.9297, time 3553.67ms, mfu 68.27%
iter 69180: loss 3.9883, time 3554.83ms, mfu 68.36%
iter 69190: loss 4.1148, time 3559.41ms, mfu 68.44%
iter 69200: loss 3.9485, time 3558.89ms, mfu 68.51%
iter 69210: loss 3.9514, time 3552.90ms, mfu 68.59%
iter 69220: loss 4.0705, time 3551.06ms, mfu 68.66%
iter 69230: loss 4.0083, time 3556.41ms, mfu 68.71%
iter 69240: loss 4.0214, time 3554.63ms, mfu 68.76%
iter 69250: loss 4.0967, time 3557.61ms, mfu 68.80%
iter 69260: loss 4.0670, time 3554.16ms, mfu 68.85%
iter 69270: loss 4.0300, time 3563.91ms, mfu 68.87%
iter 69280: loss 4.0376, time 3555.95ms, mfu 68.90%
iter 69290: loss 4.0451, time 3550.29ms, mfu 68.94%
iter 69300: loss 3.9950, time 3556.52ms, mfu 68.97%
iter 69310: loss 4.0289, time 3555.32ms, mfu 68.99%
iter 69320: loss 3.8464, time 3557.15ms, mfu 69.01%
iter 69330: loss 4.0328, time 3548.64ms, mfu 69.04%
iter 69340: loss 4.0661, time 3549.04ms, mfu 69.07%
iter 69350: loss 4.0871, time 3552.23ms, mfu 69.09%
iter 69360: loss 3.9942, time 3557.54ms, mfu 69.10%
iter 69370: loss 4.0384, time 3555.58ms, mfu 69.11%
iter 69380: loss 4.0054, time 3557.62ms, mfu 69.12%
iter 69390: loss 4.0084, time 3563.46ms, mfu 69.11%
iter 69400: loss 4.0424, time 3557.31ms, mfu 69.12%
iter 69410: loss 4.0453, time 3551.23ms, mfu 69.13%
iter 69420: loss 4.0709, time 3554.51ms, mfu 69.14%
iter 69430: loss 4.0494, time 3554.75ms, mfu 69.15%
iter 69440: loss 3.9756, time 3551.89ms, mfu 69.17%
iter 69450: loss 3.8982, time 3556.82ms, mfu 69.17%
iter 69460: loss 4.0427, time 3557.38ms, mfu 69.17%
iter 69470: loss 4.0569, time 3559.52ms, mfu 69.16%
iter 69480: loss 3.9570, time 3553.82ms, mfu 69.17%
iter 69490: loss 4.0213, time 3554.89ms, mfu 69.18%
iter 69500: loss 3.9340, time 3552.97ms, mfu 69.19%
iter 69510: loss 3.9902, time 3561.02ms, mfu 69.18%
iter 69520: loss 4.0895, time 3559.35ms, mfu 69.17%
iter 69530: loss 4.0472, time 3552.79ms, mfu 69.18%
iter 69540: loss 4.0290, time 3557.60ms, mfu 69.18%
iter 69550: loss 4.0322, time 3553.53ms, mfu 69.19%
iter 69560: loss 4.0474, time 3557.88ms, mfu 69.19%
iter 69570: loss 3.9870, time 3557.06ms, mfu 69.18%
iter 69580: loss 3.9639, time 3561.99ms, mfu 69.17%
iter 69590: loss 4.0214, time 3561.91ms, mfu 69.17%
iter 69600: loss 3.9960, time 3554.31ms, mfu 69.17%
iter 69610: loss 3.9810, time 3561.04ms, mfu 69.17%
iter 69620: loss 4.0527, time 3558.34ms, mfu 69.16%
iter 69630: loss 4.0576, time 3567.97ms, mfu 69.14%
iter 69640: loss 4.0106, time 3559.00ms, mfu 69.14%
iter 69650: loss 4.0379, time 3554.11ms, mfu 69.15%
iter 69660: loss 4.0311, time 3556.70ms, mfu 69.16%
iter 69670: loss 4.0236, time 3554.55ms, mfu 69.16%
iter 69680: loss 3.9877, time 3562.22ms, mfu 69.16%
iter 69690: loss 3.9790, time 3559.34ms, mfu 69.15%
iter 69700: loss 4.0527, time 3559.98ms, mfu 69.15%
iter 69710: loss 4.0860, time 3560.23ms, mfu 69.15%
iter 69720: loss 3.9385, time 3559.92ms, mfu 69.15%
iter 69730: loss 4.0161, time 3556.35ms, mfu 69.15%
iter 69740: loss 3.9748, time 3559.90ms, mfu 69.15%
iter 69750: loss 3.8901, time 3557.41ms, mfu 69.15%
iter 69760: loss 3.9940, time 3559.90ms, mfu 69.15%
iter 69770: loss 4.0609, time 3558.24ms, mfu 69.15%
iter 69780: loss 4.0846, time 3550.70ms, mfu 69.16%
iter 69790: loss 3.9898, time 3559.28ms, mfu 69.16%
iter 69800: loss 4.0049, time 3552.98ms, mfu 69.17%
iter 69810: loss 4.0241, time 3553.78ms, mfu 69.18%
iter 69820: loss 4.0130, time 3553.29ms, mfu 69.19%
iter 69830: loss 4.0603, time 3560.72ms, mfu 69.18%
iter 69840: loss 3.9642, time 3556.32ms, mfu 69.18%
iter 69850: loss 3.9880, time 3559.70ms, mfu 69.17%
iter 69860: loss 4.0118, time 3565.82ms, mfu 69.16%
iter 69870: loss 3.9121, time 3556.00ms, mfu 69.16%
iter 69880: loss 4.0971, time 3553.89ms, mfu 69.17%
iter 69890: loss 4.0066, time 3554.84ms, mfu 69.18%
iter 69900: loss 3.9643, time 3557.27ms, mfu 69.18%
iter 69910: loss 4.0146, time 3562.55ms, mfu 69.17%
iter 69920: loss 4.0544, time 3558.04ms, mfu 69.16%
iter 69930: loss 4.0265, time 3554.34ms, mfu 69.17%
iter 69940: loss 3.9847, time 3558.40ms, mfu 69.17%
iter 69950: loss 4.0490, time 3561.37ms, mfu 69.16%
iter 69960: loss 4.0627, time 3560.02ms, mfu 69.16%
iter 69970: loss 3.9809, time 3554.29ms, mfu 69.17%
iter 69980: loss 3.9873, time 3558.46ms, mfu 69.16%
iter 69990: loss 3.9523, time 3554.97ms, mfu 69.17%
step 70000: train loss 3.8903, val loss 3.8994
saving checkpoint to /net/scratch2/junyuren/nanoGPT-manifold/out-openwebtext-lr6x
iter 70000: loss 4.0006, time 21914.03ms, mfu 63.38%
iter 70010: loss 3.9970, time 3552.78ms, mfu 63.96%
iter 70020: loss 3.9682, time 3557.74ms, mfu 64.49%
iter 70030: loss 3.9402, time 3552.27ms, mfu 64.96%
iter 70040: loss 3.9785, time 3546.96ms, mfu 65.41%
iter 70050: loss 3.9928, time 3555.06ms, mfu 65.79%
iter 70060: loss 4.1152, time 3552.17ms, mfu 66.14%
iter 70070: loss 3.9770, time 3549.17ms, mfu 66.46%
iter 70080: loss 3.9884, time 3549.58ms, mfu 66.74%
iter 70090: loss 3.9748, time 3552.70ms, mfu 66.99%
iter 70100: loss 3.8864, time 3554.88ms, mfu 67.22%
iter 70110: loss 3.9615, time 3552.91ms, mfu 67.42%
iter 70120: loss 3.9262, time 3549.41ms, mfu 67.61%
iter 70130: loss 3.9757, time 3549.21ms, mfu 67.78%
iter 70140: loss 3.9569, time 3551.32ms, mfu 67.94%
iter 70150: loss 4.0454, time 3553.01ms, mfu 68.07%
iter 70160: loss 4.0385, time 3545.13ms, mfu 68.20%
iter 70170: loss 4.0758, time 3545.16ms, mfu 68.32%
iter 70180: loss 3.9690, time 3552.84ms, mfu 68.42%
iter 70190: loss 4.0393, time 3549.96ms, mfu 68.51%
iter 70200: loss 3.9416, time 3555.93ms, mfu 68.58%
iter 70210: loss 4.0942, time 3545.61ms, mfu 68.66%
iter 70220: loss 3.9884, time 3546.63ms, mfu 68.73%
iter 70230: loss 3.9372, time 3554.34ms, mfu 68.78%
iter 70240: loss 4.0021, time 3548.36ms, mfu 68.84%
iter 70250: loss 4.0808, time 3550.26ms, mfu 68.89%
iter 70260: loss 3.9209, time 3556.24ms, mfu 68.92%
iter 70270: loss 3.9931, time 3557.72ms, mfu 68.94%
iter 70280: loss 3.9995, time 3559.51ms, mfu 68.96%
iter 70290: loss 4.0128, time 3551.42ms, mfu 68.99%
iter 70300: loss 4.0702, time 3558.87ms, mfu 69.01%
iter 70310: loss 3.9391, time 3555.35ms, mfu 69.03%
iter 70320: loss 3.9071, time 3561.16ms, mfu 69.04%
iter 70330: loss 3.9635, time 3553.58ms, mfu 69.06%
iter 70340: loss 3.9950, time 3546.67ms, mfu 69.09%
iter 70350: loss 4.1165, time 3551.23ms, mfu 69.11%
iter 70360: loss 4.0447, time 3544.45ms, mfu 69.14%
iter 70370: loss 4.0030, time 3554.60ms, mfu 69.15%
iter 70380: loss 3.9628, time 3554.88ms, mfu 69.16%
iter 70390: loss 3.9814, time 3548.84ms, mfu 69.18%
iter 70400: loss 4.0139, time 3556.17ms, mfu 69.18%
iter 70410: loss 4.0060, time 3548.94ms, mfu 69.19%
iter 70420: loss 3.9949, time 3563.12ms, mfu 69.18%
iter 70430: loss 3.8841, time 3552.61ms, mfu 69.19%
iter 70440: loss 4.0123, time 3557.94ms, mfu 69.19%
iter 70450: loss 4.0978, time 3552.48ms, mfu 69.20%
iter 70460: loss 4.0294, time 3552.46ms, mfu 69.20%
iter 70470: loss 3.9811, time 3557.43ms, mfu 69.20%
iter 70480: loss 4.0716, time 3553.07ms, mfu 69.21%
iter 70490: loss 3.9397, time 3556.95ms, mfu 69.20%
iter 70500: loss 4.0325, time 3555.34ms, mfu 69.20%
iter 70510: loss 3.9787, time 3556.60ms, mfu 69.20%
iter 70520: loss 4.0677, time 3553.40ms, mfu 69.21%
iter 70530: loss 3.9309, time 3551.17ms, mfu 69.22%
iter 70540: loss 4.0359, time 3552.50ms, mfu 69.22%
iter 70550: loss 4.0804, time 3562.81ms, mfu 69.21%
iter 70560: loss 3.9932, time 3556.17ms, mfu 69.21%
iter 70570: loss 4.0526, time 3550.59ms, mfu 69.22%
iter 70580: loss 3.9133, time 3550.73ms, mfu 69.22%
iter 70590: loss 4.0390, time 3556.91ms, mfu 69.22%
iter 70600: loss 4.0318, time 3551.47ms, mfu 69.23%
iter 70610: loss 3.9917, time 3558.40ms, mfu 69.22%
iter 70620: loss 3.9623, time 3559.71ms, mfu 69.21%
iter 70630: loss 4.0870, time 3557.77ms, mfu 69.21%
iter 70640: loss 3.9636, time 3555.04ms, mfu 69.21%
iter 70650: loss 3.9483, time 3560.44ms, mfu 69.20%
iter 70660: loss 3.9915, time 3562.92ms, mfu 69.18%
iter 70670: loss 3.9324, time 3556.00ms, mfu 69.19%
iter 70680: loss 4.0024, time 3558.67ms, mfu 69.18%
iter 70690: loss 3.9983, time 3554.42ms, mfu 69.19%
iter 70700: loss 3.9333, time 3566.09ms, mfu 69.17%
iter 70710: loss 3.9058, time 3554.78ms, mfu 69.17%
iter 70720: loss 4.0093, time 3554.84ms, mfu 69.18%
iter 70730: loss 3.9716, time 3555.67ms, mfu 69.18%
iter 70740: loss 4.0259, time 3553.71ms, mfu 69.19%
iter 70750: loss 3.9839, time 3560.82ms, mfu 69.18%
iter 70760: loss 3.9854, time 3550.28ms, mfu 69.19%
iter 70770: loss 4.0284, time 3544.08ms, mfu 69.22%
iter 70780: loss 3.9642, time 3559.57ms, mfu 69.21%
iter 70790: loss 3.9909, time 3558.52ms, mfu 69.20%
iter 70800: loss 4.0683, time 3557.18ms, mfu 69.20%
iter 70810: loss 3.9295, time 3556.68ms, mfu 69.20%
iter 70820: loss 4.0056, time 3548.11ms, mfu 69.21%
iter 70830: loss 3.9821, time 3555.05ms, mfu 69.22%
iter 70840: loss 3.9906, time 3558.52ms, mfu 69.21%
iter 70850: loss 3.9604, time 3559.55ms, mfu 69.20%
iter 70860: loss 4.0599, time 3548.18ms, mfu 69.22%
iter 70870: loss 4.0049, time 3552.76ms, mfu 69.22%
iter 70880: loss 3.9887, time 3553.89ms, mfu 69.22%
iter 70890: loss 3.9829, time 3553.73ms, mfu 69.23%
iter 70900: loss 4.0045, time 3559.66ms, mfu 69.22%
iter 70910: loss 3.9544, time 3554.90ms, mfu 69.22%
iter 70920: loss 3.9751, time 3560.96ms, mfu 69.21%
iter 70930: loss 4.0464, time 3561.67ms, mfu 69.19%
iter 70940: loss 3.9755, time 3551.48ms, mfu 69.20%
iter 70950: loss 3.9925, time 3562.85ms, mfu 69.19%
iter 70960: loss 4.0681, time 3557.16ms, mfu 69.19%
iter 70970: loss 4.0542, time 3554.61ms, mfu 69.19%
iter 70980: loss 3.9828, time 3552.55ms, mfu 69.20%
iter 70990: loss 4.0759, time 3555.62ms, mfu 69.20%
step 71000: train loss 3.8839, val loss 3.8986
saving checkpoint to /net/scratch2/junyuren/nanoGPT-manifold/out-openwebtext-lr6x
iter 71000: loss 4.0805, time 21582.13ms, mfu 63.42%
iter 71010: loss 3.9949, time 3545.28ms, mfu 64.02%
iter 71020: loss 3.9704, time 3550.17ms, mfu 64.55%
iter 71030: loss 3.9832, time 3550.42ms, mfu 65.03%
iter 71040: loss 3.9724, time 3553.76ms, mfu 65.45%
iter 71050: loss 3.9270, time 3558.84ms, mfu 65.82%
iter 71060: loss 3.9245, time 3549.32ms, mfu 66.17%
iter 71070: loss 3.9517, time 3556.05ms, mfu 66.47%
iter 71080: loss 4.0206, time 3550.12ms, mfu 66.76%
iter 71090: loss 3.9347, time 3549.78ms, mfu 67.01%
iter 71100: loss 4.0167, time 3550.72ms, mfu 67.24%
iter 71110: loss 4.0417, time 3549.20ms, mfu 67.45%
iter 71120: loss 4.0607, time 3554.26ms, mfu 67.63%
iter 71130: loss 3.9135, time 3546.57ms, mfu 67.80%
iter 71140: loss 3.9545, time 3545.74ms, mfu 67.96%
iter 71150: loss 3.9644, time 3553.38ms, mfu 68.09%
iter 71160: loss 4.0297, time 3544.17ms, mfu 68.23%
iter 71170: loss 3.9694, time 3546.63ms, mfu 68.34%
iter 71180: loss 3.9780, time 3555.48ms, mfu 68.43%
iter 71190: loss 4.0560, time 3549.60ms, mfu 68.52%
iter 71200: loss 3.9018, time 3548.38ms, mfu 68.60%
iter 71210: loss 4.0416, time 3551.74ms, mfu 68.67%
iter 71220: loss 4.0301, time 3545.98ms, mfu 68.74%
iter 71230: loss 3.9663, time 3542.55ms, mfu 68.81%
iter 71240: loss 3.9795, time 3545.64ms, mfu 68.87%
iter 71250: loss 3.8928, time 3553.10ms, mfu 68.91%
iter 71260: loss 3.9754, time 3543.93ms, mfu 68.96%
iter 71270: loss 4.0804, time 3550.10ms, mfu 69.00%
iter 71280: loss 3.9001, time 3547.17ms, mfu 69.04%
iter 71290: loss 4.0606, time 3544.76ms, mfu 69.08%
iter 71300: loss 4.0566, time 3549.26ms, mfu 69.10%
iter 71310: loss 4.0052, time 3546.09ms, mfu 69.13%
iter 71320: loss 4.0833, time 3549.72ms, mfu 69.15%
iter 71330: loss 4.0552, time 3551.66ms, mfu 69.16%
iter 71340: loss 4.0230, time 3555.71ms, mfu 69.17%
iter 71350: loss 4.0736, time 3551.21ms, mfu 69.18%
iter 71360: loss 3.9867, time 3555.72ms, mfu 69.18%
iter 71370: loss 4.0927, time 3550.32ms, mfu 69.20%
iter 71380: loss 4.0144, time 3545.37ms, mfu 69.22%
iter 71390: loss 4.0077, time 3557.05ms, mfu 69.21%
iter 71400: loss 4.0987, time 3547.29ms, mfu 69.23%
iter 71410: loss 3.9696, time 3552.78ms, mfu 69.23%
iter 71420: loss 3.8429, time 3555.68ms, mfu 69.23%
iter 71430: loss 3.9713, time 3550.71ms, mfu 69.24%
iter 71440: loss 3.9970, time 3549.45ms, mfu 69.25%
iter 71450: loss 4.0436, time 3549.81ms, mfu 69.25%
iter 71460: loss 4.0268, time 3555.30ms, mfu 69.25%
iter 71470: loss 3.9209, time 3551.21ms, mfu 69.25%
iter 71480: loss 4.0045, time 3555.64ms, mfu 69.25%
iter 71490: loss 3.9574, time 3551.15ms, mfu 69.25%
iter 71500: loss 3.9688, time 3547.14ms, mfu 69.27%
iter 71510: loss 4.0798, time 3551.63ms, mfu 69.27%
iter 71520: loss 4.0247, time 3545.13ms, mfu 69.28%
iter 71530: loss 3.9885, time 3548.96ms, mfu 69.29%
iter 71540: loss 4.0286, time 3550.45ms, mfu 69.29%
iter 71550: loss 3.9808, time 3553.00ms, mfu 69.29%
iter 71560: loss 4.0026, time 3552.75ms, mfu 69.28%
iter 71570: loss 3.9931, time 3547.00ms, mfu 69.29%
iter 71580: loss 3.9830, time 3550.92ms, mfu 69.29%
iter 71590: loss 4.0259, time 3550.43ms, mfu 69.30%
iter 71600: loss 4.0587, time 3542.93ms, mfu 69.31%
iter 71610: loss 4.0882, time 3548.80ms, mfu 69.31%
iter 71620: loss 3.9619, time 3554.72ms, mfu 69.31%
iter 71630: loss 4.0150, time 3549.80ms, mfu 69.31%
iter 71640: loss 4.0287, time 3557.57ms, mfu 69.29%
iter 71650: loss 3.9761, time 3549.77ms, mfu 69.30%
iter 71660: loss 4.0027, time 3555.05ms, mfu 69.29%
iter 71670: loss 4.0530, time 3552.49ms, mfu 69.29%
iter 71680: loss 3.9825, time 3547.96ms, mfu 69.29%
iter 71690: loss 4.0495, time 3549.13ms, mfu 69.30%
iter 71700: loss 4.0413, time 3552.86ms, mfu 69.29%
iter 71710: loss 4.0249, time 3549.89ms, mfu 69.30%
iter 71720: loss 4.0518, time 3559.11ms, mfu 69.28%
iter 71730: loss 3.9195, time 3551.57ms, mfu 69.28%
iter 71740: loss 3.8792, time 3558.13ms, mfu 69.27%
iter 71750: loss 4.0323, time 3543.81ms, mfu 69.29%
iter 71760: loss 3.9954, time 3546.51ms, mfu 69.30%
iter 71770: loss 4.1064, time 3554.78ms, mfu 69.29%
iter 71780: loss 3.9724, time 3553.55ms, mfu 69.29%
iter 71790: loss 3.9652, time 3552.05ms, mfu 69.28%
iter 71800: loss 3.9674, time 3548.28ms, mfu 69.29%
iter 71810: loss 4.0068, time 3550.96ms, mfu 69.29%
iter 71820: loss 3.9966, time 3553.43ms, mfu 69.29%
iter 71830: loss 3.9751, time 3554.87ms, mfu 69.28%
iter 71840: loss 4.0196, time 3550.01ms, mfu 69.28%
iter 71850: loss 4.0342, time 3558.67ms, mfu 69.27%
iter 71860: loss 4.0160, time 3551.56ms, mfu 69.27%
iter 71870: loss 4.0066, time 3556.08ms, mfu 69.27%
iter 71880: loss 3.9286, time 3543.89ms, mfu 69.28%
iter 71890: loss 4.0517, time 3550.41ms, mfu 69.29%
iter 71900: loss 4.0964, time 3553.78ms, mfu 69.28%
iter 71910: loss 3.9667, time 3549.49ms, mfu 69.29%
iter 71920: loss 3.9830, time 3548.80ms, mfu 69.29%
iter 71930: loss 3.9566, time 3552.16ms, mfu 69.29%
iter 71940: loss 3.9687, time 3551.27ms, mfu 69.29%
iter 71950: loss 4.0494, time 3546.06ms, mfu 69.30%
iter 71960: loss 4.0290, time 3544.57ms, mfu 69.31%
iter 71970: loss 4.0100, time 3550.55ms, mfu 69.31%
iter 71980: loss 3.9699, time 3553.13ms, mfu 69.31%
iter 71990: loss 3.9901, time 3551.59ms, mfu 69.30%
step 72000: train loss 3.8723, val loss 3.8882
saving checkpoint to /net/scratch2/junyuren/nanoGPT-manifold/out-openwebtext-lr6x
iter 72000: loss 4.0022, time 21618.54ms, mfu 63.51%
iter 72010: loss 4.0129, time 3551.83ms, mfu 64.09%
iter 72020: loss 3.9584, time 3555.91ms, mfu 64.60%
iter 72030: loss 4.0227, time 3555.04ms, mfu 65.06%
iter 72040: loss 4.0200, time 3549.44ms, mfu 65.49%
iter 72050: loss 3.9951, time 3546.57ms, mfu 65.88%
iter 72060: loss 4.0463, time 3559.66ms, mfu 66.20%
iter 72070: loss 3.9645, time 3548.86ms, mfu 66.52%
iter 72080: loss 3.9857, time 3555.19ms, mfu 66.79%
iter 72090: loss 3.9977, time 3553.01ms, mfu 67.03%
iter 72100: loss 4.0428, time 3553.08ms, mfu 67.26%
iter 72110: loss 3.9650, time 3548.18ms, mfu 67.47%
iter 72120: loss 4.0329, time 3550.96ms, mfu 67.65%
iter 72130: loss 4.1316, time 3558.07ms, mfu 67.80%
iter 72140: loss 3.9299, time 3553.43ms, mfu 67.95%
iter 72150: loss 4.0778, time 3551.48ms, mfu 68.08%
iter 72160: loss 3.9707, time 3556.73ms, mfu 68.19%
iter 72170: loss 3.9716, time 3556.66ms, mfu 68.29%
iter 72180: loss 3.9950, time 3553.30ms, mfu 68.39%
iter 72190: loss 4.0183, time 3557.49ms, mfu 68.47%
iter 72200: loss 4.0371, time 3555.81ms, mfu 68.54%
iter 72210: loss 4.0480, time 3549.88ms, mfu 68.62%
iter 72220: loss 4.0362, time 3550.23ms, mfu 68.69%
iter 72230: loss 3.9988, time 3549.90ms, mfu 68.75%
iter 72240: loss 3.9901, time 3545.93ms, mfu 68.81%
iter 72250: loss 4.0149, time 3546.48ms, mfu 68.87%
iter 72260: loss 3.9903, time 3546.09ms, mfu 68.92%
iter 72270: loss 3.9629, time 3553.06ms, mfu 68.96%
iter 72280: loss 3.9974, time 3548.36ms, mfu 69.00%
iter 72290: loss 3.9851, time 3555.45ms, mfu 69.02%
iter 72300: loss 3.9583, time 3550.84ms, mfu 69.05%
iter 72310: loss 4.0434, time 3552.21ms, mfu 69.07%
iter 72320: loss 3.9646, time 3555.88ms, mfu 69.08%
iter 72330: loss 4.0100, time 3549.34ms, mfu 69.11%
iter 72340: loss 4.0560, time 3559.70ms, mfu 69.11%
iter 72350: loss 3.9172, time 3557.39ms, mfu 69.12%
iter 72360: loss 4.0639, time 3551.82ms, mfu 69.13%
iter 72370: loss 3.9514, time 3554.78ms, mfu 69.14%
iter 72380: loss 4.0400, time 3554.39ms, mfu 69.15%
iter 72390: loss 3.9813, time 3558.30ms, mfu 69.15%
iter 72400: loss 4.0306, time 3556.12ms, mfu 69.16%
iter 72410: loss 4.0623, time 3588.87ms, mfu 69.10%
iter 72420: loss 4.0201, time 3590.74ms, mfu 69.04%
iter 72430: loss 4.0422, time 3586.01ms, mfu 69.00%
iter 72440: loss 4.0515, time 3593.70ms, mfu 68.95%
iter 72450: loss 3.9721, time 3582.79ms, mfu 68.92%
iter 72460: loss 3.9954, time 3585.13ms, mfu 68.89%
iter 72470: loss 4.0857, time 3577.88ms, mfu 68.88%
iter 72480: loss 4.0334, time 3581.61ms, mfu 68.86%
iter 72490: loss 4.0636, time 3582.24ms, mfu 68.85%
iter 72500: loss 3.7803, time 3583.31ms, mfu 68.83%
iter 72510: loss 4.0959, time 3578.39ms, mfu 68.82%
iter 72520: loss 3.9876, time 3582.62ms, mfu 68.81%
iter 72530: loss 4.0320, time 3589.57ms, mfu 68.78%
iter 72540: loss 4.0026, time 3586.21ms, mfu 68.77%
iter 72550: loss 3.9970, time 3582.42ms, mfu 68.76%
iter 72560: loss 3.9918, time 3583.47ms, mfu 68.75%
iter 72570: loss 3.9199, time 3581.24ms, mfu 68.75%
iter 72580: loss 4.0419, time 3580.57ms, mfu 68.74%
iter 72590: loss 4.0168, time 3581.78ms, mfu 68.74%
iter 72600: loss 4.0045, time 3590.88ms, mfu 68.72%
iter 72610: loss 3.8461, time 3584.78ms, mfu 68.71%
iter 72620: loss 3.9898, time 3578.25ms, mfu 68.72%
iter 72630: loss 4.0188, time 3574.47ms, mfu 68.73%
iter 72640: loss 4.0104, time 3586.30ms, mfu 68.72%
iter 72650: loss 3.9920, time 3588.89ms, mfu 68.70%
iter 72660: loss 4.0229, time 3583.05ms, mfu 68.70%
iter 72670: loss 3.9675, time 3579.66ms, mfu 68.71%
iter 72680: loss 4.0324, time 3579.33ms, mfu 68.71%
iter 72690: loss 3.9565, time 3577.08ms, mfu 68.72%
iter 72700: loss 3.9839, time 3578.09ms, mfu 68.72%
iter 72710: loss 3.9656, time 3576.84ms, mfu 68.73%
iter 72720: loss 4.0520, time 3579.57ms, mfu 68.73%
iter 72730: loss 4.0014, time 3579.96ms, mfu 68.73%
iter 72740: loss 4.0093, time 3577.34ms, mfu 68.74%
iter 72750: loss 4.0446, time 3577.99ms, mfu 68.74%
iter 72760: loss 3.9708, time 3581.10ms, mfu 68.74%
iter 72770: loss 4.0253, time 3578.35ms, mfu 68.74%
iter 72780: loss 3.9870, time 3581.49ms, mfu 68.74%
iter 72790: loss 4.0207, time 3585.60ms, mfu 68.73%
iter 72800: loss 4.0598, time 3580.98ms, mfu 68.73%
iter 72810: loss 4.0123, time 3581.84ms, mfu 68.72%
iter 72820: loss 3.9884, time 3579.43ms, mfu 68.73%
iter 72830: loss 3.9045, time 3583.49ms, mfu 68.72%
iter 72840: loss 3.9952, time 3576.70ms, mfu 68.73%
iter 72850: loss 4.0330, time 3578.18ms, mfu 68.73%
iter 72860: loss 4.0261, time 3552.37ms, mfu 68.79%
iter 72870: loss 3.9351, time 3553.01ms, mfu 68.83%
iter 72880: loss 3.9731, time 3547.56ms, mfu 68.89%
iter 72890: loss 4.0354, time 3592.99ms, mfu 68.85%
iter 72900: loss 3.9763, time 3582.37ms, mfu 68.83%
iter 72910: loss 4.0166, time 3589.55ms, mfu 68.80%
iter 72920: loss 3.9714, time 3586.52ms, mfu 68.78%
iter 72930: loss 3.9887, time 3579.39ms, mfu 68.78%
iter 72940: loss 4.0431, time 3584.96ms, mfu 68.77%
iter 72950: loss 4.0114, time 3578.78ms, mfu 68.77%
iter 72960: loss 3.9817, time 3580.83ms, mfu 68.76%
iter 72970: loss 4.0306, time 3584.65ms, mfu 68.75%
iter 72980: loss 4.0093, time 3584.94ms, mfu 68.74%
iter 72990: loss 4.0439, time 3966.66ms, mfu 68.07%
step 73000: train loss 3.8781, val loss 3.8849
saving checkpoint to /net/scratch2/junyuren/nanoGPT-manifold/out-openwebtext-lr6x
iter 73000: loss 4.0240, time 21995.45ms, mfu 62.38%
iter 73010: loss 3.9617, time 3585.48ms, mfu 63.01%
iter 73020: loss 4.0127, time 3582.49ms, mfu 63.57%
iter 73030: loss 4.0088, time 3577.86ms, mfu 64.09%
iter 73040: loss 3.9877, time 3579.02ms, mfu 64.56%
iter 73050: loss 3.9684, time 3582.20ms, mfu 64.97%
iter 73060: loss 3.8752, time 3574.62ms, mfu 65.36%
iter 73070: loss 4.0200, time 3577.58ms, mfu 65.70%
iter 73080: loss 4.0118, time 3581.94ms, mfu 66.00%
iter 73090: loss 3.9799, time 3583.88ms, mfu 66.27%
iter 73100: loss 3.9856, time 3585.71ms, mfu 66.50%
iter 73110: loss 3.9977, time 3577.34ms, mfu 66.73%
iter 73120: loss 4.0223, time 3577.40ms, mfu 66.94%
iter 73130: loss 3.9706, time 3582.64ms, mfu 67.11%
iter 73140: loss 4.0832, time 3580.56ms, mfu 67.27%
iter 73150: loss 4.0692, time 3578.78ms, mfu 67.42%
iter 73160: loss 4.0330, time 3584.89ms, mfu 67.54%
iter 73170: loss 3.9399, time 3578.61ms, mfu 67.67%
iter 73180: loss 3.9740, time 3579.86ms, mfu 67.77%
iter 73190: loss 3.9231, time 3579.72ms, mfu 67.87%
iter 73200: loss 4.0295, time 3582.32ms, mfu 67.95%
iter 73210: loss 4.0385, time 3580.18ms, mfu 68.03%
iter 73220: loss 3.9818, time 3583.13ms, mfu 68.10%
iter 73230: loss 3.8980, time 3580.86ms, mfu 68.16%
iter 73240: loss 4.0399, time 3582.81ms, mfu 68.21%
iter 73250: loss 3.9814, time 3582.06ms, mfu 68.26%
iter 73260: loss 4.0921, time 3577.77ms, mfu 68.31%
iter 73270: loss 3.9627, time 3582.00ms, mfu 68.35%
iter 73280: loss 4.0435, time 3578.24ms, mfu 68.39%
iter 73290: loss 4.0265, time 3583.92ms, mfu 68.42%
iter 73300: loss 3.9991, time 3588.24ms, mfu 68.43%
iter 73310: loss 4.0461, time 3584.23ms, mfu 68.46%
iter 73320: loss 4.0240, time 3586.21ms, mfu 68.47%
iter 73330: loss 4.0112, time 3583.25ms, mfu 68.49%
iter 73340: loss 3.9959, time 3586.47ms, mfu 68.51%
iter 73350: loss 3.9788, time 3578.61ms, mfu 68.53%
iter 73360: loss 4.0211, time 3581.64ms, mfu 68.55%
iter 73370: loss 3.9542, time 3580.79ms, mfu 68.57%
iter 73380: loss 3.9384, time 3586.43ms, mfu 68.57%
iter 73390: loss 4.0563, time 3580.37ms, mfu 68.59%
iter 73400: loss 3.9790, time 3580.66ms, mfu 68.60%
iter 73410: loss 4.0111, time 3583.62ms, mfu 68.61%
iter 73420: loss 4.0145, time 3584.51ms, mfu 68.61%
iter 73430: loss 4.1052, time 3582.15ms, mfu 68.62%
iter 73440: loss 4.0343, time 3585.01ms, mfu 68.62%
iter 73450: loss 4.0870, time 3580.07ms, mfu 68.63%
iter 73460: loss 3.9612, time 3580.23ms, mfu 68.64%
iter 73470: loss 3.9682, time 3574.86ms, mfu 68.66%
iter 73480: loss 3.9886, time 3584.68ms, mfu 68.66%
iter 73490: loss 4.0198, time 3582.51ms, mfu 68.66%
iter 73500: loss 4.0476, time 3581.02ms, mfu 68.67%
iter 73510: loss 4.0158, time 3581.86ms, mfu 68.67%
iter 73520: loss 3.9467, time 3582.82ms, mfu 68.67%
iter 73530: loss 3.9730, time 3580.61ms, mfu 68.68%
iter 73540: loss 4.0141, time 3581.72ms, mfu 68.68%
iter 73550: loss 3.9292, time 3584.85ms, mfu 68.68%
iter 73560: loss 3.9318, time 3583.18ms, mfu 68.68%
iter 73570: loss 3.9987, time 3579.76ms, mfu 68.68%
iter 73580: loss 3.9729, time 3583.19ms, mfu 68.68%
iter 73590: loss 4.0533, time 3590.64ms, mfu 68.67%
iter 73600: loss 3.9665, time 3581.95ms, mfu 68.67%
iter 73610: loss 4.1037, time 3580.55ms, mfu 68.68%
iter 73620: loss 3.9699, time 3581.82ms, mfu 68.68%
iter 73630: loss 4.0041, time 3584.23ms, mfu 68.68%
iter 73640: loss 3.9588, time 3578.69ms, mfu 68.69%
iter 73650: loss 3.9820, time 3580.99ms, mfu 68.69%
iter 73660: loss 4.0542, time 3580.55ms, mfu 68.69%
iter 73670: loss 4.0384, time 3582.70ms, mfu 68.69%
iter 73680: loss 4.0507, time 3578.35ms, mfu 68.70%
iter 73690: loss 4.0807, time 3585.21ms, mfu 68.69%
iter 73700: loss 4.0086, time 3583.58ms, mfu 68.69%
iter 73710: loss 4.0078, time 3580.00ms, mfu 68.69%
iter 73720: loss 4.0350, time 3581.73ms, mfu 68.70%
iter 73730: loss 4.0227, time 3585.75ms, mfu 68.69%
iter 73740: loss 3.9377, time 3581.05ms, mfu 68.69%
iter 73750: loss 3.9915, time 3575.72ms, mfu 68.70%
iter 73760: loss 4.0717, time 3576.84ms, mfu 68.71%
iter 73770: loss 4.1102, time 3577.90ms, mfu 68.72%
iter 73780: loss 3.9714, time 3576.81ms, mfu 68.73%
iter 73790: loss 4.0077, time 3581.87ms, mfu 68.73%
iter 73800: loss 3.9842, time 3576.10ms, mfu 68.73%
iter 73810: loss 3.9939, time 3584.42ms, mfu 68.73%
iter 73820: loss 3.9905, time 3583.09ms, mfu 68.72%
iter 73830: loss 4.0137, time 3578.50ms, mfu 68.73%
iter 73840: loss 4.0007, time 3582.68ms, mfu 68.72%
iter 73850: loss 4.0243, time 3577.11ms, mfu 68.73%
iter 73860: loss 4.0158, time 3581.59ms, mfu 68.73%
iter 73870: loss 4.1360, time 3582.53ms, mfu 68.72%
iter 73880: loss 3.9282, time 3576.37ms, mfu 68.73%
iter 73890: loss 4.0432, time 3581.18ms, mfu 68.73%
iter 73900: loss 3.9269, time 3579.97ms, mfu 68.73%
iter 73910: loss 4.0198, time 3584.46ms, mfu 68.72%
iter 73920: loss 4.0183, time 3583.04ms, mfu 68.72%
iter 73930: loss 3.9437, time 3579.70ms, mfu 68.72%
iter 73940: loss 4.0234, time 3577.14ms, mfu 68.73%
iter 73950: loss 3.9547, time 3576.55ms, mfu 68.73%
iter 73960: loss 4.0246, time 3575.70ms, mfu 68.74%
iter 73970: loss 3.9223, time 3581.13ms, mfu 68.74%
iter 73980: loss 3.9888, time 3578.63ms, mfu 68.74%
iter 73990: loss 4.0094, time 4565.17ms, mfu 67.26%
step 74000: train loss 3.9060, val loss 3.9133
saving checkpoint to /net/scratch2/junyuren/nanoGPT-manifold/out-openwebtext-lr6x
iter 74000: loss 3.9516, time 22121.18ms, mfu 61.65%
iter 74010: loss 3.9969, time 3571.00ms, mfu 62.37%
iter 74020: loss 3.9762, time 3575.51ms, mfu 63.02%
iter 74030: loss 4.0232, time 3580.57ms, mfu 63.59%
iter 74040: loss 4.0135, time 3575.62ms, mfu 64.11%
iter 74050: loss 3.9328, time 3584.59ms, mfu 64.56%
iter 74060: loss 3.9793, time 3571.95ms, mfu 65.00%
iter 74070: loss 4.0051, time 3572.10ms, mfu 65.39%
iter 74080: loss 4.0110, time 3573.30ms, mfu 65.73%
iter 74090: loss 4.0203, time 3577.07ms, mfu 66.04%
iter 74100: loss 3.9949, time 3576.47ms, mfu 66.32%
iter 74110: loss 3.9459, time 3580.63ms, mfu 66.56%
iter 74120: loss 4.0282, time 3569.39ms, mfu 66.80%
iter 74130: loss 4.0461, time 3574.96ms, mfu 67.00%
iter 74140: loss 3.9453, time 3578.43ms, mfu 67.18%
iter 74150: loss 3.9730, time 3579.54ms, mfu 67.33%
iter 74160: loss 4.0310, time 3577.64ms, mfu 67.48%
iter 74170: loss 4.0345, time 3575.56ms, mfu 67.61%
iter 74180: loss 4.0386, time 3577.02ms, mfu 67.73%
iter 74190: loss 4.0209, time 3569.75ms, mfu 67.85%
iter 74200: loss 4.0444, time 3573.16ms, mfu 67.95%
iter 74210: loss 3.9870, time 3577.20ms, mfu 68.04%
iter 74220: loss 4.0137, time 3578.35ms, mfu 68.11%
iter 74230: loss 3.9800, time 3568.51ms, mfu 68.19%
iter 74240: loss 3.9647, time 3577.03ms, mfu 68.25%
iter 74250: loss 3.9944, time 3573.56ms, mfu 68.32%
iter 74260: loss 4.0050, time 3573.39ms, mfu 68.37%
iter 74270: loss 4.0464, time 3575.05ms, mfu 68.42%
iter 74280: loss 4.0387, time 3571.14ms, mfu 68.47%
iter 74290: loss 3.8965, time 3576.59ms, mfu 68.50%
iter 74300: loss 4.0345, time 3575.20ms, mfu 68.53%
iter 74310: loss 3.9704, time 3571.49ms, mfu 68.57%
iter 74320: loss 4.0198, time 3572.45ms, mfu 68.60%
iter 74330: loss 3.9820, time 3572.43ms, mfu 68.63%
iter 74340: loss 3.9194, time 3574.06ms, mfu 68.65%
iter 74350: loss 4.0276, time 3576.89ms, mfu 68.67%
iter 74360: loss 4.0250, time 3571.93ms, mfu 68.69%
iter 74370: loss 4.0668, time 3575.03ms, mfu 68.70%
iter 74380: loss 4.0151, time 3572.43ms, mfu 68.72%
iter 74390: loss 3.9894, time 3567.57ms, mfu 68.75%
iter 74400: loss 4.0420, time 3577.42ms, mfu 68.75%
iter 74410: loss 4.0046, time 3568.71ms, mfu 68.77%
iter 74420: loss 4.0566, time 3575.92ms, mfu 68.77%
iter 74430: loss 4.0115, time 3570.55ms, mfu 68.79%
iter 74440: loss 3.9191, time 3570.09ms, mfu 68.80%
iter 74450: loss 4.0103, time 3566.89ms, mfu 68.82%
iter 74460: loss 3.9009, time 3574.67ms, mfu 68.82%
iter 74470: loss 3.9889, time 3572.91ms, mfu 68.83%
iter 74480: loss 3.9753, time 3573.86ms, mfu 68.83%
iter 74490: loss 3.9925, time 3574.24ms, mfu 68.83%
iter 74500: loss 3.9807, time 3575.28ms, mfu 68.83%
iter 74510: loss 4.0102, time 3550.88ms, mfu 68.88%
iter 74520: loss 3.9506, time 3544.23ms, mfu 68.93%
iter 74530: loss 4.0062, time 3572.41ms, mfu 68.93%
iter 74540: loss 3.9414, time 3573.52ms, mfu 68.92%
iter 74550: loss 4.0351, time 3574.54ms, mfu 68.91%
iter 74560: loss 4.0435, time 3575.51ms, mfu 68.90%
iter 74570: loss 4.0034, time 3573.00ms, mfu 68.90%
iter 74580: loss 3.9858, time 3575.61ms, mfu 68.89%
iter 74590: loss 3.9876, time 3575.33ms, mfu 68.89%
iter 74600: loss 4.0051, time 3573.78ms, mfu 68.88%
iter 74610: loss 3.9313, time 3578.35ms, mfu 68.87%
iter 74620: loss 3.9836, time 3575.56ms, mfu 68.87%
iter 74630: loss 4.0273, time 3571.35ms, mfu 68.87%
iter 74640: loss 3.9874, time 3573.60ms, mfu 68.87%
iter 74650: loss 3.9474, time 3572.89ms, mfu 68.87%
iter 74660: loss 3.9454, time 3576.43ms, mfu 68.86%
iter 74670: loss 4.0360, time 3572.48ms, mfu 68.87%
iter 74680: loss 4.0842, time 3570.67ms, mfu 68.87%
iter 74690: loss 3.9435, time 3571.98ms, mfu 68.87%
iter 74700: loss 3.9667, time 3570.89ms, mfu 68.88%
iter 74710: loss 3.9832, time 3570.54ms, mfu 68.88%
iter 74720: loss 3.9923, time 3575.70ms, mfu 68.87%
iter 74730: loss 4.0180, time 3571.26ms, mfu 68.88%
iter 74740: loss 4.0281, time 3579.96ms, mfu 68.86%
iter 74750: loss 3.9548, time 3583.52ms, mfu 68.84%
iter 74760: loss 3.9328, time 3578.82ms, mfu 68.84%
iter 74770: loss 3.9612, time 3575.61ms, mfu 68.83%
iter 74780: loss 4.0650, time 3574.57ms, mfu 68.83%
iter 74790: loss 3.9843, time 3572.33ms, mfu 68.84%
iter 74800: loss 4.0553, time 3578.74ms, mfu 68.83%
iter 74810: loss 4.0534, time 3575.71ms, mfu 68.83%
iter 74820: loss 4.0088, time 3568.08ms, mfu 68.84%
iter 74830: loss 4.0370, time 3569.99ms, mfu 68.85%
iter 74840: loss 4.0718, time 3574.74ms, mfu 68.85%
iter 74850: loss 3.9890, time 3579.41ms, mfu 68.84%
iter 74860: loss 4.0058, time 3574.56ms, mfu 68.84%
iter 74870: loss 4.0886, time 3572.43ms, mfu 68.85%
iter 74880: loss 3.9991, time 3572.09ms, mfu 68.85%
iter 74890: loss 3.9264, time 3574.19ms, mfu 68.85%
iter 74900: loss 4.0463, time 3574.14ms, mfu 68.85%
iter 74910: loss 3.9759, time 3569.30ms, mfu 68.86%
iter 74920: loss 4.0449, time 3573.28ms, mfu 68.86%
iter 74930: loss 3.8506, time 3579.84ms, mfu 68.85%
iter 74940: loss 4.0677, time 3576.95ms, mfu 68.84%
iter 74950: loss 3.9591, time 3575.91ms, mfu 68.84%
iter 74960: loss 4.0878, time 3582.44ms, mfu 68.82%
iter 74970: loss 3.9992, time 3572.66ms, mfu 68.83%
iter 74980: loss 4.0180, time 3571.44ms, mfu 68.84%
iter 74990: loss 3.9418, time 3571.09ms, mfu 68.84%
step 75000: train loss 3.8968, val loss 3.9065
saving checkpoint to /net/scratch2/junyuren/nanoGPT-manifold/out-openwebtext-lr6x
iter 75000: loss 3.9787, time 22025.81ms, mfu 63.08%
iter 75010: loss 4.0496, time 3562.11ms, mfu 63.68%
iter 75020: loss 3.9343, time 3572.06ms, mfu 64.20%
iter 75030: loss 3.9821, time 3575.15ms, mfu 64.66%
iter 75040: loss 4.0088, time 3572.92ms, mfu 65.08%
iter 75050: loss 3.9838, time 3583.55ms, mfu 65.44%
iter 75060: loss 3.9960, time 3575.72ms, mfu 65.78%
iter 75070: loss 4.0277, time 3576.92ms, mfu 66.08%
iter 75080: loss 4.0041, time 3567.51ms, mfu 66.37%
iter 75090: loss 3.9840, time 3572.68ms, mfu 66.62%
iter 75100: loss 4.0896, time 3573.20ms, mfu 66.85%
iter 75110: loss 4.0678, time 3572.51ms, mfu 67.05%
iter 75120: loss 3.9805, time 3573.72ms, mfu 67.23%
iter 75130: loss 3.9362, time 3570.46ms, mfu 67.40%
iter 75140: loss 4.0310, time 3575.30ms, mfu 67.54%
iter 75150: loss 3.9801, time 3568.18ms, mfu 67.68%
iter 75160: loss 3.9812, time 3572.22ms, mfu 67.80%
iter 75170: loss 3.9777, time 3572.76ms, mfu 67.91%
iter 75180: loss 3.9872, time 3572.86ms, mfu 68.01%
iter 75190: loss 4.0148, time 3572.18ms, mfu 68.10%
iter 75200: loss 4.0074, time 3571.30ms, mfu 68.18%
iter 75210: loss 3.9423, time 3569.71ms, mfu 68.25%
iter 75220: loss 4.0311, time 3574.08ms, mfu 68.31%
iter 75230: loss 3.9866, time 3583.41ms, mfu 68.35%
iter 75240: loss 3.9913, time 3571.37ms, mfu 68.40%
iter 75250: loss 4.0576, time 3569.32ms, mfu 68.46%
iter 75260: loss 3.9379, time 3570.39ms, mfu 68.50%
iter 75270: loss 3.9841, time 3571.15ms, mfu 68.54%
iter 75280: loss 4.0296, time 3576.79ms, mfu 68.57%
iter 75290: loss 4.0214, time 3568.82ms, mfu 68.61%
iter 75300: loss 3.9644, time 3578.31ms, mfu 68.62%
iter 75310: loss 4.0170, time 3571.28ms, mfu 68.65%
iter 75320: loss 3.9163, time 3573.71ms, mfu 68.67%
iter 75330: loss 4.0037, time 3572.28ms, mfu 68.69%
iter 75340: loss 4.0275, time 3573.64ms, mfu 68.71%
iter 75350: loss 4.0086, time 3578.56ms, mfu 68.72%
iter 75360: loss 4.0119, time 3571.42ms, mfu 68.73%
iter 75370: loss 4.0016, time 3571.47ms, mfu 68.75%
iter 75380: loss 3.9799, time 3579.16ms, mfu 68.75%
iter 75390: loss 3.9950, time 3563.91ms, mfu 68.78%
iter 75400: loss 3.9748, time 3570.83ms, mfu 68.79%
iter 75410: loss 3.9711, time 3567.07ms, mfu 68.81%
iter 75420: loss 3.9895, time 3573.40ms, mfu 68.82%
iter 75430: loss 4.0557, time 3573.40ms, mfu 68.82%
iter 75440: loss 4.0094, time 3568.30ms, mfu 68.84%
iter 75450: loss 3.9849, time 3571.32ms, mfu 68.84%
iter 75460: loss 3.9767, time 3570.44ms, mfu 68.85%
iter 75470: loss 3.9728, time 3569.45ms, mfu 68.86%
iter 75480: loss 3.9835, time 3575.74ms, mfu 68.86%
iter 75490: loss 3.9866, time 3569.71ms, mfu 68.86%
iter 75500: loss 3.9957, time 3570.15ms, mfu 68.87%
iter 75510: loss 4.0377, time 3577.19ms, mfu 68.86%
iter 75520: loss 3.9705, time 3570.95ms, mfu 68.87%
iter 75530: loss 3.9640, time 3577.42ms, mfu 68.86%
iter 75540: loss 3.9922, time 3575.14ms, mfu 68.86%
iter 75550: loss 4.0399, time 3582.76ms, mfu 68.84%
iter 75560: loss 4.0099, time 3569.36ms, mfu 68.85%
iter 75570: loss 3.9379, time 3574.98ms, mfu 68.85%
iter 75580: loss 3.9704, time 3585.18ms, mfu 68.83%
iter 75590: loss 4.0077, time 3571.98ms, mfu 68.83%
iter 75600: loss 4.0134, time 3570.18ms, mfu 68.84%
iter 75610: loss 3.9778, time 3576.18ms, mfu 68.84%
iter 75620: loss 4.0085, time 3572.67ms, mfu 68.84%
iter 75630: loss 3.9822, time 3579.54ms, mfu 68.83%
iter 75640: loss 4.0055, time 3571.47ms, mfu 68.84%
iter 75650: loss 3.9250, time 3571.32ms, mfu 68.85%
iter 75660: loss 3.9610, time 3576.90ms, mfu 68.84%
iter 75670: loss 4.0213, time 3573.73ms, mfu 68.84%
iter 75680: loss 4.0689, time 3573.71ms, mfu 68.84%
iter 75690: loss 3.9722, time 3576.43ms, mfu 68.84%
iter 75700: loss 4.0507, time 3569.69ms, mfu 68.85%
iter 75710: loss 4.0086, time 3567.36ms, mfu 68.86%
iter 75720: loss 4.0323, time 3573.83ms, mfu 68.86%
iter 75730: loss 3.9699, time 3570.70ms, mfu 68.87%
iter 75740: loss 3.9770, time 3573.11ms, mfu 68.87%
iter 75750: loss 4.0042, time 3574.46ms, mfu 68.87%
iter 75760: loss 3.8959, time 3574.17ms, mfu 68.86%
iter 75770: loss 4.0172, time 3571.27ms, mfu 68.87%
iter 75780: loss 4.0273, time 3577.25ms, mfu 68.86%
iter 75790: loss 4.0352, time 3572.41ms, mfu 68.86%
iter 75800: loss 3.9876, time 3581.73ms, mfu 68.85%
iter 75810: loss 3.9449, time 3573.59ms, mfu 68.85%
iter 75820: loss 4.0186, time 3572.20ms, mfu 68.85%
iter 75830: loss 4.0238, time 3582.63ms, mfu 68.84%
iter 75840: loss 4.0139, time 3575.41ms, mfu 68.83%
iter 75850: loss 3.9414, time 3572.67ms, mfu 68.84%
iter 75860: loss 4.0194, time 3569.42ms, mfu 68.85%
iter 75870: loss 3.9694, time 3575.23ms, mfu 68.85%
iter 75880: loss 3.9614, time 3570.11ms, mfu 68.85%
iter 75890: loss 3.9644, time 3570.10ms, mfu 68.86%
iter 75900: loss 3.9494, time 3574.44ms, mfu 68.86%
iter 75910: loss 4.0893, time 3575.73ms, mfu 68.86%
iter 75920: loss 3.9959, time 3572.62ms, mfu 68.86%
iter 75930: loss 4.0390, time 3578.79ms, mfu 68.85%
iter 75940: loss 4.0953, time 3573.99ms, mfu 68.85%
iter 75950: loss 3.9480, time 3567.77ms, mfu 68.86%
iter 75960: loss 4.0641, time 3570.90ms, mfu 68.87%
iter 75970: loss 4.0313, time 3576.96ms, mfu 68.86%
iter 75980: loss 4.0485, time 3576.92ms, mfu 68.85%
iter 75990: loss 3.9858, time 3574.82ms, mfu 68.85%
step 76000: train loss 3.9087, val loss 3.9213
saving checkpoint to /net/scratch2/junyuren/nanoGPT-manifold/out-openwebtext-lr6x
iter 76000: loss 4.0285, time 22053.56ms, mfu 63.08%
iter 76010: loss 4.0105, time 3571.86ms, mfu 63.66%
iter 76020: loss 3.9343, time 3578.46ms, mfu 64.17%
iter 76030: loss 3.9460, time 3567.57ms, mfu 64.65%
iter 76040: loss 3.9918, time 3573.95ms, mfu 65.07%
iter 76050: loss 4.0591, time 3576.48ms, mfu 65.45%
iter 76060: loss 3.9750, time 3569.35ms, mfu 65.80%
iter 76070: loss 3.9401, time 3581.65ms, mfu 66.09%
iter 76080: loss 4.0134, time 3572.87ms, mfu 66.37%
iter 76090: loss 4.0100, time 3576.73ms, mfu 66.61%
iter 76100: loss 3.9951, time 3569.24ms, mfu 66.84%
iter 76110: loss 4.0353, time 3578.80ms, mfu 67.03%
iter 76120: loss 4.0279, time 3568.53ms, mfu 67.23%
iter 76130: loss 4.1569, time 3572.54ms, mfu 67.39%
iter 76140: loss 4.0445, time 3577.87ms, mfu 67.53%
iter 76150: loss 3.9625, time 3572.70ms, mfu 67.67%
iter 76160: loss 3.9671, time 3572.62ms, mfu 67.79%
iter 76170: loss 3.9756, time 3576.74ms, mfu 67.89%
iter 76180: loss 3.9622, time 3580.12ms, mfu 67.97%
iter 76190: loss 4.0979, time 3574.71ms, mfu 68.06%
iter 76200: loss 4.0311, time 3581.60ms, mfu 68.12%
iter 76210: loss 4.0386, time 3574.52ms, mfu 68.20%
iter 76220: loss 3.9518, time 3569.75ms, mfu 68.27%
iter 76230: loss 4.0661, time 3575.25ms, mfu 68.33%
iter 76240: loss 3.9335, time 3574.19ms, mfu 68.38%
iter 76250: loss 4.0034, time 3577.17ms, mfu 68.42%
iter 76260: loss 4.0114, time 3579.99ms, mfu 68.45%
iter 76270: loss 4.0282, time 3569.37ms, mfu 68.50%
iter 76280: loss 4.0208, time 3576.36ms, mfu 68.53%
iter 76290: loss 4.0010, time 3575.49ms, mfu 68.56%
iter 76300: loss 3.9946, time 3571.66ms, mfu 68.59%
iter 76310: loss 3.9359, time 3576.23ms, mfu 68.62%
iter 76320: loss 4.0168, time 3578.23ms, mfu 68.63%
iter 76330: loss 4.0425, time 3567.38ms, mfu 68.67%
iter 76340: loss 3.9990, time 3573.84ms, mfu 68.68%
iter 76350: loss 4.0102, time 3574.52ms, mfu 68.70%
iter 76360: loss 4.0219, time 3572.64ms, mfu 68.72%
iter 76370: loss 3.9751, time 3578.88ms, mfu 68.72%
iter 76380: loss 3.9231, time 3577.21ms, mfu 68.73%
iter 76390: loss 3.9035, time 3577.16ms, mfu 68.74%
iter 76400: loss 3.9658, time 3570.83ms, mfu 68.75%
iter 76410: loss 3.9720, time 3569.60ms, mfu 68.77%
iter 76420: loss 4.1236, time 3577.26ms, mfu 68.77%
iter 76430: loss 3.9936, time 3579.62ms, mfu 68.77%
iter 76440: loss 4.0444, time 3573.04ms, mfu 68.78%
iter 76450: loss 4.0217, time 3575.44ms, mfu 68.78%
iter 76460: loss 4.0366, time 3573.03ms, mfu 68.79%
iter 76470: loss 3.9286, time 3576.37ms, mfu 68.79%
iter 76480: loss 4.0146, time 3577.09ms, mfu 68.79%
iter 76490: loss 4.0422, time 3575.19ms, mfu 68.80%
iter 76500: loss 3.9538, time 3572.94ms, mfu 68.81%
iter 76510: loss 4.0677, time 3581.54ms, mfu 68.80%
iter 76520: loss 3.9881, time 3580.43ms, mfu 68.79%
iter 76530: loss 3.8921, time 3576.31ms, mfu 68.79%
iter 76540: loss 4.0035, time 3585.91ms, mfu 68.77%
iter 76550: loss 4.0877, time 3573.73ms, mfu 68.78%
iter 76560: loss 4.0195, time 3582.70ms, mfu 68.77%
iter 76570: loss 3.9562, time 3571.30ms, mfu 68.79%
iter 76580: loss 4.0758, time 3568.61ms, mfu 68.80%
iter 76590: loss 3.9785, time 3576.57ms, mfu 68.80%
iter 76600: loss 3.9546, time 3581.45ms, mfu 68.79%
iter 76610: loss 4.0129, time 3579.25ms, mfu 68.79%
iter 76620: loss 4.1331, time 3574.70ms, mfu 68.79%
iter 76630: loss 3.9943, time 3574.49ms, mfu 68.80%
iter 76640: loss 4.0196, time 3575.48ms, mfu 68.80%
iter 76650: loss 3.9056, time 3582.78ms, mfu 68.79%
iter 76660: loss 3.9839, time 3578.01ms, mfu 68.79%
iter 76670: loss 4.0365, time 3572.33ms, mfu 68.80%
iter 76680: loss 3.9468, time 3573.75ms, mfu 68.80%
iter 76690: loss 4.0359, time 3569.31ms, mfu 68.82%
iter 76700: loss 3.8861, time 3575.13ms, mfu 68.82%
iter 76710: loss 4.0316, time 3571.60ms, mfu 68.83%
iter 76720: loss 3.9928, time 3569.78ms, mfu 68.84%
iter 76730: loss 4.0456, time 3573.57ms, mfu 68.84%
iter 76740: loss 3.9978, time 3577.43ms, mfu 68.83%
iter 76750: loss 3.9966, time 3574.82ms, mfu 68.83%
iter 76760: loss 3.9583, time 3578.58ms, mfu 68.83%
iter 76770: loss 3.9363, time 3572.88ms, mfu 68.83%
iter 76780: loss 3.9963, time 3574.54ms, mfu 68.83%
iter 76790: loss 3.9021, time 3572.93ms, mfu 68.84%
iter 76800: loss 4.0168, time 3577.82ms, mfu 68.83%
iter 76810: loss 3.9652, time 3579.90ms, mfu 68.82%
iter 76820: loss 3.9859, time 3577.13ms, mfu 68.82%
iter 76830: loss 4.0276, time 3580.24ms, mfu 68.81%
iter 76840: loss 3.9747, time 3571.38ms, mfu 68.82%
iter 76850: loss 4.0100, time 3576.40ms, mfu 68.82%
iter 76860: loss 4.0036, time 3578.16ms, mfu 68.81%
iter 76870: loss 3.9542, time 3579.55ms, mfu 68.81%
iter 76880: loss 4.0871, time 3572.05ms, mfu 68.81%
iter 76890: loss 4.0527, time 3572.42ms, mfu 68.82%
iter 76900: loss 4.0095, time 3568.60ms, mfu 68.84%
iter 76910: loss 4.1025, time 3572.78ms, mfu 68.84%
iter 76920: loss 4.0214, time 3565.65ms, mfu 68.86%
iter 76930: loss 3.9502, time 3573.20ms, mfu 68.86%
iter 76940: loss 3.9790, time 3579.95ms, mfu 68.85%
iter 76950: loss 3.9445, time 3575.18ms, mfu 68.84%
iter 76960: loss 4.0758, time 3577.76ms, mfu 68.84%
iter 76970: loss 3.9640, time 3574.14ms, mfu 68.84%
iter 76980: loss 3.9118, time 3575.48ms, mfu 68.84%
iter 76990: loss 3.9450, time 3567.43ms, mfu 68.85%
step 77000: train loss 3.8928, val loss 3.8994
saving checkpoint to /net/scratch2/junyuren/nanoGPT-manifold/out-openwebtext-lr6x
iter 77000: loss 4.0995, time 22034.44ms, mfu 63.08%
iter 77010: loss 3.9929, time 3571.41ms, mfu 63.66%
iter 77020: loss 4.0215, time 3575.00ms, mfu 64.18%
iter 77030: loss 3.9158, time 3568.27ms, mfu 64.66%
iter 77040: loss 4.0250, time 3579.68ms, mfu 65.07%
iter 77050: loss 4.0429, time 3574.87ms, mfu 65.44%
iter 77060: loss 3.9357, time 3579.78ms, mfu 65.77%
iter 77070: loss 4.0516, time 3571.86ms, mfu 66.09%
iter 77080: loss 4.0636, time 3573.20ms, mfu 66.36%
iter 77090: loss 3.9608, time 3575.39ms, mfu 66.61%
iter 77100: loss 3.9252, time 3578.88ms, mfu 66.83%
iter 77110: loss 3.9883, time 3576.27ms, mfu 67.02%
iter 77120: loss 3.9571, time 3570.63ms, mfu 67.21%
iter 77130: loss 4.0219, time 3575.49ms, mfu 67.37%
iter 77140: loss 4.0699, time 3569.95ms, mfu 67.53%
iter 77150: loss 3.9320, time 3575.96ms, mfu 67.66%
iter 77160: loss 3.9449, time 3582.08ms, mfu 67.76%
iter 77170: loss 4.0061, time 3578.85ms, mfu 67.86%
iter 77180: loss 3.9764, time 3572.96ms, mfu 67.96%
iter 77190: loss 3.9552, time 3572.78ms, mfu 68.05%
iter 77200: loss 3.9777, time 3572.66ms, mfu 68.14%
iter 77210: loss 3.9740, time 3582.47ms, mfu 68.19%
iter 77220: loss 4.0144, time 3585.58ms, mfu 68.24%
iter 77230: loss 3.9818, time 3575.25ms, mfu 68.29%
iter 77240: loss 3.9855, time 3577.16ms, mfu 68.34%
iter 77250: loss 4.0197, time 3578.39ms, mfu 68.39%
iter 77260: loss 3.9640, time 3574.15ms, mfu 68.43%
iter 77270: loss 3.9735, time 3581.11ms, mfu 68.46%
iter 77280: loss 3.9114, time 3574.95ms, mfu 68.50%
iter 77290: loss 3.9323, time 3575.78ms, mfu 68.53%
iter 77300: loss 3.9845, time 3584.13ms, mfu 68.54%
iter 77310: loss 3.9734, time 3582.78ms, mfu 68.56%
iter 77320: loss 4.0487, time 3574.95ms, mfu 68.58%
iter 77330: loss 4.0586, time 3579.84ms, mfu 68.60%
iter 77340: loss 3.9772, time 3572.75ms, mfu 68.63%
iter 77350: loss 3.9462, time 3576.21ms, mfu 68.65%
iter 77360: loss 3.9847, time 3579.46ms, mfu 68.66%
iter 77370: loss 3.9923, time 3577.86ms, mfu 68.67%
iter 77380: loss 4.1096, time 3575.86ms, mfu 68.68%
iter 77390: loss 4.0114, time 3575.13ms, mfu 68.70%
iter 77400: loss 3.9356, time 3574.75ms, mfu 68.71%
iter 77410: loss 3.9977, time 3578.62ms, mfu 68.72%
iter 77420: loss 3.9524, time 3575.65ms, mfu 68.73%
iter 77430: loss 4.0673, time 3571.57ms, mfu 68.74%
iter 77440: loss 4.0039, time 3584.98ms, mfu 68.73%
iter 77450: loss 4.0177, time 3580.73ms, mfu 68.73%
iter 77460: loss 3.9611, time 3574.75ms, mfu 68.74%
iter 77470: loss 3.9573, time 3582.77ms, mfu 68.74%
iter 77480: loss 3.8875, time 3573.13ms, mfu 68.75%
iter 77490: loss 4.0317, time 3573.76ms, mfu 68.76%
iter 77500: loss 3.9443, time 3575.11ms, mfu 68.77%
iter 77510: loss 4.0514, time 3578.84ms, mfu 68.77%
iter 77520: loss 3.9900, time 3577.98ms, mfu 68.77%
iter 77530: loss 3.9741, time 3581.01ms, mfu 68.76%
iter 77540: loss 4.0629, time 3582.36ms, mfu 68.76%
iter 77550: loss 3.9879, time 3573.10ms, mfu 68.77%
iter 77560: loss 3.9407, time 3575.46ms, mfu 68.77%
iter 77570: loss 3.9737, time 3576.51ms, mfu 68.78%
iter 77580: loss 3.9888, time 3569.75ms, mfu 68.79%
iter 77590: loss 3.9768, time 3588.23ms, mfu 68.77%
iter 77600: loss 3.9938, time 3569.27ms, mfu 68.79%
iter 77610: loss 4.1149, time 3572.63ms, mfu 68.80%
iter 77620: loss 4.0840, time 3581.20ms, mfu 68.79%
iter 77630: loss 4.0465, time 3575.21ms, mfu 68.79%
iter 77640: loss 4.1103, time 3573.22ms, mfu 68.80%
iter 77650: loss 4.0181, time 3574.50ms, mfu 68.80%
iter 77660: loss 3.8802, time 3577.00ms, mfu 68.80%
iter 77670: loss 3.9583, time 3573.39ms, mfu 68.81%
iter 77680: loss 3.9447, time 3571.09ms, mfu 68.82%
iter 77690: loss 4.0097, time 3577.77ms, mfu 68.82%
iter 77700: loss 4.0528, time 3582.20ms, mfu 68.80%
iter 77710: loss 4.0498, time 3579.03ms, mfu 68.80%
iter 77720: loss 3.9344, time 3581.16ms, mfu 68.79%
iter 77730: loss 4.0331, time 3575.41ms, mfu 68.79%
iter 77740: loss 4.0084, time 3582.64ms, mfu 68.78%
iter 77750: loss 3.9755, time 3571.42ms, mfu 68.79%
iter 77760: loss 3.9584, time 3574.51ms, mfu 68.80%
iter 77770: loss 4.0779, time 3577.54ms, mfu 68.80%
iter 77780: loss 4.0082, time 3574.85ms, mfu 68.80%
iter 77790: loss 4.0080, time 3576.33ms, mfu 68.80%
iter 77800: loss 4.0011, time 3580.35ms, mfu 68.79%
iter 77810: loss 3.9589, time 3569.45ms, mfu 68.81%
iter 77820: loss 4.0857, time 3573.16ms, mfu 68.82%
iter 77830: loss 4.0086, time 3572.05ms, mfu 68.82%
iter 77840: loss 4.0028, time 3577.96ms, mfu 68.82%
iter 77850: loss 4.0883, time 3581.82ms, mfu 68.81%
iter 77860: loss 4.0667, time 3582.30ms, mfu 68.80%
iter 77870: loss 4.0363, time 3581.87ms, mfu 68.79%
iter 77880: loss 4.0149, time 3577.46ms, mfu 68.79%
iter 77890: loss 3.9261, time 3575.95ms, mfu 68.79%
iter 77900: loss 3.9866, time 3574.74ms, mfu 68.79%
iter 77910: loss 3.9996, time 3582.26ms, mfu 68.78%
iter 77920: loss 3.9872, time 3573.72ms, mfu 68.79%
iter 77930: loss 3.9916, time 3578.90ms, mfu 68.79%
iter 77940: loss 4.0471, time 3586.47ms, mfu 68.77%
iter 77950: loss 3.9744, time 3575.49ms, mfu 68.78%
iter 77960: loss 3.9508, time 3571.89ms, mfu 68.79%
iter 77970: loss 4.0425, time 3576.89ms, mfu 68.79%
iter 77980: loss 4.0249, time 3572.66ms, mfu 68.80%
iter 77990: loss 3.9780, time 3576.47ms, mfu 68.80%
step 78000: train loss 3.8892, val loss 3.8962
saving checkpoint to /net/scratch2/junyuren/nanoGPT-manifold/out-openwebtext-lr6x
iter 78000: loss 4.0887, time 23069.33ms, mfu 62.98%
iter 78010: loss 4.0728, time 3582.48ms, mfu 63.56%
iter 78020: loss 4.0596, time 3574.10ms, mfu 64.08%
iter 78030: loss 3.9676, time 3575.13ms, mfu 64.56%
iter 78040: loss 4.0602, time 3568.92ms, mfu 65.00%
iter 78050: loss 4.0137, time 3581.24ms, mfu 65.37%
iter 78060: loss 4.0202, time 3571.79ms, mfu 65.72%
iter 78070: loss 4.0770, time 3572.41ms, mfu 66.04%
iter 78080: loss 4.0239, time 3580.23ms, mfu 66.31%
iter 78090: loss 4.0511, time 3581.55ms, mfu 66.55%
iter 78100: loss 4.0670, time 3580.03ms, mfu 66.77%
iter 78110: loss 4.0390, time 3575.92ms, mfu 66.97%
iter 78120: loss 4.0364, time 3574.79ms, mfu 67.16%
iter 78130: loss 3.9368, time 3575.04ms, mfu 67.33%
iter 78140: loss 4.0219, time 3578.90ms, mfu 67.47%
iter 78150: loss 4.0068, time 3570.22ms, mfu 67.61%
iter 78160: loss 4.0159, time 3576.68ms, mfu 67.73%
iter 78170: loss 4.0644, time 3577.27ms, mfu 67.84%
iter 78180: loss 4.0126, time 3569.63ms, mfu 67.95%
iter 78190: loss 4.0268, time 3570.07ms, mfu 68.05%
iter 78200: loss 3.8988, time 3564.96ms, mfu 68.14%
iter 78210: loss 3.9852, time 3566.72ms, mfu 68.23%
iter 78220: loss 3.9480, time 3570.20ms, mfu 68.30%
iter 78230: loss 4.0355, time 3569.52ms, mfu 68.36%
iter 78240: loss 3.9888, time 3564.60ms, mfu 68.43%
iter 78250: loss 3.9586, time 3580.10ms, mfu 68.46%
iter 78260: loss 3.9805, time 3584.42ms, mfu 68.48%
iter 78270: loss 4.0085, time 3581.58ms, mfu 68.50%
iter 78280: loss 3.9505, time 3583.61ms, mfu 68.52%
iter 78290: loss 4.0563, time 3560.71ms, mfu 68.58%
iter 78300: loss 3.9137, time 3577.19ms, mfu 68.60%
iter 78310: loss 3.9726, time 3575.21ms, mfu 68.62%
iter 78320: loss 4.0242, time 3578.02ms, mfu 68.64%
iter 78330: loss 4.0090, time 3571.12ms, mfu 68.66%
iter 78340: loss 3.9546, time 3574.99ms, mfu 68.68%
iter 78350: loss 4.0072, time 3577.94ms, mfu 68.69%
iter 78360: loss 3.9953, time 3575.41ms, mfu 68.70%
iter 78370: loss 3.9978, time 3576.85ms, mfu 68.71%
iter 78380: loss 3.9967, time 3573.11ms, mfu 68.73%
iter 78390: loss 3.9952, time 3579.47ms, mfu 68.73%
iter 78400: loss 3.9673, time 3578.32ms, mfu 68.73%
iter 78410: loss 4.0330, time 3580.33ms, mfu 68.73%
iter 78420: loss 3.9101, time 3575.68ms, mfu 68.74%
iter 78430: loss 3.9397, time 3570.09ms, mfu 68.76%
iter 78440: loss 3.9734, time 3576.63ms, mfu 68.77%
iter 78450: loss 4.0609, time 3578.67ms, mfu 68.76%
iter 78460: loss 3.8668, time 3579.41ms, mfu 68.76%
iter 78470: loss 3.9536, time 3574.19ms, mfu 68.77%
iter 78480: loss 4.0259, time 3585.68ms, mfu 68.76%
iter 78490: loss 3.9878, time 3572.90ms, mfu 68.77%
iter 78500: loss 4.0393, time 3577.99ms, mfu 68.77%
iter 78510: loss 3.9226, time 3583.50ms, mfu 68.76%
iter 78520: loss 3.9929, time 3576.71ms, mfu 68.76%
iter 78530: loss 4.0043, time 3583.63ms, mfu 68.75%
iter 78540: loss 3.9569, time 3582.99ms, mfu 68.75%
iter 78550: loss 3.9970, time 3577.36ms, mfu 68.75%
iter 78560: loss 4.0205, time 3582.90ms, mfu 68.74%
iter 78570: loss 3.9815, time 3577.95ms, mfu 68.75%
iter 78580: loss 4.0026, time 3579.93ms, mfu 68.75%
iter 78590: loss 3.9272, time 3580.90ms, mfu 68.74%
iter 78600: loss 4.0256, time 3580.32ms, mfu 68.74%
iter 78610: loss 3.9836, time 3579.10ms, mfu 68.74%
iter 78620: loss 3.9976, time 3581.93ms, mfu 68.74%
iter 78630: loss 3.9710, time 3580.67ms, mfu 68.74%
iter 78640: loss 4.0266, time 3581.42ms, mfu 68.73%
iter 78650: loss 4.0132, time 3588.81ms, mfu 68.72%
iter 78660: loss 4.0138, time 3587.12ms, mfu 68.71%
iter 78670: loss 4.0535, time 3578.46ms, mfu 68.71%
iter 78680: loss 3.9603, time 3580.62ms, mfu 68.71%
iter 78690: loss 4.0738, time 3573.52ms, mfu 68.73%
iter 78700: loss 4.0108, time 3581.24ms, mfu 68.73%
iter 78710: loss 3.9219, time 3572.90ms, mfu 68.74%
iter 78720: loss 4.1282, time 3581.94ms, mfu 68.74%
iter 78730: loss 3.9794, time 3583.48ms, mfu 68.73%
iter 78740: loss 3.9196, time 3582.03ms, mfu 68.73%
iter 78750: loss 3.9344, time 3581.04ms, mfu 68.73%
iter 78760: loss 3.9456, time 3581.74ms, mfu 68.72%
iter 78770: loss 4.0616, time 3574.55ms, mfu 68.74%
iter 78780: loss 4.0538, time 3578.20ms, mfu 68.74%
iter 78790: loss 3.9788, time 3576.09ms, mfu 68.75%
iter 78800: loss 3.9587, time 3574.57ms, mfu 68.76%
iter 78810: loss 3.9908, time 3579.14ms, mfu 68.76%
iter 78820: loss 4.0551, time 3576.84ms, mfu 68.76%
iter 78830: loss 3.9471, time 3574.72ms, mfu 68.77%
iter 78840: loss 3.9469, time 3570.51ms, mfu 68.78%
iter 78850: loss 4.0355, time 3569.00ms, mfu 68.80%
iter 78860: loss 4.0311, time 3576.40ms, mfu 68.80%
iter 78870: loss 4.0066, time 3578.21ms, mfu 68.80%
iter 78880: loss 3.9776, time 3577.95ms, mfu 68.79%
iter 78890: loss 4.0128, time 3572.92ms, mfu 68.80%
iter 78900: loss 4.0590, time 3575.90ms, mfu 68.80%
iter 78910: loss 3.9882, time 3581.56ms, mfu 68.79%
iter 78920: loss 4.0223, time 3575.00ms, mfu 68.80%
iter 78930: loss 3.9849, time 3579.65ms, mfu 68.79%
iter 78940: loss 4.0193, time 3572.15ms, mfu 68.80%
iter 78950: loss 3.9248, time 3578.13ms, mfu 68.80%
iter 78960: loss 3.9332, time 3581.22ms, mfu 68.79%
iter 78970: loss 4.0319, time 3577.21ms, mfu 68.79%
iter 78980: loss 4.0891, time 3579.60ms, mfu 68.79%
iter 78990: loss 4.0129, time 3581.01ms, mfu 68.78%
step 79000: train loss 3.9009, val loss 3.9173
saving checkpoint to /net/scratch2/junyuren/nanoGPT-manifold/out-openwebtext-lr6x
iter 79000: loss 4.0087, time 23176.94ms, mfu 62.96%
iter 79010: loss 4.0041, time 3576.92ms, mfu 63.55%
iter 79020: loss 3.8731, time 3595.23ms, mfu 64.04%
iter 79030: loss 3.9799, time 3589.49ms, mfu 64.49%
iter 79040: loss 4.0375, time 3589.79ms, mfu 64.89%
iter 79050: loss 4.0735, time 3588.45ms, mfu 65.26%
iter 79060: loss 3.8608, time 3589.76ms, mfu 65.59%
iter 79070: loss 3.9988, time 3583.38ms, mfu 65.90%
iter 79080: loss 4.0842, time 3581.73ms, mfu 66.18%
iter 79090: loss 3.9301, time 3591.84ms, mfu 66.41%
iter 79100: loss 3.8882, time 3584.77ms, mfu 66.64%
iter 79110: loss 4.0220, time 3581.81ms, mfu 66.84%
iter 79120: loss 4.0581, time 3584.60ms, mfu 67.02%
iter 79130: loss 3.8975, time 3593.70ms, mfu 67.17%
iter 79140: loss 3.9520, time 3584.80ms, mfu 67.32%
iter 79150: loss 3.8692, time 3586.59ms, mfu 67.45%
iter 79160: loss 4.0543, time 3594.53ms, mfu 67.55%
iter 79170: loss 4.0227, time 3591.48ms, mfu 67.64%
iter 79180: loss 3.9208, time 3590.19ms, mfu 67.73%
iter 79190: loss 3.9121, time 3597.51ms, mfu 67.80%
iter 79200: loss 3.9735, time 3588.24ms, mfu 67.88%
iter 79210: loss 4.0230, time 3595.66ms, mfu 67.93%
iter 79220: loss 3.9917, time 3586.14ms, mfu 68.00%
iter 79230: loss 4.0620, time 3581.85ms, mfu 68.07%
iter 79240: loss 3.9897, time 3582.57ms, mfu 68.13%
iter 79250: loss 4.0121, time 3589.35ms, mfu 68.18%
iter 79260: loss 4.0116, time 3587.63ms, mfu 68.22%
iter 79270: loss 4.0303, time 3578.34ms, mfu 68.27%
iter 79280: loss 3.9505, time 3593.96ms, mfu 68.29%
iter 79290: loss 3.9940, time 3589.06ms, mfu 68.32%
iter 79300: loss 3.9264, time 3586.61ms, mfu 68.35%
iter 79310: loss 3.9807, time 3590.91ms, mfu 68.37%
iter 79320: loss 3.8856, time 3583.65ms, mfu 68.40%
iter 79330: loss 4.0185, time 3583.53ms, mfu 68.42%
iter 79340: loss 3.9788, time 3593.46ms, mfu 68.43%
iter 79350: loss 3.9695, time 3583.56ms, mfu 68.45%
iter 79360: loss 4.0457, time 3586.33ms, mfu 68.47%
iter 79370: loss 4.0881, time 3581.51ms, mfu 68.49%
iter 79380: loss 3.9944, time 3587.53ms, mfu 68.50%
iter 79390: loss 4.0574, time 3586.18ms, mfu 68.51%
iter 79400: loss 3.8945, time 3591.12ms, mfu 68.52%
iter 79410: loss 4.0334, time 3578.72ms, mfu 68.54%
iter 79420: loss 4.0313, time 3585.23ms, mfu 68.55%
iter 79430: loss 3.9899, time 3594.24ms, mfu 68.54%
iter 79440: loss 3.9433, time 3580.93ms, mfu 68.56%
iter 79450: loss 4.1229, time 3581.34ms, mfu 68.57%
iter 79460: loss 4.0579, time 3583.77ms, mfu 68.58%
iter 79470: loss 4.0653, time 3588.70ms, mfu 68.58%
iter 79480: loss 3.9676, time 3598.49ms, mfu 68.56%
iter 79490: loss 3.9387, time 3590.32ms, mfu 68.56%
iter 79500: loss 4.0184, time 3584.60ms, mfu 68.57%
iter 79510: loss 3.9535, time 3591.68ms, mfu 68.56%
iter 79520: loss 3.9623, time 3596.40ms, mfu 68.55%
iter 79530: loss 4.0890, time 3597.86ms, mfu 68.53%
iter 79540: loss 3.9579, time 3592.77ms, mfu 68.53%
iter 79550: loss 4.0212, time 3597.42ms, mfu 68.52%
iter 79560: loss 3.9164, time 3577.03ms, mfu 68.54%
iter 79570: loss 4.0786, time 3586.44ms, mfu 68.55%
iter 79580: loss 4.0294, time 3599.68ms, mfu 68.53%
iter 79590: loss 4.0734, time 3593.03ms, mfu 68.53%
iter 79600: loss 3.9470, time 3596.43ms, mfu 68.52%
iter 79610: loss 4.0342, time 3597.05ms, mfu 68.51%
iter 79620: loss 4.1230, time 3580.22ms, mfu 68.53%
iter 79630: loss 4.1227, time 3592.99ms, mfu 68.53%
iter 79640: loss 3.9377, time 3583.45ms, mfu 68.54%
iter 79650: loss 3.9934, time 3585.21ms, mfu 68.55%
iter 79660: loss 4.0180, time 3582.86ms, mfu 68.56%
iter 79670: loss 4.0021, time 3592.81ms, mfu 68.56%
iter 79680: loss 3.9771, time 3586.39ms, mfu 68.56%
iter 79690: loss 4.0941, time 3599.94ms, mfu 68.54%
iter 79700: loss 4.0718, time 3588.57ms, mfu 68.54%
iter 79710: loss 3.9972, time 3589.21ms, mfu 68.55%
iter 79720: loss 4.0085, time 3590.07ms, mfu 68.55%
iter 79730: loss 3.9739, time 3587.91ms, mfu 68.55%
iter 79740: loss 4.0113, time 3594.44ms, mfu 68.54%
iter 79750: loss 4.0339, time 3594.64ms, mfu 68.53%
iter 79760: loss 4.0143, time 3586.56ms, mfu 68.54%
iter 79770: loss 3.9247, time 3589.14ms, mfu 68.54%
iter 79780: loss 3.9821, time 3585.68ms, mfu 68.55%
iter 79790: loss 4.0449, time 3591.94ms, mfu 68.55%
iter 79800: loss 3.9178, time 3601.31ms, mfu 68.52%
iter 79810: loss 3.9713, time 3588.78ms, mfu 68.53%
iter 79820: loss 4.0227, time 3591.22ms, mfu 68.53%
iter 79830: loss 3.9571, time 3594.35ms, mfu 68.52%
iter 79840: loss 3.9039, time 3595.28ms, mfu 68.51%
iter 79850: loss 4.0038, time 3591.65ms, mfu 68.51%
iter 79860: loss 3.9678, time 3586.83ms, mfu 68.52%
iter 79870: loss 4.0068, time 3592.72ms, mfu 68.52%
iter 79880: loss 3.9991, time 3590.61ms, mfu 68.52%
iter 79890: loss 4.0285, time 3591.03ms, mfu 68.52%
iter 79900: loss 4.0317, time 3594.23ms, mfu 68.52%
iter 79910: loss 4.0195, time 3598.12ms, mfu 68.50%
iter 79920: loss 3.9792, time 3597.36ms, mfu 68.49%
iter 79930: loss 4.0175, time 3588.65ms, mfu 68.50%
iter 79940: loss 3.9958, time 3587.36ms, mfu 68.51%
iter 79950: loss 4.0051, time 3590.84ms, mfu 68.51%
iter 79960: loss 3.9541, time 3585.29ms, mfu 68.52%
iter 79970: loss 4.0036, time 3600.12ms, mfu 68.51%
iter 79980: loss 4.0331, time 3589.20ms, mfu 68.51%
iter 79990: loss 4.0099, time 3589.54ms, mfu 68.52%
step 80000: train loss 3.9003, val loss 3.9142
saving checkpoint to /net/scratch2/junyuren/nanoGPT-manifold/out-openwebtext-lr6x
iter 80000: loss 3.9773, time 23110.96ms, mfu 62.73%
iter 80010: loss 3.9801, time 3585.85ms, mfu 63.32%
iter 80020: loss 3.9873, time 3585.17ms, mfu 63.85%
