Overriding config with config/train_openwebtext_lr6x_resume.py:
# OpenWebText Phase 2.5 - LR 6× (NEW EXPERIMENT)
# Intermediate between lr4x and lr8x

# I/O
out_dir = '/net/scratch2/junyuren/nanoGPT-manifold/out-openwebtext-lr6x'
init_from = 'resume'
eval_interval = 1000
eval_iters = 200
log_interval = 10
always_save_checkpoint = True

wandb_log = False
wandb_project = 'openwebtext'
wandb_run_name = 'grassmann-6L-384d-lr6x'

# Data
dataset = 'openwebtext'
data_dir = '/net/scratch2/junyuren/nanoGPT-manifold/data/openwebtext'
gradient_accumulation_steps = 40
batch_size = 64
block_size = 1024

# Model
n_layer = 6
n_head = 6
n_embd = 384
dropout = 0.2
bias = False

# AdamW optimizer
learning_rate = 1e-3
max_iters = 100000
lr_decay_iters = 100000
min_lr = 1e-4
beta1 = 0.9
beta2 = 0.99
weight_decay = 1e-1
grad_clip = 1.0

decay_lr = True
warmup_iters = 2000

# Grassmann config - stable_rank_x2 with lr6x
use_grassmann = True
grassmann_phase = 'phase2.5'

grass_rank_c_attn = 48
grass_rank_mlp_fc = 20
grass_scale_c_attn = 4.6293
grass_scale_mlp_fc = 10.1372

grass_rank = 48
grass_lr = 6e-3  # 6× (between lr4x and lr8x)
grass_a = 1.0
grass_b = 0.0
grass_alpha = 0.01
grass_steps = 10
grass_tol = 1e-6

# System
device = 'cuda'
dtype = 'bfloat16'
compile = True

tokens per iteration will be: 2,621,440
Resuming training from /net/scratch2/junyuren/nanoGPT-manifold/out-openwebtext-lr6x
number of parameters: 29.94M

=== Phase phase2.5 Grassmann Configuration ===
  Variant .5: attn.c_proj uses AdamW (not Grassmann)

Per-block configuration (6 blocks):
  c_attn ranks:       [48, 48, 48, 48, 48, 48]
  c_attn scales:      ['4.63', '4.63', '4.63', '4.63', '4.63', '4.63']
  mlp.c_fc ranks:     [20, 20, 20, 20, 20, 20]
  mlp.c_fc scales:    ['10.14', '10.14', '10.14', '10.14', '10.14', '10.14']
Grassmann Muon parameters: 6 weight matrices, 3,538,944 params
AdamW decay parameters: 20 tensors, 26,787,840 params
AdamW no-decay parameters: 13 tensors, 4,992 params
  transformer.h.0.mlp.c_fc.weight: k=4, G_{1.0,0.0,20}, lr=0.008, scale=10.1372, type=vertical
  transformer.h.1.mlp.c_fc.weight: k=4, G_{1.0,0.0,20}, lr=0.008, scale=10.1372, type=vertical
  transformer.h.2.mlp.c_fc.weight: k=4, G_{1.0,0.0,20}, lr=0.008, scale=10.1372, type=vertical
  transformer.h.3.mlp.c_fc.weight: k=4, G_{1.0,0.0,20}, lr=0.008, scale=10.1372, type=vertical
  transformer.h.4.mlp.c_fc.weight: k=4, G_{1.0,0.0,20}, lr=0.008, scale=10.1372, type=vertical
  transformer.h.5.mlp.c_fc.weight: k=4, G_{1.0,0.0,20}, lr=0.008, scale=10.1372, type=vertical
using fused AdamW: True

=== Setting up component-specific dropout ===
AdamW components: dropout = 0.2
Grassmann components: dropout = 0.1
Component-specific dropout setup complete.

=== Setting up norm-preserving scaling (Phase phase2.5) ===
  Added frozen 0.5×I scaling after mlp.c_fc (device=cuda:0)
  Added frozen 0.5×I scaling after mlp.c_fc (device=cuda:0)
  Added frozen 0.5×I scaling after mlp.c_fc (device=cuda:0)
  Added frozen 0.5×I scaling after mlp.c_fc (device=cuda:0)
  Added frozen 0.5×I scaling after mlp.c_fc (device=cuda:0)
  Added frozen 0.5×I scaling after mlp.c_fc (device=cuda:0)
Norm-preserving scaling setup complete.
compiling the model... (takes a ~minute)
step 10000: train loss 4.1178, val loss 4.1279
saving checkpoint to /net/scratch2/junyuren/nanoGPT-manifold/out-openwebtext-lr6x
iter 10000: loss 4.1456, time 517602.42ms, mfu -100.00%
iter 10010: loss 4.2254, time 47842.36ms, mfu 5.14%
iter 10020: loss 4.1267, time 33745.80ms, mfu 5.36%
iter 10030: loss 4.1759, time 25103.11ms, mfu 5.80%
iter 10040: loss 4.2152, time 20164.26ms, mfu 6.44%
iter 10050: loss 4.1981, time 15885.04ms, mfu 7.35%
iter 10060: loss 4.2179, time 12939.20ms, mfu 8.51%
iter 10070: loss 4.0328, time 10802.01ms, mfu 9.94%
iter 10080: loss 4.1214, time 8445.33ms, mfu 11.86%
iter 10090: loss 4.2203, time 7207.65ms, mfu 14.09%
iter 10100: loss 4.2138, time 6906.37ms, mfu 16.24%
iter 10110: loss 4.1357, time 5848.00ms, mfu 18.83%
iter 10120: loss 4.1877, time 5510.33ms, mfu 21.41%
iter 10130: loss 4.1472, time 4227.58ms, mfu 25.09%
iter 10140: loss 4.1440, time 4532.55ms, mfu 28.01%
iter 10150: loss 4.1825, time 4236.50ms, mfu 31.02%
iter 10160: loss 4.1548, time 3939.77ms, mfu 34.16%
iter 10170: loss 4.1241, time 3485.27ms, mfu 37.81%
iter 10180: loss 4.2244, time 3281.22ms, mfu 41.52%
iter 10190: loss 4.1820, time 3132.11ms, mfu 45.23%
iter 10200: loss 4.2481, time 2756.57ms, mfu 49.63%
iter 10210: loss 4.2377, time 2776.53ms, mfu 53.53%
iter 10220: loss 4.0964, time 2778.21ms, mfu 57.04%
iter 10230: loss 4.0875, time 2734.29ms, mfu 60.33%
iter 10240: loss 4.1650, time 2734.59ms, mfu 63.30%
iter 10250: loss 4.1767, time 2737.55ms, mfu 65.96%
iter 10260: loss 4.2187, time 2738.04ms, mfu 68.35%
iter 10270: loss 4.2011, time 2737.88ms, mfu 70.50%
iter 10280: loss 4.1911, time 2735.65ms, mfu 72.45%
iter 10290: loss 4.1692, time 2727.01ms, mfu 74.23%
iter 10300: loss 4.2121, time 2738.95ms, mfu 75.79%
iter 10310: loss 4.2097, time 2741.41ms, mfu 77.19%
iter 10320: loss 4.1365, time 2731.75ms, mfu 78.47%
iter 10330: loss 4.1120, time 2737.58ms, mfu 79.62%
iter 10340: loss 4.1545, time 2737.42ms, mfu 80.64%
iter 10350: loss 4.1580, time 2736.70ms, mfu 81.57%
iter 10360: loss 4.1749, time 2734.05ms, mfu 82.41%
iter 10370: loss 4.1065, time 2736.24ms, mfu 83.17%
iter 10380: loss 4.1239, time 2741.59ms, mfu 83.83%
iter 10390: loss 4.1657, time 2742.64ms, mfu 84.42%
iter 10400: loss 4.2290, time 2729.47ms, mfu 84.99%
iter 10410: loss 4.0560, time 2739.13ms, mfu 85.47%
iter 10420: loss 4.1508, time 2738.49ms, mfu 85.91%
iter 10430: loss 4.1178, time 2737.13ms, mfu 86.31%
iter 10440: loss 4.1180, time 2735.35ms, mfu 86.68%
iter 10450: loss 4.1130, time 2736.08ms, mfu 87.00%
iter 10460: loss 4.1413, time 2734.94ms, mfu 87.30%
iter 10470: loss 4.1436, time 2734.14ms, mfu 87.57%
iter 10480: loss 4.1315, time 2734.05ms, mfu 87.81%
iter 10490: loss 4.2094, time 2733.16ms, mfu 88.04%
iter 10500: loss 4.1930, time 2734.48ms, mfu 88.23%
iter 10510: loss 4.2183, time 2737.38ms, mfu 88.40%
iter 10520: loss 4.1306, time 2732.40ms, mfu 88.56%
iter 10530: loss 4.1751, time 2746.99ms, mfu 88.67%
iter 10540: loss 4.1230, time 2738.49ms, mfu 88.78%
iter 10550: loss 4.1430, time 2733.63ms, mfu 88.91%
iter 10560: loss 4.0837, time 2741.22ms, mfu 88.99%
iter 10570: loss 4.2084, time 2731.46ms, mfu 89.10%
iter 10580: loss 4.1481, time 2735.78ms, mfu 89.19%
iter 10590: loss 4.2483, time 2735.62ms, mfu 89.26%
iter 10600: loss 4.1569, time 2736.27ms, mfu 89.33%
iter 10610: loss 4.2219, time 2732.37ms, mfu 89.40%
iter 10620: loss 4.1129, time 2731.67ms, mfu 89.47%
iter 10630: loss 4.1654, time 2733.59ms, mfu 89.53%
iter 10640: loss 4.2001, time 2734.83ms, mfu 89.57%
iter 10650: loss 4.0490, time 2737.37ms, mfu 89.60%
iter 10660: loss 4.1078, time 2731.60ms, mfu 89.65%
iter 10670: loss 4.1643, time 2734.33ms, mfu 89.69%
iter 10680: loss 4.1511, time 2733.05ms, mfu 89.72%
iter 10690: loss 4.0980, time 2741.69ms, mfu 89.73%
iter 10700: loss 4.1378, time 2730.27ms, mfu 89.77%
iter 10710: loss 4.2462, time 2733.41ms, mfu 89.79%
iter 10720: loss 4.1404, time 2738.49ms, mfu 89.80%
iter 10730: loss 4.0425, time 2735.91ms, mfu 89.81%
iter 10740: loss 4.1659, time 2739.92ms, mfu 89.81%
iter 10750: loss 4.2428, time 2730.02ms, mfu 89.85%
iter 10760: loss 4.1269, time 2732.42ms, mfu 89.87%
iter 10770: loss 4.1122, time 2736.96ms, mfu 89.87%
iter 10780: loss 4.1092, time 2733.08ms, mfu 89.89%
iter 10790: loss 4.1127, time 2734.63ms, mfu 89.90%
iter 10800: loss 4.1483, time 2732.82ms, mfu 89.91%
iter 10810: loss 4.1258, time 2740.35ms, mfu 89.90%
iter 10820: loss 4.2006, time 2733.60ms, mfu 89.91%
iter 10830: loss 4.1315, time 2731.95ms, mfu 89.93%
iter 10840: loss 4.1610, time 2741.80ms, mfu 89.91%
iter 10850: loss 4.1966, time 2735.01ms, mfu 89.92%
iter 10860: loss 4.1827, time 2746.63ms, mfu 89.88%
iter 10870: loss 4.0821, time 2735.05ms, mfu 89.89%
iter 10880: loss 4.1272, time 2737.92ms, mfu 89.89%
iter 10890: loss 4.1720, time 2735.10ms, mfu 89.90%
iter 10900: loss 4.1420, time 2737.30ms, mfu 89.90%
iter 10910: loss 4.1149, time 2737.17ms, mfu 89.90%
iter 10920: loss 4.1858, time 2737.07ms, mfu 89.90%
iter 10930: loss 4.2125, time 2734.02ms, mfu 89.91%
iter 10940: loss 4.1972, time 2731.96ms, mfu 89.93%
iter 10950: loss 4.2241, time 2733.70ms, mfu 89.94%
iter 10960: loss 4.1336, time 2736.92ms, mfu 89.93%
iter 10970: loss 4.1448, time 2735.93ms, mfu 89.93%
iter 10980: loss 4.2085, time 2728.34ms, mfu 89.96%
iter 10990: loss 4.1385, time 2732.26ms, mfu 89.97%
step 11000: train loss 4.0301, val loss 4.0484
saving checkpoint to /net/scratch2/junyuren/nanoGPT-manifold/out-openwebtext-lr6x
iter 11000: loss 4.1147, time 17510.50ms, mfu 82.38%
iter 11010: loss 4.2069, time 2737.57ms, mfu 83.13%
iter 11020: loss 4.1038, time 2740.16ms, mfu 83.80%
iter 11030: loss 4.1858, time 2733.87ms, mfu 84.42%
iter 11040: loss 4.1153, time 2740.07ms, mfu 84.96%
iter 11050: loss 4.1938, time 2733.03ms, mfu 85.47%
iter 11060: loss 4.0658, time 2738.66ms, mfu 85.90%
iter 11070: loss 4.1090, time 2737.59ms, mfu 86.30%
iter 11080: loss 4.1144, time 2738.48ms, mfu 86.66%
iter 11090: loss 4.1661, time 2740.97ms, mfu 86.97%
iter 11100: loss 4.1558, time 2739.78ms, mfu 87.25%
iter 11110: loss 4.1230, time 2735.04ms, mfu 87.53%
iter 11120: loss 4.1757, time 2741.44ms, mfu 87.75%
iter 11130: loss 4.1317, time 2731.96ms, mfu 87.98%
iter 11140: loss 4.0854, time 2735.02ms, mfu 88.18%
iter 11150: loss 4.1598, time 2741.30ms, mfu 88.34%
iter 11160: loss 4.1626, time 2734.95ms, mfu 88.50%
iter 11170: loss 4.0814, time 2745.52ms, mfu 88.62%
iter 11180: loss 4.1555, time 2735.73ms, mfu 88.75%
iter 11190: loss 4.2786, time 2730.82ms, mfu 88.89%
iter 11200: loss 4.0997, time 2739.15ms, mfu 88.98%
iter 11210: loss 4.1202, time 2736.67ms, mfu 89.07%
iter 11220: loss 4.2477, time 2734.99ms, mfu 89.16%
iter 11230: loss 4.1792, time 2732.67ms, mfu 89.25%
iter 11240: loss 4.1784, time 2738.05ms, mfu 89.31%
iter 11250: loss 4.2587, time 2734.94ms, mfu 89.38%
iter 11260: loss 4.2175, time 2741.45ms, mfu 89.42%
iter 11270: loss 4.1896, time 2739.85ms, mfu 89.46%
iter 11280: loss 4.1900, time 2735.88ms, mfu 89.51%
iter 11290: loss 4.1889, time 2737.67ms, mfu 89.55%
iter 11300: loss 4.1600, time 2737.60ms, mfu 89.58%
iter 11310: loss 4.1801, time 2732.55ms, mfu 89.63%
iter 11320: loss 3.9992, time 2747.95ms, mfu 89.62%
iter 11330: loss 4.1836, time 2729.65ms, mfu 89.67%
iter 11340: loss 4.2224, time 2733.71ms, mfu 89.71%
iter 11350: loss 4.2363, time 2735.44ms, mfu 89.73%
iter 11360: loss 4.1517, time 2738.97ms, mfu 89.74%
iter 11370: loss 4.1948, time 2741.13ms, mfu 89.75%
iter 11380: loss 4.1668, time 2732.19ms, mfu 89.78%
iter 11390: loss 4.1611, time 2738.57ms, mfu 89.79%
iter 11400: loss 4.1843, time 2742.17ms, mfu 89.78%
iter 11410: loss 4.2013, time 2731.32ms, mfu 89.81%
iter 11420: loss 4.2188, time 2738.13ms, mfu 89.82%
iter 11430: loss 4.2015, time 2735.51ms, mfu 89.83%
iter 11440: loss 4.1365, time 2739.46ms, mfu 89.83%
iter 11450: loss 4.0532, time 2741.88ms, mfu 89.82%
iter 11460: loss 4.1986, time 2738.51ms, mfu 89.83%
iter 11470: loss 4.2009, time 2742.59ms, mfu 89.82%
iter 11480: loss 4.1080, time 2735.92ms, mfu 89.83%
iter 11490: loss 4.1787, time 2738.15ms, mfu 89.83%
iter 11500: loss 4.0859, time 2737.29ms, mfu 89.84%
iter 11510: loss 4.1445, time 2747.29ms, mfu 89.81%
iter 11520: loss 4.2457, time 2733.36ms, mfu 89.83%
iter 11530: loss 4.2167, time 2736.51ms, mfu 89.84%
iter 11540: loss 4.1710, time 2747.59ms, mfu 89.81%
iter 11550: loss 4.1839, time 2734.51ms, mfu 89.83%
iter 11560: loss 4.2020, time 2742.54ms, mfu 89.82%
iter 11570: loss 4.1471, time 2738.66ms, mfu 89.82%
iter 11580: loss 4.1165, time 2740.16ms, mfu 89.82%
iter 11590: loss 4.1790, time 2733.87ms, mfu 89.84%
iter 11600: loss 4.1430, time 2741.13ms, mfu 89.83%
iter 11610: loss 4.1255, time 2738.98ms, mfu 89.84%
iter 11620: loss 4.2076, time 2736.74ms, mfu 89.84%
iter 11630: loss 4.2096, time 2735.45ms, mfu 89.86%
iter 11640: loss 4.1604, time 2734.54ms, mfu 89.87%
iter 11650: loss 4.1980, time 2740.29ms, mfu 89.86%
iter 11660: loss 4.1855, time 2737.64ms, mfu 89.86%
iter 11670: loss 4.1848, time 2734.08ms, mfu 89.88%
iter 11680: loss 4.1378, time 2739.36ms, mfu 89.87%
iter 11690: loss 4.1349, time 2734.97ms, mfu 89.88%
iter 11700: loss 4.2101, time 2739.06ms, mfu 89.88%
iter 11710: loss 4.2370, time 2730.80ms, mfu 89.90%
iter 11720: loss 4.0903, time 2737.22ms, mfu 89.90%
iter 11730: loss 4.1692, time 2735.41ms, mfu 89.91%
iter 11740: loss 4.1315, time 2734.40ms, mfu 89.92%
iter 11750: loss 4.0554, time 2738.28ms, mfu 89.91%
iter 11760: loss 4.1437, time 2736.43ms, mfu 89.91%
iter 11770: loss 4.2879, time 2733.34ms, mfu 89.92%
iter 11780: loss 4.2828, time 2732.68ms, mfu 89.94%
iter 11790: loss 4.1605, time 2738.57ms, mfu 89.93%
iter 11800: loss 4.1546, time 2735.86ms, mfu 89.93%
iter 11810: loss 4.1610, time 2736.78ms, mfu 89.93%
iter 11820: loss 4.1663, time 2737.78ms, mfu 89.92%
iter 11830: loss 4.2046, time 2741.95ms, mfu 89.91%
iter 11840: loss 4.1237, time 2738.67ms, mfu 89.90%
iter 11850: loss 4.1385, time 2740.90ms, mfu 89.89%
iter 11860: loss 4.1508, time 2731.19ms, mfu 89.91%
iter 11870: loss 4.0533, time 2740.27ms, mfu 89.90%
iter 11880: loss 4.2432, time 2736.69ms, mfu 89.90%
iter 11890: loss 4.1586, time 2734.83ms, mfu 89.91%
iter 11900: loss 4.1060, time 2738.66ms, mfu 89.90%
iter 11910: loss 4.1661, time 2739.20ms, mfu 89.90%
iter 11920: loss 4.2147, time 2739.64ms, mfu 89.89%
iter 11930: loss 4.1730, time 2737.48ms, mfu 89.89%
iter 11940: loss 4.1275, time 2741.06ms, mfu 89.88%
iter 11950: loss 4.2052, time 2744.21ms, mfu 89.86%
iter 11960: loss 4.2188, time 2743.76ms, mfu 89.84%
iter 11970: loss 4.1420, time 2737.44ms, mfu 89.85%
iter 11980: loss 4.1381, time 2743.10ms, mfu 89.83%
iter 11990: loss 4.0956, time 2746.11ms, mfu 89.81%
step 12000: train loss 4.0118, val loss 4.0217
saving checkpoint to /net/scratch2/junyuren/nanoGPT-manifold/out-openwebtext-lr6x
iter 12000: loss 4.1407, time 17937.51ms, mfu 82.20%
iter 12010: loss 4.1469, time 2730.22ms, mfu 82.99%
iter 12020: loss 4.1198, time 2736.51ms, mfu 83.69%
iter 12030: loss 4.0927, time 2738.22ms, mfu 84.30%
iter 12040: loss 4.1257, time 2735.66ms, mfu 84.87%
iter 12050: loss 4.1344, time 2734.55ms, mfu 85.38%
iter 12060: loss 4.2558, time 2736.76ms, mfu 85.83%
iter 12070: loss 4.1179, time 2736.70ms, mfu 86.24%
iter 12080: loss 4.1414, time 2738.14ms, mfu 86.61%
iter 12090: loss 4.1199, time 2739.35ms, mfu 86.93%
iter 12100: loss 4.0312, time 2737.74ms, mfu 87.22%
iter 12110: loss 4.1118, time 2730.06ms, mfu 87.51%
iter 12120: loss 4.0684, time 2736.44ms, mfu 87.76%
iter 12130: loss 4.1206, time 2744.06ms, mfu 87.95%
iter 12140: loss 4.1108, time 2734.97ms, mfu 88.15%
iter 12150: loss 4.2012, time 2734.81ms, mfu 88.33%
iter 12160: loss 4.1949, time 2736.22ms, mfu 88.49%
iter 12170: loss 4.2290, time 2737.80ms, mfu 88.63%
iter 12180: loss 4.1140, time 2737.49ms, mfu 88.76%
iter 12190: loss 4.1725, time 2739.90ms, mfu 88.86%
iter 12200: loss 4.0949, time 2739.77ms, mfu 88.96%
iter 12210: loss 4.2429, time 2741.18ms, mfu 89.04%
iter 12220: loss 4.1244, time 2734.97ms, mfu 89.13%
iter 12230: loss 4.0832, time 2735.71ms, mfu 89.22%
iter 12240: loss 4.1449, time 2739.54ms, mfu 89.28%
iter 12250: loss 4.2398, time 2740.05ms, mfu 89.33%
iter 12260: loss 4.0566, time 2736.76ms, mfu 89.39%
iter 12270: loss 4.1490, time 2730.22ms, mfu 89.46%
iter 12280: loss 4.1419, time 2736.65ms, mfu 89.51%
iter 12290: loss 4.1646, time 2733.08ms, mfu 89.56%
iter 12300: loss 4.2157, time 2738.27ms, mfu 89.59%
iter 12310: loss 4.0886, time 2745.03ms, mfu 89.60%
iter 12320: loss 4.0527, time 2733.54ms, mfu 89.64%
iter 12330: loss 4.1108, time 2742.07ms, mfu 89.65%
iter 12340: loss 4.1439, time 2741.03ms, mfu 89.66%
iter 12350: loss 4.2642, time 2740.15ms, mfu 89.68%
iter 12360: loss 4.1907, time 2734.11ms, mfu 89.71%
iter 12370: loss 4.1435, time 2741.66ms, mfu 89.71%
iter 12380: loss 4.1000, time 2736.04ms, mfu 89.74%
iter 12390: loss 4.1182, time 2738.37ms, mfu 89.75%
iter 12400: loss 4.1647, time 2738.08ms, mfu 89.76%
iter 12410: loss 4.1498, time 2733.13ms, mfu 89.79%
iter 12420: loss 4.1383, time 2741.26ms, mfu 89.79%
iter 12430: loss 4.0189, time 2744.40ms, mfu 89.77%
iter 12440: loss 4.1575, time 2734.25ms, mfu 89.80%
iter 12450: loss 4.2360, time 2740.57ms, mfu 89.80%
iter 12460: loss 4.1607, time 2732.42ms, mfu 89.82%
iter 12470: loss 4.1333, time 2738.14ms, mfu 89.83%
iter 12480: loss 4.2173, time 2737.82ms, mfu 89.83%
iter 12490: loss 4.0884, time 2738.65ms, mfu 89.83%
iter 12500: loss 4.1805, time 2733.12ms, mfu 89.85%
iter 12510: loss 4.1227, time 2741.58ms, mfu 89.84%
iter 12520: loss 4.2152, time 2737.65ms, mfu 89.85%
iter 12530: loss 4.0924, time 2735.56ms, mfu 89.86%
iter 12540: loss 4.1820, time 2735.12ms, mfu 89.87%
iter 12550: loss 4.2141, time 2737.23ms, mfu 89.87%
iter 12560: loss 4.1308, time 2738.23ms, mfu 89.87%
iter 12570: loss 4.1910, time 2739.33ms, mfu 89.87%
iter 12580: loss 4.0447, time 2740.39ms, mfu 89.86%
iter 12590: loss 4.1779, time 2738.31ms, mfu 89.86%
iter 12600: loss 4.1733, time 2741.26ms, mfu 89.85%
iter 12610: loss 4.1500, time 2743.72ms, mfu 89.84%
iter 12620: loss 4.1080, time 2731.02ms, mfu 89.86%
iter 12630: loss 4.2348, time 2731.30ms, mfu 89.89%
iter 12640: loss 4.1181, time 2737.22ms, mfu 89.89%
iter 12650: loss 4.0973, time 2733.04ms, mfu 89.90%
iter 12660: loss 4.1401, time 2733.90ms, mfu 89.91%
iter 12670: loss 4.0931, time 2739.11ms, mfu 89.91%
iter 12680: loss 4.1493, time 2744.65ms, mfu 89.88%
iter 12690: loss 4.1507, time 2733.83ms, mfu 89.89%
iter 12700: loss 4.0884, time 2741.15ms, mfu 89.88%
iter 12710: loss 4.0432, time 2740.47ms, mfu 89.87%
iter 12720: loss 4.1494, time 2745.30ms, mfu 89.85%
iter 12730: loss 4.1200, time 2731.89ms, mfu 89.87%
iter 12740: loss 4.1738, time 2745.44ms, mfu 89.85%
iter 12750: loss 4.1450, time 2736.47ms, mfu 89.86%
iter 12760: loss 4.1421, time 2738.90ms, mfu 89.85%
iter 12770: loss 4.1821, time 2735.17ms, mfu 89.87%
iter 12780: loss 4.1073, time 2742.90ms, mfu 89.85%
iter 12790: loss 4.1423, time 2735.16ms, mfu 89.86%
iter 12800: loss 4.2158, time 2737.96ms, mfu 89.86%
iter 12810: loss 4.0773, time 2735.09ms, mfu 89.87%
iter 12820: loss 4.1419, time 2747.03ms, mfu 89.84%
iter 12830: loss 4.1307, time 2741.86ms, mfu 89.84%
iter 12840: loss 4.1167, time 2737.64ms, mfu 89.84%
iter 12850: loss 4.1024, time 2740.15ms, mfu 89.84%
iter 12860: loss 4.1985, time 2738.75ms, mfu 89.84%
iter 12870: loss 4.1500, time 2740.30ms, mfu 89.83%
iter 12880: loss 4.1310, time 2743.71ms, mfu 89.82%
iter 12890: loss 4.1284, time 2740.80ms, mfu 89.82%
iter 12900: loss 4.1576, time 2745.81ms, mfu 89.80%
iter 12910: loss 4.1100, time 2736.10ms, mfu 89.81%
iter 12920: loss 4.1240, time 2738.85ms, mfu 89.81%
iter 12930: loss 4.1949, time 2741.28ms, mfu 89.81%
iter 12940: loss 4.1237, time 2743.83ms, mfu 89.80%
iter 12950: loss 4.1217, time 2739.10ms, mfu 89.80%
iter 12960: loss 4.2139, time 2739.35ms, mfu 89.80%
iter 12970: loss 4.1974, time 2736.95ms, mfu 89.81%
iter 12980: loss 4.1253, time 3632.13ms, mfu 87.61%
iter 12990: loss 4.2268, time 2736.44ms, mfu 87.84%
step 13000: train loss 4.0394, val loss 4.0539
saving checkpoint to /net/scratch2/junyuren/nanoGPT-manifold/out-openwebtext-lr6x
iter 13000: loss 4.2258, time 17605.29ms, mfu 80.45%
iter 13010: loss 4.1362, time 2738.43ms, mfu 81.39%
iter 13020: loss 4.1129, time 2728.48ms, mfu 82.27%
iter 13030: loss 4.1174, time 2739.41ms, mfu 83.03%
iter 13040: loss 4.1190, time 2738.39ms, mfu 83.71%
iter 13050: loss 4.0584, time 2734.36ms, mfu 84.34%
iter 13060: loss 4.0785, time 2741.71ms, mfu 84.88%
iter 13070: loss 4.1025, time 2735.60ms, mfu 85.39%
iter 13080: loss 4.1770, time 2733.62ms, mfu 85.85%
iter 13090: loss 4.0851, time 2736.61ms, mfu 86.26%
iter 13100: loss 4.1710, time 2738.01ms, mfu 86.62%
iter 13110: loss 4.1821, time 2740.25ms, mfu 86.94%
iter 13120: loss 4.2173, time 2738.41ms, mfu 87.23%
iter 13130: loss 4.0573, time 2745.85ms, mfu 87.47%
iter 13140: loss 4.0948, time 2731.62ms, mfu 87.73%
iter 13150: loss 4.1069, time 2735.32ms, mfu 87.95%
iter 13160: loss 4.1813, time 2736.99ms, mfu 88.15%
iter 13170: loss 4.1048, time 2745.25ms, mfu 88.30%
iter 13180: loss 4.1334, time 2740.09ms, mfu 88.45%
iter 13190: loss 4.2033, time 2736.54ms, mfu 88.60%
iter 13200: loss 4.0374, time 2745.24ms, mfu 88.70%
iter 13210: loss 4.1830, time 2738.67ms, mfu 88.82%
iter 13220: loss 4.1657, time 2736.08ms, mfu 88.93%
iter 13230: loss 4.1163, time 2737.23ms, mfu 89.03%
iter 13240: loss 4.1221, time 2739.70ms, mfu 89.10%
iter 13250: loss 4.0460, time 2742.24ms, mfu 89.17%
iter 13260: loss 4.1073, time 2735.52ms, mfu 89.25%
iter 13270: loss 4.2169, time 2743.74ms, mfu 89.29%
iter 13280: loss 4.0532, time 2735.25ms, mfu 89.36%
iter 13290: loss 4.2071, time 2735.72ms, mfu 89.42%
iter 13300: loss 4.1975, time 2736.44ms, mfu 89.47%
iter 13310: loss 4.1396, time 2736.45ms, mfu 89.51%
iter 13320: loss 4.2189, time 2741.02ms, mfu 89.54%
iter 13330: loss 4.1885, time 2741.54ms, mfu 89.56%
iter 13340: loss 4.1659, time 2741.49ms, mfu 89.58%
iter 13350: loss 4.2162, time 2734.24ms, mfu 89.62%
iter 13360: loss 4.1352, time 2740.70ms, mfu 89.64%
iter 13370: loss 4.2360, time 2736.30ms, mfu 89.67%
iter 13380: loss 4.1742, time 2734.08ms, mfu 89.70%
iter 13390: loss 4.1636, time 2736.92ms, mfu 89.72%
iter 13400: loss 4.2409, time 2741.73ms, mfu 89.73%
iter 13410: loss 4.1143, time 2742.26ms, mfu 89.73%
iter 13420: loss 3.9918, time 2738.08ms, mfu 89.74%
iter 13430: loss 4.1015, time 2737.03ms, mfu 89.76%
iter 13440: loss 4.1429, time 2737.10ms, mfu 89.77%
iter 13450: loss 4.1795, time 2742.88ms, mfu 89.77%
iter 13460: loss 4.1508, time 2736.17ms, mfu 89.78%
iter 13470: loss 4.0644, time 2737.19ms, mfu 89.80%
iter 13480: loss 4.1525, time 2738.68ms, mfu 89.80%
iter 13490: loss 4.0976, time 2739.89ms, mfu 89.80%
iter 13500: loss 4.1132, time 2730.10ms, mfu 89.84%
iter 13510: loss 4.2172, time 2734.54ms, mfu 89.85%
iter 13520: loss 4.1679, time 2741.23ms, mfu 89.84%
iter 13530: loss 4.1342, time 2736.23ms, mfu 89.85%
iter 13540: loss 4.1682, time 2739.77ms, mfu 89.85%
iter 13550: loss 4.1185, time 2734.54ms, mfu 89.86%
iter 13560: loss 4.1477, time 2734.72ms, mfu 89.87%
iter 13570: loss 4.1351, time 2735.64ms, mfu 89.88%
iter 13580: loss 4.1329, time 2735.90ms, mfu 89.89%
iter 13590: loss 4.1728, time 2742.04ms, mfu 89.87%
iter 13600: loss 4.1891, time 2739.37ms, mfu 89.87%
iter 13610: loss 4.2287, time 2737.78ms, mfu 89.87%
iter 13620: loss 4.1165, time 2726.61ms, mfu 89.91%
iter 13630: loss 4.1913, time 2742.16ms, mfu 89.89%
iter 13640: loss 4.1757, time 2737.22ms, mfu 89.89%
iter 13650: loss 4.1248, time 2729.78ms, mfu 89.92%
iter 13660: loss 4.1514, time 2744.75ms, mfu 89.89%
iter 13670: loss 4.2004, time 2738.58ms, mfu 89.89%
iter 13680: loss 4.1282, time 2739.22ms, mfu 89.88%
iter 13690: loss 4.1838, time 2737.31ms, mfu 89.88%
iter 13700: loss 4.1834, time 2739.39ms, mfu 89.88%
iter 13710: loss 4.1749, time 2737.74ms, mfu 89.88%
iter 13720: loss 4.1963, time 2739.38ms, mfu 89.87%
iter 13730: loss 4.0469, time 2738.38ms, mfu 89.87%
iter 13740: loss 4.0197, time 2741.42ms, mfu 89.86%
iter 13750: loss 4.1782, time 2740.89ms, mfu 89.85%
iter 13760: loss 4.1364, time 2740.84ms, mfu 89.85%
iter 13770: loss 4.2539, time 2739.31ms, mfu 89.85%
iter 13780: loss 4.1165, time 2734.89ms, mfu 89.86%
iter 13790: loss 4.1035, time 2741.34ms, mfu 89.85%
iter 13800: loss 4.0997, time 2741.68ms, mfu 89.84%
iter 13810: loss 4.1536, time 2736.63ms, mfu 89.85%
iter 13820: loss 4.1393, time 2734.49ms, mfu 89.86%
iter 13830: loss 4.1022, time 2745.62ms, mfu 89.84%
iter 13840: loss 4.1474, time 2740.09ms, mfu 89.83%
iter 13850: loss 4.1695, time 2738.41ms, mfu 89.84%
iter 13860: loss 4.1541, time 2739.87ms, mfu 89.84%
iter 13870: loss 4.1548, time 2742.50ms, mfu 89.82%
iter 13880: loss 4.0590, time 2737.71ms, mfu 89.83%
iter 13890: loss 4.1918, time 2743.67ms, mfu 89.82%
iter 13900: loss 4.2432, time 2740.59ms, mfu 89.81%
iter 13910: loss 4.1117, time 2737.17ms, mfu 89.82%
iter 13920: loss 4.1357, time 2743.16ms, mfu 89.81%
iter 13930: loss 4.0877, time 2740.03ms, mfu 89.81%
iter 13940: loss 4.1097, time 2739.02ms, mfu 89.81%
iter 13950: loss 4.1957, time 2738.36ms, mfu 89.82%
iter 13960: loss 4.1806, time 2736.61ms, mfu 89.83%
iter 13970: loss 4.1499, time 2736.93ms, mfu 89.84%
iter 13980: loss 4.1083, time 2733.33ms, mfu 89.86%
iter 13990: loss 4.1381, time 2743.51ms, mfu 89.84%
step 14000: train loss 4.0302, val loss 4.0465
saving checkpoint to /net/scratch2/junyuren/nanoGPT-manifold/out-openwebtext-lr6x
iter 14000: loss 4.1387, time 17469.03ms, mfu 82.26%
iter 14010: loss 4.1506, time 2731.78ms, mfu 83.05%
iter 14020: loss 4.1051, time 2737.44ms, mfu 83.73%
iter 14030: loss 4.1598, time 2738.32ms, mfu 84.34%
iter 14040: loss 4.1541, time 2738.84ms, mfu 84.89%
iter 14050: loss 4.1316, time 2738.75ms, mfu 85.39%
iter 14060: loss 4.1805, time 2734.83ms, mfu 85.85%
iter 14070: loss 4.0968, time 2741.40ms, mfu 86.24%
iter 14080: loss 4.1184, time 2739.09ms, mfu 86.60%
iter 14090: loss 4.1430, time 2741.01ms, mfu 86.92%
iter 14100: loss 4.1821, time 2745.97ms, mfu 87.19%
iter 14110: loss 4.1005, time 2739.04ms, mfu 87.45%
iter 14120: loss 4.1764, time 2738.34ms, mfu 87.69%
iter 14130: loss 4.2646, time 2739.23ms, mfu 87.91%
iter 14140: loss 4.0616, time 2740.63ms, mfu 88.10%
iter 14150: loss 4.2159, time 2737.75ms, mfu 88.27%
iter 14160: loss 4.1070, time 2741.27ms, mfu 88.42%
iter 14170: loss 4.1036, time 2744.68ms, mfu 88.55%
iter 14180: loss 4.1403, time 2745.74ms, mfu 88.65%
iter 14190: loss 4.1488, time 2744.53ms, mfu 88.76%
iter 14200: loss 4.1756, time 2745.51ms, mfu 88.84%
iter 14210: loss 4.1890, time 2736.39ms, mfu 88.95%
iter 14220: loss 4.1772, time 2738.37ms, mfu 89.04%
iter 14230: loss 4.1346, time 2735.98ms, mfu 89.13%
iter 14240: loss 4.1195, time 2741.98ms, mfu 89.19%
iter 14250: loss 4.1444, time 2732.72ms, mfu 89.28%
iter 14260: loss 4.1250, time 2740.78ms, mfu 89.33%
iter 14270: loss 4.0831, time 2741.90ms, mfu 89.37%
iter 14280: loss 4.1310, time 2737.54ms, mfu 89.42%
iter 14290: loss 4.1245, time 2739.34ms, mfu 89.46%
iter 14300: loss 4.0825, time 2741.19ms, mfu 89.49%
iter 14310: loss 4.1825, time 2746.94ms, mfu 89.50%
iter 14320: loss 4.1053, time 2745.75ms, mfu 89.52%
iter 14330: loss 4.1451, time 2740.40ms, mfu 89.54%
iter 14340: loss 4.1915, time 2743.02ms, mfu 89.56%
iter 14350: loss 4.0578, time 2737.09ms, mfu 89.59%
iter 14360: loss 4.1994, time 2737.87ms, mfu 89.62%
iter 14370: loss 4.0968, time 2743.17ms, mfu 89.63%
iter 14380: loss 4.1880, time 2740.35ms, mfu 89.65%
iter 14390: loss 4.1119, time 2742.81ms, mfu 89.65%
iter 14400: loss 4.1710, time 2741.93ms, mfu 89.66%
iter 14410: loss 4.2043, time 2741.30ms, mfu 89.67%
iter 14420: loss 4.1552, time 2747.19ms, mfu 89.66%
iter 14430: loss 4.1724, time 2733.95ms, mfu 89.70%
iter 14440: loss 4.2264, time 2736.37ms, mfu 89.72%
iter 14450: loss 4.1373, time 2738.80ms, mfu 89.73%
iter 14460: loss 4.1313, time 2743.56ms, mfu 89.73%
iter 14470: loss 4.2206, time 2742.73ms, mfu 89.73%
iter 14480: loss 4.1755, time 2740.06ms, mfu 89.74%
iter 14490: loss 4.2018, time 2736.50ms, mfu 89.76%
iter 14500: loss 3.9219, time 2740.95ms, mfu 89.76%
iter 14510: loss 4.2170, time 2742.62ms, mfu 89.75%
iter 14520: loss 4.1216, time 2739.76ms, mfu 89.76%
iter 14530: loss 4.1627, time 2745.42ms, mfu 89.75%
iter 14540: loss 4.1289, time 2746.71ms, mfu 89.73%
iter 14550: loss 4.1366, time 2742.67ms, mfu 89.73%
iter 14560: loss 4.1301, time 2736.94ms, mfu 89.75%
iter 14570: loss 4.0641, time 2740.04ms, mfu 89.75%
iter 14580: loss 4.1610, time 2741.88ms, mfu 89.75%
iter 14590: loss 4.1378, time 2739.90ms, mfu 89.76%
iter 14600: loss 4.1405, time 2742.86ms, mfu 89.76%
iter 14610: loss 3.9838, time 2736.55ms, mfu 89.77%
iter 14620: loss 4.1297, time 2739.10ms, mfu 89.78%
iter 14630: loss 4.1495, time 2736.92ms, mfu 89.79%
iter 14640: loss 4.1332, time 2738.04ms, mfu 89.80%
iter 14650: loss 4.1223, time 2737.91ms, mfu 89.81%
iter 14660: loss 4.1635, time 2736.41ms, mfu 89.82%
iter 14670: loss 4.1041, time 2737.66ms, mfu 89.83%
iter 14680: loss 4.1730, time 2735.47ms, mfu 89.84%
iter 14690: loss 4.0979, time 2738.05ms, mfu 89.84%
iter 14700: loss 4.1214, time 2734.79ms, mfu 89.86%
iter 14710: loss 4.1088, time 2734.30ms, mfu 89.87%
iter 14720: loss 4.1862, time 2737.55ms, mfu 89.87%
iter 14730: loss 4.1254, time 2741.56ms, mfu 89.86%
iter 14740: loss 4.1469, time 2740.41ms, mfu 89.85%
iter 14750: loss 4.1714, time 2742.96ms, mfu 89.84%
iter 14760: loss 4.1054, time 2741.63ms, mfu 89.83%
iter 14770: loss 4.1573, time 2739.62ms, mfu 89.83%
iter 14780: loss 4.1152, time 2745.94ms, mfu 89.81%
iter 14790: loss 4.1472, time 2735.64ms, mfu 89.82%
iter 14800: loss 4.1940, time 2743.96ms, mfu 89.81%
iter 14810: loss 4.1475, time 2744.53ms, mfu 89.79%
iter 14820: loss 4.1220, time 2741.46ms, mfu 89.79%
iter 14830: loss 4.0356, time 2743.25ms, mfu 89.78%
iter 14840: loss 4.1292, time 2742.87ms, mfu 89.78%
iter 14850: loss 4.1735, time 2740.13ms, mfu 89.78%
iter 14860: loss 4.1630, time 2741.96ms, mfu 89.78%
iter 14870: loss 4.0711, time 2742.53ms, mfu 89.77%
iter 14880: loss 4.1106, time 2736.13ms, mfu 89.79%
iter 14890: loss 4.1688, time 2737.31ms, mfu 89.80%
iter 14900: loss 4.1085, time 2741.45ms, mfu 89.79%
iter 14910: loss 4.1561, time 2739.36ms, mfu 89.80%
iter 14920: loss 4.1139, time 2733.23ms, mfu 89.82%
iter 14930: loss 4.1257, time 2734.19ms, mfu 89.84%
iter 14940: loss 4.1776, time 2734.39ms, mfu 89.85%
iter 14950: loss 4.1455, time 2736.23ms, mfu 89.86%
iter 14960: loss 4.1209, time 2734.07ms, mfu 89.88%
iter 14970: loss 4.1686, time 2740.96ms, mfu 89.87%
iter 14980: loss 4.1477, time 2742.63ms, mfu 89.85%
iter 14990: loss 4.1759, time 2737.78ms, mfu 89.86%
step 15000: train loss 4.0084, val loss 4.0147
saving checkpoint to /net/scratch2/junyuren/nanoGPT-manifold/out-openwebtext-lr6x
iter 15000: loss 4.1505, time 17469.44ms, mfu 82.28%
iter 15010: loss 4.0945, time 2730.26ms, mfu 83.06%
iter 15020: loss 4.1452, time 2739.20ms, mfu 83.74%
iter 15030: loss 4.1502, time 2739.84ms, mfu 84.35%
iter 15040: loss 4.1227, time 2735.80ms, mfu 84.91%
iter 15050: loss 4.1054, time 2738.46ms, mfu 85.40%
iter 15060: loss 4.0190, time 2736.43ms, mfu 85.86%
iter 15070: loss 4.1482, time 2741.04ms, mfu 86.25%
iter 15080: loss 4.1467, time 2740.64ms, mfu 86.60%
iter 15090: loss 4.1163, time 2738.36ms, mfu 86.93%
iter 15100: loss 4.1154, time 2733.70ms, mfu 87.24%
iter 15110: loss 4.1281, time 2752.65ms, mfu 87.45%
iter 15120: loss 4.1559, time 2742.03ms, mfu 87.68%
iter 15130: loss 4.0946, time 2742.91ms, mfu 87.88%
iter 15140: loss 4.2146, time 2741.50ms, mfu 88.07%
iter 15150: loss 4.2138, time 2740.66ms, mfu 88.24%
iter 15160: loss 4.1581, time 2740.97ms, mfu 88.40%
iter 15170: loss 4.0680, time 2740.56ms, mfu 88.54%
iter 15180: loss 4.1148, time 2742.64ms, mfu 88.66%
iter 15190: loss 4.0634, time 2746.11ms, mfu 88.75%
iter 15200: loss 4.1598, time 2738.84ms, mfu 88.86%
iter 15210: loss 4.1721, time 2738.81ms, mfu 88.96%
iter 15220: loss 4.1074, time 2737.06ms, mfu 89.05%
iter 15230: loss 4.0345, time 2738.89ms, mfu 89.13%
iter 15240: loss 4.1680, time 2738.79ms, mfu 89.20%
iter 15250: loss 4.1239, time 2740.77ms, mfu 89.26%
iter 15260: loss 4.2211, time 2742.86ms, mfu 89.31%
iter 15270: loss 4.0943, time 2736.11ms, mfu 89.37%
iter 15280: loss 4.1849, time 2741.20ms, mfu 89.41%
iter 15290: loss 4.1561, time 2735.59ms, mfu 89.46%
iter 15300: loss 4.1331, time 2742.35ms, mfu 89.49%
iter 15310: loss 4.1778, time 2742.43ms, mfu 89.52%
iter 15320: loss 4.1486, time 2735.93ms, mfu 89.56%
iter 15330: loss 4.1388, time 2738.90ms, mfu 89.59%
iter 15340: loss 4.1370, time 2743.18ms, mfu 89.60%
iter 15350: loss 4.1018, time 2740.32ms, mfu 89.62%
iter 15360: loss 4.1321, time 2737.86ms, mfu 89.64%
iter 15370: loss 4.0938, time 2739.05ms, mfu 89.66%
iter 15380: loss 4.0665, time 2738.64ms, mfu 89.68%
iter 15390: loss 4.1865, time 2739.31ms, mfu 89.70%
iter 15400: loss 4.1044, time 2740.53ms, mfu 89.71%
iter 15410: loss 4.1539, time 2731.41ms, mfu 89.75%
iter 15420: loss 4.1478, time 2743.39ms, mfu 89.74%
iter 15430: loss 4.2289, time 2738.65ms, mfu 89.75%
iter 15440: loss 4.1567, time 2743.64ms, mfu 89.75%
iter 15450: loss 4.2122, time 2743.85ms, mfu 89.74%
iter 15460: loss 4.0911, time 2737.67ms, mfu 89.75%
iter 15470: loss 4.0837, time 2742.64ms, mfu 89.75%
iter 15480: loss 4.1347, time 2742.32ms, mfu 89.75%
iter 15490: loss 4.1472, time 2737.87ms, mfu 89.76%
iter 15500: loss 4.1814, time 2737.30ms, mfu 89.78%
iter 15510: loss 4.1525, time 2739.96ms, mfu 89.78%
iter 15520: loss 4.0680, time 2745.75ms, mfu 89.76%
iter 15530: loss 4.0980, time 2741.29ms, mfu 89.76%
iter 15540: loss 4.1432, time 2747.01ms, mfu 89.75%
iter 15550: loss 4.0522, time 2746.47ms, mfu 89.73%
iter 15560: loss 4.0630, time 2739.78ms, mfu 89.74%
iter 15570: loss 4.1210, time 2746.20ms, mfu 89.73%
iter 15580: loss 4.0884, time 2743.08ms, mfu 89.72%
iter 15590: loss 4.1850, time 2740.57ms, mfu 89.73%
iter 15600: loss 4.1020, time 2742.47ms, mfu 89.73%
iter 15610: loss 4.2284, time 2745.45ms, mfu 89.72%
iter 15620: loss 4.1032, time 2739.98ms, mfu 89.73%
iter 15630: loss 4.1301, time 2742.66ms, mfu 89.73%
iter 15640: loss 4.0911, time 2740.13ms, mfu 89.74%
iter 15650: loss 4.1164, time 2737.72ms, mfu 89.75%
iter 15660: loss 4.1757, time 2746.84ms, mfu 89.73%
iter 15670: loss 4.1683, time 2739.34ms, mfu 89.74%
iter 15680: loss 4.1779, time 2738.99ms, mfu 89.75%
iter 15690: loss 4.2074, time 2742.29ms, mfu 89.75%
iter 15700: loss 4.1372, time 2744.94ms, mfu 89.74%
iter 15710: loss 4.1326, time 2741.07ms, mfu 89.74%
iter 15720: loss 4.1708, time 2737.51ms, mfu 89.76%
iter 15730: loss 4.1535, time 2737.89ms, mfu 89.77%
iter 15740: loss 4.0696, time 2738.24ms, mfu 89.78%
iter 15750: loss 4.1248, time 2741.25ms, mfu 89.78%
iter 15760: loss 4.2098, time 2738.93ms, mfu 89.79%
iter 15770: loss 4.2438, time 2738.97ms, mfu 89.79%
iter 15780: loss 4.0941, time 2748.04ms, mfu 89.77%
iter 15790: loss 4.1410, time 2741.14ms, mfu 89.77%
iter 15800: loss 4.1230, time 2738.22ms, mfu 89.78%
iter 15810: loss 4.1233, time 2739.73ms, mfu 89.78%
iter 15820: loss 4.1177, time 2736.58ms, mfu 89.80%
iter 15830: loss 4.1504, time 2737.34ms, mfu 89.81%
iter 15840: loss 4.1176, time 2741.65ms, mfu 89.80%
iter 15850: loss 4.1567, time 2742.62ms, mfu 89.79%
iter 15860: loss 4.1408, time 2737.39ms, mfu 89.80%
iter 15870: loss 4.2632, time 2736.14ms, mfu 89.82%
iter 15880: loss 4.0590, time 2744.65ms, mfu 89.80%
iter 15890: loss 4.1709, time 2738.36ms, mfu 89.81%
iter 15900: loss 4.0626, time 2738.56ms, mfu 89.81%
iter 15910: loss 4.1511, time 2738.47ms, mfu 89.82%
iter 15920: loss 4.1415, time 2745.46ms, mfu 89.80%
iter 15930: loss 4.0766, time 2740.28ms, mfu 89.80%
iter 15940: loss 4.1520, time 2742.51ms, mfu 89.79%
iter 15950: loss 4.0738, time 2741.14ms, mfu 89.79%
iter 15960: loss 4.1513, time 2740.30ms, mfu 89.79%
iter 15970: loss 4.0555, time 2741.12ms, mfu 89.79%
iter 15980: loss 4.1262, time 2732.88ms, mfu 89.81%
iter 15990: loss 4.1408, time 2735.79ms, mfu 89.83%
step 16000: train loss 4.0033, val loss 4.0115
saving checkpoint to /net/scratch2/junyuren/nanoGPT-manifold/out-openwebtext-lr6x
iter 16000: loss 4.0789, time 17486.12ms, mfu 82.25%
iter 16010: loss 4.1219, time 2740.85ms, mfu 83.00%
iter 16020: loss 4.0992, time 2737.93ms, mfu 83.69%
iter 16030: loss 4.1396, time 2738.40ms, mfu 84.31%
iter 16040: loss 4.1388, time 2738.19ms, mfu 84.86%
iter 16050: loss 4.0718, time 2734.52ms, mfu 85.38%
iter 16060: loss 4.1104, time 2734.36ms, mfu 85.84%
iter 16070: loss 4.1387, time 2743.00ms, mfu 86.23%
iter 16080: loss 4.1311, time 2741.26ms, mfu 86.58%
iter 16090: loss 4.1397, time 2744.88ms, mfu 86.89%
iter 16100: loss 4.1184, time 2742.87ms, mfu 87.17%
iter 16110: loss 4.0762, time 2735.57ms, mfu 87.45%
iter 16120: loss 4.1551, time 2747.26ms, mfu 87.66%
iter 16130: loss 4.1781, time 2735.52ms, mfu 87.89%
iter 16140: loss 4.0678, time 2738.62ms, mfu 88.09%
iter 16150: loss 4.0931, time 2741.62ms, mfu 88.25%
iter 16160: loss 4.1613, time 2741.95ms, mfu 88.40%
iter 16170: loss 4.1644, time 2738.23ms, mfu 88.55%
iter 16180: loss 4.1726, time 2741.26ms, mfu 88.67%
iter 16190: loss 4.1523, time 2739.76ms, mfu 88.79%
iter 16200: loss 4.1676, time 2748.84ms, mfu 88.86%
iter 16210: loss 4.1143, time 2737.11ms, mfu 88.96%
iter 16220: loss 4.1434, time 2736.78ms, mfu 89.06%
iter 16230: loss 4.1296, time 2739.25ms, mfu 89.14%
iter 16240: loss 4.0884, time 2747.23ms, mfu 89.18%
iter 16250: loss 4.1116, time 2729.86ms, mfu 89.28%
iter 16260: loss 4.1264, time 2737.17ms, mfu 89.34%
iter 16270: loss 4.1767, time 2745.16ms, mfu 89.37%
iter 16280: loss 4.1808, time 2739.55ms, mfu 89.41%
iter 16290: loss 4.0270, time 2740.27ms, mfu 89.45%
iter 16300: loss 4.1636, time 2740.69ms, mfu 89.49%
iter 16310: loss 4.1006, time 2738.79ms, mfu 89.52%
iter 16320: loss 4.1522, time 2735.59ms, mfu 89.57%
iter 16330: loss 4.1062, time 2740.27ms, mfu 89.59%
iter 16340: loss 4.0482, time 2739.47ms, mfu 89.61%
iter 16350: loss 4.1560, time 2742.77ms, mfu 89.62%
iter 16360: loss 4.1553, time 2740.44ms, mfu 89.64%
iter 16370: loss 4.1967, time 2737.19ms, mfu 89.67%
iter 16380: loss 4.1538, time 2738.10ms, mfu 89.69%
iter 16390: loss 4.1130, time 2734.54ms, mfu 89.72%
iter 16400: loss 4.1608, time 2738.94ms, mfu 89.73%
iter 16410: loss 4.1404, time 2737.76ms, mfu 89.75%
iter 16420: loss 4.1761, time 2734.56ms, mfu 89.77%
iter 16430: loss 4.1461, time 2742.50ms, mfu 89.77%
iter 16440: loss 4.0564, time 2740.99ms, mfu 89.77%
iter 16450: loss 4.1449, time 2732.81ms, mfu 89.79%
iter 16460: loss 4.0345, time 2742.37ms, mfu 89.79%
iter 16470: loss 4.1325, time 2739.50ms, mfu 89.79%
iter 16480: loss 4.0988, time 2737.72ms, mfu 89.80%
iter 16490: loss 4.1225, time 2749.84ms, mfu 89.77%
iter 16500: loss 4.1075, time 2740.06ms, mfu 89.77%
iter 16510: loss 4.1354, time 2744.02ms, mfu 89.76%
iter 16520: loss 4.0661, time 2740.49ms, mfu 89.77%
iter 16530: loss 4.1295, time 2736.47ms, mfu 89.78%
iter 16540: loss 4.0697, time 2739.97ms, mfu 89.79%
iter 16550: loss 4.2069, time 2739.37ms, mfu 89.79%
iter 16560: loss 4.1918, time 2738.29ms, mfu 89.80%
iter 16570: loss 4.1333, time 2735.42ms, mfu 89.81%
iter 16580: loss 4.1268, time 2737.28ms, mfu 89.82%
iter 16590: loss 4.1207, time 2737.92ms, mfu 89.83%
iter 16600: loss 4.1394, time 2742.66ms, mfu 89.82%
iter 16610: loss 4.0419, time 2731.90ms, mfu 89.84%
iter 16620: loss 4.1078, time 2732.73ms, mfu 89.86%
iter 16630: loss 4.1568, time 2738.35ms, mfu 89.86%
iter 16640: loss 4.1099, time 2743.93ms, mfu 89.85%
iter 16650: loss 4.0693, time 2732.46ms, mfu 89.87%
iter 16660: loss 4.0715, time 2736.53ms, mfu 89.87%
iter 16670: loss 4.1673, time 2736.72ms, mfu 89.88%
iter 16680: loss 4.2076, time 2739.23ms, mfu 89.87%
iter 16690: loss 4.0827, time 2736.27ms, mfu 89.88%
iter 16700: loss 4.0869, time 2746.06ms, mfu 89.85%
iter 16710: loss 4.1077, time 2741.19ms, mfu 89.84%
iter 16720: loss 4.1202, time 2744.14ms, mfu 89.83%
iter 16730: loss 4.1423, time 2742.32ms, mfu 89.82%
iter 16740: loss 4.1515, time 2744.65ms, mfu 89.80%
iter 16750: loss 4.0840, time 2742.39ms, mfu 89.79%
iter 16760: loss 4.0583, time 2741.57ms, mfu 89.79%
iter 16770: loss 4.0792, time 2741.33ms, mfu 89.79%
iter 16780: loss 4.1872, time 2744.17ms, mfu 89.78%
iter 16790: loss 4.1054, time 2741.93ms, mfu 89.77%
iter 16800: loss 4.1795, time 2741.47ms, mfu 89.77%
iter 16810: loss 4.1877, time 2736.68ms, mfu 89.79%
iter 16820: loss 4.1386, time 2740.01ms, mfu 89.79%
iter 16830: loss 4.1568, time 2738.59ms, mfu 89.80%
iter 16840: loss 4.1968, time 2740.95ms, mfu 89.79%
iter 16850: loss 4.1174, time 2740.13ms, mfu 89.80%
iter 16860: loss 4.1342, time 2741.52ms, mfu 89.79%
iter 16870: loss 4.2113, time 2733.89ms, mfu 89.81%
iter 16880: loss 4.1218, time 2747.14ms, mfu 89.79%
iter 16890: loss 4.0558, time 2733.78ms, mfu 89.81%
iter 16900: loss 4.1675, time 2748.14ms, mfu 89.79%
iter 16910: loss 4.0997, time 2750.57ms, mfu 89.75%
iter 16920: loss 4.1723, time 2739.65ms, mfu 89.76%
iter 16930: loss 3.9807, time 2737.92ms, mfu 89.77%
iter 16940: loss 4.1948, time 2741.31ms, mfu 89.77%
iter 16950: loss 4.1027, time 2745.81ms, mfu 89.76%
iter 16960: loss 4.2188, time 2750.47ms, mfu 89.73%
iter 16970: loss 4.1328, time 2738.97ms, mfu 89.74%
iter 16980: loss 4.1483, time 2739.41ms, mfu 89.75%
iter 16990: loss 4.0730, time 2740.78ms, mfu 89.75%
step 17000: train loss 4.0021, val loss 4.0120
saving checkpoint to /net/scratch2/junyuren/nanoGPT-manifold/out-openwebtext-lr6x
iter 17000: loss 4.0996, time 17474.15ms, mfu 82.18%
iter 17010: loss 4.1758, time 2725.90ms, mfu 82.99%
iter 17020: loss 4.0669, time 2738.42ms, mfu 83.68%
iter 17030: loss 4.1210, time 2739.70ms, mfu 84.29%
iter 17040: loss 4.1340, time 2734.38ms, mfu 84.86%
iter 17050: loss 4.1087, time 2742.59ms, mfu 85.35%
iter 17060: loss 4.1306, time 2744.21ms, mfu 85.78%
iter 17070: loss 4.1413, time 2736.42ms, mfu 86.20%
iter 17080: loss 4.1285, time 2741.82ms, mfu 86.55%
iter 17090: loss 4.1093, time 2737.27ms, mfu 86.89%
iter 17100: loss 4.2181, time 2738.39ms, mfu 87.18%
iter 17110: loss 4.1895, time 2739.61ms, mfu 87.45%
iter 17120: loss 4.1104, time 2739.63ms, mfu 87.69%
iter 17130: loss 4.0578, time 2739.67ms, mfu 87.90%
iter 17140: loss 4.1614, time 2737.92ms, mfu 88.10%
iter 17150: loss 4.1095, time 2738.32ms, mfu 88.27%
iter 17160: loss 4.1096, time 2744.50ms, mfu 88.41%
iter 17170: loss 4.1029, time 2739.56ms, mfu 88.55%
iter 17180: loss 4.1232, time 2739.92ms, mfu 88.68%
iter 17190: loss 4.1379, time 2742.01ms, mfu 88.79%
iter 17200: loss 4.1302, time 2736.38ms, mfu 88.90%
iter 17210: loss 4.0710, time 2734.45ms, mfu 89.01%
iter 17220: loss 4.1642, time 2736.29ms, mfu 89.10%
iter 17230: loss 4.1072, time 2737.43ms, mfu 89.18%
iter 17240: loss 4.1159, time 2740.37ms, mfu 89.24%
iter 17250: loss 4.1786, time 2741.16ms, mfu 89.30%
iter 17260: loss 4.0643, time 2743.72ms, mfu 89.33%
iter 17270: loss 4.1144, time 2739.52ms, mfu 89.38%
iter 17280: loss 4.1616, time 2737.58ms, mfu 89.43%
iter 17290: loss 4.1480, time 2738.87ms, mfu 89.48%
iter 17300: loss 4.1021, time 2733.27ms, mfu 89.53%
iter 17310: loss 4.1538, time 2738.80ms, mfu 89.56%
iter 17320: loss 4.0449, time 2745.03ms, mfu 89.57%
iter 17330: loss 4.1264, time 2737.82ms, mfu 89.60%
iter 17340: loss 4.1616, time 2739.69ms, mfu 89.62%
iter 17350: loss 4.1411, time 2735.11ms, mfu 89.66%
iter 17360: loss 4.1390, time 2741.56ms, mfu 89.67%
iter 17370: loss 4.1138, time 2741.30ms, mfu 89.68%
iter 17380: loss 4.0977, time 2744.84ms, mfu 89.68%
iter 17390: loss 4.1245, time 2739.34ms, mfu 89.69%
iter 17400: loss 4.1085, time 2738.25ms, mfu 89.71%
iter 17410: loss 4.0918, time 2740.45ms, mfu 89.72%
iter 17420: loss 4.1054, time 2738.81ms, mfu 89.73%
iter 17430: loss 4.1769, time 2740.53ms, mfu 89.74%
iter 17440: loss 4.1362, time 2739.64ms, mfu 89.74%
iter 17450: loss 4.1157, time 2738.63ms, mfu 89.76%
iter 17460: loss 4.1144, time 2736.13ms, mfu 89.77%
iter 17470: loss 4.1024, time 2737.22ms, mfu 89.79%
iter 17480: loss 4.1047, time 2738.50ms, mfu 89.79%
iter 17490: loss 4.1118, time 2746.87ms, mfu 89.77%
iter 17500: loss 4.1167, time 2749.79ms, mfu 89.74%
iter 17510: loss 4.1651, time 2742.47ms, mfu 89.74%
iter 17520: loss 4.1059, time 2737.20ms, mfu 89.76%
iter 17530: loss 4.0868, time 2736.70ms, mfu 89.77%
iter 17540: loss 4.1199, time 2745.08ms, mfu 89.76%
iter 17550: loss 4.1579, time 2742.51ms, mfu 89.76%
iter 17560: loss 4.1307, time 2741.08ms, mfu 89.76%
iter 17570: loss 4.0563, time 2741.43ms, mfu 89.76%
iter 17580: loss 4.0822, time 2743.98ms, mfu 89.75%
iter 17590: loss 4.1287, time 2739.29ms, mfu 89.76%
iter 17600: loss 4.1440, time 2737.63ms, mfu 89.77%
iter 17610: loss 4.0994, time 2739.77ms, mfu 89.78%
iter 17620: loss 4.1414, time 2738.34ms, mfu 89.79%
iter 17630: loss 4.1079, time 2740.64ms, mfu 89.79%
iter 17640: loss 4.1337, time 2734.24ms, mfu 89.81%
iter 17650: loss 4.0508, time 2734.01ms, mfu 89.83%
iter 17660: loss 4.0769, time 2738.43ms, mfu 89.83%
iter 17670: loss 4.1444, time 2735.69ms, mfu 89.84%
iter 17680: loss 4.1901, time 2739.65ms, mfu 89.84%
iter 17690: loss 4.0948, time 2743.84ms, mfu 89.82%
iter 17700: loss 4.1728, time 2740.70ms, mfu 89.82%
iter 17710: loss 4.1399, time 2741.40ms, mfu 89.82%
iter 17720: loss 4.1534, time 2738.78ms, mfu 89.82%
iter 17730: loss 4.0969, time 2743.67ms, mfu 89.81%
iter 17740: loss 4.0963, time 2741.63ms, mfu 89.80%
iter 17750: loss 4.1323, time 2735.35ms, mfu 89.82%
iter 17760: loss 4.0207, time 2741.28ms, mfu 89.81%
iter 17770: loss 4.1387, time 2734.56ms, mfu 89.83%
iter 17780: loss 4.1526, time 2739.19ms, mfu 89.83%
iter 17790: loss 4.1617, time 2740.27ms, mfu 89.83%
iter 17800: loss 4.1063, time 2738.80ms, mfu 89.83%
iter 17810: loss 4.0711, time 2741.16ms, mfu 89.82%
iter 17820: loss 4.1407, time 2736.26ms, mfu 89.83%
iter 17830: loss 4.1520, time 2740.53ms, mfu 89.83%
iter 17840: loss 4.1418, time 2742.86ms, mfu 89.82%
iter 17850: loss 4.0594, time 2739.16ms, mfu 89.82%
iter 17860: loss 4.1292, time 2740.49ms, mfu 89.82%
iter 17870: loss 4.0873, time 2743.65ms, mfu 89.80%
iter 17880: loss 4.0859, time 2737.86ms, mfu 89.81%
iter 17890: loss 4.0930, time 2745.38ms, mfu 89.79%
iter 17900: loss 4.0775, time 2737.96ms, mfu 89.80%
iter 17910: loss 4.2032, time 2740.64ms, mfu 89.80%
iter 17920: loss 4.1163, time 2738.03ms, mfu 89.81%
iter 17930: loss 4.1712, time 2739.52ms, mfu 89.81%
iter 17940: loss 4.2119, time 2739.87ms, mfu 89.81%
iter 17950: loss 4.0699, time 2734.89ms, mfu 89.83%
iter 17960: loss 4.1825, time 2732.75ms, mfu 89.85%
iter 17970: loss 4.1527, time 2732.49ms, mfu 89.87%
iter 17980: loss 4.1800, time 2739.24ms, mfu 89.87%
iter 17990: loss 4.1116, time 2741.53ms, mfu 89.86%
step 18000: train loss 3.9924, val loss 4.0050
saving checkpoint to /net/scratch2/junyuren/nanoGPT-manifold/out-openwebtext-lr6x
iter 18000: loss 4.1498, time 17475.94ms, mfu 82.28%
iter 18010: loss 4.1454, time 2730.53ms, mfu 83.06%
iter 18020: loss 4.0714, time 2737.30ms, mfu 83.75%
iter 18030: loss 4.0758, time 2733.77ms, mfu 84.37%
iter 18040: loss 4.1234, time 2729.20ms, mfu 84.95%
iter 18050: loss 4.1846, time 2744.72ms, mfu 85.42%
iter 18060: loss 4.1013, time 2738.86ms, mfu 85.86%
iter 18070: loss 4.0743, time 2742.55ms, mfu 86.25%
iter 18080: loss 4.1264, time 2742.33ms, mfu 86.60%
iter 18090: loss 4.1385, time 2740.20ms, mfu 86.92%
iter 18100: loss 4.1172, time 2744.83ms, mfu 87.19%
iter 18110: loss 4.1513, time 2736.30ms, mfu 87.47%
iter 18120: loss 4.1444, time 2739.43ms, mfu 87.70%
iter 18130: loss 4.2795, time 2731.42ms, mfu 87.94%
iter 18140: loss 4.1722, time 2742.74ms, mfu 88.12%
iter 18150: loss 4.0787, time 2735.41ms, mfu 88.30%
iter 18160: loss 4.0974, time 2737.10ms, mfu 88.46%
iter 18170: loss 4.1040, time 2739.28ms, mfu 88.60%
iter 18180: loss 4.0806, time 2743.26ms, mfu 88.71%
iter 18190: loss 4.2165, time 2736.65ms, mfu 88.83%
iter 18200: loss 4.1545, time 2744.86ms, mfu 88.91%
iter 18210: loss 4.1638, time 2736.28ms, mfu 89.02%
iter 18220: loss 4.0776, time 2739.59ms, mfu 89.10%
iter 18230: loss 4.1820, time 2747.46ms, mfu 89.14%
iter 18240: loss 4.0577, time 2739.80ms, mfu 89.21%
iter 18250: loss 4.1243, time 2732.62ms, mfu 89.29%
iter 18260: loss 4.1136, time 2744.96ms, mfu 89.33%
iter 18270: loss 4.1464, time 2741.44ms, mfu 89.37%
iter 18280: loss 4.1441, time 2738.33ms, mfu 89.42%
iter 18290: loss 4.1197, time 2735.12ms, mfu 89.48%
iter 18300: loss 4.1192, time 2744.08ms, mfu 89.50%
iter 18310: loss 4.0571, time 2742.28ms, mfu 89.52%
iter 18320: loss 4.1407, time 2740.12ms, mfu 89.55%
iter 18330: loss 4.1704, time 2734.41ms, mfu 89.59%
iter 18340: loss 4.1213, time 2738.23ms, mfu 89.62%
iter 18350: loss 4.1399, time 2735.53ms, mfu 89.65%
iter 18360: loss 4.1450, time 2742.42ms, mfu 89.66%
iter 18370: loss 4.0952, time 2745.22ms, mfu 89.66%
iter 18380: loss 4.0422, time 2736.93ms, mfu 89.68%
iter 18390: loss 4.0256, time 2739.83ms, mfu 89.70%
iter 18400: loss 4.0891, time 2739.12ms, mfu 89.71%
iter 18410: loss 4.0891, time 2745.73ms, mfu 89.70%
iter 18420: loss 4.2451, time 2738.51ms, mfu 89.72%
iter 18430: loss 4.1027, time 2745.95ms, mfu 89.71%
iter 18440: loss 4.1598, time 2740.00ms, mfu 89.72%
iter 18450: loss 4.1333, time 2740.82ms, mfu 89.72%
iter 18460: loss 4.1504, time 2738.47ms, mfu 89.74%
iter 18470: loss 4.0468, time 2742.78ms, mfu 89.74%
iter 18480: loss 4.1336, time 2736.70ms, mfu 89.75%
iter 18490: loss 4.1506, time 2741.53ms, mfu 89.75%
iter 18500: loss 4.0723, time 2739.29ms, mfu 89.76%
iter 18510: loss 4.1892, time 2740.28ms, mfu 89.77%
iter 18520: loss 4.1051, time 2736.61ms, mfu 89.78%
iter 18530: loss 4.0101, time 2738.69ms, mfu 89.79%
iter 18540: loss 4.1171, time 2738.38ms, mfu 89.80%
iter 18550: loss 4.2135, time 2743.44ms, mfu 89.79%
iter 18560: loss 4.1486, time 2740.03ms, mfu 89.79%
iter 18570: loss 4.0955, time 2736.77ms, mfu 89.80%
iter 18580: loss 4.2206, time 2738.14ms, mfu 89.81%
iter 18590: loss 4.1045, time 2741.40ms, mfu 89.80%
iter 18600: loss 4.0754, time 2741.53ms, mfu 89.80%
iter 18610: loss 4.1327, time 2740.17ms, mfu 89.80%
iter 18620: loss 4.2467, time 2742.19ms, mfu 89.79%
iter 18630: loss 4.1084, time 2739.10ms, mfu 89.80%
iter 18640: loss 4.1348, time 2743.87ms, mfu 89.79%
iter 18650: loss 4.0148, time 2740.42ms, mfu 89.79%
iter 18660: loss 4.1015, time 2742.10ms, mfu 89.78%
iter 18670: loss 4.1619, time 2743.81ms, mfu 89.77%
iter 18680: loss 4.0606, time 2747.57ms, mfu 89.75%
iter 18690: loss 4.1434, time 2747.92ms, mfu 89.73%
iter 18700: loss 4.0081, time 2745.67ms, mfu 89.72%
iter 18710: loss 4.1734, time 2739.42ms, mfu 89.73%
iter 18720: loss 4.1159, time 2738.02ms, mfu 89.75%
iter 18730: loss 4.1611, time 2737.34ms, mfu 89.76%
iter 18740: loss 4.1100, time 2740.95ms, mfu 89.76%
iter 18750: loss 4.1314, time 2740.68ms, mfu 89.76%
iter 18760: loss 4.0757, time 2740.90ms, mfu 89.77%
iter 18770: loss 4.0565, time 2739.04ms, mfu 89.77%
iter 18780: loss 4.1144, time 2742.51ms, mfu 89.77%
iter 18790: loss 4.0254, time 2735.01ms, mfu 89.79%
iter 18800: loss 4.1355, time 2741.19ms, mfu 89.79%
iter 18810: loss 4.0806, time 2742.28ms, mfu 89.78%
iter 18820: loss 4.0993, time 2744.85ms, mfu 89.77%
iter 18830: loss 4.1418, time 2744.05ms, mfu 89.76%
iter 18840: loss 4.1024, time 2740.59ms, mfu 89.76%
iter 18850: loss 4.1381, time 2743.22ms, mfu 89.76%
iter 18860: loss 4.1230, time 2748.50ms, mfu 89.73%
iter 18870: loss 4.0702, time 2738.22ms, mfu 89.75%
iter 18880: loss 4.2053, time 2744.86ms, mfu 89.74%
iter 18890: loss 4.1568, time 2747.28ms, mfu 89.72%
iter 18900: loss 4.1360, time 2745.57ms, mfu 89.71%
iter 18910: loss 4.2231, time 2747.48ms, mfu 89.70%
iter 18920: loss 4.1463, time 2733.21ms, mfu 89.73%
iter 18930: loss 4.0700, time 2742.79ms, mfu 89.73%
iter 18940: loss 4.0958, time 2736.69ms, mfu 89.75%
iter 18950: loss 4.0605, time 2736.73ms, mfu 89.77%
iter 18960: loss 4.1943, time 2739.84ms, mfu 89.77%
iter 18970: loss 4.0746, time 2738.79ms, mfu 89.78%
iter 18980: loss 4.0422, time 2738.64ms, mfu 89.79%
iter 18990: loss 4.0678, time 2740.68ms, mfu 89.79%
step 19000: train loss 3.9479, val loss 3.9539
saving checkpoint to /net/scratch2/junyuren/nanoGPT-manifold/out-openwebtext-lr6x
iter 19000: loss 4.2099, time 17774.83ms, mfu 82.19%
iter 19010: loss 4.1155, time 2743.13ms, mfu 82.94%
iter 19020: loss 4.1438, time 2737.50ms, mfu 83.64%
iter 19030: loss 4.0331, time 2734.27ms, mfu 84.27%
iter 19040: loss 4.1553, time 2735.52ms, mfu 84.84%
iter 19050: loss 4.1797, time 2740.37ms, mfu 85.34%
iter 19060: loss 4.0635, time 2740.20ms, mfu 85.78%
iter 19070: loss 4.1700, time 2739.54ms, mfu 86.19%
iter 19080: loss 4.1785, time 2740.50ms, mfu 86.55%
iter 19090: loss 4.0756, time 2740.76ms, mfu 86.87%
iter 19100: loss 4.0410, time 2736.52ms, mfu 87.18%
iter 19110: loss 4.1075, time 2733.77ms, mfu 87.46%
iter 19120: loss 4.0721, time 2740.61ms, mfu 87.69%
iter 19130: loss 4.1409, time 2737.55ms, mfu 87.91%
iter 19140: loss 4.1896, time 2732.44ms, mfu 88.13%
iter 19150: loss 4.0549, time 2739.32ms, mfu 88.30%
iter 19160: loss 4.0643, time 2742.87ms, mfu 88.44%
iter 19170: loss 4.1396, time 2741.38ms, mfu 88.57%
iter 19180: loss 4.1043, time 2743.88ms, mfu 88.68%
iter 19190: loss 4.0814, time 2738.28ms, mfu 88.80%
iter 19200: loss 4.1028, time 2736.30ms, mfu 88.91%
iter 19210: loss 4.0862, time 2743.32ms, mfu 88.99%
iter 19220: loss 4.1294, time 2743.41ms, mfu 89.06%
iter 19230: loss 4.0955, time 2738.49ms, mfu 89.14%
iter 19240: loss 4.1140, time 2739.31ms, mfu 89.21%
iter 19250: loss 4.1440, time 2736.75ms, mfu 89.28%
iter 19260: loss 4.0843, time 2744.68ms, mfu 89.32%
iter 19270: loss 4.0970, time 2738.48ms, mfu 89.37%
iter 19280: loss 4.0329, time 2742.87ms, mfu 89.41%
iter 19290: loss 4.0553, time 2734.70ms, mfu 89.47%
iter 19300: loss 4.0796, time 2743.83ms, mfu 89.49%
iter 19310: loss 4.0876, time 2740.59ms, mfu 89.52%
iter 19320: loss 4.1601, time 2742.83ms, mfu 89.54%
iter 19330: loss 4.1814, time 2737.44ms, mfu 89.57%
iter 19340: loss 4.1708, time 2738.61ms, mfu 89.60%
iter 19350: loss 4.0918, time 2736.31ms, mfu 89.63%
iter 19360: loss 4.1173, time 2747.10ms, mfu 89.63%
iter 19370: loss 4.1220, time 2738.29ms, mfu 89.65%
iter 19380: loss 4.2338, time 2746.70ms, mfu 89.65%
iter 19390: loss 4.1308, time 2744.05ms, mfu 89.65%
iter 19400: loss 4.0494, time 2735.97ms, mfu 89.68%
iter 19410: loss 4.1226, time 2739.97ms, mfu 89.69%
iter 19420: loss 4.0801, time 2736.48ms, mfu 89.71%
iter 19430: loss 4.1884, time 2736.38ms, mfu 89.74%
iter 19440: loss 4.1266, time 2738.43ms, mfu 89.75%
iter 19450: loss 4.1368, time 2742.10ms, mfu 89.75%
iter 19460: loss 4.0739, time 2742.97ms, mfu 89.74%
iter 19470: loss 4.0899, time 2735.63ms, mfu 89.76%
iter 19480: loss 4.0046, time 2740.24ms, mfu 89.77%
iter 19490: loss 4.1488, time 2743.87ms, mfu 89.76%
iter 19500: loss 4.0637, time 2743.99ms, mfu 89.75%
iter 19510: loss 4.1713, time 2741.23ms, mfu 89.75%
iter 19520: loss 4.1076, time 2750.19ms, mfu 89.73%
iter 19530: loss 4.0918, time 2738.38ms, mfu 89.74%
iter 19540: loss 4.1823, time 2738.69ms, mfu 89.75%
iter 19550: loss 4.1059, time 2740.37ms, mfu 89.76%
iter 19560: loss 4.0606, time 2740.52ms, mfu 89.76%
iter 19570: loss 4.0919, time 2739.88ms, mfu 89.76%
iter 19580: loss 4.1199, time 2745.73ms, mfu 89.75%
iter 19590: loss 4.0890, time 2746.16ms, mfu 89.74%
iter 19600: loss 4.1048, time 2740.94ms, mfu 89.74%
iter 19610: loss 4.2400, time 2745.88ms, mfu 89.73%
iter 19620: loss 4.2005, time 2741.80ms, mfu 89.73%
iter 19630: loss 4.1613, time 2742.64ms, mfu 89.73%
iter 19640: loss 4.2147, time 2748.15ms, mfu 89.71%
iter 19650: loss 4.1269, time 2738.13ms, mfu 89.73%
iter 19660: loss 3.9909, time 2742.55ms, mfu 89.73%
iter 19670: loss 4.0851, time 4015.69ms, mfu 86.88%
iter 19680: loss 4.0646, time 2742.56ms, mfu 87.17%
iter 19690: loss 4.1378, time 2738.98ms, mfu 87.43%
iter 19700: loss 4.1746, time 2737.74ms, mfu 87.68%
iter 19710: loss 4.1645, time 2741.16ms, mfu 87.89%
iter 19720: loss 4.0513, time 2743.47ms, mfu 88.07%
iter 19730: loss 4.1389, time 2746.76ms, mfu 88.22%
iter 19740: loss 4.1202, time 2741.54ms, mfu 88.37%
iter 19750: loss 4.0920, time 2747.01ms, mfu 88.50%
iter 19760: loss 4.0851, time 2742.54ms, mfu 88.62%
iter 19770: loss 4.1952, time 2738.32ms, mfu 88.74%
iter 19780: loss 4.1264, time 2741.10ms, mfu 88.85%
iter 19790: loss 4.1363, time 2740.09ms, mfu 88.94%
iter 19800: loss 4.1298, time 2739.34ms, mfu 89.03%
iter 19810: loss 4.0762, time 2744.48ms, mfu 89.09%
iter 19820: loss 4.1952, time 2739.79ms, mfu 89.17%
iter 19830: loss 4.1258, time 2740.33ms, mfu 89.23%
iter 19840: loss 4.1122, time 2741.84ms, mfu 89.28%
iter 19850: loss 4.2070, time 2735.02ms, mfu 89.35%
iter 19860: loss 4.1815, time 2738.73ms, mfu 89.40%
iter 19870: loss 4.1610, time 2748.78ms, mfu 89.41%
iter 19880: loss 4.1330, time 2744.62ms, mfu 89.44%
iter 19890: loss 4.0419, time 2738.88ms, mfu 89.48%
iter 19900: loss 4.1023, time 2744.49ms, mfu 89.50%
iter 19910: loss 4.1271, time 2739.25ms, mfu 89.53%
iter 19920: loss 4.1067, time 2747.15ms, mfu 89.53%
iter 19930: loss 4.1059, time 2737.66ms, mfu 89.57%
iter 19940: loss 4.1568, time 2736.61ms, mfu 89.60%
iter 19950: loss 4.0890, time 2742.10ms, mfu 89.62%
iter 19960: loss 4.0770, time 2738.76ms, mfu 89.64%
iter 19970: loss 4.1517, time 2742.41ms, mfu 89.65%
iter 19980: loss 4.1377, time 2739.44ms, mfu 89.67%
iter 19990: loss 4.1083, time 2736.99ms, mfu 89.69%
step 20000: train loss 3.9802, val loss 3.9871
saving checkpoint to /net/scratch2/junyuren/nanoGPT-manifold/out-openwebtext-lr6x
iter 20000: loss 4.2082, time 17531.23ms, mfu 82.13%
iter 20010: loss 4.1971, time 2731.67ms, mfu 82.92%
iter 20020: loss 4.1785, time 2736.37ms, mfu 83.62%
iter 20030: loss 4.0892, time 2745.06ms, mfu 84.22%
iter 20040: loss 4.1918, time 2745.49ms, mfu 84.77%
iter 20050: loss 4.1429, time 2745.94ms, mfu 85.25%
iter 20060: loss 4.1363, time 2738.10ms, mfu 85.71%
iter 20070: loss 4.1830, time 2748.39ms, mfu 86.09%
iter 20080: loss 4.1389, time 2741.58ms, mfu 86.46%
iter 20090: loss 4.1663, time 2741.79ms, mfu 86.79%
iter 20100: loss 4.1764, time 2742.23ms, mfu 87.08%
iter 20110: loss 4.1591, time 2751.81ms, mfu 87.32%
iter 20120: loss 4.1582, time 2744.67ms, mfu 87.55%
iter 20130: loss 4.0518, time 2742.39ms, mfu 87.77%
iter 20140: loss 4.1438, time 2747.48ms, mfu 87.95%
iter 20150: loss 4.1299, time 2741.69ms, mfu 88.13%
iter 20160: loss 4.1382, time 2739.36ms, mfu 88.30%
iter 20170: loss 4.1792, time 2744.30ms, mfu 88.44%
iter 20180: loss 4.1217, time 2745.08ms, mfu 88.56%
iter 20190: loss 4.1444, time 2745.01ms, mfu 88.67%
iter 20200: loss 4.0249, time 2744.18ms, mfu 88.77%
iter 20210: loss 4.0958, time 2746.87ms, mfu 88.85%
iter 20220: loss 4.0681, time 2743.62ms, mfu 88.93%
iter 20230: loss 4.1573, time 2743.89ms, mfu 89.01%
iter 20240: loss 4.1116, time 2742.95ms, mfu 89.08%
iter 20250: loss 4.0779, time 2743.08ms, mfu 89.14%
iter 20260: loss 4.1000, time 2740.76ms, mfu 89.21%
iter 20270: loss 4.1212, time 2742.21ms, mfu 89.26%
iter 20280: loss 4.0756, time 2746.16ms, mfu 89.29%
iter 20290: loss 4.1752, time 2747.07ms, mfu 89.32%
iter 20300: loss 4.0469, time 2740.31ms, mfu 89.37%
iter 20310: loss 4.0892, time 2745.54ms, mfu 89.40%
iter 20320: loss 4.1330, time 2738.44ms, mfu 89.44%
iter 20330: loss 4.1183, time 2741.94ms, mfu 89.47%
iter 20340: loss 4.0835, time 2741.26ms, mfu 89.50%
iter 20350: loss 4.1285, time 2739.02ms, mfu 89.54%
iter 20360: loss 4.1089, time 2745.59ms, mfu 89.54%
iter 20370: loss 4.1150, time 2744.78ms, mfu 89.56%
iter 20380: loss 4.1168, time 2748.24ms, mfu 89.55%
iter 20390: loss 4.1078, time 2744.36ms, mfu 89.57%
iter 20400: loss 4.0854, time 2746.81ms, mfu 89.57%
iter 20410: loss 4.1351, time 2739.29ms, mfu 89.59%
iter 20420: loss 4.0149, time 2743.47ms, mfu 89.60%
iter 20430: loss 4.0525, time 2744.24ms, mfu 89.61%
iter 20440: loss 4.0898, time 2747.61ms, mfu 89.61%
iter 20450: loss 4.1776, time 2741.29ms, mfu 89.62%
iter 20460: loss 3.9750, time 2750.15ms, mfu 89.61%
iter 20470: loss 4.0702, time 2742.54ms, mfu 89.62%
iter 20480: loss 4.1358, time 2743.17ms, mfu 89.63%
iter 20490: loss 4.1180, time 2743.92ms, mfu 89.63%
iter 20500: loss 4.1676, time 2747.22ms, mfu 89.63%
iter 20510: loss 4.0451, time 2741.86ms, mfu 89.64%
iter 20520: loss 4.1122, time 2743.00ms, mfu 89.65%
iter 20530: loss 4.1153, time 2739.71ms, mfu 89.66%
iter 20540: loss 4.0687, time 2742.22ms, mfu 89.67%
iter 20550: loss 4.1089, time 2745.21ms, mfu 89.67%
iter 20560: loss 4.1357, time 2736.75ms, mfu 89.69%
iter 20570: loss 4.1065, time 2742.82ms, mfu 89.70%
iter 20580: loss 4.1134, time 2736.73ms, mfu 89.72%
iter 20590: loss 4.0401, time 2744.60ms, mfu 89.71%
iter 20600: loss 4.1486, time 2749.25ms, mfu 89.69%
iter 20610: loss 4.0960, time 2750.51ms, mfu 89.67%
iter 20620: loss 4.1036, time 2741.88ms, mfu 89.68%
iter 20630: loss 4.0779, time 2748.78ms, mfu 89.66%
iter 20640: loss 4.1432, time 2734.83ms, mfu 89.69%
iter 20650: loss 4.1299, time 2747.14ms, mfu 89.68%
iter 20660: loss 4.1240, time 2746.74ms, mfu 89.67%
iter 20670: loss 4.1652, time 2742.31ms, mfu 89.68%
iter 20680: loss 4.0641, time 2739.30ms, mfu 89.69%
iter 20690: loss 4.1941, time 2735.51ms, mfu 89.72%
iter 20700: loss 4.1216, time 2745.54ms, mfu 89.71%
iter 20710: loss 4.0400, time 2743.77ms, mfu 89.71%
iter 20720: loss 4.2406, time 2737.73ms, mfu 89.73%
iter 20730: loss 4.0961, time 2742.06ms, mfu 89.73%
iter 20740: loss 4.0334, time 2752.20ms, mfu 89.70%
iter 20750: loss 4.0507, time 2748.91ms, mfu 89.68%
iter 20760: loss 4.0593, time 2737.60ms, mfu 89.70%
iter 20770: loss 4.1785, time 2743.66ms, mfu 89.70%
iter 20780: loss 4.1598, time 2754.72ms, mfu 89.66%
iter 20790: loss 4.1078, time 2745.44ms, mfu 89.66%
iter 20800: loss 4.0737, time 2741.05ms, mfu 89.67%
iter 20810: loss 4.1069, time 2739.10ms, mfu 89.69%
iter 20820: loss 4.1699, time 2748.03ms, mfu 89.67%
iter 20830: loss 4.0657, time 2739.48ms, mfu 89.69%
iter 20840: loss 4.0722, time 2740.04ms, mfu 89.70%
iter 20850: loss 4.1484, time 2744.11ms, mfu 89.70%
iter 20860: loss 4.1417, time 2748.82ms, mfu 89.68%
iter 20870: loss 4.1215, time 2744.72ms, mfu 89.68%
iter 20880: loss 4.0939, time 2736.22ms, mfu 89.70%
iter 20890: loss 4.1279, time 2745.17ms, mfu 89.70%
iter 20900: loss 4.1715, time 2744.52ms, mfu 89.69%
iter 20910: loss 4.0968, time 2745.22ms, mfu 89.69%
iter 20920: loss 4.1236, time 2743.92ms, mfu 89.69%
iter 20930: loss 4.1028, time 2739.68ms, mfu 89.70%
iter 20940: loss 4.1376, time 2745.17ms, mfu 89.69%
iter 20950: loss 4.0410, time 2739.54ms, mfu 89.71%
iter 20960: loss 4.0428, time 2742.54ms, mfu 89.71%
iter 20970: loss 4.1529, time 2742.31ms, mfu 89.71%
iter 20980: loss 4.2099, time 2743.17ms, mfu 89.71%
iter 20990: loss 4.1184, time 2742.43ms, mfu 89.71%
step 21000: train loss 3.9697, val loss 3.9860
saving checkpoint to /net/scratch2/junyuren/nanoGPT-manifold/out-openwebtext-lr6x
iter 21000: loss 4.1148, time 17903.64ms, mfu 82.12%
iter 21010: loss 4.1249, time 2735.94ms, mfu 82.90%
iter 21020: loss 4.0062, time 2747.09ms, mfu 83.57%
iter 21030: loss 4.0990, time 2737.57ms, mfu 84.20%
iter 21040: loss 4.1535, time 2742.05ms, mfu 84.75%
iter 21050: loss 4.1789, time 2747.77ms, mfu 85.23%
iter 21060: loss 3.9810, time 2743.13ms, mfu 85.68%
iter 21070: loss 4.1092, time 2741.12ms, mfu 86.09%
iter 21080: loss 4.1944, time 2741.18ms, mfu 86.46%
iter 21090: loss 4.0516, time 2752.08ms, mfu 86.75%
iter 21100: loss 4.0011, time 2740.23ms, mfu 87.06%
iter 21110: loss 4.1380, time 2739.99ms, mfu 87.33%
iter 21120: loss 4.1711, time 2741.85ms, mfu 87.58%
iter 21130: loss 4.0158, time 2739.18ms, mfu 87.80%
iter 21140: loss 4.0672, time 2741.21ms, mfu 88.00%
iter 21150: loss 3.9780, time 2745.30ms, mfu 88.16%
iter 21160: loss 4.1700, time 2747.49ms, mfu 88.30%
iter 21170: loss 4.1398, time 2741.35ms, mfu 88.45%
iter 21180: loss 4.0451, time 2733.09ms, mfu 88.61%
iter 21190: loss 4.0179, time 2737.94ms, mfu 88.73%
iter 21200: loss 4.0791, time 2741.34ms, mfu 88.84%
iter 21210: loss 4.1348, time 2749.25ms, mfu 88.90%
iter 21220: loss 4.1054, time 2743.75ms, mfu 88.98%
iter 21230: loss 4.1598, time 2740.69ms, mfu 89.06%
iter 21240: loss 4.0993, time 2741.51ms, mfu 89.13%
iter 21250: loss 4.1223, time 2742.74ms, mfu 89.19%
iter 21260: loss 4.1184, time 2740.10ms, mfu 89.25%
iter 21270: loss 4.1418, time 2740.13ms, mfu 89.31%
iter 21280: loss 4.0479, time 2742.46ms, mfu 89.35%
iter 21290: loss 4.1052, time 2743.46ms, mfu 89.38%
iter 21300: loss 4.0323, time 2736.80ms, mfu 89.44%
iter 21310: loss 4.1019, time 2748.59ms, mfu 89.45%
iter 21320: loss 4.0154, time 2739.00ms, mfu 89.49%
iter 21330: loss 4.1337, time 2745.63ms, mfu 89.50%
iter 21340: loss 4.0891, time 2742.16ms, mfu 89.52%
iter 21350: loss 4.0804, time 2737.59ms, mfu 89.56%
iter 21360: loss 4.1553, time 2751.15ms, mfu 89.55%
iter 21370: loss 4.2021, time 2745.34ms, mfu 89.56%
iter 21380: loss 4.1082, time 2740.17ms, mfu 89.58%
iter 21390: loss 4.1581, time 2748.17ms, mfu 89.58%
iter 21400: loss 4.0014, time 2738.17ms, mfu 89.61%
iter 21410: loss 4.1409, time 2743.12ms, mfu 89.62%
iter 21420: loss 4.1482, time 2745.75ms, mfu 89.62%
iter 21430: loss 4.1055, time 2738.73ms, mfu 89.64%
iter 21440: loss 4.0706, time 2738.89ms, mfu 89.66%
iter 21450: loss 4.2452, time 2738.62ms, mfu 89.68%
iter 21460: loss 4.1723, time 2739.06ms, mfu 89.70%
iter 21470: loss 4.1717, time 2740.11ms, mfu 89.71%
iter 21480: loss 4.0837, time 2738.76ms, mfu 89.72%
iter 21490: loss 4.0507, time 2739.16ms, mfu 89.73%
iter 21500: loss 4.1388, time 2736.53ms, mfu 89.75%
iter 21510: loss 4.0678, time 2748.38ms, mfu 89.73%
iter 21520: loss 4.0769, time 2744.92ms, mfu 89.72%
iter 21530: loss 4.1967, time 2740.37ms, mfu 89.73%
iter 21540: loss 4.0717, time 2742.79ms, mfu 89.73%
iter 21550: loss 4.1391, time 2740.67ms, mfu 89.73%
iter 21560: loss 4.0368, time 2738.13ms, mfu 89.75%
iter 21570: loss 4.2012, time 2731.58ms, mfu 89.78%
iter 21580: loss 4.1517, time 2736.88ms, mfu 89.79%
iter 21590: loss 4.1929, time 2739.86ms, mfu 89.80%
iter 21600: loss 4.0645, time 2741.44ms, mfu 89.79%
iter 21610: loss 4.1439, time 2737.99ms, mfu 89.80%
iter 21620: loss 4.2383, time 2746.12ms, mfu 89.78%
iter 21630: loss 4.2280, time 2737.62ms, mfu 89.79%
iter 21640: loss 4.0411, time 2744.26ms, mfu 89.78%
iter 21650: loss 4.1089, time 2738.41ms, mfu 89.79%
iter 21660: loss 4.1365, time 2746.05ms, mfu 89.77%
iter 21670: loss 4.1090, time 2740.69ms, mfu 89.77%
iter 21680: loss 4.0864, time 2741.59ms, mfu 89.77%
iter 21690: loss 4.1984, time 2740.44ms, mfu 89.77%
iter 21700: loss 4.1845, time 2739.56ms, mfu 89.78%
iter 21710: loss 4.1098, time 2747.55ms, mfu 89.76%
iter 21720: loss 4.1338, time 2747.12ms, mfu 89.74%
iter 21730: loss 4.0829, time 2744.78ms, mfu 89.73%
iter 21740: loss 4.1257, time 2746.17ms, mfu 89.72%
iter 21750: loss 4.1487, time 2742.20ms, mfu 89.72%
iter 21760: loss 4.1187, time 2738.91ms, mfu 89.73%
iter 21770: loss 4.0384, time 2739.53ms, mfu 89.74%
iter 21780: loss 4.0963, time 2741.15ms, mfu 89.74%
iter 21790: loss 4.1461, time 2746.82ms, mfu 89.73%
iter 21800: loss 4.0332, time 2740.47ms, mfu 89.74%
iter 21810: loss 4.0867, time 2744.22ms, mfu 89.73%
iter 21820: loss 4.1461, time 2740.73ms, mfu 89.73%
iter 21830: loss 4.0817, time 2736.34ms, mfu 89.75%
iter 21840: loss 4.0116, time 2743.16ms, mfu 89.75%
iter 21850: loss 4.1175, time 2746.77ms, mfu 89.73%
iter 21860: loss 4.0779, time 2741.24ms, mfu 89.74%
iter 21870: loss 4.1138, time 2742.04ms, mfu 89.74%
iter 21880: loss 4.1055, time 2735.37ms, mfu 89.76%
iter 21890: loss 4.1369, time 2745.26ms, mfu 89.75%
iter 21900: loss 4.1348, time 2744.09ms, mfu 89.74%
iter 21910: loss 4.1409, time 2739.43ms, mfu 89.75%
iter 21920: loss 4.0882, time 2745.30ms, mfu 89.74%
iter 21930: loss 4.1322, time 2742.25ms, mfu 89.74%
iter 21940: loss 4.0908, time 2746.34ms, mfu 89.72%
iter 21950: loss 4.1153, time 2741.18ms, mfu 89.73%
iter 21960: loss 4.0585, time 2744.99ms, mfu 89.72%
iter 21970: loss 4.1185, time 2737.24ms, mfu 89.74%
iter 21980: loss 4.1461, time 2741.32ms, mfu 89.74%
iter 21990: loss 4.1305, time 2739.75ms, mfu 89.75%
step 22000: train loss 4.0342, val loss 4.0481
saving checkpoint to /net/scratch2/junyuren/nanoGPT-manifold/out-openwebtext-lr6x
iter 22000: loss 4.0907, time 17532.59ms, mfu 82.18%
iter 22010: loss 4.0945, time 2733.19ms, mfu 82.96%
iter 22020: loss 4.0880, time 2739.29ms, mfu 83.65%
iter 22030: loss 4.0744, time 2745.08ms, mfu 84.25%
iter 22040: loss 4.1503, time 2743.84ms, mfu 84.79%
iter 22050: loss 4.1137, time 2736.57ms, mfu 85.31%
iter 22060: loss 4.2252, time 2733.69ms, mfu 85.78%
iter 22070: loss 4.0442, time 2744.38ms, mfu 86.17%
iter 22080: loss 4.1532, time 2737.94ms, mfu 86.54%
iter 22090: loss 4.1273, time 2742.40ms, mfu 86.86%
iter 22100: loss 4.1078, time 2746.47ms, mfu 87.13%
iter 22110: loss 3.9873, time 2737.52ms, mfu 87.41%
iter 22120: loss 4.1140, time 2741.09ms, mfu 87.64%
iter 22130: loss 4.0817, time 2746.03ms, mfu 87.84%
iter 22140: loss 4.1349, time 2739.83ms, mfu 88.04%
iter 22150: loss 4.1358, time 2744.24ms, mfu 88.20%
iter 22160: loss 4.0453, time 2739.96ms, mfu 88.36%
iter 22170: loss 4.1314, time 2739.62ms, mfu 88.51%
iter 22180: loss 4.1711, time 2740.10ms, mfu 88.64%
iter 22190: loss 4.1363, time 2737.37ms, mfu 88.76%
iter 22200: loss 4.1503, time 2739.56ms, mfu 88.87%
iter 22210: loss 4.0644, time 2738.08ms, mfu 88.97%
iter 22220: loss 4.1163, time 2749.99ms, mfu 89.02%
iter 22230: loss 4.0521, time 2739.01ms, mfu 89.10%
iter 22240: loss 4.1098, time 2741.64ms, mfu 89.17%
iter 22250: loss 4.0333, time 2744.07ms, mfu 89.22%
iter 22260: loss 4.1259, time 2739.46ms, mfu 89.28%
iter 22270: loss 4.1386, time 2734.50ms, mfu 89.35%
iter 22280: loss 4.1602, time 2736.88ms, mfu 89.41%
iter 22290: loss 4.1573, time 2739.12ms, mfu 89.45%
iter 22300: loss 4.0987, time 2742.28ms, mfu 89.48%
iter 22310: loss 4.0705, time 2740.04ms, mfu 89.51%
iter 22320: loss 4.1580, time 2743.63ms, mfu 89.53%
iter 22330: loss 4.1326, time 2739.76ms, mfu 89.56%
iter 22340: loss 4.1555, time 2742.37ms, mfu 89.58%
iter 22350: loss 4.1589, time 2748.64ms, mfu 89.57%
iter 22360: loss 4.1632, time 2741.70ms, mfu 89.59%
iter 22370: loss 4.0479, time 2743.69ms, mfu 89.60%
iter 22380: loss 4.0846, time 2753.37ms, mfu 89.58%
iter 22390: loss 4.0726, time 2741.00ms, mfu 89.60%
iter 22400: loss 4.0729, time 2739.48ms, mfu 89.62%
iter 22410: loss 4.0795, time 2740.17ms, mfu 89.64%
iter 22420: loss 4.1366, time 2736.89ms, mfu 89.67%
iter 22430: loss 4.1604, time 2740.26ms, mfu 89.68%
iter 22440: loss 4.2213, time 2736.12ms, mfu 89.70%
iter 22450: loss 4.1455, time 2739.63ms, mfu 89.72%
iter 22460: loss 4.1902, time 2744.35ms, mfu 89.71%
iter 22470: loss 4.0919, time 2741.80ms, mfu 89.72%
iter 22480: loss 4.1857, time 2745.14ms, mfu 89.71%
iter 22490: loss 4.1152, time 2736.41ms, mfu 89.73%
iter 22500: loss 4.1517, time 2736.91ms, mfu 89.75%
iter 22510: loss 4.1794, time 2741.87ms, mfu 89.75%
iter 22520: loss 4.0673, time 2745.48ms, mfu 89.74%
iter 22530: loss 4.0909, time 2741.09ms, mfu 89.74%
iter 22540: loss 4.0725, time 2748.30ms, mfu 89.72%
iter 22550: loss 4.1833, time 2742.56ms, mfu 89.72%
iter 22560: loss 4.1357, time 2739.28ms, mfu 89.73%
iter 22570: loss 4.0944, time 2740.52ms, mfu 89.74%
iter 22580: loss 4.0530, time 2737.66ms, mfu 89.75%
iter 22590: loss 4.1238, time 2742.24ms, mfu 89.75%
iter 22600: loss 4.1068, time 2751.34ms, mfu 89.72%
iter 22610: loss 4.1490, time 2747.11ms, mfu 89.71%
iter 22620: loss 4.1507, time 2740.72ms, mfu 89.71%
iter 22630: loss 4.0793, time 2742.97ms, mfu 89.71%
iter 22640: loss 4.1192, time 2740.55ms, mfu 89.72%
iter 22650: loss 4.1352, time 2739.11ms, mfu 89.73%
iter 22660: loss 4.1342, time 2739.56ms, mfu 89.74%
iter 22670: loss 4.0974, time 2746.88ms, mfu 89.73%
iter 22680: loss 4.1365, time 2743.28ms, mfu 89.72%
iter 22690: loss 4.1033, time 2741.72ms, mfu 89.73%
iter 22700: loss 4.1498, time 2742.69ms, mfu 89.73%
iter 22710: loss 4.0852, time 2741.33ms, mfu 89.73%
iter 22720: loss 4.1209, time 2738.80ms, mfu 89.74%
iter 22730: loss 4.1717, time 2737.26ms, mfu 89.76%
iter 22740: loss 4.0870, time 2736.64ms, mfu 89.77%
iter 22750: loss 4.1260, time 2737.27ms, mfu 89.79%
iter 22760: loss 4.0272, time 2738.72ms, mfu 89.79%
iter 22770: loss 4.0081, time 2742.00ms, mfu 89.79%
iter 22780: loss 4.1429, time 2734.90ms, mfu 89.81%
iter 22790: loss 4.1920, time 2736.35ms, mfu 89.82%
iter 22800: loss 4.0539, time 2745.43ms, mfu 89.80%
iter 22810: loss 4.0661, time 2740.41ms, mfu 89.80%
iter 22820: loss 4.1385, time 2738.68ms, mfu 89.81%
iter 22830: loss 3.9957, time 2737.14ms, mfu 89.81%
iter 22840: loss 4.0541, time 2736.76ms, mfu 89.82%
iter 22850: loss 4.1225, time 2737.60ms, mfu 89.83%
iter 22860: loss 4.0891, time 2738.20ms, mfu 89.83%
iter 22870: loss 4.0537, time 2739.55ms, mfu 89.83%
iter 22880: loss 4.1472, time 2736.86ms, mfu 89.84%
iter 22890: loss 4.0899, time 2737.05ms, mfu 89.85%
iter 22900: loss 4.2189, time 2738.78ms, mfu 89.85%
iter 22910: loss 4.0660, time 2741.27ms, mfu 89.84%
iter 22920: loss 4.1250, time 2748.59ms, mfu 89.81%
iter 22930: loss 4.0436, time 2746.15ms, mfu 89.79%
iter 22940: loss 4.2487, time 2742.27ms, mfu 89.78%
iter 22950: loss 4.1032, time 2738.12ms, mfu 89.79%
iter 22960: loss 4.1762, time 2742.80ms, mfu 89.78%
iter 22970: loss 4.1414, time 2738.86ms, mfu 89.79%
iter 22980: loss 4.0010, time 2741.44ms, mfu 89.79%
iter 22990: loss 4.1237, time 2743.97ms, mfu 89.78%
step 23000: train loss 4.0146, val loss 4.0179
saving checkpoint to /net/scratch2/junyuren/nanoGPT-manifold/out-openwebtext-lr6x
iter 23000: loss 4.1022, time 17523.06ms, mfu 82.20%
iter 23010: loss 4.1150, time 2735.18ms, mfu 82.98%
iter 23020: loss 4.1529, time 2737.90ms, mfu 83.67%
iter 23030: loss 3.9901, time 2735.36ms, mfu 84.30%
iter 23040: loss 4.1368, time 2742.05ms, mfu 84.84%
iter 23050: loss 4.0461, time 2737.70ms, mfu 85.35%
iter 23060: loss 4.1425, time 2742.08ms, mfu 85.79%
iter 23070: loss 4.1186, time 2737.92ms, mfu 86.20%
iter 23080: loss 4.0195, time 2736.45ms, mfu 86.57%
iter 23090: loss 4.1728, time 2740.71ms, mfu 86.89%
iter 23100: loss 4.1277, time 2738.00ms, mfu 87.19%
iter 23110: loss 4.1382, time 2738.35ms, mfu 87.46%
iter 23120: loss 4.1211, time 2735.16ms, mfu 87.71%
iter 23130: loss 4.0770, time 2731.69ms, mfu 87.95%
iter 23140: loss 4.0581, time 2739.72ms, mfu 88.13%
iter 23150: loss 4.1606, time 2736.61ms, mfu 88.31%
iter 23160: loss 4.1227, time 2739.29ms, mfu 88.46%
iter 23170: loss 4.1485, time 2733.74ms, mfu 88.62%
iter 23180: loss 4.1821, time 2736.92ms, mfu 88.75%
iter 23190: loss 4.2015, time 2745.00ms, mfu 88.84%
iter 23200: loss 4.1639, time 2736.46ms, mfu 88.95%
iter 23210: loss 4.0554, time 2740.18ms, mfu 89.03%
iter 23220: loss 4.0594, time 2740.50ms, mfu 89.11%
iter 23230: loss 4.1062, time 2738.08ms, mfu 89.18%
iter 23240: loss 4.1420, time 2741.66ms, mfu 89.24%
iter 23250: loss 4.1053, time 2731.17ms, mfu 89.33%
iter 23260: loss 4.0813, time 2744.68ms, mfu 89.36%
iter 23270: loss 4.0495, time 2739.94ms, mfu 89.41%
iter 23280: loss 4.2074, time 2741.22ms, mfu 89.44%
iter 23290: loss 4.1802, time 2735.17ms, mfu 89.49%
iter 23300: loss 4.1717, time 2736.18ms, mfu 89.54%
iter 23310: loss 3.9797, time 2739.61ms, mfu 89.57%
iter 23320: loss 4.0876, time 2737.98ms, mfu 89.60%
iter 23330: loss 4.0623, time 2740.48ms, mfu 89.62%
iter 23340: loss 4.0522, time 2737.00ms, mfu 89.65%
iter 23350: loss 4.1066, time 2732.19ms, mfu 89.69%
iter 23360: loss 4.1136, time 2737.98ms, mfu 89.71%
iter 23370: loss 4.1434, time 2740.85ms, mfu 89.71%
iter 23380: loss 4.0025, time 2730.95ms, mfu 89.75%
iter 23390: loss 4.0869, time 2741.17ms, mfu 89.76%
iter 23400: loss 4.0662, time 2737.87ms, mfu 89.77%
iter 23410: loss 4.0703, time 2738.12ms, mfu 89.78%
iter 23420: loss 4.1500, time 2744.87ms, mfu 89.77%
iter 23430: loss 4.1535, time 2743.25ms, mfu 89.76%
iter 23440: loss 4.1194, time 2735.43ms, mfu 89.78%
iter 23450: loss 4.1112, time 2745.86ms, mfu 89.76%
iter 23460: loss 4.1006, time 2738.78ms, mfu 89.77%
iter 23470: loss 4.1326, time 2740.50ms, mfu 89.77%
iter 23480: loss 4.1290, time 2738.46ms, mfu 89.78%
iter 23490: loss 4.0631, time 2737.53ms, mfu 89.79%
iter 23500: loss 3.9682, time 2734.97ms, mfu 89.81%
iter 23510: loss 4.0477, time 2739.18ms, mfu 89.81%
iter 23520: loss 4.1037, time 2741.84ms, mfu 89.81%
iter 23530: loss 4.1362, time 2739.39ms, mfu 89.81%
iter 23540: loss 4.0988, time 2740.01ms, mfu 89.81%
iter 23550: loss 4.0719, time 2739.69ms, mfu 89.81%
iter 23560: loss 4.0619, time 2736.23ms, mfu 89.82%
iter 23570: loss 4.1562, time 2738.27ms, mfu 89.83%
iter 23580: loss 4.1068, time 2742.44ms, mfu 89.82%
iter 23590: loss 4.0684, time 2740.04ms, mfu 89.82%
iter 23600: loss 4.1462, time 2737.94ms, mfu 89.82%
iter 23610: loss 4.1243, time 2737.42ms, mfu 89.83%
iter 23620: loss 4.0932, time 2738.39ms, mfu 89.83%
iter 23630: loss 4.0513, time 2736.81ms, mfu 89.84%
iter 23640: loss 4.1388, time 2740.90ms, mfu 89.83%
iter 23650: loss 4.2193, time 2730.35ms, mfu 89.86%
iter 23660: loss 4.1538, time 2740.62ms, mfu 89.86%
iter 23670: loss 4.0602, time 2739.85ms, mfu 89.85%
iter 23680: loss 4.1253, time 2736.12ms, mfu 89.86%
iter 23690: loss 4.1148, time 2737.94ms, mfu 89.86%
iter 23700: loss 4.0922, time 2732.70ms, mfu 89.88%
iter 23710: loss 4.2352, time 2734.20ms, mfu 89.89%
iter 23720: loss 4.1930, time 2734.09ms, mfu 89.90%
iter 23730: loss 4.1047, time 2739.64ms, mfu 89.90%
iter 23740: loss 4.1090, time 2735.40ms, mfu 89.90%
iter 23750: loss 4.0501, time 2734.73ms, mfu 89.91%
iter 23760: loss 3.9836, time 2740.29ms, mfu 89.90%
iter 23770: loss 4.0903, time 2740.11ms, mfu 89.89%
iter 23780: loss 4.0719, time 2742.10ms, mfu 89.87%
iter 23790: loss 4.1252, time 2737.95ms, mfu 89.87%
iter 23800: loss 4.1093, time 2745.03ms, mfu 89.85%
iter 23810: loss 4.0138, time 2744.17ms, mfu 89.83%
iter 23820: loss 4.1110, time 2733.89ms, mfu 89.85%
iter 23830: loss 4.0859, time 2734.99ms, mfu 89.86%
iter 23840: loss 4.2080, time 2738.27ms, mfu 89.86%
iter 23850: loss 4.1369, time 2740.74ms, mfu 89.86%
iter 23860: loss 4.1132, time 2740.11ms, mfu 89.85%
iter 23870: loss 4.0331, time 2731.13ms, mfu 89.88%
iter 23880: loss 4.1009, time 2732.28ms, mfu 89.89%
iter 23890: loss 4.0672, time 2741.08ms, mfu 89.88%
iter 23900: loss 4.1301, time 2734.46ms, mfu 89.89%
iter 23910: loss 4.1171, time 2737.29ms, mfu 89.89%
iter 23920: loss 4.1280, time 2735.01ms, mfu 89.90%
iter 23930: loss 4.0933, time 2736.06ms, mfu 89.91%
iter 23940: loss 4.1292, time 2734.97ms, mfu 89.91%
iter 23950: loss 4.0499, time 2737.27ms, mfu 89.91%
iter 23960: loss 4.0347, time 2734.34ms, mfu 89.92%
iter 23970: loss 4.0905, time 2737.74ms, mfu 89.92%
iter 23980: loss 4.1360, time 2738.99ms, mfu 89.91%
iter 23990: loss 4.1168, time 2741.36ms, mfu 89.89%
step 24000: train loss 4.0133, val loss 4.0183
saving checkpoint to /net/scratch2/junyuren/nanoGPT-manifold/out-openwebtext-lr6x
iter 24000: loss 4.0115, time 17492.28ms, mfu 82.31%
iter 24010: loss 4.0615, time 2732.37ms, mfu 83.09%
iter 24020: loss 4.1167, time 2737.59ms, mfu 83.77%
iter 24030: loss 4.1348, time 2735.37ms, mfu 84.39%
iter 24040: loss 4.1384, time 2733.93ms, mfu 84.95%
iter 24050: loss 4.0938, time 2737.63ms, mfu 85.44%
iter 24060: loss 4.1548, time 2739.00ms, mfu 85.88%
iter 24070: loss 3.9295, time 2729.65ms, mfu 86.31%
iter 24080: loss 4.1081, time 2741.85ms, mfu 86.65%
iter 24090: loss 3.9873, time 2741.91ms, mfu 86.96%
iter 24100: loss 4.1658, time 2742.53ms, mfu 87.24%
iter 24110: loss 4.0969, time 2743.89ms, mfu 87.48%
iter 24120: loss 4.0831, time 2738.79ms, mfu 87.72%
iter 24130: loss 4.0545, time 2738.78ms, mfu 87.93%
iter 24140: loss 4.0980, time 2735.07ms, mfu 88.14%
iter 24150: loss 4.1482, time 2735.69ms, mfu 88.32%
iter 24160: loss 4.1037, time 2735.22ms, mfu 88.48%
iter 24170: loss 4.1547, time 2740.19ms, mfu 88.61%
iter 24180: loss 4.1237, time 2738.49ms, mfu 88.74%
iter 24190: loss 4.1329, time 2730.35ms, mfu 88.88%
iter 24200: loss 4.0342, time 2739.96ms, mfu 88.97%
iter 24210: loss 4.0951, time 2734.50ms, mfu 89.07%
iter 24220: loss 4.1292, time 2733.92ms, mfu 89.17%
iter 24230: loss 4.1251, time 2740.33ms, mfu 89.23%
iter 24240: loss 4.1353, time 2735.13ms, mfu 89.30%
iter 24250: loss 4.1015, time 2741.55ms, mfu 89.35%
iter 24260: loss 4.0707, time 2741.11ms, mfu 89.39%
iter 24270: loss 4.0479, time 2728.24ms, mfu 89.47%
iter 24280: loss 4.0292, time 2738.48ms, mfu 89.51%
iter 24290: loss 4.1559, time 2742.96ms, mfu 89.53%
iter 24300: loss 4.0337, time 2736.08ms, mfu 89.57%
iter 24310: loss 4.1859, time 2729.91ms, mfu 89.63%
iter 24320: loss 4.1039, time 2735.01ms, mfu 89.66%
iter 24330: loss 4.1700, time 2739.59ms, mfu 89.68%
iter 24340: loss 4.1116, time 2741.52ms, mfu 89.69%
iter 24350: loss 4.0503, time 2736.25ms, mfu 89.71%
iter 24360: loss 4.1387, time 2735.68ms, mfu 89.74%
iter 24370: loss 4.1027, time 2738.59ms, mfu 89.75%
iter 24380: loss 4.0291, time 2736.06ms, mfu 89.77%
iter 24390: loss 4.1028, time 2734.67ms, mfu 89.79%
iter 24400: loss 4.0536, time 2732.17ms, mfu 89.82%
iter 24410: loss 4.0663, time 2743.00ms, mfu 89.81%
iter 24420: loss 4.1582, time 2730.06ms, mfu 89.84%
iter 24430: loss 4.0642, time 2736.16ms, mfu 89.85%
iter 24440: loss 4.0209, time 2730.37ms, mfu 89.88%
iter 24450: loss 4.0919, time 2741.13ms, mfu 89.87%
iter 24460: loss 4.1607, time 2746.40ms, mfu 89.84%
iter 24470: loss 4.1305, time 2728.93ms, mfu 89.87%
iter 24480: loss 4.0348, time 2736.90ms, mfu 89.88%
iter 24490: loss 4.1757, time 2736.84ms, mfu 89.88%
iter 24500: loss 4.0801, time 2741.68ms, mfu 89.87%
iter 24510: loss 4.2447, time 2740.23ms, mfu 89.86%
iter 24520: loss 4.1530, time 2734.86ms, mfu 89.87%
iter 24530: loss 4.1431, time 2735.69ms, mfu 89.88%
iter 24540: loss 4.1076, time 2734.20ms, mfu 89.89%
iter 24550: loss 4.0522, time 2730.12ms, mfu 89.92%
iter 24560: loss 4.0994, time 2741.94ms, mfu 89.90%
iter 24570: loss 4.1531, time 2736.09ms, mfu 89.90%
iter 24580: loss 4.1112, time 2741.75ms, mfu 89.89%
iter 24590: loss 4.0807, time 2739.58ms, mfu 89.88%
iter 24600: loss 4.0414, time 2736.45ms, mfu 89.89%
iter 24610: loss 4.0355, time 2735.66ms, mfu 89.89%
iter 24620: loss 4.0957, time 2742.16ms, mfu 89.88%
iter 24630: loss 4.1390, time 2730.60ms, mfu 89.90%
iter 24640: loss 4.0532, time 2740.23ms, mfu 89.89%
iter 24650: loss 4.0990, time 2734.40ms, mfu 89.90%
iter 24660: loss 4.0927, time 2735.69ms, mfu 89.91%
iter 24670: loss 4.1852, time 2735.37ms, mfu 89.91%
iter 24680: loss 4.1573, time 2743.30ms, mfu 89.89%
iter 24690: loss 4.0799, time 2740.76ms, mfu 89.88%
iter 24700: loss 4.0474, time 2737.61ms, mfu 89.88%
iter 24710: loss 4.0324, time 2731.93ms, mfu 89.90%
iter 24720: loss 4.0865, time 2745.65ms, mfu 89.87%
iter 24730: loss 4.1054, time 2741.74ms, mfu 89.86%
iter 24740: loss 4.1520, time 2734.97ms, mfu 89.87%
iter 24750: loss 4.1365, time 2729.13ms, mfu 89.90%
