Overriding config with config/train_openwebtext_rank99_resume.py:
# Resume OpenWebText rank99 from checkpoint
# Continuing from step 10000

# I/O
out_dir = '/net/scratch2/junyuren/nanoGPT-manifold/out-openwebtext-rank99'
eval_interval = 1000
eval_iters = 200
log_interval = 10
always_save_checkpoint = True

# CRITICAL: Resume from checkpoint
init_from = 'resume'

wandb_log = False
wandb_project = 'openwebtext'
wandb_run_name = 'grassmann-6L-384d-rank99-resume'

# Data
dataset = 'openwebtext'
data_dir = '/net/scratch2/junyuren/nanoGPT-manifold/data/openwebtext'
gradient_accumulation_steps = 40
batch_size = 64
block_size = 1024

# Model
n_layer = 6
n_head = 6
n_embd = 384
dropout = 0.2
bias = False

# AdamW optimizer
learning_rate = 1e-3
max_iters = 100000
lr_decay_iters = 100000
min_lr = 1e-4
beta1 = 0.9
beta2 = 0.99
weight_decay = 1e-1
grad_clip = 1.0

decay_lr = True
warmup_iters = 2000

# Grassmann config - rank99
use_grassmann = True
grassmann_phase = 'phase2.5'

grass_rank_c_attn = 96
grass_rank_mlp_fc = 48
grass_scale_c_attn = 4.6293
grass_scale_mlp_fc = 10.1372

grass_rank = 48
grass_lr = 8e-3
grass_a = 1.0
grass_b = 0.0
grass_alpha = 0.01
grass_steps = 10
grass_tol = 1e-6

# System
device = 'cuda'
dtype = 'bfloat16'
compile = True

tokens per iteration will be: 2,621,440
Resuming training from /net/scratch2/junyuren/nanoGPT-manifold/out-openwebtext-rank99
number of parameters: 29.94M

=== Phase phase2.5 Grassmann Configuration ===
  Variant .5: attn.c_proj uses AdamW (not Grassmann)

Per-block configuration (6 blocks):
  c_attn ranks:       [96, 96, 96, 96, 96, 96]
  c_attn scales:      ['4.63', '4.63', '4.63', '4.63', '4.63', '4.63']
  mlp.c_fc ranks:     [48, 48, 48, 48, 48, 48]
  mlp.c_fc scales:    ['10.14', '10.14', '10.14', '10.14', '10.14', '10.14']
Grassmann Muon parameters: 6 weight matrices, 3,538,944 params
AdamW decay parameters: 20 tensors, 26,787,840 params
AdamW no-decay parameters: 13 tensors, 4,992 params
  transformer.h.0.mlp.c_fc.weight: k=4, G_{1.0,0.0,48}, lr=0.008, scale=10.1372, type=vertical
  transformer.h.1.mlp.c_fc.weight: k=4, G_{1.0,0.0,48}, lr=0.008, scale=10.1372, type=vertical
  transformer.h.2.mlp.c_fc.weight: k=4, G_{1.0,0.0,48}, lr=0.008, scale=10.1372, type=vertical
  transformer.h.3.mlp.c_fc.weight: k=4, G_{1.0,0.0,48}, lr=0.008, scale=10.1372, type=vertical
  transformer.h.4.mlp.c_fc.weight: k=4, G_{1.0,0.0,48}, lr=0.008, scale=10.1372, type=vertical
  transformer.h.5.mlp.c_fc.weight: k=4, G_{1.0,0.0,48}, lr=0.008, scale=10.1372, type=vertical
using fused AdamW: True

=== Setting up component-specific dropout ===
AdamW components: dropout = 0.2
Grassmann components: dropout = 0.1
Component-specific dropout setup complete.

=== Setting up norm-preserving scaling (Phase phase2.5) ===
  Added frozen 0.5×I scaling after mlp.c_fc (device=cuda:0)
  Added frozen 0.5×I scaling after mlp.c_fc (device=cuda:0)
  Added frozen 0.5×I scaling after mlp.c_fc (device=cuda:0)
  Added frozen 0.5×I scaling after mlp.c_fc (device=cuda:0)
  Added frozen 0.5×I scaling after mlp.c_fc (device=cuda:0)
  Added frozen 0.5×I scaling after mlp.c_fc (device=cuda:0)
Norm-preserving scaling setup complete.
compiling the model... (takes a ~minute)
step 10000: train loss 3.9499, val loss 3.9581
saving checkpoint to /net/scratch2/junyuren/nanoGPT-manifold/out-openwebtext-rank99
iter 10000: loss 3.9826, time 57930.44ms, mfu -100.00%
iter 10010: loss 4.1304, time 9367.26ms, mfu 26.27%
iter 10020: loss 4.0484, time 10482.58ms, mfu 25.99%
iter 10030: loss 4.0954, time 7262.38ms, mfu 26.78%
iter 10040: loss 4.1455, time 7643.59ms, mfu 27.32%
iter 10050: loss 4.1338, time 5050.22ms, mfu 29.46%
iter 10060: loss 4.1565, time 4948.16ms, mfu 31.49%
iter 10070: loss 3.9686, time 4165.01ms, mfu 34.25%
iter 10080: loss 4.0528, time 4149.33ms, mfu 36.75%
iter 10090: loss 4.1489, time 4124.55ms, mfu 39.04%
iter 10100: loss 4.1333, time 4104.38ms, mfu 41.14%
iter 10110: loss 4.0613, time 4103.11ms, mfu 43.02%
iter 10120: loss 4.1212, time 4123.29ms, mfu 44.69%
iter 10130: loss 4.0688, time 4132.33ms, mfu 46.17%
iter 10140: loss 4.0846, time 4098.69ms, mfu 47.56%
iter 10150: loss 4.1221, time 4111.19ms, mfu 48.79%
iter 10160: loss 4.0975, time 4113.04ms, mfu 49.89%
iter 10170: loss 4.0529, time 4103.85ms, mfu 50.90%
iter 10180: loss 4.1360, time 4125.57ms, mfu 51.77%
iter 10190: loss 4.1021, time 4111.85ms, mfu 52.58%
iter 10200: loss 4.1781, time 4107.29ms, mfu 53.31%
iter 10210: loss 4.1693, time 4112.57ms, mfu 53.97%
iter 10220: loss 4.0317, time 4106.66ms, mfu 54.56%
iter 10230: loss 4.0273, time 4103.64ms, mfu 55.10%
iter 10240: loss 4.1108, time 4109.57ms, mfu 55.58%
iter 10250: loss 4.1048, time 4107.10ms, mfu 56.01%
iter 10260: loss 4.1429, time 4108.46ms, mfu 56.40%
iter 10270: loss 4.1224, time 4107.09ms, mfu 56.75%
iter 10280: loss 4.1197, time 4115.35ms, mfu 57.06%
iter 10290: loss 4.1031, time 4107.73ms, mfu 57.34%
iter 10300: loss 4.1415, time 4112.24ms, mfu 57.59%
iter 10310: loss 4.1286, time 4104.32ms, mfu 57.83%
iter 10320: loss 4.0727, time 4105.04ms, mfu 58.04%
iter 10330: loss 4.0565, time 4097.27ms, mfu 58.24%
iter 10340: loss 4.0750, time 4097.35ms, mfu 58.42%
iter 10350: loss 4.0800, time 4101.44ms, mfu 58.58%
iter 10360: loss 4.0915, time 4112.68ms, mfu 58.71%
iter 10370: loss 4.0298, time 4103.71ms, mfu 58.83%
iter 10380: loss 4.0518, time 4103.66ms, mfu 58.95%
iter 10390: loss 4.0940, time 4110.75ms, mfu 59.04%
iter 10400: loss 4.1554, time 4099.04ms, mfu 59.14%
iter 10410: loss 3.9964, time 4096.78ms, mfu 59.23%
iter 10420: loss 4.0683, time 4098.91ms, mfu 59.31%
iter 10430: loss 4.0395, time 4100.16ms, mfu 59.38%
iter 10440: loss 4.0462, time 4101.79ms, mfu 59.44%
iter 10450: loss 4.0399, time 4103.43ms, mfu 59.49%
iter 10460: loss 4.0776, time 4101.34ms, mfu 59.55%
iter 10470: loss 4.0710, time 4106.44ms, mfu 59.58%
iter 10480: loss 4.0617, time 4113.00ms, mfu 59.61%
iter 10490: loss 4.1263, time 4113.29ms, mfu 59.63%
iter 10500: loss 4.1289, time 4102.62ms, mfu 59.66%
iter 10510: loss 4.1459, time 4105.37ms, mfu 59.69%
iter 10520: loss 4.0488, time 4109.30ms, mfu 59.71%
iter 10530: loss 4.1001, time 4107.40ms, mfu 59.73%
iter 10540: loss 4.0484, time 4105.53ms, mfu 59.75%
iter 10550: loss 4.0735, time 4111.39ms, mfu 59.76%
iter 10560: loss 4.0101, time 4104.88ms, mfu 59.78%
iter 10570: loss 4.1485, time 4098.26ms, mfu 59.81%
iter 10580: loss 4.0715, time 4095.15ms, mfu 59.84%
iter 10590: loss 4.1819, time 4106.70ms, mfu 59.84%
iter 10600: loss 4.0925, time 4096.61ms, mfu 59.87%
iter 10610: loss 4.1380, time 4103.84ms, mfu 59.88%
iter 10620: loss 4.0454, time 4099.76ms, mfu 59.89%
iter 10630: loss 4.0991, time 4092.08ms, mfu 59.91%
iter 10640: loss 4.1250, time 4099.42ms, mfu 59.93%
iter 10650: loss 3.9680, time 4091.47ms, mfu 59.95%
iter 10660: loss 4.0406, time 4090.19ms, mfu 59.97%
iter 10670: loss 4.1029, time 4102.42ms, mfu 59.97%
iter 10680: loss 4.0751, time 4102.86ms, mfu 59.97%
iter 10690: loss 4.0343, time 4100.76ms, mfu 59.98%
iter 10700: loss 4.0409, time 4102.67ms, mfu 59.98%
iter 10710: loss 4.1456, time 4105.32ms, mfu 59.97%
iter 10720: loss 4.0622, time 4102.52ms, mfu 59.97%
iter 10730: loss 3.9675, time 4111.00ms, mfu 59.96%
iter 10740: loss 4.0995, time 4101.45ms, mfu 59.97%
iter 10750: loss 4.1860, time 4099.01ms, mfu 59.97%
iter 10760: loss 4.0757, time 4089.48ms, mfu 59.99%
iter 10770: loss 4.0503, time 4098.13ms, mfu 60.00%
iter 10780: loss 4.0434, time 4094.93ms, mfu 60.01%
iter 10790: loss 4.0448, time 4112.37ms, mfu 59.99%
iter 10800: loss 4.0772, time 4101.81ms, mfu 59.99%
iter 10810: loss 4.0600, time 4102.78ms, mfu 59.99%
iter 10820: loss 4.1430, time 4105.01ms, mfu 59.98%
iter 10830: loss 4.0691, time 4108.65ms, mfu 59.98%
iter 10840: loss 4.0979, time 4105.09ms, mfu 59.97%
iter 10850: loss 4.1220, time 4101.22ms, mfu 59.98%
iter 10860: loss 4.1088, time 4093.91ms, mfu 59.99%
iter 10870: loss 4.0120, time 4095.63ms, mfu 60.00%
iter 10880: loss 4.0650, time 4104.05ms, mfu 59.99%
iter 10890: loss 4.1001, time 4099.37ms, mfu 60.00%
iter 10900: loss 4.0696, time 4095.26ms, mfu 60.01%
iter 10910: loss 4.0651, time 4101.49ms, mfu 60.01%
iter 10920: loss 4.1119, time 4101.60ms, mfu 60.00%
iter 10930: loss 4.1449, time 4106.83ms, mfu 60.00%
iter 10940: loss 4.1275, time 4101.60ms, mfu 60.00%
iter 10950: loss 4.1478, time 4099.50ms, mfu 60.00%
iter 10960: loss 4.0474, time 4095.27ms, mfu 60.01%
iter 10970: loss 4.0760, time 4105.27ms, mfu 60.00%
iter 10980: loss 4.1289, time 4099.20ms, mfu 60.00%
iter 10990: loss 4.0691, time 4101.67ms, mfu 60.00%
step 11000: train loss 3.9366, val loss 3.9555
saving checkpoint to /net/scratch2/junyuren/nanoGPT-manifold/out-openwebtext-rank99
iter 11000: loss 4.0298, time 23781.42ms, mfu 55.04%
iter 11010: loss 4.1246, time 4092.68ms, mfu 55.55%
iter 11020: loss 4.0249, time 4101.52ms, mfu 55.99%
iter 11030: loss 4.1019, time 4100.06ms, mfu 56.39%
iter 11040: loss 4.0440, time 4101.30ms, mfu 56.75%
iter 11050: loss 4.1220, time 4088.21ms, mfu 57.10%
iter 11060: loss 3.9868, time 4101.00ms, mfu 57.39%
iter 11070: loss 4.0402, time 4098.13ms, mfu 57.65%
iter 11080: loss 4.0524, time 4094.35ms, mfu 57.90%
iter 11090: loss 4.0954, time 4101.70ms, mfu 58.11%
iter 11100: loss 4.0961, time 4100.79ms, mfu 58.30%
iter 11110: loss 4.0770, time 4101.25ms, mfu 58.47%
iter 11120: loss 4.1383, time 4102.93ms, mfu 58.62%
iter 11130: loss 4.0720, time 4094.91ms, mfu 58.77%
iter 11140: loss 4.0266, time 4094.84ms, mfu 58.90%
iter 11150: loss 4.1011, time 4104.37ms, mfu 59.01%
iter 11160: loss 4.1092, time 4103.78ms, mfu 59.10%
iter 11170: loss 4.0098, time 4106.24ms, mfu 59.18%
iter 11180: loss 4.0884, time 4094.15ms, mfu 59.28%
iter 11190: loss 4.2161, time 4105.47ms, mfu 59.34%
iter 11200: loss 4.0319, time 4100.67ms, mfu 59.41%
iter 11210: loss 4.0386, time 4099.90ms, mfu 59.47%
iter 11220: loss 4.1710, time 4099.92ms, mfu 59.52%
iter 11230: loss 4.0901, time 4115.10ms, mfu 59.55%
iter 11240: loss 4.0896, time 4106.59ms, mfu 59.59%
iter 11250: loss 4.1761, time 4096.90ms, mfu 59.64%
iter 11260: loss 4.1442, time 4108.82ms, mfu 59.66%
iter 11270: loss 4.1127, time 4117.64ms, mfu 59.67%
iter 11280: loss 4.1142, time 4113.12ms, mfu 59.69%
iter 11290: loss 4.1244, time 4109.37ms, mfu 59.71%
iter 11300: loss 4.0935, time 4106.71ms, mfu 59.73%
iter 11310: loss 4.1059, time 4110.50ms, mfu 59.74%
iter 11320: loss 3.9254, time 4099.32ms, mfu 59.77%
iter 11330: loss 4.1030, time 4119.27ms, mfu 59.77%
iter 11340: loss 4.1424, time 4096.10ms, mfu 59.80%
iter 11350: loss 4.1683, time 4110.61ms, mfu 59.80%
iter 11360: loss 4.0848, time 4098.53ms, mfu 59.83%
iter 11370: loss 4.1316, time 4100.52ms, mfu 59.85%
iter 11380: loss 4.0805, time 4109.02ms, mfu 59.85%
iter 11390: loss 4.0969, time 4107.15ms, mfu 59.86%
iter 11400: loss 4.1257, time 4096.93ms, mfu 59.88%
iter 11410: loss 4.1239, time 4113.47ms, mfu 59.87%
iter 11420: loss 4.1416, time 4095.63ms, mfu 59.89%
iter 11430: loss 4.1295, time 4097.85ms, mfu 59.91%
iter 11440: loss 4.0667, time 4098.58ms, mfu 59.92%
iter 11450: loss 3.9874, time 4107.43ms, mfu 59.92%
iter 11460: loss 4.1321, time 4102.36ms, mfu 59.93%
iter 11470: loss 4.1297, time 4102.50ms, mfu 59.93%
iter 11480: loss 4.0473, time 4108.13ms, mfu 59.93%
iter 11490: loss 4.0999, time 4108.76ms, mfu 59.93%
iter 11500: loss 4.0059, time 4103.33ms, mfu 59.93%
iter 11510: loss 4.0732, time 4101.65ms, mfu 59.94%
iter 11520: loss 4.1694, time 4101.89ms, mfu 59.94%
iter 11530: loss 4.1233, time 4109.84ms, mfu 59.94%
iter 11540: loss 4.1036, time 4102.95ms, mfu 59.94%
iter 11550: loss 4.1056, time 4100.15ms, mfu 59.95%
iter 11560: loss 4.1241, time 4111.74ms, mfu 59.94%
iter 11570: loss 4.0771, time 4109.13ms, mfu 59.93%
iter 11580: loss 4.0378, time 4109.48ms, mfu 59.93%
iter 11590: loss 4.0982, time 4101.72ms, mfu 59.93%
iter 11600: loss 4.0826, time 4102.75ms, mfu 59.94%
iter 11610: loss 4.0643, time 4101.57ms, mfu 59.94%
iter 11620: loss 4.1281, time 4105.13ms, mfu 59.94%
iter 11630: loss 4.1260, time 4113.00ms, mfu 59.93%
iter 11640: loss 4.0821, time 4105.97ms, mfu 59.93%
iter 11650: loss 4.1226, time 4094.60ms, mfu 59.95%
iter 11660: loss 4.1205, time 4109.67ms, mfu 59.94%
iter 11670: loss 4.1067, time 4112.50ms, mfu 59.93%
iter 11680: loss 4.0628, time 4113.45ms, mfu 59.92%
iter 11690: loss 4.0552, time 4104.36ms, mfu 59.92%
iter 11700: loss 4.1389, time 4102.47ms, mfu 59.93%
iter 11710: loss 4.1775, time 4106.10ms, mfu 59.93%
iter 11720: loss 4.0238, time 4096.75ms, mfu 59.94%
iter 11730: loss 4.0963, time 4105.42ms, mfu 59.94%
iter 11740: loss 4.0571, time 4109.60ms, mfu 59.94%
iter 11750: loss 3.9660, time 4109.65ms, mfu 59.93%
iter 11760: loss 4.0641, time 4104.54ms, mfu 59.93%
iter 11770: loss 4.1412, time 4115.21ms, mfu 59.92%
iter 11780: loss 4.1720, time 4099.88ms, mfu 59.93%
iter 11790: loss 4.0764, time 4103.26ms, mfu 59.93%
iter 11800: loss 4.1000, time 4095.07ms, mfu 59.95%
iter 11810: loss 4.1071, time 4106.12ms, mfu 59.95%
iter 11820: loss 4.1036, time 4110.25ms, mfu 59.94%
iter 11830: loss 4.1320, time 4097.76ms, mfu 59.95%
iter 11840: loss 4.0473, time 4110.14ms, mfu 59.94%
iter 11850: loss 4.0742, time 4104.65ms, mfu 59.94%
iter 11860: loss 4.0846, time 4109.41ms, mfu 59.94%
iter 11870: loss 3.9868, time 4102.77ms, mfu 59.94%
iter 11880: loss 4.1654, time 4114.72ms, mfu 59.93%
iter 11890: loss 4.0839, time 4099.26ms, mfu 59.94%
iter 11900: loss 4.0361, time 4102.80ms, mfu 59.94%
iter 11910: loss 4.0941, time 4103.49ms, mfu 59.94%
iter 11920: loss 4.1305, time 4104.69ms, mfu 59.95%
iter 11930: loss 4.1185, time 4111.68ms, mfu 59.94%
iter 11940: loss 4.0558, time 4109.51ms, mfu 59.93%
iter 11950: loss 4.1340, time 4100.00ms, mfu 59.94%
iter 11960: loss 4.1403, time 4106.19ms, mfu 59.94%
iter 11970: loss 4.0722, time 4097.48ms, mfu 59.95%
iter 11980: loss 4.0644, time 4111.24ms, mfu 59.94%
iter 11990: loss 4.0299, time 4102.00ms, mfu 59.94%
step 12000: train loss 3.9540, val loss 3.9635
saving checkpoint to /net/scratch2/junyuren/nanoGPT-manifold/out-openwebtext-rank99
iter 12000: loss 4.0790, time 24234.82ms, mfu 54.97%
iter 12010: loss 4.0723, time 4102.06ms, mfu 55.47%
iter 12020: loss 4.0521, time 4107.89ms, mfu 55.91%
iter 12030: loss 4.0205, time 4104.89ms, mfu 56.32%
iter 12040: loss 4.0437, time 4102.07ms, mfu 56.68%
iter 12050: loss 4.0640, time 4112.55ms, mfu 57.00%
iter 12060: loss 4.1919, time 4108.65ms, mfu 57.29%
iter 12070: loss 4.0555, time 4105.28ms, mfu 57.55%
iter 12080: loss 4.0591, time 4111.07ms, mfu 57.78%
iter 12090: loss 4.0581, time 4105.88ms, mfu 58.00%
iter 12100: loss 3.9601, time 4105.43ms, mfu 58.19%
iter 12110: loss 4.0355, time 4111.04ms, mfu 58.36%
iter 12120: loss 3.9959, time 4112.44ms, mfu 58.51%
iter 12130: loss 4.0381, time 4112.17ms, mfu 58.64%
iter 12140: loss 4.0306, time 4104.33ms, mfu 58.77%
iter 12150: loss 4.1055, time 4107.84ms, mfu 58.88%
iter 12160: loss 4.1162, time 4120.71ms, mfu 58.97%
iter 12170: loss 4.1528, time 4108.87ms, mfu 59.06%
iter 12180: loss 4.0391, time 4099.33ms, mfu 59.16%
iter 12190: loss 4.0959, time 4112.77ms, mfu 59.22%
iter 12200: loss 4.0217, time 4105.59ms, mfu 59.30%
iter 12210: loss 4.1666, time 4102.22ms, mfu 59.36%
iter 12220: loss 4.0632, time 4101.80ms, mfu 59.43%
iter 12230: loss 4.0078, time 4094.53ms, mfu 59.49%
iter 12240: loss 4.0621, time 4101.72ms, mfu 59.54%
iter 12250: loss 4.1697, time 4116.70ms, mfu 59.57%
iter 12260: loss 3.9998, time 4104.98ms, mfu 59.61%
iter 12270: loss 4.0698, time 4109.70ms, mfu 59.63%
iter 12280: loss 4.0622, time 4571.64ms, mfu 59.05%
iter 12290: loss 4.0983, time 4102.50ms, mfu 59.15%
iter 12300: loss 4.1487, time 4102.27ms, mfu 59.23%
iter 12310: loss 4.0168, time 4111.85ms, mfu 59.29%
iter 12320: loss 3.9889, time 4098.30ms, mfu 59.37%
iter 12330: loss 4.0482, time 4103.73ms, mfu 59.43%
iter 12340: loss 4.0829, time 4101.95ms, mfu 59.48%
iter 12350: loss 4.1919, time 4108.04ms, mfu 59.52%
iter 12360: loss 4.1191, time 4100.01ms, mfu 59.57%
iter 12370: loss 4.0757, time 4106.93ms, mfu 59.61%
iter 12380: loss 4.0332, time 4103.07ms, mfu 59.64%
iter 12390: loss 4.0598, time 4102.83ms, mfu 59.68%
iter 12400: loss 4.0988, time 4113.78ms, mfu 59.69%
iter 12410: loss 4.0748, time 4105.86ms, mfu 59.72%
iter 12420: loss 4.0783, time 4098.27ms, mfu 59.75%
iter 12430: loss 3.9491, time 4099.94ms, mfu 59.78%
iter 12440: loss 4.0667, time 4112.35ms, mfu 59.78%
iter 12450: loss 4.1684, time 4105.48ms, mfu 59.80%
iter 12460: loss 4.0975, time 4101.78ms, mfu 59.82%
iter 12470: loss 4.0558, time 4108.22ms, mfu 59.83%
iter 12480: loss 4.1410, time 4100.59ms, mfu 59.84%
iter 12490: loss 4.0095, time 4106.89ms, mfu 59.85%
iter 12500: loss 4.0941, time 4096.03ms, mfu 59.87%
iter 12510: loss 4.0504, time 4091.59ms, mfu 59.90%
iter 12520: loss 4.1422, time 4107.82ms, mfu 59.90%
iter 12530: loss 4.0064, time 4108.80ms, mfu 59.90%
iter 12540: loss 4.0967, time 4110.93ms, mfu 59.90%
iter 12550: loss 4.1406, time 4105.05ms, mfu 59.90%
iter 12560: loss 4.0723, time 4099.37ms, mfu 59.91%
iter 12570: loss 4.1329, time 4108.94ms, mfu 59.91%
iter 12580: loss 3.9835, time 4101.37ms, mfu 59.92%
iter 12590: loss 4.1101, time 4103.82ms, mfu 59.92%
iter 12600: loss 4.0967, time 4100.84ms, mfu 59.93%
iter 12610: loss 4.0667, time 4100.95ms, mfu 59.94%
iter 12620: loss 4.0397, time 4109.82ms, mfu 59.93%
iter 12630: loss 4.1640, time 4107.27ms, mfu 59.93%
iter 12640: loss 4.0422, time 4106.83ms, mfu 59.93%
iter 12650: loss 4.0258, time 4105.34ms, mfu 59.93%
iter 12660: loss 4.0682, time 4101.09ms, mfu 59.94%
iter 12670: loss 4.0051, time 4105.02ms, mfu 59.94%
iter 12680: loss 4.0815, time 4101.47ms, mfu 59.94%
iter 12690: loss 4.0734, time 4101.08ms, mfu 59.95%
iter 12700: loss 4.0116, time 4110.17ms, mfu 59.94%
iter 12710: loss 3.9686, time 4105.97ms, mfu 59.94%
iter 12720: loss 4.0771, time 4108.59ms, mfu 59.94%
iter 12730: loss 4.0367, time 4107.60ms, mfu 59.93%
iter 12740: loss 4.0981, time 4113.23ms, mfu 59.92%
iter 12750: loss 4.0472, time 4108.76ms, mfu 59.92%
iter 12760: loss 4.0608, time 4102.85ms, mfu 59.93%
iter 12770: loss 4.1073, time 4099.71ms, mfu 59.94%
iter 12780: loss 4.0435, time 4103.34ms, mfu 59.94%
iter 12790: loss 4.0865, time 4109.38ms, mfu 59.93%
iter 12800: loss 4.1386, time 4099.60ms, mfu 59.94%
iter 12810: loss 4.0051, time 4101.57ms, mfu 59.95%
iter 12820: loss 4.0685, time 4106.56ms, mfu 59.95%
iter 12830: loss 4.0602, time 4107.62ms, mfu 59.94%
iter 12840: loss 4.0405, time 4120.29ms, mfu 59.92%
iter 12850: loss 4.0351, time 4104.40ms, mfu 59.92%
iter 12860: loss 4.1213, time 4109.56ms, mfu 59.92%
iter 12870: loss 4.0775, time 4111.68ms, mfu 59.91%
iter 12880: loss 4.0629, time 4107.99ms, mfu 59.91%
iter 12890: loss 4.0709, time 4103.66ms, mfu 59.92%
iter 12900: loss 4.0788, time 4116.19ms, mfu 59.90%
iter 12910: loss 4.0293, time 4108.70ms, mfu 59.90%
iter 12920: loss 4.0451, time 4112.64ms, mfu 59.89%
iter 12930: loss 4.1221, time 4112.64ms, mfu 59.89%
iter 12940: loss 4.0586, time 4111.11ms, mfu 59.89%
iter 12950: loss 4.0601, time 4106.49ms, mfu 59.89%
iter 12960: loss 4.1415, time 4111.14ms, mfu 59.89%
iter 12970: loss 4.1135, time 4115.59ms, mfu 59.88%
iter 12980: loss 4.0398, time 4102.25ms, mfu 59.89%
iter 12990: loss 4.1499, time 4109.96ms, mfu 59.89%
step 13000: train loss 3.9061, val loss 3.9206
saving checkpoint to /net/scratch2/junyuren/nanoGPT-manifold/out-openwebtext-rank99
iter 13000: loss 4.1492, time 23484.48ms, mfu 54.95%
iter 13010: loss 4.0660, time 4103.72ms, mfu 55.45%
iter 13020: loss 4.0405, time 4115.72ms, mfu 55.88%
iter 13030: loss 4.0425, time 4110.10ms, mfu 56.28%
iter 13040: loss 4.0506, time 4105.95ms, mfu 56.65%
iter 13050: loss 3.9967, time 4110.32ms, mfu 56.97%
iter 13060: loss 4.0054, time 4100.98ms, mfu 57.27%
iter 13070: loss 4.0244, time 4107.77ms, mfu 57.53%
iter 13080: loss 4.0995, time 4106.99ms, mfu 57.77%
iter 13090: loss 4.0192, time 4108.79ms, mfu 57.98%
iter 13100: loss 4.0941, time 4099.05ms, mfu 58.19%
iter 13110: loss 4.1057, time 4100.66ms, mfu 58.37%
iter 13120: loss 4.1419, time 4102.72ms, mfu 58.53%
iter 13130: loss 3.9898, time 4108.82ms, mfu 58.67%
iter 13140: loss 4.0222, time 4113.96ms, mfu 58.78%
iter 13150: loss 4.0448, time 4102.90ms, mfu 58.90%
iter 13160: loss 4.1093, time 4104.94ms, mfu 59.01%
iter 13170: loss 4.0327, time 4100.99ms, mfu 59.11%
iter 13180: loss 4.0504, time 4101.83ms, mfu 59.19%
iter 13190: loss 4.1323, time 4109.18ms, mfu 59.26%
iter 13200: loss 3.9486, time 4103.13ms, mfu 59.33%
iter 13210: loss 4.1054, time 4104.78ms, mfu 59.40%
iter 13220: loss 4.0927, time 4107.23ms, mfu 59.45%
iter 13230: loss 4.0380, time 4101.17ms, mfu 59.50%
iter 13240: loss 4.0417, time 4104.94ms, mfu 59.55%
iter 13250: loss 3.9788, time 4102.89ms, mfu 59.59%
iter 13260: loss 4.0500, time 4107.13ms, mfu 59.62%
iter 13270: loss 4.1586, time 4102.28ms, mfu 59.66%
iter 13280: loss 3.9814, time 4107.60ms, mfu 59.68%
iter 13290: loss 4.1368, time 4101.23ms, mfu 59.72%
iter 13300: loss 4.1285, time 4102.90ms, mfu 59.74%
iter 13310: loss 4.0700, time 4099.04ms, mfu 59.77%
iter 13320: loss 4.1606, time 4101.96ms, mfu 59.79%
iter 13330: loss 4.1288, time 4099.14ms, mfu 59.82%
iter 13340: loss 4.0857, time 4098.00ms, mfu 59.84%
iter 13350: loss 4.1338, time 4102.59ms, mfu 59.85%
iter 13360: loss 4.0543, time 4107.44ms, mfu 59.86%
iter 13370: loss 4.1576, time 4091.30ms, mfu 59.89%
iter 13380: loss 4.0983, time 4101.87ms, mfu 59.90%
iter 13390: loss 4.0821, time 4099.82ms, mfu 59.91%
iter 13400: loss 4.1672, time 4101.89ms, mfu 59.92%
iter 13410: loss 4.0321, time 4106.44ms, mfu 59.92%
iter 13420: loss 3.9084, time 4097.78ms, mfu 59.93%
iter 13430: loss 4.0264, time 4103.15ms, mfu 59.94%
iter 13440: loss 4.0667, time 4099.63ms, mfu 59.95%
iter 13450: loss 4.1099, time 4097.24ms, mfu 59.96%
iter 13460: loss 4.0857, time 4099.80ms, mfu 59.96%
iter 13470: loss 3.9808, time 4104.07ms, mfu 59.96%
iter 13480: loss 4.0740, time 4100.16ms, mfu 59.97%
iter 13490: loss 4.0126, time 4104.11ms, mfu 59.97%
iter 13500: loss 4.0304, time 4109.30ms, mfu 59.96%
iter 13510: loss 4.1458, time 4099.16ms, mfu 59.97%
iter 13520: loss 4.0887, time 4094.38ms, mfu 59.98%
iter 13530: loss 4.0709, time 4115.99ms, mfu 59.96%
iter 13540: loss 4.1015, time 4111.84ms, mfu 59.95%
iter 13550: loss 4.0540, time 4108.39ms, mfu 59.94%
iter 13560: loss 4.0637, time 4102.60ms, mfu 59.95%
iter 13570: loss 4.0430, time 4119.37ms, mfu 59.93%
iter 13580: loss 4.0627, time 4104.06ms, mfu 59.93%
iter 13590: loss 4.1007, time 4101.83ms, mfu 59.94%
iter 13600: loss 4.1204, time 4103.00ms, mfu 59.94%
iter 13610: loss 4.1628, time 4103.95ms, mfu 59.94%
iter 13620: loss 4.0152, time 4109.18ms, mfu 59.94%
iter 13630: loss 4.0942, time 4109.00ms, mfu 59.93%
iter 13640: loss 4.0973, time 4093.27ms, mfu 59.95%
iter 13650: loss 4.0434, time 4096.85ms, mfu 59.96%
iter 13660: loss 4.0728, time 4105.30ms, mfu 59.96%
iter 13670: loss 4.1190, time 4105.97ms, mfu 59.96%
iter 13680: loss 4.0573, time 4092.76ms, mfu 59.97%
iter 13690: loss 4.1166, time 4101.06ms, mfu 59.98%
iter 13700: loss 4.1134, time 4107.56ms, mfu 59.97%
iter 13710: loss 4.0950, time 4102.39ms, mfu 59.97%
iter 13720: loss 4.1300, time 4102.22ms, mfu 59.97%
iter 13730: loss 3.9860, time 4101.48ms, mfu 59.98%
iter 13740: loss 3.9459, time 4093.61ms, mfu 59.99%
iter 13750: loss 4.1131, time 4102.73ms, mfu 59.99%
iter 13760: loss 4.0802, time 4089.24ms, mfu 60.01%
iter 13770: loss 4.1809, time 4100.18ms, mfu 60.01%
iter 13780: loss 4.0326, time 4094.70ms, mfu 60.02%
iter 13790: loss 4.0282, time 4097.10ms, mfu 60.02%
iter 13800: loss 4.0333, time 4098.87ms, mfu 60.02%
iter 13810: loss 4.0715, time 4111.82ms, mfu 60.00%
iter 13820: loss 4.0581, time 4105.92ms, mfu 60.00%
iter 13830: loss 4.0373, time 4102.77ms, mfu 60.00%
iter 13840: loss 4.0802, time 4101.10ms, mfu 60.00%
iter 13850: loss 4.0942, time 4098.58ms, mfu 60.00%
iter 13860: loss 4.0738, time 4110.87ms, mfu 59.99%
iter 13870: loss 4.0808, time 4096.52ms, mfu 59.99%
iter 13880: loss 4.0001, time 4094.50ms, mfu 60.01%
iter 13890: loss 4.1228, time 4094.95ms, mfu 60.01%
iter 13900: loss 4.1631, time 4097.95ms, mfu 60.02%
iter 13910: loss 4.0223, time 4096.43ms, mfu 60.02%
iter 13920: loss 4.0662, time 4096.95ms, mfu 60.03%
iter 13930: loss 4.0238, time 4100.02ms, mfu 60.03%
iter 13940: loss 4.0443, time 4099.74ms, mfu 60.03%
iter 13950: loss 4.1164, time 4097.12ms, mfu 60.03%
iter 13960: loss 4.1028, time 4103.24ms, mfu 60.02%
iter 13970: loss 4.0718, time 4099.82ms, mfu 60.02%
iter 13980: loss 4.0340, time 4105.01ms, mfu 60.02%
iter 13990: loss 4.0524, time 4108.95ms, mfu 60.00%
step 14000: train loss 3.9602, val loss 3.9770
saving checkpoint to /net/scratch2/junyuren/nanoGPT-manifold/out-openwebtext-rank99
iter 14000: loss 4.0634, time 23395.86ms, mfu 55.05%
iter 14010: loss 4.0767, time 4093.48ms, mfu 55.56%
iter 14020: loss 4.0264, time 4096.19ms, mfu 56.01%
iter 14030: loss 4.0863, time 4105.69ms, mfu 56.40%
iter 14040: loss 4.0830, time 4096.44ms, mfu 56.77%
iter 14050: loss 4.0606, time 4103.74ms, mfu 57.09%
iter 14060: loss 4.1051, time 4107.50ms, mfu 57.37%
iter 14070: loss 4.0190, time 4099.63ms, mfu 57.64%
iter 14080: loss 4.0429, time 4098.29ms, mfu 57.88%
iter 14090: loss 4.0697, time 4101.86ms, mfu 58.09%
iter 14100: loss 4.1111, time 4100.56ms, mfu 58.28%
iter 14110: loss 4.0355, time 4098.04ms, mfu 58.46%
iter 14120: loss 4.1002, time 4098.12ms, mfu 58.62%
iter 14130: loss 4.1914, time 4101.24ms, mfu 58.76%
iter 14140: loss 4.0070, time 4099.94ms, mfu 58.88%
iter 14150: loss 4.1480, time 4107.78ms, mfu 58.98%
iter 14160: loss 4.0372, time 4096.92ms, mfu 59.09%
iter 14170: loss 4.0179, time 4109.43ms, mfu 59.17%
iter 14180: loss 4.0623, time 4100.15ms, mfu 59.26%
iter 14190: loss 4.0841, time 4109.09ms, mfu 59.32%
iter 14200: loss 4.0943, time 4105.41ms, mfu 59.38%
iter 14210: loss 4.1120, time 4098.96ms, mfu 59.45%
iter 14220: loss 4.0925, time 4096.78ms, mfu 59.51%
iter 14230: loss 4.0720, time 4099.11ms, mfu 59.56%
iter 14240: loss 4.0571, time 4107.08ms, mfu 59.60%
iter 14250: loss 4.0767, time 4098.07ms, mfu 59.64%
iter 14260: loss 4.0492, time 4096.52ms, mfu 59.68%
iter 14270: loss 4.0244, time 4096.73ms, mfu 59.72%
iter 14280: loss 4.0563, time 4107.46ms, mfu 59.74%
iter 14290: loss 4.0418, time 4097.75ms, mfu 59.77%
iter 14300: loss 4.0081, time 4102.60ms, mfu 59.79%
iter 14310: loss 4.1156, time 4118.00ms, mfu 59.79%
iter 14320: loss 4.0217, time 4105.50ms, mfu 59.80%
iter 14330: loss 4.0619, time 4101.42ms, mfu 59.82%
iter 14340: loss 4.1169, time 4097.47ms, mfu 59.85%
iter 14350: loss 3.9827, time 4100.56ms, mfu 59.86%
iter 14360: loss 4.1209, time 4101.19ms, mfu 59.88%
iter 14370: loss 4.0138, time 4101.75ms, mfu 59.89%
iter 14380: loss 4.1512, time 4095.28ms, mfu 59.91%
iter 14390: loss 4.0713, time 4098.19ms, mfu 59.92%
iter 14400: loss 4.1070, time 4100.96ms, mfu 59.93%
iter 14410: loss 4.1309, time 4100.98ms, mfu 59.94%
iter 14420: loss 4.0765, time 4108.98ms, mfu 59.93%
iter 14430: loss 4.1030, time 4107.63ms, mfu 59.93%
iter 14440: loss 4.1119, time 4091.85ms, mfu 59.95%
iter 14450: loss 4.0389, time 4099.16ms, mfu 59.96%
iter 14460: loss 4.0441, time 4097.58ms, mfu 59.97%
iter 14470: loss 4.1556, time 4094.19ms, mfu 59.98%
iter 14480: loss 4.1036, time 4088.26ms, mfu 60.00%
iter 14490: loss 4.1288, time 4098.47ms, mfu 60.01%
iter 14500: loss 3.8450, time 4100.21ms, mfu 60.01%
iter 14510: loss 4.1425, time 4101.80ms, mfu 60.01%
iter 14520: loss 4.0415, time 4100.72ms, mfu 60.01%
iter 14530: loss 4.0851, time 4101.45ms, mfu 60.01%
iter 14540: loss 4.0471, time 4098.19ms, mfu 60.01%
iter 14550: loss 4.0578, time 4102.85ms, mfu 60.01%
iter 14560: loss 4.0617, time 4112.16ms, mfu 59.99%
iter 14570: loss 3.9915, time 4095.93ms, mfu 60.00%
iter 14580: loss 4.1193, time 4096.59ms, mfu 60.01%
iter 14590: loss 4.0821, time 4109.81ms, mfu 59.99%
iter 14600: loss 4.0696, time 4105.60ms, mfu 59.99%
iter 14610: loss 3.9106, time 4093.79ms, mfu 60.00%
iter 14620: loss 4.0602, time 4096.29ms, mfu 60.01%
iter 14630: loss 4.0889, time 4092.69ms, mfu 60.02%
iter 14640: loss 4.0761, time 4102.54ms, mfu 60.01%
iter 14650: loss 4.0437, time 4096.71ms, mfu 60.02%
iter 14660: loss 4.0794, time 4100.35ms, mfu 60.02%
iter 14670: loss 4.0285, time 4102.80ms, mfu 60.02%
iter 14680: loss 4.1002, time 4099.24ms, mfu 60.02%
iter 14690: loss 4.0225, time 4101.89ms, mfu 60.01%
iter 14700: loss 4.0412, time 4096.36ms, mfu 60.02%
iter 14710: loss 4.0230, time 4107.09ms, mfu 60.01%
iter 14720: loss 4.1133, time 4100.41ms, mfu 60.01%
iter 14730: loss 4.0578, time 4093.85ms, mfu 60.02%
iter 14740: loss 4.0670, time 4104.71ms, mfu 60.01%
iter 14750: loss 4.0981, time 4092.63ms, mfu 60.02%
iter 14760: loss 4.0393, time 4095.05ms, mfu 60.03%
iter 14770: loss 4.0972, time 4104.66ms, mfu 60.02%
iter 14780: loss 4.0446, time 4105.54ms, mfu 60.01%
iter 14790: loss 4.0736, time 4093.81ms, mfu 60.02%
iter 14800: loss 4.1229, time 4090.13ms, mfu 60.04%
iter 14810: loss 4.0744, time 4097.67ms, mfu 60.04%
iter 14820: loss 4.0557, time 4095.49ms, mfu 60.04%
iter 14830: loss 3.9589, time 4104.45ms, mfu 60.03%
iter 14840: loss 4.0646, time 4105.92ms, mfu 60.02%
iter 14850: loss 4.0991, time 4093.89ms, mfu 60.03%
iter 14860: loss 4.1082, time 4096.93ms, mfu 60.04%
iter 14870: loss 4.0011, time 4099.57ms, mfu 60.04%
iter 14880: loss 4.0300, time 4087.59ms, mfu 60.05%
iter 14890: loss 4.0885, time 4096.68ms, mfu 60.05%
iter 14900: loss 4.0318, time 4117.54ms, mfu 60.02%
iter 14910: loss 4.0707, time 4103.32ms, mfu 60.02%
iter 14920: loss 4.0316, time 4100.96ms, mfu 60.02%
iter 14930: loss 4.0439, time 4105.20ms, mfu 60.01%
iter 14940: loss 4.1100, time 4101.41ms, mfu 60.01%
iter 14950: loss 4.0787, time 4103.24ms, mfu 60.01%
iter 14960: loss 4.0535, time 4096.45ms, mfu 60.01%
iter 14970: loss 4.0904, time 4107.12ms, mfu 60.00%
iter 14980: loss 4.0685, time 4096.55ms, mfu 60.01%
iter 14990: loss 4.1011, time 4110.79ms, mfu 59.99%
step 15000: train loss 3.9738, val loss 3.9798
saving checkpoint to /net/scratch2/junyuren/nanoGPT-manifold/out-openwebtext-rank99
iter 15000: loss 4.0832, time 23354.69ms, mfu 55.05%
iter 15010: loss 4.0264, time 4094.19ms, mfu 55.55%
iter 15020: loss 4.0743, time 4093.49ms, mfu 56.01%
iter 15030: loss 4.0814, time 4095.18ms, mfu 56.42%
iter 15040: loss 4.0439, time 4098.05ms, mfu 56.78%
iter 15050: loss 4.0140, time 4092.39ms, mfu 57.12%
iter 15060: loss 3.9434, time 4101.59ms, mfu 57.40%
iter 15070: loss 4.0867, time 4098.77ms, mfu 57.67%
iter 15080: loss 4.0735, time 4099.83ms, mfu 57.90%
iter 15090: loss 4.0350, time 4095.73ms, mfu 58.12%
iter 15100: loss 4.0385, time 4097.04ms, mfu 58.31%
iter 15110: loss 4.0643, time 4103.01ms, mfu 58.48%
iter 15120: loss 4.0785, time 4089.91ms, mfu 58.65%
iter 15130: loss 4.0213, time 4092.78ms, mfu 58.80%
iter 15140: loss 4.1317, time 4105.11ms, mfu 58.91%
iter 15150: loss 4.1278, time 4098.62ms, mfu 59.02%
iter 15160: loss 4.0896, time 4093.98ms, mfu 59.13%
iter 15170: loss 3.9791, time 4092.92ms, mfu 59.23%
iter 15180: loss 4.0297, time 4101.36ms, mfu 59.31%
iter 15190: loss 3.9795, time 4115.54ms, mfu 59.36%
iter 15200: loss 4.0841, time 4108.04ms, mfu 59.41%
iter 15210: loss 4.1004, time 4096.87ms, mfu 59.48%
iter 15220: loss 4.0421, time 4104.05ms, mfu 59.52%
iter 15230: loss 3.9709, time 4090.27ms, mfu 59.59%
iter 15240: loss 4.0943, time 4098.83ms, mfu 59.63%
iter 15250: loss 4.0480, time 4098.52ms, mfu 59.67%
iter 15260: loss 4.1519, time 4108.09ms, mfu 59.70%
iter 15270: loss 4.0283, time 4093.54ms, mfu 59.74%
iter 15280: loss 4.1204, time 4095.74ms, mfu 59.77%
iter 15290: loss 4.0856, time 4102.28ms, mfu 59.79%
iter 15300: loss 4.0493, time 4106.66ms, mfu 59.81%
iter 15310: loss 4.1010, time 4103.84ms, mfu 59.82%
iter 15320: loss 4.0933, time 4093.30ms, mfu 59.85%
iter 15330: loss 4.0656, time 4084.64ms, mfu 59.89%
iter 15340: loss 4.0669, time 4107.69ms, mfu 59.89%
iter 15350: loss 4.0390, time 4107.91ms, mfu 59.89%
iter 15360: loss 4.0705, time 4106.72ms, mfu 59.90%
iter 15370: loss 4.0131, time 4101.86ms, mfu 59.91%
iter 15380: loss 3.9784, time 4104.54ms, mfu 59.91%
iter 15390: loss 4.1234, time 4110.52ms, mfu 59.91%
iter 15400: loss 4.0403, time 4089.88ms, mfu 59.93%
iter 15410: loss 4.0719, time 4099.25ms, mfu 59.94%
iter 15420: loss 4.0751, time 4103.19ms, mfu 59.94%
iter 15430: loss 4.1596, time 4098.48ms, mfu 59.95%
iter 15440: loss 4.0862, time 4100.90ms, mfu 59.96%
iter 15450: loss 4.1487, time 4095.10ms, mfu 59.97%
iter 15460: loss 4.0250, time 4103.19ms, mfu 59.97%
iter 15470: loss 4.0176, time 4102.08ms, mfu 59.97%
iter 15480: loss 4.0578, time 4101.23ms, mfu 59.98%
iter 15490: loss 4.0821, time 4100.01ms, mfu 59.98%
iter 15500: loss 4.1034, time 4090.75ms, mfu 60.00%
iter 15510: loss 4.0798, time 4088.45ms, mfu 60.02%
iter 15520: loss 4.0120, time 4098.86ms, mfu 60.02%
iter 15530: loss 4.0309, time 4091.52ms, mfu 60.03%
iter 15540: loss 4.0746, time 4105.53ms, mfu 60.02%
iter 15550: loss 3.9835, time 4094.65ms, mfu 60.03%
iter 15560: loss 4.0063, time 4102.13ms, mfu 60.03%
iter 15570: loss 4.0639, time 4112.87ms, mfu 60.01%
iter 15580: loss 4.0226, time 4102.31ms, mfu 60.00%
iter 15590: loss 4.1233, time 4089.12ms, mfu 60.02%
iter 15600: loss 4.0377, time 4098.60ms, mfu 60.02%
iter 15610: loss 4.1653, time 4099.10ms, mfu 60.02%
iter 15620: loss 4.0513, time 4095.27ms, mfu 60.03%
iter 15630: loss 4.0756, time 4096.68ms, mfu 60.03%
iter 15640: loss 4.0230, time 4105.67ms, mfu 60.02%
iter 15650: loss 4.0502, time 4103.92ms, mfu 60.02%
iter 15660: loss 4.1185, time 4101.78ms, mfu 60.02%
iter 15670: loss 4.1079, time 4097.55ms, mfu 60.02%
iter 15680: loss 4.1057, time 4094.01ms, mfu 60.03%
iter 15690: loss 4.1496, time 4100.72ms, mfu 60.03%
iter 15700: loss 4.0619, time 4098.17ms, mfu 60.03%
iter 15710: loss 4.0651, time 4106.60ms, mfu 60.02%
iter 15720: loss 4.0966, time 4099.28ms, mfu 60.02%
iter 15730: loss 4.0834, time 4109.37ms, mfu 60.01%
iter 15740: loss 3.9965, time 4095.58ms, mfu 60.01%
iter 15750: loss 4.0427, time 4104.76ms, mfu 60.01%
iter 15760: loss 4.1297, time 4101.07ms, mfu 60.01%
iter 15770: loss 4.1670, time 4110.20ms, mfu 59.99%
iter 15780: loss 4.0287, time 4116.76ms, mfu 59.97%
iter 15790: loss 4.0651, time 4098.34ms, mfu 59.98%
iter 15800: loss 4.0462, time 4106.03ms, mfu 59.97%
iter 15810: loss 4.0535, time 4100.73ms, mfu 59.98%
iter 15820: loss 4.0433, time 4104.31ms, mfu 59.97%
iter 15830: loss 4.0724, time 4101.07ms, mfu 59.98%
iter 15840: loss 4.0583, time 4102.09ms, mfu 59.98%
iter 15850: loss 4.0750, time 4103.58ms, mfu 59.98%
iter 15860: loss 4.0629, time 4106.14ms, mfu 59.97%
iter 15870: loss 4.1949, time 4105.20ms, mfu 59.97%
iter 15880: loss 3.9895, time 4095.78ms, mfu 59.98%
iter 15890: loss 4.1012, time 4092.22ms, mfu 60.00%
iter 15900: loss 3.9716, time 4098.84ms, mfu 60.00%
iter 15910: loss 4.0681, time 4098.00ms, mfu 60.00%
iter 15920: loss 4.0628, time 4101.19ms, mfu 60.00%
iter 15930: loss 4.0008, time 4090.55ms, mfu 60.02%
iter 15940: loss 4.0734, time 4106.81ms, mfu 60.01%
iter 15950: loss 4.0185, time 4098.42ms, mfu 60.01%
iter 15960: loss 4.0870, time 4099.44ms, mfu 60.01%
iter 15970: loss 3.9772, time 4100.44ms, mfu 60.01%
iter 15980: loss 4.0339, time 4105.55ms, mfu 60.01%
iter 15990: loss 4.0637, time 4093.85ms, mfu 60.02%
step 16000: train loss 3.9645, val loss 3.9728
saving checkpoint to /net/scratch2/junyuren/nanoGPT-manifold/out-openwebtext-rank99
iter 16000: loss 3.9983, time 23413.48ms, mfu 55.07%
iter 16010: loss 4.0462, time 4085.77ms, mfu 55.58%
iter 16020: loss 4.0183, time 4103.41ms, mfu 56.02%
iter 16030: loss 4.0613, time 4097.96ms, mfu 56.42%
iter 16040: loss 4.0744, time 4097.73ms, mfu 56.79%
iter 16050: loss 3.9927, time 4104.08ms, mfu 57.10%
iter 16060: loss 4.0385, time 4097.22ms, mfu 57.40%
iter 16070: loss 4.0757, time 4101.98ms, mfu 57.66%
iter 16080: loss 4.0755, time 4095.07ms, mfu 57.90%
iter 16090: loss 4.0663, time 4099.29ms, mfu 58.11%
iter 16100: loss 4.0477, time 4095.15ms, mfu 58.31%
iter 16110: loss 4.0029, time 4099.73ms, mfu 58.48%
iter 16120: loss 4.0976, time 4103.49ms, mfu 58.63%
iter 16130: loss 4.1107, time 4095.38ms, mfu 58.78%
iter 16140: loss 3.9999, time 4098.97ms, mfu 58.90%
iter 16150: loss 4.0216, time 4098.96ms, mfu 59.02%
iter 16160: loss 4.0823, time 4102.15ms, mfu 59.11%
iter 16170: loss 4.0897, time 4094.41ms, mfu 59.21%
iter 16180: loss 4.0974, time 4097.67ms, mfu 59.30%
iter 16190: loss 4.0787, time 4104.00ms, mfu 59.36%
iter 16200: loss 4.0921, time 4093.09ms, mfu 59.44%
iter 16210: loss 4.0412, time 4103.80ms, mfu 59.49%
iter 16220: loss 4.0686, time 4100.75ms, mfu 59.54%
iter 16230: loss 4.0587, time 4103.92ms, mfu 59.58%
iter 16240: loss 4.0238, time 4098.13ms, mfu 59.63%
iter 16250: loss 4.0499, time 4101.73ms, mfu 59.67%
iter 16260: loss 4.0472, time 4101.93ms, mfu 59.70%
iter 16270: loss 4.1017, time 4098.55ms, mfu 59.73%
iter 16280: loss 4.0980, time 4104.09ms, mfu 59.76%
iter 16290: loss 3.9647, time 4097.03ms, mfu 59.79%
iter 16300: loss 4.0955, time 4103.10ms, mfu 59.81%
iter 16310: loss 4.0178, time 4104.85ms, mfu 59.82%
iter 16320: loss 4.0711, time 4095.22ms, mfu 59.85%
iter 16330: loss 4.0309, time 4103.57ms, mfu 59.86%
iter 16340: loss 3.9704, time 4100.37ms, mfu 59.87%
iter 16350: loss 4.0774, time 4098.07ms, mfu 59.89%
iter 16360: loss 4.0760, time 4096.64ms, mfu 59.91%
iter 16370: loss 4.1105, time 4104.89ms, mfu 59.91%
iter 16380: loss 4.0804, time 4100.73ms, mfu 59.92%
iter 16390: loss 4.0343, time 4098.88ms, mfu 59.93%
iter 16400: loss 4.0875, time 4100.74ms, mfu 59.94%
iter 16410: loss 4.0709, time 4106.44ms, mfu 59.94%
iter 16420: loss 4.1205, time 4106.52ms, mfu 59.94%
iter 16430: loss 4.0750, time 4099.89ms, mfu 59.95%
iter 16440: loss 3.9916, time 4095.74ms, mfu 59.96%
iter 16450: loss 4.0658, time 4102.41ms, mfu 59.96%
iter 16460: loss 3.9438, time 4098.96ms, mfu 59.97%
iter 16470: loss 4.0520, time 4091.34ms, mfu 59.99%
iter 16480: loss 4.0398, time 4094.07ms, mfu 60.00%
iter 16490: loss 4.0508, time 4098.31ms, mfu 60.00%
iter 16500: loss 4.0385, time 4095.13ms, mfu 60.01%
iter 16510: loss 4.0681, time 4102.70ms, mfu 60.01%
iter 16520: loss 4.0095, time 4096.78ms, mfu 60.01%
iter 16530: loss 4.0636, time 4098.81ms, mfu 60.02%
iter 16540: loss 4.0009, time 4093.31ms, mfu 60.03%
iter 16550: loss 4.0930, time 4112.53ms, mfu 60.01%
iter 16560: loss 4.0885, time 4096.75ms, mfu 60.01%
iter 16570: loss 4.0441, time 4098.04ms, mfu 60.02%
iter 16580: loss 4.0509, time 4098.85ms, mfu 60.02%
iter 16590: loss 4.0365, time 4105.24ms, mfu 60.01%
iter 16600: loss 4.0569, time 4101.92ms, mfu 60.01%
iter 16610: loss 3.9704, time 4100.17ms, mfu 60.01%
iter 16620: loss 4.0361, time 4099.89ms, mfu 60.01%
iter 16630: loss 4.0781, time 4099.69ms, mfu 60.01%
iter 16640: loss 4.0509, time 4104.48ms, mfu 60.01%
iter 16650: loss 4.0042, time 4105.92ms, mfu 60.00%
iter 16660: loss 4.0030, time 4099.72ms, mfu 60.00%
iter 16670: loss 4.0941, time 4103.96ms, mfu 60.00%
iter 16680: loss 4.1394, time 4092.23ms, mfu 60.01%
iter 16690: loss 4.0074, time 4100.97ms, mfu 60.01%
iter 16700: loss 4.0273, time 4094.97ms, mfu 60.02%
iter 16710: loss 4.0315, time 4093.41ms, mfu 60.03%
iter 16720: loss 4.0397, time 4101.23ms, mfu 60.03%
iter 16730: loss 4.0702, time 4103.36ms, mfu 60.02%
iter 16740: loss 4.0857, time 4094.68ms, mfu 60.03%
iter 16750: loss 4.0084, time 4104.00ms, mfu 60.02%
iter 16760: loss 3.9930, time 4101.60ms, mfu 60.02%
iter 16770: loss 4.0046, time 4102.62ms, mfu 60.01%
iter 16780: loss 4.1148, time 4109.84ms, mfu 60.00%
iter 16790: loss 4.0355, time 4103.44ms, mfu 60.00%
iter 16800: loss 4.1077, time 4102.38ms, mfu 60.00%
iter 16810: loss 4.1114, time 4099.46ms, mfu 60.00%
iter 16820: loss 4.0620, time 4102.09ms, mfu 60.00%
iter 16830: loss 4.0960, time 4107.76ms, mfu 59.99%
iter 16840: loss 4.1371, time 4104.37ms, mfu 59.99%
iter 16850: loss 4.0369, time 4100.26ms, mfu 59.99%
iter 16860: loss 4.0563, time 4108.35ms, mfu 59.98%
iter 16870: loss 4.1381, time 4103.88ms, mfu 59.98%
iter 16880: loss 4.0474, time 4100.16ms, mfu 59.98%
iter 16890: loss 3.9795, time 4106.28ms, mfu 59.98%
iter 16900: loss 4.0962, time 4107.88ms, mfu 59.97%
iter 16910: loss 4.0250, time 4104.56ms, mfu 59.97%
iter 16920: loss 4.0958, time 4103.14ms, mfu 59.97%
iter 16930: loss 3.9041, time 4101.52ms, mfu 59.97%
iter 16940: loss 4.1320, time 4099.34ms, mfu 59.98%
iter 16950: loss 4.0225, time 4100.34ms, mfu 59.98%
iter 16960: loss 4.1370, time 4098.14ms, mfu 59.99%
iter 16970: loss 4.0449, time 4100.12ms, mfu 59.99%
iter 16980: loss 4.0629, time 4104.51ms, mfu 59.99%
iter 16990: loss 3.9972, time 4089.72ms, mfu 60.00%
step 17000: train loss 3.9824, val loss 3.9930
saving checkpoint to /net/scratch2/junyuren/nanoGPT-manifold/out-openwebtext-rank99
iter 17000: loss 4.0285, time 23729.38ms, mfu 55.04%
iter 17010: loss 4.1021, time 4104.37ms, mfu 55.53%
iter 17020: loss 3.9799, time 4105.90ms, mfu 55.97%
iter 17030: loss 4.0270, time 4111.36ms, mfu 56.36%
iter 17040: loss 4.0607, time 4103.25ms, mfu 56.72%
iter 17050: loss 4.0299, time 4103.11ms, mfu 57.05%
iter 17060: loss 4.0693, time 4106.53ms, mfu 57.33%
iter 17070: loss 4.0752, time 4105.98ms, mfu 57.59%
iter 17080: loss 4.0569, time 4105.59ms, mfu 57.83%
iter 17090: loss 4.0403, time 4099.74ms, mfu 58.05%
iter 17100: loss 4.1368, time 4102.57ms, mfu 58.24%
iter 17110: loss 4.1319, time 4100.90ms, mfu 58.42%
iter 17120: loss 4.0470, time 4102.46ms, mfu 58.57%
iter 17130: loss 3.9906, time 4108.85ms, mfu 58.71%
iter 17140: loss 4.0820, time 4102.44ms, mfu 58.83%
iter 17150: loss 4.0286, time 4096.41ms, mfu 58.96%
iter 17160: loss 4.0277, time 4111.66ms, mfu 59.05%
iter 17170: loss 4.0217, time 4101.19ms, mfu 59.14%
iter 17180: loss 4.0439, time 4102.59ms, mfu 59.23%
iter 17190: loss 4.0620, time 4099.27ms, mfu 59.31%
iter 17200: loss 4.0507, time 4102.86ms, mfu 59.37%
iter 17210: loss 3.9969, time 4105.19ms, mfu 59.43%
iter 17220: loss 4.0791, time 4112.10ms, mfu 59.47%
iter 17230: loss 4.0388, time 4108.59ms, mfu 59.51%
iter 17240: loss 4.0440, time 4108.62ms, mfu 59.55%
iter 17250: loss 4.0991, time 4102.27ms, mfu 59.59%
iter 17260: loss 3.9799, time 4099.90ms, mfu 59.64%
iter 17270: loss 4.0301, time 4095.01ms, mfu 59.68%
iter 17280: loss 4.0889, time 4107.40ms, mfu 59.71%
iter 17290: loss 4.0690, time 4097.06ms, mfu 59.74%
iter 17300: loss 4.0163, time 4100.43ms, mfu 59.77%
iter 17310: loss 4.0733, time 4115.42ms, mfu 59.77%
iter 17320: loss 3.9595, time 4113.97ms, mfu 59.78%
iter 17330: loss 4.0461, time 4102.61ms, mfu 59.80%
iter 17340: loss 4.0686, time 4099.18ms, mfu 59.82%
iter 17350: loss 4.0673, time 4100.09ms, mfu 59.84%
iter 17360: loss 4.0710, time 4093.88ms, mfu 59.87%
iter 17370: loss 4.0579, time 4099.21ms, mfu 59.88%
iter 17380: loss 4.0249, time 4096.87ms, mfu 59.90%
iter 17390: loss 4.0435, time 4108.55ms, mfu 59.90%
iter 17400: loss 4.0256, time 4097.09ms, mfu 59.92%
iter 17410: loss 4.0041, time 4103.55ms, mfu 59.92%
iter 17420: loss 4.0280, time 4098.90ms, mfu 59.93%
iter 17430: loss 4.1051, time 4106.38ms, mfu 59.93%
iter 17440: loss 4.0622, time 4104.25ms, mfu 59.93%
iter 17450: loss 4.0398, time 4099.81ms, mfu 59.94%
iter 17460: loss 4.0374, time 4097.80ms, mfu 59.95%
iter 17470: loss 4.0289, time 4097.01ms, mfu 59.96%
iter 17480: loss 4.0389, time 4104.50ms, mfu 59.96%
iter 17490: loss 4.0362, time 4100.14ms, mfu 59.97%
iter 17500: loss 4.0401, time 4102.65ms, mfu 59.97%
iter 17510: loss 4.0824, time 4107.82ms, mfu 59.96%
iter 17520: loss 4.0265, time 4100.76ms, mfu 59.97%
iter 17530: loss 3.9955, time 4104.86ms, mfu 59.97%
iter 17540: loss 4.0378, time 4101.03ms, mfu 59.97%
iter 17550: loss 4.0932, time 4094.17ms, mfu 59.98%
iter 17560: loss 4.0742, time 4105.44ms, mfu 59.98%
iter 17570: loss 3.9986, time 4108.07ms, mfu 59.97%
iter 17580: loss 4.0195, time 4098.49ms, mfu 59.98%
iter 17590: loss 4.0516, time 4097.33ms, mfu 59.99%
iter 17600: loss 4.0629, time 4095.79ms, mfu 60.00%
iter 17610: loss 4.0372, time 4102.77ms, mfu 59.99%
iter 17620: loss 4.0601, time 4124.10ms, mfu 59.96%
iter 17630: loss 4.0351, time 4107.01ms, mfu 59.96%
iter 17640: loss 4.0595, time 4094.76ms, mfu 59.97%
iter 17650: loss 3.9860, time 4104.45ms, mfu 59.97%
iter 17660: loss 4.0004, time 4098.70ms, mfu 59.98%
iter 17670: loss 4.0669, time 4105.64ms, mfu 59.97%
iter 17680: loss 4.1165, time 4101.60ms, mfu 59.97%
iter 17690: loss 4.0162, time 4097.66ms, mfu 59.98%
iter 17700: loss 4.0953, time 4102.83ms, mfu 59.98%
iter 17710: loss 4.0618, time 4119.78ms, mfu 59.96%
iter 17720: loss 4.0879, time 4103.69ms, mfu 59.96%
iter 17730: loss 4.0154, time 4106.35ms, mfu 59.95%
iter 17740: loss 4.0153, time 4113.05ms, mfu 59.94%
iter 17750: loss 4.0440, time 4707.69ms, mfu 59.17%
iter 17760: loss 3.9525, time 4105.79ms, mfu 59.25%
iter 17770: loss 4.0709, time 4101.11ms, mfu 59.33%
iter 17780: loss 4.0897, time 4099.08ms, mfu 59.40%
iter 17790: loss 4.0990, time 4093.60ms, mfu 59.47%
iter 17800: loss 4.0384, time 4096.05ms, mfu 59.53%
iter 17810: loss 3.9888, time 4098.39ms, mfu 59.58%
iter 17820: loss 4.0635, time 4100.91ms, mfu 59.62%
iter 17830: loss 4.0686, time 4110.71ms, mfu 59.65%
iter 17840: loss 4.0592, time 4098.89ms, mfu 59.69%
iter 17850: loss 3.9764, time 4099.61ms, mfu 59.72%
iter 17860: loss 4.0654, time 4103.00ms, mfu 59.75%
iter 17870: loss 4.0290, time 4098.24ms, mfu 59.77%
iter 17880: loss 4.0111, time 4107.21ms, mfu 59.79%
iter 17890: loss 4.0182, time 4101.60ms, mfu 59.81%
iter 17900: loss 4.0022, time 4101.16ms, mfu 59.83%
iter 17910: loss 4.1449, time 4099.50ms, mfu 59.85%
iter 17920: loss 4.0531, time 4104.78ms, mfu 59.86%
iter 17930: loss 4.0919, time 4102.46ms, mfu 59.87%
iter 17940: loss 4.1537, time 4097.44ms, mfu 59.89%
iter 17950: loss 4.0032, time 4094.21ms, mfu 59.91%
iter 17960: loss 4.1171, time 4103.97ms, mfu 59.92%
iter 17970: loss 4.0929, time 4104.39ms, mfu 59.92%
iter 17980: loss 4.1141, time 4103.60ms, mfu 59.92%
iter 17990: loss 4.0494, time 4111.56ms, mfu 59.92%
step 18000: train loss 4.0098, val loss 4.0213
saving checkpoint to /net/scratch2/junyuren/nanoGPT-manifold/out-openwebtext-rank99
iter 18000: loss 4.0865, time 23401.71ms, mfu 54.98%
iter 18010: loss 4.0676, time 4101.84ms, mfu 55.48%
iter 18020: loss 3.9859, time 4098.02ms, mfu 55.94%
iter 18030: loss 3.9964, time 4108.29ms, mfu 56.33%
iter 18040: loss 4.0395, time 4102.19ms, mfu 56.70%
iter 18050: loss 4.1140, time 4108.17ms, mfu 57.02%
iter 18060: loss 4.0248, time 4100.31ms, mfu 57.32%
iter 18070: loss 4.0007, time 4111.23ms, mfu 57.57%
iter 18080: loss 4.0650, time 4106.56ms, mfu 57.81%
iter 18090: loss 4.0710, time 4101.48ms, mfu 58.03%
iter 18100: loss 4.0449, time 4104.11ms, mfu 58.22%
iter 18110: loss 4.0846, time 4104.04ms, mfu 58.39%
iter 18120: loss 4.0835, time 4102.33ms, mfu 58.55%
iter 18130: loss 4.2177, time 4108.51ms, mfu 58.69%
iter 18140: loss 4.0878, time 4112.00ms, mfu 58.80%
iter 18150: loss 4.0102, time 4103.13ms, mfu 58.92%
iter 18160: loss 4.0226, time 4102.04ms, mfu 59.03%
iter 18170: loss 4.0311, time 4108.24ms, mfu 59.11%
iter 18180: loss 4.0217, time 4110.39ms, mfu 59.19%
iter 18190: loss 4.1435, time 4097.38ms, mfu 59.28%
iter 18200: loss 4.0888, time 4095.55ms, mfu 59.36%
iter 18210: loss 4.0902, time 4118.31ms, mfu 59.40%
iter 18220: loss 4.0039, time 4105.76ms, mfu 59.45%
iter 18230: loss 4.1155, time 4104.41ms, mfu 59.50%
iter 18240: loss 3.9784, time 4100.54ms, mfu 59.55%
iter 18250: loss 4.0525, time 4108.17ms, mfu 59.59%
iter 18260: loss 4.0490, time 4103.56ms, mfu 59.62%
iter 18270: loss 4.0661, time 4103.65ms, mfu 59.66%
iter 18280: loss 4.0804, time 4102.75ms, mfu 59.69%
iter 18290: loss 4.0443, time 4110.12ms, mfu 59.71%
iter 18300: loss 4.0446, time 4105.96ms, mfu 59.73%
iter 18310: loss 3.9875, time 4101.48ms, mfu 59.76%
iter 18320: loss 4.0736, time 4101.84ms, mfu 59.78%
iter 18330: loss 4.0985, time 4101.05ms, mfu 59.80%
iter 18340: loss 4.0479, time 4106.04ms, mfu 59.82%
iter 18350: loss 4.0517, time 4100.38ms, mfu 59.84%
iter 18360: loss 4.0687, time 4101.02ms, mfu 59.85%
iter 18370: loss 4.0232, time 4103.53ms, mfu 59.86%
iter 18380: loss 3.9692, time 4095.14ms, mfu 59.89%
iter 18390: loss 3.9433, time 4101.77ms, mfu 59.90%
iter 18400: loss 4.0048, time 4099.53ms, mfu 59.91%
iter 18410: loss 4.0095, time 4105.29ms, mfu 59.91%
iter 18420: loss 4.1776, time 4104.95ms, mfu 59.92%
iter 18430: loss 4.0343, time 4099.70ms, mfu 59.93%
iter 18440: loss 4.0911, time 4100.30ms, mfu 59.94%
iter 18450: loss 4.0680, time 4102.58ms, mfu 59.94%
iter 18460: loss 4.0836, time 4098.53ms, mfu 59.95%
iter 18470: loss 3.9773, time 4118.28ms, mfu 59.93%
iter 18480: loss 4.0536, time 4100.03ms, mfu 59.94%
iter 18490: loss 4.0880, time 4100.75ms, mfu 59.95%
iter 18500: loss 3.9976, time 4106.53ms, mfu 59.94%
iter 18510: loss 4.1091, time 4093.70ms, mfu 59.96%
iter 18520: loss 4.0318, time 4105.74ms, mfu 59.96%
iter 18530: loss 3.9436, time 4096.59ms, mfu 59.97%
iter 18540: loss 4.0642, time 4094.94ms, mfu 59.98%
iter 18550: loss 4.1446, time 4095.52ms, mfu 59.99%
iter 18560: loss 4.0713, time 4097.63ms, mfu 60.00%
iter 18570: loss 3.9986, time 4106.58ms, mfu 59.99%
iter 18580: loss 4.1179, time 4104.91ms, mfu 59.99%
iter 18590: loss 4.0243, time 4103.54ms, mfu 59.98%
iter 18600: loss 4.0006, time 4095.83ms, mfu 59.99%
iter 18610: loss 4.0574, time 4100.45ms, mfu 60.00%
iter 18620: loss 4.1777, time 4104.54ms, mfu 59.99%
iter 18630: loss 4.0440, time 4102.84ms, mfu 59.99%
iter 18640: loss 4.0709, time 4100.93ms, mfu 59.99%
iter 18650: loss 3.9547, time 4100.75ms, mfu 59.99%
iter 18660: loss 4.0454, time 4097.13ms, mfu 60.00%
iter 18670: loss 4.0894, time 4094.52ms, mfu 60.01%
iter 18680: loss 4.0058, time 4103.08ms, mfu 60.01%
iter 18690: loss 4.0913, time 4104.47ms, mfu 60.00%
iter 18700: loss 3.9341, time 4107.14ms, mfu 59.99%
iter 18710: loss 4.0987, time 4096.88ms, mfu 60.00%
iter 18720: loss 4.0434, time 4101.06ms, mfu 60.00%
iter 18730: loss 4.0995, time 4096.33ms, mfu 60.01%
iter 18740: loss 4.0491, time 4096.67ms, mfu 60.01%
iter 18750: loss 4.0500, time 4096.58ms, mfu 60.02%
iter 18760: loss 4.0047, time 4094.33ms, mfu 60.03%
iter 18770: loss 3.9991, time 4093.22ms, mfu 60.04%
iter 18780: loss 4.0527, time 4097.74ms, mfu 60.04%
iter 18790: loss 3.9447, time 4111.46ms, mfu 60.02%
iter 18800: loss 4.0635, time 4100.06ms, mfu 60.02%
iter 18810: loss 4.0097, time 4102.38ms, mfu 60.02%
iter 18820: loss 4.0180, time 4110.75ms, mfu 60.00%
iter 18830: loss 4.0753, time 4096.19ms, mfu 60.01%
iter 18840: loss 4.0278, time 4095.05ms, mfu 60.02%
iter 18850: loss 4.0571, time 4095.97ms, mfu 60.02%
iter 18860: loss 4.0313, time 4108.78ms, mfu 60.01%
iter 18870: loss 4.0003, time 4102.21ms, mfu 60.01%
iter 18880: loss 4.1371, time 4101.24ms, mfu 60.01%
iter 18890: loss 4.0924, time 4099.64ms, mfu 60.01%
iter 18900: loss 4.0701, time 4095.87ms, mfu 60.02%
iter 18910: loss 4.1531, time 4097.12ms, mfu 60.02%
iter 18920: loss 4.0620, time 4098.18ms, mfu 60.02%
iter 18930: loss 3.9842, time 4109.90ms, mfu 60.01%
iter 18940: loss 4.0227, time 4112.94ms, mfu 59.99%
iter 18950: loss 3.9837, time 4100.73ms, mfu 59.99%
iter 18960: loss 4.1164, time 4112.66ms, mfu 59.98%
iter 18970: loss 4.0045, time 4102.99ms, mfu 59.98%
iter 18980: loss 3.9571, time 4095.44ms, mfu 59.99%
iter 18990: loss 3.9945, time 4103.65ms, mfu 59.98%
step 19000: train loss 4.0229, val loss 4.0295
saving checkpoint to /net/scratch2/junyuren/nanoGPT-manifold/out-openwebtext-rank99
iter 19000: loss 4.1334, time 23911.73ms, mfu 55.02%
iter 19010: loss 4.0588, time 4121.86ms, mfu 55.48%
iter 19020: loss 4.0686, time 4098.61ms, mfu 55.94%
iter 19030: loss 3.9568, time 4100.26ms, mfu 56.35%
iter 19040: loss 4.0705, time 4105.91ms, mfu 56.71%
iter 19050: loss 4.0902, time 4102.51ms, mfu 57.03%
iter 19060: loss 3.9986, time 4104.17ms, mfu 57.33%
iter 19070: loss 4.1016, time 4101.31ms, mfu 57.59%
iter 19080: loss 4.1030, time 4105.94ms, mfu 57.83%
iter 19090: loss 4.0025, time 4102.75ms, mfu 58.04%
iter 19100: loss 3.9710, time 4106.28ms, mfu 58.23%
iter 19110: loss 4.0463, time 4111.96ms, mfu 58.39%
iter 19120: loss 4.0001, time 4104.65ms, mfu 58.55%
iter 19130: loss 4.0763, time 4105.65ms, mfu 58.69%
iter 19140: loss 4.1181, time 4095.72ms, mfu 58.83%
iter 19150: loss 3.9821, time 4394.07ms, mfu 58.54%
iter 19160: loss 3.9916, time 4103.74ms, mfu 58.69%
iter 19170: loss 4.0537, time 4101.12ms, mfu 58.82%
iter 19180: loss 4.0379, time 4111.22ms, mfu 58.92%
iter 19190: loss 4.0066, time 4102.09ms, mfu 59.03%
iter 19200: loss 4.0286, time 4104.22ms, mfu 59.12%
iter 19210: loss 4.0277, time 4107.38ms, mfu 59.20%
iter 19220: loss 4.0512, time 4106.86ms, mfu 59.27%
iter 19230: loss 4.0182, time 4100.40ms, mfu 59.35%
iter 19240: loss 4.0332, time 4111.99ms, mfu 59.40%
iter 19250: loss 4.0604, time 4109.45ms, mfu 59.44%
iter 19260: loss 4.0116, time 4105.81ms, mfu 59.49%
iter 19270: loss 4.0332, time 4102.73ms, mfu 59.54%
iter 19280: loss 3.9476, time 4098.82ms, mfu 59.59%
iter 19290: loss 3.9660, time 4109.69ms, mfu 59.62%
iter 19300: loss 4.0242, time 4120.24ms, mfu 59.63%
iter 19310: loss 4.0184, time 4100.78ms, mfu 59.67%
iter 19320: loss 4.0959, time 4107.36ms, mfu 59.69%
iter 19330: loss 4.1009, time 4092.16ms, mfu 59.74%
iter 19340: loss 4.0214, time 4103.63ms, mfu 59.76%
iter 19350: loss 3.9986, time 4109.48ms, mfu 59.77%
iter 19360: loss 4.0245, time 4107.86ms, mfu 59.78%
iter 19370: loss 4.0412, time 4109.70ms, mfu 59.79%
iter 19380: loss 4.1580, time 4109.62ms, mfu 59.80%
iter 19390: loss 4.0487, time 4097.94ms, mfu 59.83%
iter 19400: loss 3.9749, time 4112.01ms, mfu 59.83%
iter 19410: loss 4.0468, time 4102.75ms, mfu 59.84%
iter 19420: loss 4.0074, time 4107.12ms, mfu 59.85%
iter 19430: loss 4.1076, time 4103.49ms, mfu 59.86%
iter 19440: loss 4.0475, time 4104.79ms, mfu 59.87%
iter 19450: loss 4.0723, time 4104.68ms, mfu 59.88%
iter 19460: loss 3.9934, time 4102.38ms, mfu 59.89%
iter 19470: loss 4.0019, time 4100.43ms, mfu 59.90%
iter 19480: loss 3.9389, time 4096.01ms, mfu 59.92%
iter 19490: loss 4.0770, time 4096.51ms, mfu 59.93%
iter 19500: loss 3.9875, time 4100.57ms, mfu 59.94%
iter 19510: loss 4.0891, time 4123.73ms, mfu 59.92%
iter 19520: loss 4.0448, time 4096.23ms, mfu 59.93%
iter 19530: loss 4.0281, time 4106.19ms, mfu 59.93%
iter 19540: loss 4.1000, time 4100.21ms, mfu 59.94%
iter 19550: loss 4.0309, time 4090.53ms, mfu 59.96%
iter 19560: loss 3.9919, time 4106.49ms, mfu 59.96%
iter 19570: loss 4.0271, time 4099.24ms, mfu 59.96%
iter 19580: loss 4.0392, time 4095.56ms, mfu 59.98%
iter 19590: loss 4.0115, time 4108.54ms, mfu 59.97%
iter 19600: loss 4.0387, time 4104.33ms, mfu 59.97%
iter 19610: loss 4.1601, time 4107.01ms, mfu 59.96%
iter 19620: loss 4.1228, time 4117.57ms, mfu 59.94%
iter 19630: loss 4.0944, time 4096.09ms, mfu 59.96%
iter 19640: loss 4.1527, time 4103.14ms, mfu 59.96%
iter 19650: loss 4.0527, time 4105.51ms, mfu 59.96%
iter 19660: loss 3.9198, time 4098.33ms, mfu 59.96%
iter 19670: loss 4.0079, time 4095.57ms, mfu 59.98%
iter 19680: loss 3.9888, time 4104.87ms, mfu 59.97%
iter 19690: loss 4.0527, time 4106.88ms, mfu 59.97%
iter 19700: loss 4.0913, time 4115.61ms, mfu 59.95%
iter 19710: loss 4.0852, time 4108.54ms, mfu 59.94%
iter 19720: loss 3.9769, time 4115.11ms, mfu 59.93%
iter 19730: loss 4.0750, time 4108.10ms, mfu 59.93%
iter 19740: loss 4.0392, time 4107.52ms, mfu 59.93%
iter 19750: loss 4.0178, time 4102.67ms, mfu 59.93%
iter 19760: loss 3.9875, time 4097.55ms, mfu 59.94%
iter 19770: loss 4.1174, time 4097.94ms, mfu 59.95%
iter 19780: loss 4.0445, time 4098.99ms, mfu 59.96%
iter 19790: loss 4.0536, time 4103.14ms, mfu 59.96%
iter 19800: loss 4.0363, time 4099.95ms, mfu 59.97%
iter 19810: loss 4.0035, time 4099.72ms, mfu 59.97%
iter 19820: loss 4.1241, time 4100.50ms, mfu 59.98%
iter 19830: loss 4.0574, time 4099.22ms, mfu 59.98%
iter 19840: loss 4.0406, time 4104.45ms, mfu 59.98%
iter 19850: loss 4.1282, time 4098.55ms, mfu 59.99%
iter 19860: loss 4.1194, time 4094.08ms, mfu 60.00%
iter 19870: loss 4.0899, time 4107.70ms, mfu 59.99%
iter 19880: loss 4.0613, time 4103.12ms, mfu 59.99%
iter 19890: loss 3.9797, time 4096.84ms, mfu 60.00%
iter 19900: loss 4.0369, time 4089.79ms, mfu 60.01%
iter 19910: loss 4.0396, time 4099.52ms, mfu 60.01%
iter 19920: loss 4.0344, time 4103.19ms, mfu 60.01%
iter 19930: loss 4.0484, time 4116.86ms, mfu 59.99%
iter 19940: loss 4.0808, time 4104.14ms, mfu 59.98%
iter 19950: loss 4.0204, time 4117.02ms, mfu 59.96%
iter 19960: loss 4.0087, time 4100.14ms, mfu 59.97%
iter 19970: loss 4.0789, time 4103.60ms, mfu 59.97%
iter 19980: loss 4.0618, time 4100.81ms, mfu 59.97%
iter 19990: loss 4.0205, time 4108.23ms, mfu 59.96%
step 20000: train loss 4.0122, val loss 4.0181
saving checkpoint to /net/scratch2/junyuren/nanoGPT-manifold/out-openwebtext-rank99
iter 20000: loss 4.1282, time 23388.66ms, mfu 55.02%
iter 20010: loss 4.1222, time 4092.34ms, mfu 55.53%
iter 20020: loss 4.1057, time 4099.28ms, mfu 55.98%
iter 20030: loss 4.0056, time 4113.43ms, mfu 56.36%
iter 20040: loss 4.1204, time 4094.35ms, mfu 56.74%
iter 20050: loss 4.0579, time 4106.65ms, mfu 57.06%
iter 20060: loss 4.0638, time 4112.87ms, mfu 57.33%
iter 20070: loss 4.1313, time 4108.93ms, mfu 57.59%
iter 20080: loss 4.0706, time 4117.30ms, mfu 57.81%
iter 20090: loss 4.1046, time 4102.37ms, mfu 58.03%
iter 20100: loss 4.1148, time 4099.19ms, mfu 58.23%
iter 20110: loss 4.0832, time 4108.89ms, mfu 58.39%
iter 20120: loss 4.0826, time 4114.04ms, mfu 58.53%
iter 20130: loss 3.9863, time 4103.45ms, mfu 58.68%
iter 20140: loss 4.0695, time 4100.93ms, mfu 58.81%
iter 20150: loss 4.0572, time 4096.11ms, mfu 58.94%
iter 20160: loss 4.0720, time 4098.63ms, mfu 59.05%
iter 20170: loss 4.1106, time 4109.47ms, mfu 59.13%
iter 20180: loss 4.0517, time 4105.78ms, mfu 59.21%
iter 20190: loss 4.0765, time 4112.72ms, mfu 59.27%
iter 20200: loss 3.9488, time 4117.86ms, mfu 59.32%
iter 20210: loss 4.0260, time 4106.01ms, mfu 59.38%
iter 20220: loss 3.9936, time 4103.29ms, mfu 59.44%
iter 20230: loss 4.0987, time 4101.35ms, mfu 59.50%
iter 20240: loss 4.0316, time 4108.52ms, mfu 59.54%
iter 20250: loss 3.9989, time 4099.37ms, mfu 59.59%
iter 20260: loss 4.0141, time 4108.88ms, mfu 59.62%
iter 20270: loss 4.0399, time 4117.82ms, mfu 59.63%
iter 20280: loss 4.0035, time 4108.59ms, mfu 59.66%
iter 20290: loss 4.0932, time 4110.09ms, mfu 59.68%
iter 20300: loss 3.9742, time 4104.78ms, mfu 59.71%
iter 20310: loss 4.0212, time 4104.63ms, mfu 59.73%
iter 20320: loss 4.0635, time 4100.06ms, mfu 59.76%
iter 20330: loss 4.0538, time 4104.24ms, mfu 59.78%
iter 20340: loss 4.0039, time 4108.95ms, mfu 59.79%
iter 20350: loss 4.0552, time 4112.27ms, mfu 59.79%
iter 20360: loss 4.0498, time 4104.31ms, mfu 59.81%
iter 20370: loss 4.0536, time 4099.02ms, mfu 59.83%
iter 20380: loss 4.0518, time 4105.43ms, mfu 59.84%
iter 20390: loss 4.0420, time 4104.87ms, mfu 59.85%
iter 20400: loss 3.9974, time 4105.75ms, mfu 59.86%
iter 20410: loss 4.0611, time 4112.44ms, mfu 59.86%
