Overriding config with config/train_openwebtext_lr6x_resume.py:
# OpenWebText Phase 2.5 - LR 6× (NEW EXPERIMENT)
# Intermediate between lr4x and lr8x

# I/O
out_dir = '/net/scratch2/junyuren/nanoGPT-manifold/out-openwebtext-lr6x'
init_from = 'resume'
eval_interval = 1000
eval_iters = 200
log_interval = 10
always_save_checkpoint = True

wandb_log = False
wandb_project = 'openwebtext'
wandb_run_name = 'grassmann-6L-384d-lr6x'

# Data
dataset = 'openwebtext'
data_dir = '/net/scratch2/junyuren/nanoGPT-manifold/data/openwebtext'
gradient_accumulation_steps = 40
batch_size = 64
block_size = 1024

# Model
n_layer = 6
n_head = 6
n_embd = 384
dropout = 0.2
bias = False

# AdamW optimizer
learning_rate = 1e-3
max_iters = 100000
lr_decay_iters = 100000
min_lr = 1e-4
beta1 = 0.9
beta2 = 0.99
weight_decay = 1e-1
grad_clip = 1.0

decay_lr = True
warmup_iters = 2000

# Grassmann config - stable_rank_x2 with lr6x
use_grassmann = True
grassmann_phase = 'phase2.5'

grass_rank_c_attn = 48
grass_rank_mlp_fc = 20
grass_scale_c_attn = 4.6293
grass_scale_mlp_fc = 10.1372

grass_rank = 48
grass_lr = 6e-3  # 6× (between lr4x and lr8x)
grass_a = 1.0
grass_b = 0.0
grass_alpha = 0.01
grass_steps = 10
grass_tol = 1e-6

# System
device = 'cuda'
dtype = 'bfloat16'
compile = True

tokens per iteration will be: 2,621,440
Resuming training from /net/scratch2/junyuren/nanoGPT-manifold/out-openwebtext-lr6x
number of parameters: 29.94M

=== Phase phase2.5 Grassmann Configuration ===
  Variant .5: attn.c_proj uses AdamW (not Grassmann)

Per-block configuration (6 blocks):
  c_attn ranks:       [48, 48, 48, 48, 48, 48]
  c_attn scales:      ['4.63', '4.63', '4.63', '4.63', '4.63', '4.63']
  mlp.c_fc ranks:     [20, 20, 20, 20, 20, 20]
  mlp.c_fc scales:    ['10.14', '10.14', '10.14', '10.14', '10.14', '10.14']
Grassmann Muon parameters: 6 weight matrices, 3,538,944 params
AdamW decay parameters: 20 tensors, 26,787,840 params
AdamW no-decay parameters: 13 tensors, 4,992 params
  transformer.h.0.mlp.c_fc.weight: k=4, G_{1.0,0.0,20}, lr=0.008, scale=10.1372, type=vertical
  transformer.h.1.mlp.c_fc.weight: k=4, G_{1.0,0.0,20}, lr=0.008, scale=10.1372, type=vertical
  transformer.h.2.mlp.c_fc.weight: k=4, G_{1.0,0.0,20}, lr=0.008, scale=10.1372, type=vertical
  transformer.h.3.mlp.c_fc.weight: k=4, G_{1.0,0.0,20}, lr=0.008, scale=10.1372, type=vertical
  transformer.h.4.mlp.c_fc.weight: k=4, G_{1.0,0.0,20}, lr=0.008, scale=10.1372, type=vertical
  transformer.h.5.mlp.c_fc.weight: k=4, G_{1.0,0.0,20}, lr=0.008, scale=10.1372, type=vertical
using fused AdamW: True

=== Setting up component-specific dropout ===
AdamW components: dropout = 0.2
Grassmann components: dropout = 0.1
Component-specific dropout setup complete.

=== Setting up norm-preserving scaling (Phase phase2.5) ===
  Added frozen 0.5×I scaling after mlp.c_fc (device=cuda:0)
  Added frozen 0.5×I scaling after mlp.c_fc (device=cuda:0)
  Added frozen 0.5×I scaling after mlp.c_fc (device=cuda:0)
  Added frozen 0.5×I scaling after mlp.c_fc (device=cuda:0)
  Added frozen 0.5×I scaling after mlp.c_fc (device=cuda:0)
  Added frozen 0.5×I scaling after mlp.c_fc (device=cuda:0)
Norm-preserving scaling setup complete.
compiling the model... (takes a ~minute)
step 24000: train loss 4.0125, val loss 4.0207
saving checkpoint to /net/scratch2/junyuren/nanoGPT-manifold/out-openwebtext-lr6x
iter 24000: loss 3.9828, time 22114.02ms, mfu -100.00%
iter 24010: loss 4.1148, time 2718.39ms, mfu 90.52%
iter 24020: loss 4.0453, time 2719.79ms, mfu 90.52%
iter 24030: loss 4.0961, time 2727.92ms, mfu 90.49%
iter 24040: loss 4.1394, time 2735.04ms, mfu 90.44%
iter 24050: loss 4.1279, time 2731.36ms, mfu 90.40%
iter 24060: loss 4.1529, time 2736.80ms, mfu 90.35%
iter 24070: loss 3.9576, time 2741.52ms, mfu 90.29%
iter 24080: loss 4.0426, time 2731.69ms, mfu 90.27%
iter 24090: loss 4.1423, time 2740.58ms, mfu 90.22%
iter 24100: loss 4.1327, time 2732.38ms, mfu 90.21%
iter 24110: loss 4.0565, time 2733.12ms, mfu 90.19%
iter 24120: loss 4.1186, time 2733.38ms, mfu 90.17%
iter 24130: loss 4.0786, time 2734.00ms, mfu 90.16%
iter 24140: loss 4.0781, time 2739.69ms, mfu 90.12%
iter 24150: loss 4.1151, time 2735.96ms, mfu 90.11%
iter 24160: loss 4.0822, time 2745.78ms, mfu 90.06%
iter 24170: loss 4.0575, time 2738.17ms, mfu 90.04%
iter 24180: loss 4.1419, time 2731.72ms, mfu 90.04%
iter 24190: loss 4.1073, time 2744.37ms, mfu 90.00%
iter 24200: loss 4.1773, time 2738.57ms, mfu 89.99%
iter 24210: loss 4.1665, time 2735.44ms, mfu 89.99%
iter 24220: loss 4.0238, time 2734.84ms, mfu 89.99%
iter 24230: loss 4.0096, time 2734.82ms, mfu 89.99%
iter 24240: loss 4.1803, time 2732.24ms, mfu 89.99%
iter 24250: loss 4.1350, time 2738.46ms, mfu 89.98%
iter 24260: loss 4.1447, time 2733.45ms, mfu 89.98%
iter 24270: loss 4.1281, time 2728.32ms, mfu 90.01%
iter 24280: loss 4.1365, time 2738.14ms, mfu 89.99%
iter 24290: loss 4.1164, time 2735.63ms, mfu 89.99%
iter 24300: loss 4.1456, time 2739.90ms, mfu 89.97%
iter 24310: loss 4.1374, time 2735.24ms, mfu 89.97%
iter 24320: loss 4.0691, time 2740.78ms, mfu 89.95%
iter 24330: loss 4.0551, time 2741.39ms, mfu 89.93%
iter 24340: loss 4.0816, time 2744.03ms, mfu 89.91%
iter 24350: loss 4.0740, time 2728.89ms, mfu 89.93%
iter 24360: loss 4.0976, time 2736.70ms, mfu 89.93%
iter 24370: loss 4.0370, time 2737.28ms, mfu 89.93%
iter 24380: loss 4.0575, time 2737.89ms, mfu 89.92%
iter 24390: loss 4.1004, time 2738.47ms, mfu 89.92%
iter 24400: loss 4.1585, time 2735.92ms, mfu 89.92%
iter 24410: loss 3.9803, time 2738.49ms, mfu 89.91%
iter 24420: loss 4.0727, time 2736.24ms, mfu 89.92%
iter 24430: loss 4.0410, time 2736.43ms, mfu 89.92%
iter 24440: loss 4.0504, time 2733.43ms, mfu 89.93%
iter 24450: loss 4.0504, time 2739.13ms, mfu 89.92%
iter 24460: loss 4.0757, time 2737.70ms, mfu 89.92%
iter 24470: loss 4.0740, time 2737.02ms, mfu 89.91%
iter 24480: loss 4.0582, time 2739.97ms, mfu 89.90%
iter 24490: loss 4.1323, time 2741.16ms, mfu 89.89%
iter 24500: loss 4.1230, time 2741.42ms, mfu 89.88%
iter 24510: loss 4.1488, time 2745.06ms, mfu 89.85%
iter 24520: loss 4.0522, time 2736.74ms, mfu 89.86%
iter 24530: loss 4.1226, time 2732.80ms, mfu 89.88%
iter 24540: loss 4.0570, time 2733.43ms, mfu 89.89%
iter 24550: loss 4.0799, time 2735.24ms, mfu 89.90%
iter 24560: loss 4.0186, time 2733.58ms, mfu 89.91%
iter 24570: loss 4.1476, time 2734.65ms, mfu 89.92%
iter 24580: loss 4.0827, time 2740.60ms, mfu 89.91%
iter 24590: loss 4.1934, time 2733.82ms, mfu 89.92%
iter 24600: loss 4.0896, time 2733.68ms, mfu 89.93%
iter 24610: loss 4.1449, time 2734.51ms, mfu 89.93%
iter 24620: loss 4.0361, time 2739.52ms, mfu 89.92%
iter 24630: loss 4.0870, time 2732.83ms, mfu 89.93%
iter 24640: loss 4.1422, time 2738.02ms, mfu 89.93%
iter 24650: loss 3.9825, time 2738.08ms, mfu 89.92%
iter 24660: loss 4.0425, time 2737.33ms, mfu 89.92%
iter 24670: loss 4.1116, time 2733.02ms, mfu 89.93%
iter 24680: loss 4.0706, time 2740.90ms, mfu 89.92%
iter 24690: loss 4.0331, time 2732.75ms, mfu 89.93%
iter 24700: loss 4.0407, time 2738.94ms, mfu 89.92%
iter 24710: loss 4.1533, time 2736.71ms, mfu 89.92%
iter 24720: loss 4.0612, time 2734.78ms, mfu 89.93%
iter 24730: loss 3.9720, time 2734.28ms, mfu 89.93%
iter 24740: loss 4.1088, time 2735.49ms, mfu 89.94%
iter 24750: loss 4.1842, time 2736.16ms, mfu 89.94%
iter 24760: loss 4.0568, time 2737.55ms, mfu 89.93%
iter 24770: loss 4.0452, time 2743.24ms, mfu 89.91%
iter 24780: loss 4.0348, time 2737.53ms, mfu 89.91%
iter 24790: loss 4.0468, time 2739.59ms, mfu 89.90%
iter 24800: loss 4.0750, time 2741.13ms, mfu 89.89%
iter 24810: loss 4.0593, time 2738.44ms, mfu 89.88%
iter 24820: loss 4.1328, time 2732.86ms, mfu 89.90%
iter 24830: loss 4.0763, time 2728.58ms, mfu 89.93%
iter 24840: loss 4.1012, time 2736.70ms, mfu 89.93%
iter 24850: loss 4.1248, time 2734.43ms, mfu 89.93%
iter 24860: loss 4.1131, time 2730.08ms, mfu 89.95%
iter 24870: loss 4.0146, time 2730.96ms, mfu 89.97%
iter 24880: loss 4.0491, time 2738.40ms, mfu 89.96%
iter 24890: loss 4.1053, time 2735.21ms, mfu 89.96%
iter 24900: loss 4.0668, time 2734.53ms, mfu 89.96%
iter 24910: loss 4.0498, time 2734.56ms, mfu 89.96%
iter 24920: loss 4.1173, time 2732.67ms, mfu 89.97%
iter 24930: loss 4.1426, time 2742.18ms, mfu 89.95%
iter 24940: loss 4.1298, time 2737.59ms, mfu 89.94%
iter 24950: loss 4.1635, time 2738.67ms, mfu 89.93%
iter 24960: loss 4.0601, time 2739.10ms, mfu 89.92%
iter 24970: loss 4.0734, time 2737.29ms, mfu 89.92%
iter 24980: loss 4.1363, time 2730.43ms, mfu 89.94%
iter 24990: loss 4.0699, time 2733.97ms, mfu 89.95%
step 25000: train loss 4.0529, val loss 4.0710
saving checkpoint to /net/scratch2/junyuren/nanoGPT-manifold/out-openwebtext-lr6x
iter 25000: loss 4.0580, time 17474.26ms, mfu 82.36%
iter 25010: loss 4.1416, time 2726.27ms, mfu 83.15%
iter 25020: loss 4.0412, time 2730.77ms, mfu 83.85%
iter 25030: loss 4.1061, time 2737.69ms, mfu 84.45%
iter 25040: loss 4.0645, time 2734.02ms, mfu 85.01%
iter 25050: loss 4.1342, time 2732.06ms, mfu 85.51%
iter 25060: loss 3.9993, time 2733.83ms, mfu 85.96%
iter 25070: loss 4.0582, time 2737.68ms, mfu 86.36%
iter 25080: loss 4.0692, time 2735.39ms, mfu 86.72%
iter 25090: loss 4.1123, time 2733.32ms, mfu 87.05%
iter 25100: loss 4.0949, time 2729.60ms, mfu 87.36%
iter 25110: loss 4.0442, time 2736.08ms, mfu 87.62%
iter 25120: loss 4.1154, time 2734.81ms, mfu 87.85%
iter 25130: loss 4.0567, time 2739.26ms, mfu 88.05%
iter 25140: loss 4.0178, time 2731.93ms, mfu 88.25%
iter 25150: loss 4.1047, time 2731.82ms, mfu 88.44%
iter 25160: loss 4.1100, time 2736.13ms, mfu 88.59%
iter 25170: loss 4.0197, time 2735.40ms, mfu 88.72%
iter 25180: loss 4.0757, time 2735.82ms, mfu 88.85%
iter 25190: loss 4.2083, time 2734.23ms, mfu 88.96%
iter 25200: loss 4.0230, time 2739.88ms, mfu 89.05%
iter 25210: loss 4.0446, time 2733.64ms, mfu 89.14%
iter 25220: loss 4.1619, time 2739.73ms, mfu 89.21%
iter 25230: loss 4.1013, time 2734.51ms, mfu 89.29%
iter 25240: loss 4.1015, time 2735.95ms, mfu 89.35%
iter 25250: loss 4.1833, time 2734.20ms, mfu 89.42%
iter 25260: loss 4.1516, time 2730.88ms, mfu 89.49%
iter 25270: loss 4.1157, time 2736.61ms, mfu 89.53%
iter 25280: loss 4.1353, time 2739.92ms, mfu 89.56%
iter 25290: loss 4.1253, time 2737.27ms, mfu 89.59%
iter 25300: loss 4.0924, time 2730.01ms, mfu 89.65%
iter 25310: loss 4.1076, time 2740.47ms, mfu 89.66%
iter 25320: loss 3.9445, time 2737.83ms, mfu 89.68%
iter 25330: loss 4.1258, time 2731.65ms, mfu 89.72%
iter 25340: loss 4.1525, time 2735.42ms, mfu 89.75%
iter 25350: loss 4.1731, time 2733.86ms, mfu 89.77%
iter 25360: loss 4.0730, time 2730.60ms, mfu 89.81%
iter 25370: loss 4.1314, time 2739.87ms, mfu 89.81%
iter 25380: loss 4.0983, time 2733.85ms, mfu 89.83%
iter 25390: loss 4.1073, time 2737.02ms, mfu 89.84%
iter 25400: loss 4.1361, time 2738.80ms, mfu 89.84%
iter 25410: loss 4.1419, time 2729.22ms, mfu 89.87%
iter 25420: loss 4.1480, time 2732.15ms, mfu 89.89%
iter 25430: loss 4.1410, time 2734.28ms, mfu 89.90%
iter 25440: loss 4.0639, time 2733.32ms, mfu 89.91%
iter 25450: loss 3.9955, time 2737.47ms, mfu 89.91%
iter 25460: loss 4.1372, time 2734.45ms, mfu 89.92%
iter 25470: loss 4.1403, time 2732.64ms, mfu 89.93%
iter 25480: loss 4.0467, time 2732.69ms, mfu 89.94%
iter 25490: loss 4.1165, time 2734.46ms, mfu 89.95%
iter 25500: loss 4.0327, time 2735.03ms, mfu 89.95%
iter 25510: loss 4.0919, time 2726.44ms, mfu 89.98%
iter 25520: loss 4.1813, time 2730.22ms, mfu 90.00%
iter 25530: loss 4.1414, time 2733.55ms, mfu 90.00%
iter 25540: loss 4.1132, time 2732.76ms, mfu 90.00%
iter 25550: loss 4.1138, time 2732.21ms, mfu 90.01%
iter 25560: loss 4.1376, time 2738.22ms, mfu 90.00%
iter 25570: loss 4.0867, time 2734.16ms, mfu 90.00%
iter 25580: loss 4.0588, time 2731.76ms, mfu 90.00%
iter 25590: loss 4.1073, time 2733.21ms, mfu 90.01%
iter 25600: loss 4.0759, time 2735.62ms, mfu 90.00%
iter 25610: loss 4.0699, time 2733.28ms, mfu 90.00%
iter 25620: loss 4.1445, time 2735.68ms, mfu 90.00%
iter 25630: loss 4.1435, time 2732.59ms, mfu 90.00%
iter 25640: loss 4.1026, time 2728.88ms, mfu 90.02%
iter 25650: loss 4.1379, time 2735.85ms, mfu 90.01%
iter 25660: loss 4.1171, time 2735.61ms, mfu 90.01%
iter 25670: loss 4.1062, time 2731.53ms, mfu 90.02%
iter 25680: loss 4.0818, time 2731.38ms, mfu 90.02%
iter 25690: loss 4.0610, time 2735.32ms, mfu 90.02%
iter 25700: loss 4.1357, time 2739.32ms, mfu 90.00%
iter 25710: loss 4.1714, time 2730.18ms, mfu 90.01%
iter 25720: loss 4.0285, time 2727.91ms, mfu 90.03%
iter 25730: loss 4.1077, time 2732.25ms, mfu 90.04%
iter 25740: loss 4.0694, time 2736.02ms, mfu 90.03%
iter 25750: loss 3.9857, time 2733.78ms, mfu 90.02%
iter 25760: loss 4.0880, time 2730.20ms, mfu 90.04%
iter 25770: loss 4.1529, time 2729.85ms, mfu 90.05%
iter 25780: loss 4.1797, time 2730.08ms, mfu 90.05%
iter 25790: loss 4.0843, time 2729.91ms, mfu 90.06%
iter 25800: loss 4.0902, time 2739.52ms, mfu 90.04%
iter 25810: loss 4.1060, time 2731.96ms, mfu 90.04%
iter 25820: loss 4.0992, time 2736.87ms, mfu 90.03%
iter 25830: loss 4.1496, time 2730.14ms, mfu 90.04%
iter 25840: loss 4.0517, time 2733.28ms, mfu 90.04%
iter 25850: loss 4.0838, time 2734.57ms, mfu 90.03%
iter 25860: loss 4.0916, time 2733.54ms, mfu 90.03%
iter 25870: loss 3.9975, time 2731.84ms, mfu 90.04%
iter 25880: loss 4.1760, time 2730.85ms, mfu 90.04%
iter 25890: loss 4.0911, time 2733.09ms, mfu 90.04%
iter 25900: loss 4.0476, time 2732.81ms, mfu 90.04%
iter 25910: loss 4.1119, time 2731.61ms, mfu 90.05%
iter 25920: loss 4.1525, time 2732.08ms, mfu 90.05%
iter 25930: loss 4.1236, time 2732.08ms, mfu 90.05%
iter 25940: loss 4.0694, time 2732.47ms, mfu 90.05%
iter 25950: loss 4.1479, time 2734.94ms, mfu 90.04%
iter 25960: loss 4.1557, time 2734.69ms, mfu 90.04%
iter 25970: loss 4.0845, time 2736.27ms, mfu 90.03%
iter 25980: loss 4.0680, time 2736.99ms, mfu 90.02%
iter 25990: loss 4.0337, time 2737.26ms, mfu 90.00%
step 26000: train loss 4.0128, val loss 4.0217
saving checkpoint to /net/scratch2/junyuren/nanoGPT-manifold/out-openwebtext-lr6x
iter 26000: loss 4.0792, time 17480.33ms, mfu 82.41%
iter 26010: loss 4.0948, time 2723.98ms, mfu 83.20%
iter 26020: loss 4.0585, time 2725.06ms, mfu 83.91%
iter 26030: loss 4.0340, time 2731.05ms, mfu 84.53%
iter 26040: loss 4.0683, time 2737.57ms, mfu 85.07%
iter 26050: loss 4.0737, time 2739.39ms, mfu 85.54%
iter 26060: loss 4.1991, time 2726.73ms, mfu 86.01%
iter 26070: loss 4.0552, time 2734.82ms, mfu 86.41%
iter 26080: loss 4.0686, time 2734.15ms, mfu 86.77%
iter 26090: loss 4.0576, time 2731.66ms, mfu 87.10%
iter 26100: loss 3.9749, time 2727.94ms, mfu 87.41%
iter 26110: loss 4.0433, time 2732.96ms, mfu 87.67%
iter 26120: loss 4.0023, time 2739.90ms, mfu 87.89%
iter 26130: loss 4.0646, time 2733.64ms, mfu 88.10%
iter 26140: loss 4.0405, time 2734.12ms, mfu 88.29%
iter 26150: loss 4.1290, time 2735.15ms, mfu 88.46%
iter 26160: loss 4.1311, time 2739.29ms, mfu 88.60%
iter 26170: loss 4.1552, time 2730.29ms, mfu 88.75%
iter 26180: loss 4.1034, time 2725.40ms, mfu 88.90%
iter 26190: loss 4.1276, time 2736.29ms, mfu 89.01%
iter 26200: loss 4.0395, time 2738.08ms, mfu 89.09%
iter 26210: loss 4.1773, time 2739.80ms, mfu 89.17%
iter 26220: loss 4.0712, time 2733.58ms, mfu 89.25%
iter 26230: loss 4.0251, time 2736.70ms, mfu 89.32%
iter 26240: loss 4.0787, time 2739.25ms, mfu 89.37%
iter 26250: loss 4.1782, time 2733.91ms, mfu 89.43%
iter 26260: loss 3.9950, time 2735.45ms, mfu 89.49%
iter 26270: loss 4.0828, time 2731.31ms, mfu 89.55%
iter 26280: loss 4.0900, time 2735.73ms, mfu 89.59%
iter 26290: loss 4.1025, time 2737.43ms, mfu 89.62%
iter 26300: loss 4.1533, time 2747.89ms, mfu 89.61%
iter 26310: loss 4.0290, time 2732.38ms, mfu 89.66%
iter 26320: loss 3.9930, time 2729.81ms, mfu 89.70%
iter 26330: loss 4.0659, time 2728.34ms, mfu 89.75%
iter 26340: loss 4.0839, time 2732.33ms, mfu 89.78%
iter 26350: loss 4.1968, time 2735.46ms, mfu 89.80%
iter 26360: loss 4.1279, time 2744.36ms, mfu 89.79%
iter 26370: loss 4.0950, time 2732.75ms, mfu 89.81%
iter 26380: loss 4.0427, time 2729.72ms, mfu 89.85%
iter 26390: loss 4.0744, time 2736.53ms, mfu 89.85%
iter 26400: loss 4.1104, time 2730.78ms, mfu 89.88%
iter 26410: loss 4.0929, time 2733.75ms, mfu 89.89%
iter 26420: loss 4.0772, time 2741.01ms, mfu 89.88%
iter 26430: loss 3.9754, time 2734.65ms, mfu 89.89%
iter 26440: loss 4.0979, time 2732.22ms, mfu 89.91%
iter 26450: loss 4.1772, time 2731.11ms, mfu 89.93%
iter 26460: loss 4.1094, time 2736.25ms, mfu 89.93%
iter 26470: loss 4.0657, time 2734.49ms, mfu 89.94%
iter 26480: loss 4.1621, time 2735.06ms, mfu 89.94%
iter 26490: loss 4.0165, time 2735.11ms, mfu 89.94%
iter 26500: loss 4.1177, time 2735.44ms, mfu 89.94%
iter 26510: loss 4.0679, time 2736.44ms, mfu 89.94%
iter 26520: loss 4.1525, time 2734.73ms, mfu 89.95%
iter 26530: loss 4.0287, time 2726.50ms, mfu 89.98%
iter 26540: loss 4.1313, time 2730.59ms, mfu 89.99%
iter 26550: loss 4.1620, time 2734.23ms, mfu 89.99%
iter 26560: loss 4.0792, time 2738.53ms, mfu 89.98%
iter 26570: loss 4.1277, time 2734.60ms, mfu 89.98%
iter 26580: loss 3.9921, time 2732.71ms, mfu 89.99%
iter 26590: loss 4.1218, time 2735.20ms, mfu 89.98%
iter 26600: loss 4.1236, time 2736.71ms, mfu 89.98%
iter 26610: loss 4.0933, time 2732.24ms, mfu 89.99%
iter 26620: loss 4.0533, time 2732.58ms, mfu 89.99%
iter 26630: loss 4.1654, time 2733.10ms, mfu 90.00%
iter 26640: loss 4.0563, time 2738.03ms, mfu 89.98%
iter 26650: loss 4.0346, time 2731.76ms, mfu 89.99%
iter 26660: loss 4.0831, time 2733.15ms, mfu 90.00%
iter 26670: loss 4.0212, time 2732.71ms, mfu 90.00%
iter 26680: loss 4.0908, time 2738.79ms, mfu 89.99%
iter 26690: loss 4.0923, time 2727.36ms, mfu 90.01%
iter 26700: loss 4.0358, time 2735.40ms, mfu 90.01%
iter 26710: loss 3.9949, time 2729.22ms, mfu 90.02%
iter 26720: loss 4.0932, time 2732.07ms, mfu 90.03%
iter 26730: loss 4.0508, time 2745.10ms, mfu 89.99%
iter 26740: loss 4.1077, time 2735.48ms, mfu 89.99%
iter 26750: loss 4.0625, time 2735.54ms, mfu 89.98%
iter 26760: loss 4.0711, time 2733.09ms, mfu 89.99%
iter 26770: loss 4.1144, time 2739.15ms, mfu 89.97%
iter 26780: loss 4.0515, time 2730.86ms, mfu 89.99%
iter 26790: loss 4.0715, time 2736.54ms, mfu 89.98%
iter 26800: loss 4.1609, time 2730.46ms, mfu 89.99%
iter 26810: loss 4.0258, time 2734.30ms, mfu 89.99%
iter 26820: loss 4.0994, time 2736.11ms, mfu 89.99%
iter 26830: loss 4.0795, time 2733.18ms, mfu 89.99%
iter 26840: loss 4.0670, time 2737.63ms, mfu 89.98%
iter 26850: loss 4.0581, time 2732.31ms, mfu 89.99%
iter 26860: loss 4.1456, time 2733.82ms, mfu 89.99%
iter 26870: loss 4.0903, time 2732.08ms, mfu 90.00%
iter 26880: loss 4.0791, time 2732.62ms, mfu 90.01%
iter 26890: loss 4.0732, time 2733.06ms, mfu 90.01%
iter 26900: loss 4.0973, time 2737.98ms, mfu 90.00%
iter 26910: loss 4.0518, time 2738.09ms, mfu 89.98%
iter 26920: loss 4.0641, time 2735.30ms, mfu 89.98%
iter 26930: loss 4.1379, time 2727.26ms, mfu 90.01%
iter 26940: loss 4.0697, time 2733.97ms, mfu 90.01%
iter 26950: loss 4.0745, time 2734.30ms, mfu 90.01%
iter 26960: loss 4.1622, time 2739.31ms, mfu 89.99%
iter 26970: loss 4.1308, time 2736.79ms, mfu 89.98%
iter 26980: loss 4.0572, time 2734.50ms, mfu 89.98%
iter 26990: loss 4.1732, time 2737.88ms, mfu 89.97%
step 27000: train loss 3.9449, val loss 3.9600
saving checkpoint to /net/scratch2/junyuren/nanoGPT-manifold/out-openwebtext-lr6x
iter 27000: loss 4.1755, time 17483.79ms, mfu 82.38%
iter 27010: loss 4.0823, time 2731.25ms, mfu 83.15%
iter 27020: loss 4.0675, time 2729.00ms, mfu 83.85%
iter 27030: loss 4.0654, time 2736.91ms, mfu 84.46%
iter 27040: loss 4.0602, time 2739.29ms, mfu 85.00%
iter 27050: loss 4.0128, time 2732.78ms, mfu 85.50%
iter 27060: loss 4.0253, time 2737.93ms, mfu 85.94%
iter 27070: loss 4.0457, time 2739.73ms, mfu 86.33%
iter 27080: loss 4.1180, time 2744.65ms, mfu 86.66%
iter 27090: loss 4.0283, time 2741.32ms, mfu 86.97%
iter 27100: loss 4.0992, time 2735.18ms, mfu 87.27%
iter 27110: loss 4.1263, time 2742.89ms, mfu 87.52%
iter 27120: loss 4.1508, time 2736.64ms, mfu 87.76%
iter 27130: loss 4.0016, time 2738.37ms, mfu 87.97%
iter 27140: loss 4.0424, time 2736.94ms, mfu 88.16%
iter 27150: loss 4.0530, time 2737.24ms, mfu 88.33%
iter 27160: loss 4.1217, time 2738.04ms, mfu 88.49%
iter 27170: loss 4.0463, time 2737.31ms, mfu 88.63%
iter 27180: loss 4.0604, time 2737.33ms, mfu 88.76%
iter 27190: loss 4.1443, time 2742.04ms, mfu 88.85%
iter 27200: loss 3.9821, time 2740.93ms, mfu 88.95%
iter 27210: loss 4.1272, time 2740.96ms, mfu 89.03%
iter 27220: loss 4.1166, time 2738.01ms, mfu 89.11%
iter 27230: loss 4.0548, time 2734.19ms, mfu 89.20%
iter 27240: loss 4.0759, time 2737.33ms, mfu 89.27%
iter 27250: loss 3.9894, time 2738.70ms, mfu 89.33%
iter 27260: loss 4.0618, time 2737.80ms, mfu 89.39%
iter 27270: loss 4.1775, time 2741.39ms, mfu 89.42%
iter 27280: loss 3.9898, time 2734.38ms, mfu 89.48%
iter 27290: loss 4.1535, time 2735.90ms, mfu 89.53%
iter 27300: loss 4.1372, time 2736.30ms, mfu 89.57%
iter 27310: loss 4.0848, time 2742.24ms, mfu 89.58%
iter 27320: loss 4.1779, time 2734.61ms, mfu 89.62%
iter 27330: loss 4.1423, time 2738.31ms, mfu 89.65%
iter 27340: loss 4.1206, time 2737.12ms, mfu 89.67%
iter 27350: loss 4.1618, time 2734.15ms, mfu 89.71%
iter 27360: loss 4.0778, time 2736.16ms, mfu 89.73%
iter 27370: loss 4.1846, time 2736.34ms, mfu 89.75%
iter 27380: loss 4.1103, time 2731.23ms, mfu 89.78%
iter 27390: loss 4.0983, time 2733.33ms, mfu 89.81%
iter 27400: loss 4.1871, time 2734.81ms, mfu 89.83%
iter 27410: loss 4.0560, time 2744.24ms, mfu 89.81%
iter 27420: loss 3.9332, time 2734.55ms, mfu 89.83%
iter 27430: loss 4.0542, time 2733.82ms, mfu 89.85%
iter 27440: loss 4.0905, time 2736.41ms, mfu 89.85%
iter 27450: loss 4.1218, time 2739.08ms, mfu 89.85%
iter 27460: loss 4.1035, time 2736.30ms, mfu 89.86%
iter 27470: loss 4.0105, time 2739.88ms, mfu 89.86%
iter 27480: loss 4.1026, time 2734.78ms, mfu 89.87%
iter 27490: loss 4.0523, time 2736.46ms, mfu 89.87%
iter 27500: loss 4.0547, time 2735.18ms, mfu 89.88%
iter 27510: loss 4.1577, time 2740.82ms, mfu 89.87%
iter 27520: loss 4.1137, time 2733.13ms, mfu 89.89%
iter 27530: loss 4.0837, time 2739.25ms, mfu 89.88%
iter 27540: loss 4.1175, time 2733.65ms, mfu 89.90%
iter 27550: loss 4.0555, time 2735.29ms, mfu 89.90%
iter 27560: loss 4.0873, time 2732.92ms, mfu 89.92%
iter 27570: loss 4.0745, time 2743.93ms, mfu 89.89%
iter 27580: loss 4.0706, time 2740.84ms, mfu 89.88%
iter 27590: loss 4.1138, time 2741.89ms, mfu 89.87%
iter 27600: loss 4.1432, time 2742.89ms, mfu 89.85%
iter 27610: loss 4.1810, time 2735.42ms, mfu 89.86%
iter 27620: loss 4.0444, time 2741.82ms, mfu 89.85%
iter 27630: loss 4.1085, time 2733.77ms, mfu 89.87%
iter 27640: loss 4.1125, time 2736.66ms, mfu 89.87%
iter 27650: loss 4.0484, time 2741.41ms, mfu 89.86%
iter 27660: loss 4.0963, time 2741.70ms, mfu 89.85%
iter 27670: loss 4.1388, time 2739.18ms, mfu 89.85%
iter 27680: loss 4.0639, time 2732.18ms, mfu 89.87%
iter 27690: loss 4.1356, time 2735.52ms, mfu 89.88%
iter 27700: loss 4.1243, time 2736.40ms, mfu 89.89%
iter 27710: loss 4.1118, time 2734.72ms, mfu 89.89%
iter 27720: loss 4.1423, time 2738.09ms, mfu 89.89%
iter 27730: loss 3.9902, time 2735.20ms, mfu 89.90%
iter 27740: loss 3.9619, time 2735.44ms, mfu 89.91%
iter 27750: loss 4.1213, time 2733.84ms, mfu 89.92%
iter 27760: loss 4.0826, time 2739.88ms, mfu 89.91%
iter 27770: loss 4.1892, time 2739.82ms, mfu 89.90%
iter 27780: loss 4.0608, time 2734.03ms, mfu 89.91%
iter 27790: loss 4.0525, time 2738.51ms, mfu 89.90%
iter 27800: loss 4.0600, time 2742.77ms, mfu 89.88%
iter 27810: loss 4.0954, time 2739.54ms, mfu 89.88%
iter 27820: loss 4.0865, time 2733.16ms, mfu 89.89%
iter 27830: loss 4.0529, time 2745.23ms, mfu 89.87%
iter 27840: loss 4.0990, time 2737.69ms, mfu 89.87%
iter 27850: loss 4.1207, time 2734.67ms, mfu 89.88%
iter 27860: loss 4.1030, time 2738.02ms, mfu 89.88%
iter 27870: loss 4.1046, time 2739.88ms, mfu 89.87%
iter 27880: loss 4.0114, time 2738.10ms, mfu 89.87%
iter 27890: loss 4.1432, time 2739.26ms, mfu 89.87%
iter 27900: loss 4.1977, time 2737.82ms, mfu 89.87%
iter 27910: loss 4.0487, time 2739.36ms, mfu 89.87%
iter 27920: loss 4.0815, time 2736.84ms, mfu 89.87%
iter 27930: loss 4.0499, time 2737.73ms, mfu 89.87%
iter 27940: loss 4.0609, time 2728.37ms, mfu 89.90%
iter 27950: loss 4.1327, time 2740.09ms, mfu 89.89%
iter 27960: loss 4.1112, time 2739.20ms, mfu 89.89%
iter 27970: loss 4.1027, time 2738.61ms, mfu 89.89%
iter 27980: loss 4.0646, time 2732.20ms, mfu 89.90%
iter 27990: loss 4.0840, time 2739.55ms, mfu 89.90%
step 28000: train loss 3.9822, val loss 3.9992
saving checkpoint to /net/scratch2/junyuren/nanoGPT-manifold/out-openwebtext-lr6x
iter 28000: loss 4.0982, time 17484.37ms, mfu 82.31%
iter 28010: loss 4.0979, time 2738.55ms, mfu 83.07%
iter 28020: loss 4.0491, time 2735.70ms, mfu 83.76%
iter 28030: loss 4.1058, time 2740.73ms, mfu 84.36%
iter 28040: loss 4.1031, time 2739.87ms, mfu 84.90%
iter 28050: loss 4.0963, time 2732.98ms, mfu 85.42%
iter 28060: loss 4.1320, time 2737.90ms, mfu 85.86%
iter 28070: loss 4.0514, time 2733.87ms, mfu 86.28%
iter 28080: loss 4.0681, time 2739.65ms, mfu 86.63%
iter 28090: loss 4.0962, time 2740.94ms, mfu 86.95%
iter 28100: loss 4.1398, time 2741.66ms, mfu 87.23%
iter 28110: loss 4.0623, time 2737.21ms, mfu 87.50%
iter 28120: loss 4.1215, time 2737.83ms, mfu 87.73%
iter 28130: loss 4.2110, time 2738.01ms, mfu 87.95%
iter 28140: loss 4.0179, time 2733.04ms, mfu 88.16%
iter 28150: loss 4.1640, time 2740.18ms, mfu 88.32%
iter 28160: loss 4.0587, time 2734.67ms, mfu 88.49%
iter 28170: loss 4.0455, time 2744.29ms, mfu 88.61%
iter 28180: loss 4.0803, time 2743.54ms, mfu 88.71%
iter 28190: loss 4.1026, time 2734.11ms, mfu 88.84%
iter 28200: loss 4.1274, time 2734.92ms, mfu 88.96%
iter 28210: loss 4.1339, time 2739.85ms, mfu 89.04%
iter 28220: loss 4.1186, time 2737.69ms, mfu 89.13%
iter 28230: loss 4.0778, time 2735.35ms, mfu 89.21%
iter 28240: loss 4.0703, time 2744.54ms, mfu 89.26%
iter 28250: loss 4.0966, time 2739.81ms, mfu 89.31%
iter 28260: loss 4.0676, time 2742.11ms, mfu 89.35%
iter 28270: loss 4.0391, time 2741.34ms, mfu 89.40%
iter 28280: loss 4.0746, time 2735.25ms, mfu 89.45%
iter 28290: loss 4.0670, time 2736.98ms, mfu 89.50%
iter 28300: loss 4.0332, time 2736.23ms, mfu 89.54%
iter 28310: loss 4.1383, time 2738.53ms, mfu 89.57%
iter 28320: loss 4.0430, time 2741.31ms, mfu 89.59%
iter 28330: loss 4.0881, time 2733.36ms, mfu 89.64%
iter 28340: loss 4.1296, time 2747.70ms, mfu 89.63%
iter 28350: loss 3.9934, time 2742.41ms, mfu 89.64%
iter 28360: loss 4.1387, time 2743.09ms, mfu 89.65%
iter 28370: loss 4.0393, time 2731.58ms, mfu 89.69%
iter 28380: loss 4.1290, time 2735.11ms, mfu 89.72%
iter 28390: loss 4.0657, time 2742.70ms, mfu 89.72%
iter 28400: loss 4.1173, time 2739.17ms, mfu 89.73%
iter 28410: loss 4.1441, time 2741.98ms, mfu 89.73%
iter 28420: loss 4.0995, time 2737.61ms, mfu 89.75%
iter 28430: loss 4.1319, time 2735.08ms, mfu 89.77%
iter 28440: loss 4.1379, time 2744.51ms, mfu 89.76%
iter 28450: loss 4.0604, time 2738.77ms, mfu 89.77%
iter 28460: loss 4.0757, time 2742.76ms, mfu 89.76%
iter 28470: loss 4.1701, time 2743.44ms, mfu 89.76%
iter 28480: loss 4.1162, time 2742.83ms, mfu 89.75%
iter 28490: loss 4.1511, time 2738.87ms, mfu 89.76%
iter 28500: loss 3.8810, time 2736.45ms, mfu 89.78%
iter 28510: loss 4.1738, time 2732.83ms, mfu 89.80%
iter 28520: loss 4.0718, time 2743.44ms, mfu 89.79%
iter 28530: loss 4.1183, time 2739.75ms, mfu 89.80%
iter 28540: loss 4.0732, time 2737.67ms, mfu 89.81%
iter 28550: loss 4.0790, time 2743.41ms, mfu 89.79%
iter 28560: loss 4.0754, time 2737.77ms, mfu 89.80%
iter 28570: loss 4.0106, time 2741.56ms, mfu 89.80%
iter 28580: loss 4.1140, time 2743.63ms, mfu 89.79%
iter 28590: loss 4.0964, time 2745.79ms, mfu 89.77%
iter 28600: loss 4.0921, time 2739.50ms, mfu 89.78%
iter 28610: loss 3.9414, time 2739.95ms, mfu 89.78%
iter 28620: loss 4.0747, time 2738.77ms, mfu 89.79%
iter 28630: loss 4.1082, time 2735.10ms, mfu 89.81%
iter 28640: loss 4.0977, time 2738.67ms, mfu 89.81%
iter 28650: loss 4.0633, time 2736.99ms, mfu 89.82%
iter 28660: loss 4.1018, time 2741.69ms, mfu 89.81%
iter 28670: loss 4.0524, time 2741.01ms, mfu 89.81%
iter 28680: loss 4.1189, time 2736.56ms, mfu 89.82%
iter 28690: loss 4.0430, time 2732.21ms, mfu 89.85%
iter 28700: loss 4.0676, time 2743.99ms, mfu 89.83%
iter 28710: loss 4.0578, time 2742.86ms, mfu 89.82%
iter 28720: loss 4.1409, time 2742.34ms, mfu 89.81%
iter 28730: loss 4.0874, time 2738.51ms, mfu 89.81%
iter 28740: loss 4.0954, time 2738.46ms, mfu 89.82%
iter 28750: loss 4.1239, time 2741.48ms, mfu 89.81%
iter 28760: loss 4.0646, time 2742.45ms, mfu 89.80%
iter 28770: loss 4.1090, time 2741.83ms, mfu 89.80%
iter 28780: loss 4.0712, time 2735.61ms, mfu 89.81%
iter 28790: loss 4.1113, time 2735.45ms, mfu 89.83%
iter 28800: loss 4.1520, time 2746.50ms, mfu 89.81%
iter 28810: loss 4.1009, time 2742.29ms, mfu 89.80%
iter 28820: loss 4.0742, time 2735.05ms, mfu 89.82%
iter 28830: loss 3.9898, time 2739.48ms, mfu 89.82%
iter 28840: loss 4.0794, time 2737.58ms, mfu 89.82%
iter 28850: loss 4.1148, time 2732.89ms, mfu 89.85%
iter 28860: loss 4.1083, time 2739.47ms, mfu 89.84%
iter 28870: loss 4.0223, time 2740.14ms, mfu 89.84%
iter 28880: loss 4.0591, time 2739.52ms, mfu 89.84%
iter 28890: loss 4.1227, time 2743.52ms, mfu 89.82%
iter 28900: loss 4.0666, time 2741.20ms, mfu 89.82%
iter 28910: loss 4.0948, time 2744.25ms, mfu 89.80%
iter 28920: loss 4.0516, time 2737.76ms, mfu 89.81%
iter 28930: loss 4.0714, time 2736.26ms, mfu 89.82%
iter 28940: loss 4.1304, time 2738.66ms, mfu 89.83%
iter 28950: loss 4.0923, time 2742.14ms, mfu 89.82%
iter 28960: loss 4.0673, time 2735.53ms, mfu 89.83%
iter 28970: loss 4.1170, time 2735.24ms, mfu 89.85%
iter 28980: loss 4.0945, time 2737.40ms, mfu 89.85%
iter 28990: loss 4.1234, time 2739.58ms, mfu 89.85%
step 29000: train loss 4.0020, val loss 4.0086
saving checkpoint to /net/scratch2/junyuren/nanoGPT-manifold/out-openwebtext-lr6x
iter 29000: loss 4.1088, time 17501.12ms, mfu 82.27%
iter 29010: loss 4.0479, time 2738.47ms, mfu 83.03%
iter 29020: loss 4.0901, time 2738.48ms, mfu 83.71%
iter 29030: loss 4.1038, time 2746.08ms, mfu 84.30%
iter 29040: loss 4.0800, time 2740.65ms, mfu 84.85%
iter 29050: loss 4.0475, time 2734.69ms, mfu 85.36%
iter 29060: loss 3.9521, time 2734.94ms, mfu 85.82%
iter 29070: loss 4.0983, time 2737.83ms, mfu 86.23%
iter 29080: loss 4.0894, time 2737.38ms, mfu 86.60%
iter 29090: loss 4.0688, time 2731.96ms, mfu 86.94%
iter 29100: loss 4.0732, time 2740.13ms, mfu 87.23%
iter 29110: loss 4.0912, time 2735.95ms, mfu 87.50%
iter 29120: loss 4.1146, time 2738.03ms, mfu 87.74%
iter 29130: loss 4.0546, time 2737.55ms, mfu 87.95%
iter 29140: loss 4.1699, time 2736.65ms, mfu 88.15%
iter 29150: loss 4.1646, time 2731.54ms, mfu 88.34%
iter 29160: loss 4.1171, time 2739.94ms, mfu 88.49%
iter 29170: loss 4.0256, time 2735.84ms, mfu 88.64%
iter 29180: loss 4.0595, time 2730.92ms, mfu 88.78%
iter 29190: loss 4.0117, time 2735.48ms, mfu 88.90%
iter 29200: loss 4.1129, time 2735.61ms, mfu 89.01%
iter 29210: loss 4.1216, time 2740.69ms, mfu 89.08%
iter 29220: loss 4.0734, time 2736.54ms, mfu 89.17%
iter 29230: loss 3.9869, time 2738.88ms, mfu 89.24%
iter 29240: loss 4.1192, time 2737.31ms, mfu 89.30%
iter 29250: loss 4.0635, time 2735.20ms, mfu 89.37%
iter 29260: loss 4.1708, time 2740.35ms, mfu 89.41%
iter 29270: loss 4.0486, time 2734.89ms, mfu 89.47%
iter 29280: loss 4.1337, time 2736.71ms, mfu 89.51%
iter 29290: loss 4.1046, time 2745.75ms, mfu 89.52%
iter 29300: loss 4.0793, time 2740.47ms, mfu 89.55%
iter 29310: loss 4.1232, time 2738.80ms, mfu 89.58%
iter 29320: loss 4.1051, time 2734.08ms, mfu 89.62%
iter 29330: loss 4.0922, time 2743.50ms, mfu 89.63%
iter 29340: loss 4.0924, time 2735.79ms, mfu 89.66%
iter 29350: loss 4.0595, time 2735.26ms, mfu 89.69%
iter 29360: loss 4.0959, time 2737.25ms, mfu 89.71%
iter 29370: loss 4.0462, time 2744.14ms, mfu 89.71%
iter 29380: loss 4.0412, time 2738.71ms, mfu 89.72%
iter 29390: loss 4.1511, time 2732.90ms, mfu 89.76%
iter 29400: loss 4.0734, time 2741.31ms, mfu 89.76%
iter 29410: loss 4.1000, time 2737.23ms, mfu 89.77%
iter 29420: loss 4.1125, time 2732.13ms, mfu 89.80%
iter 29430: loss 4.1868, time 2740.71ms, mfu 89.80%
iter 29440: loss 4.1085, time 2733.94ms, mfu 89.82%
iter 29450: loss 4.1792, time 2739.67ms, mfu 89.82%
iter 29460: loss 4.0469, time 2734.35ms, mfu 89.84%
iter 29470: loss 4.0422, time 2741.67ms, mfu 89.83%
iter 29480: loss 4.0705, time 2735.63ms, mfu 89.84%
iter 29490: loss 4.1008, time 2731.80ms, mfu 89.87%
iter 29500: loss 4.1251, time 2741.37ms, mfu 89.86%
iter 29510: loss 4.1178, time 2735.30ms, mfu 89.87%
iter 29520: loss 4.0390, time 2735.28ms, mfu 89.88%
iter 29530: loss 4.0620, time 2741.35ms, mfu 89.86%
iter 29540: loss 4.0933, time 2744.20ms, mfu 89.85%
iter 29550: loss 4.0082, time 2732.13ms, mfu 89.87%
iter 29560: loss 4.0115, time 2737.59ms, mfu 89.87%
iter 29570: loss 4.0775, time 2741.16ms, mfu 89.86%
iter 29580: loss 4.0435, time 2739.27ms, mfu 89.86%
iter 29590: loss 4.1330, time 2736.46ms, mfu 89.86%
iter 29600: loss 4.0699, time 2741.56ms, mfu 89.85%
iter 29610: loss 4.1917, time 2739.23ms, mfu 89.85%
iter 29620: loss 4.0528, time 2744.37ms, mfu 89.83%
iter 29630: loss 4.0878, time 2737.70ms, mfu 89.84%
iter 29640: loss 4.0395, time 2733.14ms, mfu 89.86%
iter 29650: loss 4.0611, time 2734.44ms, mfu 89.87%
iter 29660: loss 4.1355, time 2739.17ms, mfu 89.87%
iter 29670: loss 4.1253, time 2736.69ms, mfu 89.87%
iter 29680: loss 4.1287, time 2738.80ms, mfu 89.87%
iter 29690: loss 4.1581, time 2737.62ms, mfu 89.87%
iter 29700: loss 4.0835, time 2733.79ms, mfu 89.89%
iter 29710: loss 4.0923, time 2743.15ms, mfu 89.87%
iter 29720: loss 4.1265, time 2741.68ms, mfu 89.86%
iter 29730: loss 4.1019, time 2739.25ms, mfu 89.85%
iter 29740: loss 4.0160, time 2740.70ms, mfu 89.85%
iter 29750: loss 4.0765, time 2741.90ms, mfu 89.84%
iter 29760: loss 4.1583, time 2733.06ms, mfu 89.86%
iter 29770: loss 4.1934, time 2738.53ms, mfu 89.86%
iter 29780: loss 4.0446, time 2740.55ms, mfu 89.85%
iter 29790: loss 4.0954, time 2736.72ms, mfu 89.86%
iter 29800: loss 4.0690, time 2731.46ms, mfu 89.88%
iter 29810: loss 4.0799, time 2739.40ms, mfu 89.88%
iter 29820: loss 4.0686, time 2730.65ms, mfu 89.90%
iter 29830: loss 4.0947, time 2739.72ms, mfu 89.89%
iter 29840: loss 4.0824, time 2737.32ms, mfu 89.89%
iter 29850: loss 4.1074, time 2735.90ms, mfu 89.90%
iter 29860: loss 4.0947, time 2738.61ms, mfu 89.89%
iter 29870: loss 4.2223, time 2746.33ms, mfu 89.86%
iter 29880: loss 4.0095, time 2737.22ms, mfu 89.87%
iter 29890: loss 4.1243, time 2737.64ms, mfu 89.87%
iter 29900: loss 4.0128, time 2734.08ms, mfu 89.88%
iter 29910: loss 4.0925, time 2745.46ms, mfu 89.86%
iter 29920: loss 4.0912, time 2741.12ms, mfu 89.85%
iter 29930: loss 4.0310, time 2735.19ms, mfu 89.86%
iter 29940: loss 4.1047, time 2741.10ms, mfu 89.85%
iter 29950: loss 4.0326, time 2741.44ms, mfu 89.84%
iter 29960: loss 4.1044, time 2737.96ms, mfu 89.85%
iter 29970: loss 4.0094, time 2739.69ms, mfu 89.84%
iter 29980: loss 4.0642, time 2741.70ms, mfu 89.83%
iter 29990: loss 4.0948, time 2732.04ms, mfu 89.86%
step 30000: train loss 3.9904, val loss 3.9977
saving checkpoint to /net/scratch2/junyuren/nanoGPT-manifold/out-openwebtext-lr6x
iter 30000: loss 4.0232, time 17499.26ms, mfu 82.28%
iter 30010: loss 4.0798, time 2742.74ms, mfu 83.02%
iter 30020: loss 4.0683, time 2732.19ms, mfu 83.73%
iter 30030: loss 4.0977, time 2738.50ms, mfu 84.34%
iter 30040: loss 4.1005, time 2737.76ms, mfu 84.89%
iter 30050: loss 4.0158, time 2738.74ms, mfu 85.39%
iter 30060: loss 4.0664, time 2739.95ms, mfu 85.83%
iter 30070: loss 4.0858, time 2743.60ms, mfu 86.22%
iter 30080: loss 4.0970, time 2735.45ms, mfu 86.59%
iter 30090: loss 4.0987, time 2742.68ms, mfu 86.91%
iter 30100: loss 4.0762, time 2739.18ms, mfu 87.20%
iter 30110: loss 4.0246, time 2743.48ms, mfu 87.45%
iter 30120: loss 4.1125, time 2745.18ms, mfu 87.67%
iter 30130: loss 4.1248, time 2741.33ms, mfu 87.88%
iter 30140: loss 4.0177, time 2738.31ms, mfu 88.08%
iter 30150: loss 4.0569, time 2734.08ms, mfu 88.27%
iter 30160: loss 4.1221, time 2734.19ms, mfu 88.44%
iter 30170: loss 4.1076, time 2735.22ms, mfu 88.59%
iter 30180: loss 4.1257, time 2736.40ms, mfu 88.73%
iter 30190: loss 4.1039, time 2737.43ms, mfu 88.84%
iter 30200: loss 4.1165, time 2735.01ms, mfu 88.96%
iter 30210: loss 4.0662, time 2737.12ms, mfu 89.05%
iter 30220: loss 4.0909, time 2740.14ms, mfu 89.13%
iter 30230: loss 4.0836, time 2736.58ms, mfu 89.21%
iter 30240: loss 4.0491, time 2738.42ms, mfu 89.27%
iter 30250: loss 4.0717, time 2741.69ms, mfu 89.32%
iter 30260: loss 4.0836, time 2740.01ms, mfu 89.37%
iter 30270: loss 4.1349, time 2733.04ms, mfu 89.44%
iter 30280: loss 4.1275, time 2740.65ms, mfu 89.47%
iter 30290: loss 3.9880, time 2742.60ms, mfu 89.50%
iter 30300: loss 4.1153, time 2737.69ms, mfu 89.54%
iter 30310: loss 4.0481, time 2738.22ms, mfu 89.57%
iter 30320: loss 4.1102, time 2744.12ms, mfu 89.58%
iter 30330: loss 4.0658, time 2740.34ms, mfu 89.60%
iter 30340: loss 3.9965, time 2739.99ms, mfu 89.62%
iter 30350: loss 4.1041, time 2746.93ms, mfu 89.62%
iter 30360: loss 4.1053, time 2746.10ms, mfu 89.62%
iter 30370: loss 4.1484, time 2736.03ms, mfu 89.65%
iter 30380: loss 4.0935, time 2738.99ms, mfu 89.67%
iter 30390: loss 4.0657, time 2736.97ms, mfu 89.69%
iter 30400: loss 4.1211, time 2738.46ms, mfu 89.71%
iter 30410: loss 4.0926, time 2739.46ms, mfu 89.72%
iter 30420: loss 4.1296, time 2740.27ms, mfu 89.73%
iter 30430: loss 4.1034, time 2739.91ms, mfu 89.74%
iter 30440: loss 4.0119, time 2733.32ms, mfu 89.77%
iter 30450: loss 4.1077, time 2733.90ms, mfu 89.79%
iter 30460: loss 3.9772, time 2737.92ms, mfu 89.80%
iter 30470: loss 4.0766, time 2736.59ms, mfu 89.81%
iter 30480: loss 4.0635, time 2742.22ms, mfu 89.80%
iter 30490: loss 4.0772, time 2738.72ms, mfu 89.81%
iter 30500: loss 4.0657, time 2737.48ms, mfu 89.82%
iter 30510: loss 4.0924, time 2742.76ms, mfu 89.81%
iter 30520: loss 4.0335, time 2738.06ms, mfu 89.81%
iter 30530: loss 4.0957, time 2739.03ms, mfu 89.82%
iter 30540: loss 4.0247, time 2738.69ms, mfu 89.82%
iter 30550: loss 4.1299, time 2741.11ms, mfu 89.82%
iter 30560: loss 4.1235, time 2740.22ms, mfu 89.81%
iter 30570: loss 4.0877, time 2739.92ms, mfu 89.81%
iter 30580: loss 4.0734, time 2733.15ms, mfu 89.84%
iter 30590: loss 4.0627, time 2741.14ms, mfu 89.83%
iter 30600: loss 4.0888, time 2739.57ms, mfu 89.83%
iter 30610: loss 4.0109, time 2741.67ms, mfu 89.82%
iter 30620: loss 4.0708, time 2739.12ms, mfu 89.82%
iter 30630: loss 4.1060, time 2735.79ms, mfu 89.84%
iter 30640: loss 4.0747, time 2738.68ms, mfu 89.84%
iter 30650: loss 4.0188, time 2737.29ms, mfu 89.84%
iter 30660: loss 4.0273, time 2735.86ms, mfu 89.85%
iter 30670: loss 4.1325, time 2733.18ms, mfu 89.87%
iter 30680: loss 4.1723, time 2739.67ms, mfu 89.87%
iter 30690: loss 4.0321, time 2735.09ms, mfu 89.88%
iter 30700: loss 4.0513, time 2741.21ms, mfu 89.87%
iter 30710: loss 4.0642, time 2734.69ms, mfu 89.88%
iter 30720: loss 4.0767, time 2739.67ms, mfu 89.87%
iter 30730: loss 4.0941, time 2736.96ms, mfu 89.88%
iter 30740: loss 4.1034, time 2734.41ms, mfu 89.89%
iter 30750: loss 4.0344, time 2742.99ms, mfu 89.87%
iter 30760: loss 4.0148, time 2740.64ms, mfu 89.86%
iter 30770: loss 4.0377, time 2744.56ms, mfu 89.84%
iter 30780: loss 4.1550, time 2735.83ms, mfu 89.85%
iter 30790: loss 4.0678, time 2743.36ms, mfu 89.84%
iter 30800: loss 4.1369, time 2742.40ms, mfu 89.83%
iter 30810: loss 4.1354, time 2733.79ms, mfu 89.84%
iter 30820: loss 4.1549, time 2734.65ms, mfu 89.86%
iter 30830: loss 4.1360, time 2735.47ms, mfu 89.87%
iter 30840: loss 4.1655, time 2739.09ms, mfu 89.87%
iter 30850: loss 4.0761, time 2735.60ms, mfu 89.87%
iter 30860: loss 4.0987, time 2735.08ms, mfu 89.88%
iter 30870: loss 4.1759, time 2734.11ms, mfu 89.90%
iter 30880: loss 4.0824, time 2735.26ms, mfu 89.90%
iter 30890: loss 4.0049, time 2734.01ms, mfu 89.91%
iter 30900: loss 4.1222, time 2739.77ms, mfu 89.90%
iter 30910: loss 4.0523, time 2738.65ms, mfu 89.90%
iter 30920: loss 4.1192, time 2732.23ms, mfu 89.92%
iter 30930: loss 3.9290, time 2740.69ms, mfu 89.90%
iter 30940: loss 4.1412, time 2740.45ms, mfu 89.89%
iter 30950: loss 4.0516, time 2734.10ms, mfu 89.90%
iter 30960: loss 4.1776, time 2735.35ms, mfu 89.91%
iter 30970: loss 4.0916, time 2740.62ms, mfu 89.90%
iter 30980: loss 4.1076, time 2735.80ms, mfu 89.90%
iter 30990: loss 4.0367, time 2740.62ms, mfu 89.89%
step 31000: train loss 3.9611, val loss 3.9724
saving checkpoint to /net/scratch2/junyuren/nanoGPT-manifold/out-openwebtext-lr6x
iter 31000: loss 4.0603, time 17489.27ms, mfu 82.31%
iter 31010: loss 4.1285, time 2729.99ms, mfu 83.09%
iter 31020: loss 4.0258, time 2730.28ms, mfu 83.80%
iter 31030: loss 4.0687, time 2738.99ms, mfu 84.40%
iter 31040: loss 4.0957, time 2741.85ms, mfu 84.93%
iter 31050: loss 4.0614, time 2737.35ms, mfu 85.43%
iter 31060: loss 4.0885, time 2732.18ms, mfu 85.89%
iter 31070: loss 4.1069, time 2738.52ms, mfu 86.29%
iter 31080: loss 4.1013, time 2735.56ms, mfu 86.66%
iter 31090: loss 4.0639, time 2737.96ms, mfu 86.98%
iter 31100: loss 4.1697, time 2739.01ms, mfu 87.27%
iter 31110: loss 4.1487, time 2747.51ms, mfu 87.50%
iter 31120: loss 4.0629, time 2730.41ms, mfu 87.76%
iter 31130: loss 4.0098, time 2734.73ms, mfu 87.98%
iter 31140: loss 4.1198, time 2742.38ms, mfu 88.16%
iter 31150: loss 4.0635, time 2746.64ms, mfu 88.30%
iter 31160: loss 4.0668, time 2741.10ms, mfu 88.45%
iter 31170: loss 4.0540, time 2746.12ms, mfu 88.56%
iter 31180: loss 4.0710, time 2733.86ms, mfu 88.71%
iter 31190: loss 4.1003, time 2745.60ms, mfu 88.80%
iter 31200: loss 4.0929, time 2737.23ms, mfu 88.91%
iter 31210: loss 4.0321, time 2738.57ms, mfu 89.00%
iter 31220: loss 4.1141, time 2736.45ms, mfu 89.10%
iter 31230: loss 4.0788, time 2739.34ms, mfu 89.17%
iter 31240: loss 4.0703, time 2741.24ms, mfu 89.23%
iter 31250: loss 4.1367, time 2739.83ms, mfu 89.29%
iter 31260: loss 4.0124, time 2738.26ms, mfu 89.35%
iter 31270: loss 4.0654, time 2740.28ms, mfu 89.39%
iter 31280: loss 4.1195, time 2738.29ms, mfu 89.44%
iter 31290: loss 4.1046, time 2741.75ms, mfu 89.47%
iter 31300: loss 4.0502, time 2735.49ms, mfu 89.52%
iter 31310: loss 4.1127, time 2738.01ms, mfu 89.55%
iter 31320: loss 3.9952, time 2737.70ms, mfu 89.59%
iter 31330: loss 4.0894, time 2739.36ms, mfu 89.61%
iter 31340: loss 4.1079, time 2741.30ms, mfu 89.63%
iter 31350: loss 4.0948, time 2737.16ms, mfu 89.65%
iter 31360: loss 4.1070, time 2739.15ms, mfu 89.67%
iter 31370: loss 4.0779, time 2735.72ms, mfu 89.70%
iter 31380: loss 4.0659, time 2735.08ms, mfu 89.73%
iter 31390: loss 4.0741, time 2738.48ms, mfu 89.74%
iter 31400: loss 4.0573, time 2731.48ms, mfu 89.78%
iter 31410: loss 4.0550, time 2726.38ms, mfu 89.82%
iter 31420: loss 4.0659, time 2734.01ms, mfu 89.84%
iter 31430: loss 4.1320, time 2740.15ms, mfu 89.84%
iter 31440: loss 4.0943, time 2741.01ms, mfu 89.83%
iter 31450: loss 4.0623, time 2741.43ms, mfu 89.83%
iter 31460: loss 4.0591, time 2739.35ms, mfu 89.83%
iter 31470: loss 4.0571, time 2735.26ms, mfu 89.84%
iter 31480: loss 4.0595, time 2739.80ms, mfu 89.84%
iter 31490: loss 4.0713, time 2739.52ms, mfu 89.84%
iter 31500: loss 4.0850, time 2739.02ms, mfu 89.84%
iter 31510: loss 4.1230, time 2739.91ms, mfu 89.83%
iter 31520: loss 4.0564, time 2736.34ms, mfu 89.84%
iter 31530: loss 4.0383, time 2739.70ms, mfu 89.84%
iter 31540: loss 4.0825, time 2738.92ms, mfu 89.84%
iter 31550: loss 4.1238, time 2739.41ms, mfu 89.84%
iter 31560: loss 4.0991, time 2737.30ms, mfu 89.85%
iter 31570: loss 4.0161, time 2736.99ms, mfu 89.85%
iter 31580: loss 4.0441, time 2745.92ms, mfu 89.83%
iter 31590: loss 4.0886, time 2737.75ms, mfu 89.83%
iter 31600: loss 4.0946, time 2749.43ms, mfu 89.80%
iter 31610: loss 4.0544, time 2737.62ms, mfu 89.81%
iter 31620: loss 4.0909, time 2740.78ms, mfu 89.81%
iter 31630: loss 4.0719, time 2738.56ms, mfu 89.81%
iter 31640: loss 4.0785, time 2740.69ms, mfu 89.81%
iter 31650: loss 4.0071, time 2742.89ms, mfu 89.80%
iter 31660: loss 4.0437, time 2737.80ms, mfu 89.81%
iter 31670: loss 4.1154, time 2736.43ms, mfu 89.82%
iter 31680: loss 4.1483, time 2744.42ms, mfu 89.80%
iter 31690: loss 4.0592, time 2744.63ms, mfu 89.79%
iter 31700: loss 4.1325, time 2737.74ms, mfu 89.80%
iter 31710: loss 4.0933, time 2739.74ms, mfu 89.80%
iter 31720: loss 4.1203, time 2739.70ms, mfu 89.80%
iter 31730: loss 4.0556, time 2738.00ms, mfu 89.81%
iter 31740: loss 4.0529, time 2741.72ms, mfu 89.80%
iter 31750: loss 4.0830, time 2736.83ms, mfu 89.82%
iter 31760: loss 3.9902, time 2739.36ms, mfu 89.82%
iter 31770: loss 4.1094, time 2744.45ms, mfu 89.80%
iter 31780: loss 4.1157, time 2745.54ms, mfu 89.78%
iter 31790: loss 4.1196, time 2744.83ms, mfu 89.77%
iter 31800: loss 4.0601, time 2742.57ms, mfu 89.77%
iter 31810: loss 4.0238, time 2736.54ms, mfu 89.78%
iter 31820: loss 4.0949, time 2744.88ms, mfu 89.77%
iter 31830: loss 4.1072, time 2739.75ms, mfu 89.77%
iter 31840: loss 4.0956, time 2748.64ms, mfu 89.75%
iter 31850: loss 4.0295, time 2739.13ms, mfu 89.76%
iter 31860: loss 4.0989, time 2745.87ms, mfu 89.74%
iter 31870: loss 4.0551, time 2736.08ms, mfu 89.76%
iter 31880: loss 4.0507, time 2737.70ms, mfu 89.78%
iter 31890: loss 4.0636, time 2738.51ms, mfu 89.78%
iter 31900: loss 4.0373, time 2733.57ms, mfu 89.81%
iter 31910: loss 4.1701, time 2738.68ms, mfu 89.81%
iter 31920: loss 4.0876, time 2736.13ms, mfu 89.82%
iter 31930: loss 4.1256, time 2742.15ms, mfu 89.82%
iter 31940: loss 4.1801, time 2749.49ms, mfu 89.78%
iter 31950: loss 4.0255, time 2737.34ms, mfu 89.80%
iter 31960: loss 4.1484, time 2735.66ms, mfu 89.81%
iter 31970: loss 4.1062, time 2741.66ms, mfu 89.81%
iter 31980: loss 4.1406, time 2740.99ms, mfu 89.80%
iter 31990: loss 4.0654, time 2742.34ms, mfu 89.80%
step 32000: train loss 3.9871, val loss 4.0000
saving checkpoint to /net/scratch2/junyuren/nanoGPT-manifold/out-openwebtext-lr6x
iter 32000: loss 4.1060, time 17509.04ms, mfu 82.22%
iter 32010: loss 4.0980, time 2744.58ms, mfu 82.97%
iter 32020: loss 4.0203, time 2736.33ms, mfu 83.66%
iter 32030: loss 4.0423, time 2741.75ms, mfu 84.27%
iter 32040: loss 4.0767, time 2740.78ms, mfu 84.82%
iter 32050: loss 4.1369, time 2738.67ms, mfu 85.33%
iter 32060: loss 4.0661, time 2736.44ms, mfu 85.79%
iter 32070: loss 4.0264, time 2741.09ms, mfu 86.18%
iter 32080: loss 4.0890, time 2738.03ms, mfu 86.55%
iter 32090: loss 4.0883, time 2739.99ms, mfu 86.88%
iter 32100: loss 4.0783, time 2740.74ms, mfu 87.17%
iter 32110: loss 4.1180, time 2738.54ms, mfu 87.44%
iter 32120: loss 4.1140, time 2740.11ms, mfu 87.67%
iter 32130: loss 4.2416, time 2739.85ms, mfu 87.89%
iter 32140: loss 4.1298, time 2740.86ms, mfu 88.08%
iter 32150: loss 4.0442, time 2736.35ms, mfu 88.26%
iter 32160: loss 4.0403, time 2741.96ms, mfu 88.41%
iter 32170: loss 4.0513, time 2740.40ms, mfu 88.55%
iter 32180: loss 4.0446, time 2737.28ms, mfu 88.68%
iter 32190: loss 4.1728, time 2740.11ms, mfu 88.80%
iter 32200: loss 4.1117, time 2744.01ms, mfu 88.88%
iter 32210: loss 4.1077, time 2741.86ms, mfu 88.97%
iter 32220: loss 4.0302, time 2741.05ms, mfu 89.05%
iter 32230: loss 4.1440, time 2737.25ms, mfu 89.14%
iter 32240: loss 4.0117, time 2742.64ms, mfu 89.19%
iter 32250: loss 4.0891, time 2745.92ms, mfu 89.24%
iter 32260: loss 4.0842, time 2737.25ms, mfu 89.30%
iter 32270: loss 4.1135, time 2743.47ms, mfu 89.34%
iter 32280: loss 4.1164, time 2737.66ms, mfu 89.40%
iter 32290: loss 4.0791, time 2737.90ms, mfu 89.44%
iter 32300: loss 4.0798, time 2743.86ms, mfu 89.47%
iter 32310: loss 4.0158, time 2744.73ms, mfu 89.49%
iter 32320: loss 4.0910, time 2740.59ms, mfu 89.52%
iter 32330: loss 4.1230, time 2739.25ms, mfu 89.55%
iter 32340: loss 4.0801, time 2741.30ms, mfu 89.57%
iter 32350: loss 4.0924, time 2741.06ms, mfu 89.59%
iter 32360: loss 4.1112, time 2741.82ms, mfu 89.61%
iter 32370: loss 4.0612, time 2735.55ms, mfu 89.64%
iter 32380: loss 4.0111, time 2740.42ms, mfu 89.66%
iter 32390: loss 3.9828, time 2740.85ms, mfu 89.67%
iter 32400: loss 4.0494, time 2749.85ms, mfu 89.65%
iter 32410: loss 4.0502, time 2741.38ms, mfu 89.66%
iter 32420: loss 4.2027, time 2748.16ms, mfu 89.65%
iter 32430: loss 4.0589, time 2748.83ms, mfu 89.64%
iter 32440: loss 4.1252, time 2736.99ms, mfu 89.66%
iter 32450: loss 4.1004, time 2735.51ms, mfu 89.69%
iter 32460: loss 4.1096, time 2737.22ms, mfu 89.71%
iter 32470: loss 4.0053, time 2736.95ms, mfu 89.73%
iter 32480: loss 4.0970, time 2738.30ms, mfu 89.75%
iter 32490: loss 4.1186, time 2740.67ms, mfu 89.75%
iter 32500: loss 4.0328, time 2739.43ms, mfu 89.76%
iter 32510: loss 4.1531, time 2739.95ms, mfu 89.76%
iter 32520: loss 4.0636, time 2740.93ms, mfu 89.77%
iter 32530: loss 3.9703, time 2744.17ms, mfu 89.76%
iter 32540: loss 4.0758, time 2743.38ms, mfu 89.75%
iter 32550: loss 4.1732, time 2736.63ms, mfu 89.77%
iter 32560: loss 4.1037, time 2743.03ms, mfu 89.76%
iter 32570: loss 4.0385, time 2737.98ms, mfu 89.77%
iter 32580: loss 4.1499, time 2740.49ms, mfu 89.78%
iter 32590: loss 4.0562, time 2744.32ms, mfu 89.76%
iter 32600: loss 4.0260, time 2744.28ms, mfu 89.75%
iter 32610: loss 4.0935, time 2745.13ms, mfu 89.74%
iter 32620: loss 4.2111, time 2749.13ms, mfu 89.72%
iter 32630: loss 4.0695, time 2743.64ms, mfu 89.72%
iter 32640: loss 4.0900, time 2742.02ms, mfu 89.72%
iter 32650: loss 3.9793, time 2737.51ms, mfu 89.74%
iter 32660: loss 4.0590, time 2738.00ms, mfu 89.75%
iter 32670: loss 4.1172, time 2745.30ms, mfu 89.74%
iter 32680: loss 4.0216, time 2739.13ms, mfu 89.75%
iter 32690: loss 4.1051, time 2742.19ms, mfu 89.75%
iter 32700: loss 3.9603, time 2743.36ms, mfu 89.74%
iter 32710: loss 4.1227, time 2740.69ms, mfu 89.75%
iter 32720: loss 4.0767, time 2745.62ms, mfu 89.74%
iter 32730: loss 4.1286, time 2738.86ms, mfu 89.75%
iter 32740: loss 4.0735, time 2742.82ms, mfu 89.74%
iter 32750: loss 4.0765, time 2741.40ms, mfu 89.75%
iter 32760: loss 4.0397, time 2740.86ms, mfu 89.75%
iter 32770: loss 4.0213, time 2749.25ms, mfu 89.72%
iter 32780: loss 4.0776, time 2735.57ms, mfu 89.75%
iter 32790: loss 3.9802, time 2740.02ms, mfu 89.75%
iter 32800: loss 4.1048, time 2744.03ms, mfu 89.75%
iter 32810: loss 4.0568, time 2742.55ms, mfu 89.74%
iter 32820: loss 4.0621, time 2738.09ms, mfu 89.76%
iter 32830: loss 4.1106, time 2737.32ms, mfu 89.77%
iter 32840: loss 4.0699, time 2738.58ms, mfu 89.78%
iter 32850: loss 4.1017, time 2745.97ms, mfu 89.76%
iter 32860: loss 4.0887, time 2741.43ms, mfu 89.76%
iter 32870: loss 4.0344, time 2747.09ms, mfu 89.74%
iter 32880: loss 4.1692, time 2742.13ms, mfu 89.74%
iter 32890: loss 4.1168, time 2742.61ms, mfu 89.74%
iter 32900: loss 4.0878, time 2742.07ms, mfu 89.74%
iter 32910: loss 4.1809, time 2750.27ms, mfu 89.71%
iter 32920: loss 4.1001, time 2744.55ms, mfu 89.71%
iter 32930: loss 4.0253, time 2738.08ms, mfu 89.73%
iter 32940: loss 4.0669, time 2741.73ms, mfu 89.73%
iter 32950: loss 4.0189, time 2738.86ms, mfu 89.74%
iter 32960: loss 4.1495, time 2752.54ms, mfu 89.71%
iter 32970: loss 4.0401, time 2741.52ms, mfu 89.71%
iter 32980: loss 3.9945, time 2742.96ms, mfu 89.71%
iter 32990: loss 4.0290, time 2738.97ms, mfu 89.72%
step 33000: train loss 3.9495, val loss 3.9561
saving checkpoint to /net/scratch2/junyuren/nanoGPT-manifold/out-openwebtext-lr6x
iter 33000: loss 4.1710, time 17585.25ms, mfu 82.15%
iter 33010: loss 4.0646, time 2739.47ms, mfu 82.92%
iter 33020: loss 4.0966, time 2739.42ms, mfu 83.61%
iter 33030: loss 3.9924, time 2737.26ms, mfu 84.24%
iter 33040: loss 4.1066, time 2754.38ms, mfu 84.75%
iter 33050: loss 4.1230, time 2748.85ms, mfu 85.23%
iter 33060: loss 4.0238, time 2735.69ms, mfu 85.70%
iter 33070: loss 4.1254, time 2741.39ms, mfu 86.11%
iter 33080: loss 4.1526, time 2736.77ms, mfu 86.49%
iter 33090: loss 4.0392, time 2746.51ms, mfu 86.80%
iter 33100: loss 4.0055, time 2753.38ms, mfu 87.05%
iter 33110: loss 4.0742, time 2740.02ms, mfu 87.33%
iter 33120: loss 4.0294, time 2743.81ms, mfu 87.57%
iter 33130: loss 4.1010, time 2744.74ms, mfu 87.77%
iter 33140: loss 4.1430, time 2749.35ms, mfu 87.95%
iter 33150: loss 4.0088, time 2747.26ms, mfu 88.11%
iter 33160: loss 4.0217, time 2748.54ms, mfu 88.25%
iter 33170: loss 4.0878, time 2739.54ms, mfu 88.41%
iter 33180: loss 4.0658, time 2741.53ms, mfu 88.54%
iter 33190: loss 4.0388, time 2738.32ms, mfu 88.68%
iter 33200: loss 4.0697, time 2736.48ms, mfu 88.80%
iter 33210: loss 4.0532, time 2739.32ms, mfu 88.90%
iter 33220: loss 4.0882, time 2738.44ms, mfu 89.00%
iter 33230: loss 4.0605, time 2746.68ms, mfu 89.06%
iter 33240: loss 4.0624, time 2747.13ms, mfu 89.11%
iter 33250: loss 4.0952, time 2740.70ms, mfu 89.18%
iter 33260: loss 4.0411, time 2745.06ms, mfu 89.22%
iter 33270: loss 4.0519, time 2750.09ms, mfu 89.25%
iter 33280: loss 3.9891, time 2735.01ms, mfu 89.32%
iter 33290: loss 4.0205, time 2740.80ms, mfu 89.37%
iter 33300: loss 4.0538, time 2746.77ms, mfu 89.39%
iter 33310: loss 4.0581, time 2745.78ms, mfu 89.41%
iter 33320: loss 4.1326, time 2750.50ms, mfu 89.42%
iter 33330: loss 4.1456, time 2731.24ms, mfu 89.49%
iter 33340: loss 4.0621, time 2735.17ms, mfu 89.53%
iter 33350: loss 4.0221, time 2739.01ms, mfu 89.57%
iter 33360: loss 4.0634, time 2739.84ms, mfu 89.59%
iter 33370: loss 4.0739, time 2741.11ms, mfu 89.61%
iter 33380: loss 4.1844, time 2738.85ms, mfu 89.63%
iter 33390: loss 4.0883, time 2743.12ms, mfu 89.64%
iter 33400: loss 4.0092, time 2742.02ms, mfu 89.65%
iter 33410: loss 4.0745, time 2742.82ms, mfu 89.66%
iter 33420: loss 4.0269, time 2742.38ms, mfu 89.66%
iter 33430: loss 4.1390, time 2742.27ms, mfu 89.67%
iter 33440: loss 4.0904, time 2740.35ms, mfu 89.68%
iter 33450: loss 4.1037, time 2742.85ms, mfu 89.69%
iter 33460: loss 4.0409, time 2745.44ms, mfu 89.68%
iter 33470: loss 4.0427, time 2736.88ms, mfu 89.70%
iter 33480: loss 3.9739, time 2740.54ms, mfu 89.71%
iter 33490: loss 4.1178, time 2739.09ms, mfu 89.73%
iter 33500: loss 4.0314, time 2737.27ms, mfu 89.74%
iter 33510: loss 4.1346, time 2744.03ms, mfu 89.74%
iter 33520: loss 4.0742, time 2737.79ms, mfu 89.75%
iter 33530: loss 4.0536, time 2738.87ms, mfu 89.76%
iter 33540: loss 4.1489, time 2737.92ms, mfu 89.77%
iter 33550: loss 4.0686, time 2736.34ms, mfu 89.79%
iter 33560: loss 4.0211, time 2740.40ms, mfu 89.79%
iter 33570: loss 4.0660, time 2742.14ms, mfu 89.78%
iter 33580: loss 4.0814, time 2744.47ms, mfu 89.77%
iter 33590: loss 4.0518, time 2741.31ms, mfu 89.77%
iter 33600: loss 4.0701, time 2740.17ms, mfu 89.77%
iter 33610: loss 4.1972, time 2742.03ms, mfu 89.77%
iter 33620: loss 4.1682, time 2741.18ms, mfu 89.77%
iter 33630: loss 4.1320, time 2741.75ms, mfu 89.77%
iter 33640: loss 4.1806, time 2738.31ms, mfu 89.78%
iter 33650: loss 4.0884, time 2737.97ms, mfu 89.79%
iter 33660: loss 3.9573, time 2738.24ms, mfu 89.80%
iter 33670: loss 4.0406, time 2738.93ms, mfu 89.80%
iter 33680: loss 4.0242, time 2743.24ms, mfu 89.79%
iter 33690: loss 4.0933, time 2740.21ms, mfu 89.79%
iter 33700: loss 4.1305, time 2742.22ms, mfu 89.79%
iter 33710: loss 4.1177, time 2742.50ms, mfu 89.78%
iter 33720: loss 4.0134, time 2749.02ms, mfu 89.75%
iter 33730: loss 4.1063, time 2741.78ms, mfu 89.75%
iter 33740: loss 4.0796, time 2744.08ms, mfu 89.75%
iter 33750: loss 4.0459, time 2738.35ms, mfu 89.76%
iter 33760: loss 4.0420, time 2743.17ms, mfu 89.75%
iter 33770: loss 4.1600, time 2738.11ms, mfu 89.76%
iter 33780: loss 4.0806, time 2741.50ms, mfu 89.76%
iter 33790: loss 4.0913, time 2740.45ms, mfu 89.77%
iter 33800: loss 4.0915, time 2743.06ms, mfu 89.76%
iter 33810: loss 4.0350, time 2739.32ms, mfu 89.77%
iter 33820: loss 4.1618, time 2747.49ms, mfu 89.75%
iter 33830: loss 4.0893, time 2739.95ms, mfu 89.75%
iter 33840: loss 4.0824, time 2734.70ms, mfu 89.78%
iter 33850: loss 4.1754, time 2731.88ms, mfu 89.81%
iter 33860: loss 4.1485, time 2739.43ms, mfu 89.81%
iter 33870: loss 4.1188, time 2739.88ms, mfu 89.81%
iter 33880: loss 4.0912, time 2740.79ms, mfu 89.81%
iter 33890: loss 4.0067, time 2741.41ms, mfu 89.80%
iter 33900: loss 4.0625, time 2741.57ms, mfu 89.80%
iter 33910: loss 4.0735, time 2741.69ms, mfu 89.79%
iter 33920: loss 4.0678, time 2743.66ms, mfu 89.78%
iter 33930: loss 4.0732, time 2740.30ms, mfu 89.78%
iter 33940: loss 4.1180, time 2738.49ms, mfu 89.79%
iter 33950: loss 4.0508, time 2741.31ms, mfu 89.79%
iter 33960: loss 4.0284, time 2737.77ms, mfu 89.80%
iter 33970: loss 4.1194, time 2738.22ms, mfu 89.81%
iter 33980: loss 4.0921, time 2739.12ms, mfu 89.81%
iter 33990: loss 4.0602, time 2740.93ms, mfu 89.81%
step 34000: train loss 4.0165, val loss 4.0238
saving checkpoint to /net/scratch2/junyuren/nanoGPT-manifold/out-openwebtext-lr6x
iter 34000: loss 4.1683, time 17649.62ms, mfu 82.22%
iter 34010: loss 4.1699, time 2733.38ms, mfu 83.00%
iter 34020: loss 4.1387, time 2736.43ms, mfu 83.69%
iter 34030: loss 4.0392, time 2735.65ms, mfu 84.32%
iter 34040: loss 4.1457, time 2737.39ms, mfu 84.88%
iter 34050: loss 4.0940, time 2743.69ms, mfu 85.36%
iter 34060: loss 4.0968, time 2737.23ms, mfu 85.81%
iter 34070: loss 4.1430, time 2740.41ms, mfu 86.21%
iter 34080: loss 4.0988, time 2740.43ms, mfu 86.57%
iter 34090: loss 4.1334, time 2743.89ms, mfu 86.88%
iter 34100: loss 4.1475, time 2735.02ms, mfu 87.19%
iter 34110: loss 4.1215, time 2745.94ms, mfu 87.43%
iter 34120: loss 4.1077, time 2738.60ms, mfu 87.67%
iter 34130: loss 4.0083, time 2734.88ms, mfu 87.90%
iter 34140: loss 4.1030, time 2739.83ms, mfu 88.10%
iter 34150: loss 4.0838, time 2740.73ms, mfu 88.26%
iter 34160: loss 4.0972, time 2737.80ms, mfu 88.43%
iter 34170: loss 4.1504, time 2735.87ms, mfu 88.58%
iter 34180: loss 4.0897, time 2743.45ms, mfu 88.69%
iter 34190: loss 4.1109, time 2739.51ms, mfu 88.80%
iter 34200: loss 3.9922, time 2735.09ms, mfu 88.92%
iter 34210: loss 4.0600, time 2740.27ms, mfu 89.01%
iter 34220: loss 4.0288, time 2739.91ms, mfu 89.09%
iter 34230: loss 4.1103, time 2739.33ms, mfu 89.16%
iter 34240: loss 4.0673, time 2739.79ms, mfu 89.23%
iter 34250: loss 4.0393, time 2738.99ms, mfu 89.29%
iter 34260: loss 4.0553, time 2738.61ms, mfu 89.35%
iter 34270: loss 4.0846, time 2746.24ms, mfu 89.37%
iter 34280: loss 4.0363, time 2740.75ms, mfu 89.41%
iter 34290: loss 4.1343, time 2741.38ms, mfu 89.45%
iter 34300: loss 3.9897, time 2741.08ms, mfu 89.48%
iter 34310: loss 4.0474, time 2744.21ms, mfu 89.50%
iter 34320: loss 4.0976, time 2740.01ms, mfu 89.53%
iter 34330: loss 4.0799, time 2740.20ms, mfu 89.56%
iter 34340: loss 4.0307, time 2737.57ms, mfu 89.59%
iter 34350: loss 4.0881, time 2736.48ms, mfu 89.62%
iter 34360: loss 4.0779, time 2738.91ms, mfu 89.65%
iter 34370: loss 4.0862, time 2734.98ms, mfu 89.68%
iter 34380: loss 4.0892, time 2737.86ms, mfu 89.70%
iter 34390: loss 4.0750, time 2745.65ms, mfu 89.69%
iter 34400: loss 4.0554, time 2738.56ms, mfu 89.71%
iter 34410: loss 4.1061, time 2742.09ms, mfu 89.71%
iter 34420: loss 3.9866, time 2736.50ms, mfu 89.73%
iter 34430: loss 4.0227, time 2741.47ms, mfu 89.74%
iter 34440: loss 4.0556, time 2742.40ms, mfu 89.74%
iter 34450: loss 4.1429, time 2740.66ms, mfu 89.74%
iter 34460: loss 3.9547, time 2739.02ms, mfu 89.75%
iter 34470: loss 4.0403, time 2728.35ms, mfu 89.79%
iter 34480: loss 4.1043, time 2737.68ms, mfu 89.80%
iter 34490: loss 4.0695, time 2737.84ms, mfu 89.81%
iter 34500: loss 4.1320, time 2736.28ms, mfu 89.82%
iter 34510: loss 4.0135, time 2737.34ms, mfu 89.83%
iter 34520: loss 4.0747, time 2737.43ms, mfu 89.84%
iter 34530: loss 4.0719, time 2738.49ms, mfu 89.84%
iter 34540: loss 4.0335, time 2742.14ms, mfu 89.83%
iter 34550: loss 4.0759, time 2738.80ms, mfu 89.83%
iter 34560: loss 4.1007, time 2738.32ms, mfu 89.83%
iter 34570: loss 4.0640, time 2738.05ms, mfu 89.84%
iter 34580: loss 4.0677, time 2743.40ms, mfu 89.82%
iter 34590: loss 4.0070, time 2737.15ms, mfu 89.83%
iter 34600: loss 4.0995, time 2735.41ms, mfu 89.84%
iter 34610: loss 4.0526, time 2744.20ms, mfu 89.83%
iter 34620: loss 4.0754, time 2734.48ms, mfu 89.84%
iter 34630: loss 4.0519, time 2743.16ms, mfu 89.83%
iter 34640: loss 4.1076, time 2737.34ms, mfu 89.84%
iter 34650: loss 4.0868, time 2740.19ms, mfu 89.83%
iter 34660: loss 4.0855, time 2742.00ms, mfu 89.82%
iter 34670: loss 4.1329, time 2740.38ms, mfu 89.82%
iter 34680: loss 4.0413, time 2743.05ms, mfu 89.81%
iter 34690: loss 4.1597, time 2734.12ms, mfu 89.83%
iter 34700: loss 4.0831, time 2742.25ms, mfu 89.82%
iter 34710: loss 4.0058, time 2738.00ms, mfu 89.83%
iter 34720: loss 4.2147, time 2738.07ms, mfu 89.83%
iter 34730: loss 4.0682, time 2740.35ms, mfu 89.83%
iter 34740: loss 4.0088, time 2738.96ms, mfu 89.83%
iter 34750: loss 4.0112, time 2742.30ms, mfu 89.82%
iter 34760: loss 4.0281, time 2744.29ms, mfu 89.80%
iter 34770: loss 4.1394, time 2735.92ms, mfu 89.82%
iter 34780: loss 4.1345, time 2735.01ms, mfu 89.83%
iter 34790: loss 4.0564, time 2741.71ms, mfu 89.83%
iter 34800: loss 4.0414, time 2739.13ms, mfu 89.83%
iter 34810: loss 4.0673, time 2740.91ms, mfu 89.82%
iter 34820: loss 4.1245, time 2742.14ms, mfu 89.81%
iter 34830: loss 4.0307, time 2742.51ms, mfu 89.81%
iter 34840: loss 4.0350, time 2735.41ms, mfu 89.82%
iter 34850: loss 4.1197, time 2743.00ms, mfu 89.81%
iter 34860: loss 4.1024, time 2742.36ms, mfu 89.80%
iter 34870: loss 4.0794, time 2741.56ms, mfu 89.80%
iter 34880: loss 4.0558, time 2742.77ms, mfu 89.79%
iter 34890: loss 4.0848, time 2740.65ms, mfu 89.79%
iter 34900: loss 4.1307, time 2735.38ms, mfu 89.81%
iter 34910: loss 4.0641, time 2744.41ms, mfu 89.79%
iter 34920: loss 4.0878, time 2745.87ms, mfu 89.77%
iter 34930: loss 4.0678, time 2742.00ms, mfu 89.77%
iter 34940: loss 4.1091, time 2740.75ms, mfu 89.77%
iter 34950: loss 4.0038, time 2741.61ms, mfu 89.77%
iter 34960: loss 4.0012, time 2738.55ms, mfu 89.78%
iter 34970: loss 4.1127, time 2744.24ms, mfu 89.77%
iter 34980: loss 4.1727, time 2739.45ms, mfu 89.77%
iter 34990: loss 4.0870, time 2738.26ms, mfu 89.78%
step 35000: train loss 3.9647, val loss 3.9814
saving checkpoint to /net/scratch2/junyuren/nanoGPT-manifold/out-openwebtext-lr6x
iter 35000: loss 4.0962, time 17603.10ms, mfu 82.20%
iter 35010: loss 4.0805, time 2743.55ms, mfu 82.95%
iter 35020: loss 3.9628, time 2738.95ms, mfu 83.64%
iter 35030: loss 4.0577, time 2737.58ms, mfu 84.27%
iter 35040: loss 4.1214, time 2741.91ms, mfu 84.81%
iter 35050: loss 4.1511, time 2740.87ms, mfu 85.31%
iter 35060: loss 3.9462, time 2743.76ms, mfu 85.75%
iter 35070: loss 4.0815, time 2738.91ms, mfu 86.16%
iter 35080: loss 4.1742, time 2736.23ms, mfu 86.54%
iter 35090: loss 4.0179, time 2738.74ms, mfu 86.87%
iter 35100: loss 3.9688, time 2739.38ms, mfu 87.16%
iter 35110: loss 4.1041, time 2736.65ms, mfu 87.44%
iter 35120: loss 4.1393, time 2739.37ms, mfu 87.68%
iter 35130: loss 3.9754, time 2742.51ms, mfu 87.88%
iter 35140: loss 4.0247, time 2744.30ms, mfu 88.06%
iter 35150: loss 3.9494, time 2740.65ms, mfu 88.23%
iter 35160: loss 4.1341, time 2745.70ms, mfu 88.37%
iter 35170: loss 4.1116, time 2739.84ms, mfu 88.52%
iter 35180: loss 4.0069, time 2735.30ms, mfu 88.66%
iter 35190: loss 3.9957, time 2756.84ms, mfu 88.72%
iter 35200: loss 4.0399, time 2743.02ms, mfu 88.82%
iter 35210: loss 4.1112, time 2737.57ms, mfu 88.93%
iter 35220: loss 4.0730, time 2740.20ms, mfu 89.01%
iter 35230: loss 4.1316, time 2741.90ms, mfu 89.09%
iter 35240: loss 4.0632, time 2733.76ms, mfu 89.18%
iter 35250: loss 4.0898, time 2740.95ms, mfu 89.24%
iter 35260: loss 4.0831, time 2742.49ms, mfu 89.29%
iter 35270: loss 4.0941, time 2745.35ms, mfu 89.32%
iter 35280: loss 4.0168, time 2741.44ms, mfu 89.37%
iter 35290: loss 4.0641, time 2746.49ms, mfu 89.39%
iter 35300: loss 3.9924, time 2741.28ms, mfu 89.43%
iter 35310: loss 4.0518, time 2745.10ms, mfu 89.45%
iter 35320: loss 3.9564, time 2737.74ms, mfu 89.49%
iter 35330: loss 4.0918, time 2747.55ms, mfu 89.50%
iter 35340: loss 4.0470, time 2743.11ms, mfu 89.52%
iter 35350: loss 4.0421, time 2737.50ms, mfu 89.56%
iter 35360: loss 4.1229, time 2739.37ms, mfu 89.58%
iter 35370: loss 4.1691, time 2737.59ms, mfu 89.62%
iter 35380: loss 4.0740, time 2740.43ms, mfu 89.63%
iter 35390: loss 4.1379, time 2743.16ms, mfu 89.64%
iter 35400: loss 3.9667, time 2739.90ms, mfu 89.66%
iter 35410: loss 4.1055, time 2739.13ms, mfu 89.68%
iter 35420: loss 4.1044, time 2740.21ms, mfu 89.69%
iter 35430: loss 4.0606, time 2740.66ms, mfu 89.70%
iter 35440: loss 4.0248, time 2745.74ms, mfu 89.69%
iter 35450: loss 4.1967, time 2740.83ms, mfu 89.70%
iter 35460: loss 4.1297, time 2743.05ms, mfu 89.70%
iter 35470: loss 4.1431, time 2742.35ms, mfu 89.70%
iter 35480: loss 4.0442, time 2740.25ms, mfu 89.71%
iter 35490: loss 4.0065, time 2742.43ms, mfu 89.72%
iter 35500: loss 4.0925, time 2740.69ms, mfu 89.72%
iter 35510: loss 4.0385, time 2738.59ms, mfu 89.74%
iter 35520: loss 4.0356, time 2742.41ms, mfu 89.74%
iter 35530: loss 4.1617, time 2734.65ms, mfu 89.76%
iter 35540: loss 4.0425, time 2738.07ms, mfu 89.77%
iter 35550: loss 4.1008, time 2738.90ms, mfu 89.78%
iter 35560: loss 3.9935, time 2736.97ms, mfu 89.79%
iter 35570: loss 4.1619, time 2741.91ms, mfu 89.79%
iter 35580: loss 4.1064, time 2739.18ms, mfu 89.79%
iter 35590: loss 4.1549, time 2737.71ms, mfu 89.80%
iter 35600: loss 4.0269, time 2744.16ms, mfu 89.79%
iter 35610: loss 4.1074, time 2736.29ms, mfu 89.80%
iter 35620: loss 4.2064, time 2732.92ms, mfu 89.83%
iter 35630: loss 4.1969, time 2736.04ms, mfu 89.84%
iter 35640: loss 4.0096, time 2738.33ms, mfu 89.84%
iter 35650: loss 4.0661, time 2742.88ms, mfu 89.83%
iter 35660: loss 4.0945, time 2742.65ms, mfu 89.82%
iter 35670: loss 4.0759, time 2739.42ms, mfu 89.82%
iter 35680: loss 4.0524, time 2743.96ms, mfu 89.80%
iter 35690: loss 4.1691, time 2743.31ms, mfu 89.79%
iter 35700: loss 4.1454, time 2744.48ms, mfu 89.78%
iter 35710: loss 4.0786, time 2737.58ms, mfu 89.79%
iter 35720: loss 4.0883, time 2740.08ms, mfu 89.79%
iter 35730: loss 4.0435, time 2745.04ms, mfu 89.78%
iter 35740: loss 4.0840, time 2737.80ms, mfu 89.79%
iter 35750: loss 4.1149, time 2740.09ms, mfu 89.79%
iter 35760: loss 4.0907, time 2729.56ms, mfu 89.83%
iter 35770: loss 4.0004, time 2741.09ms, mfu 89.82%
iter 35780: loss 4.0748, time 2730.98ms, mfu 89.85%
iter 35790: loss 4.1138, time 2737.79ms, mfu 89.85%
iter 35800: loss 4.0020, time 2740.12ms, mfu 89.85%
iter 35810: loss 4.0529, time 2738.53ms, mfu 89.85%
iter 35820: loss 4.1021, time 2737.69ms, mfu 89.85%
iter 35830: loss 4.0371, time 2731.81ms, mfu 89.88%
iter 35840: loss 3.9782, time 2737.30ms, mfu 89.88%
iter 35850: loss 4.0800, time 2740.03ms, mfu 89.87%
iter 35860: loss 4.0391, time 2736.84ms, mfu 89.87%
iter 35870: loss 4.0804, time 2745.51ms, mfu 89.85%
iter 35880: loss 4.0755, time 2737.24ms, mfu 89.86%
iter 35890: loss 4.1006, time 2738.71ms, mfu 89.85%
iter 35900: loss 4.1012, time 2743.12ms, mfu 89.84%
iter 35910: loss 4.0992, time 2731.83ms, mfu 89.86%
iter 35920: loss 4.0554, time 2741.85ms, mfu 89.85%
iter 35930: loss 4.0895, time 2738.38ms, mfu 89.85%
iter 35940: loss 4.0516, time 2743.99ms, mfu 89.84%
iter 35950: loss 4.0763, time 2743.12ms, mfu 89.82%
iter 35960: loss 4.0154, time 2744.86ms, mfu 89.81%
iter 35970: loss 4.0764, time 2743.25ms, mfu 89.80%
iter 35980: loss 4.1044, time 2742.68ms, mfu 89.79%
iter 35990: loss 4.0909, time 2740.70ms, mfu 89.79%
step 36000: train loss 3.9253, val loss 3.9387
saving checkpoint to /net/scratch2/junyuren/nanoGPT-manifold/out-openwebtext-lr6x
iter 36000: loss 4.0482, time 17527.83ms, mfu 82.21%
iter 36010: loss 4.0430, time 2733.15ms, mfu 83.00%
iter 36020: loss 4.0563, time 2736.25ms, mfu 83.69%
iter 36030: loss 4.0394, time 2740.50ms, mfu 84.30%
iter 36040: loss 4.1131, time 2736.29ms, mfu 84.86%
iter 36050: loss 4.0682, time 2736.02ms, mfu 85.37%
iter 36060: loss 4.1798, time 2741.64ms, mfu 85.81%
iter 36070: loss 4.0108, time 2745.03ms, mfu 86.19%
iter 36080: loss 4.1233, time 2734.02ms, mfu 86.57%
iter 36090: loss 4.1009, time 2737.64ms, mfu 86.90%
iter 36100: loss 4.0684, time 2733.78ms, mfu 87.22%
iter 36110: loss 3.9441, time 2739.71ms, mfu 87.48%
iter 36120: loss 4.0747, time 2749.56ms, mfu 87.68%
iter 36130: loss 4.0472, time 2742.30ms, mfu 87.88%
iter 36140: loss 4.0921, time 2742.78ms, mfu 88.07%
iter 36150: loss 4.0927, time 2738.88ms, mfu 88.25%
iter 36160: loss 4.0062, time 2741.09ms, mfu 88.40%
iter 36170: loss 4.0954, time 2741.70ms, mfu 88.53%
iter 36180: loss 4.1241, time 2743.64ms, mfu 88.65%
iter 36190: loss 4.1013, time 2737.83ms, mfu 88.77%
iter 36200: loss 4.1082, time 2738.11ms, mfu 88.88%
iter 36210: loss 4.0389, time 2738.05ms, mfu 88.98%
iter 36220: loss 4.0777, time 2738.59ms, mfu 89.07%
iter 36230: loss 4.0074, time 2743.31ms, mfu 89.13%
iter 36240: loss 4.0750, time 2738.10ms, mfu 89.21%
iter 36250: loss 3.9904, time 2742.73ms, mfu 89.26%
iter 36260: loss 4.0801, time 2736.59ms, mfu 89.32%
iter 36270: loss 4.0911, time 2743.59ms, mfu 89.36%
iter 36280: loss 4.1177, time 2747.85ms, mfu 89.38%
iter 36290: loss 4.1248, time 2740.47ms, mfu 89.42%
iter 36300: loss 4.0638, time 2740.14ms, mfu 89.46%
iter 36310: loss 4.0396, time 2738.54ms, mfu 89.50%
iter 36320: loss 4.1333, time 2744.92ms, mfu 89.51%
iter 36330: loss 4.0889, time 2741.07ms, mfu 89.54%
iter 36340: loss 4.1320, time 2741.70ms, mfu 89.56%
iter 36350: loss 4.1236, time 2740.80ms, mfu 89.58%
iter 36360: loss 4.1238, time 2737.50ms, mfu 89.61%
iter 36370: loss 4.0002, time 2740.49ms, mfu 89.63%
iter 36380: loss 4.0389, time 2749.42ms, mfu 89.62%
iter 36390: loss 4.0314, time 2744.37ms, mfu 89.62%
iter 36400: loss 4.0281, time 2744.09ms, mfu 89.63%
iter 36410: loss 4.0312, time 2737.76ms, mfu 89.65%
iter 36420: loss 4.0948, time 2749.47ms, mfu 89.64%
iter 36430: loss 4.1128, time 2740.80ms, mfu 89.65%
iter 36440: loss 4.1773, time 2745.68ms, mfu 89.65%
iter 36450: loss 4.1045, time 2741.51ms, mfu 89.66%
iter 36460: loss 4.1483, time 2749.04ms, mfu 89.65%
iter 36470: loss 4.0585, time 2742.86ms, mfu 89.65%
iter 36480: loss 4.1538, time 2736.61ms, mfu 89.68%
iter 36490: loss 4.0755, time 2734.72ms, mfu 89.71%
iter 36500: loss 4.1028, time 2739.91ms, mfu 89.72%
iter 36510: loss 4.1445, time 2736.55ms, mfu 89.74%
iter 36520: loss 4.0168, time 2738.41ms, mfu 89.75%
iter 36530: loss 4.0497, time 2743.23ms, mfu 89.75%
iter 36540: loss 4.0295, time 2736.65ms, mfu 89.77%
iter 36550: loss 4.1498, time 2741.66ms, mfu 89.76%
iter 36560: loss 4.1020, time 2742.77ms, mfu 89.76%
iter 36570: loss 4.0642, time 2735.85ms, mfu 89.78%
iter 36580: loss 4.0190, time 2740.13ms, mfu 89.78%
iter 36590: loss 4.0905, time 2739.42ms, mfu 89.79%
iter 36600: loss 4.0721, time 2738.89ms, mfu 89.79%
iter 36610: loss 4.1176, time 2745.91ms, mfu 89.77%
iter 36620: loss 4.1169, time 2740.61ms, mfu 89.78%
iter 36630: loss 4.0396, time 2738.26ms, mfu 89.78%
iter 36640: loss 4.0824, time 2741.01ms, mfu 89.78%
iter 36650: loss 4.1030, time 2737.96ms, mfu 89.79%
iter 36660: loss 4.1034, time 2746.85ms, mfu 89.77%
iter 36670: loss 4.0647, time 2745.89ms, mfu 89.76%
iter 36680: loss 4.0976, time 2740.53ms, mfu 89.76%
iter 36690: loss 4.0567, time 2746.09ms, mfu 89.75%
iter 36700: loss 4.1134, time 2740.34ms, mfu 89.75%
iter 36710: loss 4.0520, time 2748.67ms, mfu 89.73%
iter 36720: loss 4.0847, time 2736.22ms, mfu 89.75%
iter 36730: loss 4.1251, time 2746.43ms, mfu 89.73%
iter 36740: loss 4.0440, time 2738.47ms, mfu 89.75%
iter 36750: loss 4.0820, time 2739.50ms, mfu 89.75%
iter 36760: loss 3.9864, time 2740.02ms, mfu 89.76%
iter 36770: loss 3.9774, time 2736.35ms, mfu 89.78%
iter 36780: loss 4.1038, time 2739.11ms, mfu 89.78%
iter 36790: loss 4.1556, time 2746.57ms, mfu 89.76%
iter 36800: loss 4.0095, time 2742.90ms, mfu 89.76%
iter 36810: loss 4.0285, time 2739.43ms, mfu 89.77%
iter 36820: loss 4.1015, time 2743.35ms, mfu 89.76%
iter 36830: loss 3.9438, time 2745.25ms, mfu 89.75%
iter 36840: loss 4.0124, time 2739.32ms, mfu 89.76%
iter 36850: loss 4.0825, time 2745.07ms, mfu 89.74%
iter 36860: loss 4.0443, time 2747.42ms, mfu 89.73%
iter 36870: loss 4.0094, time 2741.94ms, mfu 89.73%
iter 36880: loss 4.1150, time 2740.61ms, mfu 89.73%
iter 36890: loss 4.0517, time 2737.20ms, mfu 89.75%
iter 36900: loss 4.1869, time 2738.04ms, mfu 89.76%
iter 36910: loss 4.0304, time 2749.11ms, mfu 89.74%
iter 36920: loss 4.0900, time 2740.73ms, mfu 89.74%
iter 36930: loss 4.0078, time 2745.73ms, mfu 89.73%
iter 36940: loss 4.2066, time 2741.21ms, mfu 89.73%
iter 36950: loss 4.0689, time 2746.55ms, mfu 89.72%
iter 36960: loss 4.1337, time 2738.75ms, mfu 89.73%
iter 36970: loss 4.1153, time 2741.40ms, mfu 89.74%
iter 36980: loss 3.9654, time 2745.47ms, mfu 89.73%
iter 36990: loss 4.0924, time 2746.54ms, mfu 89.71%
step 37000: train loss 3.9411, val loss 3.9438
saving checkpoint to /net/scratch2/junyuren/nanoGPT-manifold/out-openwebtext-lr6x
iter 37000: loss 4.0703, time 17580.28ms, mfu 82.14%
iter 37010: loss 4.0835, time 2735.56ms, mfu 82.92%
iter 37020: loss 4.1173, time 2736.12ms, mfu 83.62%
iter 37030: loss 3.9678, time 2736.75ms, mfu 84.25%
iter 37040: loss 4.1047, time 2739.78ms, mfu 84.81%
iter 37050: loss 4.0126, time 2734.98ms, mfu 85.33%
iter 37060: loss 4.0979, time 2738.12ms, mfu 85.78%
iter 37070: loss 4.0854, time 2743.89ms, mfu 86.17%
iter 37080: loss 3.9697, time 2737.98ms, mfu 86.54%
iter 37090: loss 4.1342, time 2738.85ms, mfu 86.87%
iter 37100: loss 4.0820, time 2750.90ms, mfu 87.13%
iter 37110: loss 4.0963, time 2736.70ms, mfu 87.41%
iter 37120: loss 4.0696, time 2740.88ms, mfu 87.65%
iter 37130: loss 4.0363, time 2741.36ms, mfu 87.86%
iter 37140: loss 4.0156, time 2744.44ms, mfu 88.04%
iter 37150: loss 4.0835, time 2740.62ms, mfu 88.21%
iter 37160: loss 4.0795, time 2738.06ms, mfu 88.38%
iter 37170: loss 4.1075, time 2742.83ms, mfu 88.51%
iter 37180: loss 4.1244, time 2743.05ms, mfu 88.63%
iter 37190: loss 4.1502, time 2743.97ms, mfu 88.74%
iter 37200: loss 4.1079, time 2739.66ms, mfu 88.85%
iter 37210: loss 4.0064, time 2744.93ms, mfu 88.93%
iter 37220: loss 4.0125, time 2744.49ms, mfu 89.00%
iter 37230: loss 4.0617, time 2742.75ms, mfu 89.07%
iter 37240: loss 4.1133, time 2734.23ms, mfu 89.16%
iter 37250: loss 4.0621, time 2731.84ms, mfu 89.26%
iter 37260: loss 4.0501, time 2737.84ms, mfu 89.32%
iter 37270: loss 4.0151, time 2738.93ms, mfu 89.37%
iter 37280: loss 4.1702, time 2733.33ms, mfu 89.44%
iter 37290: loss 4.1381, time 2738.88ms, mfu 89.48%
iter 37300: loss 4.1227, time 2746.06ms, mfu 89.49%
iter 37310: loss 3.9526, time 2739.06ms, mfu 89.53%
iter 37320: loss 4.0509, time 2736.18ms, mfu 89.57%
iter 37330: loss 4.0224, time 2745.75ms, mfu 89.57%
iter 37340: loss 4.0182, time 2740.77ms, mfu 89.59%
iter 37350: loss 4.0652, time 2747.41ms, mfu 89.59%
iter 37360: loss 4.0817, time 2735.66ms, mfu 89.63%
iter 37370: loss 4.1005, time 2740.85ms, mfu 89.64%
iter 37380: loss 3.9576, time 2733.17ms, mfu 89.68%
iter 37390: loss 4.0489, time 2742.55ms, mfu 89.69%
iter 37400: loss 4.0252, time 2740.76ms, mfu 89.70%
iter 37410: loss 4.0348, time 2742.33ms, mfu 89.70%
iter 37420: loss 4.1157, time 2743.21ms, mfu 89.70%
iter 37430: loss 4.1163, time 2738.33ms, mfu 89.72%
iter 37440: loss 4.0873, time 2740.92ms, mfu 89.72%
iter 37450: loss 4.0771, time 2741.41ms, mfu 89.73%
iter 37460: loss 4.0597, time 2744.26ms, mfu 89.72%
iter 37470: loss 4.0979, time 2734.97ms, mfu 89.75%
iter 37480: loss 4.0942, time 2740.90ms, mfu 89.75%
iter 37490: loss 4.0256, time 2738.96ms, mfu 89.76%
iter 37500: loss 3.9285, time 2741.38ms, mfu 89.76%
iter 37510: loss 4.0001, time 2739.15ms, mfu 89.77%
iter 37520: loss 4.0627, time 2736.92ms, mfu 89.78%
iter 37530: loss 4.1013, time 2745.59ms, mfu 89.77%
iter 37540: loss 4.0593, time 2736.98ms, mfu 89.78%
iter 37550: loss 4.0425, time 2743.21ms, mfu 89.77%
iter 37560: loss 4.0230, time 2739.55ms, mfu 89.78%
iter 37570: loss 4.1177, time 2742.44ms, mfu 89.77%
iter 37580: loss 4.0622, time 2737.63ms, mfu 89.78%
iter 37590: loss 4.0298, time 2738.79ms, mfu 89.79%
iter 37600: loss 4.0955, time 2746.38ms, mfu 89.77%
iter 37610: loss 4.0854, time 2739.50ms, mfu 89.78%
iter 37620: loss 4.0574, time 2743.10ms, mfu 89.77%
iter 37630: loss 4.0323, time 2735.93ms, mfu 89.79%
iter 37640: loss 4.1048, time 2740.22ms, mfu 89.79%
iter 37650: loss 4.1841, time 2738.43ms, mfu 89.80%
iter 37660: loss 4.1170, time 2742.50ms, mfu 89.79%
iter 37670: loss 4.0196, time 2736.75ms, mfu 89.80%
iter 37680: loss 4.0749, time 2737.66ms, mfu 89.81%
iter 37690: loss 4.0713, time 2738.38ms, mfu 89.82%
iter 37700: loss 4.0505, time 2742.57ms, mfu 89.81%
iter 37710: loss 4.1900, time 2741.54ms, mfu 89.80%
iter 37720: loss 4.1638, time 2741.44ms, mfu 89.80%
iter 37730: loss 4.0605, time 2739.78ms, mfu 89.80%
iter 37740: loss 4.0826, time 2737.88ms, mfu 89.81%
iter 37750: loss 4.0188, time 2745.82ms, mfu 89.79%
iter 37760: loss 3.9652, time 2735.80ms, mfu 89.80%
iter 37770: loss 4.0523, time 2738.84ms, mfu 89.81%
iter 37780: loss 4.0344, time 2738.33ms, mfu 89.81%
iter 37790: loss 4.0757, time 2746.64ms, mfu 89.79%
iter 37800: loss 4.0625, time 2743.70ms, mfu 89.78%
iter 37810: loss 3.9813, time 2744.00ms, mfu 89.77%
iter 37820: loss 4.0641, time 2745.35ms, mfu 89.76%
iter 37830: loss 4.0499, time 2742.09ms, mfu 89.76%
iter 37840: loss 4.1631, time 2734.67ms, mfu 89.78%
iter 37850: loss 4.0996, time 2737.07ms, mfu 89.79%
iter 37860: loss 4.0842, time 2738.01ms, mfu 89.80%
iter 37870: loss 3.9955, time 2745.81ms, mfu 89.78%
iter 37880: loss 4.0610, time 2737.49ms, mfu 89.79%
iter 37890: loss 4.0301, time 2739.84ms, mfu 89.79%
iter 37900: loss 4.0749, time 2744.27ms, mfu 89.78%
iter 37910: loss 4.0777, time 2736.51ms, mfu 89.80%
iter 37920: loss 4.0882, time 2740.20ms, mfu 89.80%
iter 37930: loss 4.0487, time 2742.26ms, mfu 89.79%
iter 37940: loss 4.0932, time 2737.41ms, mfu 89.80%
iter 37950: loss 4.0151, time 2733.77ms, mfu 89.82%
iter 37960: loss 3.9971, time 2731.87ms, mfu 89.85%
iter 37970: loss 4.0580, time 2742.33ms, mfu 89.84%
iter 37980: loss 4.0833, time 2735.86ms, mfu 89.85%
iter 37990: loss 4.0624, time 2743.45ms, mfu 89.83%
step 38000: train loss 3.9657, val loss 3.9705
saving checkpoint to /net/scratch2/junyuren/nanoGPT-manifold/out-openwebtext-lr6x
iter 38000: loss 3.9751, time 17622.91ms, mfu 82.25%
iter 38010: loss 4.0218, time 2745.54ms, mfu 82.98%
iter 38020: loss 4.0726, time 2742.43ms, mfu 83.66%
iter 38030: loss 4.1099, time 2735.42ms, mfu 84.29%
iter 38040: loss 4.1052, time 2735.43ms, mfu 84.86%
iter 38050: loss 4.0635, time 2744.77ms, mfu 85.34%
iter 38060: loss 4.1265, time 2737.06ms, mfu 85.79%
iter 38070: loss 3.8879, time 2739.69ms, mfu 86.19%
iter 38080: loss 4.0600, time 2738.04ms, mfu 86.56%
iter 38090: loss 3.9457, time 2740.59ms, mfu 86.89%
iter 38100: loss 4.1225, time 2734.85ms, mfu 87.19%
iter 38110: loss 4.0500, time 2743.04ms, mfu 87.45%
iter 38120: loss 4.0477, time 2738.89ms, mfu 87.69%
iter 38130: loss 4.0195, time 2736.70ms, mfu 87.91%
iter 38140: loss 4.0572, time 2749.21ms, mfu 88.07%
iter 38150: loss 4.1147, time 2742.46ms, mfu 88.24%
iter 38160: loss 4.0582, time 2737.54ms, mfu 88.40%
iter 38170: loss 4.1199, time 2737.58ms, mfu 88.55%
iter 38180: loss 4.0916, time 2741.34ms, mfu 88.67%
iter 38190: loss 4.0959, time 2740.13ms, mfu 88.78%
iter 38200: loss 3.9930, time 3116.28ms, mfu 87.80%
iter 38210: loss 4.0566, time 2742.58ms, mfu 87.99%
iter 38220: loss 4.0856, time 2740.54ms, mfu 88.17%
iter 38230: loss 4.0882, time 2740.07ms, mfu 88.34%
iter 38240: loss 4.0919, time 2741.29ms, mfu 88.48%
iter 38250: loss 4.0665, time 2742.33ms, mfu 88.61%
iter 38260: loss 4.0455, time 2738.39ms, mfu 88.73%
iter 38270: loss 4.0122, time 2744.91ms, mfu 88.82%
iter 38280: loss 3.9897, time 2745.46ms, mfu 88.90%
iter 38290: loss 4.1102, time 2738.15ms, mfu 89.00%
iter 38300: loss 3.9862, time 2737.64ms, mfu 89.09%
iter 38310: loss 4.1407, time 2737.64ms, mfu 89.17%
iter 38320: loss 4.0560, time 2745.78ms, mfu 89.21%
iter 38330: loss 4.1297, time 2742.27ms, mfu 89.27%
iter 38340: loss 4.0683, time 2734.61ms, mfu 89.34%
iter 38350: loss 4.0196, time 2741.82ms, mfu 89.38%
iter 38360: loss 4.1041, time 2739.30ms, mfu 89.42%
iter 38370: loss 4.0700, time 2738.75ms, mfu 89.47%
iter 38380: loss 3.9864, time 2740.78ms, mfu 89.50%
iter 38390: loss 4.0631, time 2739.49ms, mfu 89.53%
iter 38400: loss 4.0152, time 2740.24ms, mfu 89.56%
iter 38410: loss 4.0375, time 2738.73ms, mfu 89.59%
iter 38420: loss 4.1240, time 2742.69ms, mfu 89.60%
iter 38430: loss 4.0113, time 2735.41ms, mfu 89.64%
iter 38440: loss 3.9777, time 2741.01ms, mfu 89.65%
iter 38450: loss 4.0390, time 2747.34ms, mfu 89.64%
iter 38460: loss 4.1173, time 2744.14ms, mfu 89.65%
iter 38470: loss 4.0998, time 2743.30ms, mfu 89.65%
iter 38480: loss 4.0090, time 2740.87ms, mfu 89.66%
iter 38490: loss 4.1418, time 2744.55ms, mfu 89.66%
iter 38500: loss 4.0394, time 2736.06ms, mfu 89.69%
iter 38510: loss 4.2108, time 2733.57ms, mfu 89.72%
iter 38520: loss 4.1229, time 2746.39ms, mfu 89.71%
iter 38530: loss 4.1088, time 2738.62ms, mfu 89.73%
iter 38540: loss 4.0803, time 2740.86ms, mfu 89.73%
iter 38550: loss 4.0151, time 2737.57ms, mfu 89.75%
iter 38560: loss 4.0453, time 2741.01ms, mfu 89.75%
iter 38570: loss 4.1033, time 2752.72ms, mfu 89.71%
iter 38580: loss 4.0720, time 2738.81ms, mfu 89.73%
iter 38590: loss 4.0382, time 2740.93ms, mfu 89.73%
iter 38600: loss 4.0092, time 2742.94ms, mfu 89.73%
iter 38610: loss 4.0006, time 2747.59ms, mfu 89.71%
iter 38620: loss 4.0576, time 2737.76ms, mfu 89.73%
iter 38630: loss 4.1030, time 2739.90ms, mfu 89.74%
iter 38640: loss 4.0215, time 2739.79ms, mfu 89.75%
iter 38650: loss 4.0774, time 2739.52ms, mfu 89.75%
iter 38660: loss 4.0570, time 2741.60ms, mfu 89.75%
iter 38670: loss 4.1549, time 2738.88ms, mfu 89.76%
iter 38680: loss 4.1272, time 2738.47ms, mfu 89.77%
iter 38690: loss 4.0465, time 2737.38ms, mfu 89.79%
iter 38700: loss 4.0000, time 2746.84ms, mfu 89.77%
iter 38710: loss 3.9891, time 2740.37ms, mfu 89.77%
iter 38720: loss 4.0457, time 2741.60ms, mfu 89.77%
iter 38730: loss 4.0570, time 2744.90ms, mfu 89.76%
iter 38740: loss 4.0979, time 2741.07ms, mfu 89.76%
iter 38750: loss 4.0863, time 2740.40ms, mfu 89.76%
iter 38760: loss 4.0053, time 2740.13ms, mfu 89.77%
iter 38770: loss 4.0625, time 2741.30ms, mfu 89.77%
iter 38780: loss 4.0697, time 2737.11ms, mfu 89.78%
iter 38790: loss 4.0476, time 2743.85ms, mfu 89.77%
iter 38800: loss 4.0961, time 2746.59ms, mfu 89.75%
iter 38810: loss 4.1333, time 2739.34ms, mfu 89.76%
iter 38820: loss 4.0804, time 2745.13ms, mfu 89.75%
iter 38830: loss 4.0165, time 2742.10ms, mfu 89.75%
iter 38840: loss 4.0633, time 2735.25ms, mfu 89.77%
iter 38850: loss 4.0671, time 2744.27ms, mfu 89.76%
iter 38860: loss 4.0228, time 2747.20ms, mfu 89.74%
iter 38870: loss 4.0949, time 2734.83ms, mfu 89.76%
iter 38880: loss 4.1040, time 2745.11ms, mfu 89.75%
iter 38890: loss 4.0676, time 2741.13ms, mfu 89.75%
iter 38900: loss 4.0228, time 2746.34ms, mfu 89.74%
iter 38910: loss 4.0624, time 2735.60ms, mfu 89.76%
iter 38920: loss 4.1171, time 2739.97ms, mfu 89.77%
iter 38930: loss 4.1217, time 2739.07ms, mfu 89.77%
iter 38940: loss 3.9563, time 2739.46ms, mfu 89.78%
iter 38950: loss 4.0456, time 2734.64ms, mfu 89.80%
iter 38960: loss 3.9981, time 2741.35ms, mfu 89.80%
iter 38970: loss 4.1474, time 2742.52ms, mfu 89.79%
iter 38980: loss 4.0303, time 2739.29ms, mfu 89.79%
iter 38990: loss 4.0768, time 2739.80ms, mfu 89.80%
step 39000: train loss 3.9132, val loss 3.9246
saving checkpoint to /net/scratch2/junyuren/nanoGPT-manifold/out-openwebtext-lr6x
iter 39000: loss 4.1260, time 17663.32ms, mfu 82.21%
iter 39010: loss 4.0389, time 2738.20ms, mfu 82.97%
iter 39020: loss 4.0496, time 2743.93ms, mfu 83.65%
iter 39030: loss 3.9865, time 2740.20ms, mfu 84.26%
iter 39040: loss 4.0632, time 2736.91ms, mfu 84.83%
iter 39050: loss 4.1194, time 2735.13ms, mfu 85.34%
iter 39060: loss 4.0605, time 2734.63ms, mfu 85.80%
iter 39070: loss 4.0052, time 2739.94ms, mfu 86.21%
iter 39080: loss 4.0650, time 2739.94ms, mfu 86.57%
iter 39090: loss 4.1181, time 2750.54ms, mfu 86.86%
iter 39100: loss 4.0769, time 2739.74ms, mfu 87.15%
iter 39110: loss 4.0286, time 2738.94ms, mfu 87.42%
iter 39120: loss 4.1061, time 2732.59ms, mfu 87.68%
iter 39130: loss 4.0394, time 2741.08ms, mfu 87.89%
iter 39140: loss 4.0704, time 2738.92ms, mfu 88.09%
iter 39150: loss 4.0479, time 2733.56ms, mfu 88.28%
iter 39160: loss 4.0408, time 2744.47ms, mfu 88.42%
iter 39170: loss 4.0360, time 2734.16ms, mfu 88.58%
iter 39180: loss 4.0593, time 2735.85ms, mfu 88.71%
iter 39190: loss 4.0535, time 2738.76ms, mfu 88.83%
iter 39200: loss 4.0545, time 2736.57ms, mfu 88.94%
iter 39210: loss 3.9627, time 2735.80ms, mfu 89.04%
iter 39220: loss 3.9809, time 2742.01ms, mfu 89.11%
iter 39230: loss 4.1043, time 2739.26ms, mfu 89.18%
iter 39240: loss 4.0548, time 2743.57ms, mfu 89.23%
iter 39250: loss 4.0628, time 2731.83ms, mfu 89.32%
iter 39260: loss 4.0854, time 2736.37ms, mfu 89.38%
iter 39270: loss 4.0252, time 2740.62ms, mfu 89.42%
iter 39280: loss 4.0175, time 2734.40ms, mfu 89.48%
iter 39290: loss 4.1047, time 2732.22ms, mfu 89.54%
iter 39300: loss 4.0534, time 2742.11ms, mfu 89.56%
iter 39310: loss 4.0450, time 2742.57ms, mfu 89.57%
iter 39320: loss 4.0472, time 2731.41ms, mfu 89.62%
iter 39330: loss 3.9893, time 2741.87ms, mfu 89.64%
iter 39340: loss 4.0646, time 2742.14ms, mfu 89.65%
iter 39350: loss 4.0503, time 2742.75ms, mfu 89.65%
iter 39360: loss 4.0072, time 2745.88ms, mfu 89.65%
iter 39370: loss 4.0370, time 2744.67ms, mfu 89.65%
iter 39380: loss 4.0579, time 2746.36ms, mfu 89.65%
iter 39390: loss 4.0822, time 2736.97ms, mfu 89.67%
iter 39400: loss 4.0704, time 2736.28ms, mfu 89.70%
iter 39410: loss 4.1189, time 2744.30ms, mfu 89.70%
iter 39420: loss 4.0180, time 2742.41ms, mfu 89.70%
iter 39430: loss 4.0027, time 2739.77ms, mfu 89.71%
iter 39440: loss 4.0568, time 2744.17ms, mfu 89.71%
iter 39450: loss 4.1270, time 2736.75ms, mfu 89.73%
iter 39460: loss 4.0788, time 2739.75ms, mfu 89.74%
iter 39470: loss 4.0304, time 2742.92ms, mfu 89.73%
iter 39480: loss 4.0995, time 2737.51ms, mfu 89.75%
iter 39490: loss 3.9989, time 2742.82ms, mfu 89.75%
iter 39500: loss 4.0451, time 2740.48ms, mfu 89.75%
iter 39510: loss 4.0627, time 2745.74ms, mfu 89.74%
iter 39520: loss 4.0638, time 2738.55ms, mfu 89.75%
iter 39530: loss 4.1166, time 2736.10ms, mfu 89.77%
iter 39540: loss 4.0570, time 2735.78ms, mfu 89.79%
iter 39550: loss 4.0618, time 2734.95ms, mfu 89.81%
iter 39560: loss 4.1188, time 2740.60ms, mfu 89.80%
iter 39570: loss 4.0222, time 2739.17ms, mfu 89.81%
iter 39580: loss 4.1316, time 2740.56ms, mfu 89.81%
iter 39590: loss 4.0623, time 2747.66ms, mfu 89.78%
iter 39600: loss 4.0201, time 2739.53ms, mfu 89.79%
iter 39610: loss 4.1180, time 2742.91ms, mfu 89.78%
iter 39620: loss 4.0609, time 2739.47ms, mfu 89.78%
iter 39630: loss 4.1175, time 2738.75ms, mfu 89.79%
iter 39640: loss 4.0631, time 2740.61ms, mfu 89.79%
iter 39650: loss 3.9760, time 2741.68ms, mfu 89.79%
iter 39660: loss 4.0522, time 2739.81ms, mfu 89.79%
iter 39670: loss 4.1216, time 2735.57ms, mfu 89.81%
iter 39680: loss 4.0426, time 2739.82ms, mfu 89.81%
