Overriding config with config/train_openwebtext_baseline_resume.py:
# Resume OpenWebText Baseline from checkpoint
# Continuing from step 13000

# I/O
out_dir = '/net/scratch2/junyuren/nanoGPT-manifold/out-openwebtext-baseline'
eval_interval = 1000
eval_iters = 200
log_interval = 10
always_save_checkpoint = True

# CRITICAL: Resume from checkpoint
init_from = 'resume'

wandb_log = False
wandb_project = 'openwebtext'
wandb_run_name = 'baseline-6L-384d-resume'

# Data
dataset = 'openwebtext'
data_dir = '/net/scratch2/junyuren/nanoGPT-manifold/data/openwebtext'
gradient_accumulation_steps = 40
batch_size = 64
block_size = 1024

# Model - SAME as Shakespeare: 6L x 384d (~10M params)
n_layer = 6
n_head = 6
n_embd = 384
dropout = 0.2
bias = False

# AdamW optimizer - LR decay will continue from step 13000
learning_rate = 1e-3  # Max LR (for reference, decay continues)
max_iters = 100000
lr_decay_iters = 100000
min_lr = 1e-4
beta1 = 0.9
beta2 = 0.99
weight_decay = 1e-1
grad_clip = 1.0

decay_lr = True
warmup_iters = 2000  # Already past warmup

# System
device = 'cuda'
dtype = 'bfloat16'
compile = True

# No Grassmann
use_grassmann = False

tokens per iteration will be: 2,621,440
Resuming training from /net/scratch2/junyuren/nanoGPT-manifold/out-openwebtext-baseline
number of parameters: 29.94M
num decayed parameter tensors: 26, with 30,326,784 parameters
num non-decayed parameter tensors: 13, with 4,992 parameters
using fused AdamW: True
compiling the model... (takes a ~minute)
step 13000: train loss 3.7751, val loss 3.7838
saving checkpoint to /net/scratch2/junyuren/nanoGPT-manifold/out-openwebtext-baseline
iter 13000: loss 3.8224, time 248468.71ms, mfu -100.00%
iter 13010: loss 3.8714, time 26588.97ms, mfu 6.57%
iter 13020: loss 3.8855, time 18786.94ms, mfu 6.84%
iter 13030: loss 3.9179, time 12995.71ms, mfu 7.50%
iter 13040: loss 3.8708, time 11960.82ms, mfu 8.21%
iter 13050: loss 3.8569, time 7870.44ms, mfu 9.61%
iter 13060: loss 3.8596, time 6958.87ms, mfu 11.16%
iter 13070: loss 3.8705, time 5179.37ms, mfu 13.42%
iter 13080: loss 3.7506, time 3900.20ms, mfu 16.56%
iter 13090: loss 3.8098, time 3334.33ms, mfu 20.14%
iter 13100: loss 3.7247, time 3209.60ms, mfu 23.57%
iter 13110: loss 3.8779, time 3192.07ms, mfu 26.69%
iter 13120: loss 3.8197, time 3030.96ms, mfu 29.78%
iter 13130: loss 3.8693, time 3080.42ms, mfu 32.48%
iter 13140: loss 3.9656, time 3098.09ms, mfu 34.87%
iter 13150: loss 3.8690, time 3130.81ms, mfu 36.96%
iter 13160: loss 3.8359, time 3128.07ms, mfu 38.85%
iter 13170: loss 3.8968, time 3134.75ms, mfu 40.54%
iter 13180: loss 3.8969, time 3127.84ms, mfu 42.07%
iter 13190: loss 3.8882, time 3134.49ms, mfu 43.44%
iter 13200: loss 3.8202, time 3142.24ms, mfu 44.65%
iter 13210: loss 3.7388, time 3139.45ms, mfu 45.75%
iter 13220: loss 3.8953, time 3134.48ms, mfu 46.75%
iter 13230: loss 3.7906, time 3136.39ms, mfu 47.65%
iter 13240: loss 3.7560, time 3107.69ms, mfu 48.51%
iter 13250: loss 3.8441, time 3150.23ms, mfu 49.20%
iter 13260: loss 3.9460, time 3166.25ms, mfu 49.80%
iter 13270: loss 3.8819, time 3131.17ms, mfu 50.40%
iter 13280: loss 3.8905, time 3137.80ms, mfu 50.93%
iter 13290: loss 3.9451, time 3140.24ms, mfu 51.40%
iter 13300: loss 3.9031, time 3135.07ms, mfu 51.83%
iter 13310: loss 3.8781, time 3139.09ms, mfu 52.21%
iter 13320: loss 3.8248, time 3139.28ms, mfu 52.56%
iter 13330: loss 3.8477, time 3139.10ms, mfu 52.87%
iter 13340: loss 3.8017, time 3140.36ms, mfu 53.14%
iter 13350: loss 3.8772, time 3138.82ms, mfu 53.40%
iter 13360: loss 3.8201, time 3122.55ms, mfu 53.65%
iter 13370: loss 3.8401, time 3142.42ms, mfu 53.85%
iter 13380: loss 3.8257, time 3137.51ms, mfu 54.03%
iter 13390: loss 3.8914, time 3129.33ms, mfu 54.21%
iter 13400: loss 3.9872, time 3140.72ms, mfu 54.35%
iter 13410: loss 3.8958, time 3164.07ms, mfu 54.44%
iter 13420: loss 3.8638, time 3139.18ms, mfu 54.56%
iter 13430: loss 3.8899, time 3132.42ms, mfu 54.68%
iter 13440: loss 3.7869, time 3135.33ms, mfu 54.79%
iter 13450: loss 3.8895, time 3135.68ms, mfu 54.88%
iter 13460: loss 3.8566, time 3140.14ms, mfu 54.96%
iter 13470: loss 3.9549, time 3133.63ms, mfu 55.04%
iter 13480: loss 3.8580, time 3133.89ms, mfu 55.11%
iter 13490: loss 3.8318, time 3138.05ms, mfu 55.16%
iter 13500: loss 3.8573, time 3142.61ms, mfu 55.21%
iter 13510: loss 3.8656, time 3137.09ms, mfu 55.26%
iter 13520: loss 3.8764, time 3138.53ms, mfu 55.30%
iter 13530: loss 3.7755, time 3127.30ms, mfu 55.35%
iter 13540: loss 3.8194, time 3141.40ms, mfu 55.38%
iter 13550: loss 3.8100, time 3130.26ms, mfu 55.42%
iter 13560: loss 3.9292, time 3138.51ms, mfu 55.45%
iter 13570: loss 3.7910, time 3135.00ms, mfu 55.48%
iter 13580: loss 3.8651, time 3137.72ms, mfu 55.50%
iter 13590: loss 3.9320, time 3137.08ms, mfu 55.52%
iter 13600: loss 3.8102, time 3140.60ms, mfu 55.53%
iter 13610: loss 3.8661, time 3137.36ms, mfu 55.54%
iter 13620: loss 3.8797, time 3135.37ms, mfu 55.56%
iter 13630: loss 3.8124, time 3132.78ms, mfu 55.58%
iter 13640: loss 3.9254, time 3131.59ms, mfu 55.60%
iter 13650: loss 3.9078, time 3134.28ms, mfu 55.62%
iter 13660: loss 3.8967, time 3126.40ms, mfu 55.64%
iter 13670: loss 3.8751, time 3136.33ms, mfu 55.65%
iter 13680: loss 3.8250, time 3131.42ms, mfu 55.66%
iter 13690: loss 3.8697, time 3133.93ms, mfu 55.67%
iter 13700: loss 3.8621, time 3133.35ms, mfu 55.68%
iter 13710: loss 3.9045, time 3132.98ms, mfu 55.69%
iter 13720: loss 3.9287, time 3136.53ms, mfu 55.69%
iter 13730: loss 3.8522, time 3138.74ms, mfu 55.69%
iter 13740: loss 3.9392, time 3139.47ms, mfu 55.69%
iter 13750: loss 3.8519, time 3131.23ms, mfu 55.70%
iter 13760: loss 3.8840, time 3112.12ms, mfu 55.74%
iter 13770: loss 3.9501, time 3128.76ms, mfu 55.75%
iter 13780: loss 3.8103, time 3136.19ms, mfu 55.75%
iter 13790: loss 3.8554, time 3138.50ms, mfu 55.74%
iter 13800: loss 3.8231, time 3132.05ms, mfu 55.74%
iter 13810: loss 3.8808, time 3133.80ms, mfu 55.74%
iter 13820: loss 3.8399, time 3137.53ms, mfu 55.74%
iter 13830: loss 3.8764, time 3137.34ms, mfu 55.73%
iter 13840: loss 3.8446, time 3127.50ms, mfu 55.75%
iter 13850: loss 3.7839, time 3132.97ms, mfu 55.75%
iter 13860: loss 3.8944, time 3133.97ms, mfu 55.75%
iter 13870: loss 3.8915, time 3133.37ms, mfu 55.75%
iter 13880: loss 3.7140, time 3134.40ms, mfu 55.75%
iter 13890: loss 3.9251, time 3131.58ms, mfu 55.75%
iter 13900: loss 3.9189, time 3151.53ms, mfu 55.72%
iter 13910: loss 3.9190, time 3140.49ms, mfu 55.71%
iter 13920: loss 3.9247, time 3136.02ms, mfu 55.71%
iter 13930: loss 3.9582, time 3133.67ms, mfu 55.72%
iter 13940: loss 3.8648, time 3135.41ms, mfu 55.72%
iter 13950: loss 3.8336, time 3137.11ms, mfu 55.71%
iter 13960: loss 3.8470, time 3139.78ms, mfu 55.71%
iter 13970: loss 3.8734, time 3133.45ms, mfu 55.71%
iter 13980: loss 3.9428, time 3130.44ms, mfu 55.72%
iter 13990: loss 3.7139, time 3131.86ms, mfu 55.73%
step 14000: train loss 3.8019, val loss 3.8082
saving checkpoint to /net/scratch2/junyuren/nanoGPT-manifold/out-openwebtext-baseline
iter 14000: loss 3.8912, time 20638.87ms, mfu 51.00%
iter 14010: loss 3.8649, time 3122.34ms, mfu 51.50%
iter 14020: loss 3.9512, time 3128.27ms, mfu 51.93%
iter 14030: loss 3.7738, time 3125.28ms, mfu 52.33%
iter 14040: loss 3.8091, time 3131.00ms, mfu 52.68%
iter 14050: loss 3.9122, time 3133.24ms, mfu 52.99%
iter 14060: loss 3.8835, time 3140.17ms, mfu 53.25%
iter 14070: loss 3.8868, time 3131.66ms, mfu 53.51%
iter 14080: loss 3.8897, time 3129.31ms, mfu 53.74%
iter 14090: loss 3.8540, time 3134.48ms, mfu 53.94%
iter 14100: loss 3.8074, time 3129.78ms, mfu 54.13%
iter 14110: loss 3.9051, time 3137.14ms, mfu 54.28%
iter 14120: loss 3.8637, time 3136.11ms, mfu 54.43%
iter 14130: loss 3.8255, time 3138.14ms, mfu 54.55%
iter 14140: loss 3.8011, time 3135.24ms, mfu 54.67%
iter 14150: loss 3.8687, time 3133.35ms, mfu 54.78%
iter 14160: loss 3.8586, time 3133.16ms, mfu 54.88%
iter 14170: loss 3.9003, time 3134.96ms, mfu 54.96%
iter 14180: loss 3.9831, time 3130.57ms, mfu 55.05%
iter 14190: loss 3.9051, time 3129.91ms, mfu 55.12%
iter 14200: loss 3.8881, time 3138.09ms, mfu 55.18%
iter 14210: loss 3.7979, time 3138.07ms, mfu 55.23%
iter 14220: loss 3.9288, time 3135.31ms, mfu 55.28%
iter 14230: loss 3.8672, time 3136.19ms, mfu 55.32%
iter 14240: loss 3.9186, time 3135.27ms, mfu 55.36%
iter 14250: loss 3.8330, time 3133.60ms, mfu 55.40%
iter 14260: loss 3.9096, time 3138.97ms, mfu 55.43%
iter 14270: loss 3.8749, time 3140.30ms, mfu 55.45%
iter 14280: loss 3.9166, time 3139.59ms, mfu 55.47%
iter 14290: loss 3.8172, time 3136.25ms, mfu 55.49%
iter 14300: loss 3.8279, time 3136.64ms, mfu 55.51%
iter 14310: loss 3.7960, time 3136.90ms, mfu 55.53%
iter 14320: loss 3.8246, time 3138.00ms, mfu 55.55%
iter 14330: loss 3.7802, time 3124.72ms, mfu 55.58%
iter 14340: loss 3.8632, time 3136.58ms, mfu 55.59%
iter 14350: loss 3.7946, time 3136.71ms, mfu 55.61%
iter 14360: loss 3.8753, time 3139.74ms, mfu 55.61%
iter 14370: loss 3.8996, time 3134.24ms, mfu 55.62%
iter 14380: loss 3.9127, time 3129.74ms, mfu 55.64%
iter 14390: loss 3.7691, time 3136.12ms, mfu 55.65%
iter 14400: loss 3.7672, time 3132.86ms, mfu 55.66%
iter 14410: loss 3.8431, time 3134.71ms, mfu 55.67%
iter 14420: loss 3.8470, time 3130.07ms, mfu 55.68%
iter 14430: loss 3.7772, time 3132.56ms, mfu 55.69%
iter 14440: loss 3.8768, time 3133.32ms, mfu 55.70%
iter 14450: loss 3.8719, time 3137.24ms, mfu 55.70%
iter 14460: loss 3.8230, time 3140.18ms, mfu 55.69%
iter 14470: loss 3.8149, time 3134.18ms, mfu 55.70%
iter 14480: loss 3.8100, time 3129.84ms, mfu 55.71%
iter 14490: loss 3.8608, time 3136.34ms, mfu 55.71%
iter 14500: loss 3.8866, time 3133.59ms, mfu 55.71%
iter 14510: loss 3.8418, time 3132.94ms, mfu 55.72%
iter 14520: loss 3.8287, time 3133.11ms, mfu 55.72%
iter 14530: loss 3.8438, time 3136.52ms, mfu 55.72%
iter 14540: loss 3.8818, time 3139.38ms, mfu 55.72%
iter 14550: loss 3.8053, time 3132.35ms, mfu 55.72%
iter 14560: loss 3.8159, time 3138.35ms, mfu 55.72%
iter 14570: loss 3.7962, time 3135.78ms, mfu 55.72%
iter 14580: loss 3.8699, time 3136.17ms, mfu 55.72%
iter 14590: loss 3.8278, time 3141.07ms, mfu 55.71%
iter 14600: loss 3.8950, time 3135.87ms, mfu 55.71%
iter 14610: loss 3.7507, time 3139.36ms, mfu 55.70%
iter 14620: loss 3.7353, time 3139.88ms, mfu 55.70%
iter 14630: loss 3.9078, time 3137.03ms, mfu 55.70%
iter 14640: loss 3.8795, time 3131.69ms, mfu 55.71%
iter 14650: loss 3.8668, time 3130.69ms, mfu 55.72%
iter 14660: loss 3.7645, time 3140.80ms, mfu 55.71%
iter 14670: loss 3.7892, time 3134.70ms, mfu 55.71%
iter 14680: loss 3.8136, time 3126.80ms, mfu 55.73%
iter 14690: loss 3.7865, time 3141.60ms, mfu 55.71%
iter 14700: loss 3.7735, time 3137.31ms, mfu 55.71%
iter 14710: loss 3.8748, time 3138.15ms, mfu 55.71%
iter 14720: loss 3.8982, time 3135.86ms, mfu 55.71%
iter 14730: loss 3.8603, time 3131.83ms, mfu 55.72%
iter 14740: loss 3.8904, time 3135.08ms, mfu 55.72%
iter 14750: loss 3.8843, time 3134.20ms, mfu 55.72%
iter 14760: loss 3.8472, time 3133.03ms, mfu 55.73%
iter 14770: loss 3.8075, time 3137.15ms, mfu 55.72%
iter 14780: loss 3.8770, time 3131.74ms, mfu 55.73%
iter 14790: loss 3.7819, time 3139.90ms, mfu 55.72%
iter 14800: loss 3.9601, time 3134.34ms, mfu 55.72%
iter 14810: loss 3.8278, time 3128.69ms, mfu 55.73%
iter 14820: loss 3.8446, time 3137.96ms, mfu 55.73%
iter 14830: loss 3.9840, time 3129.40ms, mfu 55.74%
iter 14840: loss 3.8650, time 3134.02ms, mfu 55.74%
iter 14850: loss 3.8876, time 3138.31ms, mfu 55.73%
iter 14860: loss 3.6938, time 3136.02ms, mfu 55.73%
iter 14870: loss 3.8449, time 3136.57ms, mfu 55.73%
iter 14880: loss 3.8697, time 3138.20ms, mfu 55.72%
iter 14890: loss 3.7821, time 3131.16ms, mfu 55.73%
iter 14900: loss 3.9128, time 3140.95ms, mfu 55.72%
iter 14910: loss 3.8265, time 3145.49ms, mfu 55.70%
iter 14920: loss 3.8441, time 3129.22ms, mfu 55.72%
iter 14930: loss 3.9258, time 3139.45ms, mfu 55.71%
iter 14940: loss 3.8277, time 3137.49ms, mfu 55.71%
iter 14950: loss 3.8398, time 3139.81ms, mfu 55.70%
iter 14960: loss 3.7815, time 3140.93ms, mfu 55.69%
iter 14970: loss 3.8771, time 3142.18ms, mfu 55.68%
iter 14980: loss 3.8503, time 3130.47ms, mfu 55.70%
iter 14990: loss 3.8680, time 3135.80ms, mfu 55.70%
step 15000: train loss 3.8388, val loss 3.8458
saving checkpoint to /net/scratch2/junyuren/nanoGPT-manifold/out-openwebtext-baseline
iter 15000: loss 3.9268, time 20422.16ms, mfu 50.98%
iter 15010: loss 3.7856, time 3123.59ms, mfu 51.48%
iter 15020: loss 3.8381, time 3133.81ms, mfu 51.91%
iter 15030: loss 3.7897, time 3138.34ms, mfu 52.28%
iter 15040: loss 3.8118, time 3135.19ms, mfu 52.63%
iter 15050: loss 3.8838, time 3138.75ms, mfu 52.93%
iter 15060: loss 3.8366, time 3139.63ms, mfu 53.20%
iter 15070: loss 3.8537, time 3138.62ms, mfu 53.45%
iter 15080: loss 3.8379, time 3137.44ms, mfu 53.67%
iter 15090: loss 3.6770, time 3140.98ms, mfu 53.87%
iter 15100: loss 3.7571, time 3138.97ms, mfu 54.05%
iter 15110: loss 3.7639, time 3133.19ms, mfu 54.22%
iter 15120: loss 3.8401, time 3138.00ms, mfu 54.36%
iter 15130: loss 4.0153, time 3139.96ms, mfu 54.49%
iter 15140: loss 3.8569, time 3114.59ms, mfu 54.65%
iter 15150: loss 3.7728, time 3137.93ms, mfu 54.76%
iter 15160: loss 3.8710, time 3133.55ms, mfu 54.86%
iter 15170: loss 3.8851, time 3137.19ms, mfu 54.94%
iter 15180: loss 3.8710, time 3134.56ms, mfu 55.02%
iter 15190: loss 3.8182, time 3142.18ms, mfu 55.08%
iter 15200: loss 3.8264, time 3129.68ms, mfu 55.15%
iter 15210: loss 3.9066, time 3132.91ms, mfu 55.21%
iter 15220: loss 3.8155, time 3139.39ms, mfu 55.26%
iter 15230: loss 3.8392, time 3131.93ms, mfu 55.31%
iter 15240: loss 3.8030, time 3136.70ms, mfu 55.35%
iter 15250: loss 3.8680, time 3137.84ms, mfu 55.38%
iter 15260: loss 3.9140, time 3138.02ms, mfu 55.41%
iter 15270: loss 3.8837, time 3148.92ms, mfu 55.42%
iter 15280: loss 3.7977, time 3134.50ms, mfu 55.45%
iter 15290: loss 3.7698, time 3136.63ms, mfu 55.48%
iter 15300: loss 3.8905, time 3132.74ms, mfu 55.51%
iter 15310: loss 3.8266, time 3134.33ms, mfu 55.53%
iter 15320: loss 3.8987, time 3137.08ms, mfu 55.55%
iter 15330: loss 3.8371, time 3130.48ms, mfu 55.57%
iter 15340: loss 3.8076, time 3133.39ms, mfu 55.59%
iter 15350: loss 3.7949, time 3134.91ms, mfu 55.60%
iter 15360: loss 3.9384, time 3138.72ms, mfu 55.61%
iter 15370: loss 3.8682, time 3130.89ms, mfu 55.63%
iter 15380: loss 3.8433, time 3140.40ms, mfu 55.63%
iter 15390: loss 3.8956, time 3133.63ms, mfu 55.64%
iter 15400: loss 3.8328, time 3136.51ms, mfu 55.65%
iter 15410: loss 3.8065, time 3135.22ms, mfu 55.66%
iter 15420: loss 3.7345, time 3133.50ms, mfu 55.67%
iter 15430: loss 3.8351, time 3139.63ms, mfu 55.66%
iter 15440: loss 3.8703, time 3141.95ms, mfu 55.66%
iter 15450: loss 3.8443, time 3135.12ms, mfu 55.67%
iter 15460: loss 3.8118, time 3142.41ms, mfu 55.66%
iter 15470: loss 3.8548, time 3132.43ms, mfu 55.67%
iter 15480: loss 3.8543, time 3137.57ms, mfu 55.67%
iter 15490: loss 3.8390, time 3139.54ms, mfu 55.67%
iter 15500: loss 3.8578, time 3132.05ms, mfu 55.68%
iter 15510: loss 3.9416, time 3135.61ms, mfu 55.69%
iter 15520: loss 3.7917, time 3129.64ms, mfu 55.70%
iter 15530: loss 3.8718, time 3134.09ms, mfu 55.70%
iter 15540: loss 3.8748, time 3136.33ms, mfu 55.70%
iter 15550: loss 3.8050, time 3129.44ms, mfu 55.72%
iter 15560: loss 3.8415, time 3133.25ms, mfu 55.72%
iter 15570: loss 3.8464, time 3137.80ms, mfu 55.72%
iter 15580: loss 3.8408, time 3136.35ms, mfu 55.72%
iter 15590: loss 3.7541, time 3132.58ms, mfu 55.72%
iter 15600: loss 3.8697, time 3133.70ms, mfu 55.73%
iter 15610: loss 3.8463, time 3128.86ms, mfu 55.74%
iter 15620: loss 3.7856, time 3132.89ms, mfu 55.74%
iter 15630: loss 3.8903, time 3132.22ms, mfu 55.74%
iter 15640: loss 3.9003, time 3138.06ms, mfu 55.74%
iter 15650: loss 3.8200, time 3132.53ms, mfu 55.74%
iter 15660: loss 3.8938, time 3139.81ms, mfu 55.73%
iter 15670: loss 3.9195, time 3132.90ms, mfu 55.73%
iter 15680: loss 3.7426, time 3133.41ms, mfu 55.74%
iter 15690: loss 3.8760, time 3131.45ms, mfu 55.74%
iter 15700: loss 3.8888, time 3139.12ms, mfu 55.73%
iter 15710: loss 3.8622, time 3140.29ms, mfu 55.72%
iter 15720: loss 3.8922, time 3140.71ms, mfu 55.71%
iter 15730: loss 3.8558, time 3138.80ms, mfu 55.71%
iter 15740: loss 3.8325, time 3138.20ms, mfu 55.71%
iter 15750: loss 3.8344, time 3140.15ms, mfu 55.70%
iter 15760: loss 3.9303, time 3138.85ms, mfu 55.70%
iter 15770: loss 3.8268, time 3129.61ms, mfu 55.71%
iter 15780: loss 3.8250, time 3132.79ms, mfu 55.71%
iter 15790: loss 3.9132, time 3140.68ms, mfu 55.71%
iter 15800: loss 3.8916, time 3140.51ms, mfu 55.70%
iter 15810: loss 3.9057, time 3140.15ms, mfu 55.69%
iter 15820: loss 3.8656, time 3132.36ms, mfu 55.70%
iter 15830: loss 3.9767, time 3139.95ms, mfu 55.70%
iter 15840: loss 3.8660, time 3135.56ms, mfu 55.70%
iter 15850: loss 3.8189, time 3114.03ms, mfu 55.74%
iter 15860: loss 3.7786, time 3152.68ms, mfu 55.71%
iter 15870: loss 3.8509, time 3133.26ms, mfu 55.71%
iter 15880: loss 3.8490, time 3130.83ms, mfu 55.72%
iter 15890: loss 3.7976, time 3135.18ms, mfu 55.72%
iter 15900: loss 3.9192, time 3134.44ms, mfu 55.72%
iter 15910: loss 3.7499, time 3133.90ms, mfu 55.73%
iter 15920: loss 3.8406, time 3128.04ms, mfu 55.74%
iter 15930: loss 3.8221, time 3124.69ms, mfu 55.76%
iter 15940: loss 3.7413, time 3136.34ms, mfu 55.75%
iter 15950: loss 3.7795, time 3130.80ms, mfu 55.76%
iter 15960: loss 3.8189, time 3139.77ms, mfu 55.75%
iter 15970: loss 3.8397, time 3137.20ms, mfu 55.74%
iter 15980: loss 3.8846, time 3130.81ms, mfu 55.75%
iter 15990: loss 3.8578, time 3130.69ms, mfu 55.75%
step 16000: train loss 3.7681, val loss 3.7808
saving checkpoint to /net/scratch2/junyuren/nanoGPT-manifold/out-openwebtext-baseline
iter 16000: loss 3.8913, time 20398.65ms, mfu 51.03%
iter 16010: loss 3.8446, time 3122.72ms, mfu 51.53%
iter 16020: loss 3.8305, time 3128.32ms, mfu 51.96%
iter 16030: loss 3.8638, time 3127.77ms, mfu 52.35%
iter 16040: loss 3.7572, time 3149.09ms, mfu 52.66%
iter 16050: loss 3.8642, time 3142.01ms, mfu 52.96%
iter 16060: loss 3.8584, time 3139.45ms, mfu 53.23%
iter 16070: loss 3.8369, time 3135.20ms, mfu 53.48%
iter 16080: loss 3.8593, time 3131.94ms, mfu 53.71%
iter 16090: loss 3.7832, time 3135.15ms, mfu 53.91%
iter 16100: loss 3.9466, time 3138.27ms, mfu 54.08%
iter 16110: loss 3.7953, time 3142.63ms, mfu 54.24%
iter 16120: loss 3.8904, time 3134.03ms, mfu 54.39%
iter 16130: loss 3.8471, time 3129.71ms, mfu 54.53%
iter 16140: loss 3.9171, time 3137.90ms, mfu 54.65%
iter 16150: loss 3.8396, time 3138.71ms, mfu 54.75%
iter 16160: loss 3.9567, time 3138.51ms, mfu 54.84%
iter 16170: loss 3.8923, time 3130.67ms, mfu 54.94%
iter 16180: loss 3.8620, time 3133.55ms, mfu 55.02%
iter 16190: loss 3.7654, time 3139.13ms, mfu 55.08%
iter 16200: loss 3.8447, time 3139.11ms, mfu 55.14%
iter 16210: loss 3.8741, time 3136.57ms, mfu 55.20%
iter 16220: loss 3.8636, time 3140.21ms, mfu 55.24%
iter 16230: loss 3.9072, time 3133.69ms, mfu 55.29%
iter 16240: loss 3.7825, time 3126.33ms, mfu 55.35%
iter 16250: loss 3.8335, time 3138.80ms, mfu 55.38%
iter 16260: loss 3.7804, time 3137.40ms, mfu 55.41%
iter 16270: loss 3.8682, time 3134.26ms, mfu 55.45%
iter 16280: loss 3.8075, time 3144.23ms, mfu 55.46%
iter 16290: loss 3.8442, time 3136.50ms, mfu 55.48%
iter 16300: loss 3.7702, time 3141.41ms, mfu 55.50%
iter 16310: loss 3.8075, time 3134.43ms, mfu 55.52%
iter 16320: loss 3.7885, time 3137.26ms, mfu 55.54%
iter 16330: loss 3.7939, time 3131.62ms, mfu 55.56%
iter 16340: loss 3.8101, time 3135.80ms, mfu 55.58%
iter 16350: loss 3.9397, time 3131.43ms, mfu 55.60%
iter 16360: loss 3.7894, time 3137.29ms, mfu 55.61%
iter 16370: loss 3.8969, time 3135.97ms, mfu 55.62%
iter 16380: loss 3.7993, time 3136.03ms, mfu 55.63%
iter 16390: loss 3.8077, time 3133.17ms, mfu 55.64%
iter 16400: loss 3.8436, time 3132.35ms, mfu 55.66%
iter 16410: loss 3.8607, time 3139.55ms, mfu 55.65%
iter 16420: loss 3.8237, time 3142.04ms, mfu 55.65%
iter 16430: loss 3.8516, time 3138.18ms, mfu 55.65%
iter 16440: loss 3.8269, time 3138.07ms, mfu 55.65%
iter 16450: loss 3.7446, time 3134.95ms, mfu 55.66%
iter 16460: loss 3.8480, time 3138.19ms, mfu 55.66%
iter 16470: loss 3.9247, time 3135.93ms, mfu 55.67%
iter 16480: loss 3.8352, time 3131.57ms, mfu 55.68%
iter 16490: loss 3.8535, time 3132.18ms, mfu 55.69%
iter 16500: loss 3.8519, time 3139.87ms, mfu 55.69%
iter 16510: loss 3.8193, time 3137.01ms, mfu 55.69%
iter 16520: loss 3.8028, time 3136.22ms, mfu 55.69%
iter 16530: loss 3.8168, time 3130.76ms, mfu 55.70%
iter 16540: loss 3.9099, time 3137.74ms, mfu 55.70%
iter 16550: loss 3.8226, time 3141.06ms, mfu 55.69%
iter 16560: loss 3.7593, time 3131.69ms, mfu 55.70%
iter 16570: loss 3.9258, time 3135.50ms, mfu 55.70%
iter 16580: loss 3.7606, time 3131.36ms, mfu 55.71%
iter 16590: loss 3.8724, time 3129.22ms, mfu 55.72%
iter 16600: loss 3.8874, time 3138.21ms, mfu 55.72%
iter 16610: loss 3.8885, time 3137.74ms, mfu 55.72%
iter 16620: loss 3.8338, time 3132.68ms, mfu 55.72%
iter 16630: loss 3.9637, time 3127.38ms, mfu 55.74%
iter 16640: loss 3.8194, time 3132.22ms, mfu 55.74%
iter 16650: loss 3.9169, time 3127.09ms, mfu 55.75%
iter 16660: loss 3.7825, time 3138.13ms, mfu 55.75%
iter 16670: loss 3.8555, time 3137.49ms, mfu 55.74%
iter 16680: loss 3.7808, time 3140.71ms, mfu 55.73%
iter 16690: loss 3.8687, time 3145.04ms, mfu 55.71%
iter 16700: loss 3.7833, time 3135.70ms, mfu 55.71%
iter 16710: loss 3.8817, time 3129.09ms, mfu 55.72%
iter 16720: loss 3.8149, time 3138.09ms, mfu 55.72%
iter 16730: loss 3.8108, time 3131.84ms, mfu 55.73%
iter 16740: loss 3.8889, time 3140.58ms, mfu 55.72%
iter 16750: loss 3.8097, time 3137.89ms, mfu 55.71%
iter 16760: loss 3.8422, time 3132.22ms, mfu 55.72%
iter 16770: loss 3.7854, time 3132.82ms, mfu 55.72%
iter 16780: loss 3.8143, time 3133.00ms, mfu 55.73%
iter 16790: loss 3.8632, time 3140.71ms, mfu 55.72%
iter 16800: loss 3.8085, time 3137.51ms, mfu 55.72%
iter 16810: loss 3.8781, time 3133.46ms, mfu 55.72%
iter 16820: loss 3.7781, time 3136.56ms, mfu 55.72%
iter 16830: loss 3.7964, time 3126.90ms, mfu 55.73%
iter 16840: loss 3.9060, time 3141.39ms, mfu 55.72%
iter 16850: loss 3.8070, time 3136.98ms, mfu 55.72%
iter 16860: loss 3.8080, time 3128.67ms, mfu 55.73%
iter 16870: loss 3.8969, time 3126.26ms, mfu 55.75%
iter 16880: loss 3.8103, time 3135.06ms, mfu 55.75%
iter 16890: loss 3.8293, time 3129.30ms, mfu 55.75%
iter 16900: loss 3.7553, time 3136.90ms, mfu 55.75%
iter 16910: loss 3.8646, time 3135.78ms, mfu 55.75%
iter 16920: loss 3.8044, time 3128.78ms, mfu 55.75%
iter 16930: loss 3.9152, time 3136.98ms, mfu 55.75%
iter 16940: loss 3.8143, time 3127.23ms, mfu 55.76%
iter 16950: loss 3.8429, time 3126.91ms, mfu 55.77%
iter 16960: loss 3.8130, time 3135.85ms, mfu 55.77%
iter 16970: loss 3.8716, time 3133.74ms, mfu 55.77%
iter 16980: loss 3.7680, time 3127.22ms, mfu 55.78%
iter 16990: loss 3.9192, time 3125.22ms, mfu 55.79%
step 17000: train loss 3.7052, val loss 3.7234
saving checkpoint to /net/scratch2/junyuren/nanoGPT-manifold/out-openwebtext-baseline
iter 17000: loss 3.9058, time 20455.84ms, mfu 51.06%
iter 17010: loss 3.8382, time 3121.59ms, mfu 51.55%
iter 17020: loss 3.8272, time 3130.17ms, mfu 51.98%
iter 17030: loss 3.8391, time 3128.25ms, mfu 52.37%
iter 17040: loss 3.8241, time 3128.37ms, mfu 52.72%
iter 17050: loss 3.8304, time 3131.61ms, mfu 53.02%
iter 17060: loss 3.8031, time 3134.37ms, mfu 53.29%
iter 17070: loss 3.7975, time 3135.91ms, mfu 53.54%
iter 17080: loss 3.7804, time 3136.81ms, mfu 53.75%
iter 17090: loss 3.8401, time 3127.21ms, mfu 53.96%
iter 17100: loss 3.9056, time 3134.23ms, mfu 54.14%
iter 17110: loss 3.8260, time 3113.98ms, mfu 54.34%
iter 17120: loss 3.8887, time 3137.84ms, mfu 54.47%
iter 17130: loss 3.8468, time 3136.02ms, mfu 54.60%
iter 17140: loss 3.8345, time 3141.21ms, mfu 54.70%
iter 17150: loss 3.8534, time 3138.86ms, mfu 54.80%
iter 17160: loss 3.8614, time 3133.56ms, mfu 54.89%
iter 17170: loss 3.9019, time 3138.87ms, mfu 54.97%
iter 17180: loss 3.8191, time 3129.85ms, mfu 55.05%
iter 17190: loss 3.8817, time 3128.52ms, mfu 55.13%
iter 17200: loss 3.8104, time 3132.77ms, mfu 55.20%
iter 17210: loss 3.8436, time 3139.52ms, mfu 55.24%
iter 17220: loss 3.6868, time 3137.61ms, mfu 55.29%
iter 17230: loss 3.8218, time 3133.84ms, mfu 55.33%
iter 17240: loss 3.8491, time 3130.70ms, mfu 55.38%
iter 17250: loss 3.8045, time 3138.68ms, mfu 55.41%
iter 17260: loss 3.8451, time 3130.20ms, mfu 55.45%
iter 17270: loss 3.8235, time 3129.89ms, mfu 55.49%
iter 17280: loss 3.7629, time 3132.67ms, mfu 55.52%
iter 17290: loss 3.8203, time 3128.11ms, mfu 55.55%
iter 17300: loss 3.7973, time 3134.66ms, mfu 55.57%
iter 17310: loss 3.8925, time 3125.03ms, mfu 55.60%
iter 17320: loss 3.9161, time 3127.35ms, mfu 55.63%
iter 17330: loss 3.9468, time 3130.30ms, mfu 55.65%
iter 17340: loss 3.8720, time 3127.31ms, mfu 55.67%
iter 17350: loss 3.8995, time 3127.41ms, mfu 55.69%
iter 17360: loss 3.8159, time 3139.20ms, mfu 55.69%
iter 17370: loss 3.7535, time 3136.23ms, mfu 55.69%
iter 17380: loss 3.8260, time 3132.38ms, mfu 55.70%
iter 17390: loss 3.9207, time 3130.73ms, mfu 55.71%
iter 17400: loss 3.8497, time 3123.45ms, mfu 55.73%
iter 17410: loss 3.8614, time 3130.32ms, mfu 55.74%
iter 17420: loss 3.8333, time 3133.74ms, mfu 55.74%
iter 17430: loss 3.8327, time 3127.63ms, mfu 55.75%
iter 17440: loss 3.8349, time 3127.48ms, mfu 55.76%
iter 17450: loss 3.7682, time 3133.40ms, mfu 55.76%
iter 17460: loss 3.8614, time 3133.86ms, mfu 55.76%
iter 17470: loss 3.8284, time 3135.10ms, mfu 55.76%
iter 17480: loss 3.8353, time 3127.88ms, mfu 55.77%
iter 17490: loss 3.8564, time 3126.77ms, mfu 55.78%
iter 17500: loss 3.8744, time 3133.75ms, mfu 55.78%
iter 17510: loss 3.9494, time 3130.14ms, mfu 55.78%
iter 17520: loss 3.8402, time 3131.77ms, mfu 55.78%
iter 17530: loss 3.8249, time 3127.71ms, mfu 55.79%
iter 17540: loss 3.8803, time 3130.64ms, mfu 55.79%
iter 17550: loss 3.8481, time 3128.92ms, mfu 55.80%
iter 17560: loss 3.8225, time 3130.38ms, mfu 55.80%
iter 17570: loss 3.8328, time 3128.68ms, mfu 55.80%
iter 17580: loss 3.8595, time 3128.33ms, mfu 55.81%
iter 17590: loss 3.8280, time 3125.17ms, mfu 55.82%
iter 17600: loss 3.7859, time 3123.22ms, mfu 55.83%
iter 17610: loss 3.9012, time 3126.64ms, mfu 55.83%
iter 17620: loss 3.7782, time 3126.37ms, mfu 55.84%
iter 17630: loss 3.7438, time 3132.74ms, mfu 55.83%
iter 17640: loss 3.8476, time 3128.23ms, mfu 55.83%
iter 17650: loss 3.8657, time 3131.04ms, mfu 55.83%
iter 17660: loss 3.8443, time 3125.00ms, mfu 55.84%
iter 17670: loss 3.8341, time 3123.58ms, mfu 55.85%
iter 17680: loss 3.7926, time 3127.36ms, mfu 55.85%
iter 17690: loss 3.8898, time 3126.32ms, mfu 55.85%
iter 17700: loss 3.8028, time 3123.35ms, mfu 55.86%
iter 17710: loss 3.8345, time 3131.80ms, mfu 55.85%
iter 17720: loss 3.8763, time 3126.85ms, mfu 55.86%
iter 17730: loss 3.8898, time 3129.44ms, mfu 55.85%
iter 17740: loss 3.8210, time 3124.16ms, mfu 55.86%
iter 17750: loss 3.8639, time 3127.98ms, mfu 55.86%
iter 17760: loss 3.7709, time 3126.66ms, mfu 55.86%
iter 17770: loss 3.8445, time 3131.02ms, mfu 55.86%
iter 17780: loss 3.7617, time 3126.57ms, mfu 55.86%
iter 17790: loss 3.7584, time 3134.31ms, mfu 55.85%
iter 17800: loss 3.8080, time 3125.89ms, mfu 55.85%
iter 17810: loss 3.8630, time 3132.70ms, mfu 55.84%
iter 17820: loss 3.8667, time 3137.24ms, mfu 55.83%
iter 17830: loss 3.9290, time 3131.41ms, mfu 55.82%
iter 17840: loss 3.8845, time 3134.26ms, mfu 55.82%
iter 17850: loss 3.8125, time 3130.69ms, mfu 55.82%
iter 17860: loss 3.7405, time 3131.28ms, mfu 55.81%
iter 17870: loss 3.8550, time 3130.60ms, mfu 55.81%
iter 17880: loss 3.7662, time 3134.14ms, mfu 55.81%
iter 17890: loss 3.8702, time 3124.74ms, mfu 55.82%
iter 17900: loss 3.7407, time 3130.71ms, mfu 55.82%
iter 17910: loss 3.7555, time 3126.72ms, mfu 55.82%
iter 17920: loss 3.9445, time 3129.79ms, mfu 55.82%
iter 17930: loss 3.8524, time 3130.26ms, mfu 55.82%
iter 17940: loss 3.8919, time 3125.23ms, mfu 55.83%
iter 17950: loss 3.8550, time 3132.67ms, mfu 55.82%
iter 17960: loss 3.8050, time 3115.83ms, mfu 55.85%
iter 17970: loss 3.8436, time 3130.37ms, mfu 55.85%
iter 17980: loss 3.8289, time 3134.19ms, mfu 55.84%
iter 17990: loss 3.8493, time 3125.99ms, mfu 55.84%
step 18000: train loss 3.6974, val loss 3.7035
saving checkpoint to /net/scratch2/junyuren/nanoGPT-manifold/out-openwebtext-baseline
iter 18000: loss 3.8852, time 20424.19ms, mfu 51.11%
iter 18010: loss 3.8127, time 3121.79ms, mfu 51.60%
iter 18020: loss 3.8197, time 3125.55ms, mfu 52.03%
iter 18030: loss 3.7890, time 3123.15ms, mfu 52.42%
iter 18040: loss 3.8373, time 3128.56ms, mfu 52.76%
iter 18050: loss 3.8780, time 3129.22ms, mfu 53.07%
iter 18060: loss 3.8450, time 3135.33ms, mfu 53.33%
iter 18070: loss 3.8376, time 3130.01ms, mfu 53.58%
iter 18080: loss 3.8300, time 3127.09ms, mfu 53.81%
iter 18090: loss 3.8575, time 3126.88ms, mfu 54.02%
iter 18100: loss 3.7241, time 3133.15ms, mfu 54.19%
iter 18110: loss 3.8165, time 3129.25ms, mfu 54.36%
iter 18120: loss 3.7017, time 3127.11ms, mfu 54.51%
iter 18130: loss 3.8863, time 3130.34ms, mfu 54.64%
iter 18140: loss 3.7100, time 3130.75ms, mfu 54.76%
iter 18150: loss 3.8315, time 3136.04ms, mfu 54.85%
iter 18160: loss 3.9139, time 3130.72ms, mfu 54.95%
iter 18170: loss 3.8408, time 3124.03ms, mfu 55.04%
iter 18180: loss 3.8028, time 3126.35ms, mfu 55.13%
iter 18190: loss 3.8358, time 3123.43ms, mfu 55.21%
iter 18200: loss 3.7804, time 3121.61ms, mfu 55.29%
iter 18210: loss 3.8189, time 3127.02ms, mfu 55.34%
iter 18220: loss 3.8070, time 3131.69ms, mfu 55.39%
iter 18230: loss 3.8333, time 3126.48ms, mfu 55.44%
iter 18240: loss 3.8627, time 3131.92ms, mfu 55.47%
iter 18250: loss 3.8007, time 3127.66ms, mfu 55.51%
iter 18260: loss 3.7877, time 3127.39ms, mfu 55.55%
iter 18270: loss 3.9338, time 3128.20ms, mfu 55.58%
iter 18280: loss 3.8275, time 3125.80ms, mfu 55.61%
iter 18290: loss 3.8813, time 3135.61ms, mfu 55.62%
iter 18300: loss 3.8259, time 3128.61ms, mfu 55.64%
iter 18310: loss 3.8865, time 3132.93ms, mfu 55.66%
iter 18320: loss 3.7100, time 3126.01ms, mfu 55.68%
iter 18330: loss 3.8254, time 3125.58ms, mfu 55.70%
iter 18340: loss 3.7898, time 3132.23ms, mfu 55.71%
iter 18350: loss 3.8475, time 3125.20ms, mfu 55.73%
iter 18360: loss 3.8586, time 3126.52ms, mfu 55.74%
iter 18370: loss 3.8794, time 3138.90ms, mfu 55.74%
iter 18380: loss 3.8391, time 3131.05ms, mfu 55.74%
iter 18390: loss 3.9211, time 3132.49ms, mfu 55.75%
iter 18400: loss 3.8100, time 3134.62ms, mfu 55.74%
iter 18410: loss 3.8413, time 3129.08ms, mfu 55.75%
iter 18420: loss 3.8585, time 3130.16ms, mfu 55.76%
iter 18430: loss 3.7817, time 3127.66ms, mfu 55.77%
iter 18440: loss 3.8310, time 3130.56ms, mfu 55.77%
iter 18450: loss 3.8266, time 3131.82ms, mfu 55.78%
iter 18460: loss 3.8186, time 3126.82ms, mfu 55.79%
iter 18470: loss 3.9098, time 3131.24ms, mfu 55.79%
iter 18480: loss 3.7643, time 3123.75ms, mfu 55.80%
iter 18490: loss 3.7996, time 3134.24ms, mfu 55.80%
iter 18500: loss 3.8474, time 3124.09ms, mfu 55.81%
iter 18510: loss 3.7615, time 3125.17ms, mfu 55.82%
iter 18520: loss 3.8673, time 3128.00ms, mfu 55.82%
iter 18530: loss 3.8656, time 3125.85ms, mfu 55.83%
iter 18540: loss 3.8917, time 3134.36ms, mfu 55.82%
iter 18550: loss 3.8546, time 3129.77ms, mfu 55.82%
iter 18560: loss 3.8352, time 3127.20ms, mfu 55.83%
iter 18570: loss 3.8038, time 3127.31ms, mfu 55.83%
iter 18580: loss 3.8388, time 3127.84ms, mfu 55.83%
iter 18590: loss 3.8627, time 3127.49ms, mfu 55.84%
iter 18600: loss 3.9691, time 3127.09ms, mfu 55.84%
iter 18610: loss 3.7958, time 3132.17ms, mfu 55.83%
iter 18620: loss 3.7827, time 3126.61ms, mfu 55.84%
iter 18630: loss 3.9320, time 3128.07ms, mfu 55.84%
iter 18640: loss 3.9725, time 3127.73ms, mfu 55.84%
iter 18650: loss 3.8228, time 3130.17ms, mfu 55.84%
iter 18660: loss 3.8281, time 3129.05ms, mfu 55.84%
iter 18670: loss 3.8364, time 3129.30ms, mfu 55.84%
iter 18680: loss 3.8140, time 3134.47ms, mfu 55.83%
iter 18690: loss 3.7820, time 3125.52ms, mfu 55.84%
iter 18700: loss 3.9012, time 3129.70ms, mfu 55.83%
iter 18710: loss 3.8497, time 3123.17ms, mfu 55.85%
iter 18720: loss 3.7876, time 3129.95ms, mfu 55.84%
iter 18730: loss 3.7306, time 3127.18ms, mfu 55.85%
iter 18740: loss 3.7731, time 3131.10ms, mfu 55.84%
iter 18750: loss 3.8660, time 3130.61ms, mfu 55.84%
iter 18760: loss 3.7906, time 3126.78ms, mfu 55.84%
iter 18770: loss 3.8438, time 3136.91ms, mfu 55.83%
iter 18780: loss 3.8357, time 3126.29ms, mfu 55.83%
iter 18790: loss 3.8442, time 3129.08ms, mfu 55.83%
iter 18800: loss 3.8887, time 3132.97ms, mfu 55.83%
iter 18810: loss 3.8147, time 3134.77ms, mfu 55.82%
iter 18820: loss 3.7596, time 3128.99ms, mfu 55.82%
iter 18830: loss 3.8890, time 3125.66ms, mfu 55.83%
iter 18840: loss 3.7848, time 3124.48ms, mfu 55.84%
iter 18850: loss 3.8855, time 3127.56ms, mfu 55.84%
iter 18860: loss 3.7717, time 3125.63ms, mfu 55.84%
iter 18870: loss 3.8205, time 3130.84ms, mfu 55.84%
iter 18880: loss 3.9096, time 3127.67ms, mfu 55.84%
iter 18890: loss 3.9217, time 3125.87ms, mfu 55.85%
iter 18900: loss 3.8261, time 3123.21ms, mfu 55.86%
iter 18910: loss 3.8257, time 3124.57ms, mfu 55.86%
iter 18920: loss 3.8161, time 3126.24ms, mfu 55.87%
iter 18930: loss 3.8281, time 3117.40ms, mfu 55.88%
iter 18940: loss 3.7197, time 3124.44ms, mfu 55.89%
iter 18950: loss 3.8235, time 3127.86ms, mfu 55.88%
iter 18960: loss 3.8902, time 3123.78ms, mfu 55.89%
iter 18970: loss 3.7869, time 3124.84ms, mfu 55.89%
iter 18980: loss 3.7874, time 3123.83ms, mfu 55.89%
iter 18990: loss 3.8415, time 3122.90ms, mfu 55.90%
step 19000: train loss 3.7579, val loss 3.7621
saving checkpoint to /net/scratch2/junyuren/nanoGPT-manifold/out-openwebtext-baseline
iter 19000: loss 3.7401, time 20555.23ms, mfu 51.16%
iter 19010: loss 3.8424, time 3117.81ms, mfu 51.65%
iter 19020: loss 3.8794, time 3121.78ms, mfu 52.08%
iter 19030: loss 3.8682, time 3121.68ms, mfu 52.47%
iter 19040: loss 3.8197, time 3127.25ms, mfu 52.81%
iter 19050: loss 3.7592, time 3126.02ms, mfu 53.12%
iter 19060: loss 3.8238, time 3125.75ms, mfu 53.39%
iter 19070: loss 3.9262, time 3123.99ms, mfu 53.65%
iter 19080: loss 4.0054, time 3125.02ms, mfu 53.87%
iter 19090: loss 3.8453, time 3126.45ms, mfu 54.07%
iter 19100: loss 3.7751, time 3125.26ms, mfu 54.26%
iter 19110: loss 3.8506, time 3125.77ms, mfu 54.42%
iter 19120: loss 3.7759, time 3130.82ms, mfu 54.56%
iter 19130: loss 3.8740, time 3126.28ms, mfu 54.69%
iter 19140: loss 3.8381, time 3130.17ms, mfu 54.80%
iter 19150: loss 3.7615, time 3123.11ms, mfu 54.92%
iter 19160: loss 3.8061, time 3125.27ms, mfu 55.02%
iter 19170: loss 3.8726, time 3135.74ms, mfu 55.09%
iter 19180: loss 3.7586, time 3128.17ms, mfu 55.16%
iter 19190: loss 3.8413, time 3131.37ms, mfu 55.23%
iter 19200: loss 3.8005, time 3127.25ms, mfu 55.29%
iter 19210: loss 3.8129, time 3129.55ms, mfu 55.34%
iter 19220: loss 3.8539, time 3129.95ms, mfu 55.39%
iter 19230: loss 3.7694, time 3129.77ms, mfu 55.44%
iter 19240: loss 3.8256, time 3132.46ms, mfu 55.47%
iter 19250: loss 3.7583, time 3126.65ms, mfu 55.51%
iter 19260: loss 3.7983, time 3125.73ms, mfu 55.55%
iter 19270: loss 3.8270, time 3134.44ms, mfu 55.57%
iter 19280: loss 3.8289, time 3132.42ms, mfu 55.59%
iter 19290: loss 3.7628, time 3132.04ms, mfu 55.61%
iter 19300: loss 3.8423, time 3127.65ms, mfu 55.63%
iter 19310: loss 3.8095, time 3133.80ms, mfu 55.65%
iter 19320: loss 3.8712, time 3130.96ms, mfu 55.66%
iter 19330: loss 3.7468, time 3128.67ms, mfu 55.68%
iter 19340: loss 3.8292, time 3131.97ms, mfu 55.69%
iter 19350: loss 3.7638, time 3128.66ms, mfu 55.71%
iter 19360: loss 3.8053, time 3131.41ms, mfu 55.71%
iter 19370: loss 3.7221, time 3133.60ms, mfu 55.72%
iter 19380: loss 3.8789, time 3132.43ms, mfu 55.72%
iter 19390: loss 3.8495, time 3128.43ms, mfu 55.74%
iter 19400: loss 3.7448, time 3132.58ms, mfu 55.74%
iter 19410: loss 3.7685, time 3134.00ms, mfu 55.74%
iter 19420: loss 3.8789, time 3131.36ms, mfu 55.75%
iter 19430: loss 3.8389, time 3130.07ms, mfu 55.75%
iter 19440: loss 3.8528, time 3128.67ms, mfu 55.76%
iter 19450: loss 3.7795, time 3133.67ms, mfu 55.76%
iter 19460: loss 3.8416, time 3124.80ms, mfu 55.78%
iter 19470: loss 3.8567, time 3133.84ms, mfu 55.77%
iter 19480: loss 3.8646, time 3131.27ms, mfu 55.78%
iter 19490: loss 3.8682, time 3128.27ms, mfu 55.78%
iter 19500: loss 3.8374, time 3129.60ms, mfu 55.79%
iter 19510: loss 3.7403, time 3128.07ms, mfu 55.79%
iter 19520: loss 3.8278, time 3127.01ms, mfu 55.80%
iter 19530: loss 3.7814, time 3132.50ms, mfu 55.80%
iter 19540: loss 3.8884, time 3126.23ms, mfu 55.81%
iter 19550: loss 3.8639, time 3129.71ms, mfu 55.81%
iter 19560: loss 3.8247, time 3126.25ms, mfu 55.82%
iter 19570: loss 3.8561, time 3124.92ms, mfu 55.83%
iter 19580: loss 3.9087, time 3124.45ms, mfu 55.84%
iter 19590: loss 3.9232, time 3128.72ms, mfu 55.84%
iter 19600: loss 3.9031, time 3124.91ms, mfu 55.84%
iter 19610: loss 3.8939, time 3127.24ms, mfu 55.85%
iter 19620: loss 3.8136, time 3128.30ms, mfu 55.85%
iter 19630: loss 3.8356, time 3124.12ms, mfu 55.85%
iter 19640: loss 3.8271, time 3130.89ms, mfu 55.85%
iter 19650: loss 3.8440, time 3123.70ms, mfu 55.86%
iter 19660: loss 3.8440, time 3133.41ms, mfu 55.85%
iter 19670: loss 3.7643, time 3126.69ms, mfu 55.85%
iter 19680: loss 3.8662, time 3128.17ms, mfu 55.85%
iter 19690: loss 3.8157, time 3124.40ms, mfu 55.86%
iter 19700: loss 3.7928, time 3125.16ms, mfu 55.86%
iter 19710: loss 3.9094, time 3128.76ms, mfu 55.86%
iter 19720: loss 3.7763, time 3130.52ms, mfu 55.86%
iter 19730: loss 3.8544, time 3133.74ms, mfu 55.85%
iter 19740: loss 3.8128, time 3130.27ms, mfu 55.84%
iter 19750: loss 3.8195, time 3130.12ms, mfu 55.84%
iter 19760: loss 3.7715, time 3132.50ms, mfu 55.83%
iter 19770: loss 3.7859, time 3130.79ms, mfu 55.83%
iter 19780: loss 3.9027, time 3124.61ms, mfu 55.84%
iter 19790: loss 3.8130, time 3131.86ms, mfu 55.83%
iter 19800: loss 3.7974, time 3124.17ms, mfu 55.84%
iter 19810: loss 3.8154, time 3120.85ms, mfu 55.86%
iter 19820: loss 3.8879, time 3131.21ms, mfu 55.85%
iter 19830: loss 3.7711, time 3125.71ms, mfu 55.86%
iter 19840: loss 3.8272, time 3129.64ms, mfu 55.85%
iter 19850: loss 3.6756, time 3124.41ms, mfu 55.86%
iter 19860: loss 3.8426, time 3136.52ms, mfu 55.84%
iter 19870: loss 3.8475, time 3123.31ms, mfu 55.85%
iter 19880: loss 3.8742, time 3128.88ms, mfu 55.85%
iter 19890: loss 3.7819, time 3127.58ms, mfu 55.85%
iter 19900: loss 3.8615, time 3134.14ms, mfu 55.84%
iter 19910: loss 3.8602, time 3126.43ms, mfu 55.85%
iter 19920: loss 3.7438, time 3130.23ms, mfu 55.84%
iter 19930: loss 3.8288, time 3132.06ms, mfu 55.84%
iter 19940: loss 3.7089, time 3135.64ms, mfu 55.83%
iter 19950: loss 3.8760, time 3128.63ms, mfu 55.83%
iter 19960: loss 3.8876, time 3128.12ms, mfu 55.83%
iter 19970: loss 3.8475, time 3130.21ms, mfu 55.83%
iter 19980: loss 3.7428, time 3127.36ms, mfu 55.83%
iter 19990: loss 3.8625, time 3129.07ms, mfu 55.83%
step 20000: train loss 3.7111, val loss 3.7244
saving checkpoint to /net/scratch2/junyuren/nanoGPT-manifold/out-openwebtext-baseline
iter 20000: loss 3.7983, time 20282.08ms, mfu 51.11%
iter 20010: loss 3.8846, time 3119.10ms, mfu 51.60%
iter 20020: loss 3.7898, time 3122.93ms, mfu 52.04%
iter 20030: loss 3.8148, time 3122.62ms, mfu 52.43%
iter 20040: loss 3.7920, time 3126.83ms, mfu 52.77%
iter 20050: loss 3.8337, time 3137.26ms, mfu 53.06%
iter 20060: loss 3.8484, time 3127.22ms, mfu 53.34%
iter 20070: loss 3.8001, time 3133.58ms, mfu 53.59%
iter 20080: loss 3.8575, time 3130.62ms, mfu 53.81%
iter 20090: loss 3.8007, time 3134.00ms, mfu 54.00%
iter 20100: loss 3.7962, time 3131.46ms, mfu 54.18%
iter 20110: loss 3.8647, time 3137.52ms, mfu 54.33%
iter 20120: loss 3.7543, time 3129.20ms, mfu 54.48%
iter 20130: loss 3.7929, time 3128.10ms, mfu 54.62%
iter 20140: loss 3.9204, time 3128.93ms, mfu 54.74%
iter 20150: loss 3.8409, time 3132.86ms, mfu 54.84%
iter 20160: loss 3.7843, time 3127.58ms, mfu 54.95%
iter 20170: loss 3.8653, time 3129.51ms, mfu 55.03%
iter 20180: loss 3.8765, time 3125.65ms, mfu 55.12%
iter 20190: loss 3.8510, time 3135.64ms, mfu 55.18%
iter 20200: loss 3.8327, time 3123.88ms, mfu 55.25%
iter 20210: loss 3.7307, time 3133.76ms, mfu 55.30%
iter 20220: loss 3.8618, time 3127.49ms, mfu 55.36%
iter 20230: loss 3.7797, time 3130.97ms, mfu 55.40%
iter 20240: loss 3.8547, time 3152.89ms, mfu 55.41%
iter 20250: loss 3.9485, time 3126.61ms, mfu 55.45%
iter 20260: loss 3.9190, time 3128.71ms, mfu 55.49%
iter 20270: loss 3.8406, time 3127.78ms, mfu 55.53%
iter 20280: loss 3.7550, time 3130.90ms, mfu 55.56%
iter 20290: loss 3.7105, time 3125.40ms, mfu 55.59%
iter 20300: loss 3.7181, time 3131.10ms, mfu 55.61%
iter 20310: loss 3.7718, time 3128.75ms, mfu 55.63%
iter 20320: loss 3.6817, time 3130.25ms, mfu 55.65%
iter 20330: loss 3.8116, time 3133.87ms, mfu 55.66%
iter 20340: loss 3.8383, time 3129.69ms, mfu 55.68%
iter 20350: loss 3.8425, time 3129.98ms, mfu 55.69%
iter 20360: loss 3.8312, time 3130.10ms, mfu 55.71%
iter 20370: loss 3.8947, time 3124.55ms, mfu 55.73%
iter 20380: loss 3.7936, time 3127.93ms, mfu 55.74%
iter 20390: loss 3.8684, time 3129.15ms, mfu 55.75%
iter 20400: loss 3.8017, time 3125.73ms, mfu 55.76%
iter 20410: loss 3.7779, time 3131.06ms, mfu 55.77%
iter 20420: loss 3.8160, time 3130.80ms, mfu 55.77%
iter 20430: loss 3.8353, time 3128.49ms, mfu 55.78%
iter 20440: loss 3.8469, time 3127.28ms, mfu 55.79%
iter 20450: loss 3.7684, time 3125.37ms, mfu 55.80%
iter 20460: loss 3.9437, time 3134.54ms, mfu 55.79%
iter 20470: loss 3.8924, time 3132.53ms, mfu 55.79%
iter 20480: loss 3.8275, time 3125.53ms, mfu 55.80%
iter 20490: loss 3.8759, time 3124.84ms, mfu 55.81%
iter 20500: loss 3.8397, time 3126.12ms, mfu 55.82%
iter 20510: loss 3.8311, time 3133.17ms, mfu 55.81%
iter 20520: loss 3.7865, time 3133.13ms, mfu 55.81%
iter 20530: loss 3.8466, time 3123.45ms, mfu 55.82%
iter 20540: loss 3.7668, time 3122.69ms, mfu 55.84%
iter 20550: loss 3.8821, time 3129.87ms, mfu 55.83%
iter 20560: loss 3.8509, time 3127.21ms, mfu 55.84%
iter 20570: loss 3.8069, time 3127.99ms, mfu 55.84%
iter 20580: loss 3.8109, time 3131.97ms, mfu 55.83%
iter 20590: loss 3.7980, time 3131.35ms, mfu 55.83%
iter 20600: loss 3.8955, time 3124.31ms, mfu 55.84%
iter 20610: loss 3.7555, time 3134.77ms, mfu 55.83%
iter 20620: loss 3.7677, time 3130.05ms, mfu 55.83%
iter 20630: loss 3.7699, time 3132.74ms, mfu 55.82%
iter 20640: loss 3.8055, time 3132.19ms, mfu 55.82%
iter 20650: loss 3.8361, time 3127.12ms, mfu 55.82%
iter 20660: loss 3.7923, time 3130.46ms, mfu 55.82%
iter 20670: loss 3.8008, time 3131.67ms, mfu 55.82%
iter 20680: loss 3.7778, time 3136.30ms, mfu 55.81%
iter 20690: loss 3.7904, time 3123.21ms, mfu 55.82%
iter 20700: loss 3.8764, time 3126.32ms, mfu 55.83%
iter 20710: loss 3.8395, time 3131.60ms, mfu 55.82%
iter 20720: loss 3.7484, time 3126.55ms, mfu 55.83%
iter 20730: loss 3.8033, time 3125.74ms, mfu 55.84%
iter 20740: loss 3.8866, time 3131.99ms, mfu 55.83%
iter 20750: loss 3.8467, time 3125.96ms, mfu 55.84%
iter 20760: loss 3.8894, time 3133.13ms, mfu 55.83%
iter 20770: loss 3.7558, time 3127.08ms, mfu 55.83%
iter 20780: loss 3.7670, time 3128.67ms, mfu 55.83%
iter 20790: loss 3.8715, time 3130.88ms, mfu 55.83%
iter 20800: loss 3.8136, time 3124.82ms, mfu 55.84%
iter 20810: loss 3.8014, time 3133.14ms, mfu 55.83%
iter 20820: loss 3.8989, time 3125.92ms, mfu 55.84%
iter 20830: loss 3.7406, time 3132.62ms, mfu 55.83%
iter 20840: loss 3.8791, time 3125.80ms, mfu 55.84%
iter 20850: loss 3.8401, time 3126.61ms, mfu 55.84%
iter 20860: loss 3.8657, time 3127.80ms, mfu 55.84%
iter 20870: loss 3.9118, time 3125.08ms, mfu 55.85%
iter 20880: loss 3.7874, time 3127.27ms, mfu 55.85%
iter 20890: loss 3.9956, time 3127.58ms, mfu 55.85%
iter 20900: loss 3.8711, time 3126.78ms, mfu 55.86%
iter 20910: loss 3.8656, time 3125.64ms, mfu 55.86%
iter 20920: loss 3.8750, time 3133.38ms, mfu 55.85%
iter 20930: loss 3.8360, time 3127.66ms, mfu 55.85%
iter 20940: loss 3.8553, time 3128.45ms, mfu 55.85%
iter 20950: loss 3.8124, time 3130.60ms, mfu 55.85%
iter 20960: loss 3.8757, time 3123.07ms, mfu 55.86%
iter 20970: loss 3.8254, time 3124.61ms, mfu 55.86%
iter 20980: loss 3.7681, time 3128.61ms, mfu 55.86%
iter 20990: loss 3.7451, time 3134.97ms, mfu 55.85%
step 21000: train loss 3.6715, val loss 3.6807
saving checkpoint to /net/scratch2/junyuren/nanoGPT-manifold/out-openwebtext-baseline
iter 21000: loss 3.7671, time 20318.75ms, mfu 51.12%
iter 21010: loss 3.8906, time 3118.65ms, mfu 51.61%
iter 21020: loss 3.8072, time 3121.14ms, mfu 52.05%
iter 21030: loss 3.7652, time 3128.30ms, mfu 52.43%
iter 21040: loss 3.8458, time 3132.30ms, mfu 52.76%
iter 21050: loss 3.8549, time 3130.68ms, mfu 53.07%
iter 21060: loss 3.8140, time 3130.01ms, mfu 53.34%
iter 21070: loss 3.7801, time 3132.30ms, mfu 53.59%
iter 21080: loss 3.8728, time 3129.82ms, mfu 53.81%
iter 21090: loss 3.8323, time 3126.77ms, mfu 54.02%
iter 21100: loss 3.8916, time 3125.16ms, mfu 54.21%
iter 21110: loss 3.7265, time 3125.09ms, mfu 54.38%
iter 21120: loss 3.8205, time 3125.19ms, mfu 54.53%
iter 21130: loss 3.8427, time 3124.17ms, mfu 54.67%
iter 21140: loss 3.8252, time 3129.25ms, mfu 54.78%
iter 21150: loss 3.8517, time 3125.15ms, mfu 54.90%
iter 21160: loss 3.8663, time 3131.10ms, mfu 54.99%
iter 21170: loss 3.8187, time 3124.50ms, mfu 55.08%
iter 21180: loss 3.8776, time 3129.22ms, mfu 55.16%
iter 21190: loss 3.8068, time 3122.01ms, mfu 55.24%
iter 21200: loss 3.8878, time 3126.34ms, mfu 55.30%
iter 21210: loss 3.7424, time 3123.84ms, mfu 55.36%
iter 21220: loss 3.8848, time 3125.16ms, mfu 55.42%
iter 21230: loss 3.8980, time 3123.79ms, mfu 55.47%
iter 21240: loss 3.8443, time 3123.50ms, mfu 55.52%
iter 21250: loss 3.8551, time 3126.02ms, mfu 55.55%
iter 21260: loss 3.7775, time 3127.92ms, mfu 55.58%
iter 21270: loss 3.7417, time 3125.20ms, mfu 55.62%
iter 21280: loss 3.7880, time 3131.32ms, mfu 55.63%
iter 21290: loss 3.8072, time 3126.10ms, mfu 55.66%
iter 21300: loss 3.8203, time 3133.17ms, mfu 55.67%
iter 21310: loss 3.8418, time 3127.07ms, mfu 55.69%
iter 21320: loss 3.7931, time 3135.74ms, mfu 55.69%
iter 21330: loss 3.8980, time 3125.82ms, mfu 55.71%
iter 21340: loss 3.8562, time 3124.10ms, mfu 55.73%
iter 21350: loss 3.8254, time 3125.67ms, mfu 55.75%
iter 21360: loss 3.8443, time 3125.31ms, mfu 55.77%
iter 21370: loss 3.8667, time 3129.62ms, mfu 55.77%
iter 21380: loss 3.8124, time 3125.98ms, mfu 55.78%
iter 21390: loss 3.8505, time 3127.87ms, mfu 55.79%
iter 21400: loss 3.8473, time 3129.17ms, mfu 55.80%
iter 21410: loss 3.8874, time 3127.34ms, mfu 55.80%
iter 21420: loss 3.8981, time 3128.38ms, mfu 55.81%
iter 21430: loss 3.7774, time 3129.76ms, mfu 55.81%
iter 21440: loss 3.7739, time 3131.12ms, mfu 55.81%
iter 21450: loss 3.7988, time 3121.45ms, mfu 55.82%
iter 21460: loss 3.8058, time 3125.69ms, mfu 55.83%
iter 21470: loss 3.7469, time 3129.80ms, mfu 55.83%
iter 21480: loss 3.8309, time 3124.95ms, mfu 55.84%
iter 21490: loss 3.7704, time 3123.49ms, mfu 55.85%
iter 21500: loss 3.7859, time 3130.48ms, mfu 55.84%
iter 21510: loss 3.8090, time 3122.71ms, mfu 55.85%
iter 21520: loss 3.8714, time 3130.98ms, mfu 55.85%
iter 21530: loss 3.7706, time 3127.93ms, mfu 55.85%
iter 21540: loss 3.8273, time 3126.48ms, mfu 55.85%
iter 21550: loss 3.8563, time 3123.95ms, mfu 55.86%
iter 21560: loss 3.7985, time 3127.01ms, mfu 55.86%
iter 21570: loss 3.7770, time 3125.42ms, mfu 55.87%
iter 21580: loss 3.8289, time 3125.51ms, mfu 55.87%
iter 21590: loss 3.8503, time 3124.83ms, mfu 55.87%
iter 21600: loss 3.8237, time 3127.07ms, mfu 55.87%
iter 21610: loss 3.7597, time 3133.04ms, mfu 55.86%
iter 21620: loss 3.8721, time 3133.41ms, mfu 55.85%
iter 21630: loss 3.8341, time 3131.58ms, mfu 55.85%
iter 21640: loss 3.8939, time 3131.93ms, mfu 55.84%
iter 21650: loss 3.8684, time 3132.17ms, mfu 55.83%
iter 21660: loss 3.8984, time 3132.82ms, mfu 55.83%
iter 21670: loss 3.8336, time 3132.18ms, mfu 55.82%
iter 21680: loss 3.8861, time 3121.52ms, mfu 55.84%
iter 21690: loss 3.8376, time 3127.15ms, mfu 55.84%
iter 21700: loss 3.7147, time 3126.03ms, mfu 55.85%
iter 21710: loss 3.8530, time 3122.87ms, mfu 55.86%
iter 21720: loss 3.7940, time 3124.51ms, mfu 55.86%
iter 21730: loss 3.9067, time 3124.81ms, mfu 55.87%
iter 21740: loss 3.7855, time 3127.26ms, mfu 55.87%
iter 21750: loss 3.8073, time 3121.69ms, mfu 55.88%
iter 21760: loss 3.7423, time 3125.05ms, mfu 55.88%
iter 21770: loss 3.8303, time 3123.86ms, mfu 55.89%
iter 21780: loss 3.7937, time 3129.63ms, mfu 55.88%
iter 21790: loss 3.8066, time 3123.23ms, mfu 55.89%
iter 21800: loss 3.7955, time 3131.78ms, mfu 55.88%
iter 21810: loss 3.8437, time 3126.24ms, mfu 55.88%
iter 21820: loss 3.7409, time 3124.38ms, mfu 55.88%
iter 21830: loss 3.8597, time 3123.90ms, mfu 55.89%
iter 21840: loss 3.8988, time 3133.47ms, mfu 55.87%
iter 21850: loss 3.7674, time 3132.83ms, mfu 55.86%
iter 21860: loss 3.8173, time 3124.54ms, mfu 55.87%
iter 21870: loss 3.8439, time 3130.06ms, mfu 55.86%
iter 21880: loss 3.8309, time 3123.54ms, mfu 55.87%
iter 21890: loss 3.8816, time 3128.79ms, mfu 55.87%
iter 21900: loss 3.8027, time 3125.09ms, mfu 55.87%
iter 21910: loss 3.7970, time 3124.40ms, mfu 55.88%
iter 21920: loss 3.7699, time 3125.32ms, mfu 55.88%
iter 21930: loss 3.7528, time 3127.95ms, mfu 55.88%
iter 21940: loss 3.7579, time 3131.86ms, mfu 55.87%
iter 21950: loss 3.7893, time 3134.07ms, mfu 55.86%
iter 21960: loss 3.7762, time 3129.03ms, mfu 55.85%
iter 21970: loss 3.8488, time 3133.53ms, mfu 55.84%
iter 21980: loss 3.8209, time 3135.22ms, mfu 55.83%
iter 21990: loss 3.8533, time 3128.01ms, mfu 55.83%
step 22000: train loss 3.6837, val loss 3.6925
saving checkpoint to /net/scratch2/junyuren/nanoGPT-manifold/out-openwebtext-baseline
iter 22000: loss 3.8973, time 20366.65ms, mfu 51.11%
iter 22010: loss 3.7823, time 3122.59ms, mfu 51.59%
iter 22020: loss 3.8896, time 3124.28ms, mfu 52.03%
iter 22030: loss 3.8533, time 3129.72ms, mfu 52.41%
iter 22040: loss 3.8065, time 3129.03ms, mfu 52.75%
iter 22050: loss 3.7961, time 3125.47ms, mfu 53.06%
iter 22060: loss 3.7969, time 3125.78ms, mfu 53.35%
iter 22070: loss 3.7971, time 3128.90ms, mfu 53.60%
iter 22080: loss 3.8259, time 3131.51ms, mfu 53.82%
iter 22090: loss 3.7618, time 3130.96ms, mfu 54.01%
iter 22100: loss 3.8529, time 3128.79ms, mfu 54.20%
iter 22110: loss 3.8581, time 3135.61ms, mfu 54.35%
iter 22120: loss 3.8583, time 3134.06ms, mfu 54.49%
iter 22130: loss 3.8228, time 3131.98ms, mfu 54.62%
iter 22140: loss 3.7845, time 3131.55ms, mfu 54.74%
iter 22150: loss 3.7403, time 3125.96ms, mfu 54.85%
iter 22160: loss 3.8941, time 3127.30ms, mfu 54.95%
iter 22170: loss 3.8327, time 3128.00ms, mfu 55.04%
iter 22180: loss 3.8767, time 3132.46ms, mfu 55.12%
iter 22190: loss 3.7785, time 3127.81ms, mfu 55.19%
iter 22200: loss 3.8367, time 3125.79ms, mfu 55.26%
iter 22210: loss 3.8210, time 3134.12ms, mfu 55.31%
iter 22220: loss 3.7872, time 3130.98ms, mfu 55.36%
iter 22230: loss 3.8092, time 3127.98ms, mfu 55.41%
iter 22240: loss 3.7732, time 3133.73ms, mfu 55.44%
iter 22250: loss 3.8406, time 3131.19ms, mfu 55.48%
iter 22260: loss 3.7542, time 3128.02ms, mfu 55.52%
iter 22270: loss 3.8643, time 3127.99ms, mfu 55.55%
iter 22280: loss 3.8842, time 3133.86ms, mfu 55.57%
iter 22290: loss 3.9108, time 3132.41ms, mfu 55.59%
iter 22300: loss 3.7961, time 3129.51ms, mfu 55.61%
iter 22310: loss 3.7967, time 3127.76ms, mfu 55.64%
iter 22320: loss 3.8491, time 3128.18ms, mfu 55.66%
iter 22330: loss 3.8741, time 3129.82ms, mfu 55.68%
iter 22340: loss 3.7877, time 3136.01ms, mfu 55.68%
iter 22350: loss 3.8695, time 3126.34ms, mfu 55.70%
iter 22360: loss 3.7274, time 3126.60ms, mfu 55.72%
iter 22370: loss 3.7611, time 3123.60ms, mfu 55.74%
iter 22380: loss 3.7703, time 3131.35ms, mfu 55.75%
iter 22390: loss 3.8579, time 3132.53ms, mfu 55.75%
iter 22400: loss 3.7794, time 3128.56ms, mfu 55.76%
iter 22410: loss 3.7987, time 3128.83ms, mfu 55.77%
iter 22420: loss 3.8163, time 3132.02ms, mfu 55.77%
iter 22430: loss 3.7622, time 3129.12ms, mfu 55.77%
iter 22440: loss 3.9133, time 3125.40ms, mfu 55.79%
iter 22450: loss 3.8618, time 3127.44ms, mfu 55.80%
iter 22460: loss 3.8266, time 3127.41ms, mfu 55.80%
iter 22470: loss 3.8090, time 3133.66ms, mfu 55.80%
iter 22480: loss 3.8798, time 3130.85ms, mfu 55.80%
iter 22490: loss 3.7165, time 3127.64ms, mfu 55.80%
iter 22500: loss 3.7553, time 3129.67ms, mfu 55.81%
iter 22510: loss 3.8090, time 3128.95ms, mfu 55.81%
iter 22520: loss 3.7541, time 3130.96ms, mfu 55.81%
iter 22530: loss 3.8253, time 3127.27ms, mfu 55.81%
iter 22540: loss 3.8606, time 3128.37ms, mfu 55.82%
iter 22550: loss 3.7799, time 3125.59ms, mfu 55.83%
iter 22560: loss 3.8072, time 3133.15ms, mfu 55.82%
iter 22570: loss 3.8163, time 3133.95ms, mfu 55.81%
iter 22580: loss 3.7735, time 3126.11ms, mfu 55.82%
iter 22590: loss 3.7657, time 3124.53ms, mfu 55.83%
iter 22600: loss 3.8163, time 3130.95ms, mfu 55.83%
iter 22610: loss 3.8432, time 3128.41ms, mfu 55.83%
iter 22620: loss 3.8336, time 3129.08ms, mfu 55.83%
iter 22630: loss 3.8389, time 3135.93ms, mfu 55.82%
iter 22640: loss 3.6739, time 3126.87ms, mfu 55.82%
iter 22650: loss 3.8380, time 3126.12ms, mfu 55.83%
iter 22660: loss 3.8152, time 3130.11ms, mfu 55.83%
iter 22670: loss 3.8590, time 3127.28ms, mfu 55.83%
iter 22680: loss 4.0625, time 3131.05ms, mfu 55.83%
iter 22690: loss 3.8009, time 3129.79ms, mfu 55.83%
iter 22700: loss 3.8235, time 3125.09ms, mfu 55.84%
iter 22710: loss 3.8204, time 3125.03ms, mfu 55.84%
iter 22720: loss 3.7965, time 3131.06ms, mfu 55.84%
iter 22730: loss 3.8318, time 3128.51ms, mfu 55.84%
iter 22740: loss 3.8593, time 3130.59ms, mfu 55.84%
iter 22750: loss 3.7707, time 3129.62ms, mfu 55.84%
iter 22760: loss 3.9083, time 3124.76ms, mfu 55.84%
iter 22770: loss 3.7960, time 3125.29ms, mfu 55.85%
iter 22780: loss 3.7413, time 3122.98ms, mfu 55.86%
iter 22790: loss 3.7881, time 3129.35ms, mfu 55.86%
iter 22800: loss 3.7832, time 3132.83ms, mfu 55.85%
iter 22810: loss 3.8162, time 3126.01ms, mfu 55.85%
iter 22820: loss 3.8339, time 3125.96ms, mfu 55.86%
iter 22830: loss 3.8330, time 3128.06ms, mfu 55.86%
iter 22840: loss 3.8925, time 3132.03ms, mfu 55.85%
iter 22850: loss 3.8774, time 3134.65ms, mfu 55.84%
iter 22860: loss 3.7373, time 3130.41ms, mfu 55.83%
iter 22870: loss 3.8467, time 3136.24ms, mfu 55.82%
iter 22880: loss 3.8257, time 3126.43ms, mfu 55.83%
iter 22890: loss 3.8581, time 3126.73ms, mfu 55.83%
iter 22900: loss 3.9152, time 3131.09ms, mfu 55.83%
iter 22910: loss 3.7791, time 3132.78ms, mfu 55.82%
iter 22920: loss 3.7703, time 3129.94ms, mfu 55.82%
iter 22930: loss 3.9300, time 3124.80ms, mfu 55.83%
iter 22940: loss 3.8513, time 3123.27ms, mfu 55.84%
iter 22950: loss 3.7819, time 3126.81ms, mfu 55.85%
iter 22960: loss 3.8813, time 3121.08ms, mfu 55.86%
iter 22970: loss 3.9007, time 3126.56ms, mfu 55.86%
iter 22980: loss 3.8772, time 3127.61ms, mfu 55.86%
iter 22990: loss 3.8122, time 3120.77ms, mfu 55.87%
step 23000: train loss 3.6826, val loss 3.6893
saving checkpoint to /net/scratch2/junyuren/nanoGPT-manifold/out-openwebtext-baseline
iter 23000: loss 3.8413, time 20705.60ms, mfu 51.13%
iter 23010: loss 3.7449, time 3123.01ms, mfu 51.61%
iter 23020: loss 3.8535, time 3118.73ms, mfu 52.05%
iter 23030: loss 3.7391, time 3124.21ms, mfu 52.44%
iter 23040: loss 3.8240, time 3126.67ms, mfu 52.78%
iter 23050: loss 3.7037, time 3127.43ms, mfu 53.09%
iter 23060: loss 3.8596, time 3123.68ms, mfu 53.38%
iter 23070: loss 3.7663, time 3137.36ms, mfu 53.61%
iter 23080: loss 3.6647, time 3126.83ms, mfu 53.83%
iter 23090: loss 3.8048, time 3138.56ms, mfu 54.02%
iter 23100: loss 3.8228, time 3124.38ms, mfu 54.21%
iter 23110: loss 3.7749, time 3128.44ms, mfu 54.37%
iter 23120: loss 3.7991, time 3129.75ms, mfu 54.52%
iter 23130: loss 3.7528, time 3124.12ms, mfu 54.66%
iter 23140: loss 3.8413, time 3129.97ms, mfu 54.77%
iter 23150: loss 3.8216, time 3131.82ms, mfu 54.88%
iter 23160: loss 3.7477, time 3524.93ms, mfu 54.34%
iter 23170: loss 3.8951, time 3123.38ms, mfu 54.50%
iter 23180: loss 3.8021, time 3125.04ms, mfu 54.64%
iter 23190: loss 3.8406, time 3122.72ms, mfu 54.77%
iter 23200: loss 3.8467, time 3125.82ms, mfu 54.89%
iter 23210: loss 3.8837, time 3123.98ms, mfu 54.99%
iter 23220: loss 3.7516, time 3130.32ms, mfu 55.07%
iter 23230: loss 3.7841, time 3126.08ms, mfu 55.15%
iter 23240: loss 3.7989, time 3125.12ms, mfu 55.23%
iter 23250: loss 3.8191, time 3135.09ms, mfu 55.28%
iter 23260: loss 3.8584, time 3125.21ms, mfu 55.34%
iter 23270: loss 3.8663, time 3130.67ms, mfu 55.39%
iter 23280: loss 3.7327, time 3127.27ms, mfu 55.44%
iter 23290: loss 3.8596, time 3126.52ms, mfu 55.48%
iter 23300: loss 3.7900, time 3129.16ms, mfu 55.52%
iter 23310: loss 3.7877, time 3123.41ms, mfu 55.56%
iter 23320: loss 3.8886, time 3130.51ms, mfu 55.58%
iter 23330: loss 3.7777, time 3123.41ms, mfu 55.62%
iter 23340: loss 3.7850, time 3125.26ms, mfu 55.65%
iter 23350: loss 3.8084, time 3123.34ms, mfu 55.68%
iter 23360: loss 3.7100, time 3133.42ms, mfu 55.68%
iter 23370: loss 3.7898, time 3124.40ms, mfu 55.71%
iter 23380: loss 3.7962, time 3122.57ms, mfu 55.73%
iter 23390: loss 3.7766, time 3128.61ms, mfu 55.74%
iter 23400: loss 3.8053, time 3125.73ms, mfu 55.76%
iter 23410: loss 3.8609, time 3122.97ms, mfu 55.78%
iter 23420: loss 3.7855, time 3128.37ms, mfu 55.78%
iter 23430: loss 3.7717, time 3125.87ms, mfu 55.80%
iter 23440: loss 3.8324, time 3129.07ms, mfu 55.80%
iter 23450: loss 3.8383, time 3132.97ms, mfu 55.80%
iter 23460: loss 3.7915, time 3125.55ms, mfu 55.81%
iter 23470: loss 3.8019, time 3124.81ms, mfu 55.82%
iter 23480: loss 3.8354, time 3126.53ms, mfu 55.82%
iter 23490: loss 3.8247, time 3130.16ms, mfu 55.82%
iter 23500: loss 3.6904, time 3129.83ms, mfu 55.82%
iter 23510: loss 3.8461, time 3126.67ms, mfu 55.83%
iter 23520: loss 3.8654, time 3124.17ms, mfu 55.84%
iter 23530: loss 3.8631, time 3123.07ms, mfu 55.85%
iter 23540: loss 3.8242, time 3122.97ms, mfu 55.86%
iter 23550: loss 3.8413, time 3126.41ms, mfu 55.86%
iter 23560: loss 3.8151, time 3125.83ms, mfu 55.86%
iter 23570: loss 3.7854, time 3123.21ms, mfu 55.87%
iter 23580: loss 3.7396, time 3126.22ms, mfu 55.87%
iter 23590: loss 3.8690, time 3127.18ms, mfu 55.87%
iter 23600: loss 3.8495, time 3129.92ms, mfu 55.87%
iter 23610: loss 3.8845, time 3123.56ms, mfu 55.87%
iter 23620: loss 3.7824, time 3127.75ms, mfu 55.87%
iter 23630: loss 3.7711, time 3127.11ms, mfu 55.87%
iter 23640: loss 3.8388, time 3125.68ms, mfu 55.88%
iter 23650: loss 3.9026, time 3124.97ms, mfu 55.88%
iter 23660: loss 3.8698, time 3127.46ms, mfu 55.88%
iter 23670: loss 3.8756, time 3131.48ms, mfu 55.87%
iter 23680: loss 3.8263, time 3125.65ms, mfu 55.87%
iter 23690: loss 3.8552, time 3127.39ms, mfu 55.87%
iter 23700: loss 3.8193, time 3129.50ms, mfu 55.87%
iter 23710: loss 3.6882, time 3127.77ms, mfu 55.87%
iter 23720: loss 3.8576, time 3125.18ms, mfu 55.87%
iter 23730: loss 3.8710, time 3130.43ms, mfu 55.86%
iter 23740: loss 3.8123, time 3128.18ms, mfu 55.86%
iter 23750: loss 3.8215, time 3125.56ms, mfu 55.87%
iter 23760: loss 3.8897, time 3125.17ms, mfu 55.87%
iter 23770: loss 3.8380, time 3124.50ms, mfu 55.88%
iter 23780: loss 3.7947, time 3125.90ms, mfu 55.88%
iter 23790: loss 3.9195, time 3128.61ms, mfu 55.87%
iter 23800: loss 3.7895, time 3128.13ms, mfu 55.87%
iter 23810: loss 3.8680, time 3126.71ms, mfu 55.87%
iter 23820: loss 3.8059, time 3126.44ms, mfu 55.87%
iter 23830: loss 3.6887, time 3125.97ms, mfu 55.88%
iter 23840: loss 3.7786, time 3128.64ms, mfu 55.87%
iter 23850: loss 3.7530, time 3126.37ms, mfu 55.87%
iter 23860: loss 3.8447, time 3132.96ms, mfu 55.86%
iter 23870: loss 3.8065, time 3124.07ms, mfu 55.87%
iter 23880: loss 3.8425, time 3132.18ms, mfu 55.86%
iter 23890: loss 3.8351, time 3127.01ms, mfu 55.86%
iter 23900: loss 3.7737, time 3125.30ms, mfu 55.87%
iter 23910: loss 3.8465, time 3129.78ms, mfu 55.86%
iter 23920: loss 3.8366, time 3127.85ms, mfu 55.86%
iter 23930: loss 3.8609, time 3124.54ms, mfu 55.87%
iter 23940: loss 3.7388, time 3123.28ms, mfu 55.87%
iter 23950: loss 3.8706, time 3125.56ms, mfu 55.88%
iter 23960: loss 3.7575, time 3128.97ms, mfu 55.87%
iter 23970: loss 3.7561, time 3124.63ms, mfu 55.88%
iter 23980: loss 3.7761, time 3132.11ms, mfu 55.87%
iter 23990: loss 3.8865, time 3133.99ms, mfu 55.86%
step 24000: train loss 3.7136, val loss 3.7100
saving checkpoint to /net/scratch2/junyuren/nanoGPT-manifold/out-openwebtext-baseline
iter 24000: loss 3.8142, time 20515.42ms, mfu 51.12%
iter 24010: loss 3.8711, time 3121.33ms, mfu 51.61%
iter 24020: loss 3.7103, time 3120.11ms, mfu 52.05%
iter 24030: loss 3.8237, time 3127.02ms, mfu 52.43%
iter 24040: loss 3.8247, time 3129.64ms, mfu 52.77%
iter 24050: loss 3.8526, time 3127.53ms, mfu 53.08%
iter 24060: loss 3.8111, time 3132.37ms, mfu 53.35%
iter 24070: loss 3.8859, time 3128.14ms, mfu 53.60%
iter 24080: loss 3.8021, time 3123.83ms, mfu 53.83%
iter 24090: loss 3.6799, time 3133.58ms, mfu 54.02%
iter 24100: loss 3.7442, time 3126.33ms, mfu 54.21%
iter 24110: loss 3.8419, time 3131.81ms, mfu 54.37%
iter 24120: loss 3.8366, time 3125.95ms, mfu 54.52%
iter 24130: loss 3.8374, time 3127.26ms, mfu 54.65%
iter 24140: loss 3.9395, time 3130.53ms, mfu 54.77%
iter 24150: loss 3.8722, time 3127.31ms, mfu 54.88%
iter 24160: loss 3.9007, time 3127.23ms, mfu 54.98%
iter 24170: loss 3.8257, time 3128.68ms, mfu 55.07%
iter 24180: loss 3.7708, time 3122.52ms, mfu 55.15%
iter 24190: loss 3.8102, time 3129.25ms, mfu 55.22%
iter 24200: loss 3.8657, time 3125.23ms, mfu 55.29%
iter 24210: loss 3.8700, time 3126.08ms, mfu 55.35%
iter 24220: loss 3.7172, time 3130.49ms, mfu 55.40%
iter 24230: loss 3.8435, time 3127.61ms, mfu 55.44%
iter 24240: loss 3.8399, time 3135.97ms, mfu 55.47%
iter 24250: loss 3.7755, time 3131.39ms, mfu 55.50%
iter 24260: loss 3.8671, time 3133.17ms, mfu 55.53%
iter 24270: loss 3.7890, time 3131.52ms, mfu 55.55%
iter 24280: loss 3.8141, time 3136.12ms, mfu 55.57%
iter 24290: loss 3.7626, time 3138.98ms, mfu 55.58%
iter 24300: loss 3.8355, time 3133.06ms, mfu 55.60%
iter 24310: loss 3.8221, time 3126.64ms, mfu 55.63%
iter 24320: loss 3.7208, time 3127.86ms, mfu 55.65%
iter 24330: loss 3.8051, time 3125.39ms, mfu 55.67%
iter 24340: loss 3.8960, time 3134.02ms, mfu 55.68%
iter 24350: loss 3.8350, time 3128.59ms, mfu 55.70%
iter 24360: loss 3.8480, time 3125.07ms, mfu 55.72%
iter 24370: loss 3.7689, time 3123.63ms, mfu 55.74%
iter 24380: loss 3.8025, time 3126.26ms, mfu 55.75%
iter 24390: loss 3.8730, time 3130.51ms, mfu 55.76%
iter 24400: loss 3.8386, time 3125.50ms, mfu 55.77%
iter 24410: loss 3.7852, time 3129.70ms, mfu 55.78%
iter 24420: loss 3.8904, time 3125.73ms, mfu 55.79%
iter 24430: loss 3.8613, time 3131.42ms, mfu 55.79%
iter 24440: loss 3.8718, time 3132.46ms, mfu 55.79%
iter 24450: loss 3.7746, time 3129.52ms, mfu 55.79%
iter 24460: loss 3.8395, time 3125.74ms, mfu 55.80%
iter 24470: loss 3.7999, time 3134.58ms, mfu 55.80%
iter 24480: loss 3.8051, time 3126.90ms, mfu 55.80%
iter 24490: loss 3.8724, time 3128.68ms, mfu 55.81%
iter 24500: loss 3.7631, time 3124.24ms, mfu 55.82%
iter 24510: loss 3.7412, time 3126.25ms, mfu 55.83%
iter 24520: loss 3.7545, time 3124.11ms, mfu 55.84%
iter 24530: loss 3.8689, time 3126.77ms, mfu 55.84%
iter 24540: loss 3.7154, time 3126.66ms, mfu 55.84%
iter 24550: loss 3.8660, time 3123.51ms, mfu 55.85%
iter 24560: loss 3.8440, time 3130.62ms, mfu 55.85%
iter 24570: loss 3.8551, time 3126.54ms, mfu 55.85%
iter 24580: loss 3.8609, time 3127.54ms, mfu 55.85%
iter 24590: loss 3.7843, time 3126.77ms, mfu 55.86%
iter 24600: loss 3.7722, time 3133.80ms, mfu 55.85%
iter 24610: loss 3.9090, time 3130.99ms, mfu 55.84%
iter 24620: loss 3.8298, time 3128.88ms, mfu 55.84%
iter 24630: loss 3.8126, time 3128.23ms, mfu 55.84%
iter 24640: loss 3.8731, time 3123.34ms, mfu 55.85%
iter 24650: loss 3.8245, time 3126.50ms, mfu 55.85%
iter 24660: loss 3.9073, time 3123.30ms, mfu 55.86%
iter 24670: loss 3.8101, time 3129.41ms, mfu 55.86%
iter 24680: loss 3.8225, time 3125.83ms, mfu 55.86%
iter 24690: loss 3.8439, time 3135.28ms, mfu 55.85%
iter 24700: loss 3.7561, time 3132.95ms, mfu 55.84%
iter 24710: loss 3.8531, time 3127.03ms, mfu 55.84%
iter 24720: loss 3.7753, time 3128.20ms, mfu 55.84%
iter 24730: loss 3.8975, time 3135.38ms, mfu 55.83%
iter 24740: loss 3.8746, time 3125.94ms, mfu 55.84%
iter 24750: loss 3.8571, time 3131.01ms, mfu 55.83%
iter 24760: loss 3.8797, time 3129.95ms, mfu 55.83%
iter 24770: loss 3.7832, time 3132.54ms, mfu 55.83%
iter 24780: loss 3.7982, time 3125.63ms, mfu 55.83%
iter 24790: loss 3.9036, time 3125.97ms, mfu 55.84%
iter 24800: loss 3.7080, time 3129.31ms, mfu 55.84%
iter 24810: loss 3.7703, time 3123.31ms, mfu 55.85%
iter 24820: loss 3.8847, time 3127.09ms, mfu 55.85%
iter 24830: loss 3.7925, time 3126.30ms, mfu 55.85%
iter 24840: loss 3.9032, time 3127.27ms, mfu 55.86%
iter 24850: loss 3.7749, time 3132.17ms, mfu 55.85%
iter 24860: loss 3.8921, time 3125.16ms, mfu 55.85%
iter 24870: loss 3.8729, time 3124.47ms, mfu 55.86%
iter 24880: loss 3.7725, time 3126.86ms, mfu 55.86%
iter 24890: loss 3.8116, time 3133.32ms, mfu 55.85%
iter 24900: loss 3.7913, time 3125.44ms, mfu 55.86%
iter 24910: loss 3.8248, time 3127.18ms, mfu 55.86%
iter 24920: loss 3.7627, time 3122.07ms, mfu 55.87%
iter 24930: loss 3.7853, time 3128.38ms, mfu 55.87%
iter 24940: loss 3.7683, time 3131.20ms, mfu 55.86%
iter 24950: loss 3.8777, time 3134.55ms, mfu 55.85%
iter 24960: loss 3.7560, time 3130.86ms, mfu 55.84%
iter 24970: loss 3.7511, time 3130.74ms, mfu 55.84%
iter 24980: loss 3.8203, time 3127.86ms, mfu 55.84%
iter 24990: loss 3.7430, time 3125.63ms, mfu 55.85%
step 25000: train loss 3.6717, val loss 3.6838
saving checkpoint to /net/scratch2/junyuren/nanoGPT-manifold/out-openwebtext-baseline
iter 25000: loss 3.8114, time 20358.70ms, mfu 51.12%
iter 25010: loss 3.7569, time 3121.24ms, mfu 51.61%
iter 25020: loss 3.7968, time 3125.80ms, mfu 52.03%
iter 25030: loss 3.8354, time 3125.01ms, mfu 52.42%
iter 25040: loss 3.7655, time 3124.60ms, mfu 52.77%
iter 25050: loss 3.8088, time 3128.62ms, mfu 53.08%
iter 25060: loss 3.8288, time 3133.17ms, mfu 53.35%
iter 25070: loss 3.7856, time 3132.40ms, mfu 53.59%
iter 25080: loss 3.8075, time 3131.23ms, mfu 53.81%
iter 25090: loss 3.8650, time 3132.36ms, mfu 54.01%
iter 25100: loss 3.8503, time 3134.64ms, mfu 54.18%
iter 25110: loss 3.7834, time 3127.11ms, mfu 54.35%
iter 25120: loss 3.8294, time 3126.94ms, mfu 54.50%
iter 25130: loss 3.8309, time 3131.63ms, mfu 54.63%
iter 25140: loss 3.8651, time 3126.70ms, mfu 54.76%
iter 25150: loss 3.8529, time 3126.87ms, mfu 54.87%
iter 25160: loss 3.8625, time 3129.74ms, mfu 54.96%
iter 25170: loss 3.7735, time 3128.45ms, mfu 55.05%
iter 25180: loss 3.8592, time 3125.30ms, mfu 55.14%
iter 25190: loss 3.8173, time 3132.47ms, mfu 55.20%
iter 25200: loss 3.7704, time 3129.98ms, mfu 55.26%
iter 25210: loss 3.8058, time 3133.68ms, mfu 55.31%
iter 25220: loss 3.7206, time 3131.20ms, mfu 55.36%
iter 25230: loss 3.9118, time 3130.91ms, mfu 55.40%
iter 25240: loss 3.9036, time 3134.64ms, mfu 55.44%
iter 25250: loss 3.8337, time 3124.47ms, mfu 55.49%
iter 25260: loss 3.7561, time 3129.54ms, mfu 55.52%
iter 25270: loss 3.8304, time 3129.94ms, mfu 55.55%
iter 25280: loss 3.7533, time 3126.90ms, mfu 55.58%
iter 25290: loss 3.7537, time 3132.07ms, mfu 55.60%
iter 25300: loss 3.7869, time 3135.20ms, mfu 55.61%
iter 25310: loss 3.7734, time 3128.14ms, mfu 55.64%
iter 25320: loss 3.8282, time 3132.67ms, mfu 55.65%
iter 25330: loss 3.9199, time 3131.54ms, mfu 55.67%
iter 25340: loss 3.8270, time 3132.38ms, mfu 55.68%
iter 25350: loss 3.8078, time 3130.47ms, mfu 55.69%
iter 25360: loss 3.8734, time 3133.81ms, mfu 55.70%
iter 25370: loss 3.8257, time 3133.12ms, mfu 55.70%
iter 25380: loss 3.8000, time 3132.04ms, mfu 55.71%
iter 25390: loss 3.8654, time 3127.93ms, mfu 55.73%
iter 25400: loss 3.8161, time 3135.79ms, mfu 55.72%
iter 25410: loss 3.8977, time 3129.50ms, mfu 55.74%
iter 25420: loss 3.8241, time 3135.17ms, mfu 55.73%
iter 25430: loss 3.7659, time 3132.38ms, mfu 55.74%
iter 25440: loss 3.8694, time 3136.37ms, mfu 55.74%
iter 25450: loss 3.8531, time 3138.13ms, mfu 55.73%
iter 25460: loss 3.7742, time 3132.58ms, mfu 55.73%
iter 25470: loss 3.7623, time 3137.18ms, mfu 55.73%
iter 25480: loss 3.7505, time 3129.28ms, mfu 55.74%
iter 25490: loss 3.9373, time 3131.64ms, mfu 55.74%
iter 25500: loss 3.9249, time 3130.61ms, mfu 55.75%
iter 25510: loss 3.8291, time 3134.34ms, mfu 55.75%
iter 25520: loss 3.8772, time 3128.43ms, mfu 55.76%
iter 25530: loss 3.8547, time 3135.16ms, mfu 55.76%
iter 25540: loss 3.8173, time 3128.11ms, mfu 55.77%
iter 25550: loss 3.7177, time 3165.06ms, mfu 55.71%
iter 25560: loss 3.8517, time 3135.65ms, mfu 55.71%
iter 25570: loss 3.7422, time 3132.95ms, mfu 55.72%
iter 25580: loss 3.8218, time 3133.63ms, mfu 55.72%
iter 25590: loss 3.7701, time 3131.62ms, mfu 55.73%
iter 25600: loss 3.8615, time 3128.04ms, mfu 55.74%
iter 25610: loss 3.8670, time 3136.71ms, mfu 55.74%
iter 25620: loss 3.8569, time 3135.58ms, mfu 55.73%
iter 25630: loss 3.7504, time 3128.57ms, mfu 55.75%
iter 25640: loss 3.8077, time 3133.38ms, mfu 55.75%
iter 25650: loss 3.8669, time 3130.12ms, mfu 55.75%
iter 25660: loss 3.8551, time 3130.07ms, mfu 55.76%
iter 25670: loss 3.8289, time 3135.95ms, mfu 55.76%
iter 25680: loss 3.8404, time 3125.72ms, mfu 55.77%
iter 25690: loss 3.7912, time 3136.07ms, mfu 55.76%
iter 25700: loss 3.7676, time 3125.30ms, mfu 55.78%
iter 25710: loss 3.7611, time 3128.72ms, mfu 55.78%
iter 25720: loss 3.7496, time 3129.91ms, mfu 55.79%
iter 25730: loss 3.8605, time 3126.81ms, mfu 55.80%
iter 25740: loss 3.8001, time 3140.25ms, mfu 55.78%
iter 25750: loss 3.7506, time 3134.66ms, mfu 55.78%
iter 25760: loss 3.8199, time 3129.81ms, mfu 55.78%
iter 25770: loss 3.7448, time 3131.15ms, mfu 55.78%
iter 25780: loss 3.8710, time 3134.54ms, mfu 55.78%
iter 25790: loss 3.7827, time 3133.85ms, mfu 55.78%
iter 25800: loss 3.7637, time 3134.95ms, mfu 55.77%
iter 25810: loss 3.8272, time 3137.23ms, mfu 55.76%
iter 25820: loss 3.8533, time 3137.20ms, mfu 55.76%
iter 25830: loss 3.8558, time 3128.09ms, mfu 55.77%
iter 25840: loss 3.7972, time 3131.52ms, mfu 55.77%
iter 25850: loss 3.7611, time 3137.45ms, mfu 55.76%
iter 25860: loss 3.7488, time 3132.83ms, mfu 55.76%
iter 25870: loss 3.8587, time 3136.35ms, mfu 55.76%
iter 25880: loss 3.8826, time 3131.11ms, mfu 55.76%
iter 25890: loss 3.7887, time 3128.62ms, mfu 55.77%
iter 25900: loss 3.7702, time 3129.49ms, mfu 55.77%
iter 25910: loss 3.7760, time 3129.69ms, mfu 55.78%
iter 25920: loss 3.8095, time 3129.16ms, mfu 55.78%
iter 25930: loss 3.8186, time 3131.09ms, mfu 55.79%
iter 25940: loss 3.6713, time 3130.11ms, mfu 55.79%
iter 25950: loss 3.7569, time 3130.47ms, mfu 55.79%
iter 25960: loss 3.8509, time 3135.06ms, mfu 55.79%
iter 25970: loss 3.7864, time 3129.90ms, mfu 55.79%
iter 25980: loss 3.7746, time 3133.26ms, mfu 55.79%
iter 25990: loss 3.7985, time 3134.58ms, mfu 55.78%
step 26000: train loss 3.6459, val loss 3.6483
saving checkpoint to /net/scratch2/junyuren/nanoGPT-manifold/out-openwebtext-baseline
iter 26000: loss 3.8684, time 20369.00ms, mfu 51.06%
iter 26010: loss 3.8388, time 3121.38ms, mfu 51.55%
iter 26020: loss 3.9332, time 3122.44ms, mfu 51.99%
iter 26030: loss 3.8846, time 3125.94ms, mfu 52.38%
iter 26040: loss 3.8364, time 3127.48ms, mfu 52.73%
iter 26050: loss 3.8066, time 3129.47ms, mfu 53.04%
iter 26060: loss 3.8137, time 3130.11ms, mfu 53.32%
iter 26070: loss 3.8207, time 3124.91ms, mfu 53.58%
iter 26080: loss 3.9061, time 3133.32ms, mfu 53.80%
iter 26090: loss 3.8015, time 3132.35ms, mfu 53.99%
iter 26100: loss 3.8675, time 3128.04ms, mfu 54.18%
iter 26110: loss 3.6936, time 3130.62ms, mfu 54.34%
iter 26120: loss 3.8122, time 3135.43ms, mfu 54.48%
iter 26130: loss 3.8244, time 3133.65ms, mfu 54.61%
iter 26140: loss 3.7501, time 3129.84ms, mfu 54.73%
iter 26150: loss 3.8201, time 3127.07ms, mfu 54.84%
iter 26160: loss 3.7721, time 3127.58ms, mfu 54.95%
iter 26170: loss 3.8393, time 3125.23ms, mfu 55.04%
iter 26180: loss 3.7793, time 3128.08ms, mfu 55.12%
iter 26190: loss 3.7841, time 3132.54ms, mfu 55.19%
iter 26200: loss 3.8440, time 3124.44ms, mfu 55.26%
iter 26210: loss 3.7565, time 3127.80ms, mfu 55.32%
iter 26220: loss 3.8090, time 3124.69ms, mfu 55.38%
iter 26230: loss 3.8713, time 3127.55ms, mfu 55.43%
iter 26240: loss 3.8269, time 3127.07ms, mfu 55.47%
iter 26250: loss 3.7313, time 3131.40ms, mfu 55.50%
iter 26260: loss 3.7670, time 3137.07ms, mfu 55.52%
iter 26270: loss 3.7247, time 3133.72ms, mfu 55.55%
iter 26280: loss 3.8170, time 3126.99ms, mfu 55.58%
iter 26290: loss 3.7669, time 3134.88ms, mfu 55.59%
iter 26300: loss 3.8277, time 3129.35ms, mfu 55.62%
iter 26310: loss 3.8196, time 3133.54ms, mfu 55.63%
iter 26320: loss 3.7491, time 3134.94ms, mfu 55.64%
iter 26330: loss 3.7775, time 3128.84ms, mfu 55.66%
iter 26340: loss 3.8108, time 3137.26ms, mfu 55.66%
iter 26350: loss 3.9280, time 3126.39ms, mfu 55.69%
iter 26360: loss 3.8441, time 3132.44ms, mfu 55.70%
iter 26370: loss 3.7993, time 3137.40ms, mfu 55.69%
iter 26380: loss 3.7786, time 3135.44ms, mfu 55.70%
