Overriding config with config/train_openwebtext_rank99_resume.py:
# Resume OpenWebText rank99 from checkpoint
# Continuing from step 10000

# I/O
out_dir = '/net/scratch2/junyuren/nanoGPT-manifold/out-openwebtext-rank99'
eval_interval = 1000
eval_iters = 200
log_interval = 10
always_save_checkpoint = True

# CRITICAL: Resume from checkpoint
init_from = 'resume'

wandb_log = False
wandb_project = 'openwebtext'
wandb_run_name = 'grassmann-6L-384d-rank99-resume'

# Data
dataset = 'openwebtext'
data_dir = '/net/scratch2/junyuren/nanoGPT-manifold/data/openwebtext'
gradient_accumulation_steps = 40
batch_size = 64
block_size = 1024

# Model
n_layer = 6
n_head = 6
n_embd = 384
dropout = 0.2
bias = False

# AdamW optimizer
learning_rate = 1e-3
max_iters = 100000
lr_decay_iters = 100000
min_lr = 1e-4
beta1 = 0.9
beta2 = 0.99
weight_decay = 1e-1
grad_clip = 1.0

decay_lr = True
warmup_iters = 2000

# Grassmann config - rank99
use_grassmann = True
grassmann_phase = 'phase2.5'

grass_rank_c_attn = 96
grass_rank_mlp_fc = 48
grass_scale_c_attn = 4.6293
grass_scale_mlp_fc = 10.1372

grass_rank = 48
grass_lr = 8e-3
grass_a = 1.0
grass_b = 0.0
grass_alpha = 0.01
grass_steps = 10
grass_tol = 1e-6

# System
device = 'cuda'
dtype = 'bfloat16'
compile = True

tokens per iteration will be: 2,621,440
Resuming training from /net/scratch2/junyuren/nanoGPT-manifold/out-openwebtext-rank99
number of parameters: 29.94M

=== Phase phase2.5 Grassmann Configuration ===
  Variant .5: attn.c_proj uses AdamW (not Grassmann)

Per-block configuration (6 blocks):
  c_attn ranks:       [96, 96, 96, 96, 96, 96]
  c_attn scales:      ['4.63', '4.63', '4.63', '4.63', '4.63', '4.63']
  mlp.c_fc ranks:     [48, 48, 48, 48, 48, 48]
  mlp.c_fc scales:    ['10.14', '10.14', '10.14', '10.14', '10.14', '10.14']
Grassmann Muon parameters: 6 weight matrices, 3,538,944 params
AdamW decay parameters: 20 tensors, 26,787,840 params
AdamW no-decay parameters: 13 tensors, 4,992 params
  transformer.h.0.mlp.c_fc.weight: k=4, G_{1.0,0.0,48}, lr=0.008, scale=10.1372, type=vertical
  transformer.h.1.mlp.c_fc.weight: k=4, G_{1.0,0.0,48}, lr=0.008, scale=10.1372, type=vertical
  transformer.h.2.mlp.c_fc.weight: k=4, G_{1.0,0.0,48}, lr=0.008, scale=10.1372, type=vertical
  transformer.h.3.mlp.c_fc.weight: k=4, G_{1.0,0.0,48}, lr=0.008, scale=10.1372, type=vertical
  transformer.h.4.mlp.c_fc.weight: k=4, G_{1.0,0.0,48}, lr=0.008, scale=10.1372, type=vertical
  transformer.h.5.mlp.c_fc.weight: k=4, G_{1.0,0.0,48}, lr=0.008, scale=10.1372, type=vertical
using fused AdamW: True

=== Setting up component-specific dropout ===
AdamW components: dropout = 0.2
Grassmann components: dropout = 0.1
Component-specific dropout setup complete.

=== Setting up norm-preserving scaling (Phase phase2.5) ===
  Added frozen 0.5×I scaling after mlp.c_fc (device=cuda:0)
  Added frozen 0.5×I scaling after mlp.c_fc (device=cuda:0)
  Added frozen 0.5×I scaling after mlp.c_fc (device=cuda:0)
  Added frozen 0.5×I scaling after mlp.c_fc (device=cuda:0)
  Added frozen 0.5×I scaling after mlp.c_fc (device=cuda:0)
  Added frozen 0.5×I scaling after mlp.c_fc (device=cuda:0)
Norm-preserving scaling setup complete.
compiling the model... (takes a ~minute)
step 35000: train loss 3.9674, val loss 3.9744
saving checkpoint to /net/scratch2/junyuren/nanoGPT-manifold/out-openwebtext-rank99
iter 35000: loss 3.8932, time 27831.66ms, mfu -100.00%
iter 35010: loss 4.0226, time 2717.10ms, mfu 90.57%
iter 35020: loss 3.9426, time 2709.34ms, mfu 90.59%
iter 35030: loss 3.9961, time 2706.90ms, mfu 90.62%
iter 35040: loss 4.0491, time 2709.36ms, mfu 90.64%
iter 35050: loss 4.0333, time 2709.71ms, mfu 90.66%
iter 35060: loss 4.0509, time 2723.66ms, mfu 90.63%
iter 35070: loss 3.8531, time 2718.59ms, mfu 90.62%
iter 35080: loss 3.9356, time 2718.75ms, mfu 90.61%
iter 35090: loss 4.0355, time 2719.38ms, mfu 90.60%
iter 35100: loss 4.0243, time 2715.19ms, mfu 90.60%
iter 35110: loss 3.9584, time 2718.01ms, mfu 90.59%
iter 35120: loss 4.0110, time 2719.81ms, mfu 90.58%
iter 35130: loss 3.9626, time 2718.23ms, mfu 90.58%
iter 35140: loss 3.9709, time 2713.39ms, mfu 90.59%
iter 35150: loss 4.0071, time 2720.91ms, mfu 90.57%
iter 35160: loss 3.9845, time 2719.35ms, mfu 90.56%
iter 35170: loss 3.9582, time 2715.65ms, mfu 90.57%
iter 35180: loss 4.0336, time 2714.97ms, mfu 90.58%
iter 35190: loss 3.9920, time 2715.09ms, mfu 90.58%
iter 35200: loss 4.0701, time 2717.83ms, mfu 90.58%
iter 35210: loss 4.0682, time 2706.91ms, mfu 90.61%
iter 35220: loss 3.9248, time 2714.78ms, mfu 90.61%
iter 35230: loss 3.9073, time 2716.49ms, mfu 90.61%
iter 35240: loss 4.0039, time 2715.86ms, mfu 90.61%
iter 35250: loss 4.0160, time 2709.44ms, mfu 90.63%
iter 35260: loss 4.0431, time 2712.03ms, mfu 90.64%
iter 35270: loss 4.0230, time 2711.16ms, mfu 90.65%
iter 35280: loss 4.0288, time 2713.12ms, mfu 90.66%
iter 35290: loss 4.0063, time 2717.48ms, mfu 90.65%
iter 35300: loss 4.0422, time 2714.46ms, mfu 90.65%
iter 35310: loss 4.0359, time 2713.82ms, mfu 90.65%
iter 35320: loss 3.9787, time 2719.46ms, mfu 90.64%
iter 35330: loss 3.9461, time 2712.38ms, mfu 90.64%
iter 35340: loss 3.9852, time 2717.74ms, mfu 90.63%
iter 35350: loss 3.9687, time 2716.04ms, mfu 90.63%
iter 35360: loss 3.9877, time 2716.23ms, mfu 90.63%
iter 35370: loss 3.9290, time 2713.63ms, mfu 90.63%
iter 35380: loss 3.9558, time 2712.52ms, mfu 90.64%
iter 35390: loss 3.9865, time 2716.18ms, mfu 90.64%
iter 35400: loss 4.0468, time 2720.42ms, mfu 90.62%
iter 35410: loss 3.8779, time 2719.13ms, mfu 90.61%
iter 35420: loss 3.9606, time 2722.97ms, mfu 90.58%
iter 35430: loss 3.9362, time 2715.24ms, mfu 90.59%
iter 35440: loss 3.9384, time 2707.89ms, mfu 90.62%
iter 35450: loss 3.9427, time 2717.00ms, mfu 90.61%
iter 35460: loss 3.9785, time 2715.02ms, mfu 90.61%
iter 35470: loss 3.9751, time 2718.16ms, mfu 90.61%
iter 35480: loss 3.9704, time 2716.24ms, mfu 90.60%
iter 35490: loss 4.0339, time 2716.12ms, mfu 90.60%
iter 35500: loss 4.0148, time 2722.64ms, mfu 90.58%
iter 35510: loss 4.0489, time 2719.52ms, mfu 90.57%
iter 35520: loss 3.9525, time 2714.87ms, mfu 90.58%
iter 35530: loss 4.0168, time 2710.70ms, mfu 90.60%
iter 35540: loss 3.9508, time 2713.79ms, mfu 90.61%
iter 35550: loss 3.9834, time 2708.66ms, mfu 90.63%
iter 35560: loss 3.9014, time 2711.43ms, mfu 90.64%
iter 35570: loss 4.0356, time 2710.67ms, mfu 90.66%
iter 35580: loss 3.9734, time 2719.96ms, mfu 90.64%
iter 35590: loss 4.0783, time 2722.00ms, mfu 90.62%
iter 35600: loss 3.9929, time 2719.73ms, mfu 90.60%
iter 35610: loss 4.0348, time 2725.37ms, mfu 90.57%
iter 35620: loss 3.9308, time 2713.66ms, mfu 90.58%
iter 35630: loss 3.9902, time 2706.65ms, mfu 90.61%
iter 35640: loss 4.0261, time 2710.79ms, mfu 90.63%
iter 35650: loss 3.8849, time 2711.71ms, mfu 90.64%
iter 35660: loss 3.9344, time 2711.06ms, mfu 90.66%
iter 35670: loss 4.0045, time 2714.68ms, mfu 90.65%
iter 35680: loss 3.9654, time 2713.94ms, mfu 90.66%
iter 35690: loss 3.9355, time 2722.68ms, mfu 90.63%
iter 35700: loss 3.9428, time 2723.96ms, mfu 90.60%
iter 35710: loss 4.0445, time 2708.66ms, mfu 90.62%
iter 35720: loss 3.9485, time 2713.18ms, mfu 90.63%
iter 35730: loss 3.8840, time 2715.02ms, mfu 90.63%
iter 35740: loss 4.0040, time 2718.63ms, mfu 90.62%
iter 35750: loss 4.0786, time 2722.83ms, mfu 90.60%
iter 35760: loss 3.9602, time 2715.25ms, mfu 90.60%
iter 35770: loss 3.9341, time 2712.31ms, mfu 90.61%
iter 35780: loss 3.9393, time 2716.88ms, mfu 90.61%
iter 35790: loss 3.9423, time 2718.08ms, mfu 90.60%
iter 35800: loss 3.9687, time 2722.29ms, mfu 90.58%
iter 35810: loss 3.9572, time 2726.04ms, mfu 90.55%
iter 35820: loss 4.0389, time 2712.40ms, mfu 90.57%
iter 35830: loss 3.9681, time 2711.88ms, mfu 90.58%
iter 35840: loss 3.9942, time 2716.08ms, mfu 90.59%
iter 35850: loss 4.0199, time 2726.78ms, mfu 90.55%
iter 35860: loss 4.0238, time 2714.79ms, mfu 90.56%
iter 35870: loss 3.9025, time 2720.35ms, mfu 90.55%
iter 35880: loss 3.9580, time 2713.40ms, mfu 90.56%
iter 35890: loss 3.9969, time 2715.03ms, mfu 90.57%
iter 35900: loss 3.9646, time 2715.25ms, mfu 90.58%
iter 35910: loss 3.9383, time 2720.28ms, mfu 90.57%
iter 35920: loss 4.0157, time 2714.64ms, mfu 90.57%
iter 35930: loss 4.0488, time 2721.56ms, mfu 90.56%
iter 35940: loss 4.0319, time 2714.64ms, mfu 90.57%
iter 35950: loss 4.0623, time 2716.97ms, mfu 90.57%
iter 35960: loss 3.9532, time 2716.02ms, mfu 90.57%
iter 35970: loss 3.9890, time 2717.11ms, mfu 90.57%
iter 35980: loss 4.0347, time 2707.71ms, mfu 90.60%
iter 35990: loss 3.9658, time 2711.98ms, mfu 90.61%
step 36000: train loss 4.0544, val loss 4.0734
saving checkpoint to /net/scratch2/junyuren/nanoGPT-manifold/out-openwebtext-rank99
iter 36000: loss 3.9323, time 17304.55ms, mfu 82.98%
iter 36010: loss 4.0299, time 2703.17ms, mfu 83.78%
iter 36020: loss 3.9259, time 2718.68ms, mfu 84.45%
iter 36030: loss 4.0006, time 2715.47ms, mfu 85.07%
iter 36040: loss 3.9493, time 2713.64ms, mfu 85.63%
iter 36050: loss 4.0196, time 2719.39ms, mfu 86.12%
iter 36060: loss 3.8833, time 2712.25ms, mfu 86.58%
iter 36070: loss 3.9317, time 2720.68ms, mfu 86.97%
iter 36080: loss 3.9581, time 2711.04ms, mfu 87.35%
iter 36090: loss 3.9972, time 2714.61ms, mfu 87.68%
iter 36100: loss 3.9933, time 2712.88ms, mfu 87.98%
iter 36110: loss 3.9398, time 2717.19ms, mfu 88.24%
iter 36120: loss 3.9971, time 2718.14ms, mfu 88.47%
iter 36130: loss 3.9546, time 2715.17ms, mfu 88.68%
iter 36140: loss 3.9158, time 2711.47ms, mfu 88.89%
iter 36150: loss 3.9930, time 2720.63ms, mfu 89.05%
iter 36160: loss 3.9974, time 2708.95ms, mfu 89.23%
iter 36170: loss 3.9163, time 2719.87ms, mfu 89.35%
iter 36180: loss 3.9797, time 2718.47ms, mfu 89.47%
iter 36190: loss 4.1121, time 2703.18ms, mfu 89.62%
iter 36200: loss 3.9247, time 2709.66ms, mfu 89.74%
iter 36210: loss 3.9381, time 2716.73ms, mfu 89.83%
iter 36220: loss 4.0618, time 2713.63ms, mfu 89.91%
iter 36230: loss 3.9980, time 2715.48ms, mfu 89.98%
iter 36240: loss 3.9999, time 2715.59ms, mfu 90.05%
iter 36250: loss 4.0825, time 2718.90ms, mfu 90.09%
iter 36260: loss 4.0468, time 2715.63ms, mfu 90.14%
iter 36270: loss 4.0128, time 2714.89ms, mfu 90.19%
iter 36280: loss 4.0168, time 2712.55ms, mfu 90.25%
iter 36290: loss 4.0353, time 2711.36ms, mfu 90.30%
iter 36300: loss 3.9838, time 2714.93ms, mfu 90.33%
iter 36310: loss 4.0082, time 2709.15ms, mfu 90.38%
iter 36320: loss 3.8334, time 2715.96ms, mfu 90.40%
iter 36330: loss 4.0062, time 2713.00ms, mfu 90.43%
iter 36340: loss 4.0435, time 2710.75ms, mfu 90.47%
iter 36350: loss 4.0705, time 2711.52ms, mfu 90.50%
iter 36360: loss 3.9758, time 2721.38ms, mfu 90.49%
iter 36370: loss 4.0345, time 2719.97ms, mfu 90.49%
iter 36380: loss 3.9965, time 2720.00ms, mfu 90.49%
iter 36390: loss 4.0054, time 2712.98ms, mfu 90.51%
iter 36400: loss 4.0346, time 2712.53ms, mfu 90.53%
iter 36410: loss 4.0297, time 2704.80ms, mfu 90.57%
iter 36420: loss 4.0475, time 2710.29ms, mfu 90.60%
iter 36430: loss 4.0274, time 2712.18ms, mfu 90.61%
iter 36440: loss 3.9757, time 2706.87ms, mfu 90.64%
iter 36450: loss 3.8783, time 2721.05ms, mfu 90.62%
iter 36460: loss 4.0325, time 2710.23ms, mfu 90.64%
iter 36470: loss 4.0351, time 2712.86ms, mfu 90.64%
iter 36480: loss 3.9367, time 2718.89ms, mfu 90.63%
iter 36490: loss 4.0008, time 2711.12ms, mfu 90.64%
iter 36500: loss 3.9243, time 2712.29ms, mfu 90.65%
iter 36510: loss 3.9858, time 2710.63ms, mfu 90.66%
iter 36520: loss 4.0841, time 2705.83ms, mfu 90.69%
iter 36530: loss 4.0380, time 2710.68ms, mfu 90.70%
iter 36540: loss 4.0132, time 2715.40ms, mfu 90.69%
iter 36550: loss 4.0160, time 2714.88ms, mfu 90.69%
iter 36560: loss 4.0441, time 2707.94ms, mfu 90.71%
iter 36570: loss 3.9871, time 2713.48ms, mfu 90.70%
iter 36580: loss 3.9534, time 2714.55ms, mfu 90.70%
iter 36590: loss 4.0030, time 2717.51ms, mfu 90.68%
iter 36600: loss 3.9777, time 2709.72ms, mfu 90.70%
iter 36610: loss 3.9629, time 2715.63ms, mfu 90.69%
iter 36620: loss 4.0378, time 2719.65ms, mfu 90.67%
iter 36630: loss 4.0366, time 2717.22ms, mfu 90.66%
iter 36640: loss 4.0034, time 2713.65ms, mfu 90.66%
iter 36650: loss 4.0299, time 2706.38ms, mfu 90.69%
iter 36660: loss 4.0218, time 2710.16ms, mfu 90.70%
iter 36670: loss 4.0179, time 2706.98ms, mfu 90.72%
iter 36680: loss 3.9829, time 2708.39ms, mfu 90.73%
iter 36690: loss 3.9696, time 2703.13ms, mfu 90.76%
iter 36700: loss 4.0364, time 2706.61ms, mfu 90.78%
iter 36710: loss 4.0783, time 2710.32ms, mfu 90.78%
iter 36720: loss 3.9226, time 2711.13ms, mfu 90.78%
iter 36730: loss 3.9968, time 2709.79ms, mfu 90.78%
iter 36740: loss 3.9577, time 2710.16ms, mfu 90.78%
iter 36750: loss 3.8713, time 2708.17ms, mfu 90.79%
iter 36760: loss 3.9873, time 2710.92ms, mfu 90.79%
iter 36770: loss 4.0455, time 2713.81ms, mfu 90.78%
iter 36780: loss 4.0726, time 2718.30ms, mfu 90.75%
iter 36790: loss 3.9704, time 2712.82ms, mfu 90.75%
iter 36800: loss 3.9953, time 2712.27ms, mfu 90.75%
iter 36810: loss 3.9987, time 2718.67ms, mfu 90.72%
iter 36820: loss 3.9971, time 2708.99ms, mfu 90.73%
iter 36830: loss 4.0450, time 2711.99ms, mfu 90.73%
iter 36840: loss 3.9479, time 2713.82ms, mfu 90.73%
iter 36850: loss 3.9799, time 2709.46ms, mfu 90.74%
iter 36860: loss 3.9882, time 2706.22ms, mfu 90.76%
iter 36870: loss 3.9156, time 2707.60ms, mfu 90.77%
iter 36880: loss 4.0781, time 2714.48ms, mfu 90.76%
iter 36890: loss 3.9944, time 2716.35ms, mfu 90.74%
iter 36900: loss 3.9514, time 2718.64ms, mfu 90.72%
iter 36910: loss 3.9964, time 2715.35ms, mfu 90.71%
iter 36920: loss 4.0423, time 2719.57ms, mfu 90.69%
iter 36930: loss 4.0122, time 2711.97ms, mfu 90.69%
iter 36940: loss 3.9646, time 2716.77ms, mfu 90.68%
iter 36950: loss 4.0384, time 2717.43ms, mfu 90.67%
iter 36960: loss 4.0399, time 2711.09ms, mfu 90.68%
iter 36970: loss 3.9840, time 2717.80ms, mfu 90.66%
iter 36980: loss 3.9615, time 2712.19ms, mfu 90.67%
iter 36990: loss 3.9346, time 2710.46ms, mfu 90.68%
step 37000: train loss 4.1107, val loss 4.1194
saving checkpoint to /net/scratch2/junyuren/nanoGPT-manifold/out-openwebtext-rank99
iter 37000: loss 3.9737, time 17299.11ms, mfu 83.04%
iter 37010: loss 3.9969, time 2705.02ms, mfu 83.83%
iter 37020: loss 3.9609, time 2713.40ms, mfu 84.52%
iter 37030: loss 3.9216, time 2716.00ms, mfu 85.12%
iter 37040: loss 3.9555, time 2717.22ms, mfu 85.67%
iter 37050: loss 3.9703, time 2713.80ms, mfu 86.17%
iter 37060: loss 4.1000, time 2716.31ms, mfu 86.61%
iter 37070: loss 3.9488, time 2715.22ms, mfu 87.01%
iter 37080: loss 3.9690, time 2715.76ms, mfu 87.37%
iter 37090: loss 3.9585, time 2714.37ms, mfu 87.70%
iter 37100: loss 3.8727, time 2723.83ms, mfu 87.97%
iter 37110: loss 3.9477, time 2715.79ms, mfu 88.23%
iter 37120: loss 3.9179, time 2713.31ms, mfu 88.48%
iter 37130: loss 3.9627, time 2709.84ms, mfu 88.71%
iter 37140: loss 3.9489, time 2715.81ms, mfu 88.90%
iter 37150: loss 4.0268, time 2716.07ms, mfu 89.07%
iter 37160: loss 4.0374, time 2715.04ms, mfu 89.23%
iter 37170: loss 4.0558, time 2715.54ms, mfu 89.37%
iter 37180: loss 3.9521, time 2714.29ms, mfu 89.49%
iter 37190: loss 4.0145, time 2711.46ms, mfu 89.62%
iter 37200: loss 3.9282, time 2713.91ms, mfu 89.73%
iter 37210: loss 4.0819, time 2713.95ms, mfu 89.82%
iter 37220: loss 3.9648, time 2714.83ms, mfu 89.90%
iter 37230: loss 3.9138, time 2718.46ms, mfu 89.96%
iter 37240: loss 3.9801, time 2719.56ms, mfu 90.02%
iter 37250: loss 4.0780, time 2713.53ms, mfu 90.08%
iter 37260: loss 3.9105, time 2711.21ms, mfu 90.15%
iter 37270: loss 3.9857, time 2715.33ms, mfu 90.20%
iter 37280: loss 3.9885, time 2715.73ms, mfu 90.24%
iter 37290: loss 4.0082, time 2715.84ms, mfu 90.28%
iter 37300: loss 4.0406, time 2712.00ms, mfu 90.32%
iter 37310: loss 3.9192, time 2721.25ms, mfu 90.33%
iter 37320: loss 3.9001, time 2714.22ms, mfu 90.37%
iter 37330: loss 3.9523, time 2707.54ms, mfu 90.42%
iter 37340: loss 3.9687, time 2710.21ms, mfu 90.46%
iter 37350: loss 4.0930, time 2718.50ms, mfu 90.46%
iter 37360: loss 4.0271, time 2713.98ms, mfu 90.48%
iter 37370: loss 3.9930, time 2707.65ms, mfu 90.52%
iter 37380: loss 3.9426, time 2714.60ms, mfu 90.54%
iter 37390: loss 3.9780, time 2710.29ms, mfu 90.56%
iter 37400: loss 4.0059, time 2711.34ms, mfu 90.58%
iter 37410: loss 3.9961, time 2713.27ms, mfu 90.59%
iter 37420: loss 3.9845, time 2713.17ms, mfu 90.60%
iter 37430: loss 3.8702, time 2715.84ms, mfu 90.60%
iter 37440: loss 3.9863, time 2712.13ms, mfu 90.62%
iter 37450: loss 4.0795, time 2704.34ms, mfu 90.65%
iter 37460: loss 4.0171, time 2712.11ms, mfu 90.66%
iter 37470: loss 3.9716, time 2717.24ms, mfu 90.65%
iter 37480: loss 4.0558, time 2717.29ms, mfu 90.64%
iter 37490: loss 3.9225, time 2716.31ms, mfu 90.64%
iter 37500: loss 4.0228, time 2705.84ms, mfu 90.67%
iter 37510: loss 3.9687, time 2710.67ms, mfu 90.68%
iter 37520: loss 4.0558, time 2712.10ms, mfu 90.68%
iter 37530: loss 3.9256, time 2707.82ms, mfu 90.70%
iter 37540: loss 4.0179, time 2710.34ms, mfu 90.71%
iter 37550: loss 4.0619, time 2709.40ms, mfu 90.72%
iter 37560: loss 3.9827, time 2710.65ms, mfu 90.73%
iter 37570: loss 4.0396, time 2711.22ms, mfu 90.73%
iter 37580: loss 3.8931, time 2716.76ms, mfu 90.72%
iter 37590: loss 4.0195, time 2714.98ms, mfu 90.71%
iter 37600: loss 4.0132, time 2718.72ms, mfu 90.69%
iter 37610: loss 3.9789, time 2715.94ms, mfu 90.68%
iter 37620: loss 3.9433, time 2715.86ms, mfu 90.67%
iter 37630: loss 4.0672, time 2716.27ms, mfu 90.67%
iter 37640: loss 3.9519, time 2711.25ms, mfu 90.68%
iter 37650: loss 3.9329, time 2712.62ms, mfu 90.68%
iter 37660: loss 3.9816, time 2711.69ms, mfu 90.69%
iter 37670: loss 3.9223, time 2712.23ms, mfu 90.69%
iter 37680: loss 3.9961, time 2716.75ms, mfu 90.68%
iter 37690: loss 4.0007, time 2707.20ms, mfu 90.70%
iter 37700: loss 3.9172, time 2712.19ms, mfu 90.70%
iter 37710: loss 3.8753, time 2713.25ms, mfu 90.70%
iter 37720: loss 3.9830, time 2716.68ms, mfu 90.69%
iter 37730: loss 3.9516, time 2719.29ms, mfu 90.67%
iter 37740: loss 4.0034, time 2715.97ms, mfu 90.66%
iter 37750: loss 3.9606, time 2711.34ms, mfu 90.67%
iter 37760: loss 3.9745, time 2706.48ms, mfu 90.70%
iter 37770: loss 4.0070, time 2708.94ms, mfu 90.71%
iter 37780: loss 3.9461, time 2715.13ms, mfu 90.70%
iter 37790: loss 3.9821, time 2711.71ms, mfu 90.71%
iter 37800: loss 4.0550, time 2705.03ms, mfu 90.73%
iter 37810: loss 3.9091, time 2715.95ms, mfu 90.72%
iter 37820: loss 3.9784, time 2712.08ms, mfu 90.72%
iter 37830: loss 3.9699, time 2715.91ms, mfu 90.71%
iter 37840: loss 3.9581, time 2711.43ms, mfu 90.72%
iter 37850: loss 3.9507, time 2707.64ms, mfu 90.73%
iter 37860: loss 4.0424, time 2710.48ms, mfu 90.74%
iter 37870: loss 3.9955, time 2714.66ms, mfu 90.73%
iter 37880: loss 3.9696, time 2712.08ms, mfu 90.73%
iter 37890: loss 3.9661, time 2704.63ms, mfu 90.75%
iter 37900: loss 3.9964, time 2712.90ms, mfu 90.75%
iter 37910: loss 3.9427, time 2714.95ms, mfu 90.74%
iter 37920: loss 3.9628, time 2709.91ms, mfu 90.75%
iter 37930: loss 4.0271, time 2710.10ms, mfu 90.75%
iter 37940: loss 3.9558, time 2711.92ms, mfu 90.75%
iter 37950: loss 3.9665, time 2720.54ms, mfu 90.72%
iter 37960: loss 4.0527, time 2706.82ms, mfu 90.74%
iter 37970: loss 4.0317, time 2713.79ms, mfu 90.73%
iter 37980: loss 3.9654, time 2708.33ms, mfu 90.75%
iter 37990: loss 4.0770, time 2711.72ms, mfu 90.75%
step 38000: train loss 4.0511, val loss 4.0647
saving checkpoint to /net/scratch2/junyuren/nanoGPT-manifold/out-openwebtext-rank99
iter 38000: loss 4.0538, time 17272.16ms, mfu 83.10%
iter 38010: loss 3.9862, time 2709.55ms, mfu 83.87%
iter 38020: loss 3.9671, time 2705.20ms, mfu 84.58%
iter 38030: loss 3.9787, time 2712.60ms, mfu 85.19%
iter 38040: loss 3.9650, time 2718.90ms, mfu 85.72%
iter 38050: loss 3.9126, time 2714.15ms, mfu 86.22%
iter 38060: loss 3.9059, time 2728.65ms, mfu 86.61%
iter 38070: loss 3.9284, time 2712.47ms, mfu 87.02%
iter 38080: loss 4.0044, time 2717.55ms, mfu 87.38%
iter 38090: loss 3.9254, time 2720.24ms, mfu 87.69%
iter 38100: loss 4.0078, time 2710.12ms, mfu 88.00%
iter 38110: loss 4.0292, time 2713.72ms, mfu 88.27%
iter 38120: loss 4.0426, time 2716.37ms, mfu 88.50%
iter 38130: loss 3.8921, time 2720.88ms, mfu 88.69%
iter 38140: loss 3.9332, time 2717.32ms, mfu 88.88%
iter 38150: loss 3.9426, time 2716.28ms, mfu 89.05%
iter 38160: loss 4.0163, time 2721.42ms, mfu 89.19%
iter 38170: loss 3.9405, time 2722.59ms, mfu 89.31%
iter 38180: loss 3.9538, time 2716.03ms, mfu 89.44%
iter 38190: loss 4.0394, time 2713.76ms, mfu 89.56%
iter 38200: loss 3.8748, time 2719.20ms, mfu 89.65%
iter 38210: loss 4.0162, time 2716.01ms, mfu 89.75%
iter 38220: loss 4.0122, time 2711.42ms, mfu 89.85%
iter 38230: loss 3.9469, time 2714.73ms, mfu 89.93%
iter 38240: loss 3.9530, time 2720.11ms, mfu 89.98%
iter 38250: loss 3.8742, time 2718.64ms, mfu 90.04%
iter 38260: loss 3.9661, time 2722.33ms, mfu 90.07%
iter 38270: loss 4.0643, time 2713.25ms, mfu 90.13%
iter 38280: loss 3.8739, time 2711.19ms, mfu 90.20%
iter 38290: loss 4.0341, time 2713.27ms, mfu 90.25%
iter 38300: loss 4.0362, time 2715.65ms, mfu 90.28%
iter 38310: loss 3.9827, time 2718.33ms, mfu 90.31%
iter 38320: loss 4.0668, time 2715.59ms, mfu 90.34%
iter 38330: loss 4.0442, time 2714.81ms, mfu 90.37%
iter 38340: loss 4.0175, time 2713.92ms, mfu 90.40%
iter 38350: loss 4.0625, time 2714.93ms, mfu 90.42%
iter 38360: loss 3.9756, time 2711.25ms, mfu 90.46%
iter 38370: loss 4.0922, time 2720.33ms, mfu 90.46%
iter 38380: loss 4.0026, time 2718.44ms, mfu 90.46%
iter 38390: loss 3.9991, time 2711.30ms, mfu 90.49%
iter 38400: loss 4.0927, time 2717.79ms, mfu 90.50%
iter 38410: loss 3.9544, time 2716.34ms, mfu 90.51%
iter 38420: loss 3.8349, time 2708.26ms, mfu 90.54%
iter 38430: loss 3.9554, time 2711.87ms, mfu 90.56%
iter 38440: loss 3.9926, time 2719.14ms, mfu 90.56%
iter 38450: loss 4.0242, time 2713.69ms, mfu 90.57%
iter 38460: loss 4.0137, time 2715.13ms, mfu 90.57%
iter 38470: loss 3.9090, time 2718.48ms, mfu 90.57%
iter 38480: loss 4.0018, time 2716.95ms, mfu 90.57%
iter 38490: loss 3.9357, time 2714.32ms, mfu 90.58%
iter 38500: loss 3.9459, time 2726.24ms, mfu 90.55%
iter 38510: loss 4.0625, time 2720.34ms, mfu 90.54%
iter 38520: loss 4.0172, time 2717.99ms, mfu 90.54%
iter 38530: loss 3.9794, time 2713.74ms, mfu 90.55%
iter 38540: loss 4.0177, time 2716.14ms, mfu 90.56%
iter 38550: loss 3.9640, time 2715.02ms, mfu 90.56%
iter 38560: loss 3.9902, time 2715.04ms, mfu 90.57%
iter 38570: loss 3.9711, time 2713.89ms, mfu 90.58%
iter 38580: loss 3.9808, time 2721.24ms, mfu 90.57%
iter 38590: loss 4.0154, time 2718.32ms, mfu 90.56%
iter 38600: loss 4.0440, time 2718.88ms, mfu 90.56%
iter 38610: loss 4.0754, time 2718.26ms, mfu 90.55%
iter 38620: loss 3.9336, time 2725.39ms, mfu 90.53%
iter 38630: loss 3.9915, time 2715.47ms, mfu 90.54%
iter 38640: loss 4.0155, time 2712.84ms, mfu 90.55%
iter 38650: loss 3.9669, time 2720.85ms, mfu 90.54%
iter 38660: loss 3.9958, time 2718.38ms, mfu 90.54%
iter 38670: loss 4.0488, time 2717.32ms, mfu 90.54%
iter 38680: loss 3.9773, time 2714.52ms, mfu 90.55%
iter 38690: loss 4.0276, time 2714.34ms, mfu 90.56%
iter 38700: loss 4.0317, time 2722.31ms, mfu 90.55%
iter 38710: loss 4.0113, time 2713.54ms, mfu 90.56%
iter 38720: loss 4.0427, time 2715.93ms, mfu 90.57%
iter 38730: loss 3.8977, time 2715.32ms, mfu 90.57%
iter 38740: loss 3.8536, time 2722.81ms, mfu 90.55%
iter 38750: loss 4.0231, time 2710.36ms, mfu 90.58%
iter 38760: loss 3.9719, time 2716.59ms, mfu 90.58%
iter 38770: loss 4.0895, time 2712.49ms, mfu 90.59%
iter 38780: loss 3.9516, time 2719.53ms, mfu 90.58%
iter 38790: loss 3.9399, time 2723.39ms, mfu 90.56%
iter 38800: loss 3.9480, time 2720.93ms, mfu 90.55%
iter 38810: loss 3.9934, time 2718.59ms, mfu 90.54%
iter 38820: loss 3.9848, time 2716.83ms, mfu 90.55%
iter 38830: loss 3.9482, time 2714.06ms, mfu 90.56%
iter 38840: loss 3.9973, time 2713.18ms, mfu 90.57%
iter 38850: loss 4.0247, time 2713.68ms, mfu 90.58%
iter 38860: loss 3.9959, time 2711.45ms, mfu 90.60%
iter 38870: loss 3.9953, time 2713.67ms, mfu 90.61%
iter 38880: loss 3.9169, time 2712.12ms, mfu 90.62%
iter 38890: loss 4.0384, time 2711.48ms, mfu 90.63%
iter 38900: loss 4.0784, time 2713.80ms, mfu 90.64%
iter 38910: loss 3.9489, time 2714.66ms, mfu 90.64%
iter 38920: loss 3.9664, time 2715.41ms, mfu 90.64%
iter 38930: loss 3.9477, time 2720.79ms, mfu 90.62%
iter 38940: loss 3.9573, time 2714.21ms, mfu 90.62%
iter 38950: loss 4.0409, time 2716.31ms, mfu 90.62%
iter 38960: loss 4.0183, time 2717.46ms, mfu 90.61%
iter 38970: loss 3.9923, time 2720.17ms, mfu 90.60%
iter 38980: loss 3.9620, time 2713.03ms, mfu 90.61%
iter 38990: loss 3.9824, time 2714.34ms, mfu 90.61%
step 39000: train loss 3.8823, val loss 3.8976
saving checkpoint to /net/scratch2/junyuren/nanoGPT-manifold/out-openwebtext-rank99
iter 39000: loss 3.9889, time 17318.90ms, mfu 82.97%
iter 39010: loss 4.0010, time 2712.67ms, mfu 83.75%
iter 39020: loss 3.9481, time 2712.90ms, mfu 84.44%
iter 39030: loss 3.9986, time 2715.36ms, mfu 85.06%
iter 39040: loss 4.0004, time 2719.57ms, mfu 85.60%
iter 39050: loss 3.9890, time 2716.38ms, mfu 86.10%
iter 39060: loss 4.0382, time 2718.69ms, mfu 86.54%
iter 39070: loss 3.9405, time 2719.38ms, mfu 86.94%
iter 39080: loss 3.9707, time 2720.58ms, mfu 87.29%
iter 39090: loss 3.9869, time 2711.25ms, mfu 87.64%
iter 39100: loss 4.0274, time 2715.61ms, mfu 87.93%
iter 39110: loss 3.9562, time 2715.90ms, mfu 88.20%
iter 39120: loss 4.0100, time 2723.43ms, mfu 88.42%
iter 39130: loss 4.1121, time 2718.64ms, mfu 88.63%
iter 39140: loss 3.9078, time 2715.37ms, mfu 88.83%
iter 39150: loss 4.0650, time 2719.90ms, mfu 88.99%
iter 39160: loss 3.9517, time 2721.14ms, mfu 89.14%
iter 39170: loss 3.9434, time 2717.25ms, mfu 89.28%
iter 39180: loss 3.9770, time 2723.66ms, mfu 89.38%
iter 39190: loss 3.9985, time 2713.45ms, mfu 89.52%
iter 39200: loss 4.0236, time 2713.45ms, mfu 89.63%
iter 39210: loss 4.0363, time 2712.03ms, mfu 89.74%
iter 39220: loss 4.0180, time 2755.00ms, mfu 89.70%
iter 39230: loss 3.9938, time 2711.27ms, mfu 89.81%
iter 39240: loss 3.9806, time 2719.66ms, mfu 89.87%
iter 39250: loss 4.0023, time 2717.56ms, mfu 89.94%
iter 39260: loss 3.9625, time 2717.32ms, mfu 90.00%
iter 39270: loss 3.9406, time 2720.61ms, mfu 90.05%
iter 39280: loss 3.9732, time 2721.82ms, mfu 90.08%
iter 39290: loss 3.9541, time 2723.62ms, mfu 90.11%
iter 39300: loss 3.9293, time 2718.06ms, mfu 90.15%
iter 39310: loss 4.0420, time 2718.48ms, mfu 90.19%
iter 39320: loss 3.9540, time 2721.32ms, mfu 90.21%
iter 39330: loss 3.9941, time 2714.22ms, mfu 90.26%
iter 39340: loss 4.0364, time 2713.09ms, mfu 90.30%
iter 39350: loss 3.8918, time 2712.42ms, mfu 90.34%
iter 39360: loss 4.0404, time 2714.03ms, mfu 90.38%
iter 39370: loss 3.9467, time 2715.90ms, mfu 90.40%
iter 39380: loss 4.0295, time 2713.14ms, mfu 90.43%
iter 39390: loss 3.9668, time 2721.02ms, mfu 90.43%
iter 39400: loss 4.0168, time 2720.04ms, mfu 90.43%
iter 39410: loss 4.0370, time 2717.59ms, mfu 90.45%
iter 39420: loss 4.0058, time 2720.87ms, mfu 90.45%
iter 39430: loss 4.0284, time 2714.79ms, mfu 90.46%
iter 39440: loss 4.0320, time 2715.02ms, mfu 90.48%
iter 39450: loss 3.9567, time 2719.85ms, mfu 90.48%
iter 39460: loss 3.9830, time 2714.31ms, mfu 90.50%
iter 39470: loss 4.0770, time 2715.27ms, mfu 90.51%
iter 39480: loss 4.0246, time 2712.55ms, mfu 90.53%
iter 39490: loss 4.0505, time 2718.25ms, mfu 90.53%
iter 39500: loss 3.7818, time 2716.36ms, mfu 90.54%
iter 39510: loss 4.0758, time 2717.79ms, mfu 90.54%
iter 39520: loss 3.9665, time 2718.98ms, mfu 90.53%
iter 39530: loss 4.0163, time 2717.33ms, mfu 90.54%
iter 39540: loss 3.9708, time 2713.56ms, mfu 90.55%
iter 39550: loss 3.9910, time 2715.31ms, mfu 90.56%
iter 39560: loss 3.9863, time 2708.85ms, mfu 90.59%
iter 39570: loss 3.9181, time 2715.31ms, mfu 90.59%
iter 39580: loss 4.0355, time 2711.93ms, mfu 90.61%
iter 39590: loss 4.0089, time 2718.17ms, mfu 90.60%
iter 39600: loss 4.0043, time 2712.34ms, mfu 90.61%
iter 39610: loss 3.8396, time 2716.13ms, mfu 90.61%
iter 39620: loss 3.9857, time 2714.09ms, mfu 90.62%
iter 39630: loss 4.0128, time 2718.86ms, mfu 90.60%
iter 39640: loss 3.9955, time 2722.06ms, mfu 90.58%
iter 39650: loss 3.9795, time 2717.28ms, mfu 90.58%
iter 39660: loss 4.0088, time 2722.69ms, mfu 90.56%
iter 39670: loss 3.9606, time 2717.99ms, mfu 90.56%
iter 39680: loss 4.0225, time 2722.11ms, mfu 90.54%
iter 39690: loss 3.9455, time 2719.84ms, mfu 90.54%
iter 39700: loss 3.9656, time 2721.66ms, mfu 90.52%
iter 39710: loss 3.9458, time 2717.81ms, mfu 90.53%
iter 39720: loss 4.0431, time 2716.61ms, mfu 90.53%
iter 39730: loss 3.9797, time 2723.99ms, mfu 90.51%
iter 39740: loss 3.9973, time 2718.13ms, mfu 90.51%
iter 39750: loss 4.0294, time 2717.01ms, mfu 90.52%
iter 39760: loss 3.9525, time 2721.58ms, mfu 90.51%
iter 39770: loss 4.0179, time 2717.44ms, mfu 90.51%
iter 39780: loss 3.9760, time 2719.91ms, mfu 90.51%
iter 39790: loss 3.9994, time 2717.98ms, mfu 90.51%
iter 39800: loss 4.0615, time 2716.17ms, mfu 90.52%
iter 39810: loss 3.9990, time 2721.29ms, mfu 90.51%
iter 39820: loss 3.9857, time 2718.09ms, mfu 90.51%
iter 39830: loss 3.8864, time 2721.38ms, mfu 90.50%
iter 39840: loss 3.9843, time 2721.55ms, mfu 90.50%
iter 39850: loss 4.0159, time 2721.86ms, mfu 90.49%
iter 39860: loss 4.0122, time 2716.96ms, mfu 90.50%
iter 39870: loss 3.9203, time 2716.32ms, mfu 90.51%
iter 39880: loss 3.9584, time 2717.08ms, mfu 90.51%
iter 39890: loss 4.0178, time 2713.06ms, mfu 90.53%
iter 39900: loss 3.9581, time 2715.60ms, mfu 90.54%
iter 39910: loss 3.9872, time 2711.97ms, mfu 90.56%
iter 39920: loss 3.9493, time 2723.52ms, mfu 90.54%
iter 39930: loss 3.9649, time 2726.51ms, mfu 90.51%
iter 39940: loss 4.0237, time 2717.38ms, mfu 90.51%
iter 39950: loss 4.0042, time 2715.59ms, mfu 90.52%
iter 39960: loss 3.9756, time 2718.86ms, mfu 90.52%
iter 39970: loss 4.0167, time 2718.38ms, mfu 90.52%
iter 39980: loss 3.9877, time 2709.33ms, mfu 90.55%
iter 39990: loss 4.0358, time 2716.39ms, mfu 90.56%
step 40000: train loss 3.9931, val loss 3.9986
saving checkpoint to /net/scratch2/junyuren/nanoGPT-manifold/out-openwebtext-rank99
iter 40000: loss 4.0057, time 17339.10ms, mfu 82.92%
iter 40010: loss 3.9421, time 2713.01ms, mfu 83.70%
iter 40020: loss 3.9882, time 2711.48ms, mfu 84.40%
iter 40030: loss 3.9892, time 2714.29ms, mfu 85.03%
iter 40040: loss 3.9704, time 2716.30ms, mfu 85.59%
iter 40050: loss 3.9389, time 2708.51ms, mfu 86.11%
iter 40060: loss 3.8578, time 2708.67ms, mfu 86.59%
iter 40070: loss 4.0145, time 2714.91ms, mfu 86.99%
iter 40080: loss 3.9932, time 2709.58ms, mfu 87.37%
iter 40090: loss 3.9734, time 2708.72ms, mfu 87.72%
iter 40100: loss 3.9605, time 2710.92ms, mfu 88.03%
iter 40110: loss 3.9833, time 2723.52ms, mfu 88.26%
iter 40120: loss 4.0038, time 2713.13ms, mfu 88.50%
iter 40130: loss 3.9455, time 2711.98ms, mfu 88.73%
iter 40140: loss 4.0652, time 2725.34ms, mfu 88.88%
iter 40150: loss 4.0687, time 2719.37ms, mfu 89.04%
iter 40160: loss 4.0196, time 2713.82ms, mfu 89.21%
iter 40170: loss 3.9079, time 2715.12ms, mfu 89.35%
iter 40180: loss 3.9633, time 2717.58ms, mfu 89.47%
iter 40190: loss 3.9116, time 2713.85ms, mfu 89.59%
iter 40200: loss 4.0111, time 2718.42ms, mfu 89.68%
iter 40210: loss 4.0206, time 2716.55ms, mfu 89.77%
iter 40220: loss 3.9577, time 2714.95ms, mfu 89.86%
iter 40230: loss 3.8822, time 2718.35ms, mfu 89.93%
iter 40240: loss 4.0117, time 2716.83ms, mfu 89.99%
iter 40250: loss 3.9669, time 2713.74ms, mfu 90.06%
iter 40260: loss 4.0693, time 2719.49ms, mfu 90.10%
iter 40270: loss 3.9508, time 2707.99ms, mfu 90.18%
iter 40280: loss 4.0431, time 2710.65ms, mfu 90.24%
iter 40290: loss 4.0094, time 2710.96ms, mfu 90.29%
iter 40300: loss 3.9766, time 2714.65ms, mfu 90.33%
iter 40310: loss 4.0220, time 2718.61ms, mfu 90.35%
iter 40320: loss 3.9959, time 2714.23ms, mfu 90.38%
iter 40330: loss 3.9835, time 2708.65ms, mfu 90.43%
iter 40340: loss 3.9879, time 2713.81ms, mfu 90.45%
iter 40350: loss 3.9636, time 2714.06ms, mfu 90.47%
iter 40360: loss 3.9979, time 2713.13ms, mfu 90.49%
iter 40370: loss 3.9338, time 2713.43ms, mfu 90.51%
iter 40380: loss 3.9115, time 2716.00ms, mfu 90.52%
iter 40390: loss 4.0448, time 2712.03ms, mfu 90.54%
iter 40400: loss 3.9581, time 2716.61ms, mfu 90.55%
iter 40410: loss 4.0050, time 2720.30ms, mfu 90.54%
iter 40420: loss 3.9969, time 2715.12ms, mfu 90.55%
iter 40430: loss 4.0796, time 2712.42ms, mfu 90.57%
iter 40440: loss 3.9968, time 2722.83ms, mfu 90.55%
iter 40450: loss 4.0625, time 2715.61ms, mfu 90.55%
iter 40460: loss 3.9418, time 2718.90ms, mfu 90.55%
iter 40470: loss 3.9349, time 2715.94ms, mfu 90.55%
iter 40480: loss 3.9658, time 2711.18ms, mfu 90.58%
iter 40490: loss 4.0038, time 2717.30ms, mfu 90.57%
iter 40500: loss 4.0462, time 2716.55ms, mfu 90.57%
iter 40510: loss 4.0133, time 2717.60ms, mfu 90.57%
iter 40520: loss 3.9267, time 2711.20ms, mfu 90.59%
iter 40530: loss 3.9571, time 2708.72ms, mfu 90.62%
iter 40540: loss 3.9965, time 2712.22ms, mfu 90.63%
iter 40550: loss 3.9126, time 2716.37ms, mfu 90.62%
iter 40560: loss 3.9204, time 2713.85ms, mfu 90.63%
iter 40570: loss 3.9893, time 2711.18ms, mfu 90.64%
iter 40580: loss 3.9502, time 2719.42ms, mfu 90.63%
iter 40590: loss 4.0297, time 2715.56ms, mfu 90.63%
iter 40600: loss 3.9527, time 2713.17ms, mfu 90.63%
iter 40610: loss 4.0809, time 2716.13ms, mfu 90.63%
iter 40620: loss 3.9496, time 2713.14ms, mfu 90.64%
iter 40630: loss 3.9956, time 2715.72ms, mfu 90.63%
iter 40640: loss 3.9338, time 2718.90ms, mfu 90.62%
iter 40650: loss 3.9599, time 2714.38ms, mfu 90.63%
iter 40660: loss 4.0270, time 2712.49ms, mfu 90.63%
iter 40670: loss 4.0260, time 2716.46ms, mfu 90.63%
iter 40680: loss 4.0256, time 2718.16ms, mfu 90.62%
iter 40690: loss 4.0669, time 2715.11ms, mfu 90.62%
iter 40700: loss 3.9835, time 2720.17ms, mfu 90.61%
iter 40710: loss 3.9938, time 2712.36ms, mfu 90.62%
iter 40720: loss 4.0261, time 2713.67ms, mfu 90.62%
iter 40730: loss 4.0143, time 2716.12ms, mfu 90.62%
iter 40740: loss 3.9222, time 2712.56ms, mfu 90.63%
iter 40750: loss 3.9702, time 2715.27ms, mfu 90.63%
iter 40760: loss 4.0687, time 2708.94ms, mfu 90.65%
iter 40770: loss 4.0953, time 2710.18ms, mfu 90.67%
iter 40780: loss 3.9565, time 2714.57ms, mfu 90.66%
iter 40790: loss 3.9889, time 2718.89ms, mfu 90.65%
iter 40800: loss 3.9592, time 2717.23ms, mfu 90.64%
iter 40810: loss 3.9736, time 2716.12ms, mfu 90.64%
iter 40820: loss 3.9671, time 2716.39ms, mfu 90.63%
iter 40830: loss 3.9914, time 2711.90ms, mfu 90.64%
iter 40840: loss 3.9793, time 2715.70ms, mfu 90.64%
iter 40850: loss 4.0076, time 2717.75ms, mfu 90.63%
iter 40860: loss 3.9932, time 2710.81ms, mfu 90.64%
iter 40870: loss 4.1226, time 2715.56ms, mfu 90.64%
iter 40880: loss 3.9205, time 2713.46ms, mfu 90.65%
iter 40890: loss 4.0331, time 2714.98ms, mfu 90.65%
iter 40900: loss 3.9065, time 2719.17ms, mfu 90.63%
iter 40910: loss 4.0016, time 2715.57ms, mfu 90.63%
iter 40920: loss 4.0002, time 2710.55ms, mfu 90.64%
iter 40930: loss 3.9376, time 2712.97ms, mfu 90.65%
iter 40940: loss 3.9996, time 2715.08ms, mfu 90.65%
iter 40950: loss 3.9316, time 2715.99ms, mfu 90.64%
iter 40960: loss 4.0094, time 2710.44ms, mfu 90.66%
iter 40970: loss 3.9029, time 2712.14ms, mfu 90.67%
iter 40980: loss 3.9626, time 2717.38ms, mfu 90.66%
iter 40990: loss 3.9865, time 2720.31ms, mfu 90.64%
step 41000: train loss 4.0609, val loss 4.0685
saving checkpoint to /net/scratch2/junyuren/nanoGPT-manifold/out-openwebtext-rank99
iter 41000: loss 3.9264, time 17340.46ms, mfu 82.99%
iter 41010: loss 3.9727, time 2716.50ms, mfu 83.75%
iter 41020: loss 3.9579, time 2718.18ms, mfu 84.43%
iter 41030: loss 3.9939, time 2715.67ms, mfu 85.05%
iter 41040: loss 3.9989, time 2720.78ms, mfu 85.59%
iter 41050: loss 3.9071, time 2722.51ms, mfu 86.07%
iter 41060: loss 3.9662, time 2717.61ms, mfu 86.51%
iter 41070: loss 4.0045, time 2712.31ms, mfu 86.94%
iter 41080: loss 3.9856, time 2715.48ms, mfu 87.30%
iter 41090: loss 3.9991, time 2721.23ms, mfu 87.62%
iter 41100: loss 3.9796, time 2717.34ms, mfu 87.91%
iter 41110: loss 3.9348, time 2718.56ms, mfu 88.17%
iter 41120: loss 4.0111, time 2717.69ms, mfu 88.41%
iter 41130: loss 4.0329, time 2712.91ms, mfu 88.64%
iter 41140: loss 3.9267, time 2714.67ms, mfu 88.84%
iter 41150: loss 3.9510, time 2716.11ms, mfu 89.02%
iter 41160: loss 4.0215, time 2722.96ms, mfu 89.15%
iter 41170: loss 4.0171, time 2716.78ms, mfu 89.29%
iter 41180: loss 4.0175, time 2715.28ms, mfu 89.43%
iter 41190: loss 4.0033, time 2717.03ms, mfu 89.54%
iter 41200: loss 4.0140, time 2712.83ms, mfu 89.66%
iter 41210: loss 3.9683, time 2721.46ms, mfu 89.73%
iter 41220: loss 3.9891, time 2714.70ms, mfu 89.83%
iter 41230: loss 3.9772, time 2718.36ms, mfu 89.90%
iter 41240: loss 3.9390, time 2723.51ms, mfu 89.94%
iter 41250: loss 3.9813, time 2713.95ms, mfu 90.01%
iter 41260: loss 3.9839, time 2710.81ms, mfu 90.09%
iter 41270: loss 4.0357, time 2715.66ms, mfu 90.14%
iter 41280: loss 4.0235, time 2716.47ms, mfu 90.19%
iter 41290: loss 3.8948, time 2711.91ms, mfu 90.24%
iter 41300: loss 4.0086, time 2711.58ms, mfu 90.29%
iter 41310: loss 3.9599, time 2714.28ms, mfu 90.33%
iter 41320: loss 3.9952, time 2718.51ms, mfu 90.35%
iter 41330: loss 3.9634, time 2720.30ms, mfu 90.36%
iter 41340: loss 3.9048, time 2710.71ms, mfu 90.40%
iter 41350: loss 4.0175, time 2712.74ms, mfu 90.43%
iter 41360: loss 4.0042, time 2719.94ms, mfu 90.44%
iter 41370: loss 4.0481, time 2718.66ms, mfu 90.44%
iter 41380: loss 3.9972, time 2719.18ms, mfu 90.45%
iter 41390: loss 3.9595, time 2717.53ms, mfu 90.46%
iter 41400: loss 4.0164, time 2716.42ms, mfu 90.47%
iter 41410: loss 3.9916, time 2718.40ms, mfu 90.48%
iter 41420: loss 4.0466, time 2714.82ms, mfu 90.49%
iter 41430: loss 4.0070, time 2716.15ms, mfu 90.50%
iter 41440: loss 3.9111, time 2716.74ms, mfu 90.51%
iter 41450: loss 4.0046, time 2717.76ms, mfu 90.52%
iter 41460: loss 3.8835, time 2717.29ms, mfu 90.52%
iter 41470: loss 3.9761, time 2711.82ms, mfu 90.54%
iter 41480: loss 3.9609, time 2708.41ms, mfu 90.57%
iter 41490: loss 3.9779, time 2711.84ms, mfu 90.59%
iter 41500: loss 3.9728, time 2711.14ms, mfu 90.61%
iter 41510: loss 3.9926, time 2720.04ms, mfu 90.59%
iter 41520: loss 3.9250, time 2711.27ms, mfu 90.61%
iter 41530: loss 3.9837, time 2714.01ms, mfu 90.62%
iter 41540: loss 3.9269, time 2722.80ms, mfu 90.59%
iter 41550: loss 4.0094, time 2714.02ms, mfu 90.60%
iter 41560: loss 4.0129, time 2716.45ms, mfu 90.60%
iter 41570: loss 3.9708, time 2714.84ms, mfu 90.60%
iter 41580: loss 3.9694, time 2716.56ms, mfu 90.60%
iter 41590: loss 3.9732, time 2720.41ms, mfu 90.59%
iter 41600: loss 3.9977, time 2716.95ms, mfu 90.59%
iter 41610: loss 3.9064, time 2717.76ms, mfu 90.58%
iter 41620: loss 3.9709, time 2715.85ms, mfu 90.58%
iter 41630: loss 3.9947, time 2715.10ms, mfu 90.59%
iter 41640: loss 3.9620, time 2723.88ms, mfu 90.56%
iter 41650: loss 3.9203, time 2713.05ms, mfu 90.58%
iter 41660: loss 3.9230, time 2721.59ms, mfu 90.56%
iter 41670: loss 4.0149, time 2711.77ms, mfu 90.58%
iter 41680: loss 4.0652, time 2716.07ms, mfu 90.58%
iter 41690: loss 3.9339, time 2714.67ms, mfu 90.59%
iter 41700: loss 3.9459, time 2720.62ms, mfu 90.57%
iter 41710: loss 3.9608, time 2708.23ms, mfu 90.60%
iter 41720: loss 3.9752, time 2717.38ms, mfu 90.60%
iter 41730: loss 3.9975, time 2718.86ms, mfu 90.59%
iter 41740: loss 4.0207, time 2711.75ms, mfu 90.61%
iter 41750: loss 3.9332, time 2712.22ms, mfu 90.62%
iter 41760: loss 3.9136, time 2717.03ms, mfu 90.61%
iter 41770: loss 3.9306, time 2716.38ms, mfu 90.61%
iter 41780: loss 4.0430, time 2710.30ms, mfu 90.63%
iter 41790: loss 3.9669, time 2715.90ms, mfu 90.63%
iter 41800: loss 4.0390, time 2719.72ms, mfu 90.61%
iter 41810: loss 4.0352, time 2721.63ms, mfu 90.59%
iter 41820: loss 3.9903, time 2711.24ms, mfu 90.61%
iter 41830: loss 4.0148, time 2711.68ms, mfu 90.62%
iter 41840: loss 4.0517, time 2711.06ms, mfu 90.64%
iter 41850: loss 3.9698, time 2713.28ms, mfu 90.64%
iter 41860: loss 3.9828, time 2722.86ms, mfu 90.62%
iter 41870: loss 4.0653, time 2718.43ms, mfu 90.61%
iter 41880: loss 3.9743, time 2716.30ms, mfu 90.61%
iter 41890: loss 3.9064, time 2713.04ms, mfu 90.61%
iter 41900: loss 4.0229, time 2718.10ms, mfu 90.61%
iter 41910: loss 3.9438, time 2719.77ms, mfu 90.59%
iter 41920: loss 4.0191, time 2715.47ms, mfu 90.60%
iter 41930: loss 3.8396, time 2711.74ms, mfu 90.61%
iter 41940: loss 4.0458, time 2716.82ms, mfu 90.61%
iter 41950: loss 3.9323, time 2714.23ms, mfu 90.61%
iter 41960: loss 4.0670, time 2721.13ms, mfu 90.60%
iter 41970: loss 3.9713, time 2712.45ms, mfu 90.61%
iter 41980: loss 3.9925, time 2722.09ms, mfu 90.59%
iter 41990: loss 3.9236, time 2710.39ms, mfu 90.61%
step 42000: train loss 3.9835, val loss 3.9928
saving checkpoint to /net/scratch2/junyuren/nanoGPT-manifold/out-openwebtext-rank99
iter 42000: loss 3.9488, time 17401.73ms, mfu 82.96%
iter 42010: loss 4.0323, time 2715.36ms, mfu 83.73%
iter 42020: loss 3.9186, time 2710.47ms, mfu 84.43%
iter 42030: loss 3.9584, time 2717.06ms, mfu 85.05%
iter 42040: loss 3.9870, time 2713.99ms, mfu 85.61%
iter 42050: loss 3.9603, time 2716.52ms, mfu 86.11%
iter 42060: loss 3.9803, time 2710.33ms, mfu 86.58%
iter 42070: loss 4.0107, time 2720.41ms, mfu 86.96%
iter 42080: loss 4.0001, time 2717.62ms, mfu 87.32%
iter 42090: loss 3.9795, time 2710.44ms, mfu 87.67%
iter 42100: loss 4.0723, time 2720.78ms, mfu 87.95%
iter 42110: loss 4.0431, time 2718.73ms, mfu 88.20%
iter 42120: loss 3.9644, time 2717.80ms, mfu 88.44%
iter 42130: loss 3.9083, time 2716.66ms, mfu 88.65%
iter 42140: loss 4.0133, time 2711.24ms, mfu 88.86%
iter 42150: loss 3.9635, time 2713.04ms, mfu 89.05%
iter 42160: loss 3.9681, time 2718.55ms, mfu 89.19%
iter 42170: loss 3.9600, time 2722.31ms, mfu 89.31%
iter 42180: loss 3.9779, time 2710.13ms, mfu 89.46%
iter 42190: loss 4.0012, time 2714.59ms, mfu 89.58%
iter 42200: loss 3.9802, time 2721.52ms, mfu 89.66%
iter 42210: loss 3.9246, time 2712.56ms, mfu 89.77%
iter 42220: loss 4.0072, time 2712.40ms, mfu 89.87%
iter 42230: loss 3.9743, time 2719.69ms, mfu 89.93%
iter 42240: loss 3.9801, time 2719.20ms, mfu 89.98%
iter 42250: loss 4.0436, time 2719.47ms, mfu 90.03%
iter 42260: loss 3.9121, time 2710.93ms, mfu 90.11%
iter 42270: loss 3.9710, time 2711.23ms, mfu 90.17%
iter 42280: loss 4.0290, time 2720.71ms, mfu 90.20%
iter 42290: loss 4.0120, time 2712.30ms, mfu 90.25%
iter 42300: loss 3.9478, time 2713.88ms, mfu 90.30%
iter 42310: loss 4.0078, time 2718.48ms, mfu 90.32%
iter 42320: loss 3.8944, time 2717.79ms, mfu 90.34%
iter 42330: loss 3.9720, time 2712.60ms, mfu 90.38%
iter 42340: loss 3.9995, time 2719.36ms, mfu 90.39%
iter 42350: loss 3.9807, time 2715.82ms, mfu 90.41%
iter 42360: loss 4.0005, time 2714.66ms, mfu 90.43%
iter 42370: loss 3.9863, time 2717.63ms, mfu 90.45%
iter 42380: loss 3.9632, time 2716.78ms, mfu 90.46%
iter 42390: loss 3.9873, time 2715.75ms, mfu 90.47%
iter 42400: loss 3.9603, time 2717.34ms, mfu 90.48%
iter 42410: loss 3.9552, time 2717.65ms, mfu 90.49%
iter 42420: loss 3.9705, time 2714.71ms, mfu 90.50%
iter 42430: loss 4.0525, time 2713.04ms, mfu 90.52%
iter 42440: loss 3.9921, time 2720.28ms, mfu 90.52%
iter 42450: loss 3.9749, time 2723.84ms, mfu 90.50%
iter 42460: loss 3.9618, time 2711.67ms, mfu 90.53%
iter 42470: loss 3.9597, time 2721.26ms, mfu 90.52%
iter 42480: loss 3.9593, time 2719.15ms, mfu 90.51%
iter 42490: loss 3.9667, time 2710.89ms, mfu 90.54%
iter 42500: loss 3.9700, time 2715.77ms, mfu 90.55%
iter 42510: loss 4.0183, time 2720.21ms, mfu 90.54%
iter 42520: loss 3.9733, time 2714.99ms, mfu 90.55%
iter 42530: loss 3.9476, time 2713.58ms, mfu 90.56%
iter 42540: loss 3.9655, time 2720.57ms, mfu 90.55%
iter 42550: loss 4.0227, time 2719.95ms, mfu 90.54%
iter 42560: loss 3.9890, time 2713.91ms, mfu 90.56%
iter 42570: loss 3.9094, time 2716.41ms, mfu 90.56%
iter 42580: loss 3.9433, time 2720.63ms, mfu 90.55%
iter 42590: loss 3.9879, time 2723.75ms, mfu 90.53%
iter 42600: loss 4.0020, time 2716.95ms, mfu 90.53%
iter 42610: loss 3.9653, time 2722.84ms, mfu 90.52%
iter 42620: loss 3.9945, time 2712.04ms, mfu 90.54%
iter 42630: loss 3.9623, time 2716.29ms, mfu 90.54%
iter 42640: loss 3.9818, time 2718.37ms, mfu 90.54%
iter 42650: loss 3.9133, time 2714.99ms, mfu 90.55%
iter 42660: loss 3.9474, time 2712.64ms, mfu 90.57%
iter 42670: loss 4.0086, time 2715.37ms, mfu 90.57%
iter 42680: loss 4.0553, time 2721.19ms, mfu 90.56%
iter 42690: loss 3.9532, time 2715.51ms, mfu 90.56%
iter 42700: loss 4.0304, time 2711.36ms, mfu 90.58%
iter 42710: loss 4.0206, time 2716.77ms, mfu 90.58%
iter 42720: loss 4.0202, time 2716.60ms, mfu 90.58%
iter 42730: loss 3.9591, time 2719.59ms, mfu 90.57%
iter 42740: loss 3.9487, time 2712.94ms, mfu 90.59%
iter 42750: loss 3.9717, time 2720.17ms, mfu 90.57%
iter 42760: loss 3.8810, time 2724.56ms, mfu 90.55%
iter 42770: loss 4.0018, time 2714.61ms, mfu 90.56%
iter 42780: loss 4.0069, time 2721.57ms, mfu 90.54%
iter 42790: loss 4.0208, time 2724.03ms, mfu 90.52%
iter 42800: loss 3.9633, time 2719.45ms, mfu 90.52%
iter 42810: loss 3.9270, time 2719.07ms, mfu 90.52%
iter 42820: loss 4.0004, time 2718.53ms, mfu 90.52%
iter 42830: loss 4.0238, time 2718.30ms, mfu 90.52%
iter 42840: loss 3.9953, time 2715.64ms, mfu 90.53%
iter 42850: loss 3.9280, time 2716.25ms, mfu 90.54%
iter 42860: loss 3.9989, time 2723.72ms, mfu 90.52%
iter 42870: loss 3.9538, time 2724.55ms, mfu 90.50%
iter 42880: loss 3.9399, time 2712.31ms, mfu 90.52%
iter 42890: loss 3.9356, time 2718.45ms, mfu 90.52%
iter 42900: loss 3.9273, time 2725.03ms, mfu 90.50%
iter 42910: loss 4.0694, time 2714.73ms, mfu 90.51%
iter 42920: loss 3.9748, time 2720.49ms, mfu 90.51%
iter 42930: loss 4.0186, time 2722.55ms, mfu 90.49%
iter 42940: loss 4.0663, time 2714.00ms, mfu 90.51%
iter 42950: loss 3.9260, time 2712.89ms, mfu 90.53%
iter 42960: loss 4.0453, time 2717.22ms, mfu 90.53%
iter 42970: loss 4.0219, time 2715.34ms, mfu 90.54%
iter 42980: loss 4.0462, time 2712.33ms, mfu 90.56%
iter 42990: loss 3.9733, time 2716.75ms, mfu 90.56%
step 43000: train loss 4.0188, val loss 4.0318
saving checkpoint to /net/scratch2/junyuren/nanoGPT-manifold/out-openwebtext-rank99
iter 43000: loss 4.0099, time 17320.30ms, mfu 82.93%
iter 43010: loss 3.9988, time 2719.17ms, mfu 83.68%
iter 43020: loss 3.9106, time 2720.73ms, mfu 84.36%
iter 43030: loss 3.9325, time 2713.71ms, mfu 84.99%
iter 43040: loss 3.9678, time 2719.38ms, mfu 85.54%
iter 43050: loss 4.0478, time 2716.57ms, mfu 86.05%
iter 43060: loss 3.9544, time 2710.81ms, mfu 86.52%
iter 43070: loss 3.9326, time 2713.39ms, mfu 86.94%
iter 43080: loss 3.9963, time 2714.19ms, mfu 87.31%
iter 43090: loss 3.9995, time 2716.67ms, mfu 87.64%
iter 43100: loss 3.9744, time 2717.95ms, mfu 87.93%
iter 43110: loss 4.0157, time 2713.52ms, mfu 88.20%
iter 43120: loss 4.0031, time 2714.34ms, mfu 88.45%
iter 43130: loss 4.1355, time 2720.69ms, mfu 88.65%
iter 43140: loss 4.0204, time 2721.75ms, mfu 88.82%
iter 43150: loss 3.9371, time 2726.70ms, mfu 88.97%
iter 43160: loss 3.9432, time 2719.76ms, mfu 89.12%
iter 43170: loss 3.9480, time 2723.53ms, mfu 89.24%
iter 43180: loss 3.9403, time 2721.10ms, mfu 89.36%
iter 43190: loss 4.0793, time 2717.35ms, mfu 89.48%
iter 43200: loss 4.0170, time 2716.50ms, mfu 89.59%
iter 43210: loss 4.0237, time 2715.64ms, mfu 89.69%
iter 43220: loss 3.9287, time 2715.43ms, mfu 89.79%
iter 43230: loss 4.0456, time 2718.92ms, mfu 89.86%
iter 43240: loss 3.9176, time 2715.78ms, mfu 89.93%
iter 43250: loss 3.9924, time 2719.16ms, mfu 89.99%
iter 43260: loss 3.9729, time 2712.39ms, mfu 90.06%
iter 43270: loss 4.0102, time 2715.42ms, mfu 90.12%
iter 43280: loss 4.0156, time 2711.75ms, mfu 90.18%
iter 43290: loss 3.9770, time 2716.26ms, mfu 90.22%
iter 43300: loss 3.9601, time 2714.36ms, mfu 90.27%
iter 43310: loss 3.9149, time 2721.34ms, mfu 90.28%
iter 43320: loss 4.0042, time 2717.43ms, mfu 90.31%
iter 43330: loss 4.0311, time 2710.24ms, mfu 90.36%
iter 43340: loss 3.9851, time 2712.00ms, mfu 90.40%
iter 43350: loss 3.9882, time 2716.82ms, mfu 90.41%
iter 43360: loss 4.0001, time 2714.59ms, mfu 90.44%
iter 43370: loss 3.9578, time 2718.80ms, mfu 90.44%
iter 43380: loss 3.9014, time 2717.30ms, mfu 90.46%
iter 43390: loss 3.8872, time 2715.11ms, mfu 90.47%
iter 43400: loss 3.9356, time 2722.85ms, mfu 90.46%
iter 43410: loss 3.9416, time 2713.53ms, mfu 90.49%
iter 43420: loss 4.0987, time 2713.05ms, mfu 90.51%
iter 43430: loss 3.9626, time 2715.42ms, mfu 90.52%
iter 43440: loss 4.0235, time 2719.50ms, mfu 90.52%
iter 43450: loss 4.0026, time 2712.31ms, mfu 90.54%
iter 43460: loss 4.0132, time 2716.12ms, mfu 90.54%
iter 43470: loss 3.9127, time 2720.87ms, mfu 90.53%
iter 43480: loss 4.0015, time 2720.71ms, mfu 90.52%
iter 43490: loss 4.0227, time 2715.89ms, mfu 90.53%
iter 43500: loss 3.9283, time 2716.04ms, mfu 90.54%
iter 43510: loss 4.0481, time 2715.97ms, mfu 90.55%
iter 43520: loss 3.9605, time 2722.42ms, mfu 90.53%
iter 43530: loss 3.8709, time 2718.58ms, mfu 90.53%
iter 43540: loss 3.9835, time 2717.33ms, mfu 90.53%
iter 43550: loss 4.0654, time 2710.77ms, mfu 90.56%
iter 43560: loss 3.9993, time 2719.49ms, mfu 90.55%
iter 43570: loss 3.9374, time 2711.19ms, mfu 90.57%
iter 43580: loss 4.0486, time 2715.22ms, mfu 90.58%
iter 43590: loss 3.9672, time 2714.63ms, mfu 90.58%
iter 43600: loss 3.9393, time 2709.22ms, mfu 90.61%
iter 43610: loss 3.9975, time 2721.04ms, mfu 90.59%
iter 43620: loss 4.1125, time 2714.51ms, mfu 90.60%
iter 43630: loss 3.9689, time 2722.08ms, mfu 90.58%
iter 43640: loss 3.9982, time 2715.68ms, mfu 90.58%
iter 43650: loss 3.8925, time 2718.70ms, mfu 90.57%
iter 43660: loss 3.9624, time 2716.90ms, mfu 90.57%
iter 43670: loss 4.0183, time 2718.79ms, mfu 90.57%
iter 43680: loss 3.9351, time 2722.01ms, mfu 90.55%
iter 43690: loss 4.0059, time 2721.50ms, mfu 90.54%
iter 43700: loss 3.8550, time 2722.55ms, mfu 90.52%
iter 43710: loss 4.0206, time 2719.48ms, mfu 90.52%
iter 43720: loss 3.9761, time 2730.75ms, mfu 90.48%
iter 43730: loss 4.0317, time 2715.13ms, mfu 90.49%
iter 43740: loss 3.9860, time 2713.83ms, mfu 90.51%
iter 43750: loss 3.9750, time 2715.80ms, mfu 90.52%
iter 43760: loss 3.9309, time 2718.03ms, mfu 90.52%
iter 43770: loss 3.9182, time 2719.84ms, mfu 90.52%
iter 43780: loss 3.9711, time 2722.17ms, mfu 90.51%
iter 43790: loss 3.8809, time 2721.19ms, mfu 90.50%
iter 43800: loss 3.9962, time 2726.33ms, mfu 90.47%
iter 43810: loss 3.9457, time 2713.57ms, mfu 90.50%
iter 43820: loss 3.9609, time 2722.05ms, mfu 90.49%
iter 43830: loss 4.0201, time 2713.23ms, mfu 90.51%
iter 43840: loss 3.9554, time 2722.34ms, mfu 90.50%
iter 43850: loss 3.9956, time 2711.85ms, mfu 90.52%
iter 43860: loss 3.9889, time 2715.32ms, mfu 90.53%
iter 43870: loss 3.9335, time 2719.73ms, mfu 90.53%
iter 43880: loss 4.0727, time 2719.32ms, mfu 90.52%
iter 43890: loss 4.0249, time 2713.14ms, mfu 90.54%
iter 43900: loss 3.9898, time 2717.74ms, mfu 90.54%
iter 43910: loss 4.0853, time 2718.20ms, mfu 90.54%
iter 43920: loss 3.9911, time 2725.44ms, mfu 90.51%
iter 43930: loss 3.9286, time 2713.51ms, mfu 90.53%
iter 43940: loss 3.9441, time 2714.49ms, mfu 90.54%
iter 43950: loss 3.9171, time 2719.46ms, mfu 90.54%
iter 43960: loss 4.0496, time 2722.58ms, mfu 90.52%
iter 43970: loss 3.9408, time 2721.17ms, mfu 90.51%
iter 43980: loss 3.8937, time 2718.60ms, mfu 90.51%
iter 43990: loss 3.9170, time 2720.18ms, mfu 90.51%
step 44000: train loss 4.1002, val loss 4.1076
saving checkpoint to /net/scratch2/junyuren/nanoGPT-manifold/out-openwebtext-rank99
iter 44000: loss 4.0716, time 18000.51ms, mfu 82.82%
iter 44010: loss 3.9799, time 2708.69ms, mfu 83.63%
iter 44020: loss 4.0088, time 2718.16ms, mfu 84.32%
iter 44030: loss 3.8978, time 2714.18ms, mfu 84.95%
iter 44040: loss 4.0188, time 2708.20ms, mfu 85.54%
iter 44050: loss 4.0165, time 2719.09ms, mfu 86.04%
iter 44060: loss 3.9230, time 2717.91ms, mfu 86.49%
iter 44070: loss 4.0185, time 2719.28ms, mfu 86.89%
iter 44080: loss 4.0388, time 2717.17ms, mfu 87.26%
iter 44090: loss 3.9334, time 2720.74ms, mfu 87.58%
iter 44100: loss 3.9040, time 2722.38ms, mfu 87.86%
iter 44110: loss 3.9629, time 2711.06ms, mfu 88.15%
iter 44120: loss 3.9306, time 2709.72ms, mfu 88.41%
iter 44130: loss 4.0021, time 2714.99ms, mfu 88.64%
iter 44140: loss 4.0533, time 2711.32ms, mfu 88.85%
iter 44150: loss 3.9202, time 2711.71ms, mfu 89.04%
iter 44160: loss 3.9232, time 2715.54ms, mfu 89.20%
iter 44170: loss 3.9841, time 2713.18ms, mfu 89.35%
iter 44180: loss 3.9619, time 2723.08ms, mfu 89.45%
iter 44190: loss 3.9299, time 2719.85ms, mfu 89.55%
iter 44200: loss 3.9494, time 2722.02ms, mfu 89.64%
iter 44210: loss 3.9506, time 2712.58ms, mfu 89.74%
iter 44220: loss 3.9928, time 2721.90ms, mfu 89.81%
iter 44230: loss 3.9477, time 2724.30ms, mfu 89.86%
iter 44240: loss 3.9744, time 2728.14ms, mfu 89.90%
iter 44250: loss 3.9940, time 2709.38ms, mfu 89.99%
iter 44260: loss 3.9417, time 2719.18ms, mfu 90.04%
iter 44270: loss 3.9436, time 2719.00ms, mfu 90.09%
iter 44280: loss 3.8854, time 2713.77ms, mfu 90.15%
iter 44290: loss 3.9128, time 2715.59ms, mfu 90.19%
iter 44300: loss 3.9595, time 2717.79ms, mfu 90.23%
iter 44310: loss 3.9551, time 2712.81ms, mfu 90.28%
iter 44320: loss 4.0203, time 2720.26ms, mfu 90.29%
iter 44330: loss 4.0294, time 2717.53ms, mfu 90.32%
iter 44340: loss 3.9574, time 2712.93ms, mfu 90.36%
iter 44350: loss 3.9373, time 2718.19ms, mfu 90.38%
iter 44360: loss 3.9720, time 2715.90ms, mfu 90.40%
iter 44370: loss 3.9848, time 2714.68ms, mfu 90.42%
iter 44380: loss 4.0893, time 2713.55ms, mfu 90.45%
iter 44390: loss 3.9934, time 2716.11ms, mfu 90.46%
iter 44400: loss 3.9083, time 2713.16ms, mfu 90.49%
iter 44410: loss 3.9709, time 2712.96ms, mfu 90.51%
iter 44420: loss 3.9354, time 2710.74ms, mfu 90.54%
iter 44430: loss 4.0466, time 2710.56ms, mfu 90.56%
iter 44440: loss 3.9891, time 2718.92ms, mfu 90.56%
iter 44450: loss 3.9974, time 2719.66ms, mfu 90.55%
iter 44460: loss 3.9313, time 2718.92ms, mfu 90.54%
iter 44470: loss 3.9354, time 2713.13ms, mfu 90.56%
iter 44480: loss 3.8727, time 2716.72ms, mfu 90.56%
iter 44490: loss 4.0043, time 2723.94ms, mfu 90.54%
iter 44500: loss 3.9319, time 2713.02ms, mfu 90.56%
iter 44510: loss 4.0318, time 2725.63ms, mfu 90.53%
iter 44520: loss 3.9673, time 2725.37ms, mfu 90.50%
iter 44530: loss 3.9597, time 2715.69ms, mfu 90.52%
iter 44540: loss 4.0343, time 2715.10ms, mfu 90.53%
iter 44550: loss 3.9617, time 2719.51ms, mfu 90.52%
iter 44560: loss 3.9235, time 2713.38ms, mfu 90.54%
iter 44570: loss 3.9573, time 2715.31ms, mfu 90.55%
iter 44580: loss 3.9735, time 2710.52ms, mfu 90.57%
iter 44590: loss 3.9507, time 2709.78ms, mfu 90.60%
iter 44600: loss 3.9797, time 2718.04ms, mfu 90.59%
iter 44610: loss 4.1036, time 2710.27ms, mfu 90.61%
iter 44620: loss 4.0616, time 2710.78ms, mfu 90.63%
iter 44630: loss 4.0184, time 2720.39ms, mfu 90.61%
iter 44640: loss 4.0791, time 2718.10ms, mfu 90.60%
iter 44650: loss 3.9779, time 2721.45ms, mfu 90.58%
iter 44660: loss 3.8486, time 2717.81ms, mfu 90.58%
iter 44670: loss 3.9404, time 2716.57ms, mfu 90.58%
iter 44680: loss 3.9187, time 2712.69ms, mfu 90.59%
iter 44690: loss 3.9875, time 2714.29ms, mfu 90.60%
iter 44700: loss 4.0290, time 2719.90ms, mfu 90.59%
iter 44710: loss 4.0197, time 2721.73ms, mfu 90.57%
iter 44720: loss 3.9163, time 2719.08ms, mfu 90.56%
iter 44730: loss 4.0127, time 2714.50ms, mfu 90.57%
iter 44740: loss 3.9908, time 3096.11ms, mfu 89.46%
iter 44750: loss 3.9611, time 2713.77ms, mfu 89.58%
iter 44760: loss 3.9293, time 2710.95ms, mfu 89.70%
iter 44770: loss 4.0698, time 2718.72ms, mfu 89.78%
iter 44780: loss 3.9894, time 2709.32ms, mfu 89.89%
iter 44790: loss 3.9832, time 2712.90ms, mfu 89.97%
iter 44800: loss 3.9712, time 2720.18ms, mfu 90.02%
iter 44810: loss 3.9304, time 2718.57ms, mfu 90.07%
iter 44820: loss 4.0565, time 2715.47ms, mfu 90.12%
iter 44830: loss 3.9755, time 2720.97ms, mfu 90.16%
iter 44840: loss 3.9710, time 2715.04ms, mfu 90.20%
iter 44850: loss 4.0605, time 2716.56ms, mfu 90.24%
iter 44860: loss 4.0406, time 2716.17ms, mfu 90.28%
iter 44870: loss 4.0175, time 2719.70ms, mfu 90.30%
iter 44880: loss 3.9938, time 2708.71ms, mfu 90.35%
iter 44890: loss 3.9055, time 2720.72ms, mfu 90.36%
iter 44900: loss 3.9496, time 2719.88ms, mfu 90.37%
iter 44910: loss 3.9848, time 2712.17ms, mfu 90.41%
iter 44920: loss 3.9584, time 2724.22ms, mfu 90.40%
iter 44930: loss 3.9672, time 2724.57ms, mfu 90.39%
iter 44940: loss 4.0114, time 2714.18ms, mfu 90.42%
iter 44950: loss 3.9596, time 2713.55ms, mfu 90.45%
iter 44960: loss 3.9311, time 2719.92ms, mfu 90.45%
iter 44970: loss 4.0176, time 2719.28ms, mfu 90.45%
iter 44980: loss 3.9992, time 2724.72ms, mfu 90.44%
iter 44990: loss 3.9586, time 2710.14ms, mfu 90.48%
step 45000: train loss 4.0266, val loss 4.0332
saving checkpoint to /net/scratch2/junyuren/nanoGPT-manifold/out-openwebtext-rank99
iter 45000: loss 4.0754, time 17595.83ms, mfu 82.83%
iter 45010: loss 4.0484, time 2717.00ms, mfu 83.60%
iter 45020: loss 4.0389, time 2715.76ms, mfu 84.30%
iter 45030: loss 3.9335, time 2715.96ms, mfu 84.93%
iter 45040: loss 4.0442, time 2715.79ms, mfu 85.50%
iter 45050: loss 3.9847, time 2717.09ms, mfu 86.01%
iter 45060: loss 4.0000, time 2720.55ms, mfu 86.45%
iter 45070: loss 4.0577, time 2721.76ms, mfu 86.85%
iter 45080: loss 3.9964, time 2713.40ms, mfu 87.23%
iter 45090: loss 4.0344, time 2719.08ms, mfu 87.56%
iter 45100: loss 4.0526, time 2718.88ms, mfu 87.85%
iter 45110: loss 4.0269, time 2717.30ms, mfu 88.12%
iter 45120: loss 4.0080, time 2719.33ms, mfu 88.36%
iter 45130: loss 3.9171, time 2718.71ms, mfu 88.58%
iter 45140: loss 3.9973, time 2713.89ms, mfu 88.79%
iter 45150: loss 3.9859, time 2718.85ms, mfu 88.96%
iter 45160: loss 3.9970, time 2720.09ms, mfu 89.11%
iter 45170: loss 4.0355, time 2716.25ms, mfu 89.26%
iter 45180: loss 3.9826, time 2719.27ms, mfu 89.38%
iter 45190: loss 3.9973, time 2722.23ms, mfu 89.48%
iter 45200: loss 3.8825, time 2722.54ms, mfu 89.57%
iter 45210: loss 3.9495, time 2718.35ms, mfu 89.67%
iter 45220: loss 3.9196, time 2716.21ms, mfu 89.76%
iter 45230: loss 4.0289, time 2714.68ms, mfu 89.85%
iter 45240: loss 3.9703, time 2715.17ms, mfu 89.93%
iter 45250: loss 3.9414, time 2722.26ms, mfu 89.97%
iter 45260: loss 3.9535, time 2720.67ms, mfu 90.02%
iter 45270: loss 3.9863, time 2713.98ms, mfu 90.09%
iter 45280: loss 3.9317, time 2717.57ms, mfu 90.13%
iter 45290: loss 4.0405, time 2710.60ms, mfu 90.20%
iter 45300: loss 3.8947, time 2719.24ms, mfu 90.23%
iter 45310: loss 3.9472, time 2722.17ms, mfu 90.24%
iter 45320: loss 3.9957, time 2720.86ms, mfu 90.26%
iter 45330: loss 3.9797, time 2721.92ms, mfu 90.28%
iter 45340: loss 3.9450, time 2718.64ms, mfu 90.30%
iter 45350: loss 3.9866, time 2719.28ms, mfu 90.32%
iter 45360: loss 3.9820, time 2719.91ms, mfu 90.34%
iter 45370: loss 3.9834, time 2717.91ms, mfu 90.36%
iter 45380: loss 3.9663, time 2718.19ms, mfu 90.37%
iter 45390: loss 3.9735, time 2717.59ms, mfu 90.39%
iter 45400: loss 3.9557, time 2718.43ms, mfu 90.40%
iter 45410: loss 4.0085, time 2720.35ms, mfu 90.41%
iter 45420: loss 3.8822, time 2712.88ms, mfu 90.44%
iter 45430: loss 3.9184, time 2716.36ms, mfu 90.45%
iter 45440: loss 3.9406, time 2719.38ms, mfu 90.46%
iter 45450: loss 4.0268, time 2723.40ms, mfu 90.45%
iter 45460: loss 3.8408, time 2719.43ms, mfu 90.45%
iter 45470: loss 3.9262, time 2716.77ms, mfu 90.46%
iter 45480: loss 3.9963, time 2714.06ms, mfu 90.48%
iter 45490: loss 3.9653, time 2720.76ms, mfu 90.48%
iter 45500: loss 4.0135, time 2713.83ms, mfu 90.50%
iter 45510: loss 3.9016, time 2717.43ms, mfu 90.51%
iter 45520: loss 3.9842, time 2718.52ms, mfu 90.51%
iter 45530: loss 3.9811, time 2716.60ms, mfu 90.51%
iter 45540: loss 3.9474, time 2711.79ms, mfu 90.54%
iter 45550: loss 3.9729, time 2716.78ms, mfu 90.54%
iter 45560: loss 3.9983, time 2721.37ms, mfu 90.53%
iter 45570: loss 3.9547, time 2713.63ms, mfu 90.54%
iter 45580: loss 3.9761, time 2720.55ms, mfu 90.54%
iter 45590: loss 3.8957, time 2721.27ms, mfu 90.52%
iter 45600: loss 4.0060, time 2718.72ms, mfu 90.52%
iter 45610: loss 3.9579, time 2717.31ms, mfu 90.53%
iter 45620: loss 3.9733, time 2719.19ms, mfu 90.52%
iter 45630: loss 3.9559, time 2718.98ms, mfu 90.52%
iter 45640: loss 3.9969, time 2721.44ms, mfu 90.51%
iter 45650: loss 3.9943, time 2715.10ms, mfu 90.52%
iter 45660: loss 3.9928, time 2726.32ms, mfu 90.50%
iter 45670: loss 4.0248, time 2718.36ms, mfu 90.50%
iter 45680: loss 3.9289, time 2718.48ms, mfu 90.50%
iter 45690: loss 4.0617, time 2716.08ms, mfu 90.51%
iter 45700: loss 3.9856, time 2722.13ms, mfu 90.50%
iter 45710: loss 3.9066, time 2719.61ms, mfu 90.50%
iter 45720: loss 4.1100, time 2714.55ms, mfu 90.51%
iter 45730: loss 3.9628, time 2720.17ms, mfu 90.51%
iter 45740: loss 3.8970, time 2718.52ms, mfu 90.51%
iter 45750: loss 3.9167, time 2711.09ms, mfu 90.54%
iter 45760: loss 3.9295, time 2709.55ms, mfu 90.56%
iter 45770: loss 4.0297, time 2717.96ms, mfu 90.56%
iter 45780: loss 4.0268, time 2713.35ms, mfu 90.57%
iter 45790: loss 3.9601, time 2717.60ms, mfu 90.57%
iter 45800: loss 3.9284, time 2714.77ms, mfu 90.58%
iter 45810: loss 3.9653, time 2715.48ms, mfu 90.58%
iter 45820: loss 4.0285, time 2715.43ms, mfu 90.59%
iter 45830: loss 3.9249, time 2715.23ms, mfu 90.59%
iter 45840: loss 3.9198, time 2713.00ms, mfu 90.60%
iter 45850: loss 4.0033, time 2716.07ms, mfu 90.60%
iter 45860: loss 4.0025, time 2722.45ms, mfu 90.58%
iter 45870: loss 3.9874, time 2712.53ms, mfu 90.59%
iter 45880: loss 3.9436, time 2722.17ms, mfu 90.57%
iter 45890: loss 3.9843, time 2717.16ms, mfu 90.57%
iter 45900: loss 4.0312, time 2712.20ms, mfu 90.59%
iter 45910: loss 3.9569, time 2719.64ms, mfu 90.58%
iter 45920: loss 4.0033, time 2707.19ms, mfu 90.61%
iter 45930: loss 3.9674, time 2718.96ms, mfu 90.60%
iter 45940: loss 3.9942, time 2725.74ms, mfu 90.57%
iter 45950: loss 3.9058, time 2713.50ms, mfu 90.58%
iter 45960: loss 3.9068, time 2715.52ms, mfu 90.58%
iter 45970: loss 4.0192, time 2713.29ms, mfu 90.59%
iter 45980: loss 4.0699, time 2720.42ms, mfu 90.58%
iter 45990: loss 3.9952, time 2711.73ms, mfu 90.60%
step 46000: train loss 3.9731, val loss 3.9888
saving checkpoint to /net/scratch2/junyuren/nanoGPT-manifold/out-openwebtext-rank99
iter 46000: loss 3.9783, time 17709.47ms, mfu 82.93%
iter 46010: loss 3.9751, time 2713.71ms, mfu 83.70%
iter 46020: loss 3.8566, time 2714.78ms, mfu 84.40%
iter 46030: loss 3.9641, time 2714.61ms, mfu 85.02%
iter 46040: loss 4.0136, time 2712.23ms, mfu 85.59%
iter 46050: loss 4.0531, time 2718.89ms, mfu 86.08%
iter 46060: loss 3.8406, time 2714.79ms, mfu 86.54%
iter 46070: loss 3.9778, time 2726.97ms, mfu 86.91%
iter 46080: loss 4.0712, time 2713.16ms, mfu 87.29%
iter 46090: loss 3.9122, time 2722.21ms, mfu 87.60%
iter 46100: loss 3.8637, time 2719.59ms, mfu 87.89%
iter 46110: loss 4.0018, time 2716.14ms, mfu 88.16%
iter 46120: loss 4.0494, time 2712.60ms, mfu 88.41%
iter 46130: loss 3.8728, time 2719.93ms, mfu 88.62%
iter 46140: loss 3.9262, time 2717.95ms, mfu 88.81%
iter 46150: loss 3.8543, time 2715.77ms, mfu 88.99%
iter 46160: loss 4.0364, time 2723.72ms, mfu 89.13%
iter 46170: loss 3.9974, time 2719.76ms, mfu 89.26%
iter 46180: loss 3.9060, time 2723.61ms, mfu 89.37%
iter 46190: loss 3.8995, time 2714.28ms, mfu 89.50%
iter 46200: loss 3.9520, time 2717.54ms, mfu 89.61%
iter 46210: loss 4.0080, time 2712.25ms, mfu 89.72%
iter 46220: loss 3.9712, time 2714.76ms, mfu 89.81%
iter 46230: loss 4.0416, time 2723.77ms, mfu 89.86%
iter 46240: loss 3.9734, time 2717.29ms, mfu 89.93%
iter 46250: loss 3.9986, time 2721.42ms, mfu 89.98%
iter 46260: loss 3.9823, time 2709.23ms, mfu 90.07%
iter 46270: loss 3.9970, time 2718.86ms, mfu 90.11%
iter 46280: loss 3.9182, time 2718.06ms, mfu 90.15%
iter 46290: loss 3.9613, time 2717.18ms, mfu 90.19%
iter 46300: loss 3.8954, time 2720.91ms, mfu 90.22%
iter 46310: loss 3.9561, time 2714.98ms, mfu 90.26%
iter 46320: loss 3.8612, time 2718.50ms, mfu 90.29%
iter 46330: loss 3.9965, time 2719.88ms, mfu 90.31%
iter 46340: loss 3.9486, time 2714.50ms, mfu 90.34%
iter 46350: loss 3.9446, time 2726.37ms, mfu 90.33%
iter 46360: loss 4.0202, time 2716.66ms, mfu 90.36%
iter 46370: loss 4.0623, time 2715.20ms, mfu 90.38%
iter 46380: loss 3.9779, time 2714.43ms, mfu 90.41%
iter 46390: loss 4.0377, time 2713.68ms, mfu 90.44%
iter 46400: loss 3.8707, time 2714.06ms, mfu 90.46%
iter 46410: loss 4.0221, time 2714.98ms, mfu 90.48%
iter 46420: loss 4.0137, time 2721.29ms, mfu 90.47%
iter 46430: loss 3.9676, time 2723.20ms, mfu 90.46%
iter 46440: loss 3.9263, time 2718.02ms, mfu 90.47%
iter 46450: loss 4.0964, time 2722.92ms, mfu 90.46%
iter 46460: loss 4.0359, time 2719.50ms, mfu 90.46%
iter 46470: loss 4.0495, time 2710.44ms, mfu 90.50%
iter 46480: loss 3.9503, time 2718.14ms, mfu 90.50%
iter 46490: loss 3.9159, time 2721.49ms, mfu 90.49%
iter 46500: loss 4.0035, time 2715.77ms, mfu 90.50%
iter 46510: loss 3.9423, time 2718.95ms, mfu 90.50%
iter 46520: loss 3.9408, time 2716.47ms, mfu 90.51%
iter 46530: loss 4.0766, time 2710.56ms, mfu 90.54%
iter 46540: loss 3.9468, time 2705.30ms, mfu 90.58%
iter 46550: loss 3.9998, time 2710.68ms, mfu 90.60%
iter 46560: loss 3.9044, time 2716.31ms, mfu 90.60%
iter 46570: loss 4.0579, time 2721.86ms, mfu 90.58%
iter 46580: loss 4.0090, time 2724.49ms, mfu 90.55%
iter 46590: loss 4.0625, time 2716.08ms, mfu 90.56%
iter 46600: loss 3.9463, time 2715.96ms, mfu 90.56%
iter 46610: loss 4.0151, time 2712.19ms, mfu 90.58%
iter 46620: loss 4.1156, time 2719.36ms, mfu 90.57%
iter 46630: loss 4.0949, time 2719.39ms, mfu 90.56%
iter 46640: loss 3.9089, time 2723.04ms, mfu 90.54%
iter 46650: loss 3.9674, time 2714.97ms, mfu 90.55%
iter 46660: loss 3.9838, time 2725.57ms, mfu 90.53%
iter 46670: loss 3.9778, time 2713.14ms, mfu 90.54%
iter 46680: loss 3.9544, time 2716.23ms, mfu 90.55%
iter 46690: loss 4.0654, time 2719.13ms, mfu 90.54%
iter 46700: loss 4.0375, time 2714.51ms, mfu 90.55%
iter 46710: loss 3.9707, time 2708.79ms, mfu 90.58%
iter 46720: loss 3.9847, time 2722.48ms, mfu 90.56%
iter 46730: loss 3.9529, time 2717.24ms, mfu 90.56%
iter 46740: loss 3.9884, time 2719.87ms, mfu 90.55%
iter 46750: loss 4.0129, time 2715.59ms, mfu 90.56%
iter 46760: loss 3.9925, time 2709.92ms, mfu 90.59%
iter 46770: loss 3.9001, time 2713.27ms, mfu 90.60%
iter 46780: loss 3.9549, time 2722.32ms, mfu 90.58%
iter 46790: loss 4.0195, time 2713.55ms, mfu 90.59%
iter 46800: loss 3.9019, time 2721.15ms, mfu 90.57%
iter 46810: loss 3.9481, time 2716.66ms, mfu 90.57%
iter 46820: loss 4.0003, time 2721.75ms, mfu 90.56%
iter 46830: loss 3.9470, time 2716.62ms, mfu 90.56%
iter 46840: loss 3.8858, time 2719.58ms, mfu 90.55%
iter 46850: loss 3.9836, time 2719.84ms, mfu 90.54%
iter 46860: loss 3.9490, time 2716.15ms, mfu 90.55%
iter 46870: loss 3.9943, time 2717.73ms, mfu 90.55%
iter 46880: loss 3.9758, time 2710.85ms, mfu 90.57%
iter 46890: loss 4.0104, time 2716.23ms, mfu 90.57%
iter 46900: loss 4.0215, time 2711.27ms, mfu 90.59%
iter 46910: loss 4.0004, time 2715.43ms, mfu 90.60%
iter 46920: loss 3.9623, time 2715.84ms, mfu 90.60%
iter 46930: loss 3.9965, time 2723.26ms, mfu 90.57%
iter 46940: loss 3.9616, time 2718.91ms, mfu 90.57%
iter 46950: loss 3.9879, time 2711.29ms, mfu 90.59%
iter 46960: loss 3.9295, time 2714.34ms, mfu 90.59%
iter 46970: loss 3.9880, time 2717.57ms, mfu 90.59%
iter 46980: loss 4.0107, time 2719.05ms, mfu 90.58%
iter 46990: loss 4.0019, time 2713.88ms, mfu 90.59%
step 47000: train loss 4.1933, val loss 4.2060
saving checkpoint to /net/scratch2/junyuren/nanoGPT-manifold/out-openwebtext-rank99
iter 47000: loss 3.9500, time 17405.79ms, mfu 82.94%
iter 47010: loss 3.9666, time 2714.42ms, mfu 83.72%
iter 47020: loss 3.9666, time 2713.97ms, mfu 84.41%
iter 47030: loss 3.9413, time 2711.77ms, mfu 85.04%
iter 47040: loss 4.0293, time 2720.26ms, mfu 85.59%
iter 47050: loss 3.9760, time 2718.31ms, mfu 86.08%
iter 47060: loss 4.1018, time 2712.42ms, mfu 86.54%
iter 47070: loss 3.9045, time 2721.16ms, mfu 86.93%
iter 47080: loss 4.0161, time 2709.72ms, mfu 87.32%
iter 47090: loss 3.9947, time 2716.07ms, mfu 87.65%
iter 47100: loss 3.9678, time 2712.83ms, mfu 87.95%
iter 47110: loss 3.8510, time 2711.89ms, mfu 88.23%
iter 47120: loss 3.9813, time 2720.85ms, mfu 88.45%
iter 47130: loss 3.9432, time 2715.08ms, mfu 88.67%
iter 47140: loss 4.0107, time 2713.81ms, mfu 88.87%
iter 47150: loss 4.0035, time 2709.38ms, mfu 89.07%
iter 47160: loss 3.9064, time 2713.87ms, mfu 89.23%
iter 47170: loss 3.9873, time 2718.55ms, mfu 89.36%
iter 47180: loss 4.0280, time 2718.68ms, mfu 89.47%
iter 47190: loss 4.0130, time 2717.14ms, mfu 89.58%
iter 47200: loss 4.0046, time 2718.13ms, mfu 89.68%
iter 47210: loss 3.9406, time 2715.93ms, mfu 89.77%
iter 47220: loss 3.9901, time 2720.85ms, mfu 89.84%
iter 47230: loss 3.9317, time 2714.40ms, mfu 89.92%
iter 47240: loss 3.9778, time 2720.03ms, mfu 89.97%
iter 47250: loss 3.8949, time 2722.60ms, mfu 90.01%
iter 47260: loss 3.9870, time 2718.78ms, mfu 90.06%
iter 47270: loss 3.9950, time 2709.99ms, mfu 90.14%
iter 47280: loss 4.0125, time 2721.58ms, mfu 90.17%
iter 47290: loss 4.0163, time 2714.28ms, mfu 90.22%
iter 47300: loss 3.9568, time 2725.48ms, mfu 90.22%
iter 47310: loss 3.9377, time 2720.32ms, mfu 90.25%
iter 47320: loss 4.0388, time 2712.47ms, mfu 90.29%
iter 47330: loss 3.9975, time 2719.71ms, mfu 90.31%
iter 47340: loss 4.0240, time 2719.31ms, mfu 90.33%
iter 47350: loss 4.0271, time 2720.92ms, mfu 90.34%
iter 47360: loss 4.0279, time 2716.06ms, mfu 90.37%
iter 47370: loss 3.9037, time 2717.83ms, mfu 90.38%
iter 47380: loss 3.9367, time 2713.79ms, mfu 90.41%
iter 47390: loss 3.9358, time 2717.53ms, mfu 90.43%
iter 47400: loss 3.9321, time 2717.77ms, mfu 90.44%
iter 47410: loss 3.9319, time 2717.31ms, mfu 90.45%
iter 47420: loss 4.0062, time 2711.77ms, mfu 90.48%
iter 47430: loss 4.0318, time 2711.12ms, mfu 90.51%
iter 47440: loss 4.0832, time 2712.08ms, mfu 90.53%
iter 47450: loss 4.0080, time 2716.55ms, mfu 90.54%
iter 47460: loss 4.0566, time 2715.38ms, mfu 90.55%
iter 47470: loss 3.9633, time 2708.18ms, mfu 90.58%
iter 47480: loss 4.0523, time 2714.27ms, mfu 90.59%
iter 47490: loss 3.9630, time 2714.39ms, mfu 90.59%
iter 47500: loss 4.0022, time 2711.37ms, mfu 90.61%
iter 47510: loss 4.0413, time 2721.02ms, mfu 90.59%
iter 47520: loss 3.9159, time 2717.74ms, mfu 90.59%
iter 47530: loss 3.9581, time 2716.96ms, mfu 90.59%
iter 47540: loss 3.9203, time 2715.92ms, mfu 90.59%
iter 47550: loss 4.0520, time 2719.14ms, mfu 90.58%
iter 47560: loss 4.0004, time 2712.74ms, mfu 90.59%
iter 47570: loss 3.9492, time 2713.58ms, mfu 90.60%
iter 47580: loss 3.9244, time 2712.58ms, mfu 90.61%
iter 47590: loss 4.0029, time 2710.36ms, mfu 90.63%
iter 47600: loss 3.9750, time 2718.77ms, mfu 90.62%
iter 47610: loss 4.0208, time 2720.30ms, mfu 90.60%
iter 47620: loss 4.0194, time 2715.72ms, mfu 90.60%
iter 47630: loss 3.9392, time 2719.77ms, mfu 90.59%
iter 47640: loss 3.9949, time 2722.19ms, mfu 90.57%
iter 47650: loss 4.0099, time 2714.07ms, mfu 90.58%
iter 47660: loss 4.0049, time 2729.14ms, mfu 90.54%
iter 47670: loss 3.9762, time 2716.39ms, mfu 90.54%
iter 47680: loss 4.0003, time 2717.29ms, mfu 90.55%
iter 47690: loss 3.9756, time 2718.66ms, mfu 90.54%
iter 47700: loss 4.0209, time 2715.66ms, mfu 90.55%
iter 47710: loss 3.9587, time 2723.24ms, mfu 90.53%
iter 47720: loss 3.9839, time 2713.90ms, mfu 90.55%
iter 47730: loss 4.0272, time 2718.17ms, mfu 90.54%
iter 47740: loss 3.9495, time 2716.30ms, mfu 90.55%
iter 47750: loss 3.9887, time 2714.66ms, mfu 90.56%
iter 47760: loss 3.8942, time 2719.09ms, mfu 90.55%
iter 47770: loss 3.8852, time 2712.43ms, mfu 90.57%
iter 47780: loss 4.0168, time 2718.43ms, mfu 90.56%
iter 47790: loss 4.0530, time 2712.34ms, mfu 90.58%
iter 47800: loss 3.9066, time 2714.01ms, mfu 90.59%
iter 47810: loss 3.9321, time 2716.12ms, mfu 90.59%
iter 47820: loss 4.0233, time 2713.31ms, mfu 90.60%
iter 47830: loss 3.8515, time 2716.09ms, mfu 90.60%
iter 47840: loss 3.9166, time 2717.78ms, mfu 90.60%
iter 47850: loss 3.9865, time 2712.39ms, mfu 90.61%
iter 47860: loss 3.9418, time 2720.85ms, mfu 90.59%
iter 47870: loss 3.9244, time 2720.33ms, mfu 90.58%
iter 47880: loss 4.0231, time 2721.37ms, mfu 90.56%
iter 47890: loss 3.9560, time 2718.75ms, mfu 90.56%
iter 47900: loss 4.0916, time 2716.08ms, mfu 90.56%
iter 47910: loss 3.9444, time 2714.93ms, mfu 90.57%
iter 47920: loss 4.0024, time 2710.29ms, mfu 90.59%
iter 47930: loss 3.9187, time 2712.74ms, mfu 90.60%
iter 47940: loss 4.1292, time 2719.99ms, mfu 90.59%
iter 47950: loss 3.9718, time 2714.30ms, mfu 90.60%
iter 47960: loss 4.0443, time 2718.45ms, mfu 90.59%
iter 47970: loss 4.0147, time 2714.83ms, mfu 90.59%
iter 47980: loss 3.8670, time 2719.83ms, mfu 90.58%
iter 47990: loss 4.0066, time 2708.69ms, mfu 90.61%
step 48000: train loss 4.1196, val loss 4.1213
saving checkpoint to /net/scratch2/junyuren/nanoGPT-manifold/out-openwebtext-rank99
iter 48000: loss 3.9682, time 17377.98ms, mfu 82.96%
iter 48010: loss 3.9826, time 2713.24ms, mfu 83.74%
iter 48020: loss 4.0274, time 2712.25ms, mfu 84.44%
iter 48030: loss 3.8644, time 2717.94ms, mfu 85.05%
iter 48040: loss 3.9987, time 2720.79ms, mfu 85.59%
iter 48050: loss 3.9035, time 2717.47ms, mfu 86.08%
iter 48060: loss 4.0083, time 2714.66ms, mfu 86.54%
iter 48070: loss 3.9786, time 2712.69ms, mfu 86.96%
iter 48080: loss 3.8744, time 2720.87ms, mfu 87.31%
iter 48090: loss 4.0362, time 2716.91ms, mfu 87.63%
iter 48100: loss 3.9864, time 2718.04ms, mfu 87.92%
iter 48110: loss 3.9973, time 2721.22ms, mfu 88.17%
iter 48120: loss 3.9711, time 2717.81ms, mfu 88.41%
iter 48130: loss 3.9360, time 2716.45ms, mfu 88.63%
iter 48140: loss 3.9207, time 2719.10ms, mfu 88.81%
iter 48150: loss 3.9714, time 2714.21ms, mfu 89.00%
iter 48160: loss 3.9692, time 2721.05ms, mfu 89.14%
iter 48170: loss 4.0120, time 2723.72ms, mfu 89.26%
iter 48180: loss 4.0335, time 2726.91ms, mfu 89.36%
iter 48190: loss 4.0541, time 2720.21ms, mfu 89.47%
iter 48200: loss 4.0283, time 2723.83ms, mfu 89.56%
iter 48210: loss 3.9214, time 2718.28ms, mfu 89.66%
iter 48220: loss 3.9276, time 2717.86ms, mfu 89.74%
iter 48230: loss 3.9676, time 2719.04ms, mfu 89.82%
iter 48240: loss 4.0023, time 2717.01ms, mfu 89.89%
iter 48250: loss 3.9722, time 2713.14ms, mfu 89.97%
iter 48260: loss 3.9440, time 2715.81ms, mfu 90.04%
iter 48270: loss 3.9250, time 2715.12ms, mfu 90.10%
iter 48280: loss 4.0648, time 2716.30ms, mfu 90.15%
iter 48290: loss 4.0458, time 2719.59ms, mfu 90.18%
iter 48300: loss 4.0392, time 2717.10ms, mfu 90.22%
iter 48310: loss 3.8432, time 2720.85ms, mfu 90.24%
iter 48320: loss 3.9437, time 2723.34ms, mfu 90.25%
iter 48330: loss 3.9303, time 2711.50ms, mfu 90.30%
iter 48340: loss 3.9128, time 2709.43ms, mfu 90.36%
iter 48350: loss 3.9893, time 2715.39ms, mfu 90.38%
iter 48360: loss 3.9908, time 2721.17ms, mfu 90.39%
iter 48370: loss 4.0206, time 2716.48ms, mfu 90.41%
iter 48380: loss 3.8622, time 2717.13ms, mfu 90.42%
iter 48390: loss 3.9578, time 2718.52ms, mfu 90.43%
iter 48400: loss 3.9230, time 2720.12ms, mfu 90.44%
iter 48410: loss 3.9484, time 2710.95ms, mfu 90.47%
iter 48420: loss 4.0181, time 2719.87ms, mfu 90.47%
iter 48430: loss 4.0317, time 2709.15ms, mfu 90.51%
iter 48440: loss 4.0019, time 2714.51ms, mfu 90.52%
iter 48450: loss 3.9767, time 2717.81ms, mfu 90.52%
iter 48460: loss 3.9696, time 2717.69ms, mfu 90.53%
iter 48470: loss 4.0068, time 2717.52ms, mfu 90.53%
iter 48480: loss 3.9981, time 2718.08ms, mfu 90.53%
iter 48490: loss 3.9464, time 2714.68ms, mfu 90.54%
iter 48500: loss 3.8328, time 2722.16ms, mfu 90.53%
iter 48510: loss 3.9087, time 2723.04ms, mfu 90.51%
iter 48520: loss 3.9614, time 2720.50ms, mfu 90.50%
iter 48530: loss 4.0030, time 2719.30ms, mfu 90.50%
iter 48540: loss 3.9654, time 2715.71ms, mfu 90.51%
iter 48550: loss 3.9420, time 2715.02ms, mfu 90.53%
iter 48560: loss 3.9371, time 2712.62ms, mfu 90.55%
iter 48570: loss 4.0339, time 2710.86ms, mfu 90.57%
iter 48580: loss 3.9823, time 2720.92ms, mfu 90.56%
iter 48590: loss 3.9290, time 2717.98ms, mfu 90.55%
iter 48600: loss 4.0122, time 2710.40ms, mfu 90.58%
iter 48610: loss 3.9854, time 2718.92ms, mfu 90.57%
iter 48620: loss 3.9652, time 2715.76ms, mfu 90.57%
iter 48630: loss 3.9293, time 2716.14ms, mfu 90.58%
iter 48640: loss 4.0085, time 2722.05ms, mfu 90.56%
iter 48650: loss 4.0903, time 2720.73ms, mfu 90.55%
iter 48660: loss 4.0177, time 2716.72ms, mfu 90.55%
iter 48670: loss 3.9228, time 2718.60ms, mfu 90.55%
iter 48680: loss 3.9832, time 2711.66ms, mfu 90.57%
iter 48690: loss 3.9735, time 2717.26ms, mfu 90.57%
iter 48700: loss 3.9593, time 2718.94ms, mfu 90.56%
iter 48710: loss 4.1009, time 2717.02ms, mfu 90.56%
iter 48720: loss 4.0726, time 2715.89ms, mfu 90.57%
iter 48730: loss 3.9630, time 2713.51ms, mfu 90.58%
iter 48740: loss 3.9931, time 2717.11ms, mfu 90.58%
iter 48750: loss 3.9184, time 2715.91ms, mfu 90.58%
iter 48760: loss 3.8581, time 2714.83ms, mfu 90.59%
iter 48770: loss 3.9577, time 2715.85ms, mfu 90.59%
iter 48780: loss 3.9320, time 2719.23ms, mfu 90.58%
iter 48790: loss 3.9789, time 2716.23ms, mfu 90.58%
iter 48800: loss 3.9856, time 2719.08ms, mfu 90.57%
iter 48810: loss 3.8777, time 2721.15ms, mfu 90.56%
iter 48820: loss 3.9684, time 2720.52ms, mfu 90.55%
iter 48830: loss 3.9606, time 2715.72ms, mfu 90.55%
iter 48840: loss 4.0624, time 2716.09ms, mfu 90.56%
iter 48850: loss 3.9999, time 2716.64ms, mfu 90.56%
iter 48860: loss 3.9988, time 2720.12ms, mfu 90.55%
iter 48870: loss 3.8982, time 2722.26ms, mfu 90.54%
iter 48880: loss 3.9603, time 2718.52ms, mfu 90.53%
iter 48890: loss 3.9327, time 2720.31ms, mfu 90.53%
iter 48900: loss 3.9933, time 2711.77ms, mfu 90.55%
iter 48910: loss 3.9969, time 2721.91ms, mfu 90.53%
iter 48920: loss 3.9991, time 2725.34ms, mfu 90.51%
iter 48930: loss 3.9721, time 2717.29ms, mfu 90.51%
iter 48940: loss 3.9994, time 2716.43ms, mfu 90.52%
iter 48950: loss 3.9349, time 2716.40ms, mfu 90.53%
iter 48960: loss 3.9120, time 2712.88ms, mfu 90.55%
iter 48970: loss 3.9620, time 2721.98ms, mfu 90.53%
iter 48980: loss 3.9880, time 2717.46ms, mfu 90.53%
iter 48990: loss 3.9637, time 2711.20ms, mfu 90.56%
step 49000: train loss 4.1791, val loss 4.1797
saving checkpoint to /net/scratch2/junyuren/nanoGPT-manifold/out-openwebtext-rank99
iter 49000: loss 3.8885, time 17385.18ms, mfu 82.92%
iter 49010: loss 3.9282, time 2718.68ms, mfu 83.68%
iter 49020: loss 3.9709, time 2721.27ms, mfu 84.35%
iter 49030: loss 3.9977, time 2716.99ms, mfu 84.97%
iter 49040: loss 3.9981, time 2718.29ms, mfu 85.53%
iter 49050: loss 3.9548, time 2717.79ms, mfu 86.03%
iter 49060: loss 4.0234, time 2713.22ms, mfu 86.50%
iter 49070: loss 3.8011, time 2716.65ms, mfu 86.91%
iter 49080: loss 3.9762, time 2716.52ms, mfu 87.27%
iter 49090: loss 3.8636, time 2721.97ms, mfu 87.59%
iter 49100: loss 4.0326, time 2720.35ms, mfu 87.87%
iter 49110: loss 3.9625, time 2713.85ms, mfu 88.15%
iter 49120: loss 3.9533, time 2725.47ms, mfu 88.37%
iter 49130: loss 3.9260, time 2714.64ms, mfu 88.60%
iter 49140: loss 3.9594, time 2713.16ms, mfu 88.81%
iter 49150: loss 4.0118, time 2710.87ms, mfu 89.00%
iter 49160: loss 3.9763, time 2719.24ms, mfu 89.15%
iter 49170: loss 4.0353, time 2719.83ms, mfu 89.28%
iter 49180: loss 3.9941, time 2714.88ms, mfu 89.42%
iter 49190: loss 3.9970, time 2718.76ms, mfu 89.53%
iter 49200: loss 3.8993, time 2715.09ms, mfu 89.64%
iter 49210: loss 3.9586, time 2722.52ms, mfu 89.71%
iter 49220: loss 3.9994, time 2719.58ms, mfu 89.79%
iter 49230: loss 3.9890, time 2714.31ms, mfu 89.88%
iter 49240: loss 3.9966, time 2715.33ms, mfu 89.95%
iter 49250: loss 3.9760, time 2713.64ms, mfu 90.03%
iter 49260: loss 3.9548, time 2713.41ms, mfu 90.09%
iter 49270: loss 3.9213, time 2713.18ms, mfu 90.15%
iter 49280: loss 3.8995, time 2715.77ms, mfu 90.20%
iter 49290: loss 4.0201, time 2714.71ms, mfu 90.24%
iter 49300: loss 3.8931, time 2719.30ms, mfu 90.27%
iter 49310: loss 4.0478, time 2717.03ms, mfu 90.30%
iter 49320: loss 3.9530, time 2719.33ms, mfu 90.32%
iter 49330: loss 4.0388, time 2714.95ms, mfu 90.35%
iter 49340: loss 3.9681, time 2714.89ms, mfu 90.38%
iter 49350: loss 3.9243, time 2717.57ms, mfu 90.40%
iter 49360: loss 4.0122, time 2711.51ms, mfu 90.43%
iter 49370: loss 3.9678, time 2719.47ms, mfu 90.44%
iter 49380: loss 3.9028, time 2715.81ms, mfu 90.45%
iter 49390: loss 3.9816, time 2717.14ms, mfu 90.47%
iter 49400: loss 3.9200, time 2717.10ms, mfu 90.48%
iter 49410: loss 3.9493, time 2713.17ms, mfu 90.50%
iter 49420: loss 4.0180, time 2720.55ms, mfu 90.49%
iter 49430: loss 3.9316, time 2714.79ms, mfu 90.51%
iter 49440: loss 3.8950, time 2716.93ms, mfu 90.51%
iter 49450: loss 3.9501, time 2711.97ms, mfu 90.54%
iter 49460: loss 4.0262, time 2722.56ms, mfu 90.52%
iter 49470: loss 4.0082, time 2721.12ms, mfu 90.51%
iter 49480: loss 3.9076, time 2713.92ms, mfu 90.53%
iter 49490: loss 4.0398, time 2718.44ms, mfu 90.53%
iter 49500: loss 3.9495, time 2721.04ms, mfu 90.52%
iter 49510: loss 4.1290, time 2716.51ms, mfu 90.53%
iter 49520: loss 4.0248, time 2714.37ms, mfu 90.54%
iter 49530: loss 4.0146, time 2721.63ms, mfu 90.53%
iter 49540: loss 3.9867, time 2714.24ms, mfu 90.54%
iter 49550: loss 3.9326, time 2718.61ms, mfu 90.54%
iter 49560: loss 3.9649, time 2716.75ms, mfu 90.54%
iter 49570: loss 4.0129, time 2711.63ms, mfu 90.56%
iter 49580: loss 3.9747, time 2712.06ms, mfu 90.58%
iter 49590: loss 3.9472, time 2718.54ms, mfu 90.57%
iter 49600: loss 3.9298, time 2718.57ms, mfu 90.57%
iter 49610: loss 3.9044, time 2715.19ms, mfu 90.57%
iter 49620: loss 3.9760, time 2718.75ms, mfu 90.57%
iter 49630: loss 4.0187, time 2714.67ms, mfu 90.58%
iter 49640: loss 3.9332, time 2713.18ms, mfu 90.59%
iter 49650: loss 3.9838, time 2714.32ms, mfu 90.59%
iter 49660: loss 3.9640, time 2722.13ms, mfu 90.58%
iter 49670: loss 4.0605, time 2715.05ms, mfu 90.58%
iter 49680: loss 4.0200, time 2721.74ms, mfu 90.56%
iter 49690: loss 3.9644, time 2714.31ms, mfu 90.57%
iter 49700: loss 3.9117, time 2721.79ms, mfu 90.56%
iter 49710: loss 3.8945, time 2718.30ms, mfu 90.55%
iter 49720: loss 3.9489, time 2722.21ms, mfu 90.54%
iter 49730: loss 3.9745, time 2714.34ms, mfu 90.55%
iter 49740: loss 4.0155, time 2714.35ms, mfu 90.56%
iter 49750: loss 3.9933, time 2715.20ms, mfu 90.57%
iter 49760: loss 3.9228, time 2713.50ms, mfu 90.58%
iter 49770: loss 3.9703, time 2717.35ms, mfu 90.58%
iter 49780: loss 3.9694, time 2710.45ms, mfu 90.60%
iter 49790: loss 3.9575, time 2716.74ms, mfu 90.60%
iter 49800: loss 4.0032, time 2720.49ms, mfu 90.58%
iter 49810: loss 4.0322, time 2715.57ms, mfu 90.59%
iter 49820: loss 3.9616, time 2718.33ms, mfu 90.58%
iter 49830: loss 3.9186, time 2718.92ms, mfu 90.57%
iter 49840: loss 3.9626, time 2718.50ms, mfu 90.57%
iter 49850: loss 3.9727, time 2709.38ms, mfu 90.59%
iter 49860: loss 3.9349, time 2717.94ms, mfu 90.59%
iter 49870: loss 4.0063, time 2720.16ms, mfu 90.57%
iter 49880: loss 4.0134, time 2721.77ms, mfu 90.56%
iter 49890: loss 3.9643, time 2716.88ms, mfu 90.56%
iter 49900: loss 3.9271, time 2718.99ms, mfu 90.55%
iter 49910: loss 3.9549, time 2719.89ms, mfu 90.55%
iter 49920: loss 4.0248, time 2720.67ms, mfu 90.54%
iter 49930: loss 4.0227, time 2724.30ms, mfu 90.52%
iter 49940: loss 3.8585, time 2720.07ms, mfu 90.51%
iter 49950: loss 3.9348, time 2715.82ms, mfu 90.52%
iter 49960: loss 3.9141, time 2717.87ms, mfu 90.52%
iter 49970: loss 4.0697, time 2719.07ms, mfu 90.52%
iter 49980: loss 3.9541, time 2716.55ms, mfu 90.53%
iter 49990: loss 3.9758, time 2717.74ms, mfu 90.53%
step 50000: train loss 3.9996, val loss 4.0100
saving checkpoint to /net/scratch2/junyuren/nanoGPT-manifold/out-openwebtext-rank99
iter 50000: loss 4.0297, time 17928.91ms, mfu 82.85%
iter 50010: loss 3.9282, time 2719.43ms, mfu 83.61%
iter 50020: loss 3.9625, time 2718.95ms, mfu 84.30%
iter 50030: loss 3.8922, time 2720.19ms, mfu 84.92%
iter 50040: loss 3.9669, time 2717.53ms, mfu 85.48%
iter 50050: loss 4.0229, time 2714.42ms, mfu 86.00%
iter 50060: loss 3.9663, time 2717.74ms, mfu 86.45%
iter 50070: loss 3.9200, time 2713.35ms, mfu 86.88%
iter 50080: loss 3.9761, time 2712.02ms, mfu 87.26%
iter 50090: loss 4.0359, time 2714.68ms, mfu 87.60%
iter 50100: loss 3.9783, time 2719.07ms, mfu 87.89%
iter 50110: loss 3.9199, time 2721.28ms, mfu 88.14%
iter 50120: loss 4.0215, time 2722.52ms, mfu 88.37%
iter 50130: loss 3.9404, time 2720.27ms, mfu 88.58%
iter 50140: loss 3.9800, time 2720.64ms, mfu 88.77%
iter 50150: loss 3.9575, time 2714.24ms, mfu 88.95%
iter 50160: loss 3.9619, time 2718.50ms, mfu 89.11%
iter 50170: loss 3.9420, time 2713.99ms, mfu 89.27%
iter 50180: loss 3.9731, time 2714.57ms, mfu 89.41%
iter 50190: loss 3.9543, time 2713.11ms, mfu 89.53%
iter 50200: loss 3.9662, time 2713.17ms, mfu 89.65%
iter 50210: loss 3.8791, time 2714.85ms, mfu 89.75%
iter 50220: loss 3.8941, time 2719.90ms, mfu 89.82%
iter 50230: loss 4.0067, time 2717.34ms, mfu 89.90%
iter 50240: loss 3.9650, time 2713.91ms, mfu 89.97%
iter 50250: loss 3.9732, time 2715.10ms, mfu 90.04%
iter 50260: loss 3.9872, time 2720.41ms, mfu 90.08%
iter 50270: loss 3.9204, time 2711.12ms, mfu 90.15%
iter 50280: loss 3.9128, time 2712.70ms, mfu 90.21%
iter 50290: loss 4.0048, time 2713.19ms, mfu 90.26%
iter 50300: loss 3.9516, time 2714.62ms, mfu 90.29%
iter 50310: loss 3.9497, time 2714.14ms, mfu 90.33%
iter 50320: loss 3.9571, time 2717.35ms, mfu 90.35%
iter 50330: loss 3.8982, time 2713.39ms, mfu 90.39%
iter 50340: loss 3.9877, time 2712.72ms, mfu 90.42%
iter 50350: loss 3.9638, time 2714.01ms, mfu 90.45%
iter 50360: loss 3.9177, time 2720.86ms, mfu 90.44%
iter 50370: loss 3.9528, time 2721.92ms, mfu 90.44%
iter 50380: loss 3.9629, time 2717.12ms, mfu 90.45%
iter 50390: loss 3.9865, time 2713.59ms, mfu 90.48%
iter 50400: loss 3.9920, time 2717.88ms, mfu 90.48%
iter 50410: loss 4.0281, time 2715.39ms, mfu 90.50%
iter 50420: loss 3.9247, time 2708.98ms, mfu 90.53%
iter 50430: loss 3.9015, time 2717.45ms, mfu 90.53%
iter 50440: loss 3.9532, time 2721.24ms, mfu 90.52%
iter 50450: loss 4.0171, time 2724.11ms, mfu 90.50%
iter 50460: loss 3.9780, time 2720.55ms, mfu 90.50%
iter 50470: loss 3.9357, time 2721.23ms, mfu 90.49%
iter 50480: loss 3.9959, time 2718.62ms, mfu 90.49%
iter 50490: loss 3.9018, time 2723.19ms, mfu 90.48%
iter 50500: loss 3.9464, time 2715.12ms, mfu 90.50%
iter 50510: loss 3.9634, time 2712.76ms, mfu 90.52%
iter 50520: loss 3.9630, time 2716.45ms, mfu 90.52%
iter 50530: loss 4.0146, time 2711.22ms, mfu 90.55%
iter 50540: loss 3.9653, time 2714.44ms, mfu 90.56%
iter 50550: loss 3.9631, time 2713.65ms, mfu 90.57%
iter 50560: loss 4.0265, time 2712.89ms, mfu 90.58%
iter 50570: loss 3.9408, time 2714.26ms, mfu 90.59%
iter 50580: loss 4.0293, time 2715.80ms, mfu 90.59%
iter 50590: loss 3.9614, time 2709.05ms, mfu 90.62%
iter 50600: loss 3.9408, time 2730.57ms, mfu 90.57%
iter 50610: loss 4.0272, time 2713.08ms, mfu 90.58%
iter 50620: loss 3.9701, time 2716.85ms, mfu 90.58%
iter 50630: loss 4.0068, time 2717.96ms, mfu 90.58%
iter 50640: loss 3.9676, time 2723.00ms, mfu 90.56%
