W1226 21:41:05.751000 152140 torch/distributed/run.py:793] 
W1226 21:41:05.751000 152140 torch/distributed/run.py:793] *****************************************
W1226 21:41:05.751000 152140 torch/distributed/run.py:793] Setting OMP_NUM_THREADS environment variable for each process to be 1 in default, to avoid your system being overloaded, please further tune the variable for optimal performance in your application as needed. 
W1226 21:41:05.751000 152140 torch/distributed/run.py:793] *****************************************
[rank0]: Traceback (most recent call last):
[rank0]:   File "/home/junyuren/nanoGPT/train.py", line 106, in <module>
[rank0]:     assert gradient_accumulation_steps % ddp_world_size == 0
[rank0]:            ^^^^^^^^^^^^^^^^^^^^^^^^^^^^^^^^^^^^^^^^^^^^^^^^^
[rank0]: AssertionError
[rank0]:[W1226 21:41:09.125161305 ProcessGroupNCCL.cpp:1250] Warning: WARNING: process group has NOT been destroyed before we destruct ProcessGroupNCCL. On normal program exit, the application should call destroy_process_group to ensure that any pending NCCL operations have finished in this process. In rare cases this process can exit before this point and block the progress of another member of the process group. This constraint has always been present,  but this warning has only been added since PyTorch 2.4 (function operator())
[rank3]: Traceback (most recent call last):
[rank3]:   File "/home/junyuren/nanoGPT/train.py", line 106, in <module>
[rank3]:     assert gradient_accumulation_steps % ddp_world_size == 0
[rank3]:            ^^^^^^^^^^^^^^^^^^^^^^^^^^^^^^^^^^^^^^^^^^^^^^^^^
[rank3]: AssertionError
[rank1]: Traceback (most recent call last):
[rank1]:   File "/home/junyuren/nanoGPT/train.py", line 106, in <module>
[rank1]:     assert gradient_accumulation_steps % ddp_world_size == 0
[rank1]:            ^^^^^^^^^^^^^^^^^^^^^^^^^^^^^^^^^^^^^^^^^^^^^^^^^
[rank1]: AssertionError
[rank2]: Traceback (most recent call last):
[rank2]:   File "/home/junyuren/nanoGPT/train.py", line 106, in <module>
[rank2]:     assert gradient_accumulation_steps % ddp_world_size == 0
[rank2]:            ^^^^^^^^^^^^^^^^^^^^^^^^^^^^^^^^^^^^^^^^^^^^^^^^^
[rank2]: AssertionError
W1226 21:41:13.775000 152140 torch/distributed/elastic/multiprocessing/api.py:897] Sending process 152597 closing signal SIGTERM
W1226 21:41:13.778000 152140 torch/distributed/elastic/multiprocessing/api.py:897] Sending process 152598 closing signal SIGTERM
W1226 21:41:13.779000 152140 torch/distributed/elastic/multiprocessing/api.py:897] Sending process 152599 closing signal SIGTERM
E1226 21:41:14.209000 152140 torch/distributed/elastic/multiprocessing/api.py:869] failed (exitcode: 1) local_rank: 0 (pid: 152596) of binary: /home/junyuren/.conda/envs/manifold_muon/bin/python3
Traceback (most recent call last):
  File "/home/junyuren/.conda/envs/manifold_muon/bin/torchrun", line 7, in <module>
    sys.exit(main())
             ^^^^^^
  File "/home/junyuren/.conda/envs/manifold_muon/lib/python3.12/site-packages/torch/distributed/elastic/multiprocessing/errors/__init__.py", line 355, in wrapper
    return f(*args, **kwargs)
           ^^^^^^^^^^^^^^^^^^
  File "/home/junyuren/.conda/envs/manifold_muon/lib/python3.12/site-packages/torch/distributed/run.py", line 919, in main
    run(args)
  File "/home/junyuren/.conda/envs/manifold_muon/lib/python3.12/site-packages/torch/distributed/run.py", line 910, in run
    elastic_launch(
  File "/home/junyuren/.conda/envs/manifold_muon/lib/python3.12/site-packages/torch/distributed/launcher/api.py", line 138, in __call__
    return launch_agent(self._config, self._entrypoint, list(args))
           ^^^^^^^^^^^^^^^^^^^^^^^^^^^^^^^^^^^^^^^^^^^^^^^^^^^^^^^^
  File "/home/junyuren/.conda/envs/manifold_muon/lib/python3.12/site-packages/torch/distributed/launcher/api.py", line 269, in launch_agent
    raise ChildFailedError(
torch.distributed.elastic.multiprocessing.errors.ChildFailedError: 
============================================================
train.py FAILED
------------------------------------------------------------
Failures:
  <NO_OTHER_FAILURES>
------------------------------------------------------------
Root Cause (first observed failure):
[0]:
  time      : 2025-12-26_21:41:13
  host      : m001
  rank      : 0 (local_rank: 0)
  exitcode  : 1 (pid: 152596)
  error_file: <N/A>
  traceback : To enable traceback see: https://pytorch.org/docs/stable/elastic/errors.html
============================================================
