Overriding config with config/train_gpt2_small_baseline.py:
# Small-scale GPT: Pure AdamW Baseline
# Control experiment for Grassmann comparison
# ~50M params, 6 layers, d=512

# Architecture (small-scale)
n_layer = 6
n_head = 8
n_embd = 512
block_size = 1024
dropout = 0.1
bias = False

# Pure AdamW (no Grassmann, no gating)
use_grassmann = False

# Training hyperparameters
learning_rate = 6e-4
max_iters = 10000  # ~15B tokens, enough for convergence signal
warmup_iters = 1000
lr_decay_iters = 10000
min_lr = 6e-5

# Batch configuration (same as Grassmann for fair comparison)
batch_size = 32
gradient_accumulation_steps = 12

# Regularization
weight_decay = 1e-1

# Optimizer
beta1 = 0.9
beta2 = 0.95
grad_clip = 1.0

# Evaluation
eval_interval = 500
eval_iters = 200
log_interval = 10

# Dataset
dataset = 'openwebtext'
data_dir = '/net/scratch2/junyuren/nanoGPT-manifold/data/openwebtext'
always_save_checkpoint = True

# Output directory
out_dir = '/net/scratch2/junyuren/nanoGPT-manifold/out-small-baseline'

# Compile
compile = True

# System
dtype = 'bfloat16'
device = 'cuda'

tokens per iteration will be: 393,216
Initializing a new model from scratch
defaulting to vocab_size of GPT-2 to 50304 (50257 rounded up for efficiency)
Overriding config with config/train_gpt2_small_baseline.py:
# Small-scale GPT: Pure AdamW Baseline
# Control experiment for Grassmann comparison
# ~50M params, 6 layers, d=512

# Architecture (small-scale)
n_layer = 6
n_head = 8
n_embd = 512
block_size = 1024
dropout = 0.1
bias = False

# Pure AdamW (no Grassmann, no gating)
use_grassmann = False

# Training hyperparameters
learning_rate = 6e-4
max_iters = 10000  # ~15B tokens, enough for convergence signal
warmup_iters = 1000
lr_decay_iters = 10000
min_lr = 6e-5

# Batch configuration (same as Grassmann for fair comparison)
batch_size = 32
gradient_accumulation_steps = 12

# Regularization
weight_decay = 1e-1

# Optimizer
beta1 = 0.9
beta2 = 0.95
grad_clip = 1.0

# Evaluation
eval_interval = 500
eval_iters = 200
log_interval = 10

# Dataset
dataset = 'openwebtext'
data_dir = '/net/scratch2/junyuren/nanoGPT-manifold/data/openwebtext'
always_save_checkpoint = True

# Output directory
out_dir = '/net/scratch2/junyuren/nanoGPT-manifold/out-small-baseline'

# Compile
compile = True

# System
dtype = 'bfloat16'
device = 'cuda'

Overriding config with config/train_gpt2_small_baseline.py:
# Small-scale GPT: Pure AdamW Baseline
# Control experiment for Grassmann comparison
# ~50M params, 6 layers, d=512

# Architecture (small-scale)
n_layer = 6
n_head = 8
n_embd = 512
block_size = 1024
dropout = 0.1
bias = False

# Pure AdamW (no Grassmann, no gating)
use_grassmann = False

# Training hyperparameters
learning_rate = 6e-4
max_iters = 10000  # ~15B tokens, enough for convergence signal
warmup_iters = 1000
lr_decay_iters = 10000
min_lr = 6e-5

# Batch configuration (same as Grassmann for fair comparison)
batch_size = 32
gradient_accumulation_steps = 12

# Regularization
weight_decay = 1e-1

# Optimizer
beta1 = 0.9
beta2 = 0.95
grad_clip = 1.0

# Evaluation
eval_interval = 500
eval_iters = 200
log_interval = 10

# Dataset
dataset = 'openwebtext'
data_dir = '/net/scratch2/junyuren/nanoGPT-manifold/data/openwebtext'
always_save_checkpoint = True

# Output directory
out_dir = '/net/scratch2/junyuren/nanoGPT-manifold/out-small-baseline'

# Compile
compile = True

# System
dtype = 'bfloat16'
device = 'cuda'

Overriding config with config/train_gpt2_small_baseline.py:
# Small-scale GPT: Pure AdamW Baseline
# Control experiment for Grassmann comparison
# ~50M params, 6 layers, d=512

# Architecture (small-scale)
n_layer = 6
n_head = 8
n_embd = 512
block_size = 1024
dropout = 0.1
bias = False

# Pure AdamW (no Grassmann, no gating)
use_grassmann = False

# Training hyperparameters
learning_rate = 6e-4
max_iters = 10000  # ~15B tokens, enough for convergence signal
warmup_iters = 1000
lr_decay_iters = 10000
min_lr = 6e-5

# Batch configuration (same as Grassmann for fair comparison)
batch_size = 32
gradient_accumulation_steps = 12

# Regularization
weight_decay = 1e-1

# Optimizer
beta1 = 0.9
beta2 = 0.95
grad_clip = 1.0

# Evaluation
eval_interval = 500
eval_iters = 200
log_interval = 10

# Dataset
dataset = 'openwebtext'
data_dir = '/net/scratch2/junyuren/nanoGPT-manifold/data/openwebtext'
always_save_checkpoint = True

# Output directory
out_dir = '/net/scratch2/junyuren/nanoGPT-manifold/out-small-baseline'

# Compile
compile = True

# System
dtype = 'bfloat16'
device = 'cuda'

tokens per iteration will be: 393,216
Initializing a new model from scratch
defaulting to vocab_size of GPT-2 to 50304 (50257 rounded up for efficiency)
tokens per iteration will be: 393,216
tokens per iteration will be: 393,216
Initializing a new model from scratch
defaulting to vocab_size of GPT-2 to 50304 (50257 rounded up for efficiency)
Initializing a new model from scratch
defaulting to vocab_size of GPT-2 to 50304 (50257 rounded up for efficiency)
number of parameters: 44.64M
num decayed parameter tensors: 26, with 45,154,304 parameters
num non-decayed parameter tensors: 13, with 6,656 parameters
number of parameters: 44.64M
num decayed parameter tensors: 26, with 45,154,304 parameters
num non-decayed parameter tensors: 13, with 6,656 parameters
number of parameters: 44.64M
number of parameters: 44.64M
num decayed parameter tensors: 26, with 45,154,304 parameters
num non-decayed parameter tensors: 13, with 6,656 parameters
num decayed parameter tensors: 26, with 45,154,304 parameters
num non-decayed parameter tensors: 13, with 6,656 parameters
using fused AdamW: True
compiling the model... (takes a ~minute)
using fused AdamW: True
compiling the model... (takes a ~minute)
using fused AdamW: Trueusing fused AdamW: True

compiling the model... (takes a ~minute)
compiling the model... (takes a ~minute)
step 0: train loss 10.9068, val loss 10.9062
iter 0: loss 10.9047, time 15238.55ms, mfu -100.00%
iter 10: loss 10.5591, time 135.73ms, mfu 70.94%
iter 20: loss 10.1381, time 134.83ms, mfu 70.98%
iter 30: loss 9.8858, time 135.37ms, mfu 71.00%
iter 40: loss 9.7070, time 134.67ms, mfu 71.05%
iter 50: loss 9.4497, time 136.76ms, mfu 70.98%
iter 60: loss 9.1174, time 135.59ms, mfu 70.98%
iter 70: loss 9.0185, time 136.01ms, mfu 70.96%
iter 80: loss 8.7231, time 135.37ms, mfu 70.98%
iter 90: loss 8.5060, time 135.36ms, mfu 70.99%
iter 100: loss 8.1004, time 136.02ms, mfu 70.97%
iter 110: loss 7.9569, time 134.94ms, mfu 71.01%
iter 120: loss 7.7465, time 136.03ms, mfu 70.99%
iter 130: loss 7.3585, time 135.48ms, mfu 71.00%
iter 140: loss 7.2179, time 136.24ms, mfu 70.96%
iter 150: loss 7.2343, time 138.48ms, mfu 70.82%
iter 160: loss 6.9796, time 136.71ms, mfu 70.78%
iter 170: loss 6.8034, time 136.12ms, mfu 70.77%
iter 180: loss 6.7872, time 137.90ms, mfu 70.68%
iter 190: loss 6.7166, time 135.54ms, mfu 70.71%
iter 200: loss 6.6011, time 135.73ms, mfu 70.74%
iter 210: loss 6.6406, time 137.57ms, mfu 70.66%
iter 220: loss 6.4851, time 135.94ms, mfu 70.68%
iter 230: loss 6.4716, time 137.02ms, mfu 70.64%
iter 240: loss 6.4107, time 137.10ms, mfu 70.59%
iter 250: loss 6.3247, time 137.19ms, mfu 70.55%
iter 260: loss 6.2202, time 135.47ms, mfu 70.60%
iter 270: loss 6.1934, time 137.25ms, mfu 70.56%
iter 280: loss 6.0920, time 136.03ms, mfu 70.58%
iter 290: loss 6.4211, time 136.89ms, mfu 70.56%
iter 300: loss 6.1217, time 138.38ms, mfu 70.46%
iter 310: loss 6.1193, time 138.93ms, mfu 70.34%
iter 320: loss 6.0915, time 137.59ms, mfu 70.31%
iter 330: loss 5.9828, time 135.99ms, mfu 70.35%
iter 340: loss 5.9653, time 137.48ms, mfu 70.32%
iter 350: loss 6.0095, time 136.47ms, mfu 70.34%
iter 360: loss 5.9299, time 136.76ms, mfu 70.35%
iter 370: loss 6.0348, time 137.99ms, mfu 70.29%
iter 380: loss 6.0143, time 139.06ms, mfu 70.19%
iter 390: loss 5.7587, time 139.99ms, mfu 70.05%
iter 400: loss 5.8988, time 138.70ms, mfu 69.98%
iter 410: loss 5.8106, time 137.44ms, mfu 69.99%
iter 420: loss 5.9397, time 137.04ms, mfu 70.02%
iter 430: loss 5.6435, time 137.36ms, mfu 70.02%
iter 440: loss 5.9074, time 137.34ms, mfu 70.03%
iter 450: loss 5.7615, time 137.96ms, mfu 70.01%
iter 460: loss 5.8223, time 136.31ms, mfu 70.07%
iter 470: loss 5.7626, time 137.58ms, mfu 70.06%
iter 480: loss 5.6684, time 137.32ms, mfu 70.07%
iter 490: loss 5.6772, time 138.08ms, mfu 70.03%
step 500: train loss 5.5955, val loss 5.6048
saving checkpoint to /net/scratch2/junyuren/nanoGPT-manifold/out-small-baseline
iter 500: loss 5.7584, time 7204.18ms, mfu 63.16%
iter 510: loss 5.6221, time 136.69ms, mfu 63.89%
iter 520: loss 5.5098, time 136.95ms, mfu 64.53%
iter 530: loss 5.6588, time 137.41ms, mfu 65.08%
iter 540: loss 5.5382, time 137.32ms, mfu 65.59%
iter 550: loss 5.5111, time 136.17ms, mfu 66.10%
iter 560: loss 5.4689, time 136.74ms, mfu 66.53%
iter 570: loss 5.4791, time 137.86ms, mfu 66.86%
iter 580: loss 5.4288, time 137.88ms, mfu 67.16%
iter 590: loss 5.4684, time 136.20ms, mfu 67.51%
iter 600: loss 5.2970, time 136.02ms, mfu 67.84%
iter 610: loss 5.3757, time 138.98ms, mfu 67.98%
iter 620: loss 5.4121, time 138.11ms, mfu 68.15%
iter 630: loss 5.3408, time 137.11ms, mfu 68.36%
iter 640: loss 5.2717, time 136.69ms, mfu 68.57%
iter 650: loss 5.3466, time 138.11ms, mfu 68.68%
iter 660: loss 5.3770, time 139.80ms, mfu 68.70%
iter 670: loss 5.3196, time 140.86ms, mfu 68.67%
iter 680: loss 5.2395, time 138.59ms, mfu 68.75%
iter 690: loss 5.2559, time 137.34ms, mfu 68.88%
iter 700: loss 5.3025, time 137.30ms, mfu 69.01%
iter 710: loss 5.2304, time 137.59ms, mfu 69.10%
iter 720: loss 5.2760, time 138.41ms, mfu 69.15%
iter 730: loss 5.2565, time 137.68ms, mfu 69.23%
iter 740: loss 5.2537, time 136.96ms, mfu 69.33%
iter 750: loss 5.0114, time 136.97ms, mfu 69.43%
iter 760: loss 5.1074, time 138.90ms, mfu 69.42%
iter 770: loss 4.9159, time 139.05ms, mfu 69.40%
iter 780: loss 5.1160, time 137.64ms, mfu 69.45%
iter 790: loss 5.1137, time 138.61ms, mfu 69.46%
iter 800: loss 5.0783, time 137.62ms, mfu 69.51%
iter 810: loss 5.1681, time 138.40ms, mfu 69.51%
iter 820: loss 5.0355, time 137.12ms, mfu 69.58%
iter 830: loss 5.0449, time 138.57ms, mfu 69.57%
iter 840: loss 5.0656, time 137.38ms, mfu 69.62%
iter 850: loss 5.1466, time 138.76ms, mfu 69.60%
iter 860: loss 5.1277, time 138.02ms, mfu 69.61%
iter 870: loss 4.8745, time 138.18ms, mfu 69.62%
iter 880: loss 4.9948, time 138.74ms, mfu 69.60%
iter 890: loss 4.8314, time 138.94ms, mfu 69.57%
iter 900: loss 4.9860, time 139.75ms, mfu 69.50%
iter 910: loss 4.9772, time 138.61ms, mfu 69.50%
iter 920: loss 4.7646, time 138.79ms, mfu 69.48%
iter 930: loss 4.9346, time 137.74ms, mfu 69.53%
iter 940: loss 4.8569, time 139.17ms, mfu 69.49%
iter 950: loss 4.8112, time 136.73ms, mfu 69.58%
iter 960: loss 4.8324, time 138.72ms, mfu 69.57%
iter 970: loss 4.8363, time 138.63ms, mfu 69.55%
iter 980: loss 4.8947, time 137.36ms, mfu 69.61%
iter 990: loss 4.7831, time 138.89ms, mfu 69.58%
step 1000: train loss 4.7171, val loss 4.7167
saving checkpoint to /net/scratch2/junyuren/nanoGPT-manifold/out-small-baseline
iter 1000: loss 4.9107, time 7232.34ms, mfu 62.75%
iter 1010: loss 4.8649, time 135.77ms, mfu 63.57%
iter 1020: loss 4.8268, time 137.50ms, mfu 64.21%
iter 1030: loss 4.7056, time 136.65ms, mfu 64.84%
iter 1040: loss 4.7639, time 138.46ms, mfu 65.31%
iter 1050: loss 4.6502, time 141.13ms, mfu 65.60%
iter 1060: loss 4.6220, time 138.12ms, mfu 66.01%
iter 1070: loss 4.8155, time 138.33ms, mfu 66.37%
iter 1080: loss 4.6246, time 136.94ms, mfu 66.76%
iter 1090: loss 4.6313, time 136.92ms, mfu 67.12%
iter 1100: loss 4.6550, time 139.69ms, mfu 67.30%
iter 1110: loss 4.5984, time 140.81ms, mfu 67.41%
iter 1120: loss 4.5787, time 137.82ms, mfu 67.65%
iter 1130: loss 4.7236, time 139.93ms, mfu 67.77%
iter 1140: loss 4.6159, time 138.76ms, mfu 67.93%
iter 1150: loss 4.5402, time 139.00ms, mfu 68.06%
iter 1160: loss 4.4825, time 138.18ms, mfu 68.22%
iter 1170: loss 4.4814, time 139.16ms, mfu 68.32%
iter 1180: loss 4.5434, time 139.35ms, mfu 68.40%
iter 1190: loss 4.4993, time 139.37ms, mfu 68.47%
iter 1200: loss 4.4727, time 138.90ms, mfu 68.55%
iter 1210: loss 4.5084, time 138.72ms, mfu 68.64%
iter 1220: loss 4.4020, time 139.10ms, mfu 68.69%
iter 1230: loss 4.4608, time 156.32ms, mfu 67.98%
iter 1240: loss 4.5373, time 138.28ms, mfu 68.15%
iter 1250: loss 4.4025, time 138.00ms, mfu 68.31%
iter 1260: loss 4.4226, time 138.11ms, mfu 68.45%
iter 1270: loss 4.4768, time 139.46ms, mfu 68.51%
iter 1280: loss 4.4885, time 139.73ms, mfu 68.55%
iter 1290: loss 4.5761, time 138.92ms, mfu 68.62%
iter 1300: loss 4.5390, time 139.67ms, mfu 68.65%
iter 1310: loss 4.4965, time 137.57ms, mfu 68.79%
iter 1320: loss 4.4471, time 138.24ms, mfu 68.87%
iter 1330: loss 4.4066, time 138.81ms, mfu 68.92%
iter 1340: loss 4.4029, time 138.65ms, mfu 68.97%
iter 1350: loss 4.3166, time 140.64ms, mfu 68.92%
iter 1360: loss 4.3095, time 139.18ms, mfu 68.95%
iter 1370: loss 4.3735, time 139.02ms, mfu 68.98%
iter 1380: loss 4.4257, time 138.38ms, mfu 69.04%
iter 1390: loss 4.4180, time 137.12ms, mfu 69.16%
iter 1400: loss 4.2761, time 139.08ms, mfu 69.16%
iter 1410: loss 4.4517, time 138.40ms, mfu 69.20%
iter 1420: loss 4.3247, time 138.16ms, mfu 69.25%
iter 1430: loss 4.3008, time 139.49ms, mfu 69.23%
iter 1440: loss 4.3823, time 138.09ms, mfu 69.28%
iter 1450: loss 4.3703, time 138.33ms, mfu 69.31%
iter 1460: loss 4.3348, time 137.15ms, mfu 69.40%
iter 1470: loss 4.3816, time 139.32ms, mfu 69.37%
iter 1480: loss 4.2626, time 138.98ms, mfu 69.36%
iter 1490: loss 4.2550, time 140.59ms, mfu 69.27%
step 1500: train loss 4.1667, val loss 4.1775
saving checkpoint to /net/scratch2/junyuren/nanoGPT-manifold/out-small-baseline
iter 1500: loss 4.2888, time 7238.89ms, mfu 62.48%
iter 1510: loss 4.2866, time 137.67ms, mfu 63.22%
iter 1520: loss 4.3408, time 135.82ms, mfu 63.99%
iter 1530: loss 4.1891, time 136.20ms, mfu 64.66%
iter 1540: loss 4.2349, time 137.37ms, mfu 65.20%
iter 1550: loss 4.4082, time 137.10ms, mfu 65.70%
iter 1560: loss 4.2925, time 138.39ms, mfu 66.09%
iter 1570: loss 4.2499, time 136.82ms, mfu 66.52%
iter 1580: loss 4.2439, time 139.44ms, mfu 66.77%
iter 1590: loss 4.1879, time 137.92ms, mfu 67.08%
iter 1600: loss 4.2357, time 137.05ms, mfu 67.39%
iter 1610: loss 4.2443, time 138.80ms, mfu 67.59%
iter 1620: loss 4.3321, time 139.41ms, mfu 67.74%
iter 1630: loss 4.1929, time 138.21ms, mfu 67.93%
iter 1640: loss 4.2930, time 139.79ms, mfu 68.02%
iter 1650: loss 4.3031, time 137.05ms, mfu 68.25%
iter 1660: loss 4.2152, time 140.13ms, mfu 68.29%
iter 1670: loss 4.1181, time 138.92ms, mfu 68.39%
iter 1680: loss 4.0702, time 140.04ms, mfu 68.43%
iter 1690: loss 4.2822, time 140.78ms, mfu 68.42%
iter 1700: loss 4.1504, time 138.11ms, mfu 68.55%
iter 1710: loss 4.2119, time 139.49ms, mfu 68.60%
iter 1720: loss 4.1583, time 140.74ms, mfu 68.58%
iter 1730: loss 4.1116, time 138.83ms, mfu 68.66%
iter 1740: loss 4.0327, time 139.11ms, mfu 68.71%
iter 1750: loss 4.0692, time 140.42ms, mfu 68.70%
iter 1760: loss 4.2041, time 135.74ms, mfu 68.92%
iter 1770: loss 4.0047, time 138.67ms, mfu 68.97%
iter 1780: loss 4.1445, time 139.56ms, mfu 68.97%
iter 1790: loss 4.0586, time 138.59ms, mfu 69.02%
iter 1800: loss 4.1470, time 137.55ms, mfu 69.12%
iter 1810: loss 4.2428, time 138.86ms, mfu 69.14%
iter 1820: loss 3.9877, time 138.39ms, mfu 69.18%
iter 1830: loss 4.2251, time 138.14ms, mfu 69.24%
iter 1840: loss 4.0771, time 139.25ms, mfu 69.23%
iter 1850: loss 4.2198, time 140.67ms, mfu 69.15%
iter 1860: loss 4.1807, time 138.05ms, mfu 69.21%
iter 1870: loss 4.0209, time 138.31ms, mfu 69.25%
iter 1880: loss 4.2354, time 137.76ms, mfu 69.31%
iter 1890: loss 4.0755, time 137.10ms, mfu 69.40%
iter 1900: loss 4.0476, time 138.36ms, mfu 69.42%
iter 1910: loss 4.1223, time 137.89ms, mfu 69.46%
iter 1920: loss 4.2610, time 139.03ms, mfu 69.44%
iter 1930: loss 4.0638, time 139.16ms, mfu 69.41%
iter 1940: loss 4.0694, time 138.64ms, mfu 69.42%
iter 1950: loss 4.1911, time 138.26ms, mfu 69.44%
iter 1960: loss 4.0745, time 138.12ms, mfu 69.47%
iter 1970: loss 4.0355, time 137.30ms, mfu 69.53%
iter 1980: loss 4.0675, time 139.35ms, mfu 69.49%
iter 1990: loss 4.1077, time 138.37ms, mfu 69.50%
step 2000: train loss 4.0034, val loss 4.0152
saving checkpoint to /net/scratch2/junyuren/nanoGPT-manifold/out-small-baseline
iter 2000: loss 4.0188, time 7254.83ms, mfu 62.68%
iter 2010: loss 4.1401, time 138.61ms, mfu 63.36%
iter 2020: loss 4.2258, time 136.86ms, mfu 64.06%
iter 2030: loss 3.9747, time 140.16ms, mfu 64.52%
iter 2040: loss 4.1219, time 137.74ms, mfu 65.06%
iter 2050: loss 4.0006, time 139.48ms, mfu 65.45%
iter 2060: loss 4.0600, time 137.35ms, mfu 65.92%
iter 2070: loss 4.1126, time 138.13ms, mfu 66.30%
iter 2080: loss 4.1913, time 138.39ms, mfu 66.62%
iter 2090: loss 4.0362, time 138.01ms, mfu 66.94%
iter 2100: loss 4.1050, time 138.10ms, mfu 67.22%
iter 2110: loss 4.2240, time 139.32ms, mfu 67.41%
iter 2120: loss 4.0456, time 138.65ms, mfu 67.61%
iter 2130: loss 4.1048, time 139.87ms, mfu 67.73%
iter 2140: loss 4.1611, time 137.92ms, mfu 67.94%
iter 2150: loss 4.1421, time 138.82ms, mfu 68.08%
iter 2160: loss 4.1454, time 138.37ms, mfu 68.23%
iter 2170: loss 4.0816, time 140.28ms, mfu 68.27%
iter 2180: loss 4.2367, time 139.68ms, mfu 68.34%
iter 2190: loss 4.0337, time 137.83ms, mfu 68.49%
iter 2200: loss 4.0813, time 140.40ms, mfu 68.50%
iter 2210: loss 3.9482, time 139.73ms, mfu 68.54%
iter 2220: loss 4.1008, time 138.38ms, mfu 68.64%
iter 2230: loss 4.2274, time 139.70ms, mfu 68.67%
iter 2240: loss 4.1108, time 139.15ms, mfu 68.72%
iter 2250: loss 4.0956, time 138.36ms, mfu 68.81%
iter 2260: loss 4.0367, time 138.71ms, mfu 68.87%
iter 2270: loss 4.0995, time 139.03ms, mfu 68.91%
iter 2280: loss 4.1054, time 138.03ms, mfu 68.99%
iter 2290: loss 4.1105, time 140.33ms, mfu 68.95%
iter 2300: loss 4.0917, time 137.86ms, mfu 69.04%
iter 2310: loss 4.0344, time 139.59ms, mfu 69.03%
iter 2320: loss 4.0562, time 137.33ms, mfu 69.14%
iter 2330: loss 4.1614, time 137.93ms, mfu 69.21%
iter 2340: loss 3.9586, time 138.97ms, mfu 69.21%
iter 2350: loss 4.1480, time 137.26ms, mfu 69.31%
iter 2360: loss 4.1461, time 140.06ms, mfu 69.25%
iter 2370: loss 3.9054, time 139.15ms, mfu 69.24%
iter 2380: loss 4.0005, time 139.53ms, mfu 69.22%
iter 2390: loss 4.0369, time 138.88ms, mfu 69.23%
iter 2400: loss 4.0001, time 138.28ms, mfu 69.27%
iter 2410: loss 4.0267, time 139.23ms, mfu 69.26%
iter 2420: loss 4.1779, time 137.74ms, mfu 69.32%
iter 2430: loss 4.1312, time 139.21ms, mfu 69.31%
iter 2440: loss 3.9945, time 137.54ms, mfu 69.38%
iter 2450: loss 4.0610, time 138.12ms, mfu 69.41%
iter 2460: loss 4.1410, time 139.78ms, mfu 69.36%
iter 2470: loss 3.9783, time 138.70ms, mfu 69.36%
iter 2480: loss 3.9483, time 138.88ms, mfu 69.36%
iter 2490: loss 4.1591, time 138.71ms, mfu 69.36%
step 2500: train loss 3.9024, val loss 3.9159
saving checkpoint to /net/scratch2/junyuren/nanoGPT-manifold/out-small-baseline
iter 2500: loss 4.0494, time 7158.20ms, mfu 62.56%
iter 2510: loss 3.9897, time 138.06ms, mfu 63.28%
iter 2520: loss 4.0173, time 137.85ms, mfu 63.94%
iter 2530: loss 3.9174, time 137.33ms, mfu 64.55%
iter 2540: loss 4.1601, time 137.19ms, mfu 65.12%
iter 2550: loss 4.0525, time 138.71ms, mfu 65.54%
iter 2560: loss 4.1593, time 139.92ms, mfu 65.87%
iter 2570: loss 4.0661, time 138.24ms, mfu 66.25%
iter 2580: loss 3.9569, time 138.42ms, mfu 66.58%
iter 2590: loss 3.9996, time 139.45ms, mfu 66.83%
iter 2600: loss 4.0489, time 140.84ms, mfu 66.98%
iter 2610: loss 4.1110, time 139.24ms, mfu 67.20%
iter 2620: loss 4.0689, time 136.14ms, mfu 67.55%
iter 2630: loss 4.0045, time 139.27ms, mfu 67.71%
iter 2640: loss 3.9905, time 139.31ms, mfu 67.85%
iter 2650: loss 3.8877, time 138.27ms, mfu 68.03%
iter 2660: loss 4.0782, time 138.72ms, mfu 68.16%
iter 2670: loss 3.8402, time 138.90ms, mfu 68.28%
iter 2680: loss 3.9706, time 138.50ms, mfu 68.40%
iter 2690: loss 3.9501, time 138.97ms, mfu 68.49%
iter 2700: loss 4.0287, time 140.70ms, mfu 68.48%
iter 2710: loss 4.1117, time 137.67ms, mfu 68.63%
iter 2720: loss 3.9743, time 138.12ms, mfu 68.74%
iter 2730: loss 3.9460, time 139.03ms, mfu 68.79%
iter 2740: loss 3.9886, time 136.64ms, mfu 68.95%
iter 2750: loss 4.0747, time 139.77ms, mfu 68.95%
iter 2760: loss 3.9717, time 138.26ms, mfu 69.02%
iter 2770: loss 4.0179, time 138.27ms, mfu 69.08%
iter 2780: loss 3.9274, time 138.83ms, mfu 69.10%
iter 2790: loss 3.9651, time 139.32ms, mfu 69.10%
iter 2800: loss 4.1483, time 138.71ms, mfu 69.14%
iter 2810: loss 3.9503, time 138.91ms, mfu 69.15%
iter 2820: loss 3.8473, time 139.11ms, mfu 69.16%
iter 2830: loss 3.9388, time 138.63ms, mfu 69.19%
iter 2840: loss 4.0278, time 137.75ms, mfu 69.26%
iter 2850: loss 4.0011, time 139.61ms, mfu 69.23%
iter 2860: loss 3.9633, time 137.62ms, mfu 69.30%
iter 2870: loss 3.8424, time 139.63ms, mfu 69.27%
iter 2880: loss 3.9539, time 139.18ms, mfu 69.26%
iter 2890: loss 3.8400, time 138.07ms, mfu 69.31%
iter 2900: loss 3.9966, time 138.88ms, mfu 69.31%
iter 2910: loss 3.9031, time 137.83ms, mfu 69.36%
iter 2920: loss 3.9615, time 138.74ms, mfu 69.36%
iter 2930: loss 3.8632, time 138.09ms, mfu 69.40%
iter 2940: loss 4.0736, time 138.70ms, mfu 69.40%
iter 2950: loss 3.9019, time 139.04ms, mfu 69.39%
iter 2960: loss 4.0231, time 137.40ms, mfu 69.45%
iter 2970: loss 3.9880, time 138.60ms, mfu 69.46%
iter 2980: loss 4.0587, time 139.04ms, mfu 69.43%
iter 2990: loss 3.9478, time 137.55ms, mfu 69.49%
step 3000: train loss 3.8279, val loss 3.8362
saving checkpoint to /net/scratch2/junyuren/nanoGPT-manifold/out-small-baseline
iter 3000: loss 3.9673, time 7208.97ms, mfu 62.67%
iter 3010: loss 3.9567, time 138.06ms, mfu 63.38%
iter 3020: loss 3.9687, time 136.81ms, mfu 64.08%
iter 3030: loss 4.0213, time 137.61ms, mfu 64.67%
iter 3040: loss 3.8825, time 136.77ms, mfu 65.24%
iter 3050: loss 3.9360, time 136.93ms, mfu 65.75%
iter 3060: loss 3.8788, time 138.30ms, mfu 66.14%
iter 3070: loss 3.8361, time 139.26ms, mfu 66.44%
iter 3080: loss 3.9498, time 137.30ms, mfu 66.80%
iter 3090: loss 3.8819, time 138.65ms, mfu 67.07%
iter 3100: loss 3.8336, time 137.63ms, mfu 67.36%
iter 3110: loss 3.8547, time 138.65ms, mfu 67.56%
iter 3120: loss 3.9876, time 138.26ms, mfu 67.77%
iter 3130: loss 3.9176, time 140.07ms, mfu 67.87%
iter 3140: loss 3.9535, time 138.90ms, mfu 68.01%
iter 3150: loss 3.9465, time 139.12ms, mfu 68.13%
iter 3160: loss 3.9332, time 140.46ms, mfu 68.17%
iter 3170: loss 3.9315, time 137.53ms, mfu 68.36%
iter 3180: loss 3.9218, time 139.15ms, mfu 68.44%
iter 3190: loss 3.9581, time 139.04ms, mfu 68.52%
iter 3200: loss 3.9491, time 138.20ms, mfu 68.63%
iter 3210: loss 3.8639, time 139.11ms, mfu 68.69%
iter 3220: loss 3.9185, time 137.73ms, mfu 68.81%
iter 3230: loss 3.9123, time 138.82ms, mfu 68.87%
iter 3240: loss 3.9266, time 138.59ms, mfu 68.93%
iter 3250: loss 3.9344, time 138.74ms, mfu 68.97%
iter 3260: loss 3.9893, time 139.44ms, mfu 68.98%
iter 3270: loss 3.9255, time 139.30ms, mfu 68.99%
iter 3280: loss 3.9666, time 137.54ms, mfu 69.10%
iter 3290: loss 3.9853, time 138.93ms, mfu 69.12%
iter 3300: loss 3.8937, time 139.42ms, mfu 69.11%
iter 3310: loss 3.9128, time 139.28ms, mfu 69.11%
iter 3320: loss 3.9268, time 139.57ms, mfu 69.10%
iter 3330: loss 3.9461, time 138.66ms, mfu 69.13%
iter 3340: loss 3.9006, time 139.14ms, mfu 69.14%
iter 3350: loss 3.8258, time 138.57ms, mfu 69.17%
iter 3360: loss 3.9008, time 138.78ms, mfu 69.19%
iter 3370: loss 3.7899, time 139.29ms, mfu 69.19%
iter 3380: loss 3.8830, time 137.70ms, mfu 69.26%
iter 3390: loss 3.8538, time 135.66ms, mfu 69.43%
iter 3400: loss 3.9790, time 138.87ms, mfu 69.42%
iter 3410: loss 3.9948, time 137.95ms, mfu 69.46%
iter 3420: loss 3.8145, time 139.77ms, mfu 69.40%
iter 3430: loss 3.9231, time 139.19ms, mfu 69.38%
iter 3440: loss 3.8955, time 138.77ms, mfu 69.38%
iter 3450: loss 3.7434, time 139.66ms, mfu 69.33%
iter 3460: loss 3.8538, time 140.11ms, mfu 69.27%
iter 3470: loss 3.8710, time 139.27ms, mfu 69.26%
iter 3480: loss 3.8798, time 138.71ms, mfu 69.27%
iter 3490: loss 3.8912, time 138.65ms, mfu 69.29%
step 3500: train loss 3.7869, val loss 3.8036
saving checkpoint to /net/scratch2/junyuren/nanoGPT-manifold/out-small-baseline
iter 3500: loss 3.8298, time 7087.07ms, mfu 62.50%
iter 3510: loss 3.8725, time 138.19ms, mfu 63.21%
iter 3520: loss 3.8622, time 138.30ms, mfu 63.85%
iter 3530: loss 3.8206, time 137.59ms, mfu 64.47%
iter 3540: loss 3.9177, time 136.16ms, mfu 65.09%
iter 3550: loss 3.8381, time 137.36ms, mfu 65.59%
iter 3560: loss 3.9687, time 138.37ms, mfu 65.99%
iter 3570: loss 3.9136, time 138.45ms, mfu 66.34%
iter 3580: loss 3.9505, time 136.08ms, mfu 66.78%
iter 3590: loss 3.7866, time 138.53ms, mfu 67.06%
iter 3600: loss 3.9072, time 137.37ms, mfu 67.36%
iter 3610: loss 3.8052, time 139.27ms, mfu 67.54%
iter 3620: loss 3.7947, time 141.36ms, mfu 67.59%
iter 3630: loss 3.9567, time 140.22ms, mfu 67.70%
iter 3640: loss 3.8603, time 139.38ms, mfu 67.84%
iter 3650: loss 3.9438, time 138.47ms, mfu 68.01%
iter 3660: loss 3.9036, time 138.61ms, mfu 68.15%
iter 3670: loss 3.8378, time 139.67ms, mfu 68.23%
iter 3680: loss 3.8520, time 139.20ms, mfu 68.32%
iter 3690: loss 3.9142, time 139.06ms, mfu 68.42%
iter 3700: loss 3.7664, time 138.15ms, mfu 68.54%
iter 3710: loss 3.7939, time 137.24ms, mfu 68.70%
iter 3720: loss 3.8884, time 139.22ms, mfu 68.75%
iter 3730: loss 3.8276, time 139.34ms, mfu 68.78%
iter 3740: loss 3.8765, time 138.80ms, mfu 68.84%
iter 3750: loss 3.9642, time 141.62ms, mfu 68.76%
iter 3760: loss 4.0054, time 138.34ms, mfu 68.84%
iter 3770: loss 3.7581, time 138.86ms, mfu 68.89%
iter 3780: loss 3.9725, time 137.34ms, mfu 69.01%
iter 3790: loss 3.8938, time 137.84ms, mfu 69.09%
iter 3800: loss 3.7812, time 138.19ms, mfu 69.15%
iter 3810: loss 3.9555, time 138.37ms, mfu 69.19%
iter 3820: loss 3.8080, time 137.57ms, mfu 69.27%
iter 3830: loss 3.7527, time 139.39ms, mfu 69.25%
iter 3840: loss 3.8786, time 139.70ms, mfu 69.22%
iter 3850: loss 3.8832, time 138.74ms, mfu 69.24%
iter 3860: loss 3.8630, time 136.69ms, mfu 69.36%
iter 3870: loss 3.7886, time 136.66ms, mfu 69.47%
iter 3880: loss 3.9290, time 138.95ms, mfu 69.45%
iter 3890: loss 3.9197, time 138.08ms, mfu 69.48%
iter 3900: loss 3.8641, time 137.98ms, mfu 69.51%
iter 3910: loss 3.8780, time 138.95ms, mfu 69.48%
iter 3920: loss 3.8373, time 139.39ms, mfu 69.44%
iter 3930: loss 3.8215, time 139.37ms, mfu 69.41%
iter 3940: loss 3.8940, time 138.07ms, mfu 69.44%
iter 3950: loss 3.8557, time 138.31ms, mfu 69.46%
iter 3960: loss 3.8738, time 138.25ms, mfu 69.47%
iter 3970: loss 3.8191, time 139.38ms, mfu 69.43%
iter 3980: loss 3.8035, time 138.49ms, mfu 69.44%
iter 3990: loss 3.8153, time 138.61ms, mfu 69.44%
step 4000: train loss 3.7342, val loss 3.7539
saving checkpoint to /net/scratch2/junyuren/nanoGPT-manifold/out-small-baseline
iter 4000: loss 3.8875, time 7125.32ms, mfu 62.64%
iter 4010: loss 3.7959, time 137.10ms, mfu 63.39%
iter 4020: loss 3.9325, time 138.23ms, mfu 64.02%
iter 4030: loss 3.7458, time 137.48ms, mfu 64.62%
iter 4040: loss 3.7609, time 137.28ms, mfu 65.17%
iter 4050: loss 3.9029, time 137.53ms, mfu 65.66%
iter 4060: loss 3.9223, time 138.96ms, mfu 66.02%
iter 4070: loss 3.8854, time 139.64ms, mfu 66.31%
iter 4080: loss 3.6979, time 136.48ms, mfu 66.73%
iter 4090: loss 3.7902, time 140.74ms, mfu 66.90%
iter 4100: loss 3.9236, time 138.15ms, mfu 67.18%
iter 4110: loss 3.9000, time 138.45ms, mfu 67.42%
iter 4120: loss 3.9784, time 138.19ms, mfu 67.64%
iter 4130: loss 3.8556, time 140.69ms, mfu 67.72%
iter 4140: loss 3.8999, time 137.75ms, mfu 67.94%
iter 4150: loss 3.9594, time 140.03ms, mfu 68.02%
iter 4160: loss 3.8909, time 138.65ms, mfu 68.16%
iter 4170: loss 3.6583, time 138.00ms, mfu 68.32%
iter 4180: loss 3.8159, time 139.32ms, mfu 68.40%
iter 4190: loss 3.8824, time 140.30ms, mfu 68.42%
iter 4200: loss 3.8971, time 139.83ms, mfu 68.47%
iter 4210: loss 3.9483, time 139.26ms, mfu 68.53%
iter 4220: loss 3.9008, time 140.43ms, mfu 68.54%
iter 4230: loss 3.8228, time 140.85ms, mfu 68.52%
iter 4240: loss 3.8276, time 141.35ms, mfu 68.48%
iter 4250: loss 3.8652, time 138.28ms, mfu 68.59%
iter 4260: loss 3.9047, time 139.68ms, mfu 68.63%
iter 4270: loss 3.8122, time 138.93ms, mfu 68.69%
iter 4280: loss 3.7976, time 139.19ms, mfu 68.74%
iter 4290: loss 3.8408, time 139.31ms, mfu 68.78%
iter 4300: loss 3.8607, time 139.82ms, mfu 68.79%
iter 4310: loss 3.8304, time 139.46ms, mfu 68.81%
iter 4320: loss 3.9109, time 139.17ms, mfu 68.85%
iter 4330: loss 3.8814, time 140.00ms, mfu 68.84%
iter 4340: loss 3.9323, time 138.38ms, mfu 68.91%
iter 4350: loss 3.7516, time 138.30ms, mfu 68.98%
iter 4360: loss 3.8446, time 137.78ms, mfu 69.07%
iter 4370: loss 3.9279, time 140.87ms, mfu 69.00%
iter 4380: loss 3.7195, time 140.12ms, mfu 68.97%
iter 4390: loss 3.8125, time 139.34ms, mfu 68.98%
iter 4400: loss 3.8528, time 138.30ms, mfu 69.05%
iter 4410: loss 3.6935, time 138.52ms, mfu 69.09%
iter 4420: loss 3.7104, time 137.72ms, mfu 69.17%
iter 4430: loss 3.7191, time 139.40ms, mfu 69.16%
iter 4440: loss 3.7526, time 139.90ms, mfu 69.13%
iter 4450: loss 3.7409, time 139.01ms, mfu 69.14%
iter 4460: loss 3.7818, time 139.87ms, mfu 69.11%
iter 4470: loss 3.7137, time 137.73ms, mfu 69.19%
iter 4480: loss 3.7327, time 138.71ms, mfu 69.21%
iter 4490: loss 3.8223, time 140.62ms, mfu 69.14%
step 4500: train loss 3.7123, val loss 3.7188
saving checkpoint to /net/scratch2/junyuren/nanoGPT-manifold/out-small-baseline
iter 4500: loss 3.8829, time 7249.15ms, mfu 62.36%
iter 4510: loss 3.8974, time 138.53ms, mfu 63.07%
iter 4520: loss 3.8898, time 137.77ms, mfu 63.75%
iter 4530: loss 3.7813, time 138.42ms, mfu 64.33%
iter 4540: loss 3.8776, time 138.86ms, mfu 64.83%
iter 4550: loss 3.8314, time 138.20ms, mfu 65.32%
iter 4560: loss 3.7510, time 137.77ms, mfu 65.77%
iter 4570: loss 3.8971, time 137.42ms, mfu 66.20%
iter 4580: loss 3.8160, time 139.85ms, mfu 66.47%
iter 4590: loss 3.8225, time 137.98ms, mfu 66.80%
iter 4600: loss 3.8624, time 138.28ms, mfu 67.08%
iter 4610: loss 3.8245, time 140.03ms, mfu 67.25%
iter 4620: loss 3.8082, time 137.27ms, mfu 67.54%
iter 4630: loss 3.9016, time 140.55ms, mfu 67.63%
iter 4640: loss 3.9222, time 138.89ms, mfu 67.80%
iter 4650: loss 3.7893, time 138.00ms, mfu 68.00%
iter 4660: loss 3.8890, time 140.36ms, mfu 68.06%
iter 4670: loss 3.8144, time 137.28ms, mfu 68.27%
iter 4680: loss 3.5769, time 138.83ms, mfu 68.37%
iter 4690: loss 3.7634, time 137.93ms, mfu 68.52%
iter 4700: loss 3.8411, time 136.89ms, mfu 68.70%
iter 4710: loss 3.8554, time 138.05ms, mfu 68.80%
iter 4720: loss 3.7118, time 138.41ms, mfu 68.88%
iter 4730: loss 3.8614, time 138.53ms, mfu 68.94%
iter 4740: loss 3.7973, time 138.44ms, mfu 69.00%
iter 4750: loss 3.8729, time 138.95ms, mfu 69.03%
iter 4760: loss 3.8297, time 139.76ms, mfu 69.02%
iter 4770: loss 3.8367, time 139.25ms, mfu 69.03%
iter 4780: loss 3.8276, time 139.38ms, mfu 69.03%
iter 4790: loss 3.8036, time 140.23ms, mfu 69.00%
iter 4800: loss 3.7659, time 137.79ms, mfu 69.08%
iter 4810: loss 3.7429, time 138.40ms, mfu 69.13%
iter 4820: loss 3.8621, time 139.40ms, mfu 69.12%
iter 4830: loss 3.7210, time 136.64ms, mfu 69.26%
iter 4840: loss 3.7428, time 139.03ms, mfu 69.26%
iter 4850: loss 3.8023, time 139.21ms, mfu 69.25%
iter 4860: loss 3.8395, time 138.85ms, mfu 69.26%
iter 4870: loss 3.7016, time 140.15ms, mfu 69.20%
iter 4880: loss 3.7967, time 137.75ms, mfu 69.27%
iter 4890: loss 3.7155, time 138.21ms, mfu 69.31%
iter 4900: loss 3.8540, time 138.87ms, mfu 69.31%
iter 4910: loss 3.7923, time 137.44ms, mfu 69.39%
iter 4920: loss 3.8692, time 138.44ms, mfu 69.40%
iter 4930: loss 3.8675, time 138.22ms, mfu 69.43%
iter 4940: loss 3.8497, time 138.63ms, mfu 69.43%
iter 4950: loss 3.8349, time 139.29ms, mfu 69.40%
iter 4960: loss 3.7788, time 138.47ms, mfu 69.41%
iter 4970: loss 3.7933, time 139.01ms, mfu 69.40%
iter 4980: loss 3.7514, time 139.54ms, mfu 69.36%
iter 4990: loss 3.8073, time 139.78ms, mfu 69.31%
step 5000: train loss 3.6916, val loss 3.6993
saving checkpoint to /net/scratch2/junyuren/nanoGPT-manifold/out-small-baseline
iter 5000: loss 3.6837, time 7198.66ms, mfu 62.51%
iter 5010: loss 3.8068, time 137.36ms, mfu 63.27%
iter 5020: loss 3.8579, time 138.97ms, mfu 63.87%
iter 5030: loss 3.7512, time 138.27ms, mfu 64.45%
iter 5040: loss 3.7734, time 138.51ms, mfu 64.95%
iter 5050: loss 3.7876, time 136.55ms, mfu 65.51%
iter 5060: loss 3.6007, time 137.47ms, mfu 65.96%
iter 5070: loss 3.7090, time 137.90ms, mfu 66.35%
iter 5080: loss 3.8332, time 139.71ms, mfu 66.60%
iter 5090: loss 3.6950, time 138.87ms, mfu 66.88%
iter 5100: loss 3.8275, time 138.65ms, mfu 67.13%
iter 5110: loss 3.8140, time 138.22ms, mfu 67.38%
iter 5120: loss 3.7919, time 140.54ms, mfu 67.50%
iter 5130: loss 3.7681, time 138.39ms, mfu 67.70%
iter 5140: loss 3.8945, time 138.91ms, mfu 67.86%
iter 5150: loss 3.7074, time 138.70ms, mfu 68.02%
iter 5160: loss 3.8359, time 140.68ms, mfu 68.06%
iter 5170: loss 3.8623, time 139.29ms, mfu 68.17%
iter 5180: loss 3.9322, time 137.79ms, mfu 68.34%
iter 5190: loss 3.8036, time 139.98ms, mfu 68.38%
iter 5200: loss 3.6998, time 137.59ms, mfu 68.54%
iter 5210: loss 3.9270, time 139.25ms, mfu 68.60%
iter 5220: loss 3.8497, time 137.82ms, mfu 68.73%
iter 5230: loss 3.8777, time 138.32ms, mfu 68.81%
iter 5240: loss 3.6922, time 138.47ms, mfu 68.89%
iter 5250: loss 3.7685, time 138.33ms, mfu 68.96%
iter 5260: loss 3.6515, time 138.01ms, mfu 69.04%
iter 5270: loss 3.8200, time 139.19ms, mfu 69.05%
iter 5280: loss 3.8942, time 139.58ms, mfu 69.04%
iter 5290: loss 3.7907, time 140.87ms, mfu 68.97%
iter 5300: loss 3.7611, time 137.92ms, mfu 69.06%
iter 5310: loss 3.6152, time 139.11ms, mfu 69.07%
iter 5320: loss 3.8181, time 138.64ms, mfu 69.11%
iter 5330: loss 3.7706, time 139.35ms, mfu 69.11%
iter 5340: loss 3.8261, time 137.31ms, mfu 69.21%
iter 5350: loss 3.8871, time 139.04ms, mfu 69.21%
iter 5360: loss 3.6832, time 138.37ms, mfu 69.25%
iter 5370: loss 3.8908, time 138.71ms, mfu 69.26%
iter 5380: loss 3.6563, time 139.36ms, mfu 69.25%
iter 5390: loss 3.6383, time 137.37ms, mfu 69.33%
iter 5400: loss 3.7770, time 139.13ms, mfu 69.32%
iter 5410: loss 3.6733, time 138.80ms, mfu 69.32%
iter 5420: loss 3.7871, time 138.96ms, mfu 69.32%
iter 5430: loss 3.7114, time 136.80ms, mfu 69.42%
iter 5440: loss 3.7919, time 139.02ms, mfu 69.41%
iter 5450: loss 3.7569, time 138.90ms, mfu 69.40%
iter 5460: loss 3.8792, time 138.81ms, mfu 69.39%
iter 5470: loss 3.7158, time 138.86ms, mfu 69.39%
iter 5480: loss 3.7113, time 139.97ms, mfu 69.33%
iter 5490: loss 3.8090, time 138.30ms, mfu 69.36%
step 5500: train loss 3.6560, val loss 3.6737
saving checkpoint to /net/scratch2/junyuren/nanoGPT-manifold/out-small-baseline
iter 5500: loss 3.8467, time 7126.89ms, mfu 62.56%
iter 5510: loss 3.7923, time 137.95ms, mfu 63.28%
iter 5520: loss 3.7421, time 137.94ms, mfu 63.93%
iter 5530: loss 3.7252, time 138.56ms, mfu 64.49%
iter 5540: loss 3.7389, time 137.94ms, mfu 65.02%
iter 5550: loss 3.7361, time 136.66ms, mfu 65.56%
iter 5560: loss 3.8247, time 138.23ms, mfu 65.97%
iter 5570: loss 3.7827, time 139.45ms, mfu 66.28%
iter 5580: loss 3.6907, time 139.25ms, mfu 66.56%
iter 5590: loss 3.7888, time 138.07ms, mfu 66.88%
iter 5600: loss 3.8337, time 137.64ms, mfu 67.19%
iter 5610: loss 3.8339, time 137.95ms, mfu 67.45%
iter 5620: loss 3.7995, time 139.63ms, mfu 67.60%
iter 5630: loss 3.7223, time 138.96ms, mfu 67.77%
iter 5640: loss 3.8596, time 138.82ms, mfu 67.93%
iter 5650: loss 3.6666, time 140.16ms, mfu 68.00%
iter 5660: loss 3.7008, time 138.85ms, mfu 68.14%
iter 5670: loss 3.8241, time 139.56ms, mfu 68.22%
iter 5680: loss 3.7037, time 137.78ms, mfu 68.39%
iter 5690: loss 3.7966, time 139.96ms, mfu 68.43%
iter 5700: loss 3.6245, time 140.97ms, mfu 68.41%
iter 5710: loss 3.7701, time 138.26ms, mfu 68.54%
iter 5720: loss 3.6396, time 138.60ms, mfu 68.63%
iter 5730: loss 3.8379, time 138.27ms, mfu 68.73%
iter 5740: loss 3.7314, time 137.44ms, mfu 68.86%
iter 5750: loss 3.7681, time 139.25ms, mfu 68.89%
iter 5760: loss 3.8576, time 138.45ms, mfu 68.95%
iter 5770: loss 3.9349, time 139.35ms, mfu 68.97%
iter 5780: loss 3.6366, time 139.04ms, mfu 69.00%
iter 5790: loss 3.7584, time 137.77ms, mfu 69.08%
iter 5800: loss 3.7922, time 138.92ms, mfu 69.11%
iter 5810: loss 3.8808, time 137.48ms, mfu 69.20%
iter 5820: loss 3.6783, time 138.10ms, mfu 69.25%
iter 5830: loss 3.8036, time 138.87ms, mfu 69.26%
iter 5840: loss 3.7531, time 138.78ms, mfu 69.27%
iter 5850: loss 3.7179, time 139.55ms, mfu 69.24%
iter 5860: loss 3.7178, time 141.54ms, mfu 69.12%
iter 5870: loss 3.6814, time 138.40ms, mfu 69.16%
iter 5880: loss 3.8514, time 138.32ms, mfu 69.21%
iter 5890: loss 3.8768, time 138.07ms, mfu 69.26%
iter 5900: loss 3.8615, time 137.04ms, mfu 69.36%
iter 5910: loss 3.7394, time 139.66ms, mfu 69.32%
iter 5920: loss 3.8012, time 138.48ms, mfu 69.34%
iter 5930: loss 3.6753, time 138.45ms, mfu 69.36%
iter 5940: loss 3.5990, time 139.10ms, mfu 69.34%
iter 5950: loss 3.7048, time 137.72ms, mfu 69.40%
iter 5960: loss 3.7954, time 138.59ms, mfu 69.41%
iter 5970: loss 3.9077, time 137.93ms, mfu 69.45%
iter 5980: loss 3.7230, time 141.55ms, mfu 69.30%
iter 5990: loss 3.7388, time 140.00ms, mfu 69.25%
step 6000: train loss 3.6436, val loss 3.6464
saving checkpoint to /net/scratch2/junyuren/nanoGPT-manifold/out-small-baseline
iter 6000: loss 3.6824, time 7542.17ms, mfu 62.45%
iter 6010: loss 3.7894, time 137.88ms, mfu 63.19%
iter 6020: loss 3.8222, time 136.81ms, mfu 63.91%
iter 6030: loss 3.7656, time 137.54ms, mfu 64.52%
iter 6040: loss 3.7913, time 137.15ms, mfu 65.09%
iter 6050: loss 3.7701, time 138.83ms, mfu 65.51%
iter 6060: loss 3.5811, time 137.55ms, mfu 65.96%
iter 6070: loss 3.7625, time 137.79ms, mfu 66.35%
iter 6080: loss 3.8014, time 139.63ms, mfu 66.61%
iter 6090: loss 3.8122, time 138.80ms, mfu 66.89%
iter 6100: loss 3.7061, time 138.64ms, mfu 67.14%
iter 6110: loss 3.7246, time 139.08ms, mfu 67.35%
iter 6120: loss 3.7745, time 140.31ms, mfu 67.48%
iter 6130: loss 3.7165, time 138.16ms, mfu 67.70%
iter 6140: loss 3.7724, time 139.72ms, mfu 67.82%
iter 6150: loss 3.8740, time 139.12ms, mfu 67.96%
iter 6160: loss 3.8035, time 138.76ms, mfu 68.10%
iter 6170: loss 3.7228, time 138.28ms, mfu 68.25%
iter 6180: loss 3.6905, time 138.15ms, mfu 68.40%
iter 6190: loss 3.6264, time 139.13ms, mfu 68.48%
iter 6200: loss 3.7997, time 139.14ms, mfu 68.55%
iter 6210: loss 3.8160, time 140.03ms, mfu 68.57%
iter 6220: loss 3.7634, time 138.84ms, mfu 68.65%
iter 6230: loss 3.6865, time 139.12ms, mfu 68.70%
iter 6240: loss 3.6705, time 137.18ms, mfu 68.85%
iter 6250: loss 3.7040, time 139.18ms, mfu 68.88%
iter 6260: loss 3.7671, time 137.54ms, mfu 69.00%
iter 6270: loss 3.5860, time 137.66ms, mfu 69.09%
iter 6280: loss 3.6816, time 139.22ms, mfu 69.10%
iter 6290: loss 3.6531, time 138.61ms, mfu 69.13%
iter 6300: loss 3.7989, time 137.23ms, mfu 69.24%
iter 6310: loss 3.6351, time 138.96ms, mfu 69.24%
iter 6320: loss 3.6341, time 138.62ms, mfu 69.26%
iter 6330: loss 3.7686, time 138.67ms, mfu 69.28%
iter 6340: loss 3.6957, time 138.81ms, mfu 69.29%
iter 6350: loss 3.7691, time 139.56ms, mfu 69.26%
iter 6360: loss 3.6997, time 137.04ms, mfu 69.36%
iter 6370: loss 3.7065, time 139.24ms, mfu 69.34%
iter 6380: loss 3.7777, time 139.73ms, mfu 69.29%
iter 6390: loss 3.7816, time 138.66ms, mfu 69.31%
iter 6400: loss 3.7760, time 139.13ms, mfu 69.30%
iter 6410: loss 3.6510, time 138.63ms, mfu 69.31%
iter 6420: loss 3.7236, time 139.65ms, mfu 69.27%
iter 6430: loss 3.7945, time 139.31ms, mfu 69.26%
iter 6440: loss 3.7876, time 138.41ms, mfu 69.29%
iter 6450: loss 3.7783, time 139.10ms, mfu 69.28%
iter 6460: loss 3.7200, time 139.47ms, mfu 69.26%
iter 6470: loss 3.8495, time 139.22ms, mfu 69.25%
iter 6480: loss 3.6488, time 139.31ms, mfu 69.23%
iter 6490: loss 3.7600, time 141.56ms, mfu 69.11%
step 6500: train loss 3.6300, val loss 3.6286
saving checkpoint to /net/scratch2/junyuren/nanoGPT-manifold/out-small-baseline
iter 6500: loss 3.7200, time 7089.15ms, mfu 62.33%
iter 6510: loss 3.7327, time 138.27ms, mfu 63.06%
iter 6520: loss 3.5923, time 138.21ms, mfu 63.72%
iter 6530: loss 3.7466, time 137.62ms, mfu 64.35%
iter 6540: loss 3.7698, time 136.38ms, mfu 64.97%
iter 6550: loss 3.6300, time 138.27ms, mfu 65.44%
iter 6560: loss 3.7200, time 139.09ms, mfu 65.82%
iter 6570: loss 3.8123, time 139.45ms, mfu 66.14%
iter 6580: loss 3.7052, time 137.08ms, mfu 66.55%
iter 6590: loss 3.6641, time 139.86ms, mfu 66.78%
iter 6600: loss 3.7076, time 138.02ms, mfu 67.08%
iter 6610: loss 3.6341, time 139.43ms, mfu 67.27%
iter 6620: loss 3.9033, time 137.34ms, mfu 67.56%
iter 6630: loss 3.6344, time 139.11ms, mfu 67.72%
iter 6640: loss 3.7881, time 138.38ms, mfu 67.91%
iter 6650: loss 3.6950, time 140.27ms, mfu 67.98%
iter 6660: loss 3.7693, time 139.44ms, mfu 68.09%
iter 6670: loss 3.7467, time 139.19ms, mfu 68.19%
iter 6680: loss 3.6851, time 140.77ms, mfu 68.21%
iter 6690: loss 3.6940, time 141.42ms, mfu 68.20%
iter 6700: loss 3.7910, time 141.75ms, mfu 68.17%
iter 6710: loss 3.7730, time 140.69ms, mfu 68.20%
iter 6720: loss 3.7823, time 139.81ms, mfu 68.27%
iter 6730: loss 3.8132, time 140.83ms, mfu 68.28%
iter 6740: loss 3.6306, time 139.47ms, mfu 68.35%
iter 6750: loss 3.8027, time 138.61ms, mfu 68.46%
iter 6760: loss 3.8253, time 138.27ms, mfu 68.58%
iter 6770: loss 3.6882, time 138.49ms, mfu 68.67%
iter 6780: loss 3.6992, time 139.14ms, mfu 68.73%
iter 6790: loss 3.7916, time 138.80ms, mfu 68.79%
iter 6800: loss 3.8731, time 138.50ms, mfu 68.86%
iter 6810: loss 3.7242, time 139.37ms, mfu 68.88%
iter 6820: loss 3.7556, time 139.39ms, mfu 68.90%
iter 6830: loss 3.7289, time 138.40ms, mfu 68.97%
iter 6840: loss 3.7985, time 139.49ms, mfu 68.97%
iter 6850: loss 3.7121, time 139.73ms, mfu 68.97%
iter 6860: loss 3.7395, time 137.29ms, mfu 69.08%
iter 6870: loss 3.7335, time 138.55ms, mfu 69.12%
iter 6880: loss 3.7244, time 138.05ms, mfu 69.19%
iter 6890: loss 3.6831, time 139.06ms, mfu 69.19%
iter 6900: loss 3.8460, time 138.87ms, mfu 69.20%
iter 6910: loss 3.7599, time 139.21ms, mfu 69.20%
iter 6920: loss 3.8155, time 138.48ms, mfu 69.23%
iter 6930: loss 3.6434, time 139.66ms, mfu 69.20%
iter 6940: loss 3.7357, time 137.41ms, mfu 69.29%
iter 6950: loss 3.7292, time 138.56ms, mfu 69.31%
iter 6960: loss 3.7410, time 138.56ms, mfu 69.33%
iter 6970: loss 3.7297, time 138.69ms, mfu 69.34%
iter 6980: loss 3.7559, time 141.06ms, mfu 69.23%
iter 6990: loss 3.6604, time 137.73ms, mfu 69.30%
step 7000: train loss 3.6102, val loss 3.6208
saving checkpoint to /net/scratch2/junyuren/nanoGPT-manifold/out-small-baseline
iter 7000: loss 3.7062, time 7112.27ms, mfu 62.50%
iter 7010: loss 3.7700, time 139.07ms, mfu 63.17%
iter 7020: loss 3.5968, time 137.48ms, mfu 63.86%
iter 7030: loss 3.6827, time 137.84ms, mfu 64.46%
iter 7040: loss 3.7854, time 138.55ms, mfu 64.96%
iter 7050: loss 3.7110, time 138.85ms, mfu 65.40%
iter 7060: loss 3.7887, time 137.78ms, mfu 65.85%
iter 7070: loss 3.5895, time 139.13ms, mfu 66.18%
iter 7080: loss 3.6891, time 141.30ms, mfu 66.38%
iter 7090: loss 3.6685, time 137.12ms, mfu 66.76%
iter 7100: loss 3.7568, time 138.49ms, mfu 67.04%
iter 7110: loss 3.8213, time 138.45ms, mfu 67.29%
iter 7120: loss 3.6349, time 140.01ms, mfu 67.44%
iter 7130: loss 3.8784, time 139.72ms, mfu 67.58%
iter 7140: loss 3.6795, time 137.58ms, mfu 67.82%
iter 7150: loss 3.8313, time 139.52ms, mfu 67.94%
iter 7160: loss 3.6779, time 138.34ms, mfu 68.11%
iter 7170: loss 3.7509, time 139.35ms, mfu 68.20%
iter 7180: loss 3.6403, time 139.07ms, mfu 68.31%
iter 7190: loss 3.7227, time 140.20ms, mfu 68.34%
iter 7200: loss 3.7875, time 141.88ms, mfu 68.29%
iter 7210: loss 3.7236, time 140.94ms, mfu 68.30%
iter 7220: loss 3.7748, time 140.65ms, mfu 68.31%
iter 7230: loss 3.7044, time 140.69ms, mfu 68.32%
iter 7240: loss 3.5615, time 139.26ms, mfu 68.41%
iter 7250: loss 3.6367, time 139.60ms, mfu 68.46%
iter 7260: loss 3.7893, time 139.91ms, mfu 68.50%
iter 7270: loss 3.6264, time 139.78ms, mfu 68.53%
iter 7280: loss 3.8117, time 139.77ms, mfu 68.57%
iter 7290: loss 3.7312, time 139.73ms, mfu 68.60%
iter 7300: loss 3.7286, time 139.08ms, mfu 68.67%
iter 7310: loss 3.6431, time 137.94ms, mfu 68.78%
iter 7320: loss 3.5926, time 139.15ms, mfu 68.82%
iter 7330: loss 3.6939, time 139.95ms, mfu 68.82%
iter 7340: loss 3.7497, time 139.72ms, mfu 68.83%
iter 7350: loss 3.5925, time 139.72ms, mfu 68.83%
iter 7360: loss 3.8109, time 139.74ms, mfu 68.84%
iter 7370: loss 3.6644, time 139.21ms, mfu 68.87%
iter 7380: loss 3.7442, time 140.43ms, mfu 68.84%
iter 7390: loss 3.6496, time 139.60ms, mfu 68.85%
iter 7400: loss 3.7752, time 138.90ms, mfu 68.90%
iter 7410: loss 3.7995, time 138.93ms, mfu 68.94%
iter 7420: loss 3.8092, time 139.60ms, mfu 68.94%
iter 7430: loss 3.6473, time 139.61ms, mfu 68.94%
iter 7440: loss 3.7128, time 138.91ms, mfu 68.98%
iter 7450: loss 3.8206, time 140.14ms, mfu 68.95%
iter 7460: loss 3.6759, time 140.61ms, mfu 68.91%
iter 7470: loss 3.7678, time 140.37ms, mfu 68.87%
iter 7480: loss 3.5981, time 140.21ms, mfu 68.85%
iter 7490: loss 3.7095, time 137.55ms, mfu 68.97%
step 7500: train loss 3.5966, val loss 3.6008
saving checkpoint to /net/scratch2/junyuren/nanoGPT-manifold/out-small-baseline
iter 7500: loss 3.6381, time 7148.29ms, mfu 62.21%
iter 7510: loss 3.6551, time 138.72ms, mfu 62.93%
iter 7520: loss 3.6699, time 138.42ms, mfu 63.59%
iter 7530: loss 3.7631, time 138.20ms, mfu 64.20%
iter 7540: loss 3.8650, time 138.80ms, mfu 64.71%
iter 7550: loss 3.6604, time 137.82ms, mfu 65.23%
iter 7560: loss 3.6467, time 140.16ms, mfu 65.57%
iter 7570: loss 3.7615, time 138.04ms, mfu 65.99%
iter 7580: loss 3.6121, time 139.04ms, mfu 66.32%
iter 7590: loss 3.7111, time 139.56ms, mfu 66.58%
iter 7600: loss 3.6725, time 137.60ms, mfu 66.92%
iter 7610: loss 3.6496, time 138.89ms, mfu 67.16%
iter 7620: loss 3.5816, time 138.82ms, mfu 67.38%
iter 7630: loss 3.6518, time 139.75ms, mfu 67.53%
iter 7640: loss 3.7418, time 138.05ms, mfu 67.75%
iter 7650: loss 3.7335, time 138.06ms, mfu 67.95%
iter 7660: loss 3.6887, time 139.16ms, mfu 68.07%
iter 7670: loss 3.7195, time 139.60ms, mfu 68.16%
iter 7680: loss 3.6846, time 137.26ms, mfu 68.36%
iter 7690: loss 3.7063, time 139.67ms, mfu 68.42%
iter 7700: loss 3.6503, time 138.25ms, mfu 68.54%
iter 7710: loss 3.7969, time 139.59ms, mfu 68.58%
iter 7720: loss 3.7638, time 139.14ms, mfu 68.65%
iter 7730: loss 3.6903, time 139.73ms, mfu 68.67%
iter 7740: loss 3.7236, time 140.85ms, mfu 68.64%
iter 7750: loss 3.6564, time 141.11ms, mfu 68.60%
iter 7760: loss 3.6240, time 139.38ms, mfu 68.65%
iter 7770: loss 3.7600, time 140.51ms, mfu 68.63%
iter 7780: loss 3.6973, time 137.41ms, mfu 68.78%
iter 7790: loss 3.7579, time 139.69ms, mfu 68.79%
iter 7800: loss 3.6162, time 138.12ms, mfu 68.88%
iter 7810: loss 3.6985, time 139.57ms, mfu 68.89%
iter 7820: loss 3.7014, time 137.78ms, mfu 68.99%
iter 7830: loss 3.7862, time 139.07ms, mfu 69.01%
iter 7840: loss 3.7695, time 138.65ms, mfu 69.06%
iter 7850: loss 3.6980, time 139.44ms, mfu 69.06%
iter 7860: loss 3.6726, time 138.61ms, mfu 69.10%
iter 7870: loss 3.6929, time 139.01ms, mfu 69.11%
iter 7880: loss 3.8384, time 139.37ms, mfu 69.11%
iter 7890: loss 3.6802, time 138.73ms, mfu 69.14%
iter 7900: loss 3.7494, time 137.84ms, mfu 69.21%
iter 7910: loss 3.7729, time 137.67ms, mfu 69.28%
iter 7920: loss 3.7189, time 138.19ms, mfu 69.32%
iter 7930: loss 3.5544, time 138.99ms, mfu 69.32%
iter 7940: loss 3.6702, time 138.83ms, mfu 69.32%
iter 7950: loss 3.6964, time 138.52ms, mfu 69.34%
iter 7960: loss 3.6595, time 138.58ms, mfu 69.35%
iter 7970: loss 3.7521, time 139.30ms, mfu 69.33%
iter 7980: loss 3.8009, time 138.72ms, mfu 69.34%
iter 7990: loss 3.7405, time 139.00ms, mfu 69.33%
step 8000: train loss 3.5915, val loss 3.5965
saving checkpoint to /net/scratch2/junyuren/nanoGPT-manifold/out-small-baseline
iter 8000: loss 3.6649, time 7195.57ms, mfu 62.53%
iter 8010: loss 3.7380, time 137.31ms, mfu 63.29%
iter 8020: loss 3.7495, time 137.82ms, mfu 63.94%
iter 8030: loss 3.7788, time 137.97ms, mfu 64.53%
iter 8040: loss 3.6695, time 139.68ms, mfu 64.97%
iter 8050: loss 3.6738, time 139.73ms, mfu 65.36%
iter 8060: loss 3.7064, time 139.07ms, mfu 65.75%
iter 8070: loss 3.8431, time 138.12ms, mfu 66.14%
iter 8080: loss 3.7856, time 138.69ms, mfu 66.47%
iter 8090: loss 3.7482, time 139.38ms, mfu 66.73%
iter 8100: loss 3.7234, time 137.99ms, mfu 67.04%
iter 8110: loss 3.7032, time 139.45ms, mfu 67.24%
iter 8120: loss 3.7051, time 138.82ms, mfu 67.45%
iter 8130: loss 3.6589, time 141.05ms, mfu 67.53%
iter 8140: loss 3.7113, time 138.02ms, mfu 67.75%
iter 8150: loss 3.7181, time 138.77ms, mfu 67.92%
iter 8160: loss 3.6181, time 138.71ms, mfu 68.06%
iter 8170: loss 3.7253, time 140.96ms, mfu 68.09%
iter 8180: loss 3.7327, time 138.09ms, mfu 68.25%
iter 8190: loss 3.6169, time 139.00ms, mfu 68.35%
iter 8200: loss 3.7364, time 138.94ms, mfu 68.45%
iter 8210: loss 3.6794, time 140.15ms, mfu 68.47%
iter 8220: loss 3.6782, time 140.29ms, mfu 68.49%
iter 8230: loss 3.6410, time 139.86ms, mfu 68.52%
iter 8240: loss 3.7605, time 138.74ms, mfu 68.61%
iter 8250: loss 3.7223, time 139.27ms, mfu 68.66%
iter 8260: loss 3.7888, time 139.74ms, mfu 68.69%
iter 8270: loss 3.5835, time 139.46ms, mfu 68.72%
iter 8280: loss 3.8300, time 139.52ms, mfu 68.75%
iter 8290: loss 3.6450, time 139.95ms, mfu 68.75%
iter 8300: loss 3.6561, time 139.71ms, mfu 68.77%
iter 8310: loss 3.7608, time 139.35ms, mfu 68.80%
iter 8320: loss 3.6442, time 139.46ms, mfu 68.83%
iter 8330: loss 3.8526, time 139.30ms, mfu 68.85%
iter 8340: loss 3.7092, time 139.09ms, mfu 68.89%
iter 8350: loss 3.6962, time 139.17ms, mfu 68.92%
iter 8360: loss 3.8351, time 139.52ms, mfu 68.93%
iter 8370: loss 3.6557, time 139.69ms, mfu 68.93%
iter 8380: loss 3.9419, time 140.34ms, mfu 68.90%
iter 8390: loss 3.6621, time 140.06ms, mfu 68.88%
iter 8400: loss 3.6561, time 138.72ms, mfu 68.93%
iter 8410: loss 3.7080, time 138.78ms, mfu 68.98%
iter 8420: loss 3.7065, time 139.34ms, mfu 68.99%
iter 8430: loss 3.7989, time 139.19ms, mfu 69.01%
iter 8440: loss 3.6884, time 141.39ms, mfu 68.91%
iter 8450: loss 3.6924, time 140.55ms, mfu 68.87%
iter 8460: loss 3.6618, time 141.12ms, mfu 68.81%
iter 8470: loss 3.6905, time 139.46ms, mfu 68.83%
iter 8480: loss 3.6037, time 137.67ms, mfu 68.94%
iter 8490: loss 3.7408, time 138.95ms, mfu 68.98%
step 8500: train loss 3.5804, val loss 3.5839
saving checkpoint to /net/scratch2/junyuren/nanoGPT-manifold/out-small-baseline
iter 8500: loss 3.7270, time 7344.52ms, mfu 62.21%
iter 8510: loss 3.6730, time 137.61ms, mfu 62.99%
iter 8520: loss 3.7843, time 137.15ms, mfu 63.71%
iter 8530: loss 3.7399, time 138.55ms, mfu 64.29%
iter 8540: loss 3.7906, time 138.14ms, mfu 64.83%
iter 8550: loss 3.7616, time 138.38ms, mfu 65.30%
iter 8560: loss 3.7208, time 138.33ms, mfu 65.73%
iter 8570: loss 3.5864, time 139.05ms, mfu 66.08%
iter 8580: loss 3.6147, time 138.24ms, mfu 66.44%
iter 8590: loss 3.6863, time 140.07ms, mfu 66.67%
iter 8600: loss 3.7188, time 138.38ms, mfu 66.96%
iter 8610: loss 3.7683, time 139.72ms, mfu 67.15%
iter 8620: loss 3.7532, time 138.48ms, mfu 67.39%
iter 8630: loss 3.6689, time 138.37ms, mfu 67.61%
iter 8640: loss 3.6496, time 138.27ms, mfu 67.81%
iter 8650: loss 3.7781, time 139.19ms, mfu 67.95%
iter 8660: loss 3.6554, time 139.31ms, mfu 68.06%
iter 8670: loss 3.7378, time 137.39ms, mfu 68.26%
iter 8680: loss 3.7103, time 139.36ms, mfu 68.35%
iter 8690: loss 3.6044, time 139.90ms, mfu 68.39%
iter 8700: loss 3.7559, time 139.17ms, mfu 68.47%
iter 8710: loss 3.4828, time 139.49ms, mfu 68.53%
iter 8720: loss 3.8233, time 139.68ms, mfu 68.57%
iter 8730: loss 3.6612, time 138.93ms, mfu 68.64%
iter 8740: loss 3.6389, time 140.79ms, mfu 68.61%
iter 8750: loss 3.7201, time 140.70ms, mfu 68.60%
iter 8760: loss 3.7374, time 140.21ms, mfu 68.60%
iter 8770: loss 3.7714, time 137.94ms, mfu 68.72%
iter 8780: loss 3.6858, time 141.21ms, mfu 68.67%
iter 8790: loss 3.6954, time 139.47ms, mfu 68.70%
iter 8800: loss 3.7367, time 137.79ms, mfu 68.82%
iter 8810: loss 3.5251, time 139.58ms, mfu 68.84%
iter 8820: loss 3.7153, time 139.36ms, mfu 68.86%
iter 8830: loss 3.7183, time 140.53ms, mfu 68.83%
iter 8840: loss 3.7741, time 139.88ms, mfu 68.83%
iter 8850: loss 3.6731, time 139.59ms, mfu 68.84%
iter 8860: loss 3.7124, time 138.77ms, mfu 68.89%
iter 8870: loss 3.6504, time 137.19ms, mfu 69.02%
iter 8880: loss 3.7697, time 139.30ms, mfu 69.03%
iter 8890: loss 3.8277, time 139.49ms, mfu 69.03%
iter 8900: loss 3.6614, time 138.72ms, mfu 69.07%
iter 8910: loss 3.6785, time 139.69ms, mfu 69.05%
iter 8920: loss 3.7316, time 137.76ms, mfu 69.14%
iter 8930: loss 3.5317, time 138.59ms, mfu 69.17%
iter 8940: loss 3.6560, time 137.91ms, mfu 69.24%
iter 8950: loss 3.7666, time 138.50ms, mfu 69.26%
iter 8960: loss 3.8280, time 139.88ms, mfu 69.22%
iter 8970: loss 3.6126, time 139.61ms, mfu 69.19%
iter 8980: loss 3.6812, time 138.85ms, mfu 69.21%
iter 8990: loss 3.7704, time 139.47ms, mfu 69.19%
step 9000: train loss 3.5664, val loss 3.5821
saving checkpoint to /net/scratch2/junyuren/nanoGPT-manifold/out-small-baseline
iter 9000: loss 3.7545, time 7143.21ms, mfu 62.41%
iter 9010: loss 3.6729, time 137.24ms, mfu 63.18%
iter 9020: loss 3.7075, time 138.44ms, mfu 63.82%
iter 9030: loss 3.5680, time 137.74ms, mfu 64.43%
iter 9040: loss 3.6479, time 139.23ms, mfu 64.90%
iter 9050: loss 3.7639, time 138.30ms, mfu 65.37%
iter 9060: loss 3.6924, time 139.47ms, mfu 65.74%
iter 9070: loss 3.6859, time 137.55ms, mfu 66.16%
iter 9080: loss 3.6628, time 138.07ms, mfu 66.52%
iter 9090: loss 3.7890, time 139.57ms, mfu 66.76%
iter 9100: loss 3.7693, time 137.55ms, mfu 67.09%
iter 9110: loss 3.8507, time 139.04ms, mfu 67.30%
iter 9120: loss 3.6256, time 140.69ms, mfu 67.42%
iter 9130: loss 3.7597, time 139.47ms, mfu 67.58%
iter 9140: loss 3.6845, time 139.90ms, mfu 67.70%
iter 9150: loss 3.6408, time 140.28ms, mfu 67.79%
iter 9160: loss 3.6718, time 140.04ms, mfu 67.89%
iter 9170: loss 3.7599, time 138.42ms, mfu 68.06%
iter 9180: loss 3.7030, time 140.59ms, mfu 68.10%
iter 9190: loss 3.6150, time 140.20ms, mfu 68.16%
iter 9200: loss 3.5909, time 139.48ms, mfu 68.24%
iter 9210: loss 3.6618, time 139.42ms, mfu 68.32%
iter 9220: loss 3.7212, time 139.32ms, mfu 68.40%
iter 9230: loss 3.6834, time 138.66ms, mfu 68.51%
iter 9240: loss 3.6634, time 139.56ms, mfu 68.55%
iter 9250: loss 3.5928, time 139.96ms, mfu 68.58%
iter 9260: loss 3.6116, time 138.59ms, mfu 68.67%
iter 9270: loss 3.7029, time 139.26ms, mfu 68.71%
iter 9280: loss 3.6214, time 138.90ms, mfu 68.77%
iter 9290: loss 3.5498, time 138.65ms, mfu 68.84%
iter 9300: loss 3.7026, time 138.41ms, mfu 68.91%
iter 9310: loss 3.7210, time 139.10ms, mfu 68.94%
iter 9320: loss 3.6204, time 138.45ms, mfu 69.00%
iter 9330: loss 3.7518, time 138.53ms, mfu 69.05%
iter 9340: loss 3.8032, time 138.40ms, mfu 69.10%
iter 9350: loss 3.6344, time 138.24ms, mfu 69.16%
iter 9360: loss 3.7541, time 139.02ms, mfu 69.17%
iter 9370: loss 3.6777, time 139.82ms, mfu 69.14%
iter 9380: loss 3.8381, time 139.46ms, mfu 69.13%
iter 9390: loss 3.7201, time 139.17ms, mfu 69.13%
iter 9400: loss 3.6716, time 139.21ms, mfu 69.13%
iter 9410: loss 3.6929, time 137.81ms, mfu 69.21%
iter 9420: loss 3.7205, time 138.39ms, mfu 69.24%
iter 9430: loss 3.6584, time 138.15ms, mfu 69.29%
iter 9440: loss 3.6792, time 138.28ms, mfu 69.32%
iter 9450: loss 3.5939, time 137.58ms, mfu 69.39%
iter 9460: loss 3.6438, time 138.45ms, mfu 69.40%
iter 9470: loss 3.7159, time 138.42ms, mfu 69.42%
iter 9480: loss 3.6990, time 138.55ms, mfu 69.42%
iter 9490: loss 3.7063, time 139.58ms, mfu 69.38%
step 9500: train loss 3.5682, val loss 3.5678
saving checkpoint to /net/scratch2/junyuren/nanoGPT-manifold/out-small-baseline
iter 9500: loss 3.6817, time 7205.29ms, mfu 62.58%
iter 9510: loss 3.6922, time 139.02ms, mfu 63.24%
iter 9520: loss 3.6536, time 138.51ms, mfu 63.87%
iter 9530: loss 3.6893, time 138.92ms, mfu 64.41%
iter 9540: loss 3.7010, time 138.54ms, mfu 64.92%
iter 9550: loss 3.6614, time 137.58ms, mfu 65.43%
iter 9560: loss 3.8287, time 138.31ms, mfu 65.85%
iter 9570: loss 3.6608, time 139.44ms, mfu 66.17%
iter 9580: loss 3.7066, time 138.72ms, mfu 66.49%
iter 9590: loss 3.6617, time 141.30ms, mfu 66.65%
iter 9600: loss 3.6756, time 137.35ms, mfu 67.00%
iter 9610: loss 3.6484, time 139.33ms, mfu 67.21%
iter 9620: loss 3.7003, time 138.75ms, mfu 67.43%
iter 9630: loss 3.7817, time 138.85ms, mfu 67.62%
iter 9640: loss 3.7546, time 140.00ms, mfu 67.73%
iter 9650: loss 3.6458, time 139.03ms, mfu 67.88%
iter 9660: loss 3.6673, time 138.24ms, mfu 68.06%
iter 9670: loss 3.6837, time 139.13ms, mfu 68.17%
iter 9680: loss 3.7448, time 139.97ms, mfu 68.24%
iter 9690: loss 3.7143, time 139.64ms, mfu 68.31%
iter 9700: loss 3.6190, time 140.85ms, mfu 68.31%
iter 9710: loss 3.7803, time 139.22ms, mfu 68.40%
iter 9720: loss 3.7551, time 138.73ms, mfu 68.50%
iter 9730: loss 3.6067, time 139.29ms, mfu 68.56%
iter 9740: loss 3.6984, time 140.49ms, mfu 68.56%
iter 9750: loss 3.6372, time 139.71ms, mfu 68.59%
iter 9760: loss 3.6676, time 139.05ms, mfu 68.66%
iter 9770: loss 3.8148, time 138.44ms, mfu 68.75%
iter 9780: loss 3.6230, time 138.58ms, mfu 68.82%
iter 9790: loss 3.6096, time 139.36ms, mfu 68.85%
iter 9800: loss 3.6631, time 138.63ms, mfu 68.91%
iter 9810: loss 3.8201, time 137.97ms, mfu 68.99%
iter 9820: loss 3.7541, time 138.26ms, mfu 69.06%
iter 9830: loss 3.7349, time 138.40ms, mfu 69.11%
iter 9840: loss 3.7611, time 138.46ms, mfu 69.15%
iter 9850: loss 3.5507, time 138.87ms, mfu 69.17%
iter 9860: loss 3.6371, time 139.04ms, mfu 69.18%
iter 9870: loss 3.7263, time 139.22ms, mfu 69.17%
iter 9880: loss 3.7431, time 138.69ms, mfu 69.20%
iter 9890: loss 3.5884, time 138.88ms, mfu 69.21%
iter 9900: loss 3.6752, time 137.39ms, mfu 69.30%
iter 9910: loss 3.7670, time 138.07ms, mfu 69.34%
iter 9920: loss 3.7256, time 138.44ms, mfu 69.36%
iter 9930: loss 3.6016, time 138.52ms, mfu 69.38%
iter 9940: loss 3.5623, time 138.16ms, mfu 69.41%
iter 9950: loss 3.6920, time 139.06ms, mfu 69.39%
iter 9960: loss 3.5921, time 140.19ms, mfu 69.32%
iter 9970: loss 3.6815, time 138.57ms, mfu 69.33%
iter 9980: loss 3.7401, time 138.80ms, mfu 69.34%
iter 9990: loss 3.6533, time 138.25ms, mfu 69.37%
step 10000: train loss 3.5637, val loss 3.5676
saving checkpoint to /net/scratch2/junyuren/nanoGPT-manifold/out-small-baseline
iter 10000: loss 3.7057, time 7292.08ms, mfu 62.56%
