Overriding config with config/train_gpt2_small_mlp_grass_r192.py:
# Small-scale GPT: MLP-only Grassmann, r=192 (37.5% of width)
# Proof of concept: Does Grassmann help at small scale?
# ~50M params, 6 layers, d=512

# Architecture (small-scale)
n_layer = 6
n_head = 8
n_embd = 512
block_size = 1024
dropout = 0.1
bias = False

# Enable Grassmann ONLY for c_fc (MLP), NO gating
use_grassmann = True
use_grassmann_c_attn = False  # AdamW for attention
use_grassmann_c_fc = True     # Grassmann for MLP
use_full_block_decomp = False

# Grassmann configuration: G_{1,0,r=192}
grass_rank = 192  # 37.5% of n_embd
grass_scale = 10.0
grass_a = 1.0
grass_b = 0.0
grass_lr = 2e-3

# NO gating (simplest test)
# gate_lr not needed

# Embedding LR
embed_lr = 3e-4

# Training hyperparameters
learning_rate = 6e-4
max_iters = 10000  # ~15B tokens, enough for convergence signal
warmup_iters = 1000
lr_decay_iters = 10000
min_lr = 6e-5

# Batch configuration (same as large-scale for fair comparison)
batch_size = 32
gradient_accumulation_steps = 12

# Regularization
weight_decay = 1e-1

# Optimizer
beta1 = 0.9
beta2 = 0.95
grad_clip = 1.0

# Evaluation
eval_interval = 500
eval_iters = 200
log_interval = 10

# Dataset
dataset = 'openwebtext'
data_dir = '/net/scratch2/junyuren/nanoGPT-manifold/data/openwebtext'
always_save_checkpoint = True

# Output directory
out_dir = '/net/scratch2/junyuren/nanoGPT-manifold/out-small-mlp-grass-r192'

# Compile
compile = True

# System
dtype = 'bfloat16'
device = 'cuda'

# Phase identifier
grassmann_phase = 'small_mlp_r192'

Overriding config with config/train_gpt2_small_mlp_grass_r192.py:
# Small-scale GPT: MLP-only Grassmann, r=192 (37.5% of width)
# Proof of concept: Does Grassmann help at small scale?
# ~50M params, 6 layers, d=512

# Architecture (small-scale)
n_layer = 6
n_head = 8
n_embd = 512
block_size = 1024
dropout = 0.1
bias = False

# Enable Grassmann ONLY for c_fc (MLP), NO gating
use_grassmann = True
use_grassmann_c_attn = False  # AdamW for attention
use_grassmann_c_fc = True     # Grassmann for MLP
use_full_block_decomp = False

# Grassmann configuration: G_{1,0,r=192}
grass_rank = 192  # 37.5% of n_embd
grass_scale = 10.0
grass_a = 1.0
grass_b = 0.0
grass_lr = 2e-3

# NO gating (simplest test)
# gate_lr not needed

# Embedding LR
embed_lr = 3e-4

# Training hyperparameters
learning_rate = 6e-4
max_iters = 10000  # ~15B tokens, enough for convergence signal
warmup_iters = 1000
lr_decay_iters = 10000
min_lr = 6e-5

# Batch configuration (same as large-scale for fair comparison)
batch_size = 32
gradient_accumulation_steps = 12

# Regularization
weight_decay = 1e-1

# Optimizer
beta1 = 0.9
beta2 = 0.95
grad_clip = 1.0

# Evaluation
eval_interval = 500
eval_iters = 200
log_interval = 10

# Dataset
dataset = 'openwebtext'
data_dir = '/net/scratch2/junyuren/nanoGPT-manifold/data/openwebtext'
always_save_checkpoint = True

# Output directory
out_dir = '/net/scratch2/junyuren/nanoGPT-manifold/out-small-mlp-grass-r192'

# Compile
compile = True

# System
dtype = 'bfloat16'
device = 'cuda'

# Phase identifier
grassmann_phase = 'small_mlp_r192'

Overriding config with config/train_gpt2_small_mlp_grass_r192.py:
# Small-scale GPT: MLP-only Grassmann, r=192 (37.5% of width)
# Proof of concept: Does Grassmann help at small scale?
# ~50M params, 6 layers, d=512

# Architecture (small-scale)
n_layer = 6
n_head = 8
n_embd = 512
block_size = 1024
dropout = 0.1
bias = False

# Enable Grassmann ONLY for c_fc (MLP), NO gating
use_grassmann = True
use_grassmann_c_attn = False  # AdamW for attention
use_grassmann_c_fc = True     # Grassmann for MLP
use_full_block_decomp = False

# Grassmann configuration: G_{1,0,r=192}
grass_rank = 192  # 37.5% of n_embd
grass_scale = 10.0
grass_a = 1.0
grass_b = 0.0
grass_lr = 2e-3

# NO gating (simplest test)
# gate_lr not needed

# Embedding LR
embed_lr = 3e-4

# Training hyperparameters
learning_rate = 6e-4
max_iters = 10000  # ~15B tokens, enough for convergence signal
warmup_iters = 1000
lr_decay_iters = 10000
min_lr = 6e-5

# Batch configuration (same as large-scale for fair comparison)
batch_size = 32
gradient_accumulation_steps = 12

# Regularization
weight_decay = 1e-1

# Optimizer
beta1 = 0.9
beta2 = 0.95
grad_clip = 1.0

# Evaluation
eval_interval = 500
eval_iters = 200
log_interval = 10

# Dataset
dataset = 'openwebtext'
data_dir = '/net/scratch2/junyuren/nanoGPT-manifold/data/openwebtext'
always_save_checkpoint = True

# Output directory
out_dir = '/net/scratch2/junyuren/nanoGPT-manifold/out-small-mlp-grass-r192'

# Compile
compile = True

# System
dtype = 'bfloat16'
device = 'cuda'

# Phase identifier
grassmann_phase = 'small_mlp_r192'

Overriding config with config/train_gpt2_small_mlp_grass_r192.py:
# Small-scale GPT: MLP-only Grassmann, r=192 (37.5% of width)
# Proof of concept: Does Grassmann help at small scale?
# ~50M params, 6 layers, d=512

# Architecture (small-scale)
n_layer = 6
n_head = 8
n_embd = 512
block_size = 1024
dropout = 0.1
bias = False

# Enable Grassmann ONLY for c_fc (MLP), NO gating
use_grassmann = True
use_grassmann_c_attn = False  # AdamW for attention
use_grassmann_c_fc = True     # Grassmann for MLP
use_full_block_decomp = False

# Grassmann configuration: G_{1,0,r=192}
grass_rank = 192  # 37.5% of n_embd
grass_scale = 10.0
grass_a = 1.0
grass_b = 0.0
grass_lr = 2e-3

# NO gating (simplest test)
# gate_lr not needed

# Embedding LR
embed_lr = 3e-4

# Training hyperparameters
learning_rate = 6e-4
max_iters = 10000  # ~15B tokens, enough for convergence signal
warmup_iters = 1000
lr_decay_iters = 10000
min_lr = 6e-5

# Batch configuration (same as large-scale for fair comparison)
batch_size = 32
gradient_accumulation_steps = 12

# Regularization
weight_decay = 1e-1

# Optimizer
beta1 = 0.9
beta2 = 0.95
grad_clip = 1.0

# Evaluation
eval_interval = 500
eval_iters = 200
log_interval = 10

# Dataset
dataset = 'openwebtext'
data_dir = '/net/scratch2/junyuren/nanoGPT-manifold/data/openwebtext'
always_save_checkpoint = True

# Output directory
out_dir = '/net/scratch2/junyuren/nanoGPT-manifold/out-small-mlp-grass-r192'

# Compile
compile = True

# System
dtype = 'bfloat16'
device = 'cuda'

# Phase identifier
grassmann_phase = 'small_mlp_r192'

tokens per iteration will be: 393,216
Initializing a new model from scratch
defaulting to vocab_size of GPT-2 to 50304 (50257 rounded up for efficiency)
tokens per iteration will be: 393,216
Initializing a new model from scratch
defaulting to vocab_size of GPT-2 to 50304 (50257 rounded up for efficiency)
tokens per iteration will be: 393,216
tokens per iteration will be: 393,216
Initializing a new model from scratch
defaulting to vocab_size of GPT-2 to 50304 (50257 rounded up for efficiency)
Initializing a new model from scratch
defaulting to vocab_size of GPT-2 to 50304 (50257 rounded up for efficiency)
number of parameters: 44.65M
number of parameters: 44.65M
number of parameters: 44.65M

=== Phase small_mlp_r192 Grassmann Configuration ===

Per-block configuration (6 blocks):
  c_attn ranks:       [192, 192, 192, 192, 192, 192]
  c_attn scales:      ['1.00', '1.00', '1.00', '1.00', '1.00', '1.00']
  mlp.c_fc ranks:     [192, 192, 192, 192, 192, 192]
  mlp.c_fc scales:    ['1.00', '1.00', '1.00', '1.00', '1.00', '1.00']
Grassmann Muon parameters: 24 weight matrices, 6,291,456 params
AdamW optimizer groups:
  Gates:      24 tensors, 12,288 params, lr=1.20e-03, wd=0.1
  Projections: 12 tensors, 7,864,320 params, lr=6.00e-04, wd=0.1
  Embeddings: 2 tensors, 26,279,936 params, lr=3.00e-04, wd=0.0
  Other decay: 6 tensors, 4,718,592 params, lr=6.00e-04, wd=0.1
  No decay:   13 tensors, 6,656 params, lr=6.00e-04, wd=0.0
  transformer.h.0.mlp.c_fc.blocks.0.weight: k=1, G_{1.0,0.0,192}, lr=0.008, scale=1.0, type=None
  transformer.h.0.mlp.c_fc.blocks.1.weight: k=1, G_{1.0,0.0,192}, lr=0.008, scale=1.0, type=None
  transformer.h.0.mlp.c_fc.blocks.2.weight: k=1, G_{1.0,0.0,192}, lr=0.008, scale=1.0, type=None
  transformer.h.0.mlp.c_fc.blocks.3.weight: k=1, G_{1.0,0.0,192}, lr=0.008, scale=1.0, type=None
  transformer.h.1.mlp.c_fc.blocks.0.weight: k=1, G_{1.0,0.0,192}, lr=0.008, scale=1.0, type=None
  transformer.h.1.mlp.c_fc.blocks.1.weight: k=1, G_{1.0,0.0,192}, lr=0.008, scale=1.0, type=None
  transformer.h.1.mlp.c_fc.blocks.2.weight: k=1, G_{1.0,0.0,192}, lr=0.008, scale=1.0, type=None
  transformer.h.1.mlp.c_fc.blocks.3.weight: k=1, G_{1.0,0.0,192}, lr=0.008, scale=1.0, type=None
  transformer.h.2.mlp.c_fc.blocks.0.weight: k=1, G_{1.0,0.0,192}, lr=0.008, scale=1.0, type=None
  transformer.h.2.mlp.c_fc.blocks.1.weight: k=1, G_{1.0,0.0,192}, lr=0.008, scale=1.0, type=None
  transformer.h.2.mlp.c_fc.blocks.2.weight: k=1, G_{1.0,0.0,192}, lr=0.008, scale=1.0, type=None
  transformer.h.2.mlp.c_fc.blocks.3.weight: k=1, G_{1.0,0.0,192}, lr=0.008, scale=1.0, type=None
  transformer.h.3.mlp.c_fc.blocks.0.weight: k=1, G_{1.0,0.0,192}, lr=0.008, scale=1.0, type=None
  transformer.h.3.mlp.c_fc.blocks.1.weight: k=1, G_{1.0,0.0,192}, lr=0.008, scale=1.0, type=None
  transformer.h.3.mlp.c_fc.blocks.2.weight: k=1, G_{1.0,0.0,192}, lr=0.008, scale=1.0, type=None
  transformer.h.3.mlp.c_fc.blocks.3.weight: k=1, G_{1.0,0.0,192}, lr=0.008, scale=1.0, type=None
  transformer.h.4.mlp.c_fc.blocks.0.weight: k=1, G_{1.0,0.0,192}, lr=0.008, scale=1.0, type=None
  transformer.h.4.mlp.c_fc.blocks.1.weight: k=1, G_{1.0,0.0,192}, lr=0.008, scale=1.0, type=None
  transformer.h.4.mlp.c_fc.blocks.2.weight: k=1, G_{1.0,0.0,192}, lr=0.008, scale=1.0, type=None
  transformer.h.4.mlp.c_fc.blocks.3.weight: k=1, G_{1.0,0.0,192}, lr=0.008, scale=1.0, type=None
  transformer.h.5.mlp.c_fc.blocks.0.weight: k=1, G_{1.0,0.0,192}, lr=0.008, scale=1.0, type=None
  transformer.h.5.mlp.c_fc.blocks.1.weight: k=1, G_{1.0,0.0,192}, lr=0.008, scale=1.0, type=None
  transformer.h.5.mlp.c_fc.blocks.2.weight: k=1, G_{1.0,0.0,192}, lr=0.008, scale=1.0, type=None
  transformer.h.5.mlp.c_fc.blocks.3.weight: k=1, G_{1.0,0.0,192}, lr=0.008, scale=1.0, type=None

=== Phase small_mlp_r192 Grassmann Configuration ===

Per-block configuration (6 blocks):
  c_attn ranks:       [192, 192, 192, 192, 192, 192]
  c_attn scales:      ['1.00', '1.00', '1.00', '1.00', '1.00', '1.00']
  mlp.c_fc ranks:     [192, 192, 192, 192, 192, 192]
  mlp.c_fc scales:    ['1.00', '1.00', '1.00', '1.00', '1.00', '1.00']
Grassmann Muon parameters: 24 weight matrices, 6,291,456 params
AdamW optimizer groups:
  Gates:      24 tensors, 12,288 params, lr=1.20e-03, wd=0.1
  Projections: 12 tensors, 7,864,320 params, lr=6.00e-04, wd=0.1
  Embeddings: 2 tensors, 26,279,936 params, lr=3.00e-04, wd=0.0
  Other decay: 6 tensors, 4,718,592 params, lr=6.00e-04, wd=0.1
  No decay:   13 tensors, 6,656 params, lr=6.00e-04, wd=0.0
  transformer.h.0.mlp.c_fc.blocks.0.weight: k=1, G_{1.0,0.0,192}, lr=0.008, scale=1.0, type=None
  transformer.h.0.mlp.c_fc.blocks.1.weight: k=1, G_{1.0,0.0,192}, lr=0.008, scale=1.0, type=None
  transformer.h.0.mlp.c_fc.blocks.2.weight: k=1, G_{1.0,0.0,192}, lr=0.008, scale=1.0, type=None
  transformer.h.0.mlp.c_fc.blocks.3.weight: k=1, G_{1.0,0.0,192}, lr=0.008, scale=1.0, type=None
  transformer.h.1.mlp.c_fc.blocks.0.weight: k=1, G_{1.0,0.0,192}, lr=0.008, scale=1.0, type=None
  transformer.h.1.mlp.c_fc.blocks.1.weight: k=1, G_{1.0,0.0,192}, lr=0.008, scale=1.0, type=None
  transformer.h.1.mlp.c_fc.blocks.2.weight: k=1, G_{1.0,0.0,192}, lr=0.008, scale=1.0, type=None
  transformer.h.1.mlp.c_fc.blocks.3.weight: k=1, G_{1.0,0.0,192}, lr=0.008, scale=1.0, type=None
  transformer.h.2.mlp.c_fc.blocks.0.weight: k=1, G_{1.0,0.0,192}, lr=0.008, scale=1.0, type=None
  transformer.h.2.mlp.c_fc.blocks.1.weight: k=1, G_{1.0,0.0,192}, lr=0.008, scale=1.0, type=None
  transformer.h.2.mlp.c_fc.blocks.2.weight: k=1, G_{1.0,0.0,192}, lr=0.008, scale=1.0, type=None
  transformer.h.2.mlp.c_fc.blocks.3.weight: k=1, G_{1.0,0.0,192}, lr=0.008, scale=1.0, type=None
  transformer.h.3.mlp.c_fc.blocks.0.weight: k=1, G_{1.0,0.0,192}, lr=0.008, scale=1.0, type=None
  transformer.h.3.mlp.c_fc.blocks.1.weight: k=1, G_{1.0,0.0,192}, lr=0.008, scale=1.0, type=None
  transformer.h.3.mlp.c_fc.blocks.2.weight: k=1, G_{1.0,0.0,192}, lr=0.008, scale=1.0, type=None
  transformer.h.3.mlp.c_fc.blocks.3.weight: k=1, G_{1.0,0.0,192}, lr=0.008, scale=1.0, type=None
  transformer.h.4.mlp.c_fc.blocks.0.weight: k=1, G_{1.0,0.0,192}, lr=0.008, scale=1.0, type=None
  transformer.h.4.mlp.c_fc.blocks.1.weight: k=1, G_{1.0,0.0,192}, lr=0.008, scale=1.0, type=None
  transformer.h.4.mlp.c_fc.blocks.2.weight: k=1, G_{1.0,0.0,192}, lr=0.008, scale=1.0, type=None
  transformer.h.4.mlp.c_fc.blocks.3.weight: k=1, G_{1.0,0.0,192}, lr=0.008, scale=1.0, type=None
  transformer.h.5.mlp.c_fc.blocks.0.weight: k=1, G_{1.0,0.0,192}, lr=0.008, scale=1.0, type=None
  transformer.h.5.mlp.c_fc.blocks.1.weight: k=1, G_{1.0,0.0,192}, lr=0.008, scale=1.0, type=None
  transformer.h.5.mlp.c_fc.blocks.2.weight: k=1, G_{1.0,0.0,192}, lr=0.008, scale=1.0, type=None
  transformer.h.5.mlp.c_fc.blocks.3.weight: k=1, G_{1.0,0.0,192}, lr=0.008, scale=1.0, type=None

=== Phase small_mlp_r192 Grassmann Configuration ===

Per-block configuration (6 blocks):
  c_attn ranks:       [192, 192, 192, 192, 192, 192]
  c_attn scales:      ['1.00', '1.00', '1.00', '1.00', '1.00', '1.00']
  mlp.c_fc ranks:     [192, 192, 192, 192, 192, 192]
  mlp.c_fc scales:    ['1.00', '1.00', '1.00', '1.00', '1.00', '1.00']
Grassmann Muon parameters: 24 weight matrices, 6,291,456 params
AdamW optimizer groups:
  Gates:      24 tensors, 12,288 params, lr=1.20e-03, wd=0.1
  Projections: 12 tensors, 7,864,320 params, lr=6.00e-04, wd=0.1
  Embeddings: 2 tensors, 26,279,936 params, lr=3.00e-04, wd=0.0
  Other decay: 6 tensors, 4,718,592 params, lr=6.00e-04, wd=0.1
  No decay:   13 tensors, 6,656 params, lr=6.00e-04, wd=0.0
  transformer.h.0.mlp.c_fc.blocks.0.weight: k=1, G_{1.0,0.0,192}, lr=0.008, scale=1.0, type=None
  transformer.h.0.mlp.c_fc.blocks.1.weight: k=1, G_{1.0,0.0,192}, lr=0.008, scale=1.0, type=None
  transformer.h.0.mlp.c_fc.blocks.2.weight: k=1, G_{1.0,0.0,192}, lr=0.008, scale=1.0, type=None
  transformer.h.0.mlp.c_fc.blocks.3.weight: k=1, G_{1.0,0.0,192}, lr=0.008, scale=1.0, type=None
  transformer.h.1.mlp.c_fc.blocks.0.weight: k=1, G_{1.0,0.0,192}, lr=0.008, scale=1.0, type=None
  transformer.h.1.mlp.c_fc.blocks.1.weight: k=1, G_{1.0,0.0,192}, lr=0.008, scale=1.0, type=None
  transformer.h.1.mlp.c_fc.blocks.2.weight: k=1, G_{1.0,0.0,192}, lr=0.008, scale=1.0, type=None
  transformer.h.1.mlp.c_fc.blocks.3.weight: k=1, G_{1.0,0.0,192}, lr=0.008, scale=1.0, type=None
  transformer.h.2.mlp.c_fc.blocks.0.weight: k=1, G_{1.0,0.0,192}, lr=0.008, scale=1.0, type=None
  transformer.h.2.mlp.c_fc.blocks.1.weight: k=1, G_{1.0,0.0,192}, lr=0.008, scale=1.0, type=None
  transformer.h.2.mlp.c_fc.blocks.2.weight: k=1, G_{1.0,0.0,192}, lr=0.008, scale=1.0, type=None
  transformer.h.2.mlp.c_fc.blocks.3.weight: k=1, G_{1.0,0.0,192}, lr=0.008, scale=1.0, type=None
  transformer.h.3.mlp.c_fc.blocks.0.weight: k=1, G_{1.0,0.0,192}, lr=0.008, scale=1.0, type=None
  transformer.h.3.mlp.c_fc.blocks.1.weight: k=1, G_{1.0,0.0,192}, lr=0.008, scale=1.0, type=None
  transformer.h.3.mlp.c_fc.blocks.2.weight: k=1, G_{1.0,0.0,192}, lr=0.008, scale=1.0, type=None
  transformer.h.3.mlp.c_fc.blocks.3.weight: k=1, G_{1.0,0.0,192}, lr=0.008, scale=1.0, type=None
  transformer.h.4.mlp.c_fc.blocks.0.weight: k=1, G_{1.0,0.0,192}, lr=0.008, scale=1.0, type=None
  transformer.h.4.mlp.c_fc.blocks.1.weight: k=1, G_{1.0,0.0,192}, lr=0.008, scale=1.0, type=None
  transformer.h.4.mlp.c_fc.blocks.2.weight: k=1, G_{1.0,0.0,192}, lr=0.008, scale=1.0, type=None
  transformer.h.4.mlp.c_fc.blocks.3.weight: k=1, G_{1.0,0.0,192}, lr=0.008, scale=1.0, type=None
  transformer.h.5.mlp.c_fc.blocks.0.weight: k=1, G_{1.0,0.0,192}, lr=0.008, scale=1.0, type=None
  transformer.h.5.mlp.c_fc.blocks.1.weight: k=1, G_{1.0,0.0,192}, lr=0.008, scale=1.0, type=None
  transformer.h.5.mlp.c_fc.blocks.2.weight: k=1, G_{1.0,0.0,192}, lr=0.008, scale=1.0, type=None
  transformer.h.5.mlp.c_fc.blocks.3.weight: k=1, G_{1.0,0.0,192}, lr=0.008, scale=1.0, type=None
number of parameters: 44.65M

=== Phase small_mlp_r192 Grassmann Configuration ===

Per-block configuration (6 blocks):
  c_attn ranks:       [192, 192, 192, 192, 192, 192]
  c_attn scales:      ['1.00', '1.00', '1.00', '1.00', '1.00', '1.00']
  mlp.c_fc ranks:     [192, 192, 192, 192, 192, 192]
  mlp.c_fc scales:    ['1.00', '1.00', '1.00', '1.00', '1.00', '1.00']
Grassmann Muon parameters: 24 weight matrices, 6,291,456 params
AdamW optimizer groups:
  Gates:      24 tensors, 12,288 params, lr=1.20e-03, wd=0.1
  Projections: 12 tensors, 7,864,320 params, lr=6.00e-04, wd=0.1
  Embeddings: 2 tensors, 26,279,936 params, lr=3.00e-04, wd=0.0
  Other decay: 6 tensors, 4,718,592 params, lr=6.00e-04, wd=0.1
  No decay:   13 tensors, 6,656 params, lr=6.00e-04, wd=0.0
  transformer.h.0.mlp.c_fc.blocks.0.weight: k=1, G_{1.0,0.0,192}, lr=0.008, scale=1.0, type=None
  transformer.h.0.mlp.c_fc.blocks.1.weight: k=1, G_{1.0,0.0,192}, lr=0.008, scale=1.0, type=None
  transformer.h.0.mlp.c_fc.blocks.2.weight: k=1, G_{1.0,0.0,192}, lr=0.008, scale=1.0, type=None
  transformer.h.0.mlp.c_fc.blocks.3.weight: k=1, G_{1.0,0.0,192}, lr=0.008, scale=1.0, type=None
  transformer.h.1.mlp.c_fc.blocks.0.weight: k=1, G_{1.0,0.0,192}, lr=0.008, scale=1.0, type=None
  transformer.h.1.mlp.c_fc.blocks.1.weight: k=1, G_{1.0,0.0,192}, lr=0.008, scale=1.0, type=None
  transformer.h.1.mlp.c_fc.blocks.2.weight: k=1, G_{1.0,0.0,192}, lr=0.008, scale=1.0, type=None
  transformer.h.1.mlp.c_fc.blocks.3.weight: k=1, G_{1.0,0.0,192}, lr=0.008, scale=1.0, type=None
  transformer.h.2.mlp.c_fc.blocks.0.weight: k=1, G_{1.0,0.0,192}, lr=0.008, scale=1.0, type=None
  transformer.h.2.mlp.c_fc.blocks.1.weight: k=1, G_{1.0,0.0,192}, lr=0.008, scale=1.0, type=None
  transformer.h.2.mlp.c_fc.blocks.2.weight: k=1, G_{1.0,0.0,192}, lr=0.008, scale=1.0, type=None
  transformer.h.2.mlp.c_fc.blocks.3.weight: k=1, G_{1.0,0.0,192}, lr=0.008, scale=1.0, type=None
  transformer.h.3.mlp.c_fc.blocks.0.weight: k=1, G_{1.0,0.0,192}, lr=0.008, scale=1.0, type=None
  transformer.h.3.mlp.c_fc.blocks.1.weight: k=1, G_{1.0,0.0,192}, lr=0.008, scale=1.0, type=None
  transformer.h.3.mlp.c_fc.blocks.2.weight: k=1, G_{1.0,0.0,192}, lr=0.008, scale=1.0, type=None
  transformer.h.3.mlp.c_fc.blocks.3.weight: k=1, G_{1.0,0.0,192}, lr=0.008, scale=1.0, type=None
  transformer.h.4.mlp.c_fc.blocks.0.weight: k=1, G_{1.0,0.0,192}, lr=0.008, scale=1.0, type=None
  transformer.h.4.mlp.c_fc.blocks.1.weight: k=1, G_{1.0,0.0,192}, lr=0.008, scale=1.0, type=None
  transformer.h.4.mlp.c_fc.blocks.2.weight: k=1, G_{1.0,0.0,192}, lr=0.008, scale=1.0, type=None
  transformer.h.4.mlp.c_fc.blocks.3.weight: k=1, G_{1.0,0.0,192}, lr=0.008, scale=1.0, type=None
  transformer.h.5.mlp.c_fc.blocks.0.weight: k=1, G_{1.0,0.0,192}, lr=0.008, scale=1.0, type=None
  transformer.h.5.mlp.c_fc.blocks.1.weight: k=1, G_{1.0,0.0,192}, lr=0.008, scale=1.0, type=None
  transformer.h.5.mlp.c_fc.blocks.2.weight: k=1, G_{1.0,0.0,192}, lr=0.008, scale=1.0, type=None
  transformer.h.5.mlp.c_fc.blocks.3.weight: k=1, G_{1.0,0.0,192}, lr=0.008, scale=1.0, type=None
using fused AdamW: True

=== Initializing Grassmann Weights (Block Decomposition) ===
Number of weight types to initialize: 24

Initializing mlp.c_fc.blocks.0.: k=1, G_{1.0,0.0,192}, type=None
using fused AdamW: True
using fused AdamW: True

=== Initializing Grassmann Weights (Block Decomposition) ===
Number of weight types to initialize: 24

=== Initializing Grassmann Weights (Block Decomposition) ===
Initializing mlp.c_fc.blocks.0.: k=1, G_{1.0,0.0,192}, type=None

Number of weight types to initialize: 24
using fused AdamW: True
Initializing mlp.c_fc.blocks.0.: k=1, G_{1.0,0.0,192}, type=None


=== Initializing Grassmann Weights (Block Decomposition) ===
Number of weight types to initialize: 24

Initializing mlp.c_fc.blocks.0.: k=1, G_{1.0,0.0,192}, type=None
  Initialized transformer.h.0.mlp.c_fc.blocks.0.weight (512, 512) on G_{1.0,0.0,192}  Initialized transformer.h.0.mlp.c_fc.blocks.0.weight (512, 512) on G_{1.0,0.0,192}

  Initialized transformer.h.0.mlp.c_fc.blocks.0.weight (512, 512) on G_{1.0,0.0,192}
  Initialized transformer.h.1.mlp.c_fc.blocks.0.weight (512, 512) on G_{1.0,0.0,192}
  Initialized transformer.h.1.mlp.c_fc.blocks.0.weight (512, 512) on G_{1.0,0.0,192}
  Initialized transformer.h.1.mlp.c_fc.blocks.0.weight (512, 512) on G_{1.0,0.0,192}
  Initialized transformer.h.2.mlp.c_fc.blocks.0.weight (512, 512) on G_{1.0,0.0,192}
  Initialized transformer.h.0.mlp.c_fc.blocks.0.weight (512, 512) on G_{1.0,0.0,192}
  Initialized transformer.h.2.mlp.c_fc.blocks.0.weight (512, 512) on G_{1.0,0.0,192}
  Initialized transformer.h.2.mlp.c_fc.blocks.0.weight (512, 512) on G_{1.0,0.0,192}
  Initialized transformer.h.3.mlp.c_fc.blocks.0.weight (512, 512) on G_{1.0,0.0,192}
  Initialized transformer.h.3.mlp.c_fc.blocks.0.weight (512, 512) on G_{1.0,0.0,192}
  Initialized transformer.h.1.mlp.c_fc.blocks.0.weight (512, 512) on G_{1.0,0.0,192}
  Initialized transformer.h.3.mlp.c_fc.blocks.0.weight (512, 512) on G_{1.0,0.0,192}
  Initialized transformer.h.4.mlp.c_fc.blocks.0.weight (512, 512) on G_{1.0,0.0,192}
  Initialized transformer.h.4.mlp.c_fc.blocks.0.weight (512, 512) on G_{1.0,0.0,192}
  Initialized transformer.h.2.mlp.c_fc.blocks.0.weight (512, 512) on G_{1.0,0.0,192}
  Initialized transformer.h.4.mlp.c_fc.blocks.0.weight (512, 512) on G_{1.0,0.0,192}
  Initialized transformer.h.5.mlp.c_fc.blocks.0.weight (512, 512) on G_{1.0,0.0,192}

Initializing mlp.c_fc.blocks.1.: k=1, G_{1.0,0.0,192}, type=None
  Initialized transformer.h.5.mlp.c_fc.blocks.0.weight (512, 512) on G_{1.0,0.0,192}

Initializing mlp.c_fc.blocks.1.: k=1, G_{1.0,0.0,192}, type=None
  Initialized transformer.h.3.mlp.c_fc.blocks.0.weight (512, 512) on G_{1.0,0.0,192}
  Initialized transformer.h.5.mlp.c_fc.blocks.0.weight (512, 512) on G_{1.0,0.0,192}

Initializing mlp.c_fc.blocks.1.: k=1, G_{1.0,0.0,192}, type=None
  Initialized transformer.h.0.mlp.c_fc.blocks.1.weight (512, 512) on G_{1.0,0.0,192}
  Initialized transformer.h.0.mlp.c_fc.blocks.1.weight (512, 512) on G_{1.0,0.0,192}
  Initialized transformer.h.4.mlp.c_fc.blocks.0.weight (512, 512) on G_{1.0,0.0,192}
  Initialized transformer.h.0.mlp.c_fc.blocks.1.weight (512, 512) on G_{1.0,0.0,192}
  Initialized transformer.h.1.mlp.c_fc.blocks.1.weight (512, 512) on G_{1.0,0.0,192}
  Initialized transformer.h.1.mlp.c_fc.blocks.1.weight (512, 512) on G_{1.0,0.0,192}
  Initialized transformer.h.5.mlp.c_fc.blocks.0.weight (512, 512) on G_{1.0,0.0,192}

Initializing mlp.c_fc.blocks.1.: k=1, G_{1.0,0.0,192}, type=None
  Initialized transformer.h.1.mlp.c_fc.blocks.1.weight (512, 512) on G_{1.0,0.0,192}
  Initialized transformer.h.2.mlp.c_fc.blocks.1.weight (512, 512) on G_{1.0,0.0,192}
  Initialized transformer.h.2.mlp.c_fc.blocks.1.weight (512, 512) on G_{1.0,0.0,192}
  Initialized transformer.h.0.mlp.c_fc.blocks.1.weight (512, 512) on G_{1.0,0.0,192}
  Initialized transformer.h.2.mlp.c_fc.blocks.1.weight (512, 512) on G_{1.0,0.0,192}
  Initialized transformer.h.3.mlp.c_fc.blocks.1.weight (512, 512) on G_{1.0,0.0,192}
  Initialized transformer.h.3.mlp.c_fc.blocks.1.weight (512, 512) on G_{1.0,0.0,192}
  Initialized transformer.h.1.mlp.c_fc.blocks.1.weight (512, 512) on G_{1.0,0.0,192}
  Initialized transformer.h.3.mlp.c_fc.blocks.1.weight (512, 512) on G_{1.0,0.0,192}
  Initialized transformer.h.4.mlp.c_fc.blocks.1.weight (512, 512) on G_{1.0,0.0,192}  Initialized transformer.h.4.mlp.c_fc.blocks.1.weight (512, 512) on G_{1.0,0.0,192}

  Initialized transformer.h.2.mlp.c_fc.blocks.1.weight (512, 512) on G_{1.0,0.0,192}
  Initialized transformer.h.4.mlp.c_fc.blocks.1.weight (512, 512) on G_{1.0,0.0,192}  Initialized transformer.h.5.mlp.c_fc.blocks.1.weight (512, 512) on G_{1.0,0.0,192}

  Initialized transformer.h.5.mlp.c_fc.blocks.1.weight (512, 512) on G_{1.0,0.0,192}

Initializing mlp.c_fc.blocks.2.: k=1, G_{1.0,0.0,192}, type=None

Initializing mlp.c_fc.blocks.2.: k=1, G_{1.0,0.0,192}, type=None
  Initialized transformer.h.3.mlp.c_fc.blocks.1.weight (512, 512) on G_{1.0,0.0,192}
  Initialized transformer.h.5.mlp.c_fc.blocks.1.weight (512, 512) on G_{1.0,0.0,192}
  Initialized transformer.h.0.mlp.c_fc.blocks.2.weight (512, 512) on G_{1.0,0.0,192}

Initializing mlp.c_fc.blocks.2.: k=1, G_{1.0,0.0,192}, type=None
  Initialized transformer.h.0.mlp.c_fc.blocks.2.weight (512, 512) on G_{1.0,0.0,192}
  Initialized transformer.h.4.mlp.c_fc.blocks.1.weight (512, 512) on G_{1.0,0.0,192}
  Initialized transformer.h.1.mlp.c_fc.blocks.2.weight (512, 512) on G_{1.0,0.0,192}
  Initialized transformer.h.0.mlp.c_fc.blocks.2.weight (512, 512) on G_{1.0,0.0,192}
  Initialized transformer.h.1.mlp.c_fc.blocks.2.weight (512, 512) on G_{1.0,0.0,192}
  Initialized transformer.h.5.mlp.c_fc.blocks.1.weight (512, 512) on G_{1.0,0.0,192}

Initializing mlp.c_fc.blocks.2.: k=1, G_{1.0,0.0,192}, type=None
  Initialized transformer.h.1.mlp.c_fc.blocks.2.weight (512, 512) on G_{1.0,0.0,192}
  Initialized transformer.h.2.mlp.c_fc.blocks.2.weight (512, 512) on G_{1.0,0.0,192}
  Initialized transformer.h.2.mlp.c_fc.blocks.2.weight (512, 512) on G_{1.0,0.0,192}
  Initialized transformer.h.0.mlp.c_fc.blocks.2.weight (512, 512) on G_{1.0,0.0,192}
  Initialized transformer.h.2.mlp.c_fc.blocks.2.weight (512, 512) on G_{1.0,0.0,192}
  Initialized transformer.h.1.mlp.c_fc.blocks.2.weight (512, 512) on G_{1.0,0.0,192}
  Initialized transformer.h.3.mlp.c_fc.blocks.2.weight (512, 512) on G_{1.0,0.0,192}
  Initialized transformer.h.3.mlp.c_fc.blocks.2.weight (512, 512) on G_{1.0,0.0,192}
  Initialized transformer.h.2.mlp.c_fc.blocks.2.weight (512, 512) on G_{1.0,0.0,192}
  Initialized transformer.h.3.mlp.c_fc.blocks.2.weight (512, 512) on G_{1.0,0.0,192}
  Initialized transformer.h.4.mlp.c_fc.blocks.2.weight (512, 512) on G_{1.0,0.0,192}
  Initialized transformer.h.4.mlp.c_fc.blocks.2.weight (512, 512) on G_{1.0,0.0,192}
  Initialized transformer.h.3.mlp.c_fc.blocks.2.weight (512, 512) on G_{1.0,0.0,192}
  Initialized transformer.h.4.mlp.c_fc.blocks.2.weight (512, 512) on G_{1.0,0.0,192}
  Initialized transformer.h.5.mlp.c_fc.blocks.2.weight (512, 512) on G_{1.0,0.0,192}

Initializing mlp.c_fc.blocks.3.: k=1, G_{1.0,0.0,192}, type=None
  Initialized transformer.h.5.mlp.c_fc.blocks.2.weight (512, 512) on G_{1.0,0.0,192}

Initializing mlp.c_fc.blocks.3.: k=1, G_{1.0,0.0,192}, type=None
  Initialized transformer.h.5.mlp.c_fc.blocks.2.weight (512, 512) on G_{1.0,0.0,192}

Initializing mlp.c_fc.blocks.3.: k=1, G_{1.0,0.0,192}, type=None
  Initialized transformer.h.4.mlp.c_fc.blocks.2.weight (512, 512) on G_{1.0,0.0,192}
  Initialized transformer.h.0.mlp.c_fc.blocks.3.weight (512, 512) on G_{1.0,0.0,192}
  Initialized transformer.h.0.mlp.c_fc.blocks.3.weight (512, 512) on G_{1.0,0.0,192}
  Initialized transformer.h.5.mlp.c_fc.blocks.2.weight (512, 512) on G_{1.0,0.0,192}

Initializing mlp.c_fc.blocks.3.: k=1, G_{1.0,0.0,192}, type=None
  Initialized transformer.h.0.mlp.c_fc.blocks.3.weight (512, 512) on G_{1.0,0.0,192}
  Initialized transformer.h.1.mlp.c_fc.blocks.3.weight (512, 512) on G_{1.0,0.0,192}
  Initialized transformer.h.1.mlp.c_fc.blocks.3.weight (512, 512) on G_{1.0,0.0,192}
  Initialized transformer.h.0.mlp.c_fc.blocks.3.weight (512, 512) on G_{1.0,0.0,192}
  Initialized transformer.h.1.mlp.c_fc.blocks.3.weight (512, 512) on G_{1.0,0.0,192}
  Initialized transformer.h.2.mlp.c_fc.blocks.3.weight (512, 512) on G_{1.0,0.0,192}
  Initialized transformer.h.2.mlp.c_fc.blocks.3.weight (512, 512) on G_{1.0,0.0,192}
  Initialized transformer.h.1.mlp.c_fc.blocks.3.weight (512, 512) on G_{1.0,0.0,192}
  Initialized transformer.h.2.mlp.c_fc.blocks.3.weight (512, 512) on G_{1.0,0.0,192}
  Initialized transformer.h.3.mlp.c_fc.blocks.3.weight (512, 512) on G_{1.0,0.0,192}
  Initialized transformer.h.3.mlp.c_fc.blocks.3.weight (512, 512) on G_{1.0,0.0,192}
  Initialized transformer.h.2.mlp.c_fc.blocks.3.weight (512, 512) on G_{1.0,0.0,192}
  Initialized transformer.h.3.mlp.c_fc.blocks.3.weight (512, 512) on G_{1.0,0.0,192}
  Initialized transformer.h.4.mlp.c_fc.blocks.3.weight (512, 512) on G_{1.0,0.0,192}
  Initialized transformer.h.4.mlp.c_fc.blocks.3.weight (512, 512) on G_{1.0,0.0,192}
  Initialized transformer.h.4.mlp.c_fc.blocks.3.weight (512, 512) on G_{1.0,0.0,192}
  Initialized transformer.h.3.mlp.c_fc.blocks.3.weight (512, 512) on G_{1.0,0.0,192}
  Initialized transformer.h.5.mlp.c_fc.blocks.3.weight (512, 512) on G_{1.0,0.0,192}

Initializing transformer.h.1.mlp.c_fc.blocks.0.: k=1, G_{1.0,0.0,192}, type=None
  Initialized transformer.h.5.mlp.c_fc.blocks.3.weight (512, 512) on G_{1.0,0.0,192}

Initializing transformer.h.1.mlp.c_fc.blocks.0.: k=1, G_{1.0,0.0,192}, type=None
  Initialized transformer.h.5.mlp.c_fc.blocks.3.weight (512, 512) on G_{1.0,0.0,192}
  Initialized transformer.h.4.mlp.c_fc.blocks.3.weight (512, 512) on G_{1.0,0.0,192}
Initializing transformer.h.1.mlp.c_fc.blocks.0.: k=1, G_{1.0,0.0,192}, type=None

  Initialized transformer.h.1.mlp.c_fc.blocks.0.weight (512, 512) on G_{1.0,0.0,192}

Initializing transformer.h.1.mlp.c_fc.blocks.1.: k=1, G_{1.0,0.0,192}, type=None
  Initialized transformer.h.1.mlp.c_fc.blocks.0.weight (512, 512) on G_{1.0,0.0,192}

Initializing transformer.h.1.mlp.c_fc.blocks.1.: k=1, G_{1.0,0.0,192}, type=None
  Initialized transformer.h.1.mlp.c_fc.blocks.0.weight (512, 512) on G_{1.0,0.0,192}
  Initialized transformer.h.5.mlp.c_fc.blocks.3.weight (512, 512) on G_{1.0,0.0,192}

Initializing transformer.h.1.mlp.c_fc.blocks.0.: k=1, G_{1.0,0.0,192}, type=None

Initializing transformer.h.1.mlp.c_fc.blocks.1.: k=1, G_{1.0,0.0,192}, type=None
  Initialized transformer.h.1.mlp.c_fc.blocks.1.weight (512, 512) on G_{1.0,0.0,192}

Initializing transformer.h.1.mlp.c_fc.blocks.2.: k=1, G_{1.0,0.0,192}, type=None
  Initialized transformer.h.1.mlp.c_fc.blocks.1.weight (512, 512) on G_{1.0,0.0,192}

Initializing transformer.h.1.mlp.c_fc.blocks.2.: k=1, G_{1.0,0.0,192}, type=None
  Initialized transformer.h.1.mlp.c_fc.blocks.1.weight (512, 512) on G_{1.0,0.0,192}
  Initialized transformer.h.1.mlp.c_fc.blocks.0.weight (512, 512) on G_{1.0,0.0,192}

Initializing transformer.h.1.mlp.c_fc.blocks.2.: k=1, G_{1.0,0.0,192}, type=None

Initializing transformer.h.1.mlp.c_fc.blocks.1.: k=1, G_{1.0,0.0,192}, type=None
  Initialized transformer.h.1.mlp.c_fc.blocks.2.weight (512, 512) on G_{1.0,0.0,192}

Initializing transformer.h.1.mlp.c_fc.blocks.3.: k=1, G_{1.0,0.0,192}, type=None
  Initialized transformer.h.1.mlp.c_fc.blocks.2.weight (512, 512) on G_{1.0,0.0,192}

Initializing transformer.h.1.mlp.c_fc.blocks.3.: k=1, G_{1.0,0.0,192}, type=None
  Initialized transformer.h.1.mlp.c_fc.blocks.2.weight (512, 512) on G_{1.0,0.0,192}
  Initialized transformer.h.1.mlp.c_fc.blocks.1.weight (512, 512) on G_{1.0,0.0,192}

Initializing transformer.h.1.mlp.c_fc.blocks.3.: k=1, G_{1.0,0.0,192}, type=None

Initializing transformer.h.1.mlp.c_fc.blocks.2.: k=1, G_{1.0,0.0,192}, type=None
  Initialized transformer.h.1.mlp.c_fc.blocks.3.weight (512, 512) on G_{1.0,0.0,192}

Initializing transformer.h.2.mlp.c_fc.blocks.0.: k=1, G_{1.0,0.0,192}, type=None
  Initialized transformer.h.1.mlp.c_fc.blocks.3.weight (512, 512) on G_{1.0,0.0,192}

Initializing transformer.h.2.mlp.c_fc.blocks.0.: k=1, G_{1.0,0.0,192}, type=None
  Initialized transformer.h.1.mlp.c_fc.blocks.3.weight (512, 512) on G_{1.0,0.0,192}

Initializing transformer.h.2.mlp.c_fc.blocks.0.: k=1, G_{1.0,0.0,192}, type=None
  Initialized transformer.h.1.mlp.c_fc.blocks.2.weight (512, 512) on G_{1.0,0.0,192}

Initializing transformer.h.1.mlp.c_fc.blocks.3.: k=1, G_{1.0,0.0,192}, type=None
  Initialized transformer.h.2.mlp.c_fc.blocks.0.weight (512, 512) on G_{1.0,0.0,192}

Initializing transformer.h.2.mlp.c_fc.blocks.1.: k=1, G_{1.0,0.0,192}, type=None
  Initialized transformer.h.2.mlp.c_fc.blocks.0.weight (512, 512) on G_{1.0,0.0,192}

Initializing transformer.h.2.mlp.c_fc.blocks.1.: k=1, G_{1.0,0.0,192}, type=None
  Initialized transformer.h.2.mlp.c_fc.blocks.0.weight (512, 512) on G_{1.0,0.0,192}

Initializing transformer.h.2.mlp.c_fc.blocks.1.: k=1, G_{1.0,0.0,192}, type=None
  Initialized transformer.h.1.mlp.c_fc.blocks.3.weight (512, 512) on G_{1.0,0.0,192}

Initializing transformer.h.2.mlp.c_fc.blocks.0.: k=1, G_{1.0,0.0,192}, type=None
  Initialized transformer.h.2.mlp.c_fc.blocks.1.weight (512, 512) on G_{1.0,0.0,192}

Initializing transformer.h.2.mlp.c_fc.blocks.2.: k=1, G_{1.0,0.0,192}, type=None
  Initialized transformer.h.2.mlp.c_fc.blocks.1.weight (512, 512) on G_{1.0,0.0,192}

Initializing transformer.h.2.mlp.c_fc.blocks.2.: k=1, G_{1.0,0.0,192}, type=None
  Initialized transformer.h.2.mlp.c_fc.blocks.1.weight (512, 512) on G_{1.0,0.0,192}

Initializing transformer.h.2.mlp.c_fc.blocks.2.: k=1, G_{1.0,0.0,192}, type=None
  Initialized transformer.h.2.mlp.c_fc.blocks.0.weight (512, 512) on G_{1.0,0.0,192}

Initializing transformer.h.2.mlp.c_fc.blocks.1.: k=1, G_{1.0,0.0,192}, type=None
  Initialized transformer.h.2.mlp.c_fc.blocks.2.weight (512, 512) on G_{1.0,0.0,192}

Initializing transformer.h.2.mlp.c_fc.blocks.3.: k=1, G_{1.0,0.0,192}, type=None
  Initialized transformer.h.2.mlp.c_fc.blocks.2.weight (512, 512) on G_{1.0,0.0,192}

Initializing transformer.h.2.mlp.c_fc.blocks.3.: k=1, G_{1.0,0.0,192}, type=None
  Initialized transformer.h.2.mlp.c_fc.blocks.2.weight (512, 512) on G_{1.0,0.0,192}

Initializing transformer.h.2.mlp.c_fc.blocks.3.: k=1, G_{1.0,0.0,192}, type=None
  Initialized transformer.h.2.mlp.c_fc.blocks.1.weight (512, 512) on G_{1.0,0.0,192}

Initializing transformer.h.2.mlp.c_fc.blocks.2.: k=1, G_{1.0,0.0,192}, type=None
  Initialized transformer.h.2.mlp.c_fc.blocks.3.weight (512, 512) on G_{1.0,0.0,192}

Initializing transformer.h.3.mlp.c_fc.blocks.0.: k=1, G_{1.0,0.0,192}, type=None
  Initialized transformer.h.2.mlp.c_fc.blocks.3.weight (512, 512) on G_{1.0,0.0,192}

Initializing transformer.h.3.mlp.c_fc.blocks.0.: k=1, G_{1.0,0.0,192}, type=None
  Initialized transformer.h.2.mlp.c_fc.blocks.3.weight (512, 512) on G_{1.0,0.0,192}

Initializing transformer.h.3.mlp.c_fc.blocks.0.: k=1, G_{1.0,0.0,192}, type=None
  Initialized transformer.h.2.mlp.c_fc.blocks.2.weight (512, 512) on G_{1.0,0.0,192}

Initializing transformer.h.2.mlp.c_fc.blocks.3.: k=1, G_{1.0,0.0,192}, type=None
  Initialized transformer.h.3.mlp.c_fc.blocks.0.weight (512, 512) on G_{1.0,0.0,192}

Initializing transformer.h.3.mlp.c_fc.blocks.1.: k=1, G_{1.0,0.0,192}, type=None
  Initialized transformer.h.3.mlp.c_fc.blocks.0.weight (512, 512) on G_{1.0,0.0,192}

Initializing transformer.h.3.mlp.c_fc.blocks.1.: k=1, G_{1.0,0.0,192}, type=None
  Initialized transformer.h.3.mlp.c_fc.blocks.0.weight (512, 512) on G_{1.0,0.0,192}

Initializing transformer.h.3.mlp.c_fc.blocks.1.: k=1, G_{1.0,0.0,192}, type=None
  Initialized transformer.h.2.mlp.c_fc.blocks.3.weight (512, 512) on G_{1.0,0.0,192}

Initializing transformer.h.3.mlp.c_fc.blocks.0.: k=1, G_{1.0,0.0,192}, type=None
  Initialized transformer.h.3.mlp.c_fc.blocks.1.weight (512, 512) on G_{1.0,0.0,192}

Initializing transformer.h.3.mlp.c_fc.blocks.2.: k=1, G_{1.0,0.0,192}, type=None
  Initialized transformer.h.3.mlp.c_fc.blocks.1.weight (512, 512) on G_{1.0,0.0,192}

Initializing transformer.h.3.mlp.c_fc.blocks.2.: k=1, G_{1.0,0.0,192}, type=None
  Initialized transformer.h.3.mlp.c_fc.blocks.1.weight (512, 512) on G_{1.0,0.0,192}

Initializing transformer.h.3.mlp.c_fc.blocks.2.: k=1, G_{1.0,0.0,192}, type=None
  Initialized transformer.h.3.mlp.c_fc.blocks.0.weight (512, 512) on G_{1.0,0.0,192}

Initializing transformer.h.3.mlp.c_fc.blocks.1.: k=1, G_{1.0,0.0,192}, type=None
  Initialized transformer.h.3.mlp.c_fc.blocks.2.weight (512, 512) on G_{1.0,0.0,192}

Initializing transformer.h.3.mlp.c_fc.blocks.3.: k=1, G_{1.0,0.0,192}, type=None
  Initialized transformer.h.3.mlp.c_fc.blocks.2.weight (512, 512) on G_{1.0,0.0,192}

Initializing transformer.h.3.mlp.c_fc.blocks.3.: k=1, G_{1.0,0.0,192}, type=None
  Initialized transformer.h.3.mlp.c_fc.blocks.2.weight (512, 512) on G_{1.0,0.0,192}

Initializing transformer.h.3.mlp.c_fc.blocks.3.: k=1, G_{1.0,0.0,192}, type=None
  Initialized transformer.h.3.mlp.c_fc.blocks.1.weight (512, 512) on G_{1.0,0.0,192}

Initializing transformer.h.3.mlp.c_fc.blocks.2.: k=1, G_{1.0,0.0,192}, type=None
  Initialized transformer.h.3.mlp.c_fc.blocks.3.weight (512, 512) on G_{1.0,0.0,192}

Initializing transformer.h.4.mlp.c_fc.blocks.0.: k=1, G_{1.0,0.0,192}, type=None
  Initialized transformer.h.3.mlp.c_fc.blocks.3.weight (512, 512) on G_{1.0,0.0,192}

Initializing transformer.h.4.mlp.c_fc.blocks.0.: k=1, G_{1.0,0.0,192}, type=None
  Initialized transformer.h.3.mlp.c_fc.blocks.3.weight (512, 512) on G_{1.0,0.0,192}

Initializing transformer.h.4.mlp.c_fc.blocks.0.: k=1, G_{1.0,0.0,192}, type=None
  Initialized transformer.h.3.mlp.c_fc.blocks.2.weight (512, 512) on G_{1.0,0.0,192}

Initializing transformer.h.3.mlp.c_fc.blocks.3.: k=1, G_{1.0,0.0,192}, type=None
  Initialized transformer.h.4.mlp.c_fc.blocks.0.weight (512, 512) on G_{1.0,0.0,192}

Initializing transformer.h.4.mlp.c_fc.blocks.1.: k=1, G_{1.0,0.0,192}, type=None
  Initialized transformer.h.4.mlp.c_fc.blocks.0.weight (512, 512) on G_{1.0,0.0,192}

Initializing transformer.h.4.mlp.c_fc.blocks.1.: k=1, G_{1.0,0.0,192}, type=None
  Initialized transformer.h.4.mlp.c_fc.blocks.0.weight (512, 512) on G_{1.0,0.0,192}

Initializing transformer.h.4.mlp.c_fc.blocks.1.: k=1, G_{1.0,0.0,192}, type=None
  Initialized transformer.h.3.mlp.c_fc.blocks.3.weight (512, 512) on G_{1.0,0.0,192}

Initializing transformer.h.4.mlp.c_fc.blocks.0.: k=1, G_{1.0,0.0,192}, type=None
  Initialized transformer.h.4.mlp.c_fc.blocks.1.weight (512, 512) on G_{1.0,0.0,192}

Initializing transformer.h.4.mlp.c_fc.blocks.2.: k=1, G_{1.0,0.0,192}, type=None
  Initialized transformer.h.4.mlp.c_fc.blocks.1.weight (512, 512) on G_{1.0,0.0,192}

Initializing transformer.h.4.mlp.c_fc.blocks.2.: k=1, G_{1.0,0.0,192}, type=None
  Initialized transformer.h.4.mlp.c_fc.blocks.1.weight (512, 512) on G_{1.0,0.0,192}

Initializing transformer.h.4.mlp.c_fc.blocks.2.: k=1, G_{1.0,0.0,192}, type=None
  Initialized transformer.h.4.mlp.c_fc.blocks.0.weight (512, 512) on G_{1.0,0.0,192}

Initializing transformer.h.4.mlp.c_fc.blocks.1.: k=1, G_{1.0,0.0,192}, type=None
  Initialized transformer.h.4.mlp.c_fc.blocks.2.weight (512, 512) on G_{1.0,0.0,192}

Initializing transformer.h.4.mlp.c_fc.blocks.3.: k=1, G_{1.0,0.0,192}, type=None
  Initialized transformer.h.4.mlp.c_fc.blocks.2.weight (512, 512) on G_{1.0,0.0,192}

Initializing transformer.h.4.mlp.c_fc.blocks.3.: k=1, G_{1.0,0.0,192}, type=None
  Initialized transformer.h.4.mlp.c_fc.blocks.2.weight (512, 512) on G_{1.0,0.0,192}

Initializing transformer.h.4.mlp.c_fc.blocks.3.: k=1, G_{1.0,0.0,192}, type=None
  Initialized transformer.h.4.mlp.c_fc.blocks.1.weight (512, 512) on G_{1.0,0.0,192}

Initializing transformer.h.4.mlp.c_fc.blocks.2.: k=1, G_{1.0,0.0,192}, type=None
  Initialized transformer.h.4.mlp.c_fc.blocks.3.weight (512, 512) on G_{1.0,0.0,192}

Initializing transformer.h.5.mlp.c_fc.blocks.0.: k=1, G_{1.0,0.0,192}, type=None
  Initialized transformer.h.4.mlp.c_fc.blocks.3.weight (512, 512) on G_{1.0,0.0,192}

Initializing transformer.h.5.mlp.c_fc.blocks.0.: k=1, G_{1.0,0.0,192}, type=None
  Initialized transformer.h.4.mlp.c_fc.blocks.3.weight (512, 512) on G_{1.0,0.0,192}

Initializing transformer.h.5.mlp.c_fc.blocks.0.: k=1, G_{1.0,0.0,192}, type=None
  Initialized transformer.h.4.mlp.c_fc.blocks.2.weight (512, 512) on G_{1.0,0.0,192}

Initializing transformer.h.4.mlp.c_fc.blocks.3.: k=1, G_{1.0,0.0,192}, type=None
  Initialized transformer.h.5.mlp.c_fc.blocks.0.weight (512, 512) on G_{1.0,0.0,192}

Initializing transformer.h.5.mlp.c_fc.blocks.1.: k=1, G_{1.0,0.0,192}, type=None
  Initialized transformer.h.5.mlp.c_fc.blocks.0.weight (512, 512) on G_{1.0,0.0,192}

Initializing transformer.h.5.mlp.c_fc.blocks.1.: k=1, G_{1.0,0.0,192}, type=None
  Initialized transformer.h.5.mlp.c_fc.blocks.0.weight (512, 512) on G_{1.0,0.0,192}

Initializing transformer.h.5.mlp.c_fc.blocks.1.: k=1, G_{1.0,0.0,192}, type=None
  Initialized transformer.h.4.mlp.c_fc.blocks.3.weight (512, 512) on G_{1.0,0.0,192}

Initializing transformer.h.5.mlp.c_fc.blocks.0.: k=1, G_{1.0,0.0,192}, type=None
  Initialized transformer.h.5.mlp.c_fc.blocks.1.weight (512, 512) on G_{1.0,0.0,192}

Initializing transformer.h.5.mlp.c_fc.blocks.2.: k=1, G_{1.0,0.0,192}, type=None
  Initialized transformer.h.5.mlp.c_fc.blocks.1.weight (512, 512) on G_{1.0,0.0,192}

Initializing transformer.h.5.mlp.c_fc.blocks.2.: k=1, G_{1.0,0.0,192}, type=None
  Initialized transformer.h.5.mlp.c_fc.blocks.1.weight (512, 512) on G_{1.0,0.0,192}

Initializing transformer.h.5.mlp.c_fc.blocks.2.: k=1, G_{1.0,0.0,192}, type=None
  Initialized transformer.h.5.mlp.c_fc.blocks.0.weight (512, 512) on G_{1.0,0.0,192}

Initializing transformer.h.5.mlp.c_fc.blocks.1.: k=1, G_{1.0,0.0,192}, type=None
  Initialized transformer.h.5.mlp.c_fc.blocks.2.weight (512, 512) on G_{1.0,0.0,192}

Initializing transformer.h.5.mlp.c_fc.blocks.3.: k=1, G_{1.0,0.0,192}, type=None
  Initialized transformer.h.5.mlp.c_fc.blocks.2.weight (512, 512) on G_{1.0,0.0,192}

Initializing transformer.h.5.mlp.c_fc.blocks.3.: k=1, G_{1.0,0.0,192}, type=None
  Initialized transformer.h.5.mlp.c_fc.blocks.2.weight (512, 512) on G_{1.0,0.0,192}

Initializing transformer.h.5.mlp.c_fc.blocks.3.: k=1, G_{1.0,0.0,192}, type=None
  Initialized transformer.h.5.mlp.c_fc.blocks.1.weight (512, 512) on G_{1.0,0.0,192}

Initializing transformer.h.5.mlp.c_fc.blocks.2.: k=1, G_{1.0,0.0,192}, type=None
  Initialized transformer.h.5.mlp.c_fc.blocks.3.weight (512, 512) on G_{1.0,0.0,192}

Grassmann block initialization complete.

=== Setting up component-specific dropout ===
AdamW components: dropout = 0.1
Grassmann components: dropout = 0.05
Component-specific dropout setup complete.

=== Setting up norm-preserving scaling (Phase small_mlp_r192) ===
  Initialized transformer.h.5.mlp.c_fc.blocks.3.weight (512, 512) on G_{1.0,0.0,192}

Grassmann block initialization complete.

=== Setting up component-specific dropout ===
  Initialized transformer.h.5.mlp.c_fc.blocks.3.weight (512, 512) on G_{1.0,0.0,192}AdamW components: dropout = 0.1

Grassmann components: dropout = 0.05

Grassmann block initialization complete.

=== Setting up component-specific dropout ===
AdamW components: dropout = 0.1
Grassmann components: dropout = 0.05
Component-specific dropout setup complete.

=== Setting up norm-preserving scaling (Phase small_mlp_r192) ===
Component-specific dropout setup complete.

=== Setting up norm-preserving scaling (Phase small_mlp_r192) ===
  Initialized transformer.h.5.mlp.c_fc.blocks.2.weight (512, 512) on G_{1.0,0.0,192}

Initializing transformer.h.5.mlp.c_fc.blocks.3.: k=1, G_{1.0,0.0,192}, type=None
  Initialized transformer.h.5.mlp.c_fc.blocks.3.weight (512, 512) on G_{1.0,0.0,192}

Grassmann block initialization complete.

=== Setting up component-specific dropout ===
AdamW components: dropout = 0.1
Grassmann components: dropout = 0.05
Component-specific dropout setup complete.

=== Setting up norm-preserving scaling (Phase small_mlp_r192) ===
  Added frozen 0.5×I scaling after mlp.c_fc (device=cuda:1)
  Added frozen 0.5×I scaling after mlp.c_fc (device=cuda:2)
  Added frozen 0.5×I scaling after mlp.c_fc (device=cuda:0)
  Added frozen 0.5×I scaling after mlp.c_fc (device=cuda:3)
  Added frozen 0.5×I scaling after mlp.c_fc (device=cuda:1)
  Added frozen 0.5×I scaling after mlp.c_fc (device=cuda:2)
  Added frozen 0.5×I scaling after mlp.c_fc (device=cuda:0)
  Added frozen 0.5×I scaling after mlp.c_fc (device=cuda:3)
  Added frozen 0.5×I scaling after mlp.c_fc (device=cuda:1)
  Added frozen 0.5×I scaling after mlp.c_fc (device=cuda:0)
  Added frozen 0.5×I scaling after mlp.c_fc (device=cuda:2)
  Added frozen 0.5×I scaling after mlp.c_fc (device=cuda:3)
  Added frozen 0.5×I scaling after mlp.c_fc (device=cuda:1)
  Added frozen 0.5×I scaling after mlp.c_fc (device=cuda:0)
  Added frozen 0.5×I scaling after mlp.c_fc (device=cuda:2)
  Added frozen 0.5×I scaling after mlp.c_fc (device=cuda:3)
  Added frozen 0.5×I scaling after mlp.c_fc (device=cuda:1)
  Added frozen 0.5×I scaling after mlp.c_fc (device=cuda:0)
  Added frozen 0.5×I scaling after mlp.c_fc (device=cuda:2)
  Added frozen 0.5×I scaling after mlp.c_fc (device=cuda:3)
  Added frozen 0.5×I scaling after mlp.c_fc (device=cuda:1)
Norm-preserving scaling setup complete.
compiling the model... (takes a ~minute)
  Added frozen 0.5×I scaling after mlp.c_fc (device=cuda:2)
Norm-preserving scaling setup complete.
compiling the model... (takes a ~minute)
  Added frozen 0.5×I scaling after mlp.c_fc (device=cuda:0)
Norm-preserving scaling setup complete.
compiling the model... (takes a ~minute)
  Added frozen 0.5×I scaling after mlp.c_fc (device=cuda:3)
Norm-preserving scaling setup complete.
compiling the model... (takes a ~minute)
step 0: train loss 10.9341, val loss 10.9346
iter 0: loss 10.9309, time 22488.59ms, mfu -100.00%
iter 10: loss 10.6358, time 1003.35ms, mfu 14.34%
iter 20: loss 10.1949, time 1001.22ms, mfu 14.34%
iter 30: loss 9.9486, time 955.88ms, mfu 14.41%
iter 40: loss 9.6924, time 979.62ms, mfu 14.44%
iter 50: loss 9.4272, time 984.47ms, mfu 14.46%
iter 60: loss 9.1181, time 983.39ms, mfu 14.48%
iter 70: loss 8.8985, time 986.70ms, mfu 14.49%
iter 80: loss 8.6288, time 986.93ms, mfu 14.50%
iter 90: loss 8.3588, time 997.99ms, mfu 14.49%
iter 100: loss 8.0001, time 1008.77ms, mfu 14.46%
iter 110: loss 7.8412, time 978.54ms, mfu 14.49%
iter 120: loss 7.6229, time 989.31ms, mfu 14.49%
iter 130: loss 7.3808, time 983.53ms, mfu 14.51%
iter 140: loss 7.2657, time 995.39ms, mfu 14.50%
iter 150: loss 7.1535, time 984.07ms, mfu 14.51%
iter 160: loss 6.9471, time 994.87ms, mfu 14.51%
iter 170: loss 6.9769, time 962.24ms, mfu 14.55%
iter 180: loss 6.6540, time 966.40ms, mfu 14.59%
iter 190: loss 6.6710, time 965.11ms, mfu 14.62%
iter 200: loss 6.5839, time 980.05ms, mfu 14.62%
iter 210: loss 6.5664, time 963.67ms, mfu 14.66%
iter 220: loss 6.6401, time 970.75ms, mfu 14.67%
iter 230: loss 6.7035, time 962.88ms, mfu 14.70%
iter 240: loss 6.4058, time 975.29ms, mfu 14.70%
iter 250: loss 6.5144, time 979.43ms, mfu 14.70%
iter 260: loss 6.3207, time 966.38ms, mfu 14.72%
iter 270: loss 6.2582, time 964.53ms, mfu 14.74%
iter 280: loss 6.1686, time 968.45ms, mfu 14.75%
iter 290: loss 6.3825, time 958.41ms, mfu 14.78%
iter 300: loss 6.1134, time 964.51ms, mfu 14.79%
iter 310: loss 5.9893, time 959.36ms, mfu 14.81%
iter 320: loss 6.0047, time 964.55ms, mfu 14.82%
iter 330: loss 6.0108, time 959.33ms, mfu 14.84%
iter 340: loss 6.0395, time 960.05ms, mfu 14.86%
iter 350: loss 5.9331, time 958.67ms, mfu 14.87%
iter 360: loss 6.1136, time 958.78ms, mfu 14.88%
iter 370: loss 5.7331, time 965.35ms, mfu 14.89%
iter 380: loss 5.8096, time 962.28ms, mfu 14.89%
iter 390: loss 5.7832, time 959.94ms, mfu 14.90%
iter 400: loss 5.9728, time 969.70ms, mfu 14.90%
iter 410: loss 5.8877, time 986.38ms, mfu 14.86%
iter 420: loss 5.6377, time 951.44ms, mfu 14.89%
iter 430: loss 5.9408, time 967.93ms, mfu 14.89%
iter 440: loss 5.8660, time 962.22ms, mfu 14.89%
iter 450: loss 5.7394, time 954.76ms, mfu 14.91%
iter 460: loss 5.6014, time 960.50ms, mfu 14.92%
iter 470: loss 5.8108, time 962.91ms, mfu 14.92%
iter 480: loss 5.7013, time 954.15ms, mfu 14.94%
iter 490: loss 5.6890, time 960.80ms, mfu 14.94%
step 500: train loss 5.6492, val loss 5.6471
saving checkpoint to /net/scratch2/junyuren/nanoGPT-manifold/out-small-mlp-grass-r192
iter 500: loss 5.7580, time 9440.26ms, mfu 13.60%
iter 510: loss 5.7496, time 965.93ms, mfu 13.73%
iter 520: loss 5.5533, time 967.58ms, mfu 13.84%
iter 530: loss 5.5806, time 963.01ms, mfu 13.95%
iter 540: loss 5.5819, time 957.29ms, mfu 14.06%
iter 550: loss 5.5267, time 964.38ms, mfu 14.15%
iter 560: loss 5.6240, time 966.44ms, mfu 14.22%
iter 570: loss 5.5564, time 994.87ms, mfu 14.24%
iter 580: loss 5.6117, time 967.07ms, mfu 14.31%
iter 590: loss 5.6116, time 964.18ms, mfu 14.37%
iter 600: loss 5.4412, time 974.57ms, mfu 14.41%
iter 610: loss 5.4256, time 956.59ms, mfu 14.47%
iter 620: loss 5.5900, time 976.72ms, mfu 14.50%
iter 630: loss 5.6267, time 975.27ms, mfu 14.52%
iter 640: loss 5.3585, time 959.78ms, mfu 14.57%
iter 650: loss 5.5200, time 957.55ms, mfu 14.62%
iter 660: loss 5.3682, time 961.06ms, mfu 14.65%
iter 670: loss 5.4287, time 981.27ms, mfu 14.65%
iter 680: loss 5.3240, time 965.96ms, mfu 14.68%
iter 690: loss 5.4285, time 964.99ms, mfu 14.70%
iter 700: loss 5.3278, time 961.76ms, mfu 14.73%
iter 710: loss 5.2984, time 971.04ms, mfu 14.73%
iter 720: loss 5.3011, time 972.41ms, mfu 14.74%
iter 730: loss 5.2875, time 966.29ms, mfu 14.76%
iter 740: loss 5.5442, time 967.43ms, mfu 14.77%
iter 750: loss 5.2936, time 962.54ms, mfu 14.79%
iter 760: loss 5.2257, time 977.38ms, mfu 14.78%
iter 770: loss 5.2236, time 964.91ms, mfu 14.79%
iter 780: loss 5.2330, time 968.99ms, mfu 14.80%
iter 790: loss 5.1952, time 969.92ms, mfu 14.80%
iter 800: loss 5.2351, time 966.97ms, mfu 14.81%
iter 810: loss 5.2489, time 970.31ms, mfu 14.81%
iter 820: loss 5.1091, time 963.37ms, mfu 14.82%
iter 830: loss 5.1820, time 965.83ms, mfu 14.83%
iter 840: loss 5.2372, time 969.75ms, mfu 14.83%
iter 850: loss 5.1769, time 978.17ms, mfu 14.82%
iter 860: loss 5.1668, time 958.61ms, mfu 14.84%
iter 870: loss 5.0405, time 958.66ms, mfu 14.85%
iter 880: loss 4.9899, time 954.94ms, mfu 14.88%
iter 890: loss 4.9943, time 969.95ms, mfu 14.87%
iter 900: loss 4.9135, time 964.72ms, mfu 14.88%
iter 910: loss 5.1853, time 963.21ms, mfu 14.88%
iter 920: loss 5.1117, time 969.41ms, mfu 14.88%
iter 930: loss 5.1204, time 966.30ms, mfu 14.88%
iter 940: loss 5.0237, time 968.24ms, mfu 14.88%
iter 950: loss 5.0359, time 972.51ms, mfu 14.87%
iter 960: loss 4.8297, time 968.07ms, mfu 14.87%
iter 970: loss 4.9149, time 971.55ms, mfu 14.86%
iter 980: loss 4.9497, time 965.55ms, mfu 14.87%
iter 990: loss 4.9852, time 967.19ms, mfu 14.87%
step 1000: train loss 4.8598, val loss 4.8625
saving checkpoint to /net/scratch2/junyuren/nanoGPT-manifold/out-small-mlp-grass-r192
iter 1000: loss 5.0144, time 9163.07ms, mfu 13.54%
iter 1010: loss 4.9501, time 961.20ms, mfu 13.68%
iter 1020: loss 4.9662, time 968.33ms, mfu 13.80%
iter 1030: loss 5.0097, time 967.78ms, mfu 13.91%
iter 1040: loss 4.9183, time 972.72ms, mfu 13.99%
iter 1050: loss 4.8106, time 967.79ms, mfu 14.08%
iter 1060: loss 4.9052, time 955.74ms, mfu 14.18%
iter 1070: loss 4.8483, time 959.49ms, mfu 14.26%
iter 1080: loss 4.9229, time 962.03ms, mfu 14.33%
iter 1090: loss 4.8860, time 967.23ms, mfu 14.38%
iter 1100: loss 4.8997, time 962.93ms, mfu 14.44%
iter 1110: loss 4.7548, time 964.00ms, mfu 14.49%
iter 1120: loss 4.7341, time 973.21ms, mfu 14.52%
iter 1130: loss 4.7174, time 961.86ms, mfu 14.56%
iter 1140: loss 4.7979, time 961.56ms, mfu 14.60%
iter 1150: loss 4.6772, time 964.41ms, mfu 14.63%
iter 1160: loss 4.7770, time 970.53ms, mfu 14.65%
iter 1170: loss 4.7195, time 961.22ms, mfu 14.68%
iter 1180: loss 4.6551, time 970.91ms, mfu 14.70%
iter 1190: loss 4.7577, time 960.18ms, mfu 14.73%
iter 1200: loss 4.7057, time 962.93ms, mfu 14.75%
iter 1210: loss 4.6897, time 957.19ms, mfu 14.78%
iter 1220: loss 4.5824, time 960.80ms, mfu 14.80%
iter 1230: loss 4.5749, time 967.73ms, mfu 14.80%
iter 1240: loss 4.7588, time 968.18ms, mfu 14.81%
iter 1250: loss 4.6417, time 957.48ms, mfu 14.83%
iter 1260: loss 4.6383, time 964.35ms, mfu 14.84%
iter 1270: loss 4.5291, time 966.15ms, mfu 14.84%
iter 1280: loss 4.5604, time 960.10ms, mfu 14.86%
iter 1290: loss 4.6460, time 960.69ms, mfu 14.87%
iter 1300: loss 4.5747, time 959.22ms, mfu 14.88%
iter 1310: loss 4.7065, time 960.71ms, mfu 14.89%
iter 1320: loss 4.4794, time 963.81ms, mfu 14.90%
iter 1330: loss 4.4743, time 951.22ms, mfu 14.92%
iter 1340: loss 4.4743, time 966.67ms, mfu 14.92%
iter 1350: loss 4.4965, time 961.67ms, mfu 14.92%
iter 1360: loss 4.5852, time 946.55ms, mfu 14.95%
iter 1370: loss 4.6025, time 957.44ms, mfu 14.96%
iter 1380: loss 4.4810, time 957.26ms, mfu 14.96%
iter 1390: loss 4.4896, time 957.63ms, mfu 14.97%
iter 1400: loss 4.4536, time 951.98ms, mfu 14.98%
iter 1410: loss 4.5252, time 960.17ms, mfu 14.98%
iter 1420: loss 4.5630, time 964.11ms, mfu 14.98%
iter 1430: loss 4.3911, time 962.59ms, mfu 14.97%
iter 1440: loss 4.3713, time 956.87ms, mfu 14.98%
iter 1450: loss 4.4710, time 965.98ms, mfu 14.97%
iter 1460: loss 4.4082, time 960.55ms, mfu 14.97%
iter 1470: loss 4.4635, time 961.53ms, mfu 14.97%
iter 1480: loss 4.3652, time 960.57ms, mfu 14.97%
iter 1490: loss 4.4534, time 961.15ms, mfu 14.97%
step 1500: train loss 4.3200, val loss 4.3289
saving checkpoint to /net/scratch2/junyuren/nanoGPT-manifold/out-small-mlp-grass-r192
iter 1500: loss 4.4500, time 9106.89ms, mfu 13.63%
iter 1510: loss 4.4481, time 961.31ms, mfu 13.77%
iter 1520: loss 4.5113, time 967.11ms, mfu 13.88%
iter 1530: loss 4.3573, time 971.37ms, mfu 13.97%
iter 1540: loss 4.5101, time 957.64ms, mfu 14.08%
iter 1550: loss 4.3950, time 968.45ms, mfu 14.15%
iter 1560: loss 4.3099, time 965.98ms, mfu 14.23%
iter 1570: loss 4.4076, time 960.23ms, mfu 14.30%
iter 1580: loss 4.3813, time 955.96ms, mfu 14.38%
iter 1590: loss 4.4044, time 960.28ms, mfu 14.44%
iter 1600: loss 4.3163, time 962.68ms, mfu 14.49%
iter 1610: loss 4.3333, time 950.78ms, mfu 14.55%
iter 1620: loss 4.3347, time 964.02ms, mfu 14.59%
iter 1630: loss 4.3004, time 953.82ms, mfu 14.64%
iter 1640: loss 4.2534, time 956.73ms, mfu 14.68%
iter 1650: loss 4.3309, time 957.41ms, mfu 14.71%
iter 1660: loss 4.2700, time 961.22ms, mfu 14.74%
iter 1670: loss 4.3688, time 949.69ms, mfu 14.78%
iter 1680: loss 4.3839, time 963.75ms, mfu 14.80%
iter 1690: loss 4.4465, time 960.58ms, mfu 14.81%
iter 1700: loss 4.3807, time 957.27ms, mfu 14.84%
iter 1710: loss 4.3646, time 957.94ms, mfu 14.85%
iter 1720: loss 4.3770, time 966.66ms, mfu 14.86%
iter 1730: loss 4.3585, time 961.06ms, mfu 14.87%
iter 1740: loss 4.2602, time 956.14ms, mfu 14.89%
iter 1750: loss 4.3825, time 958.60ms, mfu 14.90%
iter 1760: loss 4.3102, time 947.02ms, mfu 14.93%
iter 1770: loss 4.2015, time 958.48ms, mfu 14.94%
iter 1780: loss 4.4774, time 958.29ms, mfu 14.94%
iter 1790: loss 4.2756, time 954.41ms, mfu 14.96%
iter 1800: loss 4.2695, time 966.22ms, mfu 14.95%
iter 1810: loss 4.4134, time 968.17ms, mfu 14.94%
iter 1820: loss 4.3285, time 951.48ms, mfu 14.96%
iter 1830: loss 4.4374, time 959.10ms, mfu 14.96%
iter 1840: loss 4.3003, time 959.55ms, mfu 14.97%
iter 1850: loss 4.4024, time 945.03ms, mfu 14.99%
iter 1860: loss 4.3675, time 965.77ms, mfu 14.98%
iter 1870: loss 4.2739, time 965.70ms, mfu 14.97%
iter 1880: loss 4.4115, time 964.91ms, mfu 14.97%
iter 1890: loss 4.2085, time 951.67ms, mfu 14.98%
iter 1900: loss 4.2470, time 956.88ms, mfu 14.99%
iter 1910: loss 4.2061, time 942.53ms, mfu 15.02%
iter 1920: loss 4.2857, time 959.53ms, mfu 15.01%
iter 1930: loss 4.0793, time 961.90ms, mfu 15.01%
iter 1940: loss 4.3863, time 956.61ms, mfu 15.01%
iter 1950: loss 4.3121, time 957.48ms, mfu 15.01%
iter 1960: loss 4.1497, time 957.34ms, mfu 15.01%
iter 1970: loss 4.2712, time 957.93ms, mfu 15.02%
iter 1980: loss 4.3048, time 964.11ms, mfu 15.01%
iter 1990: loss 4.2929, time 963.77ms, mfu 15.00%
step 2000: train loss 4.1172, val loss 4.1347
saving checkpoint to /net/scratch2/junyuren/nanoGPT-manifold/out-small-mlp-grass-r192
iter 2000: loss 4.1544, time 9142.92ms, mfu 13.66%
iter 2010: loss 4.1719, time 963.86ms, mfu 13.78%
iter 2020: loss 4.3729, time 970.61ms, mfu 13.89%
iter 2030: loss 4.1934, time 957.17ms, mfu 14.00%
iter 2040: loss 4.2712, time 955.42ms, mfu 14.11%
iter 2050: loss 4.2452, time 952.70ms, mfu 14.21%
iter 2060: loss 4.1956, time 960.89ms, mfu 14.28%
iter 2070: loss 4.3098, time 953.27ms, mfu 14.36%
iter 2080: loss 4.1444, time 958.15ms, mfu 14.43%
iter 2090: loss 4.1981, time 955.74ms, mfu 14.49%
iter 2100: loss 4.2491, time 961.20ms, mfu 14.54%
iter 2110: loss 4.1796, time 959.47ms, mfu 14.59%
iter 2120: loss 4.1802, time 949.43ms, mfu 14.64%
iter 2130: loss 4.2225, time 946.07ms, mfu 14.70%
iter 2140: loss 4.0542, time 959.13ms, mfu 14.73%
iter 2150: loss 4.3231, time 964.61ms, mfu 14.75%
iter 2160: loss 4.2593, time 951.11ms, mfu 14.79%
iter 2170: loss 4.1118, time 966.18ms, mfu 14.80%
iter 2180: loss 4.2436, time 951.32ms, mfu 14.83%
iter 2190: loss 4.2626, time 958.28ms, mfu 14.85%
iter 2200: loss 4.2706, time 967.58ms, mfu 14.85%
iter 2210: loss 4.3608, time 889.13ms, mfu 14.98%
iter 2220: loss 4.2117, time 938.74ms, mfu 15.02%
iter 2230: loss 4.1683, time 954.20ms, mfu 15.02%
iter 2240: loss 4.2457, time 957.23ms, mfu 15.02%
iter 2250: loss 4.1862, time 955.06ms, mfu 15.03%
iter 2260: loss 4.3041, time 959.71ms, mfu 15.02%
iter 2270: loss 4.2315, time 964.53ms, mfu 15.01%
iter 2280: loss 4.2021, time 967.07ms, mfu 15.00%
iter 2290: loss 4.2402, time 959.33ms, mfu 15.00%
iter 2300: loss 4.2143, time 949.99ms, mfu 15.01%
iter 2310: loss 4.0841, time 949.19ms, mfu 15.03%
iter 2320: loss 4.1508, time 954.27ms, mfu 15.03%
iter 2330: loss 4.0535, time 957.81ms, mfu 15.03%
iter 2340: loss 4.2524, time 958.91ms, mfu 15.03%
iter 2350: loss 4.1725, time 965.41ms, mfu 15.02%
iter 2360: loss 4.1765, time 958.93ms, mfu 15.02%
iter 2370: loss 4.2200, time 958.01ms, mfu 15.02%
iter 2380: loss 4.2256, time 962.57ms, mfu 15.01%
iter 2390: loss 4.1748, time 939.41ms, mfu 15.04%
iter 2400: loss 4.1244, time 947.84ms, mfu 15.05%
iter 2410: loss 4.1427, time 945.39ms, mfu 15.07%
iter 2420: loss 4.1094, time 960.24ms, mfu 15.06%
iter 2430: loss 4.1687, time 956.67ms, mfu 15.06%
iter 2440: loss 4.1589, time 959.86ms, mfu 15.05%
iter 2450: loss 4.1772, time 955.08ms, mfu 15.05%
iter 2460: loss 4.1612, time 951.13ms, mfu 15.06%
iter 2470: loss 4.2381, time 954.63ms, mfu 15.06%
iter 2480: loss 4.0728, time 946.19ms, mfu 15.08%
iter 2490: loss 4.0901, time 964.49ms, mfu 15.06%
step 2500: train loss 4.0193, val loss 4.0372
saving checkpoint to /net/scratch2/junyuren/nanoGPT-manifold/out-small-mlp-grass-r192
iter 2500: loss 4.1035, time 9138.81ms, mfu 13.71%
iter 2510: loss 4.2498, time 966.09ms, mfu 13.83%
iter 2520: loss 4.0925, time 958.15ms, mfu 13.95%
iter 2530: loss 4.3596, time 955.72ms, mfu 14.06%
iter 2540: loss 4.0750, time 957.25ms, mfu 14.16%
iter 2550: loss 4.1656, time 961.20ms, mfu 14.24%
iter 2560: loss 4.1607, time 958.02ms, mfu 14.32%
iter 2570: loss 4.1595, time 967.04ms, mfu 14.37%
iter 2580: loss 4.1392, time 954.96ms, mfu 14.44%
iter 2590: loss 4.1057, time 961.46ms, mfu 14.49%
iter 2600: loss 4.1249, time 960.26ms, mfu 14.54%
iter 2610: loss 4.1061, time 958.50ms, mfu 14.59%
iter 2620: loss 4.1181, time 963.85ms, mfu 14.62%
iter 2630: loss 4.2666, time 959.61ms, mfu 14.66%
iter 2640: loss 4.1119, time 963.14ms, mfu 14.69%
iter 2650: loss 4.2504, time 954.18ms, mfu 14.73%
iter 2660: loss 4.0224, time 952.19ms, mfu 14.77%
iter 2670: loss 4.2155, time 964.13ms, mfu 14.78%
iter 2680: loss 4.0415, time 957.78ms, mfu 14.81%
iter 2690: loss 4.1104, time 948.38ms, mfu 14.84%
iter 2700: loss 4.2229, time 958.99ms, mfu 14.86%
iter 2710: loss 4.1472, time 960.25ms, mfu 14.87%
iter 2720: loss 4.0742, time 959.06ms, mfu 14.88%
iter 2730: loss 4.1367, time 951.71ms, mfu 14.91%
iter 2740: loss 4.0581, time 958.11ms, mfu 14.92%
iter 2750: loss 4.1650, time 960.43ms, mfu 14.92%
iter 2760: loss 4.1551, time 950.27ms, mfu 14.95%
iter 2770: loss 4.2061, time 956.28ms, mfu 14.96%
iter 2780: loss 4.0621, time 959.22ms, mfu 14.96%
iter 2790: loss 4.0846, time 952.62ms, mfu 14.97%
iter 2800: loss 4.0992, time 958.56ms, mfu 14.98%
iter 2810: loss 4.1217, time 956.20ms, mfu 14.98%
iter 2820: loss 4.0742, time 961.23ms, mfu 14.98%
iter 2830: loss 4.0864, time 977.80ms, mfu 14.96%
iter 2840: loss 4.0131, time 959.26ms, mfu 14.96%
iter 2850: loss 4.0969, time 939.92ms, mfu 15.00%
iter 2860: loss 4.1585, time 952.83ms, mfu 15.01%
iter 2870: loss 4.1488, time 948.07ms, mfu 15.02%
iter 2880: loss 4.0550, time 956.71ms, mfu 15.02%
iter 2890: loss 4.1168, time 964.48ms, mfu 15.01%
iter 2900: loss 4.0221, time 953.20ms, mfu 15.02%
iter 2910: loss 4.1645, time 956.78ms, mfu 15.02%
iter 2920: loss 4.0106, time 956.79ms, mfu 15.02%
iter 2930: loss 3.9332, time 955.53ms, mfu 15.03%
iter 2940: loss 4.1042, time 966.42ms, mfu 15.01%
iter 2950: loss 4.0992, time 958.26ms, mfu 15.01%
iter 2960: loss 4.1506, time 960.90ms, mfu 15.01%
iter 2970: loss 4.0240, time 946.25ms, mfu 15.03%
iter 2980: loss 4.0579, time 944.05ms, mfu 15.05%
iter 2990: loss 3.9979, time 961.23ms, mfu 15.04%
step 3000: train loss 3.9511, val loss 3.9485
saving checkpoint to /net/scratch2/junyuren/nanoGPT-manifold/out-small-mlp-grass-r192
iter 3000: loss 4.1203, time 9059.43ms, mfu 13.70%
iter 3010: loss 4.0640, time 950.85ms, mfu 13.84%
iter 3020: loss 4.0245, time 957.50ms, mfu 13.96%
iter 3030: loss 4.1332, time 951.66ms, mfu 14.07%
iter 3040: loss 4.1176, time 958.88ms, mfu 14.17%
iter 3050: loss 3.9939, time 956.99ms, mfu 14.25%
iter 3060: loss 3.9264, time 955.52ms, mfu 14.33%
iter 3070: loss 4.1376, time 951.62ms, mfu 14.41%
iter 3080: loss 4.0820, time 950.50ms, mfu 14.49%
iter 3090: loss 4.1134, time 993.11ms, mfu 14.49%
iter 3100: loss 3.9992, time 951.53ms, mfu 14.55%
iter 3110: loss 4.1025, time 961.23ms, mfu 14.59%
iter 3120: loss 3.9828, time 962.20ms, mfu 14.63%
iter 3130: loss 4.0462, time 950.30ms, mfu 14.68%
iter 3140: loss 4.0569, time 953.67ms, mfu 14.72%
iter 3150: loss 4.1414, time 961.80ms, mfu 14.74%
iter 3160: loss 4.0361, time 950.75ms, mfu 14.78%
iter 3170: loss 3.9958, time 952.67ms, mfu 14.81%
iter 3180: loss 4.1612, time 945.82ms, mfu 14.85%
iter 3190: loss 4.1738, time 966.08ms, mfu 14.86%
iter 3200: loss 4.0998, time 956.83ms, mfu 14.88%
iter 3210: loss 4.0064, time 946.23ms, mfu 14.91%
iter 3220: loss 4.0924, time 961.53ms, mfu 14.91%
iter 3230: loss 4.0782, time 964.34ms, mfu 14.91%
iter 3240: loss 4.0738, time 961.08ms, mfu 14.92%
iter 3250: loss 4.0648, time 938.16ms, mfu 14.96%
iter 3260: loss 4.0618, time 957.78ms, mfu 14.97%
iter 3270: loss 4.0863, time 952.33ms, mfu 14.98%
iter 3280: loss 3.8970, time 965.10ms, mfu 14.97%
iter 3290: loss 4.0089, time 960.87ms, mfu 14.97%
iter 3300: loss 3.9539, time 953.28ms, mfu 14.99%
iter 3310: loss 4.0560, time 953.63ms, mfu 15.00%
iter 3320: loss 4.0287, time 949.99ms, mfu 15.01%
iter 3330: loss 4.1590, time 955.93ms, mfu 15.02%
iter 3340: loss 4.0317, time 960.24ms, mfu 15.01%
iter 3350: loss 4.0091, time 954.46ms, mfu 15.02%
iter 3360: loss 4.0478, time 956.35ms, mfu 15.02%
iter 3370: loss 4.0415, time 953.77ms, mfu 15.03%
iter 3380: loss 3.9422, time 955.60ms, mfu 15.03%
iter 3390: loss 4.0039, time 960.47ms, mfu 15.03%
iter 3400: loss 4.0210, time 963.30ms, mfu 15.02%
iter 3410: loss 4.0654, time 945.92ms, mfu 15.04%
iter 3420: loss 3.9911, time 957.67ms, mfu 15.03%
iter 3430: loss 4.0458, time 958.30ms, mfu 15.03%
iter 3440: loss 4.0631, time 952.04ms, mfu 15.04%
iter 3450: loss 4.0752, time 956.13ms, mfu 15.04%
iter 3460: loss 4.0100, time 954.23ms, mfu 15.04%
iter 3470: loss 4.1045, time 960.68ms, mfu 15.04%
iter 3480: loss 4.0614, time 951.56ms, mfu 15.05%
iter 3490: loss 4.0517, time 956.51ms, mfu 15.05%
step 3500: train loss 3.9128, val loss 3.9225
saving checkpoint to /net/scratch2/junyuren/nanoGPT-manifold/out-small-mlp-grass-r192
iter 3500: loss 3.9828, time 9448.94ms, mfu 13.69%
iter 3510: loss 4.0243, time 963.69ms, mfu 13.82%
iter 3520: loss 3.9424, time 958.06ms, mfu 13.94%
iter 3530: loss 3.9745, time 941.49ms, mfu 14.07%
iter 3540: loss 4.0330, time 955.59ms, mfu 14.17%
iter 3550: loss 3.9818, time 952.89ms, mfu 14.26%
iter 3560: loss 4.0608, time 965.46ms, mfu 14.33%
iter 3570: loss 3.9958, time 951.80ms, mfu 14.41%
iter 3580: loss 4.0964, time 962.70ms, mfu 14.46%
iter 3590: loss 3.9546, time 963.77ms, mfu 14.51%
iter 3600: loss 3.9890, time 960.00ms, mfu 14.55%
iter 3610: loss 4.0960, time 954.60ms, mfu 14.61%
iter 3620: loss 4.1007, time 962.89ms, mfu 14.64%
iter 3630: loss 3.9828, time 957.50ms, mfu 14.68%
iter 3640: loss 4.0673, time 955.53ms, mfu 14.72%
iter 3650: loss 3.9450, time 948.71ms, mfu 14.76%
iter 3660: loss 4.0831, time 951.67ms, mfu 14.80%
iter 3670: loss 4.1449, time 956.39ms, mfu 14.82%
iter 3680: loss 4.0123, time 965.64ms, mfu 14.83%
iter 3690: loss 4.0434, time 963.34ms, mfu 14.84%
iter 3700: loss 3.9183, time 950.30ms, mfu 14.87%
iter 3710: loss 4.0380, time 957.89ms, mfu 14.89%
iter 3720: loss 4.0236, time 937.93ms, mfu 14.93%
iter 3730: loss 3.9215, time 947.02ms, mfu 14.96%
iter 3740: loss 4.1085, time 957.84ms, mfu 14.96%
iter 3750: loss 4.1461, time 959.26ms, mfu 14.97%
iter 3760: loss 4.0233, time 952.85ms, mfu 14.98%
iter 3770: loss 4.0972, time 955.65ms, mfu 14.99%
iter 3780: loss 4.1152, time 964.19ms, mfu 14.98%
iter 3790: loss 4.0040, time 954.42ms, mfu 14.99%
iter 3800: loss 3.9532, time 960.43ms, mfu 14.99%
iter 3810: loss 3.9977, time 959.75ms, mfu 14.99%
iter 3820: loss 3.9029, time 957.15ms, mfu 14.99%
iter 3830: loss 3.8996, time 949.03ms, mfu 15.01%
iter 3840: loss 3.9638, time 951.39ms, mfu 15.02%
iter 3850: loss 4.0539, time 957.41ms, mfu 15.02%
iter 3860: loss 3.9870, time 955.60ms, mfu 15.03%
iter 3870: loss 4.0906, time 960.59ms, mfu 15.02%
iter 3880: loss 3.9667, time 961.52ms, mfu 15.02%
iter 3890: loss 4.0354, time 955.94ms, mfu 15.02%
iter 3900: loss 3.7747, time 953.67ms, mfu 15.03%
iter 3910: loss 3.9343, time 947.20ms, mfu 15.04%
iter 3920: loss 3.9186, time 952.99ms, mfu 15.05%
iter 3930: loss 3.8482, time 956.37ms, mfu 15.05%
iter 3940: loss 3.9141, time 963.81ms, mfu 15.04%
iter 3950: loss 4.0776, time 949.25ms, mfu 15.05%
iter 3960: loss 3.9322, time 949.01ms, mfu 15.06%
iter 3970: loss 3.9465, time 960.59ms, mfu 15.05%
iter 3980: loss 3.8808, time 955.91ms, mfu 15.05%
iter 3990: loss 3.9682, time 954.98ms, mfu 15.05%
step 4000: train loss 3.8666, val loss 3.8804
saving checkpoint to /net/scratch2/junyuren/nanoGPT-manifold/out-small-mlp-grass-r192
iter 4000: loss 3.9297, time 9309.62ms, mfu 13.70%
iter 4010: loss 3.8943, time 955.15ms, mfu 13.84%
iter 4020: loss 4.0426, time 955.20ms, mfu 13.96%
iter 4030: loss 3.8861, time 954.81ms, mfu 14.07%
iter 4040: loss 4.0843, time 952.52ms, mfu 14.17%
iter 4050: loss 3.8917, time 953.03ms, mfu 14.27%
iter 4060: loss 3.9248, time 957.34ms, mfu 14.34%
iter 4070: loss 3.9724, time 953.98ms, mfu 14.42%
iter 4080: loss 3.9125, time 953.92ms, mfu 14.48%
iter 4090: loss 3.9628, time 957.04ms, mfu 14.54%
iter 4100: loss 3.9919, time 950.78ms, mfu 14.60%
iter 4110: loss 3.9853, time 965.00ms, mfu 14.63%
iter 4120: loss 4.0098, time 959.55ms, mfu 14.67%
iter 4130: loss 3.9722, time 961.14ms, mfu 14.70%
iter 4140: loss 3.9449, time 953.31ms, mfu 14.74%
iter 4150: loss 3.9440, time 943.93ms, mfu 14.79%
iter 4160: loss 3.9766, time 955.43ms, mfu 14.81%
iter 4170: loss 3.9409, time 954.12ms, mfu 14.84%
iter 4180: loss 4.0463, time 958.11ms, mfu 14.86%
iter 4190: loss 3.8978, time 956.19ms, mfu 14.88%
iter 4200: loss 3.9973, time 943.90ms, mfu 14.91%
iter 4210: loss 3.9959, time 959.25ms, mfu 14.92%
iter 4220: loss 4.0496, time 959.77ms, mfu 14.93%
iter 4230: loss 3.9896, time 954.69ms, mfu 14.94%
iter 4240: loss 4.1278, time 1006.79ms, mfu 14.88%
iter 4250: loss 4.0282, time 960.44ms, mfu 14.89%
iter 4260: loss 4.0289, time 958.10ms, mfu 14.90%
iter 4270: loss 3.9556, time 958.72ms, mfu 14.91%
iter 4280: loss 4.1021, time 961.23ms, mfu 14.92%
iter 4290: loss 3.9026, time 953.08ms, mfu 14.93%
iter 4300: loss 3.8147, time 952.58ms, mfu 14.95%
iter 4310: loss 4.0498, time 964.56ms, mfu 14.95%
iter 4320: loss 4.1107, time 955.44ms, mfu 14.96%
iter 4330: loss 3.9933, time 957.92ms, mfu 14.97%
iter 4340: loss 3.9111, time 963.86ms, mfu 14.96%
iter 4350: loss 3.9886, time 952.05ms, mfu 14.98%
iter 4360: loss 4.0351, time 958.20ms, mfu 14.98%
iter 4370: loss 3.9981, time 952.42ms, mfu 14.99%
iter 4380: loss 4.0169, time 943.66ms, mfu 15.02%
iter 4390: loss 3.9882, time 944.64ms, mfu 15.04%
iter 4400: loss 3.8911, time 951.60ms, mfu 15.05%
iter 4410: loss 3.9898, time 954.90ms, mfu 15.05%
iter 4420: loss 3.8512, time 951.80ms, mfu 15.06%
iter 4430: loss 3.9133, time 952.33ms, mfu 15.06%
iter 4440: loss 3.9358, time 957.90ms, mfu 15.06%
iter 4450: loss 3.9672, time 959.05ms, mfu 15.05%
iter 4460: loss 3.9744, time 955.21ms, mfu 15.05%
iter 4470: loss 4.0185, time 960.94ms, mfu 15.04%
iter 4480: loss 3.9316, time 952.87ms, mfu 15.05%
iter 4490: loss 3.9758, time 948.93ms, mfu 15.06%
step 4500: train loss 3.8267, val loss 3.8401
saving checkpoint to /net/scratch2/junyuren/nanoGPT-manifold/out-small-mlp-grass-r192
iter 4500: loss 4.0220, time 9219.35ms, mfu 13.71%
iter 4510: loss 3.9565, time 956.09ms, mfu 13.84%
iter 4520: loss 3.8042, time 948.71ms, mfu 13.98%
iter 4530: loss 3.8840, time 959.28ms, mfu 14.08%
iter 4540: loss 3.9283, time 954.72ms, mfu 14.18%
iter 4550: loss 3.8421, time 951.78ms, mfu 14.27%
iter 4560: loss 4.0940, time 960.12ms, mfu 14.34%
iter 4570: loss 3.9374, time 961.52ms, mfu 14.41%
iter 4580: loss 3.9056, time 959.65ms, mfu 14.46%
iter 4590: loss 3.8601, time 952.41ms, mfu 14.53%
iter 4600: loss 3.9824, time 955.61ms, mfu 14.58%
iter 4610: loss 4.1326, time 956.10ms, mfu 14.63%
iter 4620: loss 3.8438, time 957.39ms, mfu 14.67%
iter 4630: loss 3.8817, time 958.80ms, mfu 14.70%
iter 4640: loss 3.9158, time 951.01ms, mfu 14.74%
iter 4650: loss 3.8597, time 952.48ms, mfu 14.78%
iter 4660: loss 3.9417, time 953.00ms, mfu 14.81%
iter 4670: loss 4.0091, time 957.75ms, mfu 14.83%
iter 4680: loss 3.8941, time 957.98ms, mfu 14.85%
iter 4690: loss 3.8634, time 952.90ms, mfu 14.88%
iter 4700: loss 3.9450, time 953.58ms, mfu 14.90%
iter 4710: loss 3.8192, time 957.18ms, mfu 14.91%
iter 4720: loss 4.0176, time 960.29ms, mfu 14.92%
iter 4730: loss 3.9035, time 950.99ms, mfu 14.94%
iter 4740: loss 3.9472, time 969.24ms, mfu 14.93%
iter 4750: loss 3.9459, time 952.44ms, mfu 14.95%
iter 4760: loss 3.7961, time 957.82ms, mfu 14.95%
iter 4770: loss 3.8903, time 956.09ms, mfu 14.96%
iter 4780: loss 3.9092, time 957.60ms, mfu 14.97%
iter 4790: loss 3.7315, time 960.87ms, mfu 14.97%
iter 4800: loss 3.9710, time 949.29ms, mfu 14.99%
iter 4810: loss 3.8033, time 956.38ms, mfu 14.99%
iter 4820: loss 3.9209, time 965.98ms, mfu 14.98%
iter 4830: loss 4.0739, time 951.03ms, mfu 15.00%
iter 4840: loss 3.9994, time 968.19ms, mfu 14.99%
iter 4850: loss 4.0051, time 957.21ms, mfu 14.99%
iter 4860: loss 4.0012, time 955.10ms, mfu 15.00%
iter 4870: loss 3.9364, time 953.02ms, mfu 15.01%
iter 4880: loss 3.9318, time 957.72ms, mfu 15.01%
iter 4890: loss 3.9865, time 949.82ms, mfu 15.02%
iter 4900: loss 3.9966, time 963.46ms, mfu 15.01%
iter 4910: loss 3.9924, time 966.72ms, mfu 15.00%
iter 4920: loss 3.8147, time 952.35ms, mfu 15.01%
iter 4930: loss 4.0098, time 955.70ms, mfu 15.02%
iter 4940: loss 3.8993, time 961.06ms, mfu 15.01%
iter 4950: loss 3.9509, time 954.14ms, mfu 15.02%
iter 4960: loss 3.9624, time 951.77ms, mfu 15.03%
iter 4970: loss 3.9473, time 964.10ms, mfu 15.02%
iter 4980: loss 3.9127, time 962.52ms, mfu 15.01%
iter 4990: loss 3.8578, time 971.44ms, mfu 14.99%
step 5000: train loss 3.8087, val loss 3.8089
saving checkpoint to /net/scratch2/junyuren/nanoGPT-manifold/out-small-mlp-grass-r192
iter 5000: loss 3.9535, time 10244.11ms, mfu 13.63%
iter 5010: loss 3.9845, time 962.88ms, mfu 13.76%
iter 5020: loss 3.8248, time 941.89ms, mfu 13.91%
iter 5030: loss 3.9133, time 951.83ms, mfu 14.03%
iter 5040: loss 3.9842, time 945.75ms, mfu 14.15%
iter 5050: loss 3.9941, time 963.51ms, mfu 14.23%
iter 5060: loss 3.8752, time 956.60ms, mfu 14.31%
iter 5070: loss 3.9225, time 964.37ms, mfu 14.37%
iter 5080: loss 3.9697, time 960.26ms, mfu 14.43%
iter 5090: loss 3.8996, time 953.03ms, mfu 14.50%
iter 5100: loss 3.8158, time 955.18ms, mfu 14.56%
iter 5110: loss 4.0202, time 949.71ms, mfu 14.62%
iter 5120: loss 3.9023, time 963.39ms, mfu 14.65%
iter 5130: loss 4.0084, time 952.20ms, mfu 14.69%
iter 5140: loss 3.9617, time 950.89ms, mfu 14.74%
iter 5150: loss 4.0359, time 957.81ms, mfu 14.77%
iter 5160: loss 3.9711, time 957.65ms, mfu 14.79%
iter 5170: loss 3.9382, time 959.01ms, mfu 14.81%
iter 5180: loss 3.8404, time 956.77ms, mfu 14.83%
iter 5190: loss 3.9000, time 959.11ms, mfu 14.85%
iter 5200: loss 4.0529, time 957.81ms, mfu 14.87%
iter 5210: loss 3.9937, time 961.32ms, mfu 14.88%
iter 5220: loss 3.8201, time 956.75ms, mfu 14.89%
iter 5230: loss 3.9481, time 957.36ms, mfu 14.91%
iter 5240: loss 3.9703, time 957.91ms, mfu 14.92%
iter 5250: loss 3.9240, time 956.88ms, mfu 14.93%
iter 5260: loss 3.8907, time 965.85ms, mfu 14.93%
iter 5270: loss 3.9299, time 956.05ms, mfu 14.94%
iter 5280: loss 3.9313, time 961.81ms, mfu 14.94%
iter 5290: loss 4.0052, time 959.78ms, mfu 14.95%
iter 5300: loss 3.9066, time 958.15ms, mfu 14.95%
iter 5310: loss 3.8081, time 965.01ms, mfu 14.95%
iter 5320: loss 3.9192, time 956.41ms, mfu 14.96%
iter 5330: loss 3.8765, time 945.40ms, mfu 14.98%
iter 5340: loss 3.8012, time 952.76ms, mfu 15.00%
iter 5350: loss 3.8788, time 961.08ms, mfu 14.99%
iter 5360: loss 3.8615, time 955.51ms, mfu 15.00%
iter 5370: loss 3.8639, time 957.27ms, mfu 15.00%
iter 5380: loss 4.0527, time 954.73ms, mfu 15.01%
iter 5390: loss 3.9202, time 967.77ms, mfu 15.00%
iter 5400: loss 3.8376, time 959.83ms, mfu 14.99%
iter 5410: loss 3.9679, time 967.28ms, mfu 14.98%
iter 5420: loss 3.8657, time 947.36ms, mfu 15.00%
iter 5430: loss 4.0022, time 964.35ms, mfu 14.99%
iter 5440: loss 3.9692, time 963.75ms, mfu 14.99%
iter 5450: loss 3.9335, time 958.49ms, mfu 14.99%
iter 5460: loss 3.8937, time 966.02ms, mfu 14.98%
iter 5470: loss 3.8842, time 956.67ms, mfu 14.99%
iter 5480: loss 3.8562, time 958.28ms, mfu 14.99%
iter 5490: loss 3.7338, time 960.71ms, mfu 14.99%
step 5500: train loss 3.7880, val loss 3.7892
saving checkpoint to /net/scratch2/junyuren/nanoGPT-manifold/out-small-mlp-grass-r192
iter 5500: loss 3.9475, time 9243.27ms, mfu 13.64%
iter 5510: loss 4.0012, time 948.46ms, mfu 13.80%
iter 5520: loss 3.9089, time 960.99ms, mfu 13.91%
iter 5530: loss 3.9109, time 962.09ms, mfu 14.02%
iter 5540: loss 3.8434, time 964.68ms, mfu 14.11%
iter 5550: loss 3.8466, time 963.73ms, mfu 14.19%
iter 5560: loss 3.8684, time 961.48ms, mfu 14.27%
iter 5570: loss 3.8811, time 958.70ms, mfu 14.34%
iter 5580: loss 4.0160, time 956.84ms, mfu 14.41%
iter 5590: loss 3.9413, time 958.09ms, mfu 14.47%
iter 5600: loss 3.9329, time 971.79ms, mfu 14.51%
iter 5610: loss 3.8495, time 969.71ms, mfu 14.54%
iter 5620: loss 3.7218, time 954.12ms, mfu 14.59%
iter 5630: loss 3.9591, time 949.22ms, mfu 14.65%
iter 5640: loss 3.8253, time 966.85ms, mfu 14.67%
iter 5650: loss 3.9151, time 965.20ms, mfu 14.70%
iter 5660: loss 3.8333, time 965.42ms, mfu 14.72%
iter 5670: loss 3.9521, time 950.56ms, mfu 14.76%
iter 5680: loss 3.9209, time 965.42ms, mfu 14.77%
iter 5690: loss 3.8698, time 965.49ms, mfu 14.79%
iter 5700: loss 3.9405, time 957.19ms, mfu 14.81%
iter 5710: loss 3.9547, time 959.52ms, mfu 14.83%
iter 5720: loss 3.8238, time 968.64ms, mfu 14.83%
iter 5730: loss 3.9298, time 959.80ms, mfu 14.85%
iter 5740: loss 3.8398, time 965.68ms, mfu 14.85%
iter 5750: loss 3.8061, time 970.37ms, mfu 14.85%
iter 5760: loss 3.8016, time 964.57ms, mfu 14.86%
iter 5770: loss 3.8533, time 955.87ms, mfu 14.88%
iter 5780: loss 3.9335, time 961.50ms, mfu 14.88%
iter 5790: loss 3.9907, time 958.56ms, mfu 14.90%
iter 5800: loss 3.9375, time 964.46ms, mfu 14.90%
iter 5810: loss 3.8885, time 957.42ms, mfu 14.91%
iter 5820: loss 3.8627, time 958.47ms, mfu 14.92%
iter 5830: loss 3.9099, time 960.87ms, mfu 14.93%
iter 5840: loss 3.9440, time 966.40ms, mfu 14.92%
iter 5850: loss 3.8525, time 963.23ms, mfu 14.92%
iter 5860: loss 3.8827, time 963.01ms, mfu 14.93%
iter 5870: loss 3.9791, time 964.48ms, mfu 14.93%
iter 5880: loss 3.7542, time 959.94ms, mfu 14.93%
iter 5890: loss 3.9567, time 964.06ms, mfu 14.93%
iter 5900: loss 3.7867, time 952.87ms, mfu 14.95%
iter 5910: loss 3.7795, time 956.57ms, mfu 14.96%
iter 5920: loss 3.9491, time 961.79ms, mfu 14.96%
iter 5930: loss 3.8777, time 966.01ms, mfu 14.95%
iter 5940: loss 3.7670, time 954.58ms, mfu 14.96%
iter 5950: loss 3.7775, time 965.23ms, mfu 14.96%
iter 5960: loss 3.8882, time 956.34ms, mfu 14.97%
iter 5970: loss 3.8416, time 963.53ms, mfu 14.96%
iter 5980: loss 3.9576, time 969.41ms, mfu 14.95%
iter 5990: loss 3.8034, time 961.07ms, mfu 14.95%
step 6000: train loss 3.7627, val loss 3.7783
saving checkpoint to /net/scratch2/junyuren/nanoGPT-manifold/out-small-mlp-grass-r192
iter 6000: loss 3.8147, time 9063.28ms, mfu 13.62%
iter 6010: loss 3.8929, time 966.58ms, mfu 13.74%
iter 6020: loss 3.9488, time 953.63ms, mfu 13.88%
iter 6030: loss 3.8625, time 961.84ms, mfu 13.99%
iter 6040: loss 3.8556, time 958.59ms, mfu 14.09%
iter 6050: loss 3.8443, time 964.20ms, mfu 14.17%
iter 6060: loss 3.8034, time 959.71ms, mfu 14.25%
iter 6070: loss 3.7900, time 905.05ms, mfu 14.42%
iter 6080: loss 3.8241, time 972.06ms, mfu 14.46%
iter 6090: loss 3.9288, time 964.90ms, mfu 14.50%
iter 6100: loss 3.8665, time 962.20ms, mfu 14.55%
iter 6110: loss 3.7362, time 969.79ms, mfu 14.58%
iter 6120: loss 3.9526, time 970.97ms, mfu 14.60%
iter 6130: loss 3.8470, time 966.78ms, mfu 14.63%
iter 6140: loss 4.0160, time 964.90ms, mfu 14.66%
iter 6150: loss 3.9000, time 955.90ms, mfu 14.70%
iter 6160: loss 3.7885, time 960.85ms, mfu 14.72%
iter 6170: loss 3.8193, time 955.21ms, mfu 14.76%
iter 6180: loss 3.9711, time 965.76ms, mfu 14.77%
iter 6190: loss 3.7863, time 964.03ms, mfu 14.79%
iter 6200: loss 3.9666, time 955.91ms, mfu 14.81%
iter 6210: loss 3.8259, time 964.58ms, mfu 14.82%
iter 6220: loss 3.9347, time 966.93ms, mfu 14.83%
iter 6230: loss 3.8585, time 967.37ms, mfu 14.83%
iter 6240: loss 3.8134, time 965.84ms, mfu 14.84%
iter 6250: loss 3.7746, time 967.29ms, mfu 14.84%
iter 6260: loss 3.9053, time 950.88ms, mfu 14.87%
iter 6270: loss 3.8763, time 948.32ms, mfu 14.90%
iter 6280: loss 3.8303, time 956.98ms, mfu 14.92%
iter 6290: loss 3.9294, time 967.15ms, mfu 14.91%
iter 6300: loss 3.7440, time 966.57ms, mfu 14.91%
iter 6310: loss 3.7418, time 955.70ms, mfu 14.92%
iter 6320: loss 3.8642, time 964.66ms, mfu 14.92%
iter 6330: loss 3.8318, time 971.90ms, mfu 14.91%
iter 6340: loss 3.8522, time 964.33ms, mfu 14.91%
iter 6350: loss 3.8146, time 973.48ms, mfu 14.90%
iter 6360: loss 3.7622, time 964.81ms, mfu 14.90%
iter 6370: loss 3.8003, time 970.06ms, mfu 14.89%
iter 6380: loss 3.8625, time 960.89ms, mfu 14.90%
iter 6390: loss 3.8231, time 968.30ms, mfu 14.90%
iter 6400: loss 3.7791, time 973.68ms, mfu 14.88%
iter 6410: loss 3.8489, time 968.04ms, mfu 14.88%
iter 6420: loss 3.8456, time 975.54ms, mfu 14.87%
iter 6430: loss 3.9327, time 961.42ms, mfu 14.88%
iter 6440: loss 3.8136, time 967.23ms, mfu 14.88%
iter 6450: loss 3.9535, time 975.80ms, mfu 14.86%
iter 6460: loss 3.9641, time 969.36ms, mfu 14.86%
iter 6470: loss 3.8843, time 959.65ms, mfu 14.88%
iter 6480: loss 3.8375, time 967.35ms, mfu 14.88%
iter 6490: loss 3.9201, time 971.01ms, mfu 14.87%
step 6500: train loss 3.7462, val loss 3.7595
saving checkpoint to /net/scratch2/junyuren/nanoGPT-manifold/out-small-mlp-grass-r192
iter 6500: loss 3.8016, time 9002.14ms, mfu 13.54%
iter 6510: loss 3.7755, time 965.02ms, mfu 13.68%
iter 6520: loss 3.7771, time 970.89ms, mfu 13.79%
iter 6530: loss 3.9134, time 975.48ms, mfu 13.89%
iter 6540: loss 3.8722, time 969.59ms, mfu 13.98%
iter 6550: loss 3.7321, time 966.95ms, mfu 14.07%
iter 6560: loss 3.8214, time 971.86ms, mfu 14.15%
iter 6570: loss 3.9222, time 976.63ms, mfu 14.20%
iter 6580: loss 3.8768, time 966.57ms, mfu 14.27%
iter 6590: loss 3.8900, time 974.55ms, mfu 14.32%
iter 6600: loss 3.7658, time 969.64ms, mfu 14.37%
iter 6610: loss 3.8678, time 970.91ms, mfu 14.42%
iter 6620: loss 3.8375, time 957.39ms, mfu 14.48%
iter 6630: loss 3.8609, time 975.90ms, mfu 14.51%
iter 6640: loss 3.8173, time 967.78ms, mfu 14.54%
iter 6650: loss 3.8937, time 973.51ms, mfu 14.57%
iter 6660: loss 3.8266, time 969.02ms, mfu 14.59%
iter 6670: loss 3.8478, time 972.46ms, mfu 14.61%
iter 6680: loss 3.8132, time 960.55ms, mfu 14.65%
iter 6690: loss 3.8484, time 969.67ms, mfu 14.67%
iter 6700: loss 3.8778, time 970.12ms, mfu 14.69%
iter 6710: loss 3.8304, time 968.18ms, mfu 14.70%
iter 6720: loss 3.6791, time 965.48ms, mfu 14.72%
iter 6730: loss 3.9691, time 971.71ms, mfu 14.73%
iter 6740: loss 3.8882, time 970.29ms, mfu 14.74%
iter 6750: loss 3.7786, time 974.12ms, mfu 14.74%
iter 6760: loss 3.7852, time 969.28ms, mfu 14.75%
iter 6770: loss 3.8523, time 968.91ms, mfu 14.76%
iter 6780: loss 3.8306, time 972.67ms, mfu 14.77%
iter 6790: loss 3.7805, time 975.40ms, mfu 14.76%
iter 6800: loss 3.9091, time 975.06ms, mfu 14.76%
iter 6810: loss 3.8872, time 967.47ms, mfu 14.77%
iter 6820: loss 3.6745, time 977.52ms, mfu 14.77%
iter 6830: loss 3.7922, time 968.95ms, mfu 14.78%
iter 6840: loss 3.7491, time 974.37ms, mfu 14.78%
iter 6850: loss 3.8635, time 968.10ms, mfu 14.78%
iter 6860: loss 3.7804, time 970.89ms, mfu 14.79%
iter 6870: loss 3.7934, time 958.43ms, mfu 14.81%
iter 6880: loss 3.6738, time 977.93ms, mfu 14.80%
iter 6890: loss 3.9264, time 975.73ms, mfu 14.79%
iter 6900: loss 3.7306, time 968.67ms, mfu 14.80%
iter 6910: loss 3.8928, time 974.25ms, mfu 14.80%
iter 6920: loss 3.9026, time 903.00ms, mfu 14.91%
iter 6930: loss 3.7780, time 975.22ms, mfu 14.90%
iter 6940: loss 3.7987, time 974.37ms, mfu 14.88%
iter 6950: loss 3.8133, time 975.58ms, mfu 14.87%
iter 6960: loss 3.6547, time 968.16ms, mfu 14.87%
iter 6970: loss 3.7954, time 977.36ms, mfu 14.85%
iter 6980: loss 3.8387, time 975.58ms, mfu 14.84%
iter 6990: loss 3.9083, time 983.29ms, mfu 14.82%
step 7000: train loss 3.7274, val loss 3.7414
saving checkpoint to /net/scratch2/junyuren/nanoGPT-manifold/out-small-mlp-grass-r192
iter 7000: loss 3.8933, time 9038.57ms, mfu 13.50%
iter 7010: loss 3.7920, time 975.65ms, mfu 13.62%
iter 7020: loss 3.8241, time 974.82ms, mfu 13.74%
iter 7030: loss 3.9239, time 971.78ms, mfu 13.84%
iter 7040: loss 3.8020, time 977.43ms, mfu 13.93%
iter 7050: loss 3.8059, time 978.72ms, mfu 14.01%
iter 7060: loss 3.7209, time 979.61ms, mfu 14.08%
iter 7070: loss 3.8115, time 972.91ms, mfu 14.15%
iter 7080: loss 3.8540, time 976.76ms, mfu 14.21%
iter 7090: loss 3.8358, time 979.22ms, mfu 14.25%
iter 7100: loss 3.9170, time 970.09ms, mfu 14.31%
iter 7110: loss 3.7439, time 975.24ms, mfu 14.36%
iter 7120: loss 3.7942, time 979.03ms, mfu 14.39%
iter 7130: loss 3.8718, time 979.76ms, mfu 14.42%
iter 7140: loss 3.7896, time 978.99ms, mfu 14.45%
iter 7150: loss 3.6524, time 973.47ms, mfu 14.48%
iter 7160: loss 3.8197, time 986.40ms, mfu 14.49%
iter 7170: loss 3.7746, time 984.97ms, mfu 14.50%
iter 7180: loss 3.8659, time 978.31ms, mfu 14.52%
iter 7190: loss 3.7700, time 966.41ms, mfu 14.56%
iter 7200: loss 3.9135, time 975.59ms, mfu 14.58%
iter 7210: loss 3.7001, time 978.80ms, mfu 14.59%
iter 7220: loss 3.9101, time 979.87ms, mfu 14.60%
iter 7230: loss 3.8420, time 985.31ms, mfu 14.60%
iter 7240: loss 3.8769, time 979.79ms, mfu 14.61%
iter 7250: loss 3.8093, time 984.35ms, mfu 14.61%
iter 7260: loss 3.8261, time 969.31ms, mfu 14.63%
iter 7270: loss 3.8399, time 983.07ms, mfu 14.63%
iter 7280: loss 3.7105, time 981.06ms, mfu 14.64%
iter 7290: loss 3.9067, time 981.33ms, mfu 14.64%
iter 7300: loss 3.7564, time 970.45ms, mfu 14.66%
iter 7310: loss 3.8249, time 974.89ms, mfu 14.67%
iter 7320: loss 3.8783, time 988.30ms, mfu 14.66%
iter 7330: loss 3.7491, time 981.13ms, mfu 14.66%
iter 7340: loss 3.8476, time 984.02ms, mfu 14.65%
iter 7350: loss 3.8359, time 983.39ms, mfu 14.65%
iter 7360: loss 3.9229, time 987.18ms, mfu 14.64%
iter 7370: loss 3.8515, time 981.11ms, mfu 14.65%
iter 7380: loss 3.8974, time 980.21ms, mfu 14.65%
iter 7390: loss 3.8677, time 980.97ms, mfu 14.65%
iter 7400: loss 3.8321, time 983.09ms, mfu 14.65%
iter 7410: loss 3.9079, time 984.47ms, mfu 14.65%
iter 7420: loss 3.8378, time 976.49ms, mfu 14.65%
iter 7430: loss 3.7038, time 987.08ms, mfu 14.65%
iter 7440: loss 3.9704, time 978.62ms, mfu 14.65%
iter 7450: loss 3.7392, time 988.79ms, mfu 14.64%
iter 7460: loss 3.8535, time 979.48ms, mfu 14.65%
iter 7470: loss 4.0197, time 977.51ms, mfu 14.65%
iter 7480: loss 3.7856, time 980.68ms, mfu 14.66%
iter 7490: loss 3.9239, time 982.05ms, mfu 14.66%
step 7500: train loss 3.7202, val loss 3.7196
saving checkpoint to /net/scratch2/junyuren/nanoGPT-manifold/out-small-mlp-grass-r192
iter 7500: loss 3.8049, time 9020.76ms, mfu 13.35%
iter 7510: loss 3.8158, time 991.13ms, mfu 13.47%
iter 7520: loss 3.6985, time 988.37ms, mfu 13.57%
iter 7530: loss 3.8575, time 988.73ms, mfu 13.67%
iter 7540: loss 3.8354, time 983.76ms, mfu 13.77%
iter 7550: loss 3.8131, time 981.59ms, mfu 13.86%
iter 7560: loss 3.8706, time 985.82ms, mfu 13.93%
iter 7570: loss 3.9238, time 984.38ms, mfu 14.00%
iter 7580: loss 4.0261, time 979.93ms, mfu 14.07%
iter 7590: loss 3.6457, time 976.11ms, mfu 14.13%
iter 7600: loss 3.9915, time 983.09ms, mfu 14.18%
iter 7610: loss 3.8992, time 985.84ms, mfu 14.23%
iter 7620: loss 3.8904, time 981.37ms, mfu 14.27%
iter 7630: loss 3.8955, time 989.70ms, mfu 14.30%
iter 7640: loss 3.8168, time 988.39ms, mfu 14.32%
iter 7650: loss 3.7797, time 986.51ms, mfu 14.35%
iter 7660: loss 3.6497, time 993.63ms, mfu 14.36%
iter 7670: loss 3.8608, time 984.32ms, mfu 14.39%
iter 7680: loss 3.9624, time 978.76ms, mfu 14.42%
iter 7690: loss 3.8764, time 993.76ms, mfu 14.42%
iter 7700: loss 3.9190, time 986.42ms, mfu 14.44%
iter 7710: loss 3.8533, time 992.10ms, mfu 14.45%
iter 7720: loss 3.9211, time 986.36ms, mfu 14.46%
iter 7730: loss 3.9260, time 989.43ms, mfu 14.47%
iter 7740: loss 3.7704, time 991.81ms, mfu 14.47%
iter 7750: loss 3.5767, time 989.38ms, mfu 14.48%
iter 7760: loss 3.8690, time 993.31ms, mfu 14.48%
iter 7770: loss 3.9232, time 986.12ms, mfu 14.49%
iter 7780: loss 3.9343, time 987.17ms, mfu 14.50%
iter 7790: loss 3.7632, time 980.66ms, mfu 14.52%
iter 7800: loss 3.7836, time 985.30ms, mfu 14.53%
iter 7810: loss 3.7807, time 1072.19ms, mfu 14.41%
iter 7820: loss 3.7633, time 989.65ms, mfu 14.43%
iter 7830: loss 3.6849, time 989.78ms, mfu 14.44%
iter 7840: loss 3.8805, time 989.28ms, mfu 14.45%
iter 7850: loss 3.7877, time 989.85ms, mfu 14.46%
iter 7860: loss 3.8877, time 989.93ms, mfu 14.46%
iter 7870: loss 3.8735, time 987.60ms, mfu 14.48%
iter 7880: loss 3.7667, time 978.75ms, mfu 14.50%
iter 7890: loss 3.6938, time 981.46ms, mfu 14.51%
iter 7900: loss 3.8543, time 985.39ms, mfu 14.52%
iter 7910: loss 3.7888, time 986.22ms, mfu 14.53%
iter 7920: loss 3.7863, time 993.79ms, mfu 14.52%
iter 7930: loss 3.9428, time 981.18ms, mfu 14.54%
iter 7940: loss 3.7945, time 996.84ms, mfu 14.53%
iter 7950: loss 3.7857, time 994.98ms, mfu 14.52%
iter 7960: loss 3.8997, time 996.71ms, mfu 14.51%
iter 7970: loss 3.7979, time 992.59ms, mfu 14.51%
iter 7980: loss 3.7860, time 987.15ms, mfu 14.52%
iter 7990: loss 3.8884, time 988.57ms, mfu 14.52%
step 8000: train loss 3.6980, val loss 3.7046
saving checkpoint to /net/scratch2/junyuren/nanoGPT-manifold/out-small-mlp-grass-r192
iter 8000: loss 3.8122, time 9189.28ms, mfu 13.23%
iter 8010: loss 3.8664, time 989.05ms, mfu 13.36%
iter 8020: loss 3.8144, time 987.66ms, mfu 13.48%
iter 8030: loss 3.7953, time 978.45ms, mfu 13.60%
iter 8040: loss 3.8443, time 994.19ms, mfu 13.69%
iter 8050: loss 3.7666, time 991.82ms, mfu 13.77%
iter 8060: loss 3.6578, time 994.04ms, mfu 13.84%
iter 8070: loss 3.7852, time 993.31ms, mfu 13.90%
iter 8080: loss 3.6034, time 996.55ms, mfu 13.96%
iter 8090: loss 3.8302, time 1000.25ms, mfu 14.00%
iter 8100: loss 3.8363, time 997.66ms, mfu 14.04%
iter 8110: loss 3.8897, time 985.68ms, mfu 14.10%
iter 8120: loss 3.9355, time 985.58ms, mfu 14.15%
iter 8130: loss 3.8145, time 988.88ms, mfu 14.19%
iter 8140: loss 3.7636, time 988.30ms, mfu 14.23%
iter 8150: loss 3.8509, time 992.24ms, mfu 14.25%
iter 8160: loss 3.7833, time 995.44ms, mfu 14.27%
iter 8170: loss 3.8134, time 992.15ms, mfu 14.30%
iter 8180: loss 3.8345, time 991.94ms, mfu 14.32%
iter 8190: loss 3.8019, time 991.10ms, mfu 14.34%
iter 8200: loss 3.8480, time 989.84ms, mfu 14.36%
iter 8210: loss 3.8145, time 991.09ms, mfu 14.37%
iter 8220: loss 3.6744, time 990.78ms, mfu 14.39%
iter 8230: loss 3.8156, time 993.76ms, mfu 14.40%
iter 8240: loss 3.8220, time 972.32ms, mfu 14.44%
iter 8250: loss 3.8022, time 992.31ms, mfu 14.44%
iter 8260: loss 3.7721, time 987.86ms, mfu 14.45%
iter 8270: loss 3.8362, time 993.32ms, mfu 14.46%
iter 8280: loss 3.9260, time 989.16ms, mfu 14.47%
iter 8290: loss 3.7827, time 998.37ms, mfu 14.46%
iter 8300: loss 3.7980, time 986.81ms, mfu 14.47%
iter 8310: loss 3.8561, time 990.37ms, mfu 14.48%
iter 8320: loss 3.8227, time 988.83ms, mfu 14.49%
iter 8330: loss 3.8909, time 983.53ms, mfu 14.50%
iter 8340: loss 3.7611, time 990.26ms, mfu 14.50%
iter 8350: loss 3.7755, time 996.32ms, mfu 14.50%
iter 8360: loss 3.7543, time 994.12ms, mfu 14.49%
iter 8370: loss 3.7953, time 993.84ms, mfu 14.49%
iter 8380: loss 3.7742, time 985.70ms, mfu 14.50%
iter 8390: loss 3.8061, time 994.27ms, mfu 14.50%
iter 8400: loss 3.7914, time 993.81ms, mfu 14.50%
iter 8410: loss 3.8059, time 991.52ms, mfu 14.50%
iter 8420: loss 3.8105, time 994.94ms, mfu 14.49%
iter 8430: loss 3.7850, time 993.07ms, mfu 14.49%
iter 8440: loss 3.8543, time 998.94ms, mfu 14.49%
iter 8450: loss 3.7587, time 996.70ms, mfu 14.48%
iter 8460: loss 3.7590, time 989.89ms, mfu 14.49%
iter 8470: loss 3.8599, time 995.52ms, mfu 14.48%
iter 8480: loss 3.8963, time 998.25ms, mfu 14.48%
iter 8490: loss 3.7871, time 1000.44ms, mfu 14.47%
step 8500: train loss 3.6960, val loss 3.7070
saving checkpoint to /net/scratch2/junyuren/nanoGPT-manifold/out-small-mlp-grass-r192
iter 8500: loss 3.7779, time 9185.46ms, mfu 13.18%
iter 8510: loss 3.8184, time 995.58ms, mfu 13.30%
iter 8520: loss 3.8901, time 1001.33ms, mfu 13.41%
iter 8530: loss 3.8443, time 999.04ms, mfu 13.51%
iter 8540: loss 3.8109, time 994.19ms, mfu 13.61%
iter 8550: loss 3.8714, time 991.89ms, mfu 13.70%
iter 8560: loss 3.8256, time 1000.81ms, mfu 13.76%
iter 8570: loss 3.8463, time 1004.17ms, mfu 13.82%
iter 8580: loss 3.8382, time 998.65ms, mfu 13.88%
iter 8590: loss 3.8358, time 998.10ms, mfu 13.93%
iter 8600: loss 3.6428, time 997.92ms, mfu 13.98%
iter 8610: loss 3.7215, time 997.81ms, mfu 14.02%
iter 8620: loss 3.7569, time 998.12ms, mfu 14.06%
iter 8630: loss 3.8194, time 1001.13ms, mfu 14.09%
iter 8640: loss 3.7895, time 998.96ms, mfu 14.13%
iter 8650: loss 3.8586, time 1004.72ms, mfu 14.14%
iter 8660: loss 3.9067, time 1001.37ms, mfu 14.17%
iter 8670: loss 3.8694, time 1001.53ms, mfu 14.19%
iter 8680: loss 3.7285, time 991.82ms, mfu 14.22%
iter 8690: loss 3.8691, time 996.92ms, mfu 14.24%
iter 8700: loss 3.9402, time 995.07ms, mfu 14.26%
iter 8710: loss 3.8535, time 1005.96ms, mfu 14.27%
iter 8720: loss 3.8506, time 994.11ms, mfu 14.29%
iter 8730: loss 3.8132, time 994.86ms, mfu 14.30%
iter 8740: loss 3.8444, time 991.58ms, mfu 14.32%
iter 8750: loss 3.7216, time 999.35ms, mfu 14.33%
iter 8760: loss 3.8443, time 1001.64ms, mfu 14.34%
iter 8770: loss 3.7480, time 999.31ms, mfu 14.34%
iter 8780: loss 3.7631, time 1000.37ms, mfu 14.35%
iter 8790: loss 3.7844, time 1006.08ms, mfu 14.34%
iter 8800: loss 3.8751, time 1000.12ms, mfu 14.35%
iter 8810: loss 3.7835, time 996.50ms, mfu 14.35%
iter 8820: loss 3.8511, time 1001.23ms, mfu 14.36%
iter 8830: loss 3.9191, time 1006.81ms, mfu 14.35%
iter 8840: loss 3.7205, time 1003.95ms, mfu 14.35%
iter 8850: loss 3.7850, time 999.69ms, mfu 14.35%
iter 8860: loss 3.8274, time 1003.76ms, mfu 14.35%
iter 8870: loss 3.8567, time 1001.87ms, mfu 14.35%
iter 8880: loss 3.7022, time 1001.73ms, mfu 14.35%
iter 8890: loss 3.6987, time 1000.97ms, mfu 14.35%
iter 8900: loss 3.8697, time 1000.31ms, mfu 14.36%
iter 8910: loss 3.7444, time 1000.08ms, mfu 14.36%
iter 8920: loss 3.8117, time 995.33ms, mfu 14.37%
iter 8930: loss 3.8568, time 1003.14ms, mfu 14.37%
iter 8940: loss 3.8272, time 1003.61ms, mfu 14.36%
iter 8950: loss 3.6355, time 991.47ms, mfu 14.38%
iter 8960: loss 3.8051, time 999.96ms, mfu 14.38%
iter 8970: loss 3.8370, time 1003.70ms, mfu 14.38%
iter 8980: loss 3.6073, time 999.48ms, mfu 14.38%
iter 8990: loss 3.7822, time 998.74ms, mfu 14.38%
step 9000: train loss 3.6872, val loss 3.6936
saving checkpoint to /net/scratch2/junyuren/nanoGPT-manifold/out-small-mlp-grass-r192
iter 9000: loss 3.8368, time 9246.84ms, mfu 13.10%
iter 9010: loss 3.8319, time 1000.73ms, mfu 13.23%
iter 9020: loss 3.8017, time 999.74ms, mfu 13.34%
iter 9030: loss 3.7196, time 991.80ms, mfu 13.46%
iter 9040: loss 3.6657, time 1005.92ms, mfu 13.54%
iter 9050: loss 3.8502, time 998.50ms, mfu 13.63%
iter 9060: loss 3.8497, time 1011.21ms, mfu 13.69%
iter 9070: loss 3.7584, time 1002.70ms, mfu 13.76%
iter 9080: loss 3.8191, time 996.91ms, mfu 13.82%
iter 9090: loss 3.8761, time 990.82ms, mfu 13.89%
iter 9100: loss 3.8723, time 1014.97ms, mfu 13.92%
iter 9110: loss 3.9074, time 1005.69ms, mfu 13.96%
iter 9120: loss 3.7873, time 999.99ms, mfu 14.00%
iter 9130: loss 3.9047, time 1003.57ms, mfu 14.04%
iter 9140: loss 3.8509, time 995.76ms, mfu 14.08%
iter 9150: loss 3.8888, time 996.84ms, mfu 14.11%
iter 9160: loss 3.8113, time 1000.41ms, mfu 14.14%
iter 9170: loss 3.8694, time 1005.84ms, mfu 14.16%
iter 9180: loss 3.7408, time 1002.12ms, mfu 14.18%
iter 9190: loss 3.6656, time 1003.10ms, mfu 14.19%
iter 9200: loss 3.6144, time 1008.52ms, mfu 14.20%
iter 9210: loss 3.7988, time 1002.82ms, mfu 14.21%
iter 9220: loss 3.7083, time 1004.84ms, mfu 14.23%
iter 9230: loss 3.7795, time 1005.89ms, mfu 14.23%
iter 9240: loss 3.7453, time 1001.37ms, mfu 14.25%
iter 9250: loss 3.8333, time 997.52ms, mfu 14.26%
iter 9260: loss 3.8058, time 1004.76ms, mfu 14.27%
iter 9270: loss 3.7337, time 1000.32ms, mfu 14.28%
iter 9280: loss 3.7945, time 995.01ms, mfu 14.30%
iter 9290: loss 3.7661, time 994.70ms, mfu 14.32%
iter 9300: loss 3.8328, time 997.77ms, mfu 14.33%
iter 9310: loss 3.8442, time 1002.30ms, mfu 14.33%
iter 9320: loss 3.7454, time 1003.40ms, mfu 14.33%
iter 9330: loss 3.6575, time 1002.11ms, mfu 14.33%
iter 9340: loss 3.7045, time 996.56ms, mfu 14.34%
iter 9350: loss 3.8608, time 1001.18ms, mfu 14.35%
iter 9360: loss 3.7477, time 1000.33ms, mfu 14.35%
iter 9370: loss 3.8945, time 995.33ms, mfu 14.36%
iter 9380: loss 3.8357, time 1006.72ms, mfu 14.35%
iter 9390: loss 3.7069, time 983.41ms, mfu 14.38%
iter 9400: loss 3.8500, time 1001.25ms, mfu 14.38%
iter 9410: loss 3.7449, time 1001.93ms, mfu 14.38%
iter 9420: loss 3.7631, time 1004.86ms, mfu 14.37%
iter 9430: loss 3.8333, time 990.83ms, mfu 14.39%
iter 9440: loss 3.7628, time 998.81ms, mfu 14.39%
iter 9450: loss 3.7925, time 1004.36ms, mfu 14.38%
iter 9460: loss 3.7304, time 1004.09ms, mfu 14.38%
iter 9470: loss 3.7926, time 1009.97ms, mfu 14.36%
iter 9480: loss 3.9069, time 997.05ms, mfu 14.37%
iter 9490: loss 3.8132, time 1001.07ms, mfu 14.37%
step 9500: train loss 3.6794, val loss 3.6893
saving checkpoint to /net/scratch2/junyuren/nanoGPT-manifold/out-small-mlp-grass-r192
iter 9500: loss 3.8403, time 9065.05ms, mfu 13.09%
iter 9510: loss 3.9108, time 1003.36ms, mfu 13.22%
iter 9520: loss 3.8223, time 1002.90ms, mfu 13.33%
iter 9530: loss 3.7011, time 1005.10ms, mfu 13.43%
iter 9540: loss 3.8813, time 1007.22ms, mfu 13.51%
iter 9550: loss 3.7724, time 995.69ms, mfu 13.61%
iter 9560: loss 3.9956, time 1003.05ms, mfu 13.68%
iter 9570: loss 3.7702, time 983.18ms, mfu 13.78%
iter 9580: loss 3.8565, time 1004.03ms, mfu 13.83%
iter 9590: loss 3.8636, time 1005.89ms, mfu 13.88%
iter 9600: loss 3.7013, time 1000.02ms, mfu 13.93%
iter 9610: loss 3.8623, time 999.44ms, mfu 13.98%
iter 9620: loss 3.8252, time 992.61ms, mfu 14.03%
iter 9630: loss 3.8404, time 1008.91ms, mfu 14.05%
iter 9640: loss 3.8282, time 1012.92ms, mfu 14.07%
iter 9650: loss 3.7244, time 1007.86ms, mfu 14.09%
iter 9660: loss 3.7700, time 1003.53ms, mfu 14.11%
iter 9670: loss 3.7728, time 1007.82ms, mfu 14.13%
iter 9680: loss 3.8387, time 1001.95ms, mfu 14.15%
iter 9690: loss 3.7971, time 1001.44ms, mfu 14.17%
iter 9700: loss 3.7660, time 1001.23ms, mfu 14.19%
iter 9710: loss 3.8160, time 1008.38ms, mfu 14.20%
iter 9720: loss 3.7045, time 1000.91ms, mfu 14.22%
iter 9730: loss 3.7671, time 1002.67ms, mfu 14.23%
iter 9740: loss 3.8262, time 1003.98ms, mfu 14.24%
iter 9750: loss 3.8664, time 992.93ms, mfu 14.27%
iter 9760: loss 3.8699, time 998.00ms, mfu 14.28%
iter 9770: loss 3.8450, time 1006.54ms, mfu 14.28%
iter 9780: loss 3.9468, time 1001.82ms, mfu 14.29%
iter 9790: loss 3.7067, time 1013.11ms, mfu 14.28%
iter 9800: loss 3.9017, time 1000.37ms, mfu 14.29%
iter 9810: loss 3.9131, time 1007.20ms, mfu 14.29%
iter 9820: loss 3.8823, time 985.32ms, mfu 14.32%
iter 9830: loss 3.7823, time 994.19ms, mfu 14.34%
iter 9840: loss 3.8496, time 1004.25ms, mfu 14.34%
iter 9850: loss 3.8338, time 1004.32ms, mfu 14.33%
iter 9860: loss 3.8093, time 1004.05ms, mfu 14.33%
iter 9870: loss 3.7722, time 1005.40ms, mfu 14.33%
iter 9880: loss 3.7706, time 999.72ms, mfu 14.34%
iter 9890: loss 3.8668, time 998.56ms, mfu 14.34%
iter 9900: loss 3.6942, time 1003.57ms, mfu 14.34%
iter 9910: loss 3.8126, time 1001.65ms, mfu 14.35%
iter 9920: loss 3.8242, time 993.72ms, mfu 14.36%
iter 9930: loss 3.7305, time 999.47ms, mfu 14.36%
iter 9940: loss 3.7434, time 1000.14ms, mfu 14.37%
iter 9950: loss 3.7416, time 1005.15ms, mfu 14.36%
iter 9960: loss 3.7693, time 1006.02ms, mfu 14.35%
iter 9970: loss 3.7064, time 993.89ms, mfu 14.37%
iter 9980: loss 3.7650, time 1001.09ms, mfu 14.37%
iter 9990: loss 3.7315, time 999.75ms, mfu 14.37%
step 10000: train loss 3.6663, val loss 3.6926
saving checkpoint to /net/scratch2/junyuren/nanoGPT-manifold/out-small-mlp-grass-r192
iter 10000: loss 3.7694, time 9071.22ms, mfu 13.09%
