Overriding config with config/train_gpt2_small_mlp_grass_r128.py:
# Small-scale GPT: MLP-only Grassmann, r=128 (25% of width)
# Proof of concept: Does Grassmann help at small scale?
# ~50M params, 6 layers, d=512

# Architecture (small-scale)
n_layer = 6
n_head = 8
n_embd = 512
block_size = 1024
dropout = 0.1
bias = False

# Enable Grassmann ONLY for c_fc (MLP), NO gating
use_grassmann = True
use_grassmann_c_attn = False  # AdamW for attention
use_grassmann_c_fc = True     # Grassmann for MLP
use_full_block_decomp = False

# Grassmann configuration: G_{1,0,r=128}
grass_rank = 128  # 25% of n_embd
grass_scale = 10.0
grass_a = 1.0
grass_b = 0.0
grass_lr = 2e-3

# NO gating (simplest test)
# gate_lr not needed

# Embedding LR
embed_lr = 3e-4

# Training hyperparameters
learning_rate = 6e-4
max_iters = 10000  # ~15B tokens, enough for convergence signal
warmup_iters = 1000
lr_decay_iters = 10000
min_lr = 6e-5

# Batch configuration (same as large-scale for fair comparison)
batch_size = 32
gradient_accumulation_steps = 12

# Regularization
weight_decay = 1e-1

# Optimizer
beta1 = 0.9
beta2 = 0.95
grad_clip = 1.0

# Evaluation
eval_interval = 500
eval_iters = 200
log_interval = 10

# Dataset
dataset = 'openwebtext'
data_dir = '/net/scratch2/junyuren/nanoGPT-manifold/data/openwebtext'
always_save_checkpoint = True

# Output directory
out_dir = '/net/scratch2/junyuren/nanoGPT-manifold/out-small-mlp-grass-r128'

# Compile
compile = True

# System
dtype = 'bfloat16'
device = 'cuda'

# Phase identifier
grassmann_phase = 'small_mlp_r128'

Overriding config with config/train_gpt2_small_mlp_grass_r128.py:
# Small-scale GPT: MLP-only Grassmann, r=128 (25% of width)
# Proof of concept: Does Grassmann help at small scale?
# ~50M params, 6 layers, d=512

# Architecture (small-scale)
n_layer = 6
n_head = 8
n_embd = 512
block_size = 1024
dropout = 0.1
bias = False

# Enable Grassmann ONLY for c_fc (MLP), NO gating
use_grassmann = True
use_grassmann_c_attn = False  # AdamW for attention
use_grassmann_c_fc = True     # Grassmann for MLP
use_full_block_decomp = False

# Grassmann configuration: G_{1,0,r=128}
grass_rank = 128  # 25% of n_embd
grass_scale = 10.0
grass_a = 1.0
grass_b = 0.0
grass_lr = 2e-3

# NO gating (simplest test)
# gate_lr not needed

# Embedding LR
embed_lr = 3e-4

# Training hyperparameters
learning_rate = 6e-4
max_iters = 10000  # ~15B tokens, enough for convergence signal
warmup_iters = 1000
lr_decay_iters = 10000
min_lr = 6e-5

# Batch configuration (same as large-scale for fair comparison)
batch_size = 32
gradient_accumulation_steps = 12

# Regularization
weight_decay = 1e-1

# Optimizer
beta1 = 0.9
beta2 = 0.95
grad_clip = 1.0

# Evaluation
eval_interval = 500
eval_iters = 200
log_interval = 10

# Dataset
dataset = 'openwebtext'
data_dir = '/net/scratch2/junyuren/nanoGPT-manifold/data/openwebtext'
always_save_checkpoint = True

# Output directory
out_dir = '/net/scratch2/junyuren/nanoGPT-manifold/out-small-mlp-grass-r128'

# Compile
compile = True

# System
dtype = 'bfloat16'
device = 'cuda'

# Phase identifier
grassmann_phase = 'small_mlp_r128'

Overriding config with config/train_gpt2_small_mlp_grass_r128.py:
# Small-scale GPT: MLP-only Grassmann, r=128 (25% of width)
# Proof of concept: Does Grassmann help at small scale?
# ~50M params, 6 layers, d=512

# Architecture (small-scale)
n_layer = 6
n_head = 8
n_embd = 512
block_size = 1024
dropout = 0.1
bias = False

# Enable Grassmann ONLY for c_fc (MLP), NO gating
use_grassmann = True
use_grassmann_c_attn = False  # AdamW for attention
use_grassmann_c_fc = True     # Grassmann for MLP
use_full_block_decomp = False

# Grassmann configuration: G_{1,0,r=128}
grass_rank = 128  # 25% of n_embd
grass_scale = 10.0
grass_a = 1.0
grass_b = 0.0
grass_lr = 2e-3

# NO gating (simplest test)
# gate_lr not needed

# Embedding LR
embed_lr = 3e-4

# Training hyperparameters
learning_rate = 6e-4
max_iters = 10000  # ~15B tokens, enough for convergence signal
warmup_iters = 1000
lr_decay_iters = 10000
min_lr = 6e-5

# Batch configuration (same as large-scale for fair comparison)
batch_size = 32
gradient_accumulation_steps = 12

# Regularization
weight_decay = 1e-1

# Optimizer
beta1 = 0.9
beta2 = 0.95
grad_clip = 1.0

# Evaluation
eval_interval = 500
eval_iters = 200
log_interval = 10

# Dataset
dataset = 'openwebtext'
data_dir = '/net/scratch2/junyuren/nanoGPT-manifold/data/openwebtext'
always_save_checkpoint = True

# Output directory
out_dir = '/net/scratch2/junyuren/nanoGPT-manifold/out-small-mlp-grass-r128'

# Compile
compile = True

# System
dtype = 'bfloat16'
device = 'cuda'

# Phase identifier
grassmann_phase = 'small_mlp_r128'

tokens per iteration will be: 393,216
Initializing a new model from scratch
defaulting to vocab_size of GPT-2 to 50304 (50257 rounded up for efficiency)
Overriding config with config/train_gpt2_small_mlp_grass_r128.py:
# Small-scale GPT: MLP-only Grassmann, r=128 (25% of width)
# Proof of concept: Does Grassmann help at small scale?
# ~50M params, 6 layers, d=512

# Architecture (small-scale)
n_layer = 6
n_head = 8
n_embd = 512
block_size = 1024
dropout = 0.1
bias = False

# Enable Grassmann ONLY for c_fc (MLP), NO gating
use_grassmann = True
use_grassmann_c_attn = False  # AdamW for attention
use_grassmann_c_fc = True     # Grassmann for MLP
use_full_block_decomp = False

# Grassmann configuration: G_{1,0,r=128}
grass_rank = 128  # 25% of n_embd
grass_scale = 10.0
grass_a = 1.0
grass_b = 0.0
grass_lr = 2e-3

# NO gating (simplest test)
# gate_lr not needed

# Embedding LR
embed_lr = 3e-4

# Training hyperparameters
learning_rate = 6e-4
max_iters = 10000  # ~15B tokens, enough for convergence signal
warmup_iters = 1000
lr_decay_iters = 10000
min_lr = 6e-5

# Batch configuration (same as large-scale for fair comparison)
batch_size = 32
gradient_accumulation_steps = 12

# Regularization
weight_decay = 1e-1

# Optimizer
beta1 = 0.9
beta2 = 0.95
grad_clip = 1.0

# Evaluation
eval_interval = 500
eval_iters = 200
log_interval = 10

# Dataset
dataset = 'openwebtext'
data_dir = '/net/scratch2/junyuren/nanoGPT-manifold/data/openwebtext'
always_save_checkpoint = True

# Output directory
out_dir = '/net/scratch2/junyuren/nanoGPT-manifold/out-small-mlp-grass-r128'

# Compile
compile = True

# System
dtype = 'bfloat16'
device = 'cuda'

# Phase identifier
grassmann_phase = 'small_mlp_r128'

tokens per iteration will be: 393,216
Initializing a new model from scratch
defaulting to vocab_size of GPT-2 to 50304 (50257 rounded up for efficiency)
tokens per iteration will be: 393,216
Initializing a new model from scratch
defaulting to vocab_size of GPT-2 to 50304 (50257 rounded up for efficiency)
tokens per iteration will be: 393,216
Initializing a new model from scratch
defaulting to vocab_size of GPT-2 to 50304 (50257 rounded up for efficiency)
number of parameters: 44.65M

=== Phase small_mlp_r128 Grassmann Configuration ===

Per-block configuration (6 blocks):
  c_attn ranks:       [128, 128, 128, 128, 128, 128]
  c_attn scales:      ['1.00', '1.00', '1.00', '1.00', '1.00', '1.00']
  mlp.c_fc ranks:     [128, 128, 128, 128, 128, 128]
  mlp.c_fc scales:    ['1.00', '1.00', '1.00', '1.00', '1.00', '1.00']
Grassmann Muon parameters: 24 weight matrices, 6,291,456 params
AdamW optimizer groups:
  Gates:      24 tensors, 12,288 params, lr=1.20e-03, wd=0.1
  Projections: 12 tensors, 7,864,320 params, lr=6.00e-04, wd=0.1
  Embeddings: 2 tensors, 26,279,936 params, lr=3.00e-04, wd=0.0
  Other decay: 6 tensors, 4,718,592 params, lr=6.00e-04, wd=0.1
  No decay:   13 tensors, 6,656 params, lr=6.00e-04, wd=0.0
  transformer.h.0.mlp.c_fc.blocks.0.weight: k=1, G_{1.0,0.0,128}, lr=0.008, scale=1.0, type=None
  transformer.h.0.mlp.c_fc.blocks.1.weight: k=1, G_{1.0,0.0,128}, lr=0.008, scale=1.0, type=None
  transformer.h.0.mlp.c_fc.blocks.2.weight: k=1, G_{1.0,0.0,128}, lr=0.008, scale=1.0, type=None
  transformer.h.0.mlp.c_fc.blocks.3.weight: k=1, G_{1.0,0.0,128}, lr=0.008, scale=1.0, type=None
  transformer.h.1.mlp.c_fc.blocks.0.weight: k=1, G_{1.0,0.0,128}, lr=0.008, scale=1.0, type=None
  transformer.h.1.mlp.c_fc.blocks.1.weight: k=1, G_{1.0,0.0,128}, lr=0.008, scale=1.0, type=None
  transformer.h.1.mlp.c_fc.blocks.2.weight: k=1, G_{1.0,0.0,128}, lr=0.008, scale=1.0, type=None
  transformer.h.1.mlp.c_fc.blocks.3.weight: k=1, G_{1.0,0.0,128}, lr=0.008, scale=1.0, type=None
  transformer.h.2.mlp.c_fc.blocks.0.weight: k=1, G_{1.0,0.0,128}, lr=0.008, scale=1.0, type=None
  transformer.h.2.mlp.c_fc.blocks.1.weight: k=1, G_{1.0,0.0,128}, lr=0.008, scale=1.0, type=None
  transformer.h.2.mlp.c_fc.blocks.2.weight: k=1, G_{1.0,0.0,128}, lr=0.008, scale=1.0, type=None
  transformer.h.2.mlp.c_fc.blocks.3.weight: k=1, G_{1.0,0.0,128}, lr=0.008, scale=1.0, type=None
  transformer.h.3.mlp.c_fc.blocks.0.weight: k=1, G_{1.0,0.0,128}, lr=0.008, scale=1.0, type=None
  transformer.h.3.mlp.c_fc.blocks.1.weight: k=1, G_{1.0,0.0,128}, lr=0.008, scale=1.0, type=None
  transformer.h.3.mlp.c_fc.blocks.2.weight: k=1, G_{1.0,0.0,128}, lr=0.008, scale=1.0, type=None
  transformer.h.3.mlp.c_fc.blocks.3.weight: k=1, G_{1.0,0.0,128}, lr=0.008, scale=1.0, type=None
  transformer.h.4.mlp.c_fc.blocks.0.weight: k=1, G_{1.0,0.0,128}, lr=0.008, scale=1.0, type=None
  transformer.h.4.mlp.c_fc.blocks.1.weight: k=1, G_{1.0,0.0,128}, lr=0.008, scale=1.0, type=None
  transformer.h.4.mlp.c_fc.blocks.2.weight: k=1, G_{1.0,0.0,128}, lr=0.008, scale=1.0, type=None
  transformer.h.4.mlp.c_fc.blocks.3.weight: k=1, G_{1.0,0.0,128}, lr=0.008, scale=1.0, type=None
  transformer.h.5.mlp.c_fc.blocks.0.weight: k=1, G_{1.0,0.0,128}, lr=0.008, scale=1.0, type=None
  transformer.h.5.mlp.c_fc.blocks.1.weight: k=1, G_{1.0,0.0,128}, lr=0.008, scale=1.0, type=None
  transformer.h.5.mlp.c_fc.blocks.2.weight: k=1, G_{1.0,0.0,128}, lr=0.008, scale=1.0, type=None
  transformer.h.5.mlp.c_fc.blocks.3.weight: k=1, G_{1.0,0.0,128}, lr=0.008, scale=1.0, type=None
number of parameters: 44.65M

=== Phase small_mlp_r128 Grassmann Configuration ===

Per-block configuration (6 blocks):
  c_attn ranks:       [128, 128, 128, 128, 128, 128]
  c_attn scales:      ['1.00', '1.00', '1.00', '1.00', '1.00', '1.00']
  mlp.c_fc ranks:     [128, 128, 128, 128, 128, 128]
  mlp.c_fc scales:    ['1.00', '1.00', '1.00', '1.00', '1.00', '1.00']
Grassmann Muon parameters: 24 weight matrices, 6,291,456 params
AdamW optimizer groups:
  Gates:      24 tensors, 12,288 params, lr=1.20e-03, wd=0.1
  Projections: 12 tensors, 7,864,320 params, lr=6.00e-04, wd=0.1
  Embeddings: 2 tensors, 26,279,936 params, lr=3.00e-04, wd=0.0
  Other decay: 6 tensors, 4,718,592 params, lr=6.00e-04, wd=0.1
  No decay:   13 tensors, 6,656 params, lr=6.00e-04, wd=0.0
  transformer.h.0.mlp.c_fc.blocks.0.weight: k=1, G_{1.0,0.0,128}, lr=0.008, scale=1.0, type=None
  transformer.h.0.mlp.c_fc.blocks.1.weight: k=1, G_{1.0,0.0,128}, lr=0.008, scale=1.0, type=None
  transformer.h.0.mlp.c_fc.blocks.2.weight: k=1, G_{1.0,0.0,128}, lr=0.008, scale=1.0, type=None
  transformer.h.0.mlp.c_fc.blocks.3.weight: k=1, G_{1.0,0.0,128}, lr=0.008, scale=1.0, type=None
  transformer.h.1.mlp.c_fc.blocks.0.weight: k=1, G_{1.0,0.0,128}, lr=0.008, scale=1.0, type=None
  transformer.h.1.mlp.c_fc.blocks.1.weight: k=1, G_{1.0,0.0,128}, lr=0.008, scale=1.0, type=None
  transformer.h.1.mlp.c_fc.blocks.2.weight: k=1, G_{1.0,0.0,128}, lr=0.008, scale=1.0, type=None
  transformer.h.1.mlp.c_fc.blocks.3.weight: k=1, G_{1.0,0.0,128}, lr=0.008, scale=1.0, type=None
  transformer.h.2.mlp.c_fc.blocks.0.weight: k=1, G_{1.0,0.0,128}, lr=0.008, scale=1.0, type=None
  transformer.h.2.mlp.c_fc.blocks.1.weight: k=1, G_{1.0,0.0,128}, lr=0.008, scale=1.0, type=None
  transformer.h.2.mlp.c_fc.blocks.2.weight: k=1, G_{1.0,0.0,128}, lr=0.008, scale=1.0, type=None
  transformer.h.2.mlp.c_fc.blocks.3.weight: k=1, G_{1.0,0.0,128}, lr=0.008, scale=1.0, type=None
  transformer.h.3.mlp.c_fc.blocks.0.weight: k=1, G_{1.0,0.0,128}, lr=0.008, scale=1.0, type=None
  transformer.h.3.mlp.c_fc.blocks.1.weight: k=1, G_{1.0,0.0,128}, lr=0.008, scale=1.0, type=None
  transformer.h.3.mlp.c_fc.blocks.2.weight: k=1, G_{1.0,0.0,128}, lr=0.008, scale=1.0, type=None
  transformer.h.3.mlp.c_fc.blocks.3.weight: k=1, G_{1.0,0.0,128}, lr=0.008, scale=1.0, type=None
  transformer.h.4.mlp.c_fc.blocks.0.weight: k=1, G_{1.0,0.0,128}, lr=0.008, scale=1.0, type=None
  transformer.h.4.mlp.c_fc.blocks.1.weight: k=1, G_{1.0,0.0,128}, lr=0.008, scale=1.0, type=None
  transformer.h.4.mlp.c_fc.blocks.2.weight: k=1, G_{1.0,0.0,128}, lr=0.008, scale=1.0, type=None
  transformer.h.4.mlp.c_fc.blocks.3.weight: k=1, G_{1.0,0.0,128}, lr=0.008, scale=1.0, type=None
  transformer.h.5.mlp.c_fc.blocks.0.weight: k=1, G_{1.0,0.0,128}, lr=0.008, scale=1.0, type=None
  transformer.h.5.mlp.c_fc.blocks.1.weight: k=1, G_{1.0,0.0,128}, lr=0.008, scale=1.0, type=None
  transformer.h.5.mlp.c_fc.blocks.2.weight: k=1, G_{1.0,0.0,128}, lr=0.008, scale=1.0, type=None
  transformer.h.5.mlp.c_fc.blocks.3.weight: k=1, G_{1.0,0.0,128}, lr=0.008, scale=1.0, type=None
number of parameters: 44.65M

=== Phase small_mlp_r128 Grassmann Configuration ===

Per-block configuration (6 blocks):
  c_attn ranks:       [128, 128, 128, 128, 128, 128]
  c_attn scales:      ['1.00', '1.00', '1.00', '1.00', '1.00', '1.00']
  mlp.c_fc ranks:     [128, 128, 128, 128, 128, 128]
  mlp.c_fc scales:    ['1.00', '1.00', '1.00', '1.00', '1.00', '1.00']
Grassmann Muon parameters: 24 weight matrices, 6,291,456 params
AdamW optimizer groups:
  Gates:      24 tensors, 12,288 params, lr=1.20e-03, wd=0.1
  Projections: 12 tensors, 7,864,320 params, lr=6.00e-04, wd=0.1
  Embeddings: 2 tensors, 26,279,936 params, lr=3.00e-04, wd=0.0
  Other decay: 6 tensors, 4,718,592 params, lr=6.00e-04, wd=0.1
  No decay:   13 tensors, 6,656 params, lr=6.00e-04, wd=0.0
  transformer.h.0.mlp.c_fc.blocks.0.weight: k=1, G_{1.0,0.0,128}, lr=0.008, scale=1.0, type=None
  transformer.h.0.mlp.c_fc.blocks.1.weight: k=1, G_{1.0,0.0,128}, lr=0.008, scale=1.0, type=None
  transformer.h.0.mlp.c_fc.blocks.2.weight: k=1, G_{1.0,0.0,128}, lr=0.008, scale=1.0, type=None
  transformer.h.0.mlp.c_fc.blocks.3.weight: k=1, G_{1.0,0.0,128}, lr=0.008, scale=1.0, type=None
  transformer.h.1.mlp.c_fc.blocks.0.weight: k=1, G_{1.0,0.0,128}, lr=0.008, scale=1.0, type=None
  transformer.h.1.mlp.c_fc.blocks.1.weight: k=1, G_{1.0,0.0,128}, lr=0.008, scale=1.0, type=None
  transformer.h.1.mlp.c_fc.blocks.2.weight: k=1, G_{1.0,0.0,128}, lr=0.008, scale=1.0, type=None
  transformer.h.1.mlp.c_fc.blocks.3.weight: k=1, G_{1.0,0.0,128}, lr=0.008, scale=1.0, type=None
  transformer.h.2.mlp.c_fc.blocks.0.weight: k=1, G_{1.0,0.0,128}, lr=0.008, scale=1.0, type=None
  transformer.h.2.mlp.c_fc.blocks.1.weight: k=1, G_{1.0,0.0,128}, lr=0.008, scale=1.0, type=None
  transformer.h.2.mlp.c_fc.blocks.2.weight: k=1, G_{1.0,0.0,128}, lr=0.008, scale=1.0, type=None
  transformer.h.2.mlp.c_fc.blocks.3.weight: k=1, G_{1.0,0.0,128}, lr=0.008, scale=1.0, type=None
  transformer.h.3.mlp.c_fc.blocks.0.weight: k=1, G_{1.0,0.0,128}, lr=0.008, scale=1.0, type=None
  transformer.h.3.mlp.c_fc.blocks.1.weight: k=1, G_{1.0,0.0,128}, lr=0.008, scale=1.0, type=None
  transformer.h.3.mlp.c_fc.blocks.2.weight: k=1, G_{1.0,0.0,128}, lr=0.008, scale=1.0, type=None
  transformer.h.3.mlp.c_fc.blocks.3.weight: k=1, G_{1.0,0.0,128}, lr=0.008, scale=1.0, type=None
  transformer.h.4.mlp.c_fc.blocks.0.weight: k=1, G_{1.0,0.0,128}, lr=0.008, scale=1.0, type=None
  transformer.h.4.mlp.c_fc.blocks.1.weight: k=1, G_{1.0,0.0,128}, lr=0.008, scale=1.0, type=None
  transformer.h.4.mlp.c_fc.blocks.2.weight: k=1, G_{1.0,0.0,128}, lr=0.008, scale=1.0, type=None
  transformer.h.4.mlp.c_fc.blocks.3.weight: k=1, G_{1.0,0.0,128}, lr=0.008, scale=1.0, type=None
  transformer.h.5.mlp.c_fc.blocks.0.weight: k=1, G_{1.0,0.0,128}, lr=0.008, scale=1.0, type=None
  transformer.h.5.mlp.c_fc.blocks.1.weight: k=1, G_{1.0,0.0,128}, lr=0.008, scale=1.0, type=None
  transformer.h.5.mlp.c_fc.blocks.2.weight: k=1, G_{1.0,0.0,128}, lr=0.008, scale=1.0, type=None
  transformer.h.5.mlp.c_fc.blocks.3.weight: k=1, G_{1.0,0.0,128}, lr=0.008, scale=1.0, type=None
number of parameters: 44.65M

=== Phase small_mlp_r128 Grassmann Configuration ===

Per-block configuration (6 blocks):
  c_attn ranks:       [128, 128, 128, 128, 128, 128]
  c_attn scales:      ['1.00', '1.00', '1.00', '1.00', '1.00', '1.00']
  mlp.c_fc ranks:     [128, 128, 128, 128, 128, 128]
  mlp.c_fc scales:    ['1.00', '1.00', '1.00', '1.00', '1.00', '1.00']
Grassmann Muon parameters: 24 weight matrices, 6,291,456 params
AdamW optimizer groups:
  Gates:      24 tensors, 12,288 params, lr=1.20e-03, wd=0.1
  Projections: 12 tensors, 7,864,320 params, lr=6.00e-04, wd=0.1
  Embeddings: 2 tensors, 26,279,936 params, lr=3.00e-04, wd=0.0
  Other decay: 6 tensors, 4,718,592 params, lr=6.00e-04, wd=0.1
  No decay:   13 tensors, 6,656 params, lr=6.00e-04, wd=0.0
  transformer.h.0.mlp.c_fc.blocks.0.weight: k=1, G_{1.0,0.0,128}, lr=0.008, scale=1.0, type=None
  transformer.h.0.mlp.c_fc.blocks.1.weight: k=1, G_{1.0,0.0,128}, lr=0.008, scale=1.0, type=None
  transformer.h.0.mlp.c_fc.blocks.2.weight: k=1, G_{1.0,0.0,128}, lr=0.008, scale=1.0, type=None
  transformer.h.0.mlp.c_fc.blocks.3.weight: k=1, G_{1.0,0.0,128}, lr=0.008, scale=1.0, type=None
  transformer.h.1.mlp.c_fc.blocks.0.weight: k=1, G_{1.0,0.0,128}, lr=0.008, scale=1.0, type=None
  transformer.h.1.mlp.c_fc.blocks.1.weight: k=1, G_{1.0,0.0,128}, lr=0.008, scale=1.0, type=None
  transformer.h.1.mlp.c_fc.blocks.2.weight: k=1, G_{1.0,0.0,128}, lr=0.008, scale=1.0, type=None
  transformer.h.1.mlp.c_fc.blocks.3.weight: k=1, G_{1.0,0.0,128}, lr=0.008, scale=1.0, type=None
  transformer.h.2.mlp.c_fc.blocks.0.weight: k=1, G_{1.0,0.0,128}, lr=0.008, scale=1.0, type=None
  transformer.h.2.mlp.c_fc.blocks.1.weight: k=1, G_{1.0,0.0,128}, lr=0.008, scale=1.0, type=None
  transformer.h.2.mlp.c_fc.blocks.2.weight: k=1, G_{1.0,0.0,128}, lr=0.008, scale=1.0, type=None
  transformer.h.2.mlp.c_fc.blocks.3.weight: k=1, G_{1.0,0.0,128}, lr=0.008, scale=1.0, type=None
  transformer.h.3.mlp.c_fc.blocks.0.weight: k=1, G_{1.0,0.0,128}, lr=0.008, scale=1.0, type=None
  transformer.h.3.mlp.c_fc.blocks.1.weight: k=1, G_{1.0,0.0,128}, lr=0.008, scale=1.0, type=None
  transformer.h.3.mlp.c_fc.blocks.2.weight: k=1, G_{1.0,0.0,128}, lr=0.008, scale=1.0, type=None
  transformer.h.3.mlp.c_fc.blocks.3.weight: k=1, G_{1.0,0.0,128}, lr=0.008, scale=1.0, type=None
  transformer.h.4.mlp.c_fc.blocks.0.weight: k=1, G_{1.0,0.0,128}, lr=0.008, scale=1.0, type=None
  transformer.h.4.mlp.c_fc.blocks.1.weight: k=1, G_{1.0,0.0,128}, lr=0.008, scale=1.0, type=None
  transformer.h.4.mlp.c_fc.blocks.2.weight: k=1, G_{1.0,0.0,128}, lr=0.008, scale=1.0, type=None
  transformer.h.4.mlp.c_fc.blocks.3.weight: k=1, G_{1.0,0.0,128}, lr=0.008, scale=1.0, type=None
  transformer.h.5.mlp.c_fc.blocks.0.weight: k=1, G_{1.0,0.0,128}, lr=0.008, scale=1.0, type=None
  transformer.h.5.mlp.c_fc.blocks.1.weight: k=1, G_{1.0,0.0,128}, lr=0.008, scale=1.0, type=None
  transformer.h.5.mlp.c_fc.blocks.2.weight: k=1, G_{1.0,0.0,128}, lr=0.008, scale=1.0, type=None
  transformer.h.5.mlp.c_fc.blocks.3.weight: k=1, G_{1.0,0.0,128}, lr=0.008, scale=1.0, type=None
using fused AdamW: True
using fused AdamW: True

=== Initializing Grassmann Weights (Block Decomposition) ===
Number of weight types to initialize: 24

Initializing mlp.c_fc.blocks.0.: k=1, G_{1.0,0.0,128}, type=None

=== Initializing Grassmann Weights (Block Decomposition) ===
Number of weight types to initialize: 24

Initializing mlp.c_fc.blocks.0.: k=1, G_{1.0,0.0,128}, type=None
using fused AdamW: True
using fused AdamW: True

=== Initializing Grassmann Weights (Block Decomposition) ===
Number of weight types to initialize: 24

Initializing mlp.c_fc.blocks.0.: k=1, G_{1.0,0.0,128}, type=None

=== Initializing Grassmann Weights (Block Decomposition) ===
Number of weight types to initialize: 24

Initializing mlp.c_fc.blocks.0.: k=1, G_{1.0,0.0,128}, type=None
  Initialized transformer.h.0.mlp.c_fc.blocks.0.weight (512, 512) on G_{1.0,0.0,128}
  Initialized transformer.h.1.mlp.c_fc.blocks.0.weight (512, 512) on G_{1.0,0.0,128}
  Initialized transformer.h.2.mlp.c_fc.blocks.0.weight (512, 512) on G_{1.0,0.0,128}
  Initialized transformer.h.3.mlp.c_fc.blocks.0.weight (512, 512) on G_{1.0,0.0,128}
  Initialized transformer.h.4.mlp.c_fc.blocks.0.weight (512, 512) on G_{1.0,0.0,128}
  Initialized transformer.h.5.mlp.c_fc.blocks.0.weight (512, 512) on G_{1.0,0.0,128}

Initializing mlp.c_fc.blocks.1.: k=1, G_{1.0,0.0,128}, type=None
  Initialized transformer.h.0.mlp.c_fc.blocks.1.weight (512, 512) on G_{1.0,0.0,128}
  Initialized transformer.h.1.mlp.c_fc.blocks.1.weight (512, 512) on G_{1.0,0.0,128}
  Initialized transformer.h.0.mlp.c_fc.blocks.0.weight (512, 512) on G_{1.0,0.0,128}
  Initialized transformer.h.2.mlp.c_fc.blocks.1.weight (512, 512) on G_{1.0,0.0,128}
  Initialized transformer.h.3.mlp.c_fc.blocks.1.weight (512, 512) on G_{1.0,0.0,128}
  Initialized transformer.h.1.mlp.c_fc.blocks.0.weight (512, 512) on G_{1.0,0.0,128}
  Initialized transformer.h.4.mlp.c_fc.blocks.1.weight (512, 512) on G_{1.0,0.0,128}
  Initialized transformer.h.2.mlp.c_fc.blocks.0.weight (512, 512) on G_{1.0,0.0,128}
  Initialized transformer.h.5.mlp.c_fc.blocks.1.weight (512, 512) on G_{1.0,0.0,128}

Initializing mlp.c_fc.blocks.2.: k=1, G_{1.0,0.0,128}, type=None
  Initialized transformer.h.3.mlp.c_fc.blocks.0.weight (512, 512) on G_{1.0,0.0,128}
  Initialized transformer.h.0.mlp.c_fc.blocks.2.weight (512, 512) on G_{1.0,0.0,128}
  Initialized transformer.h.0.mlp.c_fc.blocks.0.weight (512, 512) on G_{1.0,0.0,128}
  Initialized transformer.h.4.mlp.c_fc.blocks.0.weight (512, 512) on G_{1.0,0.0,128}
  Initialized transformer.h.1.mlp.c_fc.blocks.2.weight (512, 512) on G_{1.0,0.0,128}
  Initialized transformer.h.5.mlp.c_fc.blocks.0.weight (512, 512) on G_{1.0,0.0,128}

Initializing mlp.c_fc.blocks.1.: k=1, G_{1.0,0.0,128}, type=None
  Initialized transformer.h.2.mlp.c_fc.blocks.2.weight (512, 512) on G_{1.0,0.0,128}
  Initialized transformer.h.1.mlp.c_fc.blocks.0.weight (512, 512) on G_{1.0,0.0,128}
  Initialized transformer.h.2.mlp.c_fc.blocks.0.weight (512, 512) on G_{1.0,0.0,128}
  Initialized transformer.h.0.mlp.c_fc.blocks.1.weight (512, 512) on G_{1.0,0.0,128}
  Initialized transformer.h.3.mlp.c_fc.blocks.0.weight (512, 512) on G_{1.0,0.0,128}
  Initialized transformer.h.1.mlp.c_fc.blocks.1.weight (512, 512) on G_{1.0,0.0,128}
  Initialized transformer.h.3.mlp.c_fc.blocks.2.weight (512, 512) on G_{1.0,0.0,128}
  Initialized transformer.h.4.mlp.c_fc.blocks.0.weight (512, 512) on G_{1.0,0.0,128}
  Initialized transformer.h.2.mlp.c_fc.blocks.1.weight (512, 512) on G_{1.0,0.0,128}
  Initialized transformer.h.5.mlp.c_fc.blocks.0.weight (512, 512) on G_{1.0,0.0,128}

Initializing mlp.c_fc.blocks.1.: k=1, G_{1.0,0.0,128}, type=None
  Initialized transformer.h.3.mlp.c_fc.blocks.1.weight (512, 512) on G_{1.0,0.0,128}
  Initialized transformer.h.4.mlp.c_fc.blocks.2.weight (512, 512) on G_{1.0,0.0,128}
  Initialized transformer.h.0.mlp.c_fc.blocks.0.weight (512, 512) on G_{1.0,0.0,128}
  Initialized transformer.h.0.mlp.c_fc.blocks.1.weight (512, 512) on G_{1.0,0.0,128}
  Initialized transformer.h.4.mlp.c_fc.blocks.1.weight (512, 512) on G_{1.0,0.0,128}
  Initialized transformer.h.1.mlp.c_fc.blocks.1.weight (512, 512) on G_{1.0,0.0,128}
  Initialized transformer.h.1.mlp.c_fc.blocks.0.weight (512, 512) on G_{1.0,0.0,128}
  Initialized transformer.h.5.mlp.c_fc.blocks.1.weight (512, 512) on G_{1.0,0.0,128}

Initializing mlp.c_fc.blocks.2.: k=1, G_{1.0,0.0,128}, type=None
  Initialized transformer.h.2.mlp.c_fc.blocks.1.weight (512, 512) on G_{1.0,0.0,128}
  Initialized transformer.h.5.mlp.c_fc.blocks.2.weight (512, 512) on G_{1.0,0.0,128}

Initializing mlp.c_fc.blocks.3.: k=1, G_{1.0,0.0,128}, type=None
  Initialized transformer.h.3.mlp.c_fc.blocks.1.weight (512, 512) on G_{1.0,0.0,128}
  Initialized transformer.h.2.mlp.c_fc.blocks.0.weight (512, 512) on G_{1.0,0.0,128}  Initialized transformer.h.0.mlp.c_fc.blocks.2.weight (512, 512) on G_{1.0,0.0,128}

  Initialized transformer.h.4.mlp.c_fc.blocks.1.weight (512, 512) on G_{1.0,0.0,128}
  Initialized transformer.h.1.mlp.c_fc.blocks.2.weight (512, 512) on G_{1.0,0.0,128}
  Initialized transformer.h.3.mlp.c_fc.blocks.0.weight (512, 512) on G_{1.0,0.0,128}
  Initialized transformer.h.0.mlp.c_fc.blocks.3.weight (512, 512) on G_{1.0,0.0,128}
  Initialized transformer.h.5.mlp.c_fc.blocks.1.weight (512, 512) on G_{1.0,0.0,128}

Initializing mlp.c_fc.blocks.2.: k=1, G_{1.0,0.0,128}, type=None
  Initialized transformer.h.2.mlp.c_fc.blocks.2.weight (512, 512) on G_{1.0,0.0,128}
  Initialized transformer.h.4.mlp.c_fc.blocks.0.weight (512, 512) on G_{1.0,0.0,128}
  Initialized transformer.h.0.mlp.c_fc.blocks.2.weight (512, 512) on G_{1.0,0.0,128}
  Initialized transformer.h.3.mlp.c_fc.blocks.2.weight (512, 512) on G_{1.0,0.0,128}
  Initialized transformer.h.5.mlp.c_fc.blocks.0.weight (512, 512) on G_{1.0,0.0,128}

Initializing mlp.c_fc.blocks.1.: k=1, G_{1.0,0.0,128}, type=None
  Initialized transformer.h.1.mlp.c_fc.blocks.2.weight (512, 512) on G_{1.0,0.0,128}
  Initialized transformer.h.1.mlp.c_fc.blocks.3.weight (512, 512) on G_{1.0,0.0,128}
  Initialized transformer.h.0.mlp.c_fc.blocks.1.weight (512, 512) on G_{1.0,0.0,128}
  Initialized transformer.h.1.mlp.c_fc.blocks.1.weight (512, 512) on G_{1.0,0.0,128}
  Initialized transformer.h.4.mlp.c_fc.blocks.2.weight (512, 512) on G_{1.0,0.0,128}
  Initialized transformer.h.2.mlp.c_fc.blocks.2.weight (512, 512) on G_{1.0,0.0,128}
  Initialized transformer.h.2.mlp.c_fc.blocks.3.weight (512, 512) on G_{1.0,0.0,128}
  Initialized transformer.h.2.mlp.c_fc.blocks.1.weight (512, 512) on G_{1.0,0.0,128}
  Initialized transformer.h.3.mlp.c_fc.blocks.1.weight (512, 512) on G_{1.0,0.0,128}
  Initialized transformer.h.5.mlp.c_fc.blocks.2.weight (512, 512) on G_{1.0,0.0,128}

Initializing mlp.c_fc.blocks.3.: k=1, G_{1.0,0.0,128}, type=None
  Initialized transformer.h.3.mlp.c_fc.blocks.2.weight (512, 512) on G_{1.0,0.0,128}
  Initialized transformer.h.4.mlp.c_fc.blocks.1.weight (512, 512) on G_{1.0,0.0,128}
  Initialized transformer.h.3.mlp.c_fc.blocks.3.weight (512, 512) on G_{1.0,0.0,128}
  Initialized transformer.h.5.mlp.c_fc.blocks.1.weight (512, 512) on G_{1.0,0.0,128}

Initializing mlp.c_fc.blocks.2.: k=1, G_{1.0,0.0,128}, type=None
  Initialized transformer.h.0.mlp.c_fc.blocks.2.weight (512, 512) on G_{1.0,0.0,128}
  Initialized transformer.h.0.mlp.c_fc.blocks.3.weight (512, 512) on G_{1.0,0.0,128}
  Initialized transformer.h.4.mlp.c_fc.blocks.2.weight (512, 512) on G_{1.0,0.0,128}
  Initialized transformer.h.1.mlp.c_fc.blocks.2.weight (512, 512) on G_{1.0,0.0,128}  Initialized transformer.h.4.mlp.c_fc.blocks.3.weight (512, 512) on G_{1.0,0.0,128}

  Initialized transformer.h.2.mlp.c_fc.blocks.2.weight (512, 512) on G_{1.0,0.0,128}
  Initialized transformer.h.1.mlp.c_fc.blocks.3.weight (512, 512) on G_{1.0,0.0,128}
  Initialized transformer.h.5.mlp.c_fc.blocks.2.weight (512, 512) on G_{1.0,0.0,128}

Initializing mlp.c_fc.blocks.3.: k=1, G_{1.0,0.0,128}, type=None
  Initialized transformer.h.5.mlp.c_fc.blocks.3.weight (512, 512) on G_{1.0,0.0,128}

Initializing transformer.h.1.mlp.c_fc.blocks.0.: k=1, G_{1.0,0.0,128}, type=None
  Initialized transformer.h.3.mlp.c_fc.blocks.2.weight (512, 512) on G_{1.0,0.0,128}
  Initialized transformer.h.2.mlp.c_fc.blocks.3.weight (512, 512) on G_{1.0,0.0,128}
  Initialized transformer.h.1.mlp.c_fc.blocks.0.weight (512, 512) on G_{1.0,0.0,128}

Initializing transformer.h.1.mlp.c_fc.blocks.1.: k=1, G_{1.0,0.0,128}, type=None
  Initialized transformer.h.0.mlp.c_fc.blocks.3.weight (512, 512) on G_{1.0,0.0,128}
  Initialized transformer.h.4.mlp.c_fc.blocks.2.weight (512, 512) on G_{1.0,0.0,128}
  Initialized transformer.h.3.mlp.c_fc.blocks.3.weight (512, 512) on G_{1.0,0.0,128}
  Initialized transformer.h.1.mlp.c_fc.blocks.3.weight (512, 512) on G_{1.0,0.0,128}
  Initialized transformer.h.1.mlp.c_fc.blocks.1.weight (512, 512) on G_{1.0,0.0,128}

Initializing transformer.h.1.mlp.c_fc.blocks.2.: k=1, G_{1.0,0.0,128}, type=None
  Initialized transformer.h.5.mlp.c_fc.blocks.2.weight (512, 512) on G_{1.0,0.0,128}

Initializing mlp.c_fc.blocks.3.: k=1, G_{1.0,0.0,128}, type=None
  Initialized transformer.h.4.mlp.c_fc.blocks.3.weight (512, 512) on G_{1.0,0.0,128}
  Initialized transformer.h.2.mlp.c_fc.blocks.3.weight (512, 512) on G_{1.0,0.0,128}
  Initialized transformer.h.1.mlp.c_fc.blocks.2.weight (512, 512) on G_{1.0,0.0,128}

Initializing transformer.h.1.mlp.c_fc.blocks.3.: k=1, G_{1.0,0.0,128}, type=None
  Initialized transformer.h.0.mlp.c_fc.blocks.3.weight (512, 512) on G_{1.0,0.0,128}
  Initialized transformer.h.5.mlp.c_fc.blocks.3.weight (512, 512) on G_{1.0,0.0,128}

Initializing transformer.h.1.mlp.c_fc.blocks.0.: k=1, G_{1.0,0.0,128}, type=None
  Initialized transformer.h.3.mlp.c_fc.blocks.3.weight (512, 512) on G_{1.0,0.0,128}
  Initialized transformer.h.1.mlp.c_fc.blocks.3.weight (512, 512) on G_{1.0,0.0,128}

Initializing transformer.h.2.mlp.c_fc.blocks.0.: k=1, G_{1.0,0.0,128}, type=None
  Initialized transformer.h.1.mlp.c_fc.blocks.3.weight (512, 512) on G_{1.0,0.0,128}
  Initialized transformer.h.1.mlp.c_fc.blocks.0.weight (512, 512) on G_{1.0,0.0,128}

Initializing transformer.h.1.mlp.c_fc.blocks.1.: k=1, G_{1.0,0.0,128}, type=None
  Initialized transformer.h.4.mlp.c_fc.blocks.3.weight (512, 512) on G_{1.0,0.0,128}
  Initialized transformer.h.2.mlp.c_fc.blocks.0.weight (512, 512) on G_{1.0,0.0,128}

Initializing transformer.h.2.mlp.c_fc.blocks.1.: k=1, G_{1.0,0.0,128}, type=None
  Initialized transformer.h.2.mlp.c_fc.blocks.3.weight (512, 512) on G_{1.0,0.0,128}
  Initialized transformer.h.1.mlp.c_fc.blocks.1.weight (512, 512) on G_{1.0,0.0,128}

Initializing transformer.h.1.mlp.c_fc.blocks.2.: k=1, G_{1.0,0.0,128}, type=None
  Initialized transformer.h.5.mlp.c_fc.blocks.3.weight (512, 512) on G_{1.0,0.0,128}

Initializing transformer.h.1.mlp.c_fc.blocks.0.: k=1, G_{1.0,0.0,128}, type=None
  Initialized transformer.h.2.mlp.c_fc.blocks.1.weight (512, 512) on G_{1.0,0.0,128}

Initializing transformer.h.2.mlp.c_fc.blocks.2.: k=1, G_{1.0,0.0,128}, type=None
  Initialized transformer.h.3.mlp.c_fc.blocks.3.weight (512, 512) on G_{1.0,0.0,128}
  Initialized transformer.h.1.mlp.c_fc.blocks.2.weight (512, 512) on G_{1.0,0.0,128}
  Initialized transformer.h.1.mlp.c_fc.blocks.0.weight (512, 512) on G_{1.0,0.0,128}
Initializing transformer.h.1.mlp.c_fc.blocks.3.: k=1, G_{1.0,0.0,128}, type=None


Initializing transformer.h.1.mlp.c_fc.blocks.1.: k=1, G_{1.0,0.0,128}, type=None
  Initialized transformer.h.2.mlp.c_fc.blocks.2.weight (512, 512) on G_{1.0,0.0,128}

Initializing transformer.h.2.mlp.c_fc.blocks.3.: k=1, G_{1.0,0.0,128}, type=None
  Initialized transformer.h.4.mlp.c_fc.blocks.3.weight (512, 512) on G_{1.0,0.0,128}
  Initialized transformer.h.1.mlp.c_fc.blocks.3.weight (512, 512) on G_{1.0,0.0,128}

Initializing transformer.h.2.mlp.c_fc.blocks.0.: k=1, G_{1.0,0.0,128}, type=None
  Initialized transformer.h.1.mlp.c_fc.blocks.1.weight (512, 512) on G_{1.0,0.0,128}

Initializing transformer.h.1.mlp.c_fc.blocks.2.: k=1, G_{1.0,0.0,128}, type=None
  Initialized transformer.h.5.mlp.c_fc.blocks.3.weight (512, 512) on G_{1.0,0.0,128}

Initializing transformer.h.1.mlp.c_fc.blocks.0.: k=1, G_{1.0,0.0,128}, type=None
  Initialized transformer.h.2.mlp.c_fc.blocks.0.weight (512, 512) on G_{1.0,0.0,128}

Initializing transformer.h.2.mlp.c_fc.blocks.1.: k=1, G_{1.0,0.0,128}, type=None
  Initialized transformer.h.2.mlp.c_fc.blocks.3.weight (512, 512) on G_{1.0,0.0,128}

Initializing transformer.h.3.mlp.c_fc.blocks.0.: k=1, G_{1.0,0.0,128}, type=None
  Initialized transformer.h.1.mlp.c_fc.blocks.2.weight (512, 512) on G_{1.0,0.0,128}

Initializing transformer.h.1.mlp.c_fc.blocks.3.: k=1, G_{1.0,0.0,128}, type=None
  Initialized transformer.h.1.mlp.c_fc.blocks.0.weight (512, 512) on G_{1.0,0.0,128}

Initializing transformer.h.1.mlp.c_fc.blocks.1.: k=1, G_{1.0,0.0,128}, type=None
  Initialized transformer.h.2.mlp.c_fc.blocks.1.weight (512, 512) on G_{1.0,0.0,128}
  Initialized transformer.h.3.mlp.c_fc.blocks.0.weight (512, 512) on G_{1.0,0.0,128}

Initializing transformer.h.3.mlp.c_fc.blocks.1.: k=1, G_{1.0,0.0,128}, type=None

Initializing transformer.h.2.mlp.c_fc.blocks.2.: k=1, G_{1.0,0.0,128}, type=None
  Initialized transformer.h.1.mlp.c_fc.blocks.3.weight (512, 512) on G_{1.0,0.0,128}

Initializing transformer.h.2.mlp.c_fc.blocks.0.: k=1, G_{1.0,0.0,128}, type=None
  Initialized transformer.h.3.mlp.c_fc.blocks.1.weight (512, 512) on G_{1.0,0.0,128}

Initializing transformer.h.3.mlp.c_fc.blocks.2.: k=1, G_{1.0,0.0,128}, type=None
  Initialized transformer.h.1.mlp.c_fc.blocks.1.weight (512, 512) on G_{1.0,0.0,128}

Initializing transformer.h.1.mlp.c_fc.blocks.2.: k=1, G_{1.0,0.0,128}, type=None
  Initialized transformer.h.2.mlp.c_fc.blocks.2.weight (512, 512) on G_{1.0,0.0,128}

Initializing transformer.h.2.mlp.c_fc.blocks.3.: k=1, G_{1.0,0.0,128}, type=None
  Initialized transformer.h.2.mlp.c_fc.blocks.0.weight (512, 512) on G_{1.0,0.0,128}

Initializing transformer.h.2.mlp.c_fc.blocks.1.: k=1, G_{1.0,0.0,128}, type=None
  Initialized transformer.h.3.mlp.c_fc.blocks.2.weight (512, 512) on G_{1.0,0.0,128}

Initializing transformer.h.3.mlp.c_fc.blocks.3.: k=1, G_{1.0,0.0,128}, type=None
  Initialized transformer.h.1.mlp.c_fc.blocks.2.weight (512, 512) on G_{1.0,0.0,128}

Initializing transformer.h.1.mlp.c_fc.blocks.3.: k=1, G_{1.0,0.0,128}, type=None
  Initialized transformer.h.2.mlp.c_fc.blocks.3.weight (512, 512) on G_{1.0,0.0,128}

Initializing transformer.h.3.mlp.c_fc.blocks.0.: k=1, G_{1.0,0.0,128}, type=None
  Initialized transformer.h.2.mlp.c_fc.blocks.1.weight (512, 512) on G_{1.0,0.0,128}

Initializing transformer.h.2.mlp.c_fc.blocks.2.: k=1, G_{1.0,0.0,128}, type=None
  Initialized transformer.h.3.mlp.c_fc.blocks.3.weight (512, 512) on G_{1.0,0.0,128}

Initializing transformer.h.4.mlp.c_fc.blocks.0.: k=1, G_{1.0,0.0,128}, type=None
  Initialized transformer.h.1.mlp.c_fc.blocks.3.weight (512, 512) on G_{1.0,0.0,128}

Initializing transformer.h.2.mlp.c_fc.blocks.0.: k=1, G_{1.0,0.0,128}, type=None
  Initialized transformer.h.3.mlp.c_fc.blocks.0.weight (512, 512) on G_{1.0,0.0,128}

Initializing transformer.h.3.mlp.c_fc.blocks.1.: k=1, G_{1.0,0.0,128}, type=None
  Initialized transformer.h.2.mlp.c_fc.blocks.2.weight (512, 512) on G_{1.0,0.0,128}

Initializing transformer.h.2.mlp.c_fc.blocks.3.: k=1, G_{1.0,0.0,128}, type=None
  Initialized transformer.h.4.mlp.c_fc.blocks.0.weight (512, 512) on G_{1.0,0.0,128}

Initializing transformer.h.4.mlp.c_fc.blocks.1.: k=1, G_{1.0,0.0,128}, type=None
  Initialized transformer.h.2.mlp.c_fc.blocks.0.weight (512, 512) on G_{1.0,0.0,128}

Initializing transformer.h.2.mlp.c_fc.blocks.1.: k=1, G_{1.0,0.0,128}, type=None
  Initialized transformer.h.3.mlp.c_fc.blocks.1.weight (512, 512) on G_{1.0,0.0,128}

Initializing transformer.h.3.mlp.c_fc.blocks.2.: k=1, G_{1.0,0.0,128}, type=None
  Initialized transformer.h.2.mlp.c_fc.blocks.3.weight (512, 512) on G_{1.0,0.0,128}

Initializing transformer.h.3.mlp.c_fc.blocks.0.: k=1, G_{1.0,0.0,128}, type=None
  Initialized transformer.h.4.mlp.c_fc.blocks.1.weight (512, 512) on G_{1.0,0.0,128}

Initializing transformer.h.4.mlp.c_fc.blocks.2.: k=1, G_{1.0,0.0,128}, type=None
  Initialized transformer.h.2.mlp.c_fc.blocks.1.weight (512, 512) on G_{1.0,0.0,128}

Initializing transformer.h.2.mlp.c_fc.blocks.2.: k=1, G_{1.0,0.0,128}, type=None
  Initialized transformer.h.3.mlp.c_fc.blocks.2.weight (512, 512) on G_{1.0,0.0,128}

Initializing transformer.h.3.mlp.c_fc.blocks.3.: k=1, G_{1.0,0.0,128}, type=None
  Initialized transformer.h.3.mlp.c_fc.blocks.0.weight (512, 512) on G_{1.0,0.0,128}

Initializing transformer.h.3.mlp.c_fc.blocks.1.: k=1, G_{1.0,0.0,128}, type=None
  Initialized transformer.h.4.mlp.c_fc.blocks.2.weight (512, 512) on G_{1.0,0.0,128}

Initializing transformer.h.4.mlp.c_fc.blocks.3.: k=1, G_{1.0,0.0,128}, type=None
  Initialized transformer.h.2.mlp.c_fc.blocks.2.weight (512, 512) on G_{1.0,0.0,128}

Initializing transformer.h.2.mlp.c_fc.blocks.3.: k=1, G_{1.0,0.0,128}, type=None
  Initialized transformer.h.3.mlp.c_fc.blocks.3.weight (512, 512) on G_{1.0,0.0,128}

Initializing transformer.h.4.mlp.c_fc.blocks.0.: k=1, G_{1.0,0.0,128}, type=None
  Initialized transformer.h.3.mlp.c_fc.blocks.1.weight (512, 512) on G_{1.0,0.0,128}

Initializing transformer.h.3.mlp.c_fc.blocks.2.: k=1, G_{1.0,0.0,128}, type=None
  Initialized transformer.h.4.mlp.c_fc.blocks.3.weight (512, 512) on G_{1.0,0.0,128}

Initializing transformer.h.5.mlp.c_fc.blocks.0.: k=1, G_{1.0,0.0,128}, type=None
  Initialized transformer.h.2.mlp.c_fc.blocks.3.weight (512, 512) on G_{1.0,0.0,128}

Initializing transformer.h.3.mlp.c_fc.blocks.0.: k=1, G_{1.0,0.0,128}, type=None
  Initialized transformer.h.4.mlp.c_fc.blocks.0.weight (512, 512) on G_{1.0,0.0,128}

Initializing transformer.h.4.mlp.c_fc.blocks.1.: k=1, G_{1.0,0.0,128}, type=None
  Initialized transformer.h.3.mlp.c_fc.blocks.2.weight (512, 512) on G_{1.0,0.0,128}

Initializing transformer.h.3.mlp.c_fc.blocks.3.: k=1, G_{1.0,0.0,128}, type=None
  Initialized transformer.h.5.mlp.c_fc.blocks.0.weight (512, 512) on G_{1.0,0.0,128}

Initializing transformer.h.5.mlp.c_fc.blocks.1.: k=1, G_{1.0,0.0,128}, type=None
  Initialized transformer.h.3.mlp.c_fc.blocks.0.weight (512, 512) on G_{1.0,0.0,128}

Initializing transformer.h.3.mlp.c_fc.blocks.1.: k=1, G_{1.0,0.0,128}, type=None
  Initialized transformer.h.4.mlp.c_fc.blocks.1.weight (512, 512) on G_{1.0,0.0,128}

Initializing transformer.h.4.mlp.c_fc.blocks.2.: k=1, G_{1.0,0.0,128}, type=None
  Initialized transformer.h.3.mlp.c_fc.blocks.3.weight (512, 512) on G_{1.0,0.0,128}
  Initialized transformer.h.5.mlp.c_fc.blocks.1.weight (512, 512) on G_{1.0,0.0,128}

Initializing transformer.h.4.mlp.c_fc.blocks.0.: k=1, G_{1.0,0.0,128}, type=None

Initializing transformer.h.5.mlp.c_fc.blocks.2.: k=1, G_{1.0,0.0,128}, type=None
  Initialized transformer.h.3.mlp.c_fc.blocks.1.weight (512, 512) on G_{1.0,0.0,128}

Initializing transformer.h.3.mlp.c_fc.blocks.2.: k=1, G_{1.0,0.0,128}, type=None
  Initialized transformer.h.4.mlp.c_fc.blocks.2.weight (512, 512) on G_{1.0,0.0,128}

Initializing transformer.h.4.mlp.c_fc.blocks.3.: k=1, G_{1.0,0.0,128}, type=None
  Initialized transformer.h.4.mlp.c_fc.blocks.0.weight (512, 512) on G_{1.0,0.0,128}

Initializing transformer.h.4.mlp.c_fc.blocks.1.: k=1, G_{1.0,0.0,128}, type=None
  Initialized transformer.h.5.mlp.c_fc.blocks.2.weight (512, 512) on G_{1.0,0.0,128}

Initializing transformer.h.5.mlp.c_fc.blocks.3.: k=1, G_{1.0,0.0,128}, type=None
  Initialized transformer.h.3.mlp.c_fc.blocks.2.weight (512, 512) on G_{1.0,0.0,128}

Initializing transformer.h.3.mlp.c_fc.blocks.3.: k=1, G_{1.0,0.0,128}, type=None
  Initialized transformer.h.4.mlp.c_fc.blocks.3.weight (512, 512) on G_{1.0,0.0,128}

Initializing transformer.h.5.mlp.c_fc.blocks.0.: k=1, G_{1.0,0.0,128}, type=None
  Initialized transformer.h.4.mlp.c_fc.blocks.1.weight (512, 512) on G_{1.0,0.0,128}

Initializing transformer.h.4.mlp.c_fc.blocks.2.: k=1, G_{1.0,0.0,128}, type=None
  Initialized transformer.h.5.mlp.c_fc.blocks.3.weight (512, 512) on G_{1.0,0.0,128}

Grassmann block initialization complete.

=== Setting up component-specific dropout ===
AdamW components: dropout = 0.1
Grassmann components: dropout = 0.05
Component-specific dropout setup complete.

=== Setting up norm-preserving scaling (Phase small_mlp_r128) ===
  Initialized transformer.h.3.mlp.c_fc.blocks.3.weight (512, 512) on G_{1.0,0.0,128}

Initializing transformer.h.4.mlp.c_fc.blocks.0.: k=1, G_{1.0,0.0,128}, type=None
  Initialized transformer.h.5.mlp.c_fc.blocks.0.weight (512, 512) on G_{1.0,0.0,128}

Initializing transformer.h.5.mlp.c_fc.blocks.1.: k=1, G_{1.0,0.0,128}, type=None
  Initialized transformer.h.4.mlp.c_fc.blocks.2.weight (512, 512) on G_{1.0,0.0,128}

Initializing transformer.h.4.mlp.c_fc.blocks.3.: k=1, G_{1.0,0.0,128}, type=None
  Initialized transformer.h.4.mlp.c_fc.blocks.0.weight (512, 512) on G_{1.0,0.0,128}

Initializing transformer.h.4.mlp.c_fc.blocks.1.: k=1, G_{1.0,0.0,128}, type=None
  Initialized transformer.h.5.mlp.c_fc.blocks.1.weight (512, 512) on G_{1.0,0.0,128}

Initializing transformer.h.5.mlp.c_fc.blocks.2.: k=1, G_{1.0,0.0,128}, type=None
  Initialized transformer.h.4.mlp.c_fc.blocks.3.weight (512, 512) on G_{1.0,0.0,128}

Initializing transformer.h.5.mlp.c_fc.blocks.0.: k=1, G_{1.0,0.0,128}, type=None
  Initialized transformer.h.4.mlp.c_fc.blocks.1.weight (512, 512) on G_{1.0,0.0,128}

Initializing transformer.h.4.mlp.c_fc.blocks.2.: k=1, G_{1.0,0.0,128}, type=None
  Initialized transformer.h.5.mlp.c_fc.blocks.2.weight (512, 512) on G_{1.0,0.0,128}

Initializing transformer.h.5.mlp.c_fc.blocks.3.: k=1, G_{1.0,0.0,128}, type=None
  Initialized transformer.h.5.mlp.c_fc.blocks.0.weight (512, 512) on G_{1.0,0.0,128}

Initializing transformer.h.5.mlp.c_fc.blocks.1.: k=1, G_{1.0,0.0,128}, type=None
  Initialized transformer.h.4.mlp.c_fc.blocks.2.weight (512, 512) on G_{1.0,0.0,128}

Initializing transformer.h.4.mlp.c_fc.blocks.3.: k=1, G_{1.0,0.0,128}, type=None
  Initialized transformer.h.5.mlp.c_fc.blocks.3.weight (512, 512) on G_{1.0,0.0,128}

Grassmann block initialization complete.

=== Setting up component-specific dropout ===
AdamW components: dropout = 0.1
Grassmann components: dropout = 0.05
  Initialized transformer.h.5.mlp.c_fc.blocks.1.weight (512, 512) on G_{1.0,0.0,128}

Initializing transformer.h.5.mlp.c_fc.blocks.2.: k=1, G_{1.0,0.0,128}, type=None
Component-specific dropout setup complete.

=== Setting up norm-preserving scaling (Phase small_mlp_r128) ===
  Initialized transformer.h.4.mlp.c_fc.blocks.3.weight (512, 512) on G_{1.0,0.0,128}

Initializing transformer.h.5.mlp.c_fc.blocks.0.: k=1, G_{1.0,0.0,128}, type=None
  Initialized transformer.h.5.mlp.c_fc.blocks.2.weight (512, 512) on G_{1.0,0.0,128}

Initializing transformer.h.5.mlp.c_fc.blocks.3.: k=1, G_{1.0,0.0,128}, type=None
  Initialized transformer.h.5.mlp.c_fc.blocks.0.weight (512, 512) on G_{1.0,0.0,128}

Initializing transformer.h.5.mlp.c_fc.blocks.1.: k=1, G_{1.0,0.0,128}, type=None
  Initialized transformer.h.5.mlp.c_fc.blocks.3.weight (512, 512) on G_{1.0,0.0,128}

Grassmann block initialization complete.

=== Setting up component-specific dropout ===
AdamW components: dropout = 0.1
Grassmann components: dropout = 0.05
Component-specific dropout setup complete.

=== Setting up norm-preserving scaling (Phase small_mlp_r128) ===
  Initialized transformer.h.5.mlp.c_fc.blocks.1.weight (512, 512) on G_{1.0,0.0,128}

Initializing transformer.h.5.mlp.c_fc.blocks.2.: k=1, G_{1.0,0.0,128}, type=None
  Initialized transformer.h.5.mlp.c_fc.blocks.2.weight (512, 512) on G_{1.0,0.0,128}

Initializing transformer.h.5.mlp.c_fc.blocks.3.: k=1, G_{1.0,0.0,128}, type=None
  Initialized transformer.h.5.mlp.c_fc.blocks.3.weight (512, 512) on G_{1.0,0.0,128}

Grassmann block initialization complete.

=== Setting up component-specific dropout ===
AdamW components: dropout = 0.1
Grassmann components: dropout = 0.05
Component-specific dropout setup complete.

=== Setting up norm-preserving scaling (Phase small_mlp_r128) ===
  Added frozen 0.5×I scaling after mlp.c_fc (device=cuda:2)
  Added frozen 0.5×I scaling after mlp.c_fc (device=cuda:0)
  Added frozen 0.5×I scaling after mlp.c_fc (device=cuda:1)
  Added frozen 0.5×I scaling after mlp.c_fc (device=cuda:3)
  Added frozen 0.5×I scaling after mlp.c_fc (device=cuda:2)
  Added frozen 0.5×I scaling after mlp.c_fc (device=cuda:0)
  Added frozen 0.5×I scaling after mlp.c_fc (device=cuda:1)
  Added frozen 0.5×I scaling after mlp.c_fc (device=cuda:3)
  Added frozen 0.5×I scaling after mlp.c_fc (device=cuda:2)
  Added frozen 0.5×I scaling after mlp.c_fc (device=cuda:0)
  Added frozen 0.5×I scaling after mlp.c_fc (device=cuda:1)
  Added frozen 0.5×I scaling after mlp.c_fc (device=cuda:3)
  Added frozen 0.5×I scaling after mlp.c_fc (device=cuda:2)
  Added frozen 0.5×I scaling after mlp.c_fc (device=cuda:3)
  Added frozen 0.5×I scaling after mlp.c_fc (device=cuda:0)
  Added frozen 0.5×I scaling after mlp.c_fc (device=cuda:1)
  Added frozen 0.5×I scaling after mlp.c_fc (device=cuda:2)
  Added frozen 0.5×I scaling after mlp.c_fc (device=cuda:3)
  Added frozen 0.5×I scaling after mlp.c_fc (device=cuda:0)
  Added frozen 0.5×I scaling after mlp.c_fc (device=cuda:1)
  Added frozen 0.5×I scaling after mlp.c_fc (device=cuda:2)
Norm-preserving scaling setup complete.
compiling the model... (takes a ~minute)
  Added frozen 0.5×I scaling after mlp.c_fc (device=cuda:3)
Norm-preserving scaling setup complete.
compiling the model... (takes a ~minute)
  Added frozen 0.5×I scaling after mlp.c_fc (device=cuda:1)
Norm-preserving scaling setup complete.
compiling the model... (takes a ~minute)
  Added frozen 0.5×I scaling after mlp.c_fc (device=cuda:0)
Norm-preserving scaling setup complete.
compiling the model... (takes a ~minute)
step 0: train loss 10.9285, val loss 10.9290
iter 0: loss 10.9240, time 51696.27ms, mfu -100.00%
iter 10: loss 10.6388, time 1030.55ms, mfu 13.96%
iter 20: loss 10.1994, time 994.49ms, mfu 14.01%
iter 30: loss 9.9491, time 986.78ms, mfu 14.07%
iter 40: loss 9.6956, time 980.88ms, mfu 14.13%
iter 50: loss 9.4306, time 980.84ms, mfu 14.18%
iter 60: loss 9.1202, time 977.52ms, mfu 14.24%
iter 70: loss 8.8984, time 994.93ms, mfu 14.26%
iter 80: loss 8.6292, time 1035.37ms, mfu 14.22%
iter 90: loss 8.3589, time 995.84ms, mfu 14.24%
iter 100: loss 8.0020, time 1010.02ms, mfu 14.24%
iter 110: loss 7.8387, time 976.88ms, mfu 14.29%
iter 120: loss 7.6214, time 989.25ms, mfu 14.32%
iter 130: loss 7.3758, time 998.99ms, mfu 14.33%
iter 140: loss 7.2615, time 997.51ms, mfu 14.34%
iter 150: loss 7.1456, time 999.75ms, mfu 14.34%
iter 160: loss 6.9436, time 1029.61ms, mfu 14.31%
iter 170: loss 6.9728, time 987.03ms, mfu 14.33%
iter 180: loss 6.6511, time 980.55ms, mfu 14.37%
iter 190: loss 6.6577, time 978.43ms, mfu 14.40%
iter 200: loss 6.5774, time 977.90ms, mfu 14.43%
iter 210: loss 6.5575, time 992.54ms, mfu 14.44%
iter 220: loss 6.6320, time 971.52ms, mfu 14.47%
iter 230: loss 6.6964, time 968.81ms, mfu 14.51%
iter 240: loss 6.4051, time 965.07ms, mfu 14.55%
iter 250: loss 6.5007, time 974.93ms, mfu 14.57%
iter 260: loss 6.3091, time 980.17ms, mfu 14.58%
iter 270: loss 6.2635, time 959.62ms, mfu 14.62%
iter 280: loss 6.1708, time 966.56ms, mfu 14.65%
iter 290: loss 6.3735, time 970.52ms, mfu 14.67%
iter 300: loss 6.1148, time 957.89ms, mfu 14.70%
iter 310: loss 5.9876, time 971.11ms, mfu 14.71%
iter 320: loss 6.0016, time 953.46ms, mfu 14.75%
iter 330: loss 6.0012, time 956.90ms, mfu 14.78%
iter 340: loss 6.0372, time 965.04ms, mfu 14.79%
iter 350: loss 5.9277, time 972.23ms, mfu 14.79%
iter 360: loss 6.1065, time 958.01ms, mfu 14.82%
iter 370: loss 5.7333, time 966.43ms, mfu 14.82%
iter 380: loss 5.8003, time 961.26ms, mfu 14.84%
iter 390: loss 5.7751, time 953.85ms, mfu 14.86%
iter 400: loss 5.9767, time 962.65ms, mfu 14.87%
iter 410: loss 5.8824, time 953.05ms, mfu 14.89%
iter 420: loss 5.6297, time 965.93ms, mfu 14.89%
iter 430: loss 5.9257, time 946.45ms, mfu 14.92%
iter 440: loss 5.8489, time 961.32ms, mfu 14.93%
iter 450: loss 5.7209, time 958.45ms, mfu 14.94%
iter 460: loss 5.5641, time 1008.50ms, mfu 14.87%
iter 470: loss 5.8018, time 941.73ms, mfu 14.91%
iter 480: loss 5.6848, time 960.27ms, mfu 14.92%
iter 490: loss 5.6708, time 983.41ms, mfu 14.89%
step 500: train loss 5.6349, val loss 5.6322
saving checkpoint to /net/scratch2/junyuren/nanoGPT-manifold/out-small-mlp-grass-r128
iter 500: loss 5.7412, time 9790.41ms, mfu 13.55%
iter 510: loss 5.7473, time 968.90ms, mfu 13.68%
iter 520: loss 5.5231, time 971.66ms, mfu 13.79%
iter 530: loss 5.5830, time 955.12ms, mfu 13.92%
iter 540: loss 5.5717, time 955.71ms, mfu 14.03%
iter 550: loss 5.5364, time 949.26ms, mfu 14.14%
iter 560: loss 5.6413, time 946.00ms, mfu 14.25%
iter 570: loss 5.5554, time 957.56ms, mfu 14.33%
iter 580: loss 5.5975, time 954.20ms, mfu 14.40%
iter 590: loss 5.5936, time 952.20ms, mfu 14.47%
iter 600: loss 5.4186, time 944.61ms, mfu 14.55%
iter 610: loss 5.4102, time 1076.64ms, mfu 14.43%
iter 620: loss 5.5676, time 960.67ms, mfu 14.49%
iter 630: loss 5.6176, time 967.89ms, mfu 14.52%
iter 640: loss 5.3593, time 974.35ms, mfu 14.55%
iter 650: loss 5.5113, time 958.67ms, mfu 14.59%
iter 660: loss 5.3810, time 956.42ms, mfu 14.64%
iter 670: loss 5.4271, time 952.72ms, mfu 14.68%
iter 680: loss 5.3161, time 958.94ms, mfu 14.72%
iter 690: loss 5.4070, time 960.36ms, mfu 14.74%
iter 700: loss 5.3228, time 958.04ms, mfu 14.77%
iter 710: loss 5.2892, time 969.41ms, mfu 14.78%
iter 720: loss 5.3057, time 959.37ms, mfu 14.80%
iter 730: loss 5.2725, time 950.01ms, mfu 14.83%
iter 740: loss 5.5162, time 972.92ms, mfu 14.83%
iter 750: loss 5.2634, time 955.53ms, mfu 14.85%
iter 760: loss 5.2023, time 954.49ms, mfu 14.87%
iter 770: loss 5.2229, time 965.07ms, mfu 14.88%
iter 780: loss 5.2081, time 950.78ms, mfu 14.90%
iter 790: loss 5.1634, time 971.45ms, mfu 14.89%
iter 800: loss 5.2317, time 965.08ms, mfu 14.90%
iter 810: loss 5.2299, time 969.35ms, mfu 14.89%
iter 820: loss 5.0837, time 967.35ms, mfu 14.89%
iter 830: loss 5.1528, time 969.61ms, mfu 14.88%
iter 840: loss 5.2097, time 974.94ms, mfu 14.87%
iter 850: loss 5.1446, time 970.43ms, mfu 14.87%
iter 860: loss 5.1398, time 961.54ms, mfu 14.88%
iter 870: loss 5.0330, time 968.74ms, mfu 14.87%
iter 880: loss 4.9955, time 969.71ms, mfu 14.87%
iter 890: loss 4.9859, time 961.18ms, mfu 14.88%
iter 900: loss 4.8894, time 967.06ms, mfu 14.88%
iter 910: loss 5.2288, time 972.57ms, mfu 14.87%
iter 920: loss 5.1159, time 958.83ms, mfu 14.88%
iter 930: loss 5.1225, time 964.58ms, mfu 14.89%
iter 940: loss 5.0270, time 963.85ms, mfu 14.89%
iter 950: loss 5.0273, time 991.22ms, mfu 14.85%
iter 960: loss 4.8202, time 967.52ms, mfu 14.86%
iter 970: loss 4.8803, time 972.46ms, mfu 14.85%
iter 980: loss 4.9364, time 968.92ms, mfu 14.85%
iter 990: loss 4.9943, time 961.26ms, mfu 14.86%
step 1000: train loss 4.8359, val loss 4.8391
saving checkpoint to /net/scratch2/junyuren/nanoGPT-manifold/out-small-mlp-grass-r128
iter 1000: loss 4.9895, time 9240.77ms, mfu 13.53%
iter 1010: loss 4.9371, time 965.49ms, mfu 13.67%
iter 1020: loss 4.9718, time 958.36ms, mfu 13.80%
iter 1030: loss 4.9813, time 975.00ms, mfu 13.90%
iter 1040: loss 4.9210, time 968.74ms, mfu 13.99%
iter 1050: loss 4.8118, time 995.59ms, mfu 14.04%
iter 1060: loss 4.9095, time 961.66ms, mfu 14.13%
iter 1070: loss 4.8723, time 957.56ms, mfu 14.22%
iter 1080: loss 4.9239, time 1035.82ms, mfu 14.19%
iter 1090: loss 4.9184, time 980.26ms, mfu 14.24%
iter 1100: loss 4.9063, time 964.05ms, mfu 14.31%
iter 1110: loss 4.7575, time 979.26ms, mfu 14.34%
iter 1120: loss 4.7205, time 956.39ms, mfu 14.41%
iter 1130: loss 4.7212, time 966.69ms, mfu 14.46%
iter 1140: loss 4.8186, time 974.47ms, mfu 14.49%
iter 1150: loss 4.6820, time 992.12ms, mfu 14.49%
iter 1160: loss 4.7703, time 957.15ms, mfu 14.55%
iter 1170: loss 4.7338, time 959.63ms, mfu 14.59%
iter 1180: loss 4.6488, time 967.00ms, mfu 14.62%
iter 1190: loss 4.7598, time 964.73ms, mfu 14.65%
iter 1200: loss 4.7226, time 980.67ms, mfu 14.65%
iter 1210: loss 4.6810, time 956.48ms, mfu 14.69%
iter 1220: loss 4.5870, time 918.01ms, mfu 14.79%
iter 1230: loss 4.5822, time 969.72ms, mfu 14.79%
iter 1240: loss 4.7612, time 959.33ms, mfu 14.81%
iter 1250: loss 4.6570, time 973.21ms, mfu 14.81%
iter 1260: loss 4.6332, time 962.34ms, mfu 14.82%
iter 1270: loss 4.5475, time 956.01ms, mfu 14.85%
iter 1280: loss 4.5663, time 960.05ms, mfu 14.86%
iter 1290: loss 4.6576, time 970.17ms, mfu 14.86%
iter 1300: loss 4.5863, time 953.08ms, mfu 14.88%
iter 1310: loss 4.7003, time 964.33ms, mfu 14.89%
iter 1320: loss 4.4919, time 970.88ms, mfu 14.88%
iter 1330: loss 4.4830, time 972.94ms, mfu 14.87%
iter 1340: loss 4.4737, time 959.62ms, mfu 14.88%
iter 1350: loss 4.5039, time 973.30ms, mfu 14.87%
iter 1360: loss 4.6009, time 966.84ms, mfu 14.87%
iter 1370: loss 4.6042, time 962.19ms, mfu 14.88%
iter 1380: loss 4.4913, time 945.93ms, mfu 14.91%
iter 1390: loss 4.5027, time 986.69ms, mfu 14.88%
iter 1400: loss 4.4635, time 971.20ms, mfu 14.87%
iter 1410: loss 4.5433, time 980.34ms, mfu 14.85%
iter 1420: loss 4.5689, time 962.38ms, mfu 14.86%
iter 1430: loss 4.4083, time 957.08ms, mfu 14.88%
iter 1440: loss 4.3855, time 965.95ms, mfu 14.88%
iter 1450: loss 4.4741, time 964.15ms, mfu 14.89%
iter 1460: loss 4.4149, time 976.15ms, mfu 14.87%
iter 1470: loss 4.4558, time 958.55ms, mfu 14.89%
iter 1480: loss 4.3723, time 958.73ms, mfu 14.90%
iter 1490: loss 4.4675, time 970.99ms, mfu 14.89%
step 1500: train loss 4.3335, val loss 4.3434
saving checkpoint to /net/scratch2/junyuren/nanoGPT-manifold/out-small-mlp-grass-r128
iter 1500: loss 4.4602, time 10861.26ms, mfu 13.53%
iter 1510: loss 4.4539, time 987.34ms, mfu 13.64%
iter 1520: loss 4.5033, time 981.93ms, mfu 13.74%
iter 1530: loss 4.3791, time 994.38ms, mfu 13.81%
iter 1540: loss 4.5176, time 966.44ms, mfu 13.92%
iter 1550: loss 4.4137, time 970.48ms, mfu 14.01%
iter 1560: loss 4.3197, time 968.13ms, mfu 14.09%
iter 1570: loss 4.4116, time 966.92ms, mfu 14.17%
iter 1580: loss 4.3859, time 952.69ms, mfu 14.27%
iter 1590: loss 4.4036, time 976.39ms, mfu 14.31%
iter 1600: loss 4.3251, time 971.27ms, mfu 14.36%
iter 1610: loss 4.3327, time 975.73ms, mfu 14.40%
iter 1620: loss 4.3356, time 974.28ms, mfu 14.44%
iter 1630: loss 4.3172, time 971.38ms, mfu 14.48%
iter 1640: loss 4.2683, time 985.31ms, mfu 14.49%
iter 1650: loss 4.3245, time 974.67ms, mfu 14.52%
iter 1660: loss 4.2904, time 1056.17ms, mfu 14.43%
iter 1670: loss 4.3645, time 974.21ms, mfu 14.46%
iter 1680: loss 4.3859, time 971.64ms, mfu 14.50%
iter 1690: loss 4.4563, time 978.42ms, mfu 14.52%
iter 1700: loss 4.3902, time 955.97ms, mfu 14.57%
iter 1710: loss 4.3662, time 970.20ms, mfu 14.60%
iter 1720: loss 4.3912, time 963.82ms, mfu 14.63%
iter 1730: loss 4.3541, time 978.79ms, mfu 14.64%
iter 1740: loss 4.2534, time 982.21ms, mfu 14.64%
iter 1750: loss 4.3834, time 979.03ms, mfu 14.64%
iter 1760: loss 4.3082, time 961.88ms, mfu 14.67%
iter 1770: loss 4.2126, time 956.72ms, mfu 14.71%
iter 1780: loss 4.4686, time 969.52ms, mfu 14.72%
iter 1790: loss 4.2804, time 969.73ms, mfu 14.73%
iter 1800: loss 4.2816, time 971.20ms, mfu 14.74%
iter 1810: loss 4.4237, time 982.51ms, mfu 14.73%
iter 1820: loss 4.3382, time 949.02ms, mfu 14.78%
iter 1830: loss 4.4483, time 965.34ms, mfu 14.79%
iter 1840: loss 4.3035, time 978.43ms, mfu 14.78%
iter 1850: loss 4.4060, time 967.80ms, mfu 14.79%
iter 1860: loss 4.3815, time 961.59ms, mfu 14.81%
iter 1870: loss 4.2800, time 978.37ms, mfu 14.80%
iter 1880: loss 4.4118, time 963.75ms, mfu 14.81%
iter 1890: loss 4.2279, time 985.44ms, mfu 14.79%
iter 1900: loss 4.2480, time 970.77ms, mfu 14.79%
iter 1910: loss 4.2210, time 965.00ms, mfu 14.80%
iter 1920: loss 4.2830, time 973.59ms, mfu 14.80%
iter 1930: loss 4.0749, time 954.87ms, mfu 14.83%
iter 1940: loss 4.3905, time 970.44ms, mfu 14.83%
iter 1950: loss 4.3090, time 967.65ms, mfu 14.83%
iter 1960: loss 4.1683, time 959.29ms, mfu 14.85%
iter 1970: loss 4.2662, time 939.17ms, mfu 14.90%
iter 1980: loss 4.3080, time 980.22ms, mfu 14.87%
iter 1990: loss 4.3065, time 960.47ms, mfu 14.88%
step 2000: train loss 4.1230, val loss 4.1415
saving checkpoint to /net/scratch2/junyuren/nanoGPT-manifold/out-small-mlp-grass-r128
iter 2000: loss 4.1683, time 9238.12ms, mfu 13.55%
iter 2010: loss 4.1804, time 970.70ms, mfu 13.68%
iter 2020: loss 4.3852, time 978.00ms, mfu 13.78%
iter 2030: loss 4.1897, time 964.86ms, mfu 13.89%
iter 2040: loss 4.2700, time 964.97ms, mfu 14.00%
iter 2050: loss 4.2600, time 964.63ms, mfu 14.09%
iter 2060: loss 4.1979, time 963.36ms, mfu 14.17%
iter 2070: loss 4.3058, time 959.17ms, mfu 14.26%
iter 2080: loss 4.1423, time 967.69ms, mfu 14.32%
iter 2090: loss 4.1946, time 969.70ms, mfu 14.37%
iter 2100: loss 4.2463, time 989.60ms, mfu 14.39%
iter 2110: loss 4.1743, time 961.18ms, mfu 14.44%
iter 2120: loss 4.1991, time 959.79ms, mfu 14.50%
iter 2130: loss 4.2203, time 970.69ms, mfu 14.53%
iter 2140: loss 4.0717, time 969.27ms, mfu 14.56%
iter 2150: loss 4.3412, time 967.76ms, mfu 14.59%
iter 2160: loss 4.2611, time 970.07ms, mfu 14.62%
iter 2170: loss 4.1117, time 1048.60ms, mfu 14.53%
iter 2180: loss 4.2460, time 987.46ms, mfu 14.53%
iter 2190: loss 4.2711, time 981.98ms, mfu 14.54%
iter 2200: loss 4.2835, time 981.70ms, mfu 14.55%
iter 2210: loss 4.3495, time 995.93ms, mfu 14.54%
iter 2220: loss 4.2081, time 976.14ms, mfu 14.56%
iter 2230: loss 4.1671, time 975.61ms, mfu 14.58%
iter 2240: loss 4.2629, time 982.47ms, mfu 14.59%
iter 2250: loss 4.1943, time 983.02ms, mfu 14.59%
iter 2260: loss 4.3157, time 974.65ms, mfu 14.61%
iter 2270: loss 4.2439, time 973.26ms, mfu 14.63%
iter 2280: loss 4.2100, time 1084.61ms, mfu 14.49%
iter 2290: loss 4.2546, time 976.31ms, mfu 14.52%
iter 2300: loss 4.2092, time 973.50ms, mfu 14.54%
iter 2310: loss 4.0865, time 973.67ms, mfu 14.57%
iter 2320: loss 4.1565, time 977.21ms, mfu 14.58%
iter 2330: loss 4.0534, time 964.06ms, mfu 14.62%
iter 2340: loss 4.2626, time 979.76ms, mfu 14.62%
iter 2350: loss 4.1858, time 975.96ms, mfu 14.63%
iter 2360: loss 4.1870, time 981.87ms, mfu 14.64%
iter 2370: loss 4.2181, time 966.09ms, mfu 14.66%
iter 2380: loss 4.2322, time 961.82ms, mfu 14.69%
iter 2390: loss 4.1737, time 977.76ms, mfu 14.69%
iter 2400: loss 4.1233, time 964.10ms, mfu 14.72%
iter 2410: loss 4.1420, time 976.58ms, mfu 14.72%
iter 2420: loss 4.1196, time 975.56ms, mfu 14.72%
iter 2430: loss 4.1747, time 977.38ms, mfu 14.72%
iter 2440: loss 4.1565, time 971.04ms, mfu 14.73%
iter 2450: loss 4.1970, time 978.28ms, mfu 14.73%
iter 2460: loss 4.1523, time 959.65ms, mfu 14.75%
iter 2470: loss 4.2364, time 973.36ms, mfu 14.76%
iter 2480: loss 4.0772, time 979.22ms, mfu 14.75%
iter 2490: loss 4.0971, time 1066.25ms, mfu 14.63%
step 2500: train loss 4.0216, val loss 4.0402
saving checkpoint to /net/scratch2/junyuren/nanoGPT-manifold/out-small-mlp-grass-r128
iter 2500: loss 4.1004, time 9417.81ms, mfu 13.32%
iter 2510: loss 4.2641, time 973.75ms, mfu 13.46%
iter 2520: loss 4.1027, time 967.11ms, mfu 13.60%
iter 2530: loss 4.3437, time 978.07ms, mfu 13.71%
iter 2540: loss 4.0824, time 985.78ms, mfu 13.80%
iter 2550: loss 4.1649, time 967.99ms, mfu 13.91%
iter 2560: loss 4.1681, time 981.80ms, mfu 13.98%
iter 2570: loss 4.1803, time 975.63ms, mfu 14.06%
iter 2580: loss 4.1411, time 963.68ms, mfu 14.15%
iter 2590: loss 4.1061, time 973.77ms, mfu 14.21%
iter 2600: loss 4.1259, time 974.54ms, mfu 14.26%
iter 2610: loss 4.1024, time 987.39ms, mfu 14.30%
iter 2620: loss 4.1326, time 1043.93ms, mfu 14.24%
iter 2630: loss 4.2692, time 971.58ms, mfu 14.30%
iter 2640: loss 4.1132, time 984.43ms, mfu 14.33%
iter 2650: loss 4.2490, time 973.79ms, mfu 14.38%
iter 2660: loss 4.0177, time 976.31ms, mfu 14.41%
iter 2670: loss 4.2295, time 979.40ms, mfu 14.44%
iter 2680: loss 4.0467, time 972.81ms, mfu 14.47%
iter 2690: loss 4.1051, time 978.90ms, mfu 14.50%
iter 2700: loss 4.2267, time 958.90ms, mfu 14.55%
iter 2710: loss 4.1521, time 980.58ms, mfu 14.56%
iter 2720: loss 4.0674, time 979.13ms, mfu 14.57%
iter 2730: loss 4.1333, time 994.63ms, mfu 14.56%
iter 2740: loss 4.0727, time 970.43ms, mfu 14.59%
iter 2750: loss 4.1733, time 975.67ms, mfu 14.60%
iter 2760: loss 4.1552, time 974.18ms, mfu 14.62%
iter 2770: loss 4.2135, time 968.57ms, mfu 14.64%
iter 2780: loss 4.0810, time 988.90ms, mfu 14.64%
iter 2790: loss 4.0846, time 973.01ms, mfu 14.65%
iter 2800: loss 4.0986, time 976.58ms, mfu 14.66%
iter 2810: loss 4.1325, time 980.46ms, mfu 14.66%
iter 2820: loss 4.0816, time 976.34ms, mfu 14.67%
iter 2830: loss 4.0824, time 989.20ms, mfu 14.66%
iter 2840: loss 4.0316, time 935.60ms, mfu 14.73%
iter 2850: loss 4.1068, time 982.90ms, mfu 14.72%
iter 2860: loss 4.1680, time 987.28ms, mfu 14.70%
iter 2870: loss 4.1502, time 979.12ms, mfu 14.70%
iter 2880: loss 4.0510, time 988.33ms, mfu 14.69%
iter 2890: loss 4.1195, time 988.36ms, mfu 14.68%
iter 2900: loss 4.0124, time 984.77ms, mfu 14.67%
iter 2910: loss 4.1730, time 970.52ms, mfu 14.68%
iter 2920: loss 4.0156, time 977.78ms, mfu 14.69%
iter 2930: loss 3.9298, time 974.98ms, mfu 14.69%
iter 2940: loss 4.0935, time 990.02ms, mfu 14.68%
iter 2950: loss 4.1077, time 974.69ms, mfu 14.69%
iter 2960: loss 4.1475, time 965.97ms, mfu 14.71%
iter 2970: loss 4.0204, time 990.94ms, mfu 14.69%
iter 2980: loss 4.0654, time 965.35ms, mfu 14.71%
iter 2990: loss 4.0003, time 971.74ms, mfu 14.72%
step 3000: train loss 3.9637, val loss 3.9617
saving checkpoint to /net/scratch2/junyuren/nanoGPT-manifold/out-small-mlp-grass-r128
iter 3000: loss 4.1316, time 9126.54ms, mfu 13.41%
iter 3010: loss 4.0792, time 991.19ms, mfu 13.52%
iter 3020: loss 4.0234, time 988.95ms, mfu 13.62%
iter 3030: loss 4.1440, time 983.78ms, mfu 13.72%
iter 3040: loss 4.1153, time 979.70ms, mfu 13.82%
iter 3050: loss 3.9927, time 971.14ms, mfu 13.92%
iter 3060: loss 3.9169, time 1100.76ms, mfu 13.83%
iter 3070: loss 4.1529, time 975.85ms, mfu 13.92%
iter 3080: loss 4.0831, time 982.91ms, mfu 13.99%
iter 3090: loss 4.1115, time 990.94ms, mfu 14.05%
iter 3100: loss 4.0016, time 962.80ms, mfu 14.14%
iter 3110: loss 4.1124, time 978.91ms, mfu 14.19%
iter 3120: loss 3.9842, time 985.67ms, mfu 14.23%
iter 3130: loss 4.0405, time 978.66ms, mfu 14.28%
iter 3140: loss 4.0452, time 987.88ms, mfu 14.31%
iter 3150: loss 4.1354, time 987.88ms, mfu 14.33%
iter 3160: loss 4.0427, time 972.86ms, mfu 14.38%
iter 3170: loss 3.9956, time 980.60ms, mfu 14.41%
iter 3180: loss 4.1805, time 978.82ms, mfu 14.44%
iter 3190: loss 4.1783, time 982.61ms, mfu 14.46%
iter 3200: loss 4.1017, time 979.62ms, mfu 14.48%
iter 3210: loss 4.0028, time 962.45ms, mfu 14.53%
iter 3220: loss 4.1029, time 983.67ms, mfu 14.54%
iter 3230: loss 4.0883, time 985.75ms, mfu 14.54%
iter 3240: loss 4.0769, time 972.77ms, mfu 14.57%
iter 3250: loss 4.0560, time 977.51ms, mfu 14.58%
iter 3260: loss 4.0644, time 976.60ms, mfu 14.60%
iter 3270: loss 4.0943, time 977.04ms, mfu 14.61%
iter 3280: loss 3.9065, time 954.85ms, mfu 14.66%
iter 3290: loss 4.0064, time 979.38ms, mfu 14.66%
iter 3300: loss 3.9588, time 976.76ms, mfu 14.67%
iter 3310: loss 4.0724, time 977.46ms, mfu 14.67%
iter 3320: loss 4.0222, time 978.35ms, mfu 14.68%
iter 3330: loss 4.1582, time 977.04ms, mfu 14.68%
iter 3340: loss 4.0432, time 982.16ms, mfu 14.68%
iter 3350: loss 4.0168, time 957.35ms, mfu 14.71%
iter 3360: loss 4.0597, time 974.29ms, mfu 14.72%
iter 3370: loss 4.0521, time 976.40ms, mfu 14.72%
iter 3380: loss 3.9571, time 978.41ms, mfu 14.72%
iter 3390: loss 4.0101, time 979.41ms, mfu 14.72%
iter 3400: loss 4.0260, time 971.44ms, mfu 14.72%
iter 3410: loss 4.0648, time 993.55ms, mfu 14.70%
iter 3420: loss 3.9925, time 979.39ms, mfu 14.70%
iter 3430: loss 4.0457, time 981.28ms, mfu 14.70%
iter 3440: loss 4.0711, time 977.12ms, mfu 14.70%
iter 3450: loss 4.0727, time 976.50ms, mfu 14.70%
iter 3460: loss 4.0286, time 963.46ms, mfu 14.73%
iter 3470: loss 4.1047, time 982.98ms, mfu 14.72%
iter 3480: loss 4.0519, time 973.42ms, mfu 14.72%
iter 3490: loss 4.0601, time 979.63ms, mfu 14.72%
step 3500: train loss 3.9185, val loss 3.9295
saving checkpoint to /net/scratch2/junyuren/nanoGPT-manifold/out-small-mlp-grass-r128
iter 3500: loss 3.9830, time 9865.61ms, mfu 13.39%
iter 3510: loss 4.0330, time 981.00ms, mfu 13.52%
iter 3520: loss 3.9566, time 983.15ms, mfu 13.63%
iter 3530: loss 3.9638, time 975.85ms, mfu 13.74%
iter 3540: loss 4.0370, time 987.00ms, mfu 13.83%
iter 3550: loss 3.9927, time 977.47ms, mfu 13.92%
iter 3560: loss 4.0674, time 979.61ms, mfu 13.99%
iter 3570: loss 3.9969, time 984.97ms, mfu 14.05%
iter 3580: loss 4.1008, time 979.28ms, mfu 14.12%
iter 3590: loss 3.9659, time 979.80ms, mfu 14.17%
iter 3600: loss 3.9929, time 989.68ms, mfu 14.21%
iter 3610: loss 4.0955, time 962.59ms, mfu 14.28%
iter 3620: loss 4.0922, time 984.64ms, mfu 14.32%
iter 3630: loss 3.9937, time 987.42ms, mfu 14.34%
iter 3640: loss 4.0825, time 983.37ms, mfu 14.37%
iter 3650: loss 3.9455, time 967.36ms, mfu 14.42%
iter 3660: loss 4.0791, time 982.79ms, mfu 14.44%
iter 3670: loss 4.1461, time 976.46ms, mfu 14.47%
iter 3680: loss 4.0174, time 977.81ms, mfu 14.50%
iter 3690: loss 4.0420, time 983.91ms, mfu 14.51%
iter 3700: loss 3.9314, time 965.93ms, mfu 14.55%
iter 3710: loss 4.0382, time 978.53ms, mfu 14.56%
iter 3720: loss 4.0189, time 977.58ms, mfu 14.58%
iter 3730: loss 3.9293, time 974.01ms, mfu 14.60%
iter 3740: loss 4.1096, time 979.45ms, mfu 14.61%
iter 3750: loss 4.1487, time 968.57ms, mfu 14.63%
iter 3760: loss 4.0236, time 980.41ms, mfu 14.64%
iter 3770: loss 4.0997, time 984.44ms, mfu 14.63%
iter 3780: loss 4.1188, time 981.66ms, mfu 14.64%
iter 3790: loss 4.0018, time 978.13ms, mfu 14.64%
iter 3800: loss 3.9556, time 975.32ms, mfu 14.65%
iter 3810: loss 4.0039, time 976.02ms, mfu 14.66%
iter 3820: loss 3.9031, time 979.50ms, mfu 14.67%
iter 3830: loss 3.9030, time 971.87ms, mfu 14.68%
iter 3840: loss 3.9630, time 977.14ms, mfu 14.68%
iter 3850: loss 4.0546, time 980.07ms, mfu 14.68%
iter 3860: loss 3.9856, time 977.01ms, mfu 14.69%
iter 3870: loss 4.0918, time 1000.64ms, mfu 14.66%
iter 3880: loss 3.9625, time 961.72ms, mfu 14.69%
iter 3890: loss 4.0413, time 980.85ms, mfu 14.69%
iter 3900: loss 3.7711, time 984.69ms, mfu 14.68%
iter 3910: loss 3.9261, time 972.83ms, mfu 14.69%
iter 3920: loss 3.9095, time 970.99ms, mfu 14.70%
iter 3930: loss 3.8492, time 966.93ms, mfu 14.72%
iter 3940: loss 3.9217, time 982.31ms, mfu 14.71%
iter 3950: loss 4.0744, time 975.98ms, mfu 14.72%
iter 3960: loss 3.9203, time 988.49ms, mfu 14.70%
iter 3970: loss 3.9629, time 978.13ms, mfu 14.70%
iter 3980: loss 3.8870, time 980.89ms, mfu 14.70%
iter 3990: loss 3.9765, time 991.59ms, mfu 14.68%
step 4000: train loss 3.8734, val loss 3.8887
saving checkpoint to /net/scratch2/junyuren/nanoGPT-manifold/out-small-mlp-grass-r128
iter 4000: loss 3.9363, time 10496.76ms, mfu 13.35%
iter 4010: loss 3.9109, time 1009.14ms, mfu 13.44%
iter 4020: loss 4.0398, time 948.41ms, mfu 13.61%
iter 4030: loss 3.8877, time 997.88ms, mfu 13.69%
iter 4040: loss 4.0804, time 984.41ms, mfu 13.78%
iter 4050: loss 3.8985, time 979.67ms, mfu 13.87%
iter 4060: loss 3.9301, time 989.29ms, mfu 13.94%
iter 4070: loss 3.9775, time 979.12ms, mfu 14.02%
iter 4080: loss 3.9075, time 975.12ms, mfu 14.09%
iter 4090: loss 3.9615, time 967.07ms, mfu 14.17%
iter 4100: loss 3.9950, time 978.34ms, mfu 14.22%
iter 4110: loss 3.9876, time 979.69ms, mfu 14.27%
iter 4120: loss 4.0176, time 982.09ms, mfu 14.31%
iter 4130: loss 3.9679, time 974.83ms, mfu 14.35%
iter 4140: loss 3.9518, time 977.98ms, mfu 14.39%
iter 4150: loss 3.9407, time 959.60ms, mfu 14.45%
iter 4160: loss 3.9805, time 974.32ms, mfu 14.48%
iter 4170: loss 3.9380, time 979.98ms, mfu 14.50%
iter 4180: loss 4.0503, time 987.20ms, mfu 14.51%
iter 4190: loss 3.8934, time 978.63ms, mfu 14.53%
iter 4200: loss 4.0001, time 972.42ms, mfu 14.55%
iter 4210: loss 3.9972, time 990.84ms, mfu 14.55%
iter 4220: loss 4.0527, time 981.30ms, mfu 14.56%
iter 4230: loss 3.9947, time 981.98ms, mfu 14.57%
iter 4240: loss 4.1380, time 966.09ms, mfu 14.60%
iter 4250: loss 4.0310, time 989.70ms, mfu 14.60%
iter 4260: loss 4.0311, time 969.69ms, mfu 14.62%
iter 4270: loss 3.9628, time 947.21ms, mfu 14.68%
iter 4280: loss 4.1096, time 982.99ms, mfu 14.67%
iter 4290: loss 3.9055, time 984.00ms, mfu 14.67%
iter 4300: loss 3.8215, time 982.57ms, mfu 14.67%
iter 4310: loss 4.0509, time 988.23ms, mfu 14.66%
iter 4320: loss 4.1129, time 985.43ms, mfu 14.65%
iter 4330: loss 4.0038, time 979.54ms, mfu 14.65%
iter 4340: loss 3.9310, time 978.79ms, mfu 14.66%
iter 4350: loss 3.9776, time 987.73ms, mfu 14.65%
iter 4360: loss 4.0520, time 982.12ms, mfu 14.65%
iter 4370: loss 4.0005, time 982.64ms, mfu 14.65%
iter 4380: loss 4.0098, time 987.35ms, mfu 14.64%
iter 4390: loss 3.9842, time 984.07ms, mfu 14.64%
iter 4400: loss 3.8999, time 980.29ms, mfu 14.64%
iter 4410: loss 3.9937, time 978.26ms, mfu 14.65%
iter 4420: loss 3.8492, time 972.93ms, mfu 14.66%
iter 4430: loss 3.9216, time 983.18ms, mfu 14.66%
iter 4440: loss 3.9368, time 1027.44ms, mfu 14.59%
iter 4450: loss 3.9703, time 986.20ms, mfu 14.59%
iter 4460: loss 3.9916, time 986.04ms, mfu 14.59%
iter 4470: loss 4.0206, time 1050.77ms, mfu 14.50%
iter 4480: loss 3.9378, time 984.15ms, mfu 14.51%
iter 4490: loss 3.9872, time 986.68ms, mfu 14.52%
step 4500: train loss 3.8302, val loss 3.8439
saving checkpoint to /net/scratch2/junyuren/nanoGPT-manifold/out-small-mlp-grass-r128
iter 4500: loss 4.0255, time 11569.71ms, mfu 13.19%
iter 4510: loss 3.9620, time 983.63ms, mfu 13.34%
iter 4520: loss 3.8093, time 985.06ms, mfu 13.46%
iter 4530: loss 3.8960, time 982.52ms, mfu 13.58%
iter 4540: loss 3.9313, time 979.62ms, mfu 13.69%
iter 4550: loss 3.8340, time 972.11ms, mfu 13.80%
iter 4560: loss 4.1011, time 986.67ms, mfu 13.88%
iter 4570: loss 3.9448, time 986.34ms, mfu 13.95%
iter 4580: loss 3.9096, time 989.21ms, mfu 14.01%
iter 4590: loss 3.8618, time 985.49ms, mfu 14.07%
iter 4600: loss 3.9807, time 987.44ms, mfu 14.12%
iter 4610: loss 4.1375, time 1066.47ms, mfu 14.06%
iter 4620: loss 3.8449, time 976.09ms, mfu 14.13%
iter 4630: loss 3.8803, time 985.32ms, mfu 14.17%
iter 4640: loss 3.9185, time 1025.21ms, mfu 14.16%
iter 4650: loss 3.8827, time 989.30ms, mfu 14.20%
iter 4660: loss 3.9358, time 986.65ms, mfu 14.24%
iter 4670: loss 4.0246, time 984.55ms, mfu 14.27%
iter 4680: loss 3.8913, time 971.37ms, mfu 14.33%
iter 4690: loss 3.8687, time 990.45ms, mfu 14.35%
iter 4700: loss 3.9403, time 972.91ms, mfu 14.39%
iter 4710: loss 3.8358, time 972.82ms, mfu 14.43%
iter 4720: loss 4.0188, time 987.77ms, mfu 14.44%
iter 4730: loss 3.9095, time 967.00ms, mfu 14.49%
iter 4740: loss 3.9500, time 985.02ms, mfu 14.50%
iter 4750: loss 3.9464, time 990.15ms, mfu 14.50%
iter 4760: loss 3.8064, time 998.39ms, mfu 14.49%
iter 4770: loss 3.8934, time 965.97ms, mfu 14.53%
iter 4780: loss 3.9103, time 989.26ms, mfu 14.53%
iter 4790: loss 3.7422, time 988.07ms, mfu 14.54%
iter 4800: loss 3.9600, time 989.16ms, mfu 14.54%
iter 4810: loss 3.8003, time 987.37ms, mfu 14.54%
iter 4820: loss 3.9263, time 994.31ms, mfu 14.53%
iter 4830: loss 4.0781, time 996.94ms, mfu 14.52%
iter 4840: loss 4.0022, time 967.98ms, mfu 14.56%
iter 4850: loss 4.0207, time 989.46ms, mfu 14.56%
iter 4860: loss 4.0023, time 962.81ms, mfu 14.60%
iter 4870: loss 3.9468, time 984.43ms, mfu 14.60%
iter 4880: loss 3.9316, time 984.79ms, mfu 14.60%
iter 4890: loss 3.9939, time 993.40ms, mfu 14.59%
iter 4900: loss 3.9903, time 995.01ms, mfu 14.57%
iter 4910: loss 3.9976, time 982.94ms, mfu 14.58%
iter 4920: loss 3.8283, time 986.32ms, mfu 14.58%
iter 4930: loss 4.0116, time 978.13ms, mfu 14.59%
iter 4940: loss 3.9105, time 980.25ms, mfu 14.60%
iter 4950: loss 3.9456, time 993.12ms, mfu 14.59%
iter 4960: loss 3.9669, time 979.81ms, mfu 14.60%
iter 4970: loss 3.9426, time 983.28ms, mfu 14.60%
iter 4980: loss 3.9185, time 975.69ms, mfu 14.62%
iter 4990: loss 3.8664, time 979.01ms, mfu 14.63%
step 5000: train loss 3.8078, val loss 3.8088
saving checkpoint to /net/scratch2/junyuren/nanoGPT-manifold/out-small-mlp-grass-r128
iter 5000: loss 3.9568, time 9072.65ms, mfu 13.32%
iter 5010: loss 3.9872, time 988.76ms, mfu 13.44%
iter 5020: loss 3.8326, time 961.95ms, mfu 13.60%
iter 5030: loss 3.9210, time 993.14ms, mfu 13.68%
iter 5040: loss 3.9891, time 970.88ms, mfu 13.80%
iter 5050: loss 3.9956, time 978.33ms, mfu 13.89%
iter 5060: loss 3.8752, time 975.40ms, mfu 13.98%
iter 5070: loss 3.9294, time 969.81ms, mfu 14.06%
iter 5080: loss 3.9701, time 979.60ms, mfu 14.12%
iter 5090: loss 3.8929, time 986.81ms, mfu 14.17%
iter 5100: loss 3.8198, time 981.29ms, mfu 14.22%
iter 5110: loss 4.0249, time 977.72ms, mfu 14.27%
iter 5120: loss 3.9075, time 998.44ms, mfu 14.28%
iter 5130: loss 4.0044, time 986.09ms, mfu 14.31%
iter 5140: loss 3.9609, time 978.75ms, mfu 14.35%
iter 5150: loss 4.0362, time 987.92ms, mfu 14.37%
iter 5160: loss 3.9746, time 983.05ms, mfu 14.40%
iter 5170: loss 3.9305, time 983.30ms, mfu 14.42%
iter 5180: loss 3.8449, time 985.47ms, mfu 14.44%
iter 5190: loss 3.9021, time 1053.43ms, mfu 14.36%
iter 5200: loss 4.0522, time 982.39ms, mfu 14.39%
iter 5210: loss 3.9943, time 972.51ms, mfu 14.43%
iter 5220: loss 3.8202, time 962.24ms, mfu 14.48%
iter 5230: loss 3.9589, time 1002.39ms, mfu 14.47%
iter 5240: loss 3.9669, time 1003.03ms, mfu 14.46%
iter 5250: loss 3.9332, time 988.33ms, mfu 14.47%
iter 5260: loss 3.9005, time 992.54ms, mfu 14.47%
iter 5270: loss 3.9345, time 978.52ms, mfu 14.49%
iter 5280: loss 3.9238, time 999.78ms, mfu 14.48%
iter 5290: loss 3.9961, time 989.73ms, mfu 14.49%
iter 5300: loss 3.9147, time 991.30ms, mfu 14.49%
iter 5310: loss 3.8075, time 979.51ms, mfu 14.51%
iter 5320: loss 3.9223, time 992.59ms, mfu 14.51%
iter 5330: loss 3.8733, time 985.91ms, mfu 14.52%
iter 5340: loss 3.7961, time 988.88ms, mfu 14.52%
iter 5350: loss 3.8867, time 974.49ms, mfu 14.55%
iter 5360: loss 3.8721, time 979.84ms, mfu 14.56%
iter 5370: loss 3.8715, time 972.96ms, mfu 14.58%
iter 5380: loss 4.0522, time 994.67ms, mfu 14.57%
iter 5390: loss 3.9318, time 983.32ms, mfu 14.58%
iter 5400: loss 3.8479, time 984.80ms, mfu 14.58%
iter 5410: loss 3.9671, time 1004.56ms, mfu 14.55%
iter 5420: loss 3.8779, time 986.78ms, mfu 14.56%
iter 5430: loss 4.0012, time 968.27ms, mfu 14.59%
iter 5440: loss 3.9687, time 983.60ms, mfu 14.59%
iter 5450: loss 3.9421, time 983.04ms, mfu 14.60%
iter 5460: loss 3.8984, time 987.23ms, mfu 14.59%
iter 5470: loss 3.8806, time 988.11ms, mfu 14.59%
iter 5480: loss 3.8597, time 981.40ms, mfu 14.60%
iter 5490: loss 3.7466, time 980.99ms, mfu 14.60%
step 5500: train loss 3.7970, val loss 3.7990
saving checkpoint to /net/scratch2/junyuren/nanoGPT-manifold/out-small-mlp-grass-r128
iter 5500: loss 3.9408, time 9207.80ms, mfu 13.30%
iter 5510: loss 4.0003, time 976.33ms, mfu 13.44%
iter 5520: loss 3.9072, time 981.65ms, mfu 13.56%
iter 5530: loss 3.9148, time 983.94ms, mfu 13.67%
iter 5540: loss 3.8438, time 994.25ms, mfu 13.75%
iter 5550: loss 3.8507, time 950.03ms, mfu 13.89%
iter 5560: loss 3.8619, time 1011.94ms, mfu 13.92%
iter 5570: loss 3.8852, time 984.82ms, mfu 13.99%
iter 5580: loss 4.0243, time 980.00ms, mfu 14.06%
iter 5590: loss 3.9489, time 999.19ms, mfu 14.09%
iter 5600: loss 3.9402, time 970.08ms, mfu 14.17%
iter 5610: loss 3.8561, time 980.84ms, mfu 14.22%
iter 5620: loss 3.7262, time 991.36ms, mfu 14.25%
iter 5630: loss 3.9627, time 984.21ms, mfu 14.28%
iter 5640: loss 3.8383, time 991.61ms, mfu 14.31%
iter 5650: loss 3.9199, time 990.35ms, mfu 14.33%
iter 5660: loss 3.8458, time 978.31ms, mfu 14.37%
iter 5670: loss 3.9519, time 989.18ms, mfu 14.38%
iter 5680: loss 3.9203, time 977.91ms, mfu 14.42%
iter 5690: loss 3.8702, time 973.55ms, mfu 14.45%
iter 5700: loss 3.9526, time 994.92ms, mfu 14.45%
iter 5710: loss 3.9547, time 980.74ms, mfu 14.48%
iter 5720: loss 3.8264, time 981.24ms, mfu 14.49%
iter 5730: loss 3.9397, time 982.69ms, mfu 14.51%
iter 5740: loss 3.8336, time 982.18ms, mfu 14.52%
iter 5750: loss 3.8087, time 1000.20ms, mfu 14.51%
iter 5760: loss 3.8052, time 969.66ms, mfu 14.54%
iter 5770: loss 3.8463, time 974.88ms, mfu 14.56%
iter 5780: loss 3.9419, time 979.66ms, mfu 14.58%
iter 5790: loss 3.9955, time 983.08ms, mfu 14.58%
iter 5800: loss 3.9379, time 1006.70ms, mfu 14.55%
iter 5810: loss 3.8855, time 985.85ms, mfu 14.56%
iter 5820: loss 3.8619, time 984.80ms, mfu 14.56%
iter 5830: loss 3.9139, time 968.10ms, mfu 14.59%
iter 5840: loss 3.9423, time 972.20ms, mfu 14.61%
iter 5850: loss 3.8462, time 988.07ms, mfu 14.61%
iter 5860: loss 3.8985, time 994.99ms, mfu 14.59%
iter 5870: loss 3.9919, time 989.39ms, mfu 14.59%
iter 5880: loss 3.7652, time 991.42ms, mfu 14.58%
iter 5890: loss 3.9619, time 989.12ms, mfu 14.58%
iter 5900: loss 3.7922, time 996.61ms, mfu 14.56%
iter 5910: loss 3.7866, time 990.39ms, mfu 14.56%
iter 5920: loss 3.9549, time 995.31ms, mfu 14.55%
iter 5930: loss 3.8847, time 990.27ms, mfu 14.55%
iter 5940: loss 3.7698, time 991.33ms, mfu 14.54%
iter 5950: loss 3.7875, time 994.32ms, mfu 14.54%
iter 5960: loss 3.8927, time 1002.14ms, mfu 14.52%
iter 5970: loss 3.8387, time 980.38ms, mfu 14.53%
iter 5980: loss 3.9641, time 1001.04ms, mfu 14.52%
iter 5990: loss 3.8010, time 989.84ms, mfu 14.52%
step 6000: train loss 3.7667, val loss 3.7821
saving checkpoint to /net/scratch2/junyuren/nanoGPT-manifold/out-small-mlp-grass-r128
iter 6000: loss 3.8170, time 9061.38ms, mfu 13.23%
iter 6010: loss 3.8986, time 980.06ms, mfu 13.37%
iter 6020: loss 3.9530, time 994.46ms, mfu 13.48%
iter 6030: loss 3.8560, time 1054.10ms, mfu 13.50%
iter 6040: loss 3.8597, time 999.30ms, mfu 13.59%
iter 6050: loss 3.8516, time 995.20ms, mfu 13.67%
iter 6060: loss 3.8181, time 981.90ms, mfu 13.77%
iter 6070: loss 3.7899, time 999.31ms, mfu 13.84%
iter 6080: loss 3.8305, time 992.76ms, mfu 13.90%
iter 6090: loss 3.9499, time 984.90ms, mfu 13.97%
iter 6100: loss 3.8750, time 980.44ms, mfu 14.04%
iter 6110: loss 3.7283, time 992.30ms, mfu 14.09%
iter 6120: loss 3.9636, time 999.68ms, mfu 14.12%
iter 6130: loss 3.8487, time 995.68ms, mfu 14.15%
iter 6140: loss 4.0245, time 976.85ms, mfu 14.21%
iter 6150: loss 3.9052, time 988.63ms, mfu 14.24%
iter 6160: loss 3.7982, time 998.42ms, mfu 14.26%
iter 6170: loss 3.8309, time 991.56ms, mfu 14.29%
iter 6180: loss 3.9851, time 996.10ms, mfu 14.30%
iter 6190: loss 3.7908, time 987.88ms, mfu 14.33%
iter 6200: loss 3.9752, time 994.53ms, mfu 14.34%
iter 6210: loss 3.8388, time 985.59ms, mfu 14.37%
iter 6220: loss 3.9270, time 993.81ms, mfu 14.38%
iter 6230: loss 3.8605, time 985.91ms, mfu 14.40%
iter 6240: loss 3.8204, time 997.88ms, mfu 14.40%
iter 6250: loss 3.7835, time 990.74ms, mfu 14.41%
iter 6260: loss 3.9011, time 1000.75ms, mfu 14.41%
iter 6270: loss 3.8859, time 990.77ms, mfu 14.42%
iter 6280: loss 3.8327, time 997.76ms, mfu 14.42%
iter 6290: loss 3.9225, time 995.50ms, mfu 14.42%
iter 6300: loss 3.7525, time 1001.55ms, mfu 14.42%
iter 6310: loss 3.7468, time 998.66ms, mfu 14.42%
iter 6320: loss 3.8773, time 994.18ms, mfu 14.42%
iter 6330: loss 3.8298, time 1001.04ms, mfu 14.42%
iter 6340: loss 3.8476, time 989.76ms, mfu 14.43%
iter 6350: loss 3.8224, time 998.05ms, mfu 14.43%
iter 6360: loss 3.7567, time 1037.67ms, mfu 14.37%
iter 6370: loss 3.8024, time 1032.16ms, mfu 14.33%
iter 6380: loss 3.8749, time 995.14ms, mfu 14.34%
iter 6390: loss 3.8289, time 988.37ms, mfu 14.36%
iter 6400: loss 3.7868, time 984.06ms, mfu 14.39%
iter 6410: loss 3.8506, time 987.30ms, mfu 14.41%
iter 6420: loss 3.8529, time 985.98ms, mfu 14.43%
iter 6430: loss 3.9322, time 993.13ms, mfu 14.43%
iter 6440: loss 3.8156, time 1004.40ms, mfu 14.42%
iter 6450: loss 3.9631, time 992.47ms, mfu 14.43%
iter 6460: loss 3.9667, time 1001.68ms, mfu 14.42%
iter 6470: loss 3.8866, time 1002.41ms, mfu 14.42%
iter 6480: loss 3.8401, time 997.20ms, mfu 14.42%
iter 6490: loss 3.9244, time 991.57ms, mfu 14.43%
step 6500: train loss 3.7483, val loss 3.7633
saving checkpoint to /net/scratch2/junyuren/nanoGPT-manifold/out-small-mlp-grass-r128
iter 6500: loss 3.8156, time 9092.06ms, mfu 13.14%
iter 6510: loss 3.7781, time 980.45ms, mfu 13.29%
iter 6520: loss 3.7824, time 1002.09ms, mfu 13.40%
iter 6530: loss 3.9192, time 994.94ms, mfu 13.51%
iter 6540: loss 3.8773, time 993.78ms, mfu 13.60%
iter 6550: loss 3.7393, time 1004.17ms, mfu 13.68%
iter 6560: loss 3.8261, time 999.45ms, mfu 13.75%
iter 6570: loss 3.9288, time 996.93ms, mfu 13.82%
iter 6580: loss 3.8784, time 991.74ms, mfu 13.89%
iter 6590: loss 3.9082, time 999.69ms, mfu 13.94%
iter 6600: loss 3.7641, time 997.38ms, mfu 13.99%
iter 6610: loss 3.8734, time 998.13ms, mfu 14.03%
iter 6620: loss 3.8476, time 992.94ms, mfu 14.07%
iter 6630: loss 3.8716, time 982.40ms, mfu 14.13%
iter 6640: loss 3.8167, time 989.34ms, mfu 14.17%
iter 6650: loss 3.8955, time 996.67ms, mfu 14.20%
iter 6660: loss 3.8345, time 981.27ms, mfu 14.25%
iter 6670: loss 3.8495, time 993.96ms, mfu 14.27%
iter 6680: loss 3.8207, time 998.00ms, mfu 14.28%
iter 6690: loss 3.8462, time 987.74ms, mfu 14.31%
iter 6700: loss 3.8773, time 992.84ms, mfu 14.33%
iter 6710: loss 3.8372, time 1005.35ms, mfu 14.33%
iter 6720: loss 3.6898, time 988.09ms, mfu 14.35%
iter 6730: loss 3.9745, time 993.26ms, mfu 14.36%
iter 6740: loss 3.8956, time 998.97ms, mfu 14.37%
iter 6750: loss 3.7865, time 993.54ms, mfu 14.38%
iter 6760: loss 3.7920, time 998.86ms, mfu 14.38%
iter 6770: loss 3.8534, time 982.51ms, mfu 14.41%
iter 6780: loss 3.8320, time 1025.20ms, mfu 14.37%
iter 6790: loss 3.7888, time 999.10ms, mfu 14.37%
iter 6800: loss 3.9132, time 1006.68ms, mfu 14.37%
iter 6810: loss 3.8930, time 989.94ms, mfu 14.38%
iter 6820: loss 3.6814, time 995.51ms, mfu 14.39%
iter 6830: loss 3.8078, time 1004.99ms, mfu 14.38%
iter 6840: loss 3.7673, time 1003.14ms, mfu 14.38%
iter 6850: loss 3.8703, time 982.78ms, mfu 14.40%
iter 6860: loss 3.7763, time 998.94ms, mfu 14.40%
iter 6870: loss 3.8058, time 993.79ms, mfu 14.41%
iter 6880: loss 3.6710, time 1002.71ms, mfu 14.41%
iter 6890: loss 3.9343, time 998.21ms, mfu 14.41%
iter 6900: loss 3.7349, time 1001.64ms, mfu 14.40%
iter 6910: loss 3.8933, time 995.42ms, mfu 14.41%
iter 6920: loss 3.9050, time 1005.93ms, mfu 14.40%
iter 6930: loss 3.7806, time 1000.25ms, mfu 14.40%
iter 6940: loss 3.8061, time 993.23ms, mfu 14.40%
iter 6950: loss 3.8164, time 990.83ms, mfu 14.42%
iter 6960: loss 3.6625, time 994.22ms, mfu 14.42%
iter 6970: loss 3.8031, time 997.61ms, mfu 14.42%
iter 6980: loss 3.8386, time 1001.07ms, mfu 14.42%
iter 6990: loss 3.9089, time 1002.16ms, mfu 14.41%
step 7000: train loss 3.7320, val loss 3.7473
saving checkpoint to /net/scratch2/junyuren/nanoGPT-manifold/out-small-mlp-grass-r128
iter 7000: loss 3.9059, time 9088.41ms, mfu 13.13%
iter 7010: loss 3.7984, time 1003.06ms, mfu 13.25%
iter 7020: loss 3.8308, time 999.56ms, mfu 13.36%
iter 7030: loss 3.9312, time 999.82ms, mfu 13.47%
iter 7040: loss 3.8117, time 991.63ms, mfu 13.57%
iter 7050: loss 3.8100, time 993.04ms, mfu 13.66%
iter 7060: loss 3.7305, time 993.80ms, mfu 13.74%
iter 7070: loss 3.8107, time 1023.42ms, mfu 13.78%
iter 7080: loss 3.8575, time 989.43ms, mfu 13.85%
iter 7090: loss 3.8362, time 981.68ms, mfu 13.93%
iter 7100: loss 3.9148, time 991.86ms, mfu 13.99%
iter 7110: loss 3.7444, time 980.40ms, mfu 14.06%
iter 7120: loss 3.7967, time 1033.95ms, mfu 14.04%
iter 7130: loss 3.8688, time 988.87ms, mfu 14.09%
iter 7140: loss 3.7973, time 1000.76ms, mfu 14.12%
iter 7150: loss 3.6536, time 993.28ms, mfu 14.16%
iter 7160: loss 3.8258, time 995.97ms, mfu 14.19%
iter 7170: loss 3.7785, time 980.33ms, mfu 14.24%
iter 7180: loss 3.8711, time 982.33ms, mfu 14.28%
iter 7190: loss 3.7671, time 986.73ms, mfu 14.31%
iter 7200: loss 3.9236, time 1068.92ms, mfu 14.22%
iter 7210: loss 3.6973, time 1006.32ms, mfu 14.23%
iter 7220: loss 3.9156, time 994.82ms, mfu 14.25%
iter 7230: loss 3.8464, time 982.79ms, mfu 14.29%
iter 7240: loss 3.8821, time 994.59ms, mfu 14.31%
iter 7250: loss 3.8133, time 995.06ms, mfu 14.32%
iter 7260: loss 3.8303, time 1001.94ms, mfu 14.33%
iter 7270: loss 3.8438, time 1011.27ms, mfu 14.32%
iter 7280: loss 3.7229, time 988.89ms, mfu 14.34%
iter 7290: loss 3.9070, time 1011.64ms, mfu 14.33%
iter 7300: loss 3.7558, time 1000.92ms, mfu 14.33%
iter 7310: loss 3.8260, time 994.86ms, mfu 14.35%
iter 7320: loss 3.8838, time 976.44ms, mfu 14.39%
iter 7330: loss 3.7550, time 1004.49ms, mfu 14.38%
iter 7340: loss 3.8402, time 1003.41ms, mfu 14.38%
iter 7350: loss 3.8394, time 1005.27ms, mfu 14.37%
iter 7360: loss 3.9356, time 1015.87ms, mfu 14.35%
iter 7370: loss 3.8576, time 1001.35ms, mfu 14.35%
iter 7380: loss 3.9042, time 995.74ms, mfu 14.36%
iter 7390: loss 3.8751, time 989.98ms, mfu 14.38%
iter 7400: loss 3.8456, time 1011.17ms, mfu 14.36%
iter 7410: loss 3.9121, time 991.33ms, mfu 14.38%
iter 7420: loss 3.8385, time 1003.83ms, mfu 14.37%
iter 7430: loss 3.7044, time 994.47ms, mfu 14.38%
iter 7440: loss 3.9722, time 989.26ms, mfu 14.40%
iter 7450: loss 3.7442, time 1002.32ms, mfu 14.39%
iter 7460: loss 3.8544, time 999.26ms, mfu 14.39%
iter 7470: loss 4.0236, time 987.93ms, mfu 14.41%
iter 7480: loss 3.7867, time 991.87ms, mfu 14.42%
iter 7490: loss 3.9298, time 1006.32ms, mfu 14.41%
step 7500: train loss 3.7263, val loss 3.7264
saving checkpoint to /net/scratch2/junyuren/nanoGPT-manifold/out-small-mlp-grass-r128
iter 7500: loss 3.8034, time 9090.30ms, mfu 13.13%
iter 7510: loss 3.8188, time 1014.65ms, mfu 13.23%
iter 7520: loss 3.7034, time 990.09ms, mfu 13.36%
iter 7530: loss 3.8531, time 987.45ms, mfu 13.48%
iter 7540: loss 3.8389, time 991.56ms, mfu 13.59%
iter 7550: loss 3.8187, time 996.09ms, mfu 13.67%
iter 7560: loss 3.8734, time 982.54ms, mfu 13.77%
iter 7570: loss 3.9270, time 1009.79ms, mfu 13.82%
iter 7580: loss 4.0195, time 991.94ms, mfu 13.89%
iter 7590: loss 3.6544, time 995.53ms, mfu 13.94%
iter 7600: loss 3.9953, time 1004.00ms, mfu 13.98%
iter 7610: loss 3.9087, time 995.66ms, mfu 14.03%
iter 7620: loss 3.9033, time 989.14ms, mfu 14.08%
iter 7630: loss 3.8961, time 999.26ms, mfu 14.11%
iter 7640: loss 3.8263, time 996.13ms, mfu 14.14%
iter 7650: loss 3.7796, time 998.03ms, mfu 14.17%
iter 7660: loss 3.6485, time 1018.09ms, mfu 14.17%
iter 7670: loss 3.8602, time 1013.91ms, mfu 14.17%
iter 7680: loss 3.9628, time 1003.11ms, mfu 14.19%
iter 7690: loss 3.8805, time 1001.94ms, mfu 14.20%
iter 7700: loss 3.9164, time 1002.55ms, mfu 14.22%
iter 7710: loss 3.8630, time 996.97ms, mfu 14.24%
iter 7720: loss 3.9209, time 996.32ms, mfu 14.26%
iter 7730: loss 3.9344, time 997.20ms, mfu 14.28%
iter 7740: loss 3.7703, time 1015.11ms, mfu 14.27%
iter 7750: loss 3.5813, time 1000.29ms, mfu 14.28%
iter 7760: loss 3.8733, time 994.99ms, mfu 14.30%
iter 7770: loss 3.9297, time 1003.98ms, mfu 14.30%
iter 7780: loss 3.9355, time 990.44ms, mfu 14.32%
iter 7790: loss 3.7710, time 1006.71ms, mfu 14.32%
iter 7800: loss 3.7853, time 998.41ms, mfu 14.33%
iter 7810: loss 3.7794, time 1006.46ms, mfu 14.33%
iter 7820: loss 3.7731, time 991.27ms, mfu 14.34%
iter 7830: loss 3.6857, time 999.41ms, mfu 14.35%
iter 7840: loss 3.8808, time 1000.18ms, mfu 14.35%
iter 7850: loss 3.7875, time 988.06ms, mfu 14.37%
iter 7860: loss 3.8916, time 1001.37ms, mfu 14.37%
iter 7870: loss 3.8728, time 1005.27ms, mfu 14.37%
iter 7880: loss 3.7748, time 992.51ms, mfu 14.38%
iter 7890: loss 3.7016, time 1013.18ms, mfu 14.36%
iter 7900: loss 3.8651, time 1000.46ms, mfu 14.36%
iter 7910: loss 3.7893, time 1048.64ms, mfu 14.30%
iter 7920: loss 3.7929, time 1004.49ms, mfu 14.30%
iter 7930: loss 3.9503, time 1003.52ms, mfu 14.31%
iter 7940: loss 3.8129, time 1006.60ms, mfu 14.30%
iter 7950: loss 3.7896, time 997.84ms, mfu 14.32%
iter 7960: loss 3.9048, time 1002.76ms, mfu 14.32%
iter 7970: loss 3.7923, time 990.20ms, mfu 14.34%
iter 7980: loss 3.7900, time 992.31ms, mfu 14.36%
iter 7990: loss 3.8948, time 994.77ms, mfu 14.37%
step 8000: train loss 3.7030, val loss 3.7103
saving checkpoint to /net/scratch2/junyuren/nanoGPT-manifold/out-small-mlp-grass-r128
iter 8000: loss 3.8182, time 8973.86ms, mfu 13.09%
iter 8010: loss 3.8696, time 1005.48ms, mfu 13.21%
iter 8020: loss 3.8131, time 1003.82ms, mfu 13.32%
iter 8030: loss 3.7949, time 996.23ms, mfu 13.44%
iter 8040: loss 3.8460, time 1003.38ms, mfu 13.53%
iter 8050: loss 3.7639, time 980.64ms, mfu 13.64%
iter 8060: loss 3.6640, time 998.63ms, mfu 13.72%
iter 8070: loss 3.7748, time 993.64ms, mfu 13.79%
iter 8080: loss 3.6078, time 1013.06ms, mfu 13.83%
iter 8090: loss 3.8360, time 951.22ms, mfu 13.96%
iter 8100: loss 3.8404, time 1007.14ms, mfu 14.00%
iter 8110: loss 3.8948, time 998.33ms, mfu 14.04%
iter 8120: loss 3.9461, time 1007.65ms, mfu 14.06%
iter 8130: loss 3.8173, time 991.56ms, mfu 14.11%
iter 8140: loss 3.7694, time 984.07ms, mfu 14.16%
iter 8150: loss 3.8613, time 1009.06ms, mfu 14.17%
iter 8160: loss 3.7927, time 1005.12ms, mfu 14.18%
iter 8170: loss 3.8192, time 1009.55ms, mfu 14.19%
iter 8180: loss 3.8331, time 992.83ms, mfu 14.22%
iter 8190: loss 3.7957, time 990.41ms, mfu 14.25%
iter 8200: loss 3.8505, time 1009.69ms, mfu 14.25%
iter 8210: loss 3.8305, time 994.97ms, mfu 14.27%
iter 8220: loss 3.6719, time 994.74ms, mfu 14.29%
iter 8230: loss 3.8146, time 991.62ms, mfu 14.31%
iter 8240: loss 3.8287, time 1009.76ms, mfu 14.31%
iter 8250: loss 3.8075, time 999.49ms, mfu 14.31%
iter 8260: loss 3.7769, time 991.08ms, mfu 14.34%
iter 8270: loss 3.8375, time 1012.74ms, mfu 14.32%
iter 8280: loss 3.9276, time 991.68ms, mfu 14.34%
iter 8290: loss 3.7825, time 998.66ms, mfu 14.35%
iter 8300: loss 3.7993, time 1010.83ms, mfu 14.34%
iter 8310: loss 3.8575, time 1008.58ms, mfu 14.33%
iter 8320: loss 3.8234, time 1010.99ms, mfu 14.32%
iter 8330: loss 3.8898, time 1010.09ms, mfu 14.31%
iter 8340: loss 3.7675, time 1022.80ms, mfu 14.29%
iter 8350: loss 3.7912, time 1011.46ms, mfu 14.28%
iter 8360: loss 3.7631, time 1007.47ms, mfu 14.28%
iter 8370: loss 3.7984, time 987.68ms, mfu 14.31%
iter 8380: loss 3.7784, time 1003.76ms, mfu 14.31%
iter 8390: loss 3.8067, time 1002.30ms, mfu 14.32%
iter 8400: loss 3.7928, time 1008.31ms, mfu 14.31%
iter 8410: loss 3.8167, time 1008.24ms, mfu 14.31%
iter 8420: loss 3.8061, time 1000.69ms, mfu 14.31%
iter 8430: loss 3.7862, time 1017.40ms, mfu 14.30%
iter 8440: loss 3.8548, time 1000.63ms, mfu 14.31%
iter 8450: loss 3.7627, time 1010.77ms, mfu 14.30%
iter 8460: loss 3.7677, time 1000.90ms, mfu 14.31%
iter 8470: loss 3.8657, time 991.32ms, mfu 14.33%
iter 8480: loss 3.8877, time 1002.05ms, mfu 14.33%
iter 8490: loss 3.7945, time 1002.37ms, mfu 14.33%
step 8500: train loss 3.7012, val loss 3.7121
saving checkpoint to /net/scratch2/junyuren/nanoGPT-manifold/out-small-mlp-grass-r128
iter 8500: loss 3.7814, time 9692.57ms, mfu 13.05%
iter 8510: loss 3.8273, time 996.92ms, mfu 13.19%
iter 8520: loss 3.8881, time 998.12ms, mfu 13.31%
iter 8530: loss 3.8458, time 989.50ms, mfu 13.43%
iter 8540: loss 3.8178, time 1018.41ms, mfu 13.50%
iter 8550: loss 3.8709, time 994.47ms, mfu 13.60%
iter 8560: loss 3.8246, time 1002.38ms, mfu 13.67%
iter 8570: loss 3.8501, time 1012.70ms, mfu 13.73%
iter 8580: loss 3.8401, time 1006.42ms, mfu 13.78%
iter 8590: loss 3.8428, time 1010.69ms, mfu 13.83%
iter 8600: loss 3.6447, time 988.52ms, mfu 13.90%
iter 8610: loss 3.7303, time 996.27ms, mfu 13.96%
iter 8620: loss 3.7613, time 997.15ms, mfu 14.00%
iter 8630: loss 3.8225, time 1010.44ms, mfu 14.03%
iter 8640: loss 3.7978, time 1000.03ms, mfu 14.06%
iter 8650: loss 3.8643, time 1001.08ms, mfu 14.09%
iter 8660: loss 3.9134, time 997.01ms, mfu 14.13%
iter 8670: loss 3.8673, time 1008.29ms, mfu 14.14%
iter 8680: loss 3.7322, time 1000.76ms, mfu 14.16%
iter 8690: loss 3.8775, time 1017.80ms, mfu 14.16%
iter 8700: loss 3.9431, time 1001.73ms, mfu 14.18%
iter 8710: loss 3.8559, time 1014.52ms, mfu 14.18%
iter 8720: loss 3.8575, time 1002.69ms, mfu 14.20%
iter 8730: loss 3.8170, time 1010.20ms, mfu 14.20%
iter 8740: loss 3.8445, time 1010.35ms, mfu 14.21%
iter 8750: loss 3.7326, time 1012.69ms, mfu 14.21%
iter 8760: loss 3.8531, time 1016.30ms, mfu 14.20%
iter 8770: loss 3.7567, time 1014.87ms, mfu 14.20%
iter 8780: loss 3.7579, time 1015.00ms, mfu 14.20%
iter 8790: loss 3.7850, time 1007.73ms, mfu 14.20%
iter 8800: loss 3.8799, time 1016.06ms, mfu 14.20%
iter 8810: loss 3.7898, time 1052.55ms, mfu 14.15%
iter 8820: loss 3.8508, time 984.95ms, mfu 14.19%
iter 8830: loss 3.9245, time 1004.27ms, mfu 14.21%
iter 8840: loss 3.7237, time 995.84ms, mfu 14.23%
iter 8850: loss 3.7811, time 989.94ms, mfu 14.26%
iter 8860: loss 3.8309, time 990.64ms, mfu 14.29%
iter 8870: loss 3.8648, time 1011.65ms, mfu 14.28%
iter 8880: loss 3.7078, time 1007.47ms, mfu 14.28%
iter 8890: loss 3.7138, time 1001.51ms, mfu 14.29%
iter 8900: loss 3.8745, time 1013.94ms, mfu 14.28%
iter 8910: loss 3.7532, time 1008.62ms, mfu 14.28%
iter 8920: loss 3.8095, time 1002.53ms, mfu 14.29%
iter 8930: loss 3.8658, time 999.27ms, mfu 14.30%
iter 8940: loss 3.8271, time 1009.59ms, mfu 14.29%
iter 8950: loss 3.6371, time 990.05ms, mfu 14.32%
iter 8960: loss 3.8156, time 989.05ms, mfu 14.34%
iter 8970: loss 3.8470, time 987.30ms, mfu 14.36%
iter 8980: loss 3.6143, time 1002.99ms, mfu 14.36%
iter 8990: loss 3.7902, time 987.72ms, mfu 14.38%
step 9000: train loss 3.6922, val loss 3.6994
saving checkpoint to /net/scratch2/junyuren/nanoGPT-manifold/out-small-mlp-grass-r128
iter 9000: loss 3.8409, time 9293.11ms, mfu 13.10%
iter 9010: loss 3.8337, time 1002.32ms, mfu 13.22%
iter 9020: loss 3.8021, time 1002.74ms, mfu 13.34%
iter 9030: loss 3.7288, time 1008.73ms, mfu 13.43%
iter 9040: loss 3.6699, time 1011.03ms, mfu 13.51%
iter 9050: loss 3.8532, time 987.81ms, mfu 13.61%
iter 9060: loss 3.8613, time 1020.58ms, mfu 13.66%
iter 9070: loss 3.7713, time 1034.19ms, mfu 13.69%
iter 9080: loss 3.8336, time 1011.75ms, mfu 13.74%
iter 9090: loss 3.8881, time 1018.69ms, mfu 13.78%
iter 9100: loss 3.8654, time 1003.52ms, mfu 13.84%
iter 9110: loss 3.9094, time 979.49ms, mfu 13.92%
iter 9120: loss 3.7884, time 1000.54ms, mfu 13.97%
iter 9130: loss 3.9164, time 993.30ms, mfu 14.02%
iter 9140: loss 3.8539, time 1008.73ms, mfu 14.04%
iter 9150: loss 3.8947, time 1003.58ms, mfu 14.07%
iter 9160: loss 3.8115, time 1006.90ms, mfu 14.09%
iter 9170: loss 3.8677, time 1006.74ms, mfu 14.11%
iter 9180: loss 3.7467, time 1002.08ms, mfu 14.14%
iter 9190: loss 3.6638, time 1013.44ms, mfu 14.14%
iter 9200: loss 3.6088, time 990.43ms, mfu 14.18%
iter 9210: loss 3.7989, time 999.18ms, mfu 14.20%
iter 9220: loss 3.7147, time 1012.59ms, mfu 14.20%
iter 9230: loss 3.7705, time 1012.96ms, mfu 14.20%
iter 9240: loss 3.7461, time 1016.97ms, mfu 14.20%
iter 9250: loss 3.8324, time 1003.36ms, mfu 14.21%
iter 9260: loss 3.8131, time 1009.50ms, mfu 14.22%
iter 9270: loss 3.7401, time 1013.06ms, mfu 14.22%
iter 9280: loss 3.7936, time 997.54ms, mfu 14.24%
iter 9290: loss 3.7660, time 1007.93ms, mfu 14.24%
iter 9300: loss 3.8368, time 1006.38ms, mfu 14.25%
iter 9310: loss 3.8596, time 1053.22ms, mfu 14.19%
iter 9320: loss 3.7490, time 1003.45ms, mfu 14.20%
iter 9330: loss 3.6633, time 1010.90ms, mfu 14.21%
iter 9340: loss 3.7124, time 1015.72ms, mfu 14.20%
iter 9350: loss 3.8684, time 1007.73ms, mfu 14.21%
iter 9360: loss 3.7441, time 1006.63ms, mfu 14.22%
iter 9370: loss 3.8966, time 1005.86ms, mfu 14.23%
iter 9380: loss 3.8311, time 995.45ms, mfu 14.25%
iter 9390: loss 3.7058, time 1007.01ms, mfu 14.25%
iter 9400: loss 3.8579, time 997.76ms, mfu 14.27%
iter 9410: loss 3.7414, time 1095.37ms, mfu 14.16%
iter 9420: loss 3.7656, time 1015.71ms, mfu 14.16%
iter 9430: loss 3.8382, time 1008.03ms, mfu 14.17%
iter 9440: loss 3.7636, time 999.65ms, mfu 14.19%
iter 9450: loss 3.8030, time 1015.21ms, mfu 14.19%
iter 9460: loss 3.7396, time 1014.01ms, mfu 14.19%
iter 9470: loss 3.8014, time 1003.09ms, mfu 14.20%
iter 9480: loss 3.9091, time 1014.79ms, mfu 14.20%
iter 9490: loss 3.8115, time 1014.75ms, mfu 14.20%
step 9500: train loss 3.6852, val loss 3.6952
saving checkpoint to /net/scratch2/junyuren/nanoGPT-manifold/out-small-mlp-grass-r128
iter 9500: loss 3.8559, time 9164.88ms, mfu 12.94%
iter 9510: loss 3.9180, time 1005.12ms, mfu 13.07%
iter 9520: loss 3.8247, time 1008.57ms, mfu 13.19%
iter 9530: loss 3.7065, time 1024.29ms, mfu 13.28%
iter 9540: loss 3.8886, time 997.87ms, mfu 13.39%
iter 9550: loss 3.7720, time 1018.91ms, mfu 13.47%
iter 9560: loss 3.9977, time 999.71ms, mfu 13.56%
iter 9570: loss 3.7719, time 1007.49ms, mfu 13.63%
iter 9580: loss 3.8610, time 1010.20ms, mfu 13.69%
iter 9590: loss 3.8683, time 1001.99ms, mfu 13.76%
iter 9600: loss 3.7022, time 1003.47ms, mfu 13.82%
iter 9610: loss 3.8650, time 986.22ms, mfu 13.89%
iter 9620: loss 3.8285, time 1000.33ms, mfu 13.94%
iter 9630: loss 3.8393, time 1021.77ms, mfu 13.96%
iter 9640: loss 3.8259, time 1008.99ms, mfu 13.99%
iter 9650: loss 3.7271, time 1002.69ms, mfu 14.02%
iter 9660: loss 3.7646, time 1003.15ms, mfu 14.05%
iter 9670: loss 3.7779, time 1015.62ms, mfu 14.07%
iter 9680: loss 3.8490, time 998.06ms, mfu 14.10%
iter 9690: loss 3.8103, time 1021.76ms, mfu 14.10%
iter 9700: loss 3.7720, time 1009.65ms, mfu 14.11%
iter 9710: loss 3.8171, time 1005.17ms, mfu 14.13%
iter 9720: loss 3.7090, time 1002.13ms, mfu 14.16%
iter 9730: loss 3.7710, time 1007.06ms, mfu 14.17%
iter 9740: loss 3.8256, time 1010.44ms, mfu 14.18%
iter 9750: loss 3.8732, time 1003.56ms, mfu 14.19%
iter 9760: loss 3.8820, time 1011.01ms, mfu 14.20%
iter 9770: loss 3.8553, time 1001.96ms, mfu 14.21%
iter 9780: loss 3.9556, time 1018.84ms, mfu 14.20%
iter 9790: loss 3.6976, time 1011.85ms, mfu 14.20%
iter 9800: loss 3.9167, time 1008.90ms, mfu 14.21%
iter 9810: loss 3.9111, time 992.95ms, mfu 14.24%
iter 9820: loss 3.8842, time 1009.83ms, mfu 14.24%
iter 9830: loss 3.7776, time 997.33ms, mfu 14.26%
iter 9840: loss 3.8515, time 1003.10ms, mfu 14.27%
iter 9850: loss 3.8353, time 1000.75ms, mfu 14.28%
iter 9860: loss 3.8171, time 1012.80ms, mfu 14.27%
iter 9870: loss 3.7797, time 1004.06ms, mfu 14.28%
iter 9880: loss 3.7783, time 999.48ms, mfu 14.29%
iter 9890: loss 3.8762, time 1007.48ms, mfu 14.29%
iter 9900: loss 3.6957, time 1001.28ms, mfu 14.30%
iter 9910: loss 3.8159, time 1013.11ms, mfu 14.29%
iter 9920: loss 3.8343, time 1003.11ms, mfu 14.29%
iter 9930: loss 3.7334, time 1018.03ms, mfu 14.28%
iter 9940: loss 3.7454, time 1009.92ms, mfu 14.27%
iter 9950: loss 3.7481, time 1015.11ms, mfu 14.26%
iter 9960: loss 3.7789, time 1005.07ms, mfu 14.27%
iter 9970: loss 3.7141, time 1017.86ms, mfu 14.25%
iter 9980: loss 3.7708, time 1021.17ms, mfu 14.24%
iter 9990: loss 3.7308, time 1005.36ms, mfu 14.25%
step 10000: train loss 3.6717, val loss 3.6990
saving checkpoint to /net/scratch2/junyuren/nanoGPT-manifold/out-small-mlp-grass-r128
iter 10000: loss 3.7778, time 9653.79ms, mfu 12.97%
