W0111 15:09:14.237000 1354378 torch/distributed/run.py:793] 
W0111 15:09:14.237000 1354378 torch/distributed/run.py:793] *****************************************
W0111 15:09:14.237000 1354378 torch/distributed/run.py:793] Setting OMP_NUM_THREADS environment variable for each process to be 1 in default, to avoid your system being overloaded, please further tune the variable for optimal performance in your application as needed. 
W0111 15:09:14.237000 1354378 torch/distributed/run.py:793] *****************************************
/home/junyuren/nanoGPT/train.py:223: FutureWarning: `torch.cuda.amp.GradScaler(args...)` is deprecated. Please use `torch.amp.GradScaler('cuda', args...)` instead.
  scaler = torch.cuda.amp.GradScaler(enabled=(dtype == 'float16'))
/home/junyuren/nanoGPT/train.py:223: FutureWarning: `torch.cuda.amp.GradScaler(args...)` is deprecated. Please use `torch.amp.GradScaler('cuda', args...)` instead.
  scaler = torch.cuda.amp.GradScaler(enabled=(dtype == 'float16'))
/home/junyuren/nanoGPT/train.py:223: FutureWarning: `torch.cuda.amp.GradScaler(args...)` is deprecated. Please use `torch.amp.GradScaler('cuda', args...)` instead.
  scaler = torch.cuda.amp.GradScaler(enabled=(dtype == 'float16'))
/home/junyuren/nanoGPT/train.py:223: FutureWarning: `torch.cuda.amp.GradScaler(args...)` is deprecated. Please use `torch.amp.GradScaler('cuda', args...)` instead.
  scaler = torch.cuda.amp.GradScaler(enabled=(dtype == 'float16'))
[E111 15:41:54.561791027 ProcessGroupNCCL.cpp:542] [Rank 3] Collective WorkNCCL(SeqNum=40004, OpType=ALLREDUCE, NumelIn=7342592, NumelOut=7342592, Timeout(ms)=600000) raised the following async exception: NCCL error: unhandled system error (run with NCCL_DEBUG=INFO for details), NCCL version 2.21.5
ncclSystemError: System call (e.g. socket, malloc) or external library call failed or device error. 
Last error:

Exception raised from checkForNCCLErrorsInternal at ../torch/csrc/distributed/c10d/ProcessGroupNCCL.cpp:2027 (most recent call first):
frame #0: c10::Error::Error(c10::SourceLocation, std::string) + 0x96 (0x7f883e6b9446 in /home/junyuren/.conda/envs/manifold_muon/lib/python3.12/site-packages/torch/lib/libc10.so)
frame #1: c10d::ProcessGroupNCCL::checkForNCCLErrorsInternal(std::shared_ptr<c10d::NCCLComm>&) + 0x220 (0x7f87f3fc82a0 in /home/junyuren/.conda/envs/manifold_muon/lib/python3.12/site-packages/torch/lib/libtorch_cuda.so)
frame #2: c10d::ProcessGroupNCCL::WorkNCCL::checkAndSetException() + 0x7c (0x7f87f3fc84ec in /home/junyuren/.conda/envs/manifold_muon/lib/python3.12/site-packages/torch/lib/libtorch_cuda.so)
frame #3: c10d::ProcessGroupNCCL::WorkNCCL::isCompleted() + 0x90 (0x7f87f3fc8700 in /home/junyuren/.conda/envs/manifold_muon/lib/python3.12/site-packages/torch/lib/libtorch_cuda.so)
frame #4: c10d::ProcessGroupNCCL::watchdogHandler() + 0x1da (0x7f87f3fcfe7a in /home/junyuren/.conda/envs/manifold_muon/lib/python3.12/site-packages/torch/lib/libtorch_cuda.so)
frame #5: c10d::ProcessGroupNCCL::ncclCommWatchdog() + 0x14d (0x7f87f3fd193d in /home/junyuren/.conda/envs/manifold_muon/lib/python3.12/site-packages/torch/lib/libtorch_cuda.so)
frame #6: <unknown function> + 0x145c0 (0x7f883eaee5c0 in /home/junyuren/.conda/envs/manifold_muon/lib/python3.12/site-packages/torch/lib/libtorch.so)
frame #7: <unknown function> + 0x94ac3 (0x7f88443d8ac3 in /lib/x86_64-linux-gnu/libc.so.6)
frame #8: <unknown function> + 0x126850 (0x7f884446a850 in /lib/x86_64-linux-gnu/libc.so.6)

