Overriding config with config/train_gpt2_small_baseline.py:
# Small-scale GPT: Pure AdamW Baseline
# Control experiment for Grassmann comparison
# ~50M params, 6 layers, d=512

# Architecture (small-scale)
n_layer = 6
n_head = 8
n_embd = 512
block_size = 1024
dropout = 0.1
bias = False

# Pure AdamW (no Grassmann, no gating)
use_grassmann = False

# Training hyperparameters
learning_rate = 6e-4
max_iters = 10000  # ~15B tokens, enough for convergence signal
warmup_iters = 1000
lr_decay_iters = 10000
min_lr = 6e-5

# Batch configuration (same as Grassmann for fair comparison)
batch_size = 32
gradient_accumulation_steps = 12

# Regularization
weight_decay = 1e-1

# Optimizer
beta1 = 0.9
beta2 = 0.95
grad_clip = 1.0

# Evaluation
eval_interval = 500
eval_iters = 200
log_interval = 10

# Dataset
dataset = 'openwebtext'
data_dir = '/net/scratch2/junyuren/nanoGPT-manifold/data/openwebtext'
always_save_checkpoint = True

# Output directory
out_dir = '/net/scratch2/junyuren/nanoGPT-manifold/out-small-baseline'

# Compile
compile = True

# System
dtype = 'bfloat16'
device = 'cuda'

tokens per iteration will be: 393,216
Overriding config with config/train_gpt2_small_baseline.py:
# Small-scale GPT: Pure AdamW Baseline
# Control experiment for Grassmann comparison
# ~50M params, 6 layers, d=512

# Architecture (small-scale)
n_layer = 6
n_head = 8
n_embd = 512
block_size = 1024
dropout = 0.1
bias = False

# Pure AdamW (no Grassmann, no gating)
use_grassmann = False

# Training hyperparameters
learning_rate = 6e-4
max_iters = 10000  # ~15B tokens, enough for convergence signal
warmup_iters = 1000
lr_decay_iters = 10000
min_lr = 6e-5

# Batch configuration (same as Grassmann for fair comparison)
batch_size = 32
gradient_accumulation_steps = 12

# Regularization
weight_decay = 1e-1

# Optimizer
beta1 = 0.9
beta2 = 0.95
grad_clip = 1.0

# Evaluation
eval_interval = 500
eval_iters = 200
log_interval = 10

# Dataset
dataset = 'openwebtext'
data_dir = '/net/scratch2/junyuren/nanoGPT-manifold/data/openwebtext'
always_save_checkpoint = True

# Output directory
out_dir = '/net/scratch2/junyuren/nanoGPT-manifold/out-small-baseline'

# Compile
compile = True

# System
dtype = 'bfloat16'
device = 'cuda'

Initializing a new model from scratch
defaulting to vocab_size of GPT-2 to 50304 (50257 rounded up for efficiency)
Overriding config with config/train_gpt2_small_baseline.py:
# Small-scale GPT: Pure AdamW Baseline
# Control experiment for Grassmann comparison
# ~50M params, 6 layers, d=512

# Architecture (small-scale)
n_layer = 6
n_head = 8
n_embd = 512
block_size = 1024
dropout = 0.1
bias = False

# Pure AdamW (no Grassmann, no gating)
use_grassmann = False

# Training hyperparameters
learning_rate = 6e-4
max_iters = 10000  # ~15B tokens, enough for convergence signal
warmup_iters = 1000
lr_decay_iters = 10000
min_lr = 6e-5

# Batch configuration (same as Grassmann for fair comparison)
batch_size = 32
gradient_accumulation_steps = 12

# Regularization
weight_decay = 1e-1

# Optimizer
beta1 = 0.9
beta2 = 0.95
grad_clip = 1.0

# Evaluation
eval_interval = 500
eval_iters = 200
log_interval = 10

# Dataset
dataset = 'openwebtext'
data_dir = '/net/scratch2/junyuren/nanoGPT-manifold/data/openwebtext'
always_save_checkpoint = True

# Output directory
out_dir = '/net/scratch2/junyuren/nanoGPT-manifold/out-small-baseline'

# Compile
compile = True

# System
dtype = 'bfloat16'
device = 'cuda'

Overriding config with config/train_gpt2_small_baseline.py:
# Small-scale GPT: Pure AdamW Baseline
# Control experiment for Grassmann comparison
# ~50M params, 6 layers, d=512

# Architecture (small-scale)
n_layer = 6
n_head = 8
n_embd = 512
block_size = 1024
dropout = 0.1
bias = False

# Pure AdamW (no Grassmann, no gating)
use_grassmann = False

# Training hyperparameters
learning_rate = 6e-4
max_iters = 10000  # ~15B tokens, enough for convergence signal
warmup_iters = 1000
lr_decay_iters = 10000
min_lr = 6e-5

# Batch configuration (same as Grassmann for fair comparison)
batch_size = 32
gradient_accumulation_steps = 12

# Regularization
weight_decay = 1e-1

# Optimizer
beta1 = 0.9
beta2 = 0.95
grad_clip = 1.0

# Evaluation
eval_interval = 500
eval_iters = 200
log_interval = 10

# Dataset
dataset = 'openwebtext'
data_dir = '/net/scratch2/junyuren/nanoGPT-manifold/data/openwebtext'
always_save_checkpoint = True

# Output directory
out_dir = '/net/scratch2/junyuren/nanoGPT-manifold/out-small-baseline'

# Compile
compile = True

# System
dtype = 'bfloat16'
device = 'cuda'

tokens per iteration will be: 393,216
Initializing a new model from scratch
defaulting to vocab_size of GPT-2 to 50304 (50257 rounded up for efficiency)
tokens per iteration will be: 393,216
tokens per iteration will be: 393,216
Initializing a new model from scratch
defaulting to vocab_size of GPT-2 to 50304 (50257 rounded up for efficiency)
Initializing a new model from scratch
defaulting to vocab_size of GPT-2 to 50304 (50257 rounded up for efficiency)
number of parameters: 44.64M
num decayed parameter tensors: 26, with 45,154,304 parameters
num non-decayed parameter tensors: 13, with 6,656 parameters
number of parameters: 44.64M
num decayed parameter tensors: 26, with 45,154,304 parameters
num non-decayed parameter tensors: 13, with 6,656 parameters
number of parameters: 44.64M
number of parameters: 44.64M
num decayed parameter tensors: 26, with 45,154,304 parameters
num non-decayed parameter tensors: 13, with 6,656 parameters
num decayed parameter tensors: 26, with 45,154,304 parameters
num non-decayed parameter tensors: 13, with 6,656 parameters
using fused AdamW: True
compiling the model... (takes a ~minute)
using fused AdamW: True
compiling the model... (takes a ~minute)
using fused AdamW: True
compiling the model... (takes a ~minute)
using fused AdamW: True
compiling the model... (takes a ~minute)
step 0: train loss 10.9068, val loss 10.9062
iter 0: loss 10.9047, time 15328.20ms, mfu -100.00%
iter 10: loss 10.5591, time 136.58ms, mfu 70.49%
iter 20: loss 10.1381, time 136.28ms, mfu 70.51%
iter 30: loss 9.8858, time 136.26ms, mfu 70.52%
iter 40: loss 9.7070, time 135.87ms, mfu 70.56%
iter 50: loss 9.4497, time 136.68ms, mfu 70.54%
iter 60: loss 9.1174, time 136.63ms, mfu 70.54%
iter 70: loss 9.0185, time 137.21ms, mfu 70.50%
iter 80: loss 8.7232, time 135.49ms, mfu 70.56%
iter 90: loss 8.5060, time 136.19ms, mfu 70.57%
iter 100: loss 8.1004, time 136.15ms, mfu 70.58%
iter 110: loss 7.9569, time 136.06ms, mfu 70.60%
iter 120: loss 7.7464, time 135.85ms, mfu 70.63%
iter 130: loss 7.3585, time 136.98ms, mfu 70.59%
iter 140: loss 7.2179, time 136.82ms, mfu 70.57%
iter 150: loss 7.2343, time 137.00ms, mfu 70.54%
iter 160: loss 6.9790, time 135.75ms, mfu 70.58%
iter 170: loss 6.8037, time 136.67ms, mfu 70.57%
iter 180: loss 6.7868, time 136.79ms, mfu 70.55%
iter 190: loss 6.7165, time 137.00ms, mfu 70.52%
iter 200: loss 6.5994, time 137.12ms, mfu 70.49%
iter 210: loss 6.6388, time 136.95ms, mfu 70.47%
iter 220: loss 6.4937, time 136.73ms, mfu 70.47%
iter 230: loss 6.4728, time 137.54ms, mfu 70.42%
iter 240: loss 6.4092, time 136.95ms, mfu 70.41%
iter 250: loss 6.3231, time 137.50ms, mfu 70.37%
iter 260: loss 6.2095, time 137.48ms, mfu 70.33%
iter 270: loss 6.1916, time 137.53ms, mfu 70.30%
iter 280: loss 6.0898, time 138.35ms, mfu 70.23%
iter 290: loss 6.4207, time 137.82ms, mfu 70.19%
iter 300: loss 6.1220, time 136.40ms, mfu 70.23%
iter 310: loss 6.1243, time 137.01ms, mfu 70.24%
iter 320: loss 6.0868, time 137.67ms, mfu 70.21%
iter 330: loss 5.9802, time 138.29ms, mfu 70.15%
iter 340: loss 5.9687, time 139.38ms, mfu 70.04%
iter 350: loss 6.0087, time 139.36ms, mfu 69.94%
iter 360: loss 5.9282, time 139.00ms, mfu 69.88%
iter 370: loss 6.0403, time 137.54ms, mfu 69.89%
iter 380: loss 5.9975, time 138.91ms, mfu 69.83%
iter 390: loss 5.7559, time 137.28ms, mfu 69.86%
iter 400: loss 5.8967, time 138.01ms, mfu 69.85%
iter 410: loss 5.8145, time 139.58ms, mfu 69.76%
iter 420: loss 5.9305, time 138.41ms, mfu 69.74%
iter 430: loss 5.6485, time 137.80ms, mfu 69.76%
iter 440: loss 5.9083, time 138.56ms, mfu 69.73%
iter 450: loss 5.7766, time 138.65ms, mfu 69.70%
iter 460: loss 5.8254, time 138.28ms, mfu 69.69%
iter 470: loss 5.7758, time 138.33ms, mfu 69.68%
iter 480: loss 5.6689, time 141.38ms, mfu 69.52%
iter 490: loss 5.6761, time 137.21ms, mfu 69.59%
step 500: train loss 5.5868, val loss 5.5968
saving checkpoint to /net/scratch2/junyuren/nanoGPT-manifold/out-small-baseline
iter 500: loss 5.7505, time 7152.39ms, mfu 62.76%
iter 510: loss 5.6296, time 136.98ms, mfu 63.52%
iter 520: loss 5.5079, time 137.09ms, mfu 64.19%
iter 530: loss 5.6684, time 137.25ms, mfu 64.78%
iter 540: loss 5.5231, time 137.66ms, mfu 65.30%
iter 550: loss 5.5160, time 136.21ms, mfu 65.84%
iter 560: loss 5.4718, time 137.70ms, mfu 66.25%
iter 570: loss 5.4815, time 138.83ms, mfu 66.56%
iter 580: loss 5.4187, time 137.14ms, mfu 66.92%
iter 590: loss 5.4750, time 137.44ms, mfu 67.23%
iter 600: loss 5.3177, time 136.65ms, mfu 67.56%
iter 610: loss 5.3897, time 136.68ms, mfu 67.84%
iter 620: loss 5.4085, time 137.59ms, mfu 68.06%
iter 630: loss 5.3471, time 138.09ms, mfu 68.22%
iter 640: loss 5.3121, time 139.14ms, mfu 68.32%
iter 650: loss 5.3595, time 139.61ms, mfu 68.38%
iter 660: loss 5.3808, time 138.12ms, mfu 68.52%
iter 670: loss 5.3189, time 138.54ms, mfu 68.61%
iter 680: loss 5.2432, time 139.78ms, mfu 68.64%
iter 690: loss 5.2479, time 137.71ms, mfu 68.77%
iter 700: loss 5.3184, time 139.92ms, mfu 68.77%
iter 710: loss 5.2289, time 139.90ms, mfu 68.78%
iter 720: loss 5.2950, time 138.33ms, mfu 68.86%
iter 730: loss 5.2590, time 138.22ms, mfu 68.94%
iter 740: loss 5.2531, time 138.65ms, mfu 68.99%
iter 750: loss 5.0042, time 140.43ms, mfu 68.95%
iter 760: loss 5.1239, time 139.41ms, mfu 68.96%
iter 770: loss 4.9286, time 139.52ms, mfu 68.96%
iter 780: loss 5.1093, time 139.53ms, mfu 68.97%
iter 790: loss 5.0962, time 138.29ms, mfu 69.03%
iter 800: loss 5.0922, time 139.21ms, mfu 69.04%
iter 810: loss 5.1778, time 138.63ms, mfu 69.08%
iter 820: loss 5.0166, time 139.22ms, mfu 69.09%
iter 830: loss 5.0487, time 139.31ms, mfu 69.09%
iter 840: loss 5.0707, time 139.86ms, mfu 69.07%
iter 850: loss 5.1566, time 139.07ms, mfu 69.08%
iter 860: loss 5.1146, time 137.57ms, mfu 69.17%
iter 870: loss 4.8709, time 139.55ms, mfu 69.16%
iter 880: loss 4.9932, time 138.16ms, mfu 69.21%
iter 890: loss 4.8341, time 139.88ms, mfu 69.17%
iter 900: loss 4.9484, time 138.86ms, mfu 69.19%
iter 910: loss 4.9327, time 140.40ms, mfu 69.13%
iter 920: loss 4.7899, time 138.29ms, mfu 69.17%
iter 930: loss 4.9121, time 140.89ms, mfu 69.09%
iter 940: loss 4.8751, time 140.80ms, mfu 69.02%
iter 950: loss 4.8126, time 139.60ms, mfu 69.01%
iter 960: loss 4.8179, time 139.37ms, mfu 69.02%
iter 970: loss 4.8417, time 139.30ms, mfu 69.03%
iter 980: loss 4.8920, time 137.75ms, mfu 69.12%
iter 990: loss 4.7524, time 139.34ms, mfu 69.11%
step 1000: train loss 4.6774, val loss 4.6771
saving checkpoint to /net/scratch2/junyuren/nanoGPT-manifold/out-small-baseline
iter 1000: loss 4.8763, time 7171.90ms, mfu 62.34%
iter 1010: loss 4.8867, time 137.18ms, mfu 63.12%
iter 1020: loss 4.8165, time 137.50ms, mfu 63.81%
iter 1030: loss 4.6892, time 138.45ms, mfu 64.38%
iter 1040: loss 4.7446, time 138.14ms, mfu 64.92%
iter 1050: loss 4.6686, time 138.33ms, mfu 65.38%
iter 1060: loss 4.6152, time 137.32ms, mfu 65.86%
iter 1070: loss 4.8002, time 137.61ms, mfu 66.27%
iter 1080: loss 4.6288, time 138.32ms, mfu 66.60%
iter 1090: loss 4.6232, time 141.22ms, mfu 66.76%
iter 1100: loss 4.6319, time 138.40ms, mfu 67.04%
iter 1110: loss 4.5687, time 138.05ms, mfu 67.31%
iter 1120: loss 4.5662, time 140.43ms, mfu 67.43%
iter 1130: loss 4.7411, time 138.27ms, mfu 67.65%
iter 1140: loss 4.6096, time 139.79ms, mfu 67.78%
iter 1150: loss 4.5389, time 138.03ms, mfu 67.97%
iter 1160: loss 4.4802, time 139.04ms, mfu 68.10%
iter 1170: loss 4.4401, time 139.14ms, mfu 68.21%
iter 1180: loss 4.5616, time 139.18ms, mfu 68.31%
iter 1190: loss 4.5007, time 139.72ms, mfu 68.37%
iter 1200: loss 4.4644, time 138.69ms, mfu 68.47%
iter 1210: loss 4.5035, time 139.30ms, mfu 68.54%
iter 1220: loss 4.4050, time 137.53ms, mfu 68.68%
iter 1230: loss 4.4477, time 140.36ms, mfu 68.67%
iter 1240: loss 4.5359, time 139.80ms, mfu 68.69%
iter 1250: loss 4.4030, time 138.92ms, mfu 68.76%
iter 1260: loss 4.4153, time 137.48ms, mfu 68.88%
iter 1270: loss 4.4675, time 140.05ms, mfu 68.87%
iter 1280: loss 4.5072, time 139.70ms, mfu 68.87%
iter 1290: loss 4.5826, time 139.77ms, mfu 68.87%
iter 1300: loss 4.5286, time 141.96ms, mfu 68.77%
iter 1310: loss 4.4722, time 139.94ms, mfu 68.77%
iter 1320: loss 4.4678, time 139.58ms, mfu 68.79%
iter 1330: loss 4.4275, time 139.99ms, mfu 68.79%
iter 1340: loss 4.3945, time 139.12ms, mfu 68.83%
iter 1350: loss 4.3052, time 141.37ms, mfu 68.76%
iter 1360: loss 4.2834, time 140.66ms, mfu 68.73%
iter 1370: loss 4.3566, time 140.27ms, mfu 68.72%
iter 1380: loss 4.4277, time 138.31ms, mfu 68.81%
iter 1390: loss 4.4204, time 140.13ms, mfu 68.80%
iter 1400: loss 4.2762, time 138.10ms, mfu 68.89%
iter 1410: loss 4.4481, time 138.86ms, mfu 68.93%
iter 1420: loss 4.3170, time 138.51ms, mfu 68.99%
iter 1430: loss 4.2976, time 139.03ms, mfu 69.02%
iter 1440: loss 4.3732, time 138.84ms, mfu 69.05%
iter 1450: loss 4.3770, time 138.26ms, mfu 69.11%
iter 1460: loss 4.3350, time 139.58ms, mfu 69.10%
iter 1470: loss 4.3777, time 139.08ms, mfu 69.11%
iter 1480: loss 4.2616, time 138.11ms, mfu 69.17%
iter 1490: loss 4.2498, time 139.90ms, mfu 69.13%
step 1500: train loss 4.1658, val loss 4.1767
saving checkpoint to /net/scratch2/junyuren/nanoGPT-manifold/out-small-baseline
iter 1500: loss 4.2854, time 7201.81ms, mfu 62.35%
iter 1510: loss 4.2815, time 137.61ms, mfu 63.11%
iter 1520: loss 4.3438, time 137.69ms, mfu 63.80%
iter 1530: loss 4.1863, time 138.63ms, mfu 64.36%
iter 1540: loss 4.2423, time 138.37ms, mfu 64.88%
iter 1550: loss 4.4047, time 137.38ms, mfu 65.40%
iter 1560: loss 4.2802, time 137.85ms, mfu 65.85%
iter 1570: loss 4.2428, time 138.49ms, mfu 66.21%
iter 1580: loss 4.2576, time 138.74ms, mfu 66.53%
iter 1590: loss 4.1845, time 137.92ms, mfu 66.86%
iter 1600: loss 4.2302, time 140.39ms, mfu 67.03%
iter 1610: loss 4.2421, time 137.68ms, mfu 67.32%
iter 1620: loss 4.3325, time 138.61ms, mfu 67.54%
iter 1630: loss 4.1936, time 137.93ms, mfu 67.76%
iter 1640: loss 4.2845, time 138.52ms, mfu 67.94%
iter 1650: loss 4.2935, time 138.30ms, mfu 68.10%
iter 1660: loss 4.2276, time 138.99ms, mfu 68.22%
iter 1670: loss 4.1207, time 139.60ms, mfu 68.30%
iter 1680: loss 4.0659, time 139.76ms, mfu 68.35%
iter 1690: loss 4.2760, time 140.16ms, mfu 68.39%
iter 1700: loss 4.1553, time 139.83ms, mfu 68.44%
iter 1710: loss 4.2095, time 140.95ms, mfu 68.42%
iter 1720: loss 4.1610, time 141.40ms, mfu 68.39%
iter 1730: loss 4.1148, time 141.06ms, mfu 68.38%
iter 1740: loss 4.0295, time 140.69ms, mfu 68.38%
iter 1750: loss 4.0701, time 140.91ms, mfu 68.38%
iter 1760: loss 4.1934, time 137.95ms, mfu 68.52%
iter 1770: loss 4.0003, time 140.27ms, mfu 68.53%
iter 1780: loss 4.1412, time 139.09ms, mfu 68.60%
iter 1790: loss 4.0530, time 139.01ms, mfu 68.66%
iter 1800: loss 4.1481, time 138.40ms, mfu 68.75%
iter 1810: loss 4.2479, time 138.67ms, mfu 68.82%
iter 1820: loss 3.9856, time 138.58ms, mfu 68.89%
iter 1830: loss 4.2261, time 139.46ms, mfu 68.90%
iter 1840: loss 4.0883, time 140.58ms, mfu 68.86%
iter 1850: loss 4.2202, time 140.55ms, mfu 68.82%
iter 1860: loss 4.1827, time 139.64ms, mfu 68.84%
iter 1870: loss 4.0188, time 140.18ms, mfu 68.82%
iter 1880: loss 4.2357, time 140.17ms, mfu 68.81%
iter 1890: loss 4.0656, time 140.20ms, mfu 68.79%
iter 1900: loss 4.0444, time 139.27ms, mfu 68.83%
iter 1910: loss 4.1203, time 138.82ms, mfu 68.88%
iter 1920: loss 4.2593, time 139.32ms, mfu 68.90%
iter 1930: loss 4.0651, time 140.23ms, mfu 68.88%
iter 1940: loss 4.0682, time 140.55ms, mfu 68.84%
iter 1950: loss 4.1873, time 140.87ms, mfu 68.79%
iter 1960: loss 4.0776, time 139.25ms, mfu 68.83%
iter 1970: loss 4.0380, time 137.41ms, mfu 68.95%
iter 1980: loss 4.0634, time 138.90ms, mfu 68.99%
iter 1990: loss 4.1123, time 138.92ms, mfu 69.02%
step 2000: train loss 3.9973, val loss 4.0088
saving checkpoint to /net/scratch2/junyuren/nanoGPT-manifold/out-small-baseline
iter 2000: loss 4.0155, time 7185.77ms, mfu 62.25%
iter 2010: loss 4.1383, time 137.03ms, mfu 63.05%
iter 2020: loss 4.2283, time 138.97ms, mfu 63.67%
iter 2030: loss 3.9783, time 139.63ms, mfu 64.20%
iter 2040: loss 4.1256, time 138.28ms, mfu 64.74%
iter 2050: loss 4.0011, time 139.48ms, mfu 65.17%
iter 2060: loss 4.0600, time 138.77ms, mfu 65.59%
iter 2070: loss 4.1179, time 137.59ms, mfu 66.03%
iter 2080: loss 4.1901, time 137.78ms, mfu 66.42%
iter 2090: loss 4.0299, time 139.17ms, mfu 66.69%
iter 2100: loss 4.1133, time 138.65ms, mfu 66.97%
iter 2110: loss 4.2224, time 141.96ms, mfu 67.05%
iter 2120: loss 4.0436, time 137.66ms, mfu 67.34%
iter 2130: loss 4.1068, time 139.54ms, mfu 67.51%
iter 2140: loss 4.1625, time 138.49ms, mfu 67.71%
iter 2150: loss 4.1371, time 138.11ms, mfu 67.91%
iter 2160: loss 4.1445, time 139.11ms, mfu 68.04%
iter 2170: loss 4.0772, time 139.26ms, mfu 68.15%
iter 2180: loss 4.2342, time 137.60ms, mfu 68.33%
iter 2190: loss 4.0373, time 138.94ms, mfu 68.43%
iter 2200: loss 4.0830, time 138.66ms, mfu 68.53%
iter 2210: loss 3.9530, time 138.96ms, mfu 68.60%
iter 2220: loss 4.1007, time 139.55ms, mfu 68.64%
iter 2230: loss 4.2244, time 139.25ms, mfu 68.69%
iter 2240: loss 4.1090, time 139.41ms, mfu 68.73%
iter 2250: loss 4.0989, time 139.62ms, mfu 68.75%
iter 2260: loss 4.0420, time 140.77ms, mfu 68.72%
iter 2270: loss 4.1012, time 140.25ms, mfu 68.71%
iter 2280: loss 4.1023, time 140.64ms, mfu 68.68%
iter 2290: loss 4.1091, time 141.18ms, mfu 68.64%
iter 2300: loss 4.0957, time 137.43ms, mfu 68.78%
iter 2310: loss 4.0352, time 139.81ms, mfu 68.79%
iter 2320: loss 4.0606, time 139.09ms, mfu 68.83%
iter 2330: loss 4.1683, time 139.55ms, mfu 68.85%
iter 2340: loss 3.9556, time 140.13ms, mfu 68.83%
iter 2350: loss 4.1431, time 139.99ms, mfu 68.83%
iter 2360: loss 4.1432, time 138.79ms, mfu 68.88%
iter 2370: loss 3.9065, time 139.60ms, mfu 68.89%
iter 2380: loss 3.9988, time 139.44ms, mfu 68.90%
iter 2390: loss 4.0432, time 139.00ms, mfu 68.94%
iter 2400: loss 3.9987, time 137.94ms, mfu 69.03%
iter 2410: loss 4.0313, time 138.98ms, mfu 69.05%
iter 2420: loss 4.1829, time 139.54ms, mfu 69.05%
iter 2430: loss 4.1324, time 139.62ms, mfu 69.04%
iter 2440: loss 3.9978, time 139.72ms, mfu 69.02%
iter 2450: loss 4.0601, time 140.97ms, mfu 68.95%
iter 2460: loss 4.1414, time 140.92ms, mfu 68.89%
iter 2470: loss 3.9790, time 140.72ms, mfu 68.84%
iter 2480: loss 3.9525, time 139.38ms, mfu 68.86%
iter 2490: loss 4.1581, time 139.43ms, mfu 68.88%
step 2500: train loss 3.9014, val loss 3.9148
saving checkpoint to /net/scratch2/junyuren/nanoGPT-manifold/out-small-baseline
iter 2500: loss 4.0574, time 7231.31ms, mfu 62.13%
iter 2510: loss 3.9957, time 138.34ms, mfu 62.87%
iter 2520: loss 4.0237, time 137.25ms, mfu 63.60%
iter 2530: loss 3.9163, time 139.52ms, mfu 64.14%
iter 2540: loss 4.1622, time 137.37ms, mfu 64.74%
iter 2550: loss 4.0542, time 137.86ms, mfu 65.25%
iter 2560: loss 4.1577, time 138.33ms, mfu 65.68%
iter 2570: loss 4.0630, time 139.27ms, mfu 66.03%
iter 2580: loss 3.9577, time 138.58ms, mfu 66.37%
iter 2590: loss 4.0022, time 140.58ms, mfu 66.58%
iter 2600: loss 4.0477, time 137.55ms, mfu 66.92%
iter 2610: loss 4.1103, time 139.31ms, mfu 67.14%
iter 2620: loss 4.0736, time 138.04ms, mfu 67.40%
iter 2630: loss 4.0011, time 138.34ms, mfu 67.62%
iter 2640: loss 3.9855, time 138.18ms, mfu 67.83%
iter 2650: loss 3.8905, time 139.93ms, mfu 67.93%
iter 2660: loss 4.0849, time 138.61ms, mfu 68.08%
iter 2670: loss 3.8362, time 138.44ms, mfu 68.23%
iter 2680: loss 3.9667, time 138.57ms, mfu 68.35%
iter 2690: loss 3.9485, time 138.38ms, mfu 68.47%
iter 2700: loss 4.0335, time 142.42ms, mfu 68.39%
iter 2710: loss 4.1140, time 141.46ms, mfu 68.35%
iter 2720: loss 3.9774, time 140.40ms, mfu 68.38%
iter 2730: loss 3.9472, time 138.52ms, mfu 68.49%
iter 2740: loss 3.9881, time 140.96ms, mfu 68.47%
iter 2750: loss 4.0784, time 140.20ms, mfu 68.49%
iter 2760: loss 3.9773, time 140.37ms, mfu 68.50%
iter 2770: loss 4.0152, time 139.32ms, mfu 68.56%
iter 2780: loss 3.9283, time 139.61ms, mfu 68.60%
iter 2790: loss 3.9666, time 138.84ms, mfu 68.67%
iter 2800: loss 4.1458, time 137.59ms, mfu 68.80%
iter 2810: loss 3.9443, time 140.06ms, mfu 68.80%
iter 2820: loss 3.8400, time 139.74ms, mfu 68.81%
iter 2830: loss 3.9378, time 140.11ms, mfu 68.80%
iter 2840: loss 4.0309, time 140.20ms, mfu 68.79%
iter 2850: loss 4.0021, time 139.94ms, mfu 68.79%
iter 2860: loss 3.9653, time 139.78ms, mfu 68.80%
iter 2870: loss 3.8432, time 139.52ms, mfu 68.82%
iter 2880: loss 3.9534, time 139.96ms, mfu 68.81%
iter 2890: loss 3.8446, time 139.98ms, mfu 68.81%
iter 2900: loss 3.9985, time 140.56ms, mfu 68.78%
iter 2910: loss 3.8992, time 140.17ms, mfu 68.77%
iter 2920: loss 3.9587, time 140.42ms, mfu 68.75%
iter 2930: loss 3.8704, time 140.10ms, mfu 68.75%
iter 2940: loss 4.0768, time 139.74ms, mfu 68.76%
iter 2950: loss 3.9002, time 139.44ms, mfu 68.79%
iter 2960: loss 4.0226, time 140.24ms, mfu 68.78%
iter 2970: loss 3.9907, time 139.97ms, mfu 68.78%
iter 2980: loss 4.0594, time 139.99ms, mfu 68.78%
iter 2990: loss 3.9474, time 139.55ms, mfu 68.80%
step 3000: train loss 3.8303, val loss 3.8389
saving checkpoint to /net/scratch2/junyuren/nanoGPT-manifold/out-small-baseline
iter 3000: loss 3.9696, time 7226.24ms, mfu 62.05%
iter 3010: loss 3.9561, time 139.43ms, mfu 62.75%
iter 3020: loss 3.9715, time 138.19ms, mfu 63.44%
iter 3030: loss 4.0260, time 137.77ms, mfu 64.09%
iter 3040: loss 3.8848, time 138.61ms, mfu 64.62%
iter 3050: loss 3.9398, time 138.56ms, mfu 65.11%
iter 3060: loss 3.8780, time 139.03ms, mfu 65.52%
iter 3070: loss 3.8462, time 139.22ms, mfu 65.89%
iter 3080: loss 3.9570, time 139.26ms, mfu 66.21%
iter 3090: loss 3.8882, time 138.42ms, mfu 66.55%
iter 3100: loss 3.8385, time 138.91ms, mfu 66.82%
iter 3110: loss 3.8606, time 138.69ms, mfu 67.08%
iter 3120: loss 3.9865, time 137.53ms, mfu 67.37%
iter 3130: loss 3.9168, time 139.08ms, mfu 67.56%
iter 3140: loss 3.9548, time 138.77ms, mfu 67.74%
iter 3150: loss 3.9535, time 138.86ms, mfu 67.90%
iter 3160: loss 3.9272, time 138.78ms, mfu 68.05%
iter 3170: loss 3.9296, time 138.70ms, mfu 68.19%
iter 3180: loss 3.9214, time 142.23ms, mfu 68.14%
iter 3190: loss 3.9623, time 141.56ms, mfu 68.12%
iter 3200: loss 3.9553, time 139.54ms, mfu 68.21%
iter 3210: loss 3.8630, time 138.63ms, mfu 68.34%
iter 3220: loss 3.9198, time 139.15ms, mfu 68.42%
iter 3230: loss 3.9127, time 139.64ms, mfu 68.47%
iter 3240: loss 3.9226, time 140.46ms, mfu 68.48%
iter 3250: loss 3.9329, time 139.96ms, mfu 68.51%
iter 3260: loss 3.9907, time 140.20ms, mfu 68.53%
iter 3270: loss 3.9281, time 139.81ms, mfu 68.56%
iter 3280: loss 3.9663, time 138.79ms, mfu 68.64%
iter 3290: loss 3.9826, time 139.64ms, mfu 68.67%
iter 3300: loss 3.8885, time 140.90ms, mfu 68.64%
iter 3310: loss 3.9125, time 139.76ms, mfu 68.66%
iter 3320: loss 3.9224, time 139.76ms, mfu 68.69%
iter 3330: loss 3.9466, time 139.88ms, mfu 68.70%
iter 3340: loss 3.9041, time 138.86ms, mfu 68.76%
iter 3350: loss 3.8328, time 139.91ms, mfu 68.77%
iter 3360: loss 3.9013, time 138.82ms, mfu 68.83%
iter 3370: loss 3.7891, time 138.42ms, mfu 68.90%
iter 3380: loss 3.8846, time 140.63ms, mfu 68.86%
iter 3390: loss 3.8495, time 140.00ms, mfu 68.85%
iter 3400: loss 3.9792, time 139.50ms, mfu 68.86%
iter 3410: loss 3.9978, time 139.17ms, mfu 68.90%
iter 3420: loss 3.8175, time 139.53ms, mfu 68.91%
iter 3430: loss 3.9279, time 140.99ms, mfu 68.84%
iter 3440: loss 3.9000, time 140.60ms, mfu 68.81%
iter 3450: loss 3.7471, time 140.50ms, mfu 68.78%
iter 3460: loss 3.8527, time 139.37ms, mfu 68.81%
iter 3470: loss 3.8703, time 139.22ms, mfu 68.84%
iter 3480: loss 3.8805, time 139.18ms, mfu 68.88%
iter 3490: loss 3.8922, time 139.30ms, mfu 68.90%
step 3500: train loss 3.7868, val loss 3.8033
saving checkpoint to /net/scratch2/junyuren/nanoGPT-manifold/out-small-baseline
iter 3500: loss 3.8241, time 7196.98ms, mfu 62.14%
iter 3510: loss 3.8707, time 138.71ms, mfu 62.87%
iter 3520: loss 3.8682, time 137.29ms, mfu 63.60%
iter 3530: loss 3.8214, time 137.64ms, mfu 64.23%
iter 3540: loss 3.9182, time 140.07ms, mfu 64.68%
iter 3550: loss 3.8384, time 138.83ms, mfu 65.15%
iter 3560: loss 3.9742, time 139.59ms, mfu 65.53%
iter 3570: loss 3.9139, time 138.76ms, mfu 65.92%
iter 3580: loss 3.9513, time 138.73ms, mfu 66.26%
iter 3590: loss 3.7901, time 137.84ms, mfu 66.62%
iter 3600: loss 3.9061, time 137.44ms, mfu 66.97%
iter 3610: loss 3.8051, time 138.59ms, mfu 67.22%
iter 3620: loss 3.7924, time 137.79ms, mfu 67.48%
iter 3630: loss 3.9582, time 139.52ms, mfu 67.63%
iter 3640: loss 3.8624, time 140.45ms, mfu 67.73%
iter 3650: loss 3.9480, time 138.57ms, mfu 67.90%
iter 3660: loss 3.9057, time 140.40ms, mfu 67.97%
iter 3670: loss 3.8352, time 138.13ms, mfu 68.14%
iter 3680: loss 3.8543, time 139.04ms, mfu 68.25%
iter 3690: loss 3.9218, time 138.40ms, mfu 68.38%
iter 3700: loss 3.7646, time 138.23ms, mfu 68.51%
iter 3710: loss 3.7973, time 139.92ms, mfu 68.54%
iter 3720: loss 3.8862, time 138.02ms, mfu 68.66%
iter 3730: loss 3.8301, time 138.60ms, mfu 68.74%
iter 3740: loss 3.8756, time 139.18ms, mfu 68.78%
iter 3750: loss 3.9656, time 138.44ms, mfu 68.86%
iter 3760: loss 4.0065, time 139.47ms, mfu 68.88%
iter 3770: loss 3.7587, time 139.14ms, mfu 68.91%
iter 3780: loss 3.9738, time 139.86ms, mfu 68.90%
iter 3790: loss 3.8981, time 139.41ms, mfu 68.92%
iter 3800: loss 3.7837, time 139.66ms, mfu 68.92%
iter 3810: loss 3.9545, time 140.22ms, mfu 68.89%
iter 3820: loss 3.8098, time 140.66ms, mfu 68.85%
iter 3830: loss 3.7598, time 138.54ms, mfu 68.91%
iter 3840: loss 3.8836, time 139.61ms, mfu 68.92%
iter 3850: loss 3.8907, time 138.84ms, mfu 68.96%
iter 3860: loss 3.8623, time 140.29ms, mfu 68.93%
iter 3870: loss 3.7906, time 139.79ms, mfu 68.92%
iter 3880: loss 3.9276, time 140.23ms, mfu 68.90%
iter 3890: loss 3.9219, time 140.10ms, mfu 68.88%
iter 3900: loss 3.8652, time 139.31ms, mfu 68.90%
iter 3910: loss 3.8829, time 139.68ms, mfu 68.90%
iter 3920: loss 3.8381, time 139.88ms, mfu 68.90%
iter 3930: loss 3.8170, time 139.58ms, mfu 68.90%
iter 3940: loss 3.9039, time 139.91ms, mfu 68.89%
iter 3950: loss 3.8547, time 139.16ms, mfu 68.92%
iter 3960: loss 3.8824, time 139.09ms, mfu 68.95%
iter 3970: loss 3.8226, time 138.36ms, mfu 69.02%
iter 3980: loss 3.8034, time 139.03ms, mfu 69.04%
iter 3990: loss 3.8197, time 140.26ms, mfu 69.00%
step 4000: train loss 3.7368, val loss 3.7563
saving checkpoint to /net/scratch2/junyuren/nanoGPT-manifold/out-small-baseline
iter 4000: loss 3.8948, time 7125.46ms, mfu 62.24%
iter 4010: loss 3.7996, time 139.57ms, mfu 62.91%
iter 4020: loss 3.9397, time 138.22ms, mfu 63.58%
iter 4030: loss 3.7427, time 138.58ms, mfu 64.17%
iter 4040: loss 3.7650, time 137.58ms, mfu 64.75%
iter 4050: loss 3.9044, time 137.82ms, mfu 65.26%
iter 4060: loss 3.9236, time 138.91ms, mfu 65.67%
iter 4070: loss 3.8875, time 139.04ms, mfu 66.03%
iter 4080: loss 3.7040, time 139.37ms, mfu 66.33%
iter 4090: loss 3.7967, time 138.59ms, mfu 66.65%
iter 4100: loss 3.9204, time 138.69ms, mfu 66.92%
iter 4110: loss 3.9045, time 138.60ms, mfu 67.18%
iter 4120: loss 3.9801, time 137.90ms, mfu 67.44%
iter 4130: loss 3.8606, time 138.65ms, mfu 67.64%
iter 4140: loss 3.9040, time 138.03ms, mfu 67.85%
iter 4150: loss 3.9571, time 138.09ms, mfu 68.04%
iter 4160: loss 3.8935, time 139.20ms, mfu 68.15%
iter 4170: loss 3.6605, time 139.48ms, mfu 68.24%
iter 4180: loss 3.8159, time 138.20ms, mfu 68.38%
iter 4190: loss 3.8907, time 140.90ms, mfu 68.38%
iter 4200: loss 3.8964, time 137.81ms, mfu 68.53%
iter 4210: loss 3.9515, time 139.04ms, mfu 68.60%
iter 4220: loss 3.9078, time 138.66ms, mfu 68.68%
iter 4230: loss 3.8265, time 139.64ms, mfu 68.71%
iter 4240: loss 3.8318, time 140.11ms, mfu 68.71%
iter 4250: loss 3.8691, time 139.10ms, mfu 68.76%
iter 4260: loss 3.9032, time 137.69ms, mfu 68.88%
iter 4270: loss 3.8097, time 139.00ms, mfu 68.91%
iter 4280: loss 3.8010, time 139.06ms, mfu 68.95%
iter 4290: loss 3.8404, time 139.18ms, mfu 68.97%
iter 4300: loss 3.8629, time 139.08ms, mfu 69.00%
iter 4310: loss 3.8250, time 139.06ms, mfu 69.02%
iter 4320: loss 3.9125, time 138.65ms, mfu 69.06%
iter 4330: loss 3.8770, time 138.55ms, mfu 69.10%
iter 4340: loss 3.9345, time 138.54ms, mfu 69.14%
iter 4350: loss 3.7594, time 139.60ms, mfu 69.13%
iter 4360: loss 3.8447, time 140.83ms, mfu 69.05%
iter 4370: loss 3.9332, time 140.85ms, mfu 68.98%
iter 4380: loss 3.7175, time 139.55ms, mfu 68.98%
iter 4390: loss 3.8183, time 139.77ms, mfu 68.97%
iter 4400: loss 3.8506, time 138.55ms, mfu 69.02%
iter 4410: loss 3.6932, time 137.95ms, mfu 69.10%
iter 4420: loss 3.7190, time 141.00ms, mfu 69.02%
iter 4430: loss 3.7211, time 140.60ms, mfu 68.96%
iter 4440: loss 3.7518, time 141.60ms, mfu 68.87%
iter 4450: loss 3.7401, time 141.41ms, mfu 68.79%
iter 4460: loss 3.7864, time 142.11ms, mfu 68.68%
iter 4470: loss 3.7286, time 142.11ms, mfu 68.59%
iter 4480: loss 3.7338, time 141.64ms, mfu 68.53%
iter 4490: loss 3.8228, time 140.20ms, mfu 68.54%
step 4500: train loss 3.7137, val loss 3.7204
saving checkpoint to /net/scratch2/junyuren/nanoGPT-manifold/out-small-baseline
iter 4500: loss 3.8801, time 7087.90ms, mfu 61.82%
iter 4510: loss 3.9011, time 140.68ms, mfu 62.49%
iter 4520: loss 3.8929, time 137.84ms, mfu 63.22%
iter 4530: loss 3.7813, time 136.79ms, mfu 63.94%
iter 4540: loss 3.8704, time 138.15ms, mfu 64.51%
iter 4550: loss 3.8327, time 138.10ms, mfu 65.03%
iter 4560: loss 3.7475, time 139.07ms, mfu 65.45%
iter 4570: loss 3.8926, time 139.23ms, mfu 65.82%
iter 4580: loss 3.8157, time 140.66ms, mfu 66.09%
iter 4590: loss 3.8242, time 138.94ms, mfu 66.41%
iter 4600: loss 3.8654, time 139.06ms, mfu 66.69%
iter 4610: loss 3.8316, time 138.35ms, mfu 66.98%
iter 4620: loss 3.8052, time 138.04ms, mfu 67.26%
iter 4630: loss 3.9074, time 140.83ms, mfu 67.37%
iter 4640: loss 3.9300, time 138.48ms, mfu 67.58%
iter 4650: loss 3.7922, time 139.45ms, mfu 67.73%
iter 4660: loss 3.8885, time 139.13ms, mfu 67.88%
iter 4670: loss 3.8181, time 139.92ms, mfu 67.97%
iter 4680: loss 3.5822, time 140.77ms, mfu 68.01%
iter 4690: loss 3.7640, time 137.51ms, mfu 68.21%
iter 4700: loss 3.8438, time 140.44ms, mfu 68.25%
iter 4710: loss 3.8574, time 138.50ms, mfu 68.37%
iter 4720: loss 3.7166, time 137.78ms, mfu 68.52%
iter 4730: loss 3.8592, time 139.49ms, mfu 68.57%
iter 4740: loss 3.8058, time 139.28ms, mfu 68.63%
iter 4750: loss 3.8758, time 138.43ms, mfu 68.72%
iter 4760: loss 3.8309, time 138.14ms, mfu 68.82%
iter 4770: loss 3.8392, time 140.04ms, mfu 68.81%
iter 4780: loss 3.8326, time 139.11ms, mfu 68.85%
iter 4790: loss 3.8040, time 139.16ms, mfu 68.88%
iter 4800: loss 3.7637, time 138.99ms, mfu 68.92%
iter 4810: loss 3.7433, time 138.38ms, mfu 68.99%
iter 4820: loss 3.8742, time 141.22ms, mfu 68.91%
iter 4830: loss 3.7202, time 141.06ms, mfu 68.84%
iter 4840: loss 3.7414, time 140.57ms, mfu 68.81%
iter 4850: loss 3.8019, time 139.65ms, mfu 68.82%
iter 4860: loss 3.8383, time 138.98ms, mfu 68.87%
iter 4870: loss 3.7031, time 139.86ms, mfu 68.86%
iter 4880: loss 3.7985, time 140.28ms, mfu 68.84%
iter 4890: loss 3.7209, time 139.68ms, mfu 68.85%
iter 4900: loss 3.8567, time 140.10ms, mfu 68.84%
iter 4910: loss 3.7950, time 139.31ms, mfu 68.86%
iter 4920: loss 3.8766, time 139.52ms, mfu 68.88%
iter 4930: loss 3.8657, time 138.93ms, mfu 68.92%
iter 4940: loss 3.8538, time 139.69ms, mfu 68.92%
iter 4950: loss 3.8357, time 140.86ms, mfu 68.86%
iter 4960: loss 3.7814, time 140.04ms, mfu 68.85%
iter 4970: loss 3.7962, time 140.57ms, mfu 68.82%
iter 4980: loss 3.7560, time 139.87ms, mfu 68.82%
iter 4990: loss 3.8073, time 139.39ms, mfu 68.84%
step 5000: train loss 3.6930, val loss 3.7001
saving checkpoint to /net/scratch2/junyuren/nanoGPT-manifold/out-small-baseline
iter 5000: loss 3.6615, time 7219.83ms, mfu 62.09%
iter 5010: loss 3.8043, time 138.44ms, mfu 62.84%
iter 5020: loss 3.8563, time 138.89ms, mfu 63.48%
iter 5030: loss 3.7530, time 138.83ms, mfu 64.07%
iter 5040: loss 3.7718, time 137.75ms, mfu 64.65%
iter 5050: loss 3.7907, time 138.19ms, mfu 65.15%
iter 5060: loss 3.6096, time 137.73ms, mfu 65.63%
iter 5070: loss 3.7124, time 138.96ms, mfu 66.00%
iter 5080: loss 3.8308, time 138.63ms, mfu 66.34%
iter 5090: loss 3.6991, time 139.71ms, mfu 66.60%
iter 5100: loss 3.8284, time 136.66ms, mfu 66.98%
iter 5110: loss 3.8165, time 138.78ms, mfu 67.22%
iter 5120: loss 3.7933, time 138.50ms, mfu 67.45%
iter 5130: loss 3.7670, time 139.68ms, mfu 67.60%
iter 5140: loss 3.8943, time 137.37ms, mfu 67.85%
iter 5150: loss 3.7057, time 139.77ms, mfu 67.95%
iter 5160: loss 3.8379, time 138.80ms, mfu 68.09%
iter 5170: loss 3.8604, time 139.13ms, mfu 68.20%
iter 5180: loss 3.9397, time 139.39ms, mfu 68.29%
iter 5190: loss 3.8017, time 139.22ms, mfu 68.38%
iter 5200: loss 3.7032, time 139.62ms, mfu 68.43%
iter 5210: loss 3.9286, time 142.42ms, mfu 68.35%
iter 5220: loss 3.8543, time 141.61ms, mfu 68.32%
iter 5230: loss 3.8821, time 140.67ms, mfu 68.33%
iter 5240: loss 3.6922, time 137.95ms, mfu 68.47%
iter 5250: loss 3.7723, time 139.46ms, mfu 68.53%
iter 5260: loss 3.6539, time 139.67ms, mfu 68.57%
iter 5270: loss 3.8196, time 139.59ms, mfu 68.61%
iter 5280: loss 3.8986, time 139.80ms, mfu 68.64%
iter 5290: loss 3.7945, time 139.50ms, mfu 68.67%
iter 5300: loss 3.7607, time 140.34ms, mfu 68.67%
iter 5310: loss 3.6171, time 139.18ms, mfu 68.72%
iter 5320: loss 3.8218, time 139.40ms, mfu 68.75%
iter 5330: loss 3.7728, time 137.66ms, mfu 68.87%
iter 5340: loss 3.8249, time 139.27ms, mfu 68.90%
iter 5350: loss 3.8934, time 139.71ms, mfu 68.90%
iter 5360: loss 3.6871, time 140.25ms, mfu 68.87%
iter 5370: loss 3.8928, time 139.63ms, mfu 68.88%
iter 5380: loss 3.6552, time 140.00ms, mfu 68.87%
iter 5390: loss 3.6383, time 140.08ms, mfu 68.86%
iter 5400: loss 3.7760, time 138.70ms, mfu 68.91%
iter 5410: loss 3.6772, time 139.95ms, mfu 68.90%
iter 5420: loss 3.7855, time 140.94ms, mfu 68.84%
iter 5430: loss 3.7101, time 140.74ms, mfu 68.80%
iter 5440: loss 3.7943, time 139.39ms, mfu 68.83%
iter 5450: loss 3.7587, time 139.52ms, mfu 68.84%
iter 5460: loss 3.8821, time 138.04ms, mfu 68.93%
iter 5470: loss 3.7144, time 138.53ms, mfu 68.99%
iter 5480: loss 3.7129, time 138.48ms, mfu 69.04%
iter 5490: loss 3.8059, time 139.42ms, mfu 69.04%
step 5500: train loss 3.6567, val loss 3.6749
saving checkpoint to /net/scratch2/junyuren/nanoGPT-manifold/out-small-baseline
iter 5500: loss 3.8444, time 7086.17ms, mfu 62.28%
iter 5510: loss 3.7939, time 137.37ms, mfu 63.06%
iter 5520: loss 3.7451, time 137.73ms, mfu 63.74%
iter 5530: loss 3.7271, time 137.66ms, mfu 64.36%
iter 5540: loss 3.7390, time 138.66ms, mfu 64.87%
iter 5550: loss 3.7372, time 138.20ms, mfu 65.35%
iter 5560: loss 3.8264, time 138.98ms, mfu 65.74%
iter 5570: loss 3.7829, time 137.81ms, mfu 66.15%
iter 5580: loss 3.6966, time 137.70ms, mfu 66.53%
iter 5590: loss 3.7945, time 137.98ms, mfu 66.85%
iter 5600: loss 3.8345, time 138.06ms, mfu 67.14%
iter 5610: loss 3.8453, time 138.30ms, mfu 67.39%
iter 5620: loss 3.7962, time 138.56ms, mfu 67.60%
iter 5630: loss 3.7264, time 140.76ms, mfu 67.68%
iter 5640: loss 3.8624, time 139.94ms, mfu 67.79%
iter 5650: loss 3.6753, time 140.19ms, mfu 67.88%
iter 5660: loss 3.7034, time 139.67ms, mfu 67.99%
iter 5670: loss 3.8264, time 138.24ms, mfu 68.15%
iter 5680: loss 3.7117, time 139.82ms, mfu 68.22%
iter 5690: loss 3.7944, time 137.45ms, mfu 68.40%
iter 5700: loss 3.6266, time 138.14ms, mfu 68.53%
iter 5710: loss 3.7706, time 138.97ms, mfu 68.61%
iter 5720: loss 3.6428, time 138.31ms, mfu 68.71%
iter 5730: loss 3.8386, time 139.31ms, mfu 68.75%
iter 5740: loss 3.7348, time 139.60ms, mfu 68.77%
iter 5750: loss 3.7757, time 139.45ms, mfu 68.80%
iter 5760: loss 3.8594, time 138.33ms, mfu 68.88%
iter 5770: loss 3.9413, time 141.24ms, mfu 68.81%
iter 5780: loss 3.6393, time 140.41ms, mfu 68.78%
iter 5790: loss 3.7618, time 141.43ms, mfu 68.71%
iter 5800: loss 3.7903, time 140.40ms, mfu 68.70%
iter 5810: loss 3.8850, time 137.53ms, mfu 68.83%
iter 5820: loss 3.6795, time 140.00ms, mfu 68.82%
iter 5830: loss 3.8099, time 139.78ms, mfu 68.83%
iter 5840: loss 3.7540, time 139.20ms, mfu 68.86%
iter 5850: loss 3.7196, time 138.54ms, mfu 68.93%
iter 5860: loss 3.7219, time 139.11ms, mfu 68.95%
iter 5870: loss 3.6789, time 139.61ms, mfu 68.95%
iter 5880: loss 3.8539, time 139.19ms, mfu 68.98%
iter 5890: loss 3.8767, time 140.21ms, mfu 68.95%
iter 5900: loss 3.8627, time 139.60ms, mfu 68.95%
iter 5910: loss 3.7390, time 139.90ms, mfu 68.93%
iter 5920: loss 3.8023, time 139.74ms, mfu 68.93%
iter 5930: loss 3.6710, time 139.63ms, mfu 68.93%
iter 5940: loss 3.6071, time 138.91ms, mfu 68.97%
iter 5950: loss 3.7065, time 137.82ms, mfu 69.06%
iter 5960: loss 3.7911, time 139.53ms, mfu 69.05%
iter 5970: loss 3.9101, time 139.39ms, mfu 69.06%
iter 5980: loss 3.7257, time 138.49ms, mfu 69.10%
iter 5990: loss 3.7415, time 139.13ms, mfu 69.11%
step 6000: train loss 3.6443, val loss 3.6475
saving checkpoint to /net/scratch2/junyuren/nanoGPT-manifold/out-small-baseline
iter 6000: loss 3.6817, time 7130.67ms, mfu 62.34%
iter 6010: loss 3.7883, time 139.88ms, mfu 62.98%
iter 6020: loss 3.8234, time 139.37ms, mfu 63.59%
iter 6030: loss 3.7645, time 138.55ms, mfu 64.18%
iter 6040: loss 3.7942, time 137.46ms, mfu 64.77%
iter 6050: loss 3.7688, time 137.89ms, mfu 65.27%
iter 6060: loss 3.5837, time 138.09ms, mfu 65.72%
iter 6070: loss 3.7635, time 138.44ms, mfu 66.10%
iter 6080: loss 3.8006, time 140.83ms, mfu 66.33%
iter 6090: loss 3.8103, time 138.23ms, mfu 66.66%
iter 6100: loss 3.7100, time 138.75ms, mfu 66.93%
iter 6110: loss 3.7269, time 138.58ms, mfu 67.19%
iter 6120: loss 3.7781, time 138.79ms, mfu 67.41%
iter 6130: loss 3.7245, time 138.35ms, mfu 67.62%
iter 6140: loss 3.7802, time 139.38ms, mfu 67.77%
iter 6150: loss 3.8744, time 138.94ms, mfu 67.92%
iter 6160: loss 3.8041, time 138.73ms, mfu 68.07%
iter 6170: loss 3.7268, time 139.19ms, mfu 68.18%
iter 6180: loss 3.6914, time 139.50ms, mfu 68.26%
iter 6190: loss 3.6329, time 139.25ms, mfu 68.35%
iter 6200: loss 3.8004, time 141.52ms, mfu 68.32%
iter 6210: loss 3.8182, time 141.15ms, mfu 68.31%
iter 6220: loss 3.7617, time 138.32ms, mfu 68.44%
iter 6230: loss 3.6812, time 139.72ms, mfu 68.48%
iter 6240: loss 3.6705, time 139.03ms, mfu 68.56%
iter 6250: loss 3.7038, time 139.89ms, mfu 68.59%
iter 6260: loss 3.7688, time 140.06ms, mfu 68.60%
iter 6270: loss 3.5893, time 139.73ms, mfu 68.63%
iter 6280: loss 3.6843, time 139.55ms, mfu 68.67%
iter 6290: loss 3.6540, time 139.89ms, mfu 68.68%
iter 6300: loss 3.8007, time 138.75ms, mfu 68.75%
iter 6310: loss 3.6349, time 140.11ms, mfu 68.75%
iter 6320: loss 3.6370, time 139.05ms, mfu 68.80%
iter 6330: loss 3.7682, time 139.37ms, mfu 68.83%
iter 6340: loss 3.7005, time 138.56ms, mfu 68.89%
iter 6350: loss 3.7781, time 139.54ms, mfu 68.90%
iter 6360: loss 3.6956, time 138.96ms, mfu 68.94%
iter 6370: loss 3.7079, time 140.08ms, mfu 68.92%
iter 6380: loss 3.7791, time 139.10ms, mfu 68.95%
iter 6390: loss 3.7779, time 139.07ms, mfu 68.98%
iter 6400: loss 3.7802, time 139.57ms, mfu 68.98%
iter 6410: loss 3.6504, time 140.27ms, mfu 68.94%
iter 6420: loss 3.7230, time 139.58ms, mfu 68.95%
iter 6430: loss 3.7963, time 137.62ms, mfu 69.05%
iter 6440: loss 3.7837, time 138.80ms, mfu 69.08%
iter 6450: loss 3.7790, time 139.41ms, mfu 69.08%
iter 6460: loss 3.7189, time 139.20ms, mfu 69.09%
iter 6470: loss 3.8563, time 138.86ms, mfu 69.11%
iter 6480: loss 3.6479, time 139.13ms, mfu 69.12%
iter 6490: loss 3.7559, time 139.02ms, mfu 69.13%
step 6500: train loss 3.6302, val loss 3.6288
saving checkpoint to /net/scratch2/junyuren/nanoGPT-manifold/out-small-baseline
iter 6500: loss 3.7162, time 7156.29ms, mfu 62.35%
iter 6510: loss 3.7320, time 139.00ms, mfu 63.05%
iter 6520: loss 3.5919, time 138.51ms, mfu 63.69%
iter 6530: loss 3.7469, time 138.06ms, mfu 64.30%
iter 6540: loss 3.7675, time 137.94ms, mfu 64.85%
iter 6550: loss 3.6287, time 139.85ms, mfu 65.25%
iter 6560: loss 3.7219, time 138.67ms, mfu 65.66%
iter 6570: loss 3.8097, time 141.50ms, mfu 65.90%
iter 6580: loss 3.7126, time 139.73ms, mfu 66.20%
iter 6590: loss 3.6622, time 133.23ms, mfu 66.81%
iter 6600: loss 3.7086, time 139.51ms, mfu 67.03%
iter 6610: loss 3.6364, time 139.45ms, mfu 67.23%
iter 6620: loss 3.9053, time 138.89ms, mfu 67.44%
iter 6630: loss 3.6347, time 139.33ms, mfu 67.61%
iter 6640: loss 3.7904, time 138.89ms, mfu 67.78%
iter 6650: loss 3.6944, time 138.29ms, mfu 67.96%
iter 6660: loss 3.7687, time 138.55ms, mfu 68.11%
iter 6670: loss 3.7440, time 140.21ms, mfu 68.17%
iter 6680: loss 3.6897, time 138.34ms, mfu 68.31%
iter 6690: loss 3.6896, time 141.79ms, mfu 68.27%
iter 6700: loss 3.7890, time 139.31ms, mfu 68.35%
iter 6710: loss 3.7764, time 141.22ms, mfu 68.34%
iter 6720: loss 3.7802, time 137.56ms, mfu 68.50%
iter 6730: loss 3.8157, time 138.91ms, mfu 68.58%
iter 6740: loss 3.6352, time 139.24ms, mfu 68.64%
iter 6750: loss 3.8018, time 138.03ms, mfu 68.75%
iter 6760: loss 3.8237, time 139.65ms, mfu 68.77%
iter 6770: loss 3.6909, time 139.05ms, mfu 68.82%
iter 6780: loss 3.6982, time 139.24ms, mfu 68.85%
iter 6790: loss 3.7945, time 141.02ms, mfu 68.79%
iter 6800: loss 3.8678, time 141.61ms, mfu 68.71%
iter 6810: loss 3.7240, time 139.81ms, mfu 68.73%
iter 6820: loss 3.7559, time 137.70ms, mfu 68.85%
iter 6830: loss 3.7346, time 139.24ms, mfu 68.88%
iter 6840: loss 3.7955, time 140.46ms, mfu 68.84%
iter 6850: loss 3.7116, time 139.75ms, mfu 68.85%
iter 6860: loss 3.7487, time 138.74ms, mfu 68.90%
iter 6870: loss 3.7348, time 138.69ms, mfu 68.95%
iter 6880: loss 3.7257, time 140.72ms, mfu 68.90%
iter 6890: loss 3.6823, time 139.29ms, mfu 68.92%
iter 6900: loss 3.8467, time 140.76ms, mfu 68.87%
iter 6910: loss 3.7618, time 139.67ms, mfu 68.88%
iter 6920: loss 3.8118, time 138.28ms, mfu 68.95%
iter 6930: loss 3.6417, time 138.65ms, mfu 69.00%
iter 6940: loss 3.7380, time 140.11ms, mfu 68.97%
iter 6950: loss 3.7278, time 139.13ms, mfu 68.99%
iter 6960: loss 3.7438, time 141.11ms, mfu 68.92%
iter 6970: loss 3.7281, time 139.69ms, mfu 68.92%
iter 6980: loss 3.7563, time 139.22ms, mfu 68.94%
iter 6990: loss 3.6616, time 140.09ms, mfu 68.92%
step 7000: train loss 3.6102, val loss 3.6209
saving checkpoint to /net/scratch2/junyuren/nanoGPT-manifold/out-small-baseline
iter 7000: loss 3.7042, time 7239.51ms, mfu 62.16%
iter 7010: loss 3.7753, time 139.75ms, mfu 62.83%
iter 7020: loss 3.5987, time 137.20ms, mfu 63.57%
iter 7030: loss 3.6873, time 138.87ms, mfu 64.14%
iter 7040: loss 3.7863, time 138.91ms, mfu 64.66%
iter 7050: loss 3.7089, time 137.88ms, mfu 65.18%
iter 7060: loss 3.7911, time 139.56ms, mfu 65.56%
iter 7070: loss 3.5844, time 138.84ms, mfu 65.94%
iter 7080: loss 3.6936, time 140.94ms, mfu 66.17%
iter 7090: loss 3.6720, time 137.95ms, mfu 66.54%
iter 7100: loss 3.7554, time 139.10ms, mfu 66.80%
iter 7110: loss 3.8185, time 138.58ms, mfu 67.07%
iter 7120: loss 3.6363, time 139.73ms, mfu 67.25%
iter 7130: loss 3.8744, time 137.56ms, mfu 67.53%
iter 7140: loss 3.6838, time 139.46ms, mfu 67.68%
iter 7150: loss 3.8364, time 138.81ms, mfu 67.85%
iter 7160: loss 3.6863, time 139.57ms, mfu 67.96%
iter 7170: loss 3.7556, time 138.39ms, mfu 68.12%
iter 7180: loss 3.6410, time 139.02ms, mfu 68.23%
iter 7190: loss 3.7251, time 139.71ms, mfu 68.30%
iter 7200: loss 3.7857, time 141.00ms, mfu 68.30%
iter 7210: loss 3.7254, time 137.89ms, mfu 68.45%
iter 7220: loss 3.7804, time 140.00ms, mfu 68.48%
iter 7230: loss 3.7063, time 139.66ms, mfu 68.53%
iter 7240: loss 3.5634, time 139.38ms, mfu 68.58%
iter 7250: loss 3.6390, time 139.05ms, mfu 68.65%
iter 7260: loss 3.7905, time 139.17ms, mfu 68.70%
iter 7270: loss 3.6263, time 139.25ms, mfu 68.75%
iter 7280: loss 3.8120, time 140.86ms, mfu 68.71%
iter 7290: loss 3.7357, time 139.47ms, mfu 68.74%
iter 7300: loss 3.7295, time 138.66ms, mfu 68.81%
iter 7310: loss 3.6430, time 139.43ms, mfu 68.83%
iter 7320: loss 3.5941, time 139.14ms, mfu 68.87%
iter 7330: loss 3.6957, time 139.65ms, mfu 68.88%
iter 7340: loss 3.7511, time 138.56ms, mfu 68.94%
iter 7350: loss 3.5952, time 138.27ms, mfu 69.01%
iter 7360: loss 3.8067, time 140.18ms, mfu 68.97%
iter 7370: loss 3.6611, time 139.77ms, mfu 68.96%
iter 7380: loss 3.7444, time 139.53ms, mfu 68.97%
iter 7390: loss 3.6491, time 139.70ms, mfu 68.96%
iter 7400: loss 3.7786, time 139.18ms, mfu 68.98%
iter 7410: loss 3.8001, time 138.79ms, mfu 69.02%
iter 7420: loss 3.8142, time 137.73ms, mfu 69.11%
iter 7430: loss 3.6427, time 139.12ms, mfu 69.12%
iter 7440: loss 3.7047, time 139.13ms, mfu 69.13%
iter 7450: loss 3.8193, time 139.15ms, mfu 69.13%
iter 7460: loss 3.6801, time 138.84ms, mfu 69.16%
iter 7470: loss 3.7714, time 138.50ms, mfu 69.19%
iter 7480: loss 3.5993, time 139.43ms, mfu 69.18%
iter 7490: loss 3.7040, time 138.25ms, mfu 69.22%
step 7500: train loss 3.5976, val loss 3.6023
saving checkpoint to /net/scratch2/junyuren/nanoGPT-manifold/out-small-baseline
iter 7500: loss 3.6337, time 7223.99ms, mfu 62.43%
iter 7510: loss 3.6558, time 138.89ms, mfu 63.12%
iter 7520: loss 3.6667, time 138.55ms, mfu 63.76%
iter 7530: loss 3.7661, time 139.02ms, mfu 64.31%
iter 7540: loss 3.8598, time 140.88ms, mfu 64.71%
iter 7550: loss 3.6633, time 136.20ms, mfu 65.31%
iter 7560: loss 3.6463, time 138.18ms, mfu 65.75%
iter 7570: loss 3.7612, time 137.64ms, mfu 66.17%
iter 7580: loss 3.6111, time 139.08ms, mfu 66.47%
iter 7590: loss 3.7150, time 140.06ms, mfu 66.70%
iter 7600: loss 3.6693, time 137.81ms, mfu 67.02%
iter 7610: loss 3.6514, time 139.62ms, mfu 67.21%
iter 7620: loss 3.5760, time 138.50ms, mfu 67.44%
iter 7630: loss 3.6563, time 139.72ms, mfu 67.59%
iter 7640: loss 3.7455, time 139.02ms, mfu 67.75%
iter 7650: loss 3.7368, time 137.81ms, mfu 67.96%
iter 7660: loss 3.6898, time 139.67ms, mfu 68.06%
iter 7670: loss 3.7203, time 138.95ms, mfu 68.18%
iter 7680: loss 3.6876, time 139.11ms, mfu 68.29%
iter 7690: loss 3.7043, time 139.37ms, mfu 68.37%
iter 7700: loss 3.6539, time 139.94ms, mfu 68.41%
iter 7710: loss 3.7980, time 139.27ms, mfu 68.48%
iter 7720: loss 3.7605, time 138.53ms, mfu 68.58%
iter 7730: loss 3.6959, time 140.10ms, mfu 68.60%
iter 7740: loss 3.7207, time 139.52ms, mfu 68.64%
iter 7750: loss 3.6513, time 139.69ms, mfu 68.67%
iter 7760: loss 3.6252, time 141.42ms, mfu 68.61%
iter 7770: loss 3.7625, time 142.15ms, mfu 68.52%
iter 7780: loss 3.7029, time 141.53ms, mfu 68.47%
iter 7790: loss 3.7569, time 141.51ms, mfu 68.43%
iter 7800: loss 3.6191, time 141.67ms, mfu 68.38%
iter 7810: loss 3.7014, time 141.01ms, mfu 68.37%
iter 7820: loss 3.7006, time 138.82ms, mfu 68.47%
iter 7830: loss 3.7920, time 139.12ms, mfu 68.54%
iter 7840: loss 3.7708, time 139.23ms, mfu 68.60%
iter 7850: loss 3.6988, time 139.16ms, mfu 68.66%
iter 7860: loss 3.6757, time 140.34ms, mfu 68.66%
iter 7870: loss 3.6895, time 139.97ms, mfu 68.67%
iter 7880: loss 3.8415, time 140.14ms, mfu 68.67%
iter 7890: loss 3.6826, time 138.62ms, mfu 68.75%
iter 7900: loss 3.7580, time 139.31ms, mfu 68.79%
iter 7910: loss 3.7732, time 138.80ms, mfu 68.84%
iter 7920: loss 3.7209, time 138.83ms, mfu 68.89%
iter 7930: loss 3.5558, time 140.10ms, mfu 68.88%
iter 7940: loss 3.6774, time 139.76ms, mfu 68.88%
iter 7950: loss 3.6986, time 139.81ms, mfu 68.88%
iter 7960: loss 3.6566, time 139.61ms, mfu 68.89%
iter 7970: loss 3.7501, time 139.00ms, mfu 68.92%
iter 7980: loss 3.8020, time 138.51ms, mfu 68.98%
iter 7990: loss 3.7404, time 140.03ms, mfu 68.96%
step 8000: train loss 3.5916, val loss 3.5974
saving checkpoint to /net/scratch2/junyuren/nanoGPT-manifold/out-small-baseline
iter 8000: loss 3.6641, time 7126.15ms, mfu 62.20%
iter 8010: loss 3.7388, time 139.06ms, mfu 62.90%
iter 8020: loss 3.7510, time 137.61ms, mfu 63.61%
iter 8030: loss 3.7746, time 139.45ms, mfu 64.15%
iter 8040: loss 3.6685, time 138.03ms, mfu 64.71%
iter 8050: loss 3.6683, time 138.77ms, mfu 65.18%
iter 8060: loss 3.7055, time 138.61ms, mfu 65.61%
iter 8070: loss 3.8448, time 141.37ms, mfu 65.86%
iter 8080: loss 3.7899, time 138.67ms, mfu 66.21%
iter 8090: loss 3.7485, time 138.45ms, mfu 66.55%
iter 8100: loss 3.7292, time 137.57ms, mfu 66.89%
iter 8110: loss 3.7081, time 138.29ms, mfu 67.16%
iter 8120: loss 3.7057, time 138.27ms, mfu 67.41%
iter 8130: loss 3.6557, time 138.63ms, mfu 67.61%
iter 8140: loss 3.7125, time 138.23ms, mfu 67.82%
iter 8150: loss 3.7174, time 139.07ms, mfu 67.96%
iter 8160: loss 3.6158, time 139.02ms, mfu 68.09%
iter 8170: loss 3.7209, time 139.23ms, mfu 68.19%
iter 8180: loss 3.7336, time 141.22ms, mfu 68.19%
iter 8190: loss 3.6189, time 141.56ms, mfu 68.17%
iter 8200: loss 3.7286, time 139.84ms, mfu 68.24%
iter 8210: loss 3.6759, time 137.86ms, mfu 68.40%
iter 8220: loss 3.6778, time 139.76ms, mfu 68.45%
iter 8230: loss 3.6376, time 139.94ms, mfu 68.49%
iter 8240: loss 3.7617, time 138.53ms, mfu 68.59%
iter 8250: loss 3.7190, time 138.45ms, mfu 68.68%
iter 8260: loss 3.7883, time 139.34ms, mfu 68.72%
iter 8270: loss 3.5855, time 139.88ms, mfu 68.73%
iter 8280: loss 3.8319, time 139.51ms, mfu 68.76%
iter 8290: loss 3.6452, time 139.45ms, mfu 68.79%
iter 8300: loss 3.6573, time 140.17ms, mfu 68.78%
iter 8310: loss 3.7637, time 140.01ms, mfu 68.78%
iter 8320: loss 3.6479, time 140.84ms, mfu 68.74%
iter 8330: loss 3.8517, time 139.53ms, mfu 68.76%
iter 8340: loss 3.7077, time 139.53ms, mfu 68.79%
iter 8350: loss 3.6977, time 139.87ms, mfu 68.79%
iter 8360: loss 3.8366, time 139.65ms, mfu 68.81%
iter 8370: loss 3.6534, time 139.86ms, mfu 68.81%
iter 8380: loss 3.9399, time 140.20ms, mfu 68.80%
iter 8390: loss 3.6661, time 140.90ms, mfu 68.75%
iter 8400: loss 3.6614, time 139.06ms, mfu 68.80%
iter 8410: loss 3.7048, time 139.89ms, mfu 68.80%
iter 8420: loss 3.7094, time 139.66ms, mfu 68.81%
iter 8430: loss 3.7955, time 138.87ms, mfu 68.87%
iter 8440: loss 3.6868, time 138.99ms, mfu 68.91%
iter 8450: loss 3.6958, time 139.67ms, mfu 68.91%
iter 8460: loss 3.6636, time 140.52ms, mfu 68.87%
iter 8470: loss 3.6939, time 140.45ms, mfu 68.84%
iter 8480: loss 3.6089, time 138.63ms, mfu 68.90%
iter 8490: loss 3.7426, time 139.60ms, mfu 68.91%
step 8500: train loss 3.5810, val loss 3.5850
saving checkpoint to /net/scratch2/junyuren/nanoGPT-manifold/out-small-baseline
iter 8500: loss 3.7236, time 7148.06ms, mfu 62.15%
iter 8510: loss 3.6710, time 137.76ms, mfu 62.92%
iter 8520: loss 3.7846, time 138.00ms, mfu 63.61%
iter 8530: loss 3.7399, time 139.99ms, mfu 64.12%
iter 8540: loss 3.7946, time 138.12ms, mfu 64.68%
iter 8550: loss 3.7605, time 137.22ms, mfu 65.23%
iter 8560: loss 3.7209, time 138.03ms, mfu 65.68%
iter 8570: loss 3.5866, time 137.66ms, mfu 66.11%
iter 8580: loss 3.6173, time 138.61ms, mfu 66.44%
iter 8590: loss 3.6885, time 139.03ms, mfu 66.72%
iter 8600: loss 3.7165, time 139.84ms, mfu 66.94%
iter 8610: loss 3.7677, time 138.56ms, mfu 67.19%
iter 8620: loss 3.7537, time 138.17ms, mfu 67.44%
iter 8630: loss 3.6682, time 138.47ms, mfu 67.65%
iter 8640: loss 3.6473, time 138.49ms, mfu 67.84%
iter 8650: loss 3.7788, time 138.58ms, mfu 68.00%
iter 8660: loss 3.6569, time 138.98ms, mfu 68.13%
iter 8670: loss 3.7380, time 138.48ms, mfu 68.27%
iter 8680: loss 3.7140, time 140.15ms, mfu 68.31%
iter 8690: loss 3.6083, time 139.11ms, mfu 68.40%
iter 8700: loss 3.7544, time 139.01ms, mfu 68.49%
iter 8710: loss 3.4861, time 139.59ms, mfu 68.53%
iter 8720: loss 3.8268, time 139.84ms, mfu 68.57%
iter 8730: loss 3.6607, time 139.00ms, mfu 68.64%
iter 8740: loss 3.6346, time 141.23ms, mfu 68.59%
iter 8750: loss 3.7236, time 140.79ms, mfu 68.57%
iter 8760: loss 3.7386, time 140.52ms, mfu 68.56%
iter 8770: loss 3.7779, time 140.76ms, mfu 68.55%
iter 8780: loss 3.6859, time 142.58ms, mfu 68.45%
iter 8790: loss 3.7006, time 141.80ms, mfu 68.39%
iter 8800: loss 3.7390, time 139.16ms, mfu 68.47%
iter 8810: loss 3.5250, time 139.69ms, mfu 68.51%
iter 8820: loss 3.7177, time 139.85ms, mfu 68.55%
iter 8830: loss 3.7186, time 140.99ms, mfu 68.52%
iter 8840: loss 3.7729, time 139.60ms, mfu 68.57%
iter 8850: loss 3.6680, time 139.02ms, mfu 68.64%
iter 8860: loss 3.7119, time 139.93ms, mfu 68.65%
iter 8870: loss 3.6574, time 139.86ms, mfu 68.67%
iter 8880: loss 3.7663, time 138.47ms, mfu 68.76%
iter 8890: loss 3.8333, time 138.78ms, mfu 68.82%
iter 8900: loss 3.6597, time 138.60ms, mfu 68.88%
iter 8910: loss 3.6754, time 139.10ms, mfu 68.92%
iter 8920: loss 3.7330, time 140.57ms, mfu 68.87%
iter 8930: loss 3.5303, time 138.81ms, mfu 68.92%
iter 8940: loss 3.6605, time 139.03ms, mfu 68.96%
iter 8950: loss 3.7652, time 140.15ms, mfu 68.93%
iter 8960: loss 3.8221, time 139.67ms, mfu 68.93%
iter 8970: loss 3.6101, time 139.99ms, mfu 68.91%
iter 8980: loss 3.6738, time 139.51ms, mfu 68.92%
iter 8990: loss 3.7750, time 139.93ms, mfu 68.91%
step 9000: train loss 3.5674, val loss 3.5826
saving checkpoint to /net/scratch2/junyuren/nanoGPT-manifold/out-small-baseline
iter 9000: loss 3.7575, time 7276.76ms, mfu 62.15%
iter 9010: loss 3.6704, time 138.71ms, mfu 62.88%
iter 9020: loss 3.7090, time 138.47ms, mfu 63.54%
iter 9030: loss 3.5709, time 137.47ms, mfu 64.19%
iter 9040: loss 3.6502, time 138.79ms, mfu 64.71%
iter 9050: loss 3.7634, time 138.88ms, mfu 65.17%
iter 9060: loss 3.6828, time 138.85ms, mfu 65.59%
iter 9070: loss 3.6877, time 137.52ms, mfu 66.03%
iter 9080: loss 3.6590, time 136.86ms, mfu 66.46%
iter 9090: loss 3.7893, time 138.79ms, mfu 66.75%
iter 9100: loss 3.7710, time 138.42ms, mfu 67.03%
iter 9110: loss 3.8448, time 141.56ms, mfu 67.13%
iter 9120: loss 3.6250, time 138.15ms, mfu 67.39%
iter 9130: loss 3.7634, time 138.81ms, mfu 67.58%
iter 9140: loss 3.6837, time 138.78ms, mfu 67.76%
iter 9150: loss 3.6370, time 138.54ms, mfu 67.94%
iter 9160: loss 3.6697, time 139.16ms, mfu 68.06%
iter 9170: loss 3.7567, time 137.00ms, mfu 68.28%
iter 9180: loss 3.7039, time 139.20ms, mfu 68.37%
iter 9190: loss 3.6178, time 139.54ms, mfu 68.43%
iter 9200: loss 3.5965, time 138.60ms, mfu 68.54%
iter 9210: loss 3.6667, time 141.08ms, mfu 68.51%
iter 9220: loss 3.7208, time 139.05ms, mfu 68.58%
iter 9230: loss 3.6839, time 139.06ms, mfu 68.65%
iter 9240: loss 3.6683, time 137.98ms, mfu 68.76%
iter 9250: loss 3.5942, time 138.03ms, mfu 68.86%
iter 9260: loss 3.6161, time 140.40ms, mfu 68.83%
iter 9270: loss 3.7086, time 137.74ms, mfu 68.94%
iter 9280: loss 3.6164, time 138.96ms, mfu 68.97%
iter 9290: loss 3.5563, time 139.67ms, mfu 68.97%
iter 9300: loss 3.6983, time 139.56ms, mfu 68.97%
iter 9310: loss 3.7212, time 138.24ms, mfu 69.04%
iter 9320: loss 3.6204, time 139.21ms, mfu 69.05%
iter 9330: loss 3.7544, time 138.57ms, mfu 69.09%
iter 9340: loss 3.8072, time 138.80ms, mfu 69.12%
iter 9350: loss 3.6382, time 139.88ms, mfu 69.09%
iter 9360: loss 3.7525, time 138.29ms, mfu 69.14%
iter 9370: loss 3.6782, time 139.44ms, mfu 69.13%
iter 9380: loss 3.8422, time 139.60ms, mfu 69.12%
iter 9390: loss 3.7160, time 139.00ms, mfu 69.13%
iter 9400: loss 3.6752, time 141.12ms, mfu 69.04%
iter 9410: loss 3.6882, time 139.41ms, mfu 69.04%
iter 9420: loss 3.7213, time 141.64ms, mfu 68.94%
iter 9430: loss 3.6584, time 139.26ms, mfu 68.96%
iter 9440: loss 3.6813, time 139.43ms, mfu 68.96%
iter 9450: loss 3.5971, time 138.44ms, mfu 69.02%
iter 9460: loss 3.6473, time 139.46ms, mfu 69.02%
iter 9470: loss 3.7177, time 138.27ms, mfu 69.09%
iter 9480: loss 3.7006, time 138.91ms, mfu 69.11%
iter 9490: loss 3.7062, time 138.95ms, mfu 69.13%
step 9500: train loss 3.5691, val loss 3.5689
saving checkpoint to /net/scratch2/junyuren/nanoGPT-manifold/out-small-baseline
iter 9500: loss 3.6889, time 7159.30ms, mfu 62.35%
iter 9510: loss 3.6918, time 139.91ms, mfu 62.99%
iter 9520: loss 3.6530, time 138.57ms, mfu 63.64%
iter 9530: loss 3.6918, time 139.71ms, mfu 64.17%
iter 9540: loss 3.7012, time 138.46ms, mfu 64.71%
iter 9550: loss 3.6574, time 138.05ms, mfu 65.21%
iter 9560: loss 3.8264, time 136.72ms, mfu 65.73%
iter 9570: loss 3.6612, time 138.37ms, mfu 66.12%
iter 9580: loss 3.7154, time 139.09ms, mfu 66.43%
iter 9590: loss 3.6596, time 137.98ms, mfu 66.76%
iter 9600: loss 3.6779, time 137.28ms, mfu 67.10%
iter 9610: loss 3.6491, time 137.76ms, mfu 67.38%
iter 9620: loss 3.7066, time 138.27ms, mfu 67.60%
iter 9630: loss 3.7814, time 137.98ms, mfu 67.82%
iter 9640: loss 3.7566, time 140.30ms, mfu 67.90%
iter 9650: loss 3.6482, time 138.34ms, mfu 68.07%
iter 9660: loss 3.6723, time 138.43ms, mfu 68.22%
iter 9670: loss 3.6824, time 139.73ms, mfu 68.29%
iter 9680: loss 3.7484, time 138.41ms, mfu 68.41%
iter 9690: loss 3.7152, time 138.41ms, mfu 68.53%
iter 9700: loss 3.6232, time 137.03ms, mfu 68.70%
iter 9710: loss 3.7784, time 138.48ms, mfu 68.78%
iter 9720: loss 3.7587, time 138.94ms, mfu 68.83%
iter 9730: loss 3.6087, time 139.02ms, mfu 68.88%
iter 9740: loss 3.6974, time 138.55ms, mfu 68.94%
iter 9750: loss 3.6369, time 138.08ms, mfu 69.02%
iter 9760: loss 3.6689, time 140.05ms, mfu 68.99%
iter 9770: loss 3.8156, time 139.16ms, mfu 69.01%
iter 9780: loss 3.6276, time 139.12ms, mfu 69.03%
iter 9790: loss 3.6113, time 138.31ms, mfu 69.09%
iter 9800: loss 3.6674, time 136.21ms, mfu 69.25%
iter 9810: loss 3.8227, time 139.12ms, mfu 69.24%
iter 9820: loss 3.7535, time 137.64ms, mfu 69.31%
iter 9830: loss 3.7347, time 138.80ms, mfu 69.32%
iter 9840: loss 3.7610, time 138.67ms, mfu 69.33%
iter 9850: loss 3.5496, time 141.52ms, mfu 69.20%
iter 9860: loss 3.6384, time 138.05ms, mfu 69.25%
iter 9870: loss 3.7249, time 138.52ms, mfu 69.28%
iter 9880: loss 3.7378, time 137.85ms, mfu 69.33%
iter 9890: loss 3.5926, time 138.76ms, mfu 69.34%
iter 9900: loss 3.6698, time 138.22ms, mfu 69.37%
iter 9910: loss 3.7683, time 138.42ms, mfu 69.39%
iter 9920: loss 3.7284, time 139.36ms, mfu 69.36%
iter 9930: loss 3.5982, time 138.75ms, mfu 69.36%
iter 9940: loss 3.5618, time 139.85ms, mfu 69.31%
iter 9950: loss 3.6955, time 137.90ms, mfu 69.36%
iter 9960: loss 3.5947, time 138.67ms, mfu 69.37%
iter 9970: loss 3.6841, time 138.75ms, mfu 69.37%
iter 9980: loss 3.7403, time 139.32ms, mfu 69.34%
iter 9990: loss 3.6587, time 138.21ms, mfu 69.38%
step 10000: train loss 3.5648, val loss 3.5687
saving checkpoint to /net/scratch2/junyuren/nanoGPT-manifold/out-small-baseline
iter 10000: loss 3.7013, time 7084.59ms, mfu 62.57%
