Overriding config with config/train_gpt2_small_baseline.py:
# Small-scale GPT: Pure AdamW Baseline
# Control experiment for Grassmann comparison
# ~50M params, 6 layers, d=512

# Architecture (small-scale)
n_layer = 6
n_head = 8
n_embd = 512
block_size = 1024
dropout = 0.1
bias = False

# Pure AdamW (no Grassmann, no gating)
use_grassmann = False

# Training hyperparameters
learning_rate = 6e-4
max_iters = 10000  # ~15B tokens, enough for convergence signal
warmup_iters = 1000
lr_decay_iters = 10000
min_lr = 6e-5

# Batch configuration (same as Grassmann for fair comparison)
batch_size = 32
gradient_accumulation_steps = 12

# Regularization
weight_decay = 1e-1

# Optimizer
beta1 = 0.9
beta2 = 0.95
grad_clip = 1.0

# Evaluation
eval_interval = 500
eval_iters = 200
log_interval = 10

# Dataset
dataset = 'openwebtext'
data_dir = '/net/scratch2/junyuren/nanoGPT-manifold/data/openwebtext'
always_save_checkpoint = True

# Output directory
out_dir = '/net/scratch2/junyuren/nanoGPT-manifold/out-small-baseline'

# Compile
compile = True

# System
dtype = 'bfloat16'
device = 'cuda'

Overriding config with config/train_gpt2_small_baseline.py:
# Small-scale GPT: Pure AdamW Baseline
# Control experiment for Grassmann comparison
# ~50M params, 6 layers, d=512

# Architecture (small-scale)
n_layer = 6
n_head = 8
n_embd = 512
block_size = 1024
dropout = 0.1
bias = False

# Pure AdamW (no Grassmann, no gating)
use_grassmann = False

# Training hyperparameters
learning_rate = 6e-4
max_iters = 10000  # ~15B tokens, enough for convergence signal
warmup_iters = 1000
lr_decay_iters = 10000
min_lr = 6e-5

# Batch configuration (same as Grassmann for fair comparison)
batch_size = 32
gradient_accumulation_steps = 12

# Regularization
weight_decay = 1e-1

# Optimizer
beta1 = 0.9
beta2 = 0.95
grad_clip = 1.0

# Evaluation
eval_interval = 500
eval_iters = 200
log_interval = 10

# Dataset
dataset = 'openwebtext'
data_dir = '/net/scratch2/junyuren/nanoGPT-manifold/data/openwebtext'
always_save_checkpoint = True

# Output directory
out_dir = '/net/scratch2/junyuren/nanoGPT-manifold/out-small-baseline'

# Compile
compile = True

# System
dtype = 'bfloat16'
device = 'cuda'

Overriding config with config/train_gpt2_small_baseline.py:
# Small-scale GPT: Pure AdamW Baseline
# Control experiment for Grassmann comparison
# ~50M params, 6 layers, d=512

# Architecture (small-scale)
n_layer = 6
n_head = 8
n_embd = 512
block_size = 1024
dropout = 0.1
bias = False

# Pure AdamW (no Grassmann, no gating)
use_grassmann = False

# Training hyperparameters
learning_rate = 6e-4
max_iters = 10000  # ~15B tokens, enough for convergence signal
warmup_iters = 1000
lr_decay_iters = 10000
min_lr = 6e-5

# Batch configuration (same as Grassmann for fair comparison)
batch_size = 32
gradient_accumulation_steps = 12

# Regularization
weight_decay = 1e-1

# Optimizer
beta1 = 0.9
beta2 = 0.95
grad_clip = 1.0

# Evaluation
eval_interval = 500
eval_iters = 200
log_interval = 10

# Dataset
dataset = 'openwebtext'
data_dir = '/net/scratch2/junyuren/nanoGPT-manifold/data/openwebtext'
always_save_checkpoint = True

# Output directory
out_dir = '/net/scratch2/junyuren/nanoGPT-manifold/out-small-baseline'

# Compile
compile = True

# System
dtype = 'bfloat16'
device = 'cuda'

tokens per iteration will be: 393,216
Initializing a new model from scratch
defaulting to vocab_size of GPT-2 to 50304 (50257 rounded up for efficiency)
Overriding config with config/train_gpt2_small_baseline.py:
# Small-scale GPT: Pure AdamW Baseline
# Control experiment for Grassmann comparison
# ~50M params, 6 layers, d=512

# Architecture (small-scale)
n_layer = 6
n_head = 8
n_embd = 512
block_size = 1024
dropout = 0.1
bias = False

# Pure AdamW (no Grassmann, no gating)
use_grassmann = False

# Training hyperparameters
learning_rate = 6e-4
max_iters = 10000  # ~15B tokens, enough for convergence signal
warmup_iters = 1000
lr_decay_iters = 10000
min_lr = 6e-5

# Batch configuration (same as Grassmann for fair comparison)
batch_size = 32
gradient_accumulation_steps = 12

# Regularization
weight_decay = 1e-1

# Optimizer
beta1 = 0.9
beta2 = 0.95
grad_clip = 1.0

# Evaluation
eval_interval = 500
eval_iters = 200
log_interval = 10

# Dataset
dataset = 'openwebtext'
data_dir = '/net/scratch2/junyuren/nanoGPT-manifold/data/openwebtext'
always_save_checkpoint = True

# Output directory
out_dir = '/net/scratch2/junyuren/nanoGPT-manifold/out-small-baseline'

# Compile
compile = True

# System
dtype = 'bfloat16'
device = 'cuda'

tokens per iteration will be: 393,216
Initializing a new model from scratch
defaulting to vocab_size of GPT-2 to 50304 (50257 rounded up for efficiency)
tokens per iteration will be: 393,216
Initializing a new model from scratch
defaulting to vocab_size of GPT-2 to 50304 (50257 rounded up for efficiency)
tokens per iteration will be: 393,216
Initializing a new model from scratch
defaulting to vocab_size of GPT-2 to 50304 (50257 rounded up for efficiency)
number of parameters: 44.64M
number of parameters: 44.64M
num decayed parameter tensors: 26, with 45,154,304 parameters
num non-decayed parameter tensors: 13, with 6,656 parameters
number of parameters: 44.64M
num decayed parameter tensors: 26, with 45,154,304 parameters
num non-decayed parameter tensors: 13, with 6,656 parameters
num decayed parameter tensors: 26, with 45,154,304 parameters
num non-decayed parameter tensors: 13, with 6,656 parameters
number of parameters: 44.64M
num decayed parameter tensors: 26, with 45,154,304 parameters
num non-decayed parameter tensors: 13, with 6,656 parameters
using fused AdamW: True
compiling the model... (takes a ~minute)
using fused AdamW: Trueusing fused AdamW: True

compiling the model... (takes a ~minute)compiling the model... (takes a ~minute)

using fused AdamW: True
compiling the model... (takes a ~minute)
step 0: train loss 10.9068, val loss 10.9062
iter 0: loss 10.9047, time 15259.58ms, mfu -100.00%
iter 10: loss 10.5591, time 135.69ms, mfu 70.95%
iter 20: loss 10.1381, time 135.88ms, mfu 70.94%
iter 30: loss 9.8858, time 136.65ms, mfu 70.89%
iter 40: loss 9.7070, time 136.17ms, mfu 70.88%
iter 50: loss 9.4497, time 136.22ms, mfu 70.86%
iter 60: loss 9.1173, time 135.26ms, mfu 70.89%
iter 70: loss 9.0185, time 135.38ms, mfu 70.91%
iter 80: loss 8.7232, time 135.02ms, mfu 70.95%
iter 90: loss 8.5060, time 136.64ms, mfu 70.90%
iter 100: loss 8.1004, time 134.35ms, mfu 70.98%
iter 110: loss 7.9570, time 136.91ms, mfu 70.91%
iter 120: loss 7.7464, time 135.63ms, mfu 70.92%
iter 130: loss 7.3586, time 136.61ms, mfu 70.88%
iter 140: loss 7.2178, time 136.19ms, mfu 70.86%
iter 150: loss 7.2348, time 137.14ms, mfu 70.79%
iter 160: loss 6.9791, time 139.29ms, mfu 70.62%
iter 170: loss 6.8039, time 136.57ms, mfu 70.61%
iter 180: loss 6.7879, time 136.09ms, mfu 70.62%
iter 190: loss 6.7177, time 135.49ms, mfu 70.67%
iter 200: loss 6.5985, time 135.51ms, mfu 70.71%
iter 210: loss 6.6408, time 136.83ms, mfu 70.67%
iter 220: loss 6.4854, time 136.04ms, mfu 70.68%
iter 230: loss 6.4739, time 137.78ms, mfu 70.60%
iter 240: loss 6.4120, time 137.11ms, mfu 70.56%
iter 250: loss 6.3262, time 136.91ms, mfu 70.54%
iter 260: loss 6.2109, time 136.37ms, mfu 70.55%
iter 270: loss 6.1932, time 138.36ms, mfu 70.45%
iter 280: loss 6.0939, time 137.44ms, mfu 70.41%
iter 290: loss 6.4218, time 136.36ms, mfu 70.43%
iter 300: loss 6.1208, time 137.75ms, mfu 70.38%
iter 310: loss 6.1185, time 137.74ms, mfu 70.33%
iter 320: loss 6.0904, time 137.34ms, mfu 70.30%
iter 330: loss 5.9816, time 137.55ms, mfu 70.27%
iter 340: loss 5.9635, time 137.80ms, mfu 70.23%
iter 350: loss 6.0135, time 138.86ms, mfu 70.14%
iter 360: loss 5.9278, time 137.77ms, mfu 70.12%
iter 370: loss 6.0365, time 137.25ms, mfu 70.12%
iter 380: loss 5.9926, time 137.34ms, mfu 70.12%
iter 390: loss 5.7522, time 137.98ms, mfu 70.08%
iter 400: loss 5.8987, time 136.90ms, mfu 70.11%
iter 410: loss 5.8099, time 137.87ms, mfu 70.08%
iter 420: loss 5.9377, time 138.06ms, mfu 70.05%
iter 430: loss 5.6419, time 137.75ms, mfu 70.03%
iter 440: loss 5.9164, time 137.39ms, mfu 70.04%
iter 450: loss 5.7617, time 138.07ms, mfu 70.01%
iter 460: loss 5.8266, time 137.43ms, mfu 70.01%
iter 470: loss 5.7707, time 137.82ms, mfu 69.99%
iter 480: loss 5.6635, time 138.38ms, mfu 69.95%
iter 490: loss 5.6824, time 137.89ms, mfu 69.94%
step 500: train loss 5.6092, val loss 5.6189
saving checkpoint to /net/scratch2/junyuren/nanoGPT-manifold/out-small-baseline
iter 500: loss 5.7691, time 7214.06ms, mfu 63.08%
iter 510: loss 5.6211, time 138.61ms, mfu 63.72%
iter 520: loss 5.5086, time 137.39ms, mfu 64.35%
iter 530: loss 5.6628, time 137.87ms, mfu 64.90%
iter 540: loss 5.5312, time 137.49ms, mfu 65.41%
iter 550: loss 5.5151, time 138.24ms, mfu 65.84%
iter 560: loss 5.4722, time 136.23ms, mfu 66.32%
iter 570: loss 5.4840, time 137.41ms, mfu 66.70%
iter 580: loss 5.4392, time 137.94ms, mfu 67.01%
iter 590: loss 5.4693, time 136.88ms, mfu 67.34%
iter 600: loss 5.3023, time 135.83ms, mfu 67.69%
iter 610: loss 5.3929, time 137.97ms, mfu 67.90%
iter 620: loss 5.4121, time 138.47ms, mfu 68.06%
iter 630: loss 5.3373, time 136.95ms, mfu 68.29%
iter 640: loss 5.2874, time 137.20ms, mfu 68.48%
iter 650: loss 5.3740, time 137.95ms, mfu 68.61%
iter 660: loss 5.3723, time 137.50ms, mfu 68.75%
iter 670: loss 5.3231, time 138.80ms, mfu 68.81%
iter 680: loss 5.2481, time 137.07ms, mfu 68.95%
iter 690: loss 5.2448, time 137.62ms, mfu 69.05%
iter 700: loss 5.3043, time 136.72ms, mfu 69.19%
iter 710: loss 5.2275, time 138.01ms, mfu 69.25%
iter 720: loss 5.2995, time 137.26ms, mfu 69.34%
iter 730: loss 5.2596, time 138.63ms, mfu 69.35%
iter 740: loss 5.2491, time 139.50ms, mfu 69.31%
iter 750: loss 5.0096, time 137.94ms, mfu 69.36%
iter 760: loss 5.1060, time 138.48ms, mfu 69.38%
iter 770: loss 4.9317, time 137.73ms, mfu 69.43%
iter 780: loss 5.1132, time 136.88ms, mfu 69.52%
iter 790: loss 5.1226, time 138.55ms, mfu 69.52%
iter 800: loss 5.0775, time 137.05ms, mfu 69.59%
iter 810: loss 5.1786, time 139.78ms, mfu 69.52%
iter 820: loss 5.0474, time 137.70ms, mfu 69.56%
iter 830: loss 5.0325, time 138.51ms, mfu 69.56%
iter 840: loss 5.0797, time 136.58ms, mfu 69.65%
iter 850: loss 5.1586, time 138.08ms, mfu 69.66%
iter 860: loss 5.1252, time 137.67ms, mfu 69.68%
iter 870: loss 4.8778, time 139.38ms, mfu 69.62%
iter 880: loss 5.0013, time 136.21ms, mfu 69.73%
iter 890: loss 4.8340, time 140.12ms, mfu 69.63%
iter 900: loss 4.9493, time 141.20ms, mfu 69.48%
iter 910: loss 4.9377, time 138.52ms, mfu 69.49%
iter 920: loss 4.7580, time 138.04ms, mfu 69.51%
iter 930: loss 4.9352, time 138.67ms, mfu 69.50%
iter 940: loss 4.8558, time 139.43ms, mfu 69.46%
iter 950: loss 4.8282, time 138.01ms, mfu 69.49%
iter 960: loss 4.8187, time 138.12ms, mfu 69.51%
iter 970: loss 4.8422, time 138.25ms, mfu 69.52%
iter 980: loss 4.9053, time 138.35ms, mfu 69.53%
iter 990: loss 4.7648, time 137.74ms, mfu 69.57%
step 1000: train loss 4.6787, val loss 4.6784
saving checkpoint to /net/scratch2/junyuren/nanoGPT-manifold/out-small-baseline
iter 1000: loss 4.8777, time 7138.63ms, mfu 62.74%
iter 1010: loss 4.8671, time 138.14ms, mfu 63.44%
iter 1020: loss 4.8001, time 136.83ms, mfu 64.13%
iter 1030: loss 4.7088, time 136.82ms, mfu 64.76%
iter 1040: loss 4.7593, time 138.06ms, mfu 65.25%
iter 1050: loss 4.6563, time 137.00ms, mfu 65.76%
iter 1060: loss 4.6237, time 137.78ms, mfu 66.17%
iter 1070: loss 4.8103, time 137.87ms, mfu 66.54%
iter 1080: loss 4.6369, time 138.03ms, mfu 66.86%
iter 1090: loss 4.6371, time 138.78ms, mfu 67.11%
iter 1100: loss 4.6416, time 137.60ms, mfu 67.39%
iter 1110: loss 4.5747, time 137.23ms, mfu 67.67%
iter 1120: loss 4.5611, time 137.99ms, mfu 67.88%
iter 1130: loss 4.7197, time 137.05ms, mfu 68.12%
iter 1140: loss 4.6172, time 138.00ms, mfu 68.28%
iter 1150: loss 4.5465, time 138.41ms, mfu 68.41%
iter 1160: loss 4.4853, time 140.45ms, mfu 68.42%
iter 1170: loss 4.4521, time 138.43ms, mfu 68.54%
iter 1180: loss 4.5436, time 138.18ms, mfu 68.65%
iter 1190: loss 4.5055, time 137.40ms, mfu 68.79%
iter 1200: loss 4.4589, time 137.47ms, mfu 68.92%
iter 1210: loss 4.5032, time 138.07ms, mfu 69.00%
iter 1220: loss 4.4078, time 138.45ms, mfu 69.05%
iter 1230: loss 4.4495, time 138.44ms, mfu 69.10%
iter 1240: loss 4.5294, time 137.79ms, mfu 69.18%
iter 1250: loss 4.4128, time 138.72ms, mfu 69.20%
iter 1260: loss 4.4206, time 138.73ms, mfu 69.22%
iter 1270: loss 4.4757, time 138.00ms, mfu 69.28%
iter 1280: loss 4.4818, time 139.00ms, mfu 69.27%
iter 1290: loss 4.5743, time 139.24ms, mfu 69.26%
iter 1300: loss 4.5296, time 138.91ms, mfu 69.27%
iter 1310: loss 4.4828, time 139.42ms, mfu 69.25%
iter 1320: loss 4.4551, time 137.79ms, mfu 69.31%
iter 1330: loss 4.4122, time 140.86ms, mfu 69.21%
iter 1340: loss 4.4018, time 138.70ms, mfu 69.23%
iter 1350: loss 4.3071, time 139.85ms, mfu 69.19%
iter 1360: loss 4.2892, time 138.60ms, mfu 69.22%
iter 1370: loss 4.3664, time 138.69ms, mfu 69.24%
iter 1380: loss 4.4336, time 139.40ms, mfu 69.22%
iter 1390: loss 4.4236, time 139.74ms, mfu 69.19%
iter 1400: loss 4.2669, time 139.77ms, mfu 69.16%
iter 1410: loss 4.4447, time 139.46ms, mfu 69.15%
iter 1420: loss 4.3191, time 138.95ms, mfu 69.16%
iter 1430: loss 4.2971, time 137.07ms, mfu 69.27%
iter 1440: loss 4.3768, time 138.61ms, mfu 69.29%
iter 1450: loss 4.3714, time 138.71ms, mfu 69.30%
iter 1460: loss 4.3390, time 138.77ms, mfu 69.31%
iter 1470: loss 4.3856, time 138.55ms, mfu 69.33%
iter 1480: loss 4.2545, time 137.39ms, mfu 69.40%
iter 1490: loss 4.2524, time 137.91ms, mfu 69.44%
step 1500: train loss 4.1626, val loss 4.1734
saving checkpoint to /net/scratch2/junyuren/nanoGPT-manifold/out-small-baseline
iter 1500: loss 4.2818, time 7123.01ms, mfu 62.63%
iter 1510: loss 4.2889, time 139.38ms, mfu 63.28%
iter 1520: loss 4.3342, time 137.56ms, mfu 63.95%
iter 1530: loss 4.1852, time 138.23ms, mfu 64.52%
iter 1540: loss 4.2342, time 137.65ms, mfu 65.06%
iter 1550: loss 4.4042, time 139.43ms, mfu 65.46%
iter 1560: loss 4.2848, time 137.00ms, mfu 65.94%
iter 1570: loss 4.2491, time 138.01ms, mfu 66.32%
iter 1580: loss 4.2426, time 138.20ms, mfu 66.66%
iter 1590: loss 4.1887, time 138.27ms, mfu 66.96%
iter 1600: loss 4.2340, time 139.24ms, mfu 67.17%
iter 1610: loss 4.2343, time 138.23ms, mfu 67.42%
iter 1620: loss 4.3286, time 137.44ms, mfu 67.68%
iter 1630: loss 4.1891, time 138.99ms, mfu 67.84%
iter 1640: loss 4.2931, time 138.31ms, mfu 68.02%
iter 1650: loss 4.2926, time 137.41ms, mfu 68.22%
iter 1660: loss 4.2172, time 139.20ms, mfu 68.32%
iter 1670: loss 4.1165, time 139.25ms, mfu 68.40%
iter 1680: loss 4.0631, time 138.05ms, mfu 68.53%
iter 1690: loss 4.2838, time 137.15ms, mfu 68.70%
iter 1700: loss 4.1490, time 138.64ms, mfu 68.78%
iter 1710: loss 4.2156, time 139.46ms, mfu 68.80%
iter 1720: loss 4.1626, time 138.49ms, mfu 68.87%
iter 1730: loss 4.1168, time 138.93ms, mfu 68.92%
iter 1740: loss 4.0240, time 139.09ms, mfu 68.95%
iter 1750: loss 4.0716, time 137.96ms, mfu 69.03%
iter 1760: loss 4.1970, time 138.02ms, mfu 69.10%
iter 1770: loss 3.9975, time 138.36ms, mfu 69.15%
iter 1780: loss 4.1398, time 138.85ms, mfu 69.17%
iter 1790: loss 4.0563, time 138.52ms, mfu 69.20%
iter 1800: loss 4.1510, time 140.04ms, mfu 69.16%
iter 1810: loss 4.2440, time 139.22ms, mfu 69.16%
iter 1820: loss 3.9851, time 138.55ms, mfu 69.19%
iter 1830: loss 4.2234, time 139.38ms, mfu 69.18%
iter 1840: loss 4.0777, time 138.55ms, mfu 69.21%
iter 1850: loss 4.2144, time 137.69ms, mfu 69.28%
iter 1860: loss 4.1787, time 138.70ms, mfu 69.30%
iter 1870: loss 4.0192, time 139.41ms, mfu 69.27%
iter 1880: loss 4.2363, time 138.11ms, mfu 69.32%
iter 1890: loss 4.0713, time 138.11ms, mfu 69.35%
iter 1900: loss 4.0454, time 137.52ms, mfu 69.42%
iter 1910: loss 4.1290, time 138.24ms, mfu 69.44%
iter 1920: loss 4.2596, time 138.00ms, mfu 69.47%
iter 1930: loss 4.0693, time 138.86ms, mfu 69.46%
iter 1940: loss 4.0711, time 137.45ms, mfu 69.52%
iter 1950: loss 4.1903, time 138.29ms, mfu 69.53%
iter 1960: loss 4.0726, time 138.43ms, mfu 69.53%
iter 1970: loss 4.0344, time 137.53ms, mfu 69.58%
iter 1980: loss 4.0656, time 138.14ms, mfu 69.59%
iter 1990: loss 4.1107, time 137.93ms, mfu 69.61%
step 2000: train loss 3.9991, val loss 4.0108
saving checkpoint to /net/scratch2/junyuren/nanoGPT-manifold/out-small-baseline
iter 2000: loss 4.0140, time 7212.47ms, mfu 62.78%
iter 2010: loss 4.1408, time 137.65ms, mfu 63.50%
iter 2020: loss 4.2233, time 136.77ms, mfu 64.19%
iter 2030: loss 3.9714, time 137.80ms, mfu 64.76%
iter 2040: loss 4.1229, time 140.00ms, mfu 65.16%
iter 2050: loss 4.0008, time 138.30ms, mfu 65.60%
iter 2060: loss 4.0609, time 137.33ms, mfu 66.05%
iter 2070: loss 4.1160, time 138.33ms, mfu 66.41%
iter 2080: loss 4.1908, time 137.87ms, mfu 66.75%
iter 2090: loss 4.0329, time 139.39ms, mfu 66.98%
iter 2100: loss 4.1041, time 139.09ms, mfu 67.21%
iter 2110: loss 4.2225, time 137.75ms, mfu 67.48%
iter 2120: loss 4.0459, time 138.04ms, mfu 67.70%
iter 2130: loss 4.1047, time 138.50ms, mfu 67.88%
iter 2140: loss 4.1664, time 138.28ms, mfu 68.06%
iter 2150: loss 4.1364, time 140.23ms, mfu 68.12%
iter 2160: loss 4.1479, time 138.62ms, mfu 68.25%
iter 2170: loss 4.0789, time 137.68ms, mfu 68.42%
iter 2180: loss 4.2344, time 137.66ms, mfu 68.57%
iter 2190: loss 4.0315, time 138.10ms, mfu 68.69%
iter 2200: loss 4.0797, time 137.11ms, mfu 68.84%
iter 2210: loss 3.9513, time 138.03ms, mfu 68.93%
iter 2220: loss 4.1011, time 138.44ms, mfu 68.99%
iter 2230: loss 4.2266, time 138.46ms, mfu 69.05%
iter 2240: loss 4.1051, time 137.84ms, mfu 69.13%
iter 2250: loss 4.0934, time 137.49ms, mfu 69.22%
iter 2260: loss 4.0391, time 138.84ms, mfu 69.23%
iter 2270: loss 4.1010, time 138.76ms, mfu 69.24%
iter 2280: loss 4.1028, time 138.18ms, mfu 69.29%
iter 2290: loss 4.1075, time 139.18ms, mfu 69.28%
iter 2300: loss 4.0888, time 136.98ms, mfu 69.38%
iter 2310: loss 4.0386, time 138.34ms, mfu 69.40%
iter 2320: loss 4.0601, time 138.68ms, mfu 69.40%
iter 2330: loss 4.1605, time 139.83ms, mfu 69.35%
iter 2340: loss 3.9590, time 138.52ms, mfu 69.36%
iter 2350: loss 4.1464, time 137.20ms, mfu 69.44%
iter 2360: loss 4.1450, time 139.29ms, mfu 69.41%
iter 2370: loss 3.9061, time 139.00ms, mfu 69.40%
iter 2380: loss 3.9993, time 139.11ms, mfu 69.38%
iter 2390: loss 4.0401, time 138.31ms, mfu 69.40%
iter 2400: loss 3.9983, time 138.72ms, mfu 69.40%
iter 2410: loss 4.0283, time 137.98ms, mfu 69.44%
iter 2420: loss 4.1775, time 137.99ms, mfu 69.47%
iter 2430: loss 4.1292, time 139.29ms, mfu 69.44%
iter 2440: loss 3.9990, time 138.71ms, mfu 69.43%
iter 2450: loss 4.0648, time 138.84ms, mfu 69.42%
iter 2460: loss 4.1436, time 139.04ms, mfu 69.41%
iter 2470: loss 3.9804, time 139.01ms, mfu 69.39%
iter 2480: loss 3.9532, time 138.10ms, mfu 69.42%
iter 2490: loss 4.1619, time 137.79ms, mfu 69.47%
step 2500: train loss 3.9039, val loss 3.9172
saving checkpoint to /net/scratch2/junyuren/nanoGPT-manifold/out-small-baseline
iter 2500: loss 4.0529, time 7481.71ms, mfu 62.65%
iter 2510: loss 3.9886, time 137.51ms, mfu 63.39%
iter 2520: loss 4.0184, time 138.30ms, mfu 64.01%
iter 2530: loss 3.9146, time 137.96ms, mfu 64.59%
iter 2540: loss 4.1640, time 137.94ms, mfu 65.11%
iter 2550: loss 4.0510, time 137.61ms, mfu 65.59%
iter 2560: loss 4.1553, time 137.63ms, mfu 66.03%
iter 2570: loss 4.0643, time 137.52ms, mfu 66.43%
iter 2580: loss 3.9622, time 138.75ms, mfu 66.72%
iter 2590: loss 4.0034, time 137.09ms, mfu 67.07%
iter 2600: loss 4.0509, time 136.98ms, mfu 67.40%
iter 2610: loss 4.1117, time 139.06ms, mfu 67.58%
iter 2620: loss 4.0683, time 137.15ms, mfu 67.84%
iter 2630: loss 4.0002, time 138.25ms, mfu 68.02%
iter 2640: loss 3.9903, time 139.62ms, mfu 68.12%
iter 2650: loss 3.8858, time 139.96ms, mfu 68.18%
iter 2660: loss 4.0803, time 138.58ms, mfu 68.31%
iter 2670: loss 3.8361, time 138.63ms, mfu 68.43%
iter 2680: loss 3.9691, time 137.96ms, mfu 68.56%
iter 2690: loss 3.9489, time 138.09ms, mfu 68.68%
iter 2700: loss 4.0299, time 136.19ms, mfu 68.88%
iter 2710: loss 4.1120, time 138.50ms, mfu 68.94%
iter 2720: loss 3.9743, time 138.57ms, mfu 69.00%
iter 2730: loss 3.9480, time 140.01ms, mfu 68.97%
iter 2740: loss 3.9908, time 138.56ms, mfu 69.02%
iter 2750: loss 4.0746, time 137.65ms, mfu 69.12%
iter 2760: loss 3.9739, time 139.04ms, mfu 69.13%
iter 2770: loss 4.0145, time 137.72ms, mfu 69.21%
iter 2780: loss 3.9253, time 141.11ms, mfu 69.11%
iter 2790: loss 3.9677, time 139.58ms, mfu 69.10%
iter 2800: loss 4.1452, time 137.78ms, mfu 69.17%
iter 2810: loss 3.9470, time 138.16ms, mfu 69.23%
iter 2820: loss 3.8462, time 139.29ms, mfu 69.21%
iter 2830: loss 3.9357, time 139.38ms, mfu 69.20%
iter 2840: loss 4.0268, time 139.00ms, mfu 69.21%
iter 2850: loss 4.0032, time 139.24ms, mfu 69.20%
iter 2860: loss 3.9618, time 138.04ms, mfu 69.26%
iter 2870: loss 3.8416, time 138.61ms, mfu 69.28%
iter 2880: loss 3.9531, time 138.09ms, mfu 69.32%
iter 2890: loss 3.8372, time 138.94ms, mfu 69.32%
iter 2900: loss 3.9997, time 140.12ms, mfu 69.26%
iter 2910: loss 3.9017, time 138.26ms, mfu 69.30%
iter 2920: loss 3.9571, time 138.82ms, mfu 69.30%
iter 2930: loss 3.8658, time 138.58ms, mfu 69.32%
iter 2940: loss 4.0763, time 139.36ms, mfu 69.30%
iter 2950: loss 3.9033, time 137.95ms, mfu 69.35%
iter 2960: loss 4.0256, time 138.48ms, mfu 69.36%
iter 2970: loss 3.9875, time 139.33ms, mfu 69.34%
iter 2980: loss 4.0547, time 138.72ms, mfu 69.34%
iter 2990: loss 3.9468, time 139.67ms, mfu 69.30%
step 3000: train loss 3.8287, val loss 3.8371
saving checkpoint to /net/scratch2/junyuren/nanoGPT-manifold/out-small-baseline
iter 3000: loss 3.9658, time 7170.21ms, mfu 62.51%
iter 3010: loss 3.9547, time 141.02ms, mfu 63.08%
iter 3020: loss 3.9698, time 137.40ms, mfu 63.78%
iter 3030: loss 4.0256, time 137.78ms, mfu 64.39%
iter 3040: loss 3.8862, time 136.89ms, mfu 64.99%
iter 3050: loss 3.9351, time 138.98ms, mfu 65.41%
iter 3060: loss 3.8770, time 138.17ms, mfu 65.84%
iter 3070: loss 3.8407, time 137.74ms, mfu 66.25%
iter 3080: loss 3.9547, time 138.12ms, mfu 66.59%
iter 3090: loss 3.8880, time 138.51ms, mfu 66.88%
iter 3100: loss 3.8374, time 137.81ms, mfu 67.18%
iter 3110: loss 3.8555, time 138.88ms, mfu 67.40%
iter 3120: loss 3.9876, time 138.01ms, mfu 67.63%
iter 3130: loss 3.9151, time 137.40ms, mfu 67.88%
iter 3140: loss 3.9598, time 137.29ms, mfu 68.10%
iter 3150: loss 3.9516, time 138.50ms, mfu 68.24%
iter 3160: loss 3.9304, time 139.02ms, mfu 68.34%
iter 3170: loss 3.9308, time 139.37ms, mfu 68.42%
iter 3180: loss 3.9194, time 139.26ms, mfu 68.49%
iter 3190: loss 3.9595, time 138.14ms, mfu 68.61%
iter 3200: loss 3.9508, time 138.07ms, mfu 68.72%
iter 3210: loss 3.8654, time 138.13ms, mfu 68.82%
iter 3220: loss 3.9203, time 138.81ms, mfu 68.87%
iter 3230: loss 3.9130, time 139.07ms, mfu 68.91%
iter 3240: loss 3.9204, time 139.27ms, mfu 68.93%
iter 3250: loss 3.9282, time 138.81ms, mfu 68.97%
iter 3260: loss 3.9884, time 139.29ms, mfu 68.99%
iter 3270: loss 3.9257, time 139.17ms, mfu 69.01%
iter 3280: loss 3.9661, time 137.55ms, mfu 69.11%
iter 3290: loss 3.9793, time 139.76ms, mfu 69.09%
iter 3300: loss 3.8889, time 137.73ms, mfu 69.17%
iter 3310: loss 3.9069, time 138.68ms, mfu 69.19%
iter 3320: loss 3.9250, time 138.16ms, mfu 69.24%
iter 3330: loss 3.9464, time 138.80ms, mfu 69.25%
iter 3340: loss 3.9045, time 138.75ms, mfu 69.27%
iter 3350: loss 3.8295, time 140.16ms, mfu 69.21%
iter 3360: loss 3.9003, time 140.16ms, mfu 69.16%
iter 3370: loss 3.7924, time 138.63ms, mfu 69.19%
iter 3380: loss 3.8832, time 138.65ms, mfu 69.21%
iter 3390: loss 3.8517, time 139.58ms, mfu 69.19%
iter 3400: loss 3.9771, time 138.55ms, mfu 69.22%
iter 3410: loss 3.9957, time 137.48ms, mfu 69.30%
iter 3420: loss 3.8189, time 139.38ms, mfu 69.28%
iter 3430: loss 3.9272, time 138.93ms, mfu 69.28%
iter 3440: loss 3.8950, time 140.48ms, mfu 69.21%
iter 3450: loss 3.7453, time 139.26ms, mfu 69.20%
iter 3460: loss 3.8555, time 138.54ms, mfu 69.23%
iter 3470: loss 3.8645, time 138.20ms, mfu 69.27%
iter 3480: loss 3.8792, time 138.15ms, mfu 69.31%
iter 3490: loss 3.8951, time 139.01ms, mfu 69.31%
step 3500: train loss 3.7866, val loss 3.8032
saving checkpoint to /net/scratch2/junyuren/nanoGPT-manifold/out-small-baseline
iter 3500: loss 3.8257, time 7202.11ms, mfu 62.51%
iter 3510: loss 3.8710, time 137.64ms, mfu 63.25%
iter 3520: loss 3.8623, time 137.44ms, mfu 63.93%
iter 3530: loss 3.8230, time 138.05ms, mfu 64.52%
iter 3540: loss 3.9187, time 138.49ms, mfu 65.02%
iter 3550: loss 3.8373, time 137.38ms, mfu 65.52%
iter 3560: loss 3.9709, time 137.24ms, mfu 65.99%
iter 3570: loss 3.9111, time 137.64ms, mfu 66.38%
iter 3580: loss 3.9491, time 137.28ms, mfu 66.76%
iter 3590: loss 3.7859, time 139.63ms, mfu 66.98%
iter 3600: loss 3.9107, time 138.32ms, mfu 67.24%
iter 3610: loss 3.8026, time 137.84ms, mfu 67.50%
iter 3620: loss 3.7897, time 137.57ms, mfu 67.75%
iter 3630: loss 3.9553, time 137.75ms, mfu 67.96%
iter 3640: loss 3.8615, time 137.82ms, mfu 68.15%
iter 3650: loss 3.9519, time 138.93ms, mfu 68.27%
iter 3660: loss 3.9057, time 138.75ms, mfu 68.38%
iter 3670: loss 3.8335, time 138.25ms, mfu 68.51%
iter 3680: loss 3.8499, time 137.69ms, mfu 68.65%
iter 3690: loss 3.9156, time 138.39ms, mfu 68.74%
iter 3700: loss 3.7673, time 137.04ms, mfu 68.89%
iter 3710: loss 3.7990, time 139.09ms, mfu 68.92%
iter 3720: loss 3.8894, time 138.39ms, mfu 68.99%
iter 3730: loss 3.8302, time 138.93ms, mfu 69.02%
iter 3740: loss 3.8772, time 138.36ms, mfu 69.08%
iter 3750: loss 3.9692, time 137.48ms, mfu 69.17%
iter 3760: loss 4.0001, time 140.05ms, mfu 69.13%
iter 3770: loss 3.7592, time 138.59ms, mfu 69.16%
iter 3780: loss 3.9734, time 138.22ms, mfu 69.21%
iter 3790: loss 3.8962, time 141.24ms, mfu 69.11%
iter 3800: loss 3.7812, time 139.81ms, mfu 69.08%
iter 3810: loss 3.9549, time 138.63ms, mfu 69.12%
iter 3820: loss 3.8070, time 138.81ms, mfu 69.14%
iter 3830: loss 3.7582, time 138.12ms, mfu 69.20%
iter 3840: loss 3.8798, time 138.42ms, mfu 69.24%
iter 3850: loss 3.8831, time 138.11ms, mfu 69.28%
iter 3860: loss 3.8593, time 138.87ms, mfu 69.29%
iter 3870: loss 3.7897, time 137.86ms, mfu 69.34%
iter 3880: loss 3.9297, time 141.06ms, mfu 69.23%
iter 3890: loss 3.9199, time 139.07ms, mfu 69.23%
iter 3900: loss 3.8661, time 137.75ms, mfu 69.30%
iter 3910: loss 3.8776, time 139.80ms, mfu 69.26%
iter 3920: loss 3.8384, time 137.38ms, mfu 69.34%
iter 3930: loss 3.8177, time 139.59ms, mfu 69.30%
iter 3940: loss 3.9013, time 138.41ms, mfu 69.33%
iter 3950: loss 3.8559, time 138.90ms, mfu 69.33%
iter 3960: loss 3.8761, time 139.32ms, mfu 69.30%
iter 3970: loss 3.8246, time 138.85ms, mfu 69.31%
iter 3980: loss 3.8030, time 139.70ms, mfu 69.27%
iter 3990: loss 3.8169, time 139.09ms, mfu 69.26%
step 4000: train loss 3.7340, val loss 3.7537
saving checkpoint to /net/scratch2/junyuren/nanoGPT-manifold/out-small-baseline
iter 4000: loss 3.8868, time 7232.30ms, mfu 62.47%
iter 4010: loss 3.7967, time 136.52ms, mfu 63.28%
iter 4020: loss 3.9370, time 137.72ms, mfu 63.94%
iter 4030: loss 3.7480, time 138.71ms, mfu 64.49%
iter 4040: loss 3.7650, time 137.21ms, mfu 65.05%
iter 4050: loss 3.9061, time 137.71ms, mfu 65.54%
iter 4060: loss 3.9251, time 138.19ms, mfu 65.95%
iter 4070: loss 3.8875, time 137.62ms, mfu 66.35%
iter 4080: loss 3.6942, time 138.16ms, mfu 66.69%
iter 4090: loss 3.7896, time 137.38ms, mfu 67.03%
iter 4100: loss 3.9219, time 137.49ms, mfu 67.33%
iter 4110: loss 3.9012, time 138.87ms, mfu 67.53%
iter 4120: loss 3.9821, time 138.15ms, mfu 67.74%
iter 4130: loss 3.8574, time 138.76ms, mfu 67.91%
iter 4140: loss 3.8997, time 137.79ms, mfu 68.10%
iter 4150: loss 3.9553, time 137.40ms, mfu 68.30%
iter 4160: loss 3.8952, time 138.22ms, mfu 68.44%
iter 4170: loss 3.6596, time 138.27ms, mfu 68.56%
iter 4180: loss 3.8132, time 137.54ms, mfu 68.70%
iter 4190: loss 3.8834, time 138.30ms, mfu 68.79%
iter 4200: loss 3.8923, time 141.66ms, mfu 68.71%
iter 4210: loss 3.9502, time 138.54ms, mfu 68.79%
iter 4220: loss 3.9063, time 138.22ms, mfu 68.87%
iter 4230: loss 3.8231, time 138.62ms, mfu 68.93%
iter 4240: loss 3.8302, time 138.63ms, mfu 68.98%
iter 4250: loss 3.8660, time 138.59ms, mfu 69.03%
iter 4260: loss 3.8984, time 140.00ms, mfu 69.01%
iter 4270: loss 3.8100, time 138.65ms, mfu 69.05%
iter 4280: loss 3.8002, time 138.34ms, mfu 69.10%
iter 4290: loss 3.8385, time 138.41ms, mfu 69.15%
iter 4300: loss 3.8632, time 139.12ms, mfu 69.16%
iter 4310: loss 3.8282, time 139.38ms, mfu 69.15%
iter 4320: loss 3.9111, time 138.37ms, mfu 69.19%
iter 4330: loss 3.8772, time 138.55ms, mfu 69.22%
iter 4340: loss 3.9343, time 139.07ms, mfu 69.22%
iter 4350: loss 3.7534, time 141.02ms, mfu 69.13%
iter 4360: loss 3.8504, time 138.78ms, mfu 69.15%
iter 4370: loss 3.9282, time 138.55ms, mfu 69.19%
iter 4380: loss 3.7150, time 138.30ms, mfu 69.23%
iter 4390: loss 3.8191, time 138.37ms, mfu 69.26%
iter 4400: loss 3.8487, time 138.71ms, mfu 69.28%
iter 4410: loss 3.6908, time 138.65ms, mfu 69.29%
iter 4420: loss 3.7153, time 138.97ms, mfu 69.29%
iter 4430: loss 3.7204, time 140.34ms, mfu 69.22%
iter 4440: loss 3.7565, time 138.32ms, mfu 69.26%
iter 4450: loss 3.7415, time 138.58ms, mfu 69.28%
iter 4460: loss 3.7865, time 138.76ms, mfu 69.29%
iter 4470: loss 3.7127, time 137.33ms, mfu 69.38%
iter 4480: loss 3.7324, time 140.16ms, mfu 69.31%
iter 4490: loss 3.8232, time 138.10ms, mfu 69.35%
step 4500: train loss 3.7121, val loss 3.7184
saving checkpoint to /net/scratch2/junyuren/nanoGPT-manifold/out-small-baseline
iter 4500: loss 3.8799, time 7159.08ms, mfu 62.55%
iter 4510: loss 3.9017, time 138.77ms, mfu 63.23%
iter 4520: loss 3.8882, time 138.22ms, mfu 63.87%
iter 4530: loss 3.7863, time 137.02ms, mfu 64.51%
iter 4540: loss 3.8745, time 137.83ms, mfu 65.05%
iter 4550: loss 3.8335, time 138.18ms, mfu 65.51%
iter 4560: loss 3.7508, time 137.46ms, mfu 65.96%
iter 4570: loss 3.8939, time 138.93ms, mfu 66.30%
iter 4580: loss 3.8135, time 137.58ms, mfu 66.66%
iter 4590: loss 3.8197, time 138.75ms, mfu 66.94%
iter 4600: loss 3.8653, time 139.46ms, mfu 67.15%
iter 4610: loss 3.8313, time 138.68ms, mfu 67.37%
iter 4620: loss 3.8048, time 136.22ms, mfu 67.71%
iter 4630: loss 3.9040, time 137.92ms, mfu 67.92%
iter 4640: loss 3.9242, time 138.44ms, mfu 68.08%
iter 4650: loss 3.7886, time 138.89ms, mfu 68.20%
iter 4660: loss 3.8855, time 138.05ms, mfu 68.36%
iter 4670: loss 3.8200, time 141.62ms, mfu 68.32%
iter 4680: loss 3.5802, time 140.11ms, mfu 68.36%
iter 4690: loss 3.7642, time 138.83ms, mfu 68.46%
iter 4700: loss 3.8417, time 138.37ms, mfu 68.57%
iter 4710: loss 3.8529, time 138.08ms, mfu 68.69%
iter 4720: loss 3.7165, time 138.44ms, mfu 68.77%
iter 4730: loss 3.8639, time 139.03ms, mfu 68.82%
iter 4740: loss 3.8033, time 137.97ms, mfu 68.92%
iter 4750: loss 3.8750, time 139.27ms, mfu 68.94%
iter 4760: loss 3.8287, time 138.08ms, mfu 69.02%
iter 4770: loss 3.8372, time 139.86ms, mfu 69.00%
iter 4780: loss 3.8280, time 138.52ms, mfu 69.05%
iter 4790: loss 3.8071, time 139.03ms, mfu 69.07%
iter 4800: loss 3.7642, time 140.23ms, mfu 69.03%
iter 4810: loss 3.7420, time 138.97ms, mfu 69.05%
iter 4820: loss 3.8680, time 139.17ms, mfu 69.07%
iter 4830: loss 3.7194, time 138.73ms, mfu 69.10%
iter 4840: loss 3.7435, time 138.41ms, mfu 69.15%
iter 4850: loss 3.7997, time 140.45ms, mfu 69.09%
iter 4860: loss 3.8365, time 139.16ms, mfu 69.10%
iter 4870: loss 3.7021, time 136.21ms, mfu 69.25%
iter 4880: loss 3.8012, time 138.70ms, mfu 69.27%
iter 4890: loss 3.7170, time 138.02ms, mfu 69.32%
iter 4900: loss 3.8547, time 138.67ms, mfu 69.33%
iter 4910: loss 3.7922, time 138.30ms, mfu 69.36%
iter 4920: loss 3.8699, time 138.29ms, mfu 69.38%
iter 4930: loss 3.8673, time 138.06ms, mfu 69.42%
iter 4940: loss 3.8538, time 138.78ms, mfu 69.41%
iter 4950: loss 3.8393, time 139.30ms, mfu 69.38%
iter 4960: loss 3.7819, time 138.26ms, mfu 69.41%
iter 4970: loss 3.7964, time 139.94ms, mfu 69.35%
iter 4980: loss 3.7539, time 137.92ms, mfu 69.39%
iter 4990: loss 3.8095, time 139.15ms, mfu 69.37%
step 5000: train loss 3.6918, val loss 3.6997
saving checkpoint to /net/scratch2/junyuren/nanoGPT-manifold/out-small-baseline
iter 5000: loss 3.6865, time 7238.82ms, mfu 62.57%
iter 5010: loss 3.8067, time 137.78ms, mfu 63.30%
iter 5020: loss 3.8594, time 137.80ms, mfu 63.96%
iter 5030: loss 3.7522, time 138.58ms, mfu 64.51%
iter 5040: loss 3.7744, time 137.49ms, mfu 65.06%
iter 5050: loss 3.7869, time 138.16ms, mfu 65.52%
iter 5060: loss 3.6052, time 138.40ms, mfu 65.93%
iter 5070: loss 3.7067, time 138.08ms, mfu 66.31%
iter 5080: loss 3.8328, time 138.07ms, mfu 66.65%
iter 5090: loss 3.6959, time 136.75ms, mfu 67.02%
iter 5100: loss 3.8282, time 138.05ms, mfu 67.30%
iter 5110: loss 3.8166, time 138.80ms, mfu 67.50%
iter 5120: loss 3.7911, time 138.18ms, mfu 67.72%
iter 5130: loss 3.7645, time 140.62ms, mfu 67.80%
iter 5140: loss 3.8962, time 138.35ms, mfu 67.97%
iter 5150: loss 3.7093, time 138.32ms, mfu 68.14%
iter 5160: loss 3.8425, time 138.49ms, mfu 68.28%
iter 5170: loss 3.8640, time 140.45ms, mfu 68.30%
iter 5180: loss 3.9381, time 138.33ms, mfu 68.43%
iter 5190: loss 3.8022, time 138.34ms, mfu 68.55%
iter 5200: loss 3.7020, time 138.29ms, mfu 68.66%
iter 5210: loss 3.9278, time 137.83ms, mfu 68.78%
iter 5220: loss 3.8554, time 137.02ms, mfu 68.92%
iter 5230: loss 3.8834, time 139.44ms, mfu 68.94%
iter 5240: loss 3.6950, time 139.00ms, mfu 68.97%
iter 5250: loss 3.7716, time 138.38ms, mfu 69.03%
iter 5260: loss 3.6506, time 139.79ms, mfu 69.01%
iter 5270: loss 3.8150, time 138.63ms, mfu 69.06%
iter 5280: loss 3.8924, time 138.89ms, mfu 69.08%
iter 5290: loss 3.7933, time 139.42ms, mfu 69.08%
iter 5300: loss 3.7619, time 136.98ms, mfu 69.20%
iter 5310: loss 3.6149, time 138.64ms, mfu 69.23%
iter 5320: loss 3.8186, time 138.31ms, mfu 69.26%
iter 5330: loss 3.7705, time 140.93ms, mfu 69.17%
iter 5340: loss 3.8242, time 138.78ms, mfu 69.19%
iter 5350: loss 3.8909, time 138.66ms, mfu 69.21%
iter 5360: loss 3.6844, time 137.93ms, mfu 69.27%
iter 5370: loss 3.8918, time 138.57ms, mfu 69.29%
iter 5380: loss 3.6543, time 138.85ms, mfu 69.30%
iter 5390: loss 3.6407, time 139.37ms, mfu 69.28%
iter 5400: loss 3.7775, time 138.10ms, mfu 69.32%
iter 5410: loss 3.6823, time 138.75ms, mfu 69.33%
iter 5420: loss 3.7855, time 138.98ms, mfu 69.32%
iter 5430: loss 3.7082, time 139.71ms, mfu 69.28%
iter 5440: loss 3.7886, time 138.76ms, mfu 69.29%
iter 5450: loss 3.7562, time 139.21ms, mfu 69.28%
iter 5460: loss 3.8778, time 138.48ms, mfu 69.30%
iter 5470: loss 3.7156, time 139.38ms, mfu 69.28%
iter 5480: loss 3.7139, time 138.83ms, mfu 69.29%
iter 5490: loss 3.8056, time 139.39ms, mfu 69.27%
step 5500: train loss 3.6563, val loss 3.6746
saving checkpoint to /net/scratch2/junyuren/nanoGPT-manifold/out-small-baseline
iter 5500: loss 3.8448, time 7156.40ms, mfu 62.47%
iter 5510: loss 3.7951, time 138.65ms, mfu 63.17%
iter 5520: loss 3.7402, time 138.61ms, mfu 63.80%
iter 5530: loss 3.7272, time 138.76ms, mfu 64.36%
iter 5540: loss 3.7439, time 138.60ms, mfu 64.87%
iter 5550: loss 3.7395, time 137.82ms, mfu 65.37%
iter 5560: loss 3.8248, time 137.82ms, mfu 65.82%
iter 5570: loss 3.7853, time 137.77ms, mfu 66.22%
iter 5580: loss 3.6964, time 137.24ms, mfu 66.62%
iter 5590: loss 3.7948, time 138.77ms, mfu 66.89%
iter 5600: loss 3.8382, time 136.58ms, mfu 67.25%
iter 5610: loss 3.8394, time 138.79ms, mfu 67.46%
iter 5620: loss 3.7952, time 137.87ms, mfu 67.70%
iter 5630: loss 3.7224, time 138.54ms, mfu 67.88%
iter 5640: loss 3.8572, time 137.81ms, mfu 68.08%
iter 5650: loss 3.6757, time 138.44ms, mfu 68.23%
iter 5660: loss 3.6987, time 137.61ms, mfu 68.40%
iter 5670: loss 3.8254, time 139.05ms, mfu 68.48%
iter 5680: loss 3.7103, time 139.18ms, mfu 68.55%
iter 5690: loss 3.7926, time 137.66ms, mfu 68.69%
iter 5700: loss 3.6260, time 137.69ms, mfu 68.81%
iter 5710: loss 3.7724, time 139.28ms, mfu 68.85%
iter 5720: loss 3.6472, time 137.96ms, mfu 68.94%
iter 5730: loss 3.8363, time 138.80ms, mfu 68.98%
iter 5740: loss 3.7342, time 138.84ms, mfu 69.02%
iter 5750: loss 3.7678, time 139.76ms, mfu 69.01%
iter 5760: loss 3.8574, time 138.31ms, mfu 69.07%
iter 5770: loss 3.9400, time 138.45ms, mfu 69.11%
iter 5780: loss 3.6368, time 138.19ms, mfu 69.17%
iter 5790: loss 3.7644, time 138.32ms, mfu 69.21%
iter 5800: loss 3.7878, time 137.96ms, mfu 69.27%
iter 5810: loss 3.8841, time 138.25ms, mfu 69.31%
iter 5820: loss 3.6839, time 138.70ms, mfu 69.32%
iter 5830: loss 3.8090, time 139.27ms, mfu 69.30%
iter 5840: loss 3.7530, time 138.59ms, mfu 69.32%
iter 5850: loss 3.7205, time 139.40ms, mfu 69.29%
iter 5860: loss 3.7166, time 138.60ms, mfu 69.31%
iter 5870: loss 3.6808, time 139.51ms, mfu 69.28%
iter 5880: loss 3.8518, time 138.48ms, mfu 69.30%
iter 5890: loss 3.8780, time 138.19ms, mfu 69.34%
iter 5900: loss 3.8623, time 138.32ms, mfu 69.37%
iter 5910: loss 3.7343, time 138.28ms, mfu 69.39%
iter 5920: loss 3.8049, time 140.45ms, mfu 69.31%
iter 5930: loss 3.6778, time 139.31ms, mfu 69.29%
iter 5940: loss 3.6002, time 138.91ms, mfu 69.29%
iter 5950: loss 3.7025, time 138.11ms, mfu 69.33%
iter 5960: loss 3.7999, time 138.24ms, mfu 69.36%
iter 5970: loss 3.9087, time 138.90ms, mfu 69.36%
iter 5980: loss 3.7256, time 138.24ms, mfu 69.39%
iter 5990: loss 3.7387, time 139.00ms, mfu 69.38%
step 6000: train loss 3.6441, val loss 3.6471
saving checkpoint to /net/scratch2/junyuren/nanoGPT-manifold/out-small-baseline
iter 6000: loss 3.6823, time 7215.62ms, mfu 62.57%
iter 6010: loss 3.7858, time 138.24ms, mfu 63.28%
iter 6020: loss 3.8224, time 137.83ms, mfu 63.94%
iter 6030: loss 3.7685, time 138.81ms, mfu 64.48%
iter 6040: loss 3.7934, time 138.52ms, mfu 64.98%
iter 6050: loss 3.7684, time 138.05ms, mfu 65.46%
iter 6060: loss 3.5881, time 137.31ms, mfu 65.92%
iter 6070: loss 3.7610, time 137.70ms, mfu 66.32%
iter 6080: loss 3.8030, time 138.05ms, mfu 66.66%
iter 6090: loss 3.8124, time 139.39ms, mfu 66.91%
iter 6100: loss 3.7081, time 137.36ms, mfu 67.22%
iter 6110: loss 3.7286, time 138.19ms, mfu 67.47%
iter 6120: loss 3.7736, time 137.63ms, mfu 67.72%
iter 6130: loss 3.7259, time 138.22ms, mfu 67.91%
iter 6140: loss 3.7791, time 137.89ms, mfu 68.10%
iter 6150: loss 3.8746, time 138.45ms, mfu 68.25%
iter 6160: loss 3.8053, time 138.43ms, mfu 68.38%
iter 6170: loss 3.7245, time 138.85ms, mfu 68.47%
iter 6180: loss 3.6874, time 138.41ms, mfu 68.58%
iter 6190: loss 3.6329, time 138.21ms, mfu 68.69%
iter 6200: loss 3.8024, time 139.86ms, mfu 68.70%
iter 6210: loss 3.8188, time 138.76ms, mfu 68.77%
iter 6220: loss 3.7639, time 139.33ms, mfu 68.80%
iter 6230: loss 3.6820, time 139.25ms, mfu 68.84%
iter 6240: loss 3.6699, time 138.23ms, mfu 68.92%
iter 6250: loss 3.7088, time 139.25ms, mfu 68.94%
iter 6260: loss 3.7672, time 138.46ms, mfu 69.00%
iter 6270: loss 3.5877, time 139.90ms, mfu 68.98%
iter 6280: loss 3.6840, time 138.52ms, mfu 69.03%
iter 6290: loss 3.6542, time 138.13ms, mfu 69.10%
iter 6300: loss 3.7990, time 137.49ms, mfu 69.19%
iter 6310: loss 3.6354, time 138.70ms, mfu 69.22%
iter 6320: loss 3.6375, time 138.53ms, mfu 69.24%
iter 6330: loss 3.7689, time 138.26ms, mfu 69.28%
iter 6340: loss 3.6971, time 139.36ms, mfu 69.26%
iter 6350: loss 3.7757, time 138.86ms, mfu 69.27%
iter 6360: loss 3.6998, time 138.53ms, mfu 69.29%
iter 6370: loss 3.7089, time 138.41ms, mfu 69.32%
iter 6380: loss 3.7803, time 139.28ms, mfu 69.30%
iter 6390: loss 3.7821, time 136.92ms, mfu 69.40%
iter 6400: loss 3.7753, time 138.37ms, mfu 69.42%
iter 6410: loss 3.6525, time 138.37ms, mfu 69.44%
iter 6420: loss 3.7251, time 139.67ms, mfu 69.39%
iter 6430: loss 3.7966, time 139.40ms, mfu 69.35%
iter 6440: loss 3.7842, time 138.28ms, mfu 69.38%
iter 6450: loss 3.7814, time 138.13ms, mfu 69.41%
iter 6460: loss 3.7240, time 137.50ms, mfu 69.47%
iter 6470: loss 3.8562, time 139.49ms, mfu 69.43%
iter 6480: loss 3.6527, time 138.72ms, mfu 69.43%
iter 6490: loss 3.7566, time 138.72ms, mfu 69.42%
step 6500: train loss 3.6305, val loss 3.6292
saving checkpoint to /net/scratch2/junyuren/nanoGPT-manifold/out-small-baseline
iter 6500: loss 3.7186, time 7334.71ms, mfu 62.61%
iter 6510: loss 3.7345, time 137.38ms, mfu 63.36%
iter 6520: loss 3.5957, time 138.47ms, mfu 63.98%
iter 6530: loss 3.7487, time 139.42ms, mfu 64.48%
iter 6540: loss 3.7697, time 139.12ms, mfu 64.96%
iter 6550: loss 3.6319, time 138.16ms, mfu 65.43%
iter 6560: loss 3.7218, time 138.09ms, mfu 65.86%
iter 6570: loss 3.8104, time 137.78ms, mfu 66.26%
iter 6580: loss 3.7121, time 138.12ms, mfu 66.60%
iter 6590: loss 3.6655, time 139.06ms, mfu 66.87%
iter 6600: loss 3.7069, time 137.91ms, mfu 67.16%
iter 6610: loss 3.6357, time 138.85ms, mfu 67.38%
iter 6620: loss 3.9004, time 138.47ms, mfu 67.59%
iter 6630: loss 3.6346, time 138.60ms, mfu 67.78%
iter 6640: loss 3.7926, time 138.66ms, mfu 67.95%
iter 6650: loss 3.6948, time 138.12ms, mfu 68.12%
iter 6660: loss 3.7668, time 138.63ms, mfu 68.26%
iter 6670: loss 3.7492, time 139.44ms, mfu 68.33%
iter 6680: loss 3.6919, time 140.83ms, mfu 68.34%
iter 6690: loss 3.6934, time 138.98ms, mfu 68.43%
iter 6700: loss 3.7865, time 137.07ms, mfu 68.61%
iter 6710: loss 3.7714, time 137.77ms, mfu 68.74%
iter 6720: loss 3.7792, time 138.27ms, mfu 68.83%
iter 6730: loss 3.8112, time 137.90ms, mfu 68.93%
iter 6740: loss 3.6297, time 138.89ms, mfu 68.97%
iter 6750: loss 3.8052, time 139.26ms, mfu 68.98%
iter 6760: loss 3.8216, time 139.79ms, mfu 68.97%
iter 6770: loss 3.6888, time 138.09ms, mfu 69.05%
iter 6780: loss 3.7003, time 138.79ms, mfu 69.08%
iter 6790: loss 3.7912, time 139.64ms, mfu 69.06%
iter 6800: loss 3.8757, time 137.40ms, mfu 69.17%
iter 6810: loss 3.7211, time 140.56ms, mfu 69.10%
iter 6820: loss 3.7539, time 137.56ms, mfu 69.19%
iter 6830: loss 3.7341, time 138.80ms, mfu 69.21%
iter 6840: loss 3.7957, time 138.14ms, mfu 69.25%
iter 6850: loss 3.7141, time 141.12ms, mfu 69.15%
iter 6860: loss 3.7420, time 139.93ms, mfu 69.12%
iter 6870: loss 3.7336, time 139.11ms, mfu 69.13%
iter 6880: loss 3.7242, time 138.33ms, mfu 69.17%
iter 6890: loss 3.6836, time 138.13ms, mfu 69.23%
iter 6900: loss 3.8489, time 138.67ms, mfu 69.25%
iter 6910: loss 3.7536, time 138.91ms, mfu 69.25%
iter 6920: loss 3.8108, time 138.12ms, mfu 69.30%
iter 6930: loss 3.6413, time 138.44ms, mfu 69.32%
iter 6940: loss 3.7391, time 138.93ms, mfu 69.32%
iter 6950: loss 3.7280, time 138.58ms, mfu 69.34%
iter 6960: loss 3.7410, time 139.24ms, mfu 69.32%
iter 6970: loss 3.7290, time 138.38ms, mfu 69.34%
iter 6980: loss 3.7564, time 137.67ms, mfu 69.40%
iter 6990: loss 3.6604, time 138.88ms, mfu 69.39%
step 7000: train loss 3.6103, val loss 3.6211
saving checkpoint to /net/scratch2/junyuren/nanoGPT-manifold/out-small-baseline
iter 7000: loss 3.7025, time 7199.52ms, mfu 62.59%
iter 7010: loss 3.7714, time 138.15ms, mfu 63.30%
iter 7020: loss 3.6037, time 138.27ms, mfu 63.93%
iter 7030: loss 3.6863, time 138.91ms, mfu 64.47%
iter 7040: loss 3.7882, time 139.55ms, mfu 64.92%
iter 7050: loss 3.7092, time 140.62ms, mfu 65.28%
iter 7060: loss 3.7934, time 139.13ms, mfu 65.67%
iter 7070: loss 3.5785, time 137.87ms, mfu 66.08%
iter 7080: loss 3.6968, time 138.44ms, mfu 66.43%
iter 7090: loss 3.6746, time 137.16ms, mfu 66.81%
iter 7100: loss 3.7570, time 137.62ms, mfu 67.12%
iter 7110: loss 3.8223, time 137.92ms, mfu 67.39%
iter 7120: loss 3.6353, time 138.54ms, mfu 67.60%
iter 7130: loss 3.8771, time 138.15ms, mfu 67.81%
iter 7140: loss 3.6811, time 138.60ms, mfu 67.98%
iter 7150: loss 3.8367, time 138.42ms, mfu 68.13%
iter 7160: loss 3.6873, time 138.70ms, mfu 68.26%
iter 7170: loss 3.7548, time 140.22ms, mfu 68.30%
iter 7180: loss 3.6411, time 139.72ms, mfu 68.36%
iter 7190: loss 3.7233, time 138.76ms, mfu 68.46%
iter 7200: loss 3.7868, time 137.94ms, mfu 68.60%
iter 7210: loss 3.7222, time 138.24ms, mfu 68.70%
iter 7220: loss 3.7757, time 138.59ms, mfu 68.78%
iter 7230: loss 3.7028, time 138.51ms, mfu 68.85%
iter 7240: loss 3.5661, time 137.52ms, mfu 68.97%
iter 7250: loss 3.6430, time 139.38ms, mfu 68.98%
iter 7260: loss 3.7936, time 139.26ms, mfu 68.99%
iter 7270: loss 3.6270, time 138.35ms, mfu 69.05%
iter 7280: loss 3.8086, time 138.45ms, mfu 69.10%
iter 7290: loss 3.7335, time 138.43ms, mfu 69.15%
iter 7300: loss 3.7276, time 142.01ms, mfu 69.01%
iter 7310: loss 3.6486, time 139.66ms, mfu 69.00%
iter 7320: loss 3.5944, time 139.25ms, mfu 69.02%
iter 7330: loss 3.6954, time 138.84ms, mfu 69.05%
iter 7340: loss 3.7466, time 138.23ms, mfu 69.11%
iter 7350: loss 3.5910, time 139.27ms, mfu 69.11%
iter 7360: loss 3.8097, time 138.47ms, mfu 69.15%
iter 7370: loss 3.6669, time 139.39ms, mfu 69.15%
iter 7380: loss 3.7481, time 139.35ms, mfu 69.14%
iter 7390: loss 3.6525, time 137.95ms, mfu 69.21%
iter 7400: loss 3.7815, time 137.79ms, mfu 69.27%
iter 7410: loss 3.7973, time 139.76ms, mfu 69.23%
iter 7420: loss 3.8102, time 138.49ms, mfu 69.26%
iter 7430: loss 3.6529, time 138.68ms, mfu 69.28%
iter 7440: loss 3.7067, time 138.23ms, mfu 69.32%
iter 7450: loss 3.8189, time 140.53ms, mfu 69.23%
iter 7460: loss 3.6826, time 139.89ms, mfu 69.19%
iter 7470: loss 3.7697, time 138.37ms, mfu 69.23%
iter 7480: loss 3.6002, time 137.94ms, mfu 69.29%
iter 7490: loss 3.7040, time 139.18ms, mfu 69.28%
step 7500: train loss 3.5977, val loss 3.6025
saving checkpoint to /net/scratch2/junyuren/nanoGPT-manifold/out-small-baseline
iter 7500: loss 3.6412, time 7400.40ms, mfu 62.48%
iter 7510: loss 3.6558, time 137.18ms, mfu 63.25%
iter 7520: loss 3.6646, time 138.34ms, mfu 63.88%
iter 7530: loss 3.7680, time 137.58ms, mfu 64.49%
iter 7540: loss 3.8605, time 137.42ms, mfu 65.05%
iter 7550: loss 3.6622, time 138.09ms, mfu 65.52%
iter 7560: loss 3.6445, time 138.03ms, mfu 65.94%
iter 7570: loss 3.7633, time 138.11ms, mfu 66.32%
iter 7580: loss 3.6144, time 138.00ms, mfu 66.66%
iter 7590: loss 3.7176, time 137.69ms, mfu 66.99%
iter 7600: loss 3.6682, time 139.16ms, mfu 67.21%
iter 7610: loss 3.6520, time 140.16ms, mfu 67.36%
iter 7620: loss 3.5788, time 139.39ms, mfu 67.53%
iter 7630: loss 3.6483, time 137.99ms, mfu 67.75%
iter 7640: loss 3.7442, time 137.60ms, mfu 67.97%
iter 7650: loss 3.7330, time 137.75ms, mfu 68.17%
iter 7660: loss 3.6918, time 137.87ms, mfu 68.33%
iter 7670: loss 3.7187, time 138.67ms, mfu 68.44%
iter 7680: loss 3.6841, time 139.94ms, mfu 68.48%
iter 7690: loss 3.7094, time 138.92ms, mfu 68.56%
iter 7700: loss 3.6554, time 139.64ms, mfu 68.60%
iter 7710: loss 3.8041, time 139.74ms, mfu 68.63%
iter 7720: loss 3.7637, time 138.06ms, mfu 68.74%
iter 7730: loss 3.6935, time 138.94ms, mfu 68.80%
iter 7740: loss 3.7216, time 138.05ms, mfu 68.89%
iter 7750: loss 3.6544, time 139.17ms, mfu 68.92%
iter 7760: loss 3.6197, time 138.06ms, mfu 69.00%
iter 7770: loss 3.7636, time 137.96ms, mfu 69.08%
iter 7780: loss 3.6988, time 139.29ms, mfu 69.08%
iter 7790: loss 3.7538, time 138.07ms, mfu 69.15%
iter 7800: loss 3.6161, time 137.78ms, mfu 69.22%
iter 7810: loss 3.6976, time 139.58ms, mfu 69.20%
iter 7820: loss 3.7008, time 138.47ms, mfu 69.23%
iter 7830: loss 3.7882, time 141.90ms, mfu 69.09%
iter 7840: loss 3.7703, time 137.78ms, mfu 69.17%
iter 7850: loss 3.7021, time 138.89ms, mfu 69.19%
iter 7860: loss 3.6763, time 139.08ms, mfu 69.19%
iter 7870: loss 3.6878, time 139.41ms, mfu 69.18%
iter 7880: loss 3.8455, time 138.93ms, mfu 69.19%
iter 7890: loss 3.6826, time 140.20ms, mfu 69.14%
iter 7900: loss 3.7530, time 138.18ms, mfu 69.19%
iter 7910: loss 3.7754, time 139.17ms, mfu 69.19%
iter 7920: loss 3.7184, time 138.51ms, mfu 69.22%
iter 7930: loss 3.5560, time 139.23ms, mfu 69.21%
iter 7940: loss 3.6746, time 137.82ms, mfu 69.28%
iter 7950: loss 3.6964, time 139.69ms, mfu 69.24%
iter 7960: loss 3.6591, time 138.70ms, mfu 69.26%
iter 7970: loss 3.7538, time 138.71ms, mfu 69.28%
iter 7980: loss 3.8011, time 138.78ms, mfu 69.29%
iter 7990: loss 3.7402, time 141.63ms, mfu 69.15%
step 8000: train loss 3.5915, val loss 3.5965
saving checkpoint to /net/scratch2/junyuren/nanoGPT-manifold/out-small-baseline
iter 8000: loss 3.6672, time 7791.45ms, mfu 62.36%
iter 8010: loss 3.7386, time 137.57ms, mfu 63.12%
iter 8020: loss 3.7558, time 137.74ms, mfu 63.80%
iter 8030: loss 3.7824, time 137.57ms, mfu 64.42%
iter 8040: loss 3.6656, time 138.41ms, mfu 64.93%
iter 8050: loss 3.6747, time 137.01ms, mfu 65.47%
iter 8060: loss 3.7097, time 137.14ms, mfu 65.94%
iter 8070: loss 3.8459, time 138.68ms, mfu 66.29%
iter 8080: loss 3.7880, time 137.85ms, mfu 66.65%
iter 8090: loss 3.7510, time 137.50ms, mfu 66.98%
iter 8100: loss 3.7208, time 138.18ms, mfu 67.25%
iter 8110: loss 3.7040, time 137.17ms, mfu 67.55%
iter 8120: loss 3.7032, time 137.68ms, mfu 67.78%
iter 8130: loss 3.6579, time 138.70ms, mfu 67.95%
iter 8140: loss 3.7114, time 138.00ms, mfu 68.13%
iter 8150: loss 3.7163, time 137.99ms, mfu 68.29%
iter 8160: loss 3.6176, time 138.41ms, mfu 68.42%
iter 8170: loss 3.7233, time 137.82ms, mfu 68.56%
iter 8180: loss 3.7344, time 138.41ms, mfu 68.66%
iter 8190: loss 3.6189, time 140.45ms, mfu 68.65%
iter 8200: loss 3.7340, time 137.14ms, mfu 68.81%
iter 8210: loss 3.6783, time 139.59ms, mfu 68.82%
iter 8220: loss 3.6795, time 138.24ms, mfu 68.91%
iter 8230: loss 3.6393, time 139.07ms, mfu 68.94%
iter 8240: loss 3.7592, time 138.79ms, mfu 68.98%
iter 8250: loss 3.7217, time 138.64ms, mfu 69.03%
iter 8260: loss 3.7862, time 137.46ms, mfu 69.13%
iter 8270: loss 3.5872, time 138.68ms, mfu 69.16%
iter 8280: loss 3.8319, time 140.42ms, mfu 69.10%
iter 8290: loss 3.6440, time 140.28ms, mfu 69.05%
iter 8300: loss 3.6567, time 136.99ms, mfu 69.17%
iter 8310: loss 3.7628, time 138.53ms, mfu 69.21%
iter 8320: loss 3.6440, time 138.09ms, mfu 69.26%
iter 8330: loss 3.8545, time 139.61ms, mfu 69.23%
iter 8340: loss 3.7078, time 138.85ms, mfu 69.24%
iter 8350: loss 3.6978, time 139.05ms, mfu 69.24%
iter 8360: loss 3.8383, time 138.64ms, mfu 69.26%
iter 8370: loss 3.6525, time 138.74ms, mfu 69.27%
iter 8380: loss 3.9441, time 138.70ms, mfu 69.29%
iter 8390: loss 3.6682, time 138.71ms, mfu 69.30%
iter 8400: loss 3.6619, time 137.77ms, mfu 69.36%
iter 8410: loss 3.7111, time 139.62ms, mfu 69.32%
iter 8420: loss 3.7053, time 137.84ms, mfu 69.37%
iter 8430: loss 3.7986, time 139.05ms, mfu 69.36%
iter 8440: loss 3.6876, time 138.19ms, mfu 69.39%
iter 8450: loss 3.6949, time 138.48ms, mfu 69.40%
iter 8460: loss 3.6597, time 139.88ms, mfu 69.35%
iter 8470: loss 3.6897, time 139.89ms, mfu 69.29%
iter 8480: loss 3.6044, time 138.05ms, mfu 69.34%
iter 8490: loss 3.7395, time 138.10ms, mfu 69.38%
step 8500: train loss 3.5806, val loss 3.5845
saving checkpoint to /net/scratch2/junyuren/nanoGPT-manifold/out-small-baseline
iter 8500: loss 3.7228, time 7162.46ms, mfu 62.57%
iter 8510: loss 3.6710, time 137.91ms, mfu 63.30%
iter 8520: loss 3.7827, time 138.06ms, mfu 63.94%
iter 8530: loss 3.7403, time 138.53ms, mfu 64.50%
iter 8540: loss 3.7905, time 137.94ms, mfu 65.03%
iter 8550: loss 3.7584, time 139.20ms, mfu 65.44%
iter 8560: loss 3.7271, time 137.92ms, mfu 65.88%
iter 8570: loss 3.5880, time 138.43ms, mfu 66.24%
iter 8580: loss 3.6158, time 137.12ms, mfu 66.64%
iter 8590: loss 3.6848, time 126.95ms, mfu 67.56%
iter 8600: loss 3.7152, time 138.28ms, mfu 67.77%
iter 8610: loss 3.7641, time 138.10ms, mfu 67.96%
iter 8620: loss 3.7552, time 138.06ms, mfu 68.14%
iter 8630: loss 3.6677, time 138.83ms, mfu 68.26%
iter 8640: loss 3.6492, time 137.81ms, mfu 68.42%
iter 8650: loss 3.7763, time 138.85ms, mfu 68.51%
iter 8660: loss 3.6540, time 138.71ms, mfu 68.60%
iter 8670: loss 3.7405, time 139.90ms, mfu 68.62%
iter 8680: loss 3.7123, time 138.40ms, mfu 68.72%
iter 8690: loss 3.6087, time 139.18ms, mfu 68.76%
iter 8700: loss 3.7562, time 138.32ms, mfu 68.85%
iter 8710: loss 3.4854, time 138.47ms, mfu 68.92%
iter 8720: loss 3.8243, time 137.52ms, mfu 69.03%
iter 8730: loss 3.6603, time 138.53ms, mfu 69.07%
iter 8740: loss 3.6404, time 140.83ms, mfu 69.00%
iter 8750: loss 3.7245, time 140.07ms, mfu 68.98%
iter 8760: loss 3.7363, time 138.77ms, mfu 69.02%
iter 8770: loss 3.7748, time 138.84ms, mfu 69.05%
iter 8780: loss 3.6852, time 138.66ms, mfu 69.09%
iter 8790: loss 3.7043, time 138.67ms, mfu 69.12%
iter 8800: loss 3.7327, time 139.66ms, mfu 69.10%
iter 8810: loss 3.5237, time 139.15ms, mfu 69.11%
iter 8820: loss 3.7189, time 137.95ms, mfu 69.18%
iter 8830: loss 3.7219, time 138.89ms, mfu 69.19%
iter 8840: loss 3.7725, time 139.40ms, mfu 69.18%
iter 8850: loss 3.6681, time 138.55ms, mfu 69.21%
iter 8860: loss 3.7091, time 139.63ms, mfu 69.19%
iter 8870: loss 3.6550, time 138.52ms, mfu 69.22%
iter 8880: loss 3.7720, time 137.66ms, mfu 69.29%
iter 8890: loss 3.8294, time 139.20ms, mfu 69.28%
iter 8900: loss 3.6567, time 144.72ms, mfu 69.00%
iter 8910: loss 3.6755, time 140.62ms, mfu 68.95%
iter 8920: loss 3.7297, time 138.87ms, mfu 68.99%
iter 8930: loss 3.5338, time 140.87ms, mfu 68.92%
iter 8940: loss 3.6548, time 138.42ms, mfu 68.99%
iter 8950: loss 3.7680, time 138.16ms, mfu 69.06%
iter 8960: loss 3.8250, time 138.08ms, mfu 69.12%
iter 8970: loss 3.6083, time 139.37ms, mfu 69.12%
iter 8980: loss 3.6791, time 138.81ms, mfu 69.14%
iter 8990: loss 3.7749, time 138.13ms, mfu 69.20%
step 9000: train loss 3.5666, val loss 3.5824
saving checkpoint to /net/scratch2/junyuren/nanoGPT-manifold/out-small-baseline
iter 9000: loss 3.7545, time 7230.69ms, mfu 62.41%
iter 9010: loss 3.6730, time 137.16ms, mfu 63.19%
iter 9020: loss 3.7087, time 138.90ms, mfu 63.80%
iter 9030: loss 3.5653, time 138.06ms, mfu 64.40%
iter 9040: loss 3.6507, time 138.96ms, mfu 64.88%
iter 9050: loss 3.7661, time 138.35ms, mfu 65.36%
iter 9060: loss 3.6862, time 138.39ms, mfu 65.78%
iter 9070: loss 3.6857, time 137.71ms, mfu 66.19%
iter 9080: loss 3.6626, time 136.92ms, mfu 66.60%
iter 9090: loss 3.7935, time 139.23ms, mfu 66.86%
iter 9100: loss 3.7691, time 137.27ms, mfu 67.19%
iter 9110: loss 3.8485, time 137.43ms, mfu 67.47%
iter 9120: loss 3.6237, time 138.15ms, mfu 67.69%
iter 9130: loss 3.7630, time 139.28ms, mfu 67.84%
iter 9140: loss 3.6859, time 137.62ms, mfu 68.05%
iter 9150: loss 3.6384, time 138.61ms, mfu 68.19%
iter 9160: loss 3.6694, time 137.79ms, mfu 68.36%
iter 9170: loss 3.7564, time 138.29ms, mfu 68.49%
iter 9180: loss 3.7051, time 138.12ms, mfu 68.61%
iter 9190: loss 3.6192, time 140.65ms, mfu 68.59%
iter 9200: loss 3.5908, time 138.36ms, mfu 68.69%
iter 9210: loss 3.6642, time 138.58ms, mfu 68.77%
iter 9220: loss 3.7267, time 138.27ms, mfu 68.86%
iter 9230: loss 3.6799, time 137.83ms, mfu 68.96%
iter 9240: loss 3.6693, time 139.58ms, mfu 68.96%
iter 9250: loss 3.5895, time 138.96ms, mfu 68.99%
iter 9260: loss 3.6132, time 139.43ms, mfu 69.00%
iter 9270: loss 3.7089, time 138.12ms, mfu 69.07%
iter 9280: loss 3.6181, time 140.32ms, mfu 69.02%
iter 9290: loss 3.5515, time 138.68ms, mfu 69.06%
iter 9300: loss 3.7010, time 137.31ms, mfu 69.17%
iter 9310: loss 3.7226, time 139.45ms, mfu 69.15%
iter 9320: loss 3.6213, time 138.89ms, mfu 69.17%
iter 9330: loss 3.7500, time 139.11ms, mfu 69.17%
iter 9340: loss 3.8024, time 138.63ms, mfu 69.20%
iter 9350: loss 3.6345, time 139.02ms, mfu 69.21%
iter 9360: loss 3.7528, time 138.17ms, mfu 69.25%
iter 9370: loss 3.6763, time 140.21ms, mfu 69.20%
iter 9380: loss 3.8412, time 138.50ms, mfu 69.23%
iter 9390: loss 3.7214, time 138.98ms, mfu 69.23%
iter 9400: loss 3.6716, time 137.20ms, mfu 69.33%
iter 9410: loss 3.6880, time 139.03ms, mfu 69.32%
iter 9420: loss 3.7204, time 139.21ms, mfu 69.30%
iter 9430: loss 3.6568, time 138.10ms, mfu 69.34%
iter 9440: loss 3.6842, time 137.57ms, mfu 69.41%
iter 9450: loss 3.5955, time 136.69ms, mfu 69.51%
iter 9460: loss 3.6461, time 138.44ms, mfu 69.51%
iter 9470: loss 3.7161, time 139.45ms, mfu 69.47%
iter 9480: loss 3.7057, time 137.77ms, mfu 69.51%
iter 9490: loss 3.7062, time 142.20ms, mfu 69.33%
step 9500: train loss 3.5691, val loss 3.5687
saving checkpoint to /net/scratch2/junyuren/nanoGPT-manifold/out-small-baseline
iter 9500: loss 3.6845, time 7152.30ms, mfu 62.53%
iter 9510: loss 3.6905, time 137.37ms, mfu 63.29%
iter 9520: loss 3.6487, time 138.04ms, mfu 63.93%
iter 9530: loss 3.6870, time 138.96ms, mfu 64.47%
iter 9540: loss 3.6970, time 138.65ms, mfu 64.96%
iter 9550: loss 3.6667, time 139.13ms, mfu 65.39%
iter 9560: loss 3.8308, time 137.56ms, mfu 65.85%
iter 9570: loss 3.6578, time 137.74ms, mfu 66.25%
iter 9580: loss 3.7134, time 137.28ms, mfu 66.64%
iter 9590: loss 3.6641, time 139.14ms, mfu 66.90%
iter 9600: loss 3.6798, time 137.77ms, mfu 67.19%
iter 9610: loss 3.6477, time 137.68ms, mfu 67.47%
iter 9620: loss 3.7039, time 138.02ms, mfu 67.70%
iter 9630: loss 3.7843, time 138.80ms, mfu 67.86%
iter 9640: loss 3.7557, time 137.48ms, mfu 68.08%
iter 9650: loss 3.6501, time 137.55ms, mfu 68.27%
iter 9660: loss 3.6712, time 137.87ms, mfu 68.43%
iter 9670: loss 3.6880, time 138.44ms, mfu 68.54%
iter 9680: loss 3.7439, time 137.77ms, mfu 68.67%
iter 9690: loss 3.7181, time 137.31ms, mfu 68.82%
iter 9700: loss 3.6222, time 139.40ms, mfu 68.84%
iter 9710: loss 3.7831, time 138.87ms, mfu 68.89%
iter 9720: loss 3.7635, time 138.97ms, mfu 68.93%
iter 9730: loss 3.6060, time 139.20ms, mfu 68.95%
iter 9740: loss 3.6963, time 138.61ms, mfu 69.00%
iter 9750: loss 3.6385, time 140.35ms, mfu 68.96%
iter 9760: loss 3.6702, time 138.52ms, mfu 69.02%
iter 9770: loss 3.8161, time 139.51ms, mfu 69.02%
iter 9780: loss 3.6259, time 138.16ms, mfu 69.08%
iter 9790: loss 3.6076, time 138.80ms, mfu 69.11%
iter 9800: loss 3.6646, time 136.96ms, mfu 69.23%
iter 9810: loss 3.8227, time 140.89ms, mfu 69.14%
iter 9820: loss 3.7602, time 139.91ms, mfu 69.11%
iter 9830: loss 3.7356, time 139.67ms, mfu 69.09%
iter 9840: loss 3.7596, time 139.10ms, mfu 69.10%
iter 9850: loss 3.5517, time 138.31ms, mfu 69.15%
iter 9860: loss 3.6389, time 138.56ms, mfu 69.19%
iter 9870: loss 3.7250, time 139.67ms, mfu 69.16%
iter 9880: loss 3.7418, time 137.98ms, mfu 69.22%
iter 9890: loss 3.5924, time 138.50ms, mfu 69.25%
iter 9900: loss 3.6720, time 138.58ms, mfu 69.27%
iter 9910: loss 3.7711, time 140.60ms, mfu 69.19%
iter 9920: loss 3.7334, time 138.19ms, mfu 69.24%
iter 9930: loss 3.5978, time 140.11ms, mfu 69.19%
iter 9940: loss 3.5595, time 138.88ms, mfu 69.20%
iter 9950: loss 3.6925, time 138.86ms, mfu 69.22%
iter 9960: loss 3.5902, time 138.57ms, mfu 69.24%
iter 9970: loss 3.6843, time 138.75ms, mfu 69.26%
iter 9980: loss 3.7411, time 137.40ms, mfu 69.34%
iter 9990: loss 3.6562, time 138.31ms, mfu 69.37%
step 10000: train loss 3.5643, val loss 3.5678
saving checkpoint to /net/scratch2/junyuren/nanoGPT-manifold/out-small-baseline
iter 10000: loss 3.7041, time 7838.18ms, mfu 62.55%
