Overriding config with config/train_gpt2_small_qkv_grass_r256.py:
Overriding config with config/train_gpt2_small_qkv_grass_r256.py:
Overriding config with config/train_gpt2_small_qkv_grass_r256.py:
Overriding config with config/train_gpt2_small_qkv_grass_r256.py:
# Small-scale GPT: QKV-only Grassmann, r=256 (50% of width)
# Proof of concept: Does Grassmann help attention at small scale?
# ~50M params, 6 layers, d=512

# Architecture (small-scale)
n_layer = 6
n_head = 8
n_embd = 512
block_size = 1024
dropout = 0.1
bias = False

# Enable Grassmann ONLY for c_attn (QKV), NO gating
use_grassmann = True
use_grassmann_c_attn = True   # Grassmann for attention
use_grassmann_c_fc = False    # AdamW for MLP
use_full_block_decomp = False

# Grassmann configuration: G_{1,0,r=256}
grass_rank = 256  # 50% of n_embd
grass_scale = 10.0
grass_a = 1.0
grass_b = 0.0
grass_lr = 2e-3

# NO gating (simplest test)

# Embedding LR
embed_lr = 3e-4

# Training hyperparameters
learning_rate = 6e-4
max_iters = 10000
warmup_iters = 1000
lr_decay_iters = 10000
min_lr = 6e-5

# Batch configuration
batch_size = 32
gradient_accumulation_steps = 12

# Regularization
weight_decay = 1e-1

# Optimizer
beta1 = 0.9
beta2 = 0.95
grad_clip = 1.0

# Evaluation
eval_interval = 500
eval_iters = 200
log_interval = 10

# Dataset
dataset = 'openwebtext'
data_dir = '/net/scratch2/junyuren/nanoGPT-manifold/data/openwebtext'
always_save_checkpoint = True

# Output directory
out_dir = '/net/scratch2/junyuren/nanoGPT-manifold/out-small-qkv-grass-r256'

# Compile
compile = True

# System
dtype = 'bfloat16'
device = 'cuda'

# Phase identifier
grassmann_phase = 'small_qkv_r256'
# Small-scale GPT: QKV-only Grassmann, r=256 (50% of width)
# Proof of concept: Does Grassmann help attention at small scale?
# ~50M params, 6 layers, d=512

# Architecture (small-scale)
n_layer = 6
n_head = 8
n_embd = 512
block_size = 1024
dropout = 0.1
bias = False

# Enable Grassmann ONLY for c_attn (QKV), NO gating
use_grassmann = True
use_grassmann_c_attn = True   # Grassmann for attention
use_grassmann_c_fc = False    # AdamW for MLP
use_full_block_decomp = False

# Grassmann configuration: G_{1,0,r=256}
grass_rank = 256  # 50% of n_embd
grass_scale = 10.0
grass_a = 1.0
grass_b = 0.0
grass_lr = 2e-3

# NO gating (simplest test)

# Embedding LR
embed_lr = 3e-4

# Training hyperparameters
learning_rate = 6e-4
max_iters = 10000
warmup_iters = 1000
lr_decay_iters = 10000
min_lr = 6e-5

# Batch configuration
batch_size = 32
gradient_accumulation_steps = 12

# Regularization
weight_decay = 1e-1

# Optimizer
beta1 = 0.9
beta2 = 0.95
grad_clip = 1.0

# Evaluation
eval_interval = 500
eval_iters = 200
log_interval = 10

# Dataset
dataset = 'openwebtext'
data_dir = '/net/scratch2/junyuren/nanoGPT-manifold/data/openwebtext'
always_save_checkpoint = True

# Output directory
out_dir = '/net/scratch2/junyuren/nanoGPT-manifold/out-small-qkv-grass-r256'

# Compile
compile = True

# System
dtype = 'bfloat16'
device = 'cuda'

# Phase identifier
grassmann_phase = 'small_qkv_r256'


# Small-scale GPT: QKV-only Grassmann, r=256 (50% of width)
# Proof of concept: Does Grassmann help attention at small scale?
# ~50M params, 6 layers, d=512

# Architecture (small-scale)
n_layer = 6
n_head = 8
n_embd = 512
block_size = 1024
dropout = 0.1
bias = False

# Enable Grassmann ONLY for c_attn (QKV), NO gating
use_grassmann = True
use_grassmann_c_attn = True   # Grassmann for attention
use_grassmann_c_fc = False    # AdamW for MLP
use_full_block_decomp = False

# Grassmann configuration: G_{1,0,r=256}
grass_rank = 256  # 50% of n_embd
grass_scale = 10.0
grass_a = 1.0
grass_b = 0.0
grass_lr = 2e-3

# NO gating (simplest test)

# Embedding LR
embed_lr = 3e-4

# Training hyperparameters
learning_rate = 6e-4
max_iters = 10000
warmup_iters = 1000
lr_decay_iters = 10000
min_lr = 6e-5

# Batch configuration
batch_size = 32
gradient_accumulation_steps = 12

# Regularization
weight_decay = 1e-1

# Optimizer
beta1 = 0.9
beta2 = 0.95
grad_clip = 1.0

# Evaluation
eval_interval = 500
eval_iters = 200
log_interval = 10

# Dataset
dataset = 'openwebtext'
data_dir = '/net/scratch2/junyuren/nanoGPT-manifold/data/openwebtext'
always_save_checkpoint = True

# Output directory
out_dir = '/net/scratch2/junyuren/nanoGPT-manifold/out-small-qkv-grass-r256'

# Compile
compile = True

# System
dtype = 'bfloat16'
device = 'cuda'

# Phase identifier
grassmann_phase = 'small_qkv_r256'
# Small-scale GPT: QKV-only Grassmann, r=256 (50% of width)
# Proof of concept: Does Grassmann help attention at small scale?
# ~50M params, 6 layers, d=512

# Architecture (small-scale)
n_layer = 6
n_head = 8
n_embd = 512
block_size = 1024
dropout = 0.1
bias = False

# Enable Grassmann ONLY for c_attn (QKV), NO gating
use_grassmann = True
use_grassmann_c_attn = True   # Grassmann for attention
use_grassmann_c_fc = False    # AdamW for MLP
use_full_block_decomp = False

# Grassmann configuration: G_{1,0,r=256}
grass_rank = 256  # 50% of n_embd
grass_scale = 10.0
grass_a = 1.0
grass_b = 0.0
grass_lr = 2e-3

# NO gating (simplest test)

# Embedding LR
embed_lr = 3e-4

# Training hyperparameters
learning_rate = 6e-4
max_iters = 10000
warmup_iters = 1000
lr_decay_iters = 10000
min_lr = 6e-5

# Batch configuration
batch_size = 32
gradient_accumulation_steps = 12

# Regularization
weight_decay = 1e-1

# Optimizer
beta1 = 0.9
beta2 = 0.95
grad_clip = 1.0

# Evaluation
eval_interval = 500
eval_iters = 200
log_interval = 10

# Dataset
dataset = 'openwebtext'
data_dir = '/net/scratch2/junyuren/nanoGPT-manifold/data/openwebtext'
always_save_checkpoint = True

# Output directory
out_dir = '/net/scratch2/junyuren/nanoGPT-manifold/out-small-qkv-grass-r256'

# Compile
compile = True

# System
dtype = 'bfloat16'
device = 'cuda'

# Phase identifier
grassmann_phase = 'small_qkv_r256'


tokens per iteration will be: 393,216
Initializing a new model from scratch
defaulting to vocab_size of GPT-2 to 50304 (50257 rounded up for efficiency)
tokens per iteration will be: 393,216
Initializing a new model from scratch
defaulting to vocab_size of GPT-2 to 50304 (50257 rounded up for efficiency)
tokens per iteration will be: 393,216
Initializing a new model from scratch
defaulting to vocab_size of GPT-2 to 50304 (50257 rounded up for efficiency)
tokens per iteration will be: 393,216
Initializing a new model from scratch
defaulting to vocab_size of GPT-2 to 50304 (50257 rounded up for efficiency)
number of parameters: 44.71M

=== Phase small_qkv_r256 Grassmann Configuration ===

Per-block configuration (6 blocks):
  c_attn ranks:       [256, 256, 256, 256, 256, 256]
  c_attn scales:      ['1.00', '1.00', '1.00', '1.00', '1.00', '1.00']
  mlp.c_fc ranks:     [256, 256, 256, 256, 256, 256]
  mlp.c_fc scales:    ['1.00', '1.00', '1.00', '1.00', '1.00', '1.00']
Grassmann Muon parameters: 18 weight matrices, 4,718,592 params
AdamW optimizer groups:
  Gates:      6 tensors, 73,728 params, lr=1.20e-03, wd=0.1
  Projections: 12 tensors, 7,864,320 params, lr=6.00e-04, wd=0.1
  Embeddings: 2 tensors, 26,279,936 params, lr=3.00e-04, wd=0.0
  Other decay: 6 tensors, 6,291,456 params, lr=6.00e-04, wd=0.1
  No decay:   13 tensors, 6,656 params, lr=6.00e-04, wd=0.0
  transformer.h.0.attn.c_attn.blocks.0.weight: k=1, G_{1.0,0.0,256}, lr=0.008, scale=1.0, type=None
  transformer.h.0.attn.c_attn.blocks.1.weight: k=1, G_{1.0,0.0,256}, lr=0.008, scale=1.0, type=None
  transformer.h.0.attn.c_attn.blocks.2.weight: k=1, G_{1.0,0.0,256}, lr=0.008, scale=1.0, type=None
  transformer.h.1.attn.c_attn.blocks.0.weight: k=1, G_{1.0,0.0,256}, lr=0.008, scale=1.0, type=None
  transformer.h.1.attn.c_attn.blocks.1.weight: k=1, G_{1.0,0.0,256}, lr=0.008, scale=1.0, type=None
  transformer.h.1.attn.c_attn.blocks.2.weight: k=1, G_{1.0,0.0,256}, lr=0.008, scale=1.0, type=None
  transformer.h.2.attn.c_attn.blocks.0.weight: k=1, G_{1.0,0.0,256}, lr=0.008, scale=1.0, type=None
  transformer.h.2.attn.c_attn.blocks.1.weight: k=1, G_{1.0,0.0,256}, lr=0.008, scale=1.0, type=None
  transformer.h.2.attn.c_attn.blocks.2.weight: k=1, G_{1.0,0.0,256}, lr=0.008, scale=1.0, type=None
  transformer.h.3.attn.c_attn.blocks.0.weight: k=1, G_{1.0,0.0,256}, lr=0.008, scale=1.0, type=None
  transformer.h.3.attn.c_attn.blocks.1.weight: k=1, G_{1.0,0.0,256}, lr=0.008, scale=1.0, type=None
  transformer.h.3.attn.c_attn.blocks.2.weight: k=1, G_{1.0,0.0,256}, lr=0.008, scale=1.0, type=None
  transformer.h.4.attn.c_attn.blocks.0.weight: k=1, G_{1.0,0.0,256}, lr=0.008, scale=1.0, type=None
  transformer.h.4.attn.c_attn.blocks.1.weight: k=1, G_{1.0,0.0,256}, lr=0.008, scale=1.0, type=None
  transformer.h.4.attn.c_attn.blocks.2.weight: k=1, G_{1.0,0.0,256}, lr=0.008, scale=1.0, type=None
  transformer.h.5.attn.c_attn.blocks.0.weight: k=1, G_{1.0,0.0,256}, lr=0.008, scale=1.0, type=None
  transformer.h.5.attn.c_attn.blocks.1.weight: k=1, G_{1.0,0.0,256}, lr=0.008, scale=1.0, type=None
  transformer.h.5.attn.c_attn.blocks.2.weight: k=1, G_{1.0,0.0,256}, lr=0.008, scale=1.0, type=None
number of parameters: 44.71M

=== Phase small_qkv_r256 Grassmann Configuration ===

Per-block configuration (6 blocks):
  c_attn ranks:       [256, 256, 256, 256, 256, 256]
  c_attn scales:      ['1.00', '1.00', '1.00', '1.00', '1.00', '1.00']
  mlp.c_fc ranks:     [256, 256, 256, 256, 256, 256]
  mlp.c_fc scales:    ['1.00', '1.00', '1.00', '1.00', '1.00', '1.00']
Grassmann Muon parameters: 18 weight matrices, 4,718,592 params
AdamW optimizer groups:
  Gates:      6 tensors, 73,728 params, lr=1.20e-03, wd=0.1
  Projections: 12 tensors, 7,864,320 params, lr=6.00e-04, wd=0.1
  Embeddings: 2 tensors, 26,279,936 params, lr=3.00e-04, wd=0.0
  Other decay: 6 tensors, 6,291,456 params, lr=6.00e-04, wd=0.1
  No decay:   13 tensors, 6,656 params, lr=6.00e-04, wd=0.0
  transformer.h.0.attn.c_attn.blocks.0.weight: k=1, G_{1.0,0.0,256}, lr=0.008, scale=1.0, type=None
  transformer.h.0.attn.c_attn.blocks.1.weight: k=1, G_{1.0,0.0,256}, lr=0.008, scale=1.0, type=None
  transformer.h.0.attn.c_attn.blocks.2.weight: k=1, G_{1.0,0.0,256}, lr=0.008, scale=1.0, type=None
  transformer.h.1.attn.c_attn.blocks.0.weight: k=1, G_{1.0,0.0,256}, lr=0.008, scale=1.0, type=None
  transformer.h.1.attn.c_attn.blocks.1.weight: k=1, G_{1.0,0.0,256}, lr=0.008, scale=1.0, type=None
  transformer.h.1.attn.c_attn.blocks.2.weight: k=1, G_{1.0,0.0,256}, lr=0.008, scale=1.0, type=None
  transformer.h.2.attn.c_attn.blocks.0.weight: k=1, G_{1.0,0.0,256}, lr=0.008, scale=1.0, type=None
  transformer.h.2.attn.c_attn.blocks.1.weight: k=1, G_{1.0,0.0,256}, lr=0.008, scale=1.0, type=None
  transformer.h.2.attn.c_attn.blocks.2.weight: k=1, G_{1.0,0.0,256}, lr=0.008, scale=1.0, type=None
  transformer.h.3.attn.c_attn.blocks.0.weight: k=1, G_{1.0,0.0,256}, lr=0.008, scale=1.0, type=None
  transformer.h.3.attn.c_attn.blocks.1.weight: k=1, G_{1.0,0.0,256}, lr=0.008, scale=1.0, type=None
  transformer.h.3.attn.c_attn.blocks.2.weight: k=1, G_{1.0,0.0,256}, lr=0.008, scale=1.0, type=None
  transformer.h.4.attn.c_attn.blocks.0.weight: k=1, G_{1.0,0.0,256}, lr=0.008, scale=1.0, type=None
  transformer.h.4.attn.c_attn.blocks.1.weight: k=1, G_{1.0,0.0,256}, lr=0.008, scale=1.0, type=None
  transformer.h.4.attn.c_attn.blocks.2.weight: k=1, G_{1.0,0.0,256}, lr=0.008, scale=1.0, type=None
  transformer.h.5.attn.c_attn.blocks.0.weight: k=1, G_{1.0,0.0,256}, lr=0.008, scale=1.0, type=None
  transformer.h.5.attn.c_attn.blocks.1.weight: k=1, G_{1.0,0.0,256}, lr=0.008, scale=1.0, type=None
  transformer.h.5.attn.c_attn.blocks.2.weight: k=1, G_{1.0,0.0,256}, lr=0.008, scale=1.0, type=None
number of parameters: 44.71M
number of parameters: 44.71M

=== Phase small_qkv_r256 Grassmann Configuration ===

Per-block configuration (6 blocks):
  c_attn ranks:       [256, 256, 256, 256, 256, 256]
  c_attn scales:      ['1.00', '1.00', '1.00', '1.00', '1.00', '1.00']
  mlp.c_fc ranks:     [256, 256, 256, 256, 256, 256]
  mlp.c_fc scales:    ['1.00', '1.00', '1.00', '1.00', '1.00', '1.00']
Grassmann Muon parameters: 18 weight matrices, 4,718,592 params
AdamW optimizer groups:
  Gates:      6 tensors, 73,728 params, lr=1.20e-03, wd=0.1
  Projections: 12 tensors, 7,864,320 params, lr=6.00e-04, wd=0.1
  Embeddings: 2 tensors, 26,279,936 params, lr=3.00e-04, wd=0.0
  Other decay: 6 tensors, 6,291,456 params, lr=6.00e-04, wd=0.1
  No decay:   13 tensors, 6,656 params, lr=6.00e-04, wd=0.0
  transformer.h.0.attn.c_attn.blocks.0.weight: k=1, G_{1.0,0.0,256}, lr=0.008, scale=1.0, type=None
  transformer.h.0.attn.c_attn.blocks.1.weight: k=1, G_{1.0,0.0,256}, lr=0.008, scale=1.0, type=None
  transformer.h.0.attn.c_attn.blocks.2.weight: k=1, G_{1.0,0.0,256}, lr=0.008, scale=1.0, type=None
  transformer.h.1.attn.c_attn.blocks.0.weight: k=1, G_{1.0,0.0,256}, lr=0.008, scale=1.0, type=None
  transformer.h.1.attn.c_attn.blocks.1.weight: k=1, G_{1.0,0.0,256}, lr=0.008, scale=1.0, type=None
  transformer.h.1.attn.c_attn.blocks.2.weight: k=1, G_{1.0,0.0,256}, lr=0.008, scale=1.0, type=None
  transformer.h.2.attn.c_attn.blocks.0.weight: k=1, G_{1.0,0.0,256}, lr=0.008, scale=1.0, type=None
  transformer.h.2.attn.c_attn.blocks.1.weight: k=1, G_{1.0,0.0,256}, lr=0.008, scale=1.0, type=None
  transformer.h.2.attn.c_attn.blocks.2.weight: k=1, G_{1.0,0.0,256}, lr=0.008, scale=1.0, type=None
  transformer.h.3.attn.c_attn.blocks.0.weight: k=1, G_{1.0,0.0,256}, lr=0.008, scale=1.0, type=None
  transformer.h.3.attn.c_attn.blocks.1.weight: k=1, G_{1.0,0.0,256}, lr=0.008, scale=1.0, type=None
  transformer.h.3.attn.c_attn.blocks.2.weight: k=1, G_{1.0,0.0,256}, lr=0.008, scale=1.0, type=None
  transformer.h.4.attn.c_attn.blocks.0.weight: k=1, G_{1.0,0.0,256}, lr=0.008, scale=1.0, type=None
  transformer.h.4.attn.c_attn.blocks.1.weight: k=1, G_{1.0,0.0,256}, lr=0.008, scale=1.0, type=None
  transformer.h.4.attn.c_attn.blocks.2.weight: k=1, G_{1.0,0.0,256}, lr=0.008, scale=1.0, type=None
  transformer.h.5.attn.c_attn.blocks.0.weight: k=1, G_{1.0,0.0,256}, lr=0.008, scale=1.0, type=None
  transformer.h.5.attn.c_attn.blocks.1.weight: k=1, G_{1.0,0.0,256}, lr=0.008, scale=1.0, type=None
  transformer.h.5.attn.c_attn.blocks.2.weight: k=1, G_{1.0,0.0,256}, lr=0.008, scale=1.0, type=None

=== Phase small_qkv_r256 Grassmann Configuration ===

Per-block configuration (6 blocks):
  c_attn ranks:       [256, 256, 256, 256, 256, 256]
  c_attn scales:      ['1.00', '1.00', '1.00', '1.00', '1.00', '1.00']
  mlp.c_fc ranks:     [256, 256, 256, 256, 256, 256]
  mlp.c_fc scales:    ['1.00', '1.00', '1.00', '1.00', '1.00', '1.00']
Grassmann Muon parameters: 18 weight matrices, 4,718,592 params
AdamW optimizer groups:
  Gates:      6 tensors, 73,728 params, lr=1.20e-03, wd=0.1
  Projections: 12 tensors, 7,864,320 params, lr=6.00e-04, wd=0.1
  Embeddings: 2 tensors, 26,279,936 params, lr=3.00e-04, wd=0.0
  Other decay: 6 tensors, 6,291,456 params, lr=6.00e-04, wd=0.1
  No decay:   13 tensors, 6,656 params, lr=6.00e-04, wd=0.0
  transformer.h.0.attn.c_attn.blocks.0.weight: k=1, G_{1.0,0.0,256}, lr=0.008, scale=1.0, type=None
  transformer.h.0.attn.c_attn.blocks.1.weight: k=1, G_{1.0,0.0,256}, lr=0.008, scale=1.0, type=None
  transformer.h.0.attn.c_attn.blocks.2.weight: k=1, G_{1.0,0.0,256}, lr=0.008, scale=1.0, type=None
  transformer.h.1.attn.c_attn.blocks.0.weight: k=1, G_{1.0,0.0,256}, lr=0.008, scale=1.0, type=None
  transformer.h.1.attn.c_attn.blocks.1.weight: k=1, G_{1.0,0.0,256}, lr=0.008, scale=1.0, type=None
  transformer.h.1.attn.c_attn.blocks.2.weight: k=1, G_{1.0,0.0,256}, lr=0.008, scale=1.0, type=None
  transformer.h.2.attn.c_attn.blocks.0.weight: k=1, G_{1.0,0.0,256}, lr=0.008, scale=1.0, type=None
  transformer.h.2.attn.c_attn.blocks.1.weight: k=1, G_{1.0,0.0,256}, lr=0.008, scale=1.0, type=None
  transformer.h.2.attn.c_attn.blocks.2.weight: k=1, G_{1.0,0.0,256}, lr=0.008, scale=1.0, type=None
  transformer.h.3.attn.c_attn.blocks.0.weight: k=1, G_{1.0,0.0,256}, lr=0.008, scale=1.0, type=None
  transformer.h.3.attn.c_attn.blocks.1.weight: k=1, G_{1.0,0.0,256}, lr=0.008, scale=1.0, type=None
  transformer.h.3.attn.c_attn.blocks.2.weight: k=1, G_{1.0,0.0,256}, lr=0.008, scale=1.0, type=None
  transformer.h.4.attn.c_attn.blocks.0.weight: k=1, G_{1.0,0.0,256}, lr=0.008, scale=1.0, type=None
  transformer.h.4.attn.c_attn.blocks.1.weight: k=1, G_{1.0,0.0,256}, lr=0.008, scale=1.0, type=None
  transformer.h.4.attn.c_attn.blocks.2.weight: k=1, G_{1.0,0.0,256}, lr=0.008, scale=1.0, type=None
  transformer.h.5.attn.c_attn.blocks.0.weight: k=1, G_{1.0,0.0,256}, lr=0.008, scale=1.0, type=None
  transformer.h.5.attn.c_attn.blocks.1.weight: k=1, G_{1.0,0.0,256}, lr=0.008, scale=1.0, type=None
  transformer.h.5.attn.c_attn.blocks.2.weight: k=1, G_{1.0,0.0,256}, lr=0.008, scale=1.0, type=None
using fused AdamW: True

=== Initializing Grassmann Weights (Block Decomposition) ===
Number of weight types to initialize: 18

Initializing attn.c_attn.blocks.0.: k=1, G_{1.0,0.0,256}, type=None
using fused AdamW: Trueusing fused AdamW: True


=== Initializing Grassmann Weights (Block Decomposition) ===
Number of weight types to initialize: 18

=== Initializing Grassmann Weights (Block Decomposition) ===
using fused AdamW: True
Initializing attn.c_attn.blocks.0.: k=1, G_{1.0,0.0,256}, type=NoneNumber of weight types to initialize: 18



Initializing attn.c_attn.blocks.0.: k=1, G_{1.0,0.0,256}, type=None

=== Initializing Grassmann Weights (Block Decomposition) ===
Number of weight types to initialize: 18

Initializing attn.c_attn.blocks.0.: k=1, G_{1.0,0.0,256}, type=None
  Initialized transformer.h.0.attn.c_attn.blocks.0.weight (512, 512) on G_{1.0,0.0,256}
  Initialized transformer.h.1.attn.c_attn.blocks.0.weight (512, 512) on G_{1.0,0.0,256}
  Initialized transformer.h.0.attn.c_attn.blocks.0.weight (512, 512) on G_{1.0,0.0,256}
  Initialized transformer.h.2.attn.c_attn.blocks.0.weight (512, 512) on G_{1.0,0.0,256}
  Initialized transformer.h.0.attn.c_attn.blocks.0.weight (512, 512) on G_{1.0,0.0,256}  Initialized transformer.h.0.attn.c_attn.blocks.0.weight (512, 512) on G_{1.0,0.0,256}

  Initialized transformer.h.3.attn.c_attn.blocks.0.weight (512, 512) on G_{1.0,0.0,256}
  Initialized transformer.h.1.attn.c_attn.blocks.0.weight (512, 512) on G_{1.0,0.0,256}
  Initialized transformer.h.1.attn.c_attn.blocks.0.weight (512, 512) on G_{1.0,0.0,256}  Initialized transformer.h.1.attn.c_attn.blocks.0.weight (512, 512) on G_{1.0,0.0,256}

  Initialized transformer.h.4.attn.c_attn.blocks.0.weight (512, 512) on G_{1.0,0.0,256}
  Initialized transformer.h.2.attn.c_attn.blocks.0.weight (512, 512) on G_{1.0,0.0,256}
  Initialized transformer.h.2.attn.c_attn.blocks.0.weight (512, 512) on G_{1.0,0.0,256}  Initialized transformer.h.2.attn.c_attn.blocks.0.weight (512, 512) on G_{1.0,0.0,256}

  Initialized transformer.h.5.attn.c_attn.blocks.0.weight (512, 512) on G_{1.0,0.0,256}

Initializing attn.c_attn.blocks.1.: k=1, G_{1.0,0.0,256}, type=None
  Initialized transformer.h.3.attn.c_attn.blocks.0.weight (512, 512) on G_{1.0,0.0,256}
  Initialized transformer.h.3.attn.c_attn.blocks.0.weight (512, 512) on G_{1.0,0.0,256}  Initialized transformer.h.3.attn.c_attn.blocks.0.weight (512, 512) on G_{1.0,0.0,256}

  Initialized transformer.h.0.attn.c_attn.blocks.1.weight (512, 512) on G_{1.0,0.0,256}
  Initialized transformer.h.4.attn.c_attn.blocks.0.weight (512, 512) on G_{1.0,0.0,256}
  Initialized transformer.h.4.attn.c_attn.blocks.0.weight (512, 512) on G_{1.0,0.0,256}  Initialized transformer.h.4.attn.c_attn.blocks.0.weight (512, 512) on G_{1.0,0.0,256}

  Initialized transformer.h.1.attn.c_attn.blocks.1.weight (512, 512) on G_{1.0,0.0,256}
  Initialized transformer.h.5.attn.c_attn.blocks.0.weight (512, 512) on G_{1.0,0.0,256}

Initializing attn.c_attn.blocks.1.: k=1, G_{1.0,0.0,256}, type=None
  Initialized transformer.h.5.attn.c_attn.blocks.0.weight (512, 512) on G_{1.0,0.0,256}  Initialized transformer.h.5.attn.c_attn.blocks.0.weight (512, 512) on G_{1.0,0.0,256}

  Initialized transformer.h.2.attn.c_attn.blocks.1.weight (512, 512) on G_{1.0,0.0,256}

Initializing attn.c_attn.blocks.1.: k=1, G_{1.0,0.0,256}, type=None

Initializing attn.c_attn.blocks.1.: k=1, G_{1.0,0.0,256}, type=None
  Initialized transformer.h.0.attn.c_attn.blocks.1.weight (512, 512) on G_{1.0,0.0,256}
  Initialized transformer.h.3.attn.c_attn.blocks.1.weight (512, 512) on G_{1.0,0.0,256}
  Initialized transformer.h.0.attn.c_attn.blocks.1.weight (512, 512) on G_{1.0,0.0,256}  Initialized transformer.h.0.attn.c_attn.blocks.1.weight (512, 512) on G_{1.0,0.0,256}

  Initialized transformer.h.1.attn.c_attn.blocks.1.weight (512, 512) on G_{1.0,0.0,256}
  Initialized transformer.h.4.attn.c_attn.blocks.1.weight (512, 512) on G_{1.0,0.0,256}
  Initialized transformer.h.1.attn.c_attn.blocks.1.weight (512, 512) on G_{1.0,0.0,256}  Initialized transformer.h.1.attn.c_attn.blocks.1.weight (512, 512) on G_{1.0,0.0,256}

  Initialized transformer.h.2.attn.c_attn.blocks.1.weight (512, 512) on G_{1.0,0.0,256}
  Initialized transformer.h.5.attn.c_attn.blocks.1.weight (512, 512) on G_{1.0,0.0,256}

Initializing attn.c_attn.blocks.2.: k=1, G_{1.0,0.0,256}, type=None
  Initialized transformer.h.2.attn.c_attn.blocks.1.weight (512, 512) on G_{1.0,0.0,256}  Initialized transformer.h.2.attn.c_attn.blocks.1.weight (512, 512) on G_{1.0,0.0,256}

  Initialized transformer.h.3.attn.c_attn.blocks.1.weight (512, 512) on G_{1.0,0.0,256}
  Initialized transformer.h.0.attn.c_attn.blocks.2.weight (512, 512) on G_{1.0,0.0,256}
  Initialized transformer.h.3.attn.c_attn.blocks.1.weight (512, 512) on G_{1.0,0.0,256}  Initialized transformer.h.3.attn.c_attn.blocks.1.weight (512, 512) on G_{1.0,0.0,256}

  Initialized transformer.h.4.attn.c_attn.blocks.1.weight (512, 512) on G_{1.0,0.0,256}
  Initialized transformer.h.1.attn.c_attn.blocks.2.weight (512, 512) on G_{1.0,0.0,256}
  Initialized transformer.h.4.attn.c_attn.blocks.1.weight (512, 512) on G_{1.0,0.0,256}
  Initialized transformer.h.4.attn.c_attn.blocks.1.weight (512, 512) on G_{1.0,0.0,256}
  Initialized transformer.h.5.attn.c_attn.blocks.1.weight (512, 512) on G_{1.0,0.0,256}

Initializing attn.c_attn.blocks.2.: k=1, G_{1.0,0.0,256}, type=None
  Initialized transformer.h.5.attn.c_attn.blocks.1.weight (512, 512) on G_{1.0,0.0,256}

Initializing attn.c_attn.blocks.2.: k=1, G_{1.0,0.0,256}, type=None
  Initialized transformer.h.5.attn.c_attn.blocks.1.weight (512, 512) on G_{1.0,0.0,256}

Initializing attn.c_attn.blocks.2.: k=1, G_{1.0,0.0,256}, type=None
  Initialized transformer.h.2.attn.c_attn.blocks.2.weight (512, 512) on G_{1.0,0.0,256}
  Initialized transformer.h.0.attn.c_attn.blocks.2.weight (512, 512) on G_{1.0,0.0,256}
  Initialized transformer.h.0.attn.c_attn.blocks.2.weight (512, 512) on G_{1.0,0.0,256}
  Initialized transformer.h.0.attn.c_attn.blocks.2.weight (512, 512) on G_{1.0,0.0,256}
  Initialized transformer.h.1.attn.c_attn.blocks.2.weight (512, 512) on G_{1.0,0.0,256}
  Initialized transformer.h.1.attn.c_attn.blocks.2.weight (512, 512) on G_{1.0,0.0,256}
  Initialized transformer.h.1.attn.c_attn.blocks.2.weight (512, 512) on G_{1.0,0.0,256}
  Initialized transformer.h.3.attn.c_attn.blocks.2.weight (512, 512) on G_{1.0,0.0,256}
  Initialized transformer.h.2.attn.c_attn.blocks.2.weight (512, 512) on G_{1.0,0.0,256}
  Initialized transformer.h.2.attn.c_attn.blocks.2.weight (512, 512) on G_{1.0,0.0,256}
  Initialized transformer.h.2.attn.c_attn.blocks.2.weight (512, 512) on G_{1.0,0.0,256}
  Initialized transformer.h.4.attn.c_attn.blocks.2.weight (512, 512) on G_{1.0,0.0,256}
  Initialized transformer.h.3.attn.c_attn.blocks.2.weight (512, 512) on G_{1.0,0.0,256}
  Initialized transformer.h.3.attn.c_attn.blocks.2.weight (512, 512) on G_{1.0,0.0,256}
  Initialized transformer.h.3.attn.c_attn.blocks.2.weight (512, 512) on G_{1.0,0.0,256}
  Initialized transformer.h.5.attn.c_attn.blocks.2.weight (512, 512) on G_{1.0,0.0,256}

Initializing transformer.h.1.attn.c_attn.blocks.0.: k=1, G_{1.0,0.0,256}, type=None
  Initialized transformer.h.4.attn.c_attn.blocks.2.weight (512, 512) on G_{1.0,0.0,256}
  Initialized transformer.h.4.attn.c_attn.blocks.2.weight (512, 512) on G_{1.0,0.0,256}
  Initialized transformer.h.4.attn.c_attn.blocks.2.weight (512, 512) on G_{1.0,0.0,256}
  Initialized transformer.h.1.attn.c_attn.blocks.0.weight (512, 512) on G_{1.0,0.0,256}

Initializing transformer.h.1.attn.c_attn.blocks.1.: k=1, G_{1.0,0.0,256}, type=None
  Initialized transformer.h.5.attn.c_attn.blocks.2.weight (512, 512) on G_{1.0,0.0,256}

Initializing transformer.h.1.attn.c_attn.blocks.0.: k=1, G_{1.0,0.0,256}, type=None
  Initialized transformer.h.5.attn.c_attn.blocks.2.weight (512, 512) on G_{1.0,0.0,256}

Initializing transformer.h.1.attn.c_attn.blocks.0.: k=1, G_{1.0,0.0,256}, type=None
  Initialized transformer.h.5.attn.c_attn.blocks.2.weight (512, 512) on G_{1.0,0.0,256}

Initializing transformer.h.1.attn.c_attn.blocks.0.: k=1, G_{1.0,0.0,256}, type=None
  Initialized transformer.h.1.attn.c_attn.blocks.1.weight (512, 512) on G_{1.0,0.0,256}

Initializing transformer.h.1.attn.c_attn.blocks.2.: k=1, G_{1.0,0.0,256}, type=None
  Initialized transformer.h.1.attn.c_attn.blocks.0.weight (512, 512) on G_{1.0,0.0,256}
  Initialized transformer.h.1.attn.c_attn.blocks.0.weight (512, 512) on G_{1.0,0.0,256}

Initializing transformer.h.1.attn.c_attn.blocks.1.: k=1, G_{1.0,0.0,256}, type=None
  Initialized transformer.h.1.attn.c_attn.blocks.0.weight (512, 512) on G_{1.0,0.0,256}

Initializing transformer.h.1.attn.c_attn.blocks.1.: k=1, G_{1.0,0.0,256}, type=None

Initializing transformer.h.1.attn.c_attn.blocks.1.: k=1, G_{1.0,0.0,256}, type=None
  Initialized transformer.h.1.attn.c_attn.blocks.2.weight (512, 512) on G_{1.0,0.0,256}

Initializing transformer.h.2.attn.c_attn.blocks.0.: k=1, G_{1.0,0.0,256}, type=None
  Initialized transformer.h.1.attn.c_attn.blocks.1.weight (512, 512) on G_{1.0,0.0,256}
  Initialized transformer.h.1.attn.c_attn.blocks.1.weight (512, 512) on G_{1.0,0.0,256}

Initializing transformer.h.1.attn.c_attn.blocks.2.: k=1, G_{1.0,0.0,256}, type=None
  Initialized transformer.h.1.attn.c_attn.blocks.1.weight (512, 512) on G_{1.0,0.0,256}

Initializing transformer.h.1.attn.c_attn.blocks.2.: k=1, G_{1.0,0.0,256}, type=None

Initializing transformer.h.1.attn.c_attn.blocks.2.: k=1, G_{1.0,0.0,256}, type=None
  Initialized transformer.h.2.attn.c_attn.blocks.0.weight (512, 512) on G_{1.0,0.0,256}

Initializing transformer.h.2.attn.c_attn.blocks.1.: k=1, G_{1.0,0.0,256}, type=None
  Initialized transformer.h.1.attn.c_attn.blocks.2.weight (512, 512) on G_{1.0,0.0,256}
  Initialized transformer.h.1.attn.c_attn.blocks.2.weight (512, 512) on G_{1.0,0.0,256}

Initializing transformer.h.2.attn.c_attn.blocks.0.: k=1, G_{1.0,0.0,256}, type=None
  Initialized transformer.h.1.attn.c_attn.blocks.2.weight (512, 512) on G_{1.0,0.0,256}

Initializing transformer.h.2.attn.c_attn.blocks.0.: k=1, G_{1.0,0.0,256}, type=None

Initializing transformer.h.2.attn.c_attn.blocks.0.: k=1, G_{1.0,0.0,256}, type=None
  Initialized transformer.h.2.attn.c_attn.blocks.1.weight (512, 512) on G_{1.0,0.0,256}

Initializing transformer.h.2.attn.c_attn.blocks.2.: k=1, G_{1.0,0.0,256}, type=None
  Initialized transformer.h.2.attn.c_attn.blocks.0.weight (512, 512) on G_{1.0,0.0,256}
  Initialized transformer.h.2.attn.c_attn.blocks.0.weight (512, 512) on G_{1.0,0.0,256}

Initializing transformer.h.2.attn.c_attn.blocks.1.: k=1, G_{1.0,0.0,256}, type=None

Initializing transformer.h.2.attn.c_attn.blocks.1.: k=1, G_{1.0,0.0,256}, type=None
  Initialized transformer.h.2.attn.c_attn.blocks.0.weight (512, 512) on G_{1.0,0.0,256}

Initializing transformer.h.2.attn.c_attn.blocks.1.: k=1, G_{1.0,0.0,256}, type=None
  Initialized transformer.h.2.attn.c_attn.blocks.2.weight (512, 512) on G_{1.0,0.0,256}

Initializing transformer.h.3.attn.c_attn.blocks.0.: k=1, G_{1.0,0.0,256}, type=None
  Initialized transformer.h.2.attn.c_attn.blocks.1.weight (512, 512) on G_{1.0,0.0,256}
  Initialized transformer.h.2.attn.c_attn.blocks.1.weight (512, 512) on G_{1.0,0.0,256}

Initializing transformer.h.2.attn.c_attn.blocks.2.: k=1, G_{1.0,0.0,256}, type=None

Initializing transformer.h.2.attn.c_attn.blocks.2.: k=1, G_{1.0,0.0,256}, type=None
  Initialized transformer.h.2.attn.c_attn.blocks.1.weight (512, 512) on G_{1.0,0.0,256}

Initializing transformer.h.2.attn.c_attn.blocks.2.: k=1, G_{1.0,0.0,256}, type=None
  Initialized transformer.h.3.attn.c_attn.blocks.0.weight (512, 512) on G_{1.0,0.0,256}

Initializing transformer.h.3.attn.c_attn.blocks.1.: k=1, G_{1.0,0.0,256}, type=None
  Initialized transformer.h.2.attn.c_attn.blocks.2.weight (512, 512) on G_{1.0,0.0,256}
  Initialized transformer.h.2.attn.c_attn.blocks.2.weight (512, 512) on G_{1.0,0.0,256}

Initializing transformer.h.3.attn.c_attn.blocks.0.: k=1, G_{1.0,0.0,256}, type=None

Initializing transformer.h.3.attn.c_attn.blocks.0.: k=1, G_{1.0,0.0,256}, type=None
  Initialized transformer.h.2.attn.c_attn.blocks.2.weight (512, 512) on G_{1.0,0.0,256}

Initializing transformer.h.3.attn.c_attn.blocks.0.: k=1, G_{1.0,0.0,256}, type=None
  Initialized transformer.h.3.attn.c_attn.blocks.1.weight (512, 512) on G_{1.0,0.0,256}

Initializing transformer.h.3.attn.c_attn.blocks.2.: k=1, G_{1.0,0.0,256}, type=None
  Initialized transformer.h.3.attn.c_attn.blocks.0.weight (512, 512) on G_{1.0,0.0,256}
  Initialized transformer.h.3.attn.c_attn.blocks.0.weight (512, 512) on G_{1.0,0.0,256}

Initializing transformer.h.3.attn.c_attn.blocks.1.: k=1, G_{1.0,0.0,256}, type=None
Initializing transformer.h.3.attn.c_attn.blocks.1.: k=1, G_{1.0,0.0,256}, type=None

  Initialized transformer.h.3.attn.c_attn.blocks.0.weight (512, 512) on G_{1.0,0.0,256}

Initializing transformer.h.3.attn.c_attn.blocks.1.: k=1, G_{1.0,0.0,256}, type=None
  Initialized transformer.h.3.attn.c_attn.blocks.2.weight (512, 512) on G_{1.0,0.0,256}

Initializing transformer.h.4.attn.c_attn.blocks.0.: k=1, G_{1.0,0.0,256}, type=None
  Initialized transformer.h.3.attn.c_attn.blocks.1.weight (512, 512) on G_{1.0,0.0,256}
  Initialized transformer.h.3.attn.c_attn.blocks.1.weight (512, 512) on G_{1.0,0.0,256}

Initializing transformer.h.3.attn.c_attn.blocks.2.: k=1, G_{1.0,0.0,256}, type=None

Initializing transformer.h.3.attn.c_attn.blocks.2.: k=1, G_{1.0,0.0,256}, type=None
  Initialized transformer.h.3.attn.c_attn.blocks.1.weight (512, 512) on G_{1.0,0.0,256}

Initializing transformer.h.3.attn.c_attn.blocks.2.: k=1, G_{1.0,0.0,256}, type=None
  Initialized transformer.h.4.attn.c_attn.blocks.0.weight (512, 512) on G_{1.0,0.0,256}

Initializing transformer.h.4.attn.c_attn.blocks.1.: k=1, G_{1.0,0.0,256}, type=None
  Initialized transformer.h.3.attn.c_attn.blocks.2.weight (512, 512) on G_{1.0,0.0,256}
  Initialized transformer.h.3.attn.c_attn.blocks.2.weight (512, 512) on G_{1.0,0.0,256}

Initializing transformer.h.4.attn.c_attn.blocks.0.: k=1, G_{1.0,0.0,256}, type=None

Initializing transformer.h.4.attn.c_attn.blocks.0.: k=1, G_{1.0,0.0,256}, type=None
  Initialized transformer.h.3.attn.c_attn.blocks.2.weight (512, 512) on G_{1.0,0.0,256}

Initializing transformer.h.4.attn.c_attn.blocks.0.: k=1, G_{1.0,0.0,256}, type=None
  Initialized transformer.h.4.attn.c_attn.blocks.1.weight (512, 512) on G_{1.0,0.0,256}

Initializing transformer.h.4.attn.c_attn.blocks.2.: k=1, G_{1.0,0.0,256}, type=None
  Initialized transformer.h.4.attn.c_attn.blocks.0.weight (512, 512) on G_{1.0,0.0,256}

Initializing transformer.h.4.attn.c_attn.blocks.1.: k=1, G_{1.0,0.0,256}, type=None
  Initialized transformer.h.4.attn.c_attn.blocks.0.weight (512, 512) on G_{1.0,0.0,256}

Initializing transformer.h.4.attn.c_attn.blocks.1.: k=1, G_{1.0,0.0,256}, type=None
  Initialized transformer.h.4.attn.c_attn.blocks.0.weight (512, 512) on G_{1.0,0.0,256}

Initializing transformer.h.4.attn.c_attn.blocks.1.: k=1, G_{1.0,0.0,256}, type=None
  Initialized transformer.h.4.attn.c_attn.blocks.2.weight (512, 512) on G_{1.0,0.0,256}

Initializing transformer.h.5.attn.c_attn.blocks.0.: k=1, G_{1.0,0.0,256}, type=None
  Initialized transformer.h.4.attn.c_attn.blocks.1.weight (512, 512) on G_{1.0,0.0,256}

Initializing transformer.h.4.attn.c_attn.blocks.2.: k=1, G_{1.0,0.0,256}, type=None
  Initialized transformer.h.4.attn.c_attn.blocks.1.weight (512, 512) on G_{1.0,0.0,256}

Initializing transformer.h.4.attn.c_attn.blocks.2.: k=1, G_{1.0,0.0,256}, type=None
  Initialized transformer.h.4.attn.c_attn.blocks.1.weight (512, 512) on G_{1.0,0.0,256}

Initializing transformer.h.4.attn.c_attn.blocks.2.: k=1, G_{1.0,0.0,256}, type=None
  Initialized transformer.h.5.attn.c_attn.blocks.0.weight (512, 512) on G_{1.0,0.0,256}

Initializing transformer.h.5.attn.c_attn.blocks.1.: k=1, G_{1.0,0.0,256}, type=None
  Initialized transformer.h.4.attn.c_attn.blocks.2.weight (512, 512) on G_{1.0,0.0,256}

Initializing transformer.h.5.attn.c_attn.blocks.0.: k=1, G_{1.0,0.0,256}, type=None
  Initialized transformer.h.4.attn.c_attn.blocks.2.weight (512, 512) on G_{1.0,0.0,256}

Initializing transformer.h.5.attn.c_attn.blocks.0.: k=1, G_{1.0,0.0,256}, type=None
  Initialized transformer.h.4.attn.c_attn.blocks.2.weight (512, 512) on G_{1.0,0.0,256}

Initializing transformer.h.5.attn.c_attn.blocks.0.: k=1, G_{1.0,0.0,256}, type=None
  Initialized transformer.h.5.attn.c_attn.blocks.1.weight (512, 512) on G_{1.0,0.0,256}

Initializing transformer.h.5.attn.c_attn.blocks.2.: k=1, G_{1.0,0.0,256}, type=None
  Initialized transformer.h.5.attn.c_attn.blocks.0.weight (512, 512) on G_{1.0,0.0,256}

Initializing transformer.h.5.attn.c_attn.blocks.1.: k=1, G_{1.0,0.0,256}, type=None
  Initialized transformer.h.5.attn.c_attn.blocks.0.weight (512, 512) on G_{1.0,0.0,256}

Initializing transformer.h.5.attn.c_attn.blocks.1.: k=1, G_{1.0,0.0,256}, type=None
  Initialized transformer.h.5.attn.c_attn.blocks.0.weight (512, 512) on G_{1.0,0.0,256}

Initializing transformer.h.5.attn.c_attn.blocks.1.: k=1, G_{1.0,0.0,256}, type=None
  Initialized transformer.h.5.attn.c_attn.blocks.2.weight (512, 512) on G_{1.0,0.0,256}

Grassmann block initialization complete.

=== Setting up component-specific dropout ===
AdamW components: dropout = 0.1
Grassmann components: dropout = 0.05
Component-specific dropout setup complete.

=== Setting up norm-preserving scaling (Phase small_qkv_r256) ===
Norm-preserving scaling setup complete.
compiling the model... (takes a ~minute)
  Initialized transformer.h.5.attn.c_attn.blocks.1.weight (512, 512) on G_{1.0,0.0,256}

Initializing transformer.h.5.attn.c_attn.blocks.2.: k=1, G_{1.0,0.0,256}, type=None
  Initialized transformer.h.5.attn.c_attn.blocks.1.weight (512, 512) on G_{1.0,0.0,256}

Initializing transformer.h.5.attn.c_attn.blocks.2.: k=1, G_{1.0,0.0,256}, type=None
  Initialized transformer.h.5.attn.c_attn.blocks.1.weight (512, 512) on G_{1.0,0.0,256}

Initializing transformer.h.5.attn.c_attn.blocks.2.: k=1, G_{1.0,0.0,256}, type=None
  Initialized transformer.h.5.attn.c_attn.blocks.2.weight (512, 512) on G_{1.0,0.0,256}

Grassmann block initialization complete.

=== Setting up component-specific dropout ===
AdamW components: dropout = 0.1
Grassmann components: dropout = 0.05
  Initialized transformer.h.5.attn.c_attn.blocks.2.weight (512, 512) on G_{1.0,0.0,256}Component-specific dropout setup complete.


=== Setting up norm-preserving scaling (Phase small_qkv_r256) ===
Norm-preserving scaling setup complete.
compiling the model... (takes a ~minute)

Grassmann block initialization complete.

=== Setting up component-specific dropout ===
AdamW components: dropout = 0.1
Grassmann components: dropout = 0.05
  Initialized transformer.h.5.attn.c_attn.blocks.2.weight (512, 512) on G_{1.0,0.0,256}

Grassmann block initialization complete.

=== Setting up component-specific dropout ===
AdamW components: dropout = 0.1
Grassmann components: dropout = 0.05
Component-specific dropout setup complete.

=== Setting up norm-preserving scaling (Phase small_qkv_r256) ===
Norm-preserving scaling setup complete.
compiling the model... (takes a ~minute)
Component-specific dropout setup complete.

=== Setting up norm-preserving scaling (Phase small_qkv_r256) ===
Norm-preserving scaling setup complete.
compiling the model... (takes a ~minute)
step 0: train loss 10.9263, val loss 10.9259
iter 0: loss 10.9216, time 19116.30ms, mfu -100.00%
iter 10: loss 10.8846, time 777.57ms, mfu 12.40%
iter 20: loss 10.7566, time 766.03ms, mfu 12.42%
iter 30: loss 10.4787, time 757.08ms, mfu 12.45%
iter 40: loss 10.2218, time 752.83ms, mfu 12.49%
iter 50: loss 9.9985, time 751.63ms, mfu 12.52%
iter 60: loss 9.7464, time 749.04ms, mfu 12.56%
iter 70: loss 9.4951, time 752.24ms, mfu 12.58%
iter 80: loss 9.2832, time 760.70ms, mfu 12.59%
iter 90: loss 9.1905, time 788.94ms, mfu 12.55%
iter 100: loss 8.9015, time 739.84ms, mfu 12.60%
iter 110: loss 8.4983, time 760.73ms, mfu 12.61%
iter 120: loss 8.2336, time 766.02ms, mfu 12.61%
iter 130: loss 7.8852, time 771.28ms, mfu 12.60%
iter 140: loss 7.7309, time 761.39ms, mfu 12.60%
iter 150: loss 7.6359, time 768.07ms, mfu 12.60%
iter 160: loss 7.2999, time 742.91ms, mfu 12.64%
iter 170: loss 7.3120, time 751.79ms, mfu 12.65%
iter 180: loss 7.1771, time 733.77ms, mfu 12.70%
iter 190: loss 7.3068, time 753.16ms, mfu 12.71%
iter 200: loss 7.1834, time 749.52ms, mfu 12.73%
iter 210: loss 6.8760, time 753.54ms, mfu 12.73%
iter 220: loss 6.7720, time 744.68ms, mfu 12.76%
iter 230: loss 6.7201, time 732.24ms, mfu 12.80%
iter 240: loss 6.5700, time 748.01ms, mfu 12.81%
iter 250: loss 6.6117, time 751.06ms, mfu 12.81%
iter 260: loss 6.5701, time 750.14ms, mfu 12.81%
iter 270: loss 6.4690, time 739.87ms, mfu 12.84%
iter 280: loss 6.7018, time 735.20ms, mfu 12.86%
iter 290: loss 6.3420, time 724.95ms, mfu 12.91%
iter 300: loss 6.4460, time 727.95ms, mfu 12.94%
iter 310: loss 6.3630, time 745.53ms, mfu 12.94%
iter 320: loss 6.4280, time 744.52ms, mfu 12.94%
iter 330: loss 6.1436, time 747.42ms, mfu 12.94%
iter 340: loss 6.3979, time 744.55ms, mfu 12.94%
iter 350: loss 6.2187, time 740.56ms, mfu 12.95%
iter 360: loss 6.2821, time 744.08ms, mfu 12.95%
iter 370: loss 6.1331, time 726.74ms, mfu 12.98%
iter 380: loss 6.2139, time 743.55ms, mfu 12.98%
iter 390: loss 6.1778, time 742.75ms, mfu 12.98%
iter 400: loss 5.9773, time 735.45ms, mfu 12.99%
iter 410: loss 6.0657, time 755.14ms, mfu 12.97%
iter 420: loss 5.9768, time 736.06ms, mfu 12.98%
iter 430: loss 5.9695, time 741.38ms, mfu 12.98%
iter 440: loss 6.0817, time 735.13ms, mfu 13.00%
iter 450: loss 5.7927, time 732.80ms, mfu 13.01%
iter 460: loss 5.9852, time 721.40ms, mfu 13.05%
iter 470: loss 5.9430, time 736.56ms, mfu 13.05%
iter 480: loss 5.9670, time 740.00ms, mfu 13.05%
iter 490: loss 5.9009, time 762.29ms, mfu 13.01%
step 500: train loss 5.7987, val loss 5.8179
saving checkpoint to /net/scratch2/junyuren/nanoGPT-manifold/out-small-qkv-grass-r256
iter 500: loss 5.8387, time 7988.61ms, mfu 11.83%
iter 510: loss 5.8619, time 752.78ms, mfu 11.93%
iter 520: loss 5.7802, time 748.88ms, mfu 12.02%
iter 530: loss 5.7661, time 725.54ms, mfu 12.15%
iter 540: loss 5.7703, time 752.21ms, mfu 12.22%
iter 550: loss 5.7187, time 758.44ms, mfu 12.27%
iter 560: loss 5.7137, time 743.72ms, mfu 12.34%
iter 570: loss 5.7176, time 750.90ms, mfu 12.39%
iter 580: loss 5.7962, time 736.16ms, mfu 12.46%
iter 590: loss 5.5393, time 737.99ms, mfu 12.52%
iter 600: loss 5.6565, time 740.47ms, mfu 12.57%
iter 610: loss 5.6780, time 744.29ms, mfu 12.61%
iter 620: loss 5.6930, time 738.36ms, mfu 12.65%
iter 630: loss 5.5222, time 756.47ms, mfu 12.66%
iter 640: loss 5.5324, time 738.49ms, mfu 12.70%
iter 650: loss 5.5612, time 738.99ms, mfu 12.74%
iter 660: loss 5.6800, time 742.88ms, mfu 12.76%
iter 670: loss 5.4120, time 741.09ms, mfu 12.78%
iter 680: loss 5.5637, time 741.04ms, mfu 12.81%
iter 690: loss 5.4772, time 740.89ms, mfu 12.83%
iter 700: loss 5.4247, time 742.11ms, mfu 12.84%
iter 710: loss 5.4588, time 758.50ms, mfu 12.83%
iter 720: loss 5.5165, time 738.20ms, mfu 12.85%
iter 730: loss 5.4922, time 745.95ms, mfu 12.86%
iter 740: loss 5.5574, time 747.99ms, mfu 12.86%
iter 750: loss 5.4494, time 741.70ms, mfu 12.88%
iter 760: loss 5.4325, time 732.34ms, mfu 12.91%
iter 770: loss 5.4166, time 727.86ms, mfu 12.94%
iter 780: loss 5.5638, time 733.12ms, mfu 12.96%
iter 790: loss 5.4064, time 738.92ms, mfu 12.97%
iter 800: loss 5.3188, time 753.42ms, mfu 12.95%
iter 810: loss 5.2090, time 735.40ms, mfu 12.97%
iter 820: loss 5.3500, time 749.09ms, mfu 12.96%
iter 830: loss 5.2652, time 744.13ms, mfu 12.96%
iter 840: loss 5.3044, time 743.76ms, mfu 12.96%
iter 850: loss 5.1612, time 747.27ms, mfu 12.95%
iter 860: loss 5.2379, time 742.34ms, mfu 12.96%
iter 870: loss 5.2151, time 736.55ms, mfu 12.97%
iter 880: loss 5.2111, time 746.01ms, mfu 12.97%
iter 890: loss 5.1802, time 748.77ms, mfu 12.96%
iter 900: loss 5.1281, time 746.09ms, mfu 12.95%
iter 910: loss 5.1387, time 731.87ms, mfu 12.98%
iter 920: loss 5.0105, time 754.10ms, mfu 12.96%
iter 930: loss 5.2254, time 753.07ms, mfu 12.94%
iter 940: loss 5.1472, time 738.17ms, mfu 12.95%
iter 950: loss 5.1704, time 749.83ms, mfu 12.94%
iter 960: loss 4.9247, time 741.11ms, mfu 12.95%
iter 970: loss 5.0670, time 754.86ms, mfu 12.93%
iter 980: loss 4.9565, time 746.49ms, mfu 12.93%
iter 990: loss 5.0609, time 741.82ms, mfu 12.94%
step 1000: train loss 4.8920, val loss 4.8977
saving checkpoint to /net/scratch2/junyuren/nanoGPT-manifold/out-small-qkv-grass-r256
iter 1000: loss 5.0399, time 8077.47ms, mfu 11.76%
iter 1010: loss 5.0649, time 741.87ms, mfu 11.89%
iter 1020: loss 4.9914, time 723.51ms, mfu 12.03%
iter 1030: loss 4.9987, time 743.72ms, mfu 12.12%
iter 1040: loss 4.8904, time 743.10ms, mfu 12.21%
iter 1050: loss 5.0568, time 745.68ms, mfu 12.28%
iter 1060: loss 4.9052, time 744.21ms, mfu 12.35%
iter 1070: loss 4.8056, time 737.32ms, mfu 12.42%
iter 1080: loss 4.7454, time 742.01ms, mfu 12.48%
iter 1090: loss 4.7877, time 740.98ms, mfu 12.53%
iter 1100: loss 4.7260, time 734.63ms, mfu 12.59%
iter 1110: loss 4.8677, time 742.45ms, mfu 12.63%
iter 1120: loss 4.8050, time 745.35ms, mfu 12.66%
iter 1130: loss 4.6658, time 748.75ms, mfu 12.68%
iter 1140: loss 4.7682, time 730.76ms, mfu 12.73%
iter 1150: loss 4.7573, time 740.42ms, mfu 12.76%
iter 1160: loss 4.8279, time 734.96ms, mfu 12.80%
iter 1170: loss 4.7760, time 748.15ms, mfu 12.81%
iter 1180: loss 4.8396, time 748.36ms, mfu 12.81%
iter 1190: loss 4.6845, time 747.34ms, mfu 12.82%
iter 1200: loss 4.7419, time 730.11ms, mfu 12.86%
iter 1210: loss 4.7336, time 738.65ms, mfu 12.88%
iter 1220: loss 4.6257, time 742.23ms, mfu 12.89%
iter 1230: loss 4.7537, time 733.85ms, mfu 12.92%
iter 1240: loss 4.6712, time 749.75ms, mfu 12.91%
iter 1250: loss 4.5889, time 750.57ms, mfu 12.90%
iter 1260: loss 4.5886, time 745.57ms, mfu 12.91%
iter 1270: loss 4.6372, time 753.10ms, mfu 12.90%
iter 1280: loss 4.6477, time 752.42ms, mfu 12.89%
iter 1290: loss 4.5524, time 746.47ms, mfu 12.89%
iter 1300: loss 4.7376, time 740.15ms, mfu 12.90%
iter 1310: loss 4.7386, time 737.10ms, mfu 12.92%
iter 1320: loss 4.6419, time 742.55ms, mfu 12.93%
iter 1330: loss 4.5863, time 737.21ms, mfu 12.94%
iter 1340: loss 4.6209, time 738.26ms, mfu 12.96%
iter 1350: loss 4.6434, time 735.45ms, mfu 12.97%
iter 1360: loss 4.5619, time 738.54ms, mfu 12.98%
iter 1370: loss 4.6642, time 735.41ms, mfu 12.99%
iter 1380: loss 4.5799, time 741.50ms, mfu 12.99%
iter 1390: loss 4.5104, time 742.55ms, mfu 12.99%
iter 1400: loss 4.4925, time 749.25ms, mfu 12.98%
iter 1410: loss 4.5303, time 744.73ms, mfu 12.98%
iter 1420: loss 4.4855, time 734.43ms, mfu 12.99%
iter 1430: loss 4.4591, time 748.71ms, mfu 12.98%
iter 1440: loss 4.4883, time 740.56ms, mfu 12.98%
iter 1450: loss 4.5067, time 746.08ms, mfu 12.98%
iter 1460: loss 4.5644, time 743.11ms, mfu 12.98%
iter 1470: loss 4.4466, time 743.02ms, mfu 12.98%
iter 1480: loss 4.4971, time 750.62ms, mfu 12.96%
iter 1490: loss 4.5783, time 744.97ms, mfu 12.96%
step 1500: train loss 4.3516, val loss 4.3549
saving checkpoint to /net/scratch2/junyuren/nanoGPT-manifold/out-small-qkv-grass-r256
iter 1500: loss 4.4581, time 8011.15ms, mfu 11.79%
iter 1510: loss 4.4491, time 729.85ms, mfu 11.93%
iter 1520: loss 4.3525, time 740.60ms, mfu 12.04%
iter 1530: loss 4.5062, time 736.51ms, mfu 12.14%
iter 1540: loss 4.4978, time 732.30ms, mfu 12.25%
iter 1550: loss 4.4673, time 733.67ms, mfu 12.34%
iter 1560: loss 4.3717, time 730.81ms, mfu 12.42%
iter 1570: loss 4.4500, time 743.68ms, mfu 12.48%
iter 1580: loss 4.4196, time 740.31ms, mfu 12.53%
iter 1590: loss 4.4474, time 741.76ms, mfu 12.58%
iter 1600: loss 4.4821, time 719.92ms, mfu 12.66%
iter 1610: loss 4.4273, time 727.44ms, mfu 12.72%
iter 1620: loss 4.5147, time 736.91ms, mfu 12.75%
iter 1630: loss 4.3756, time 688.86ms, mfu 12.88%
iter 1640: loss 4.5092, time 743.11ms, mfu 12.89%
iter 1650: loss 4.4579, time 745.40ms, mfu 12.89%
iter 1660: loss 4.4111, time 724.41ms, mfu 12.93%
iter 1670: loss 4.4532, time 738.34ms, mfu 12.95%
iter 1680: loss 4.4207, time 730.52ms, mfu 12.97%
iter 1690: loss 4.3254, time 730.16ms, mfu 13.00%
iter 1700: loss 4.3535, time 736.68ms, mfu 13.00%
iter 1710: loss 4.4025, time 730.57ms, mfu 13.02%
iter 1720: loss 4.2800, time 742.42ms, mfu 13.02%
iter 1730: loss 4.4629, time 732.55ms, mfu 13.03%
iter 1740: loss 4.3316, time 741.20ms, mfu 13.03%
iter 1750: loss 4.4576, time 726.36ms, mfu 13.06%
iter 1760: loss 4.3794, time 734.51ms, mfu 13.06%
iter 1770: loss 4.3002, time 719.58ms, mfu 13.10%
iter 1780: loss 4.3151, time 725.42ms, mfu 13.12%
iter 1790: loss 4.1853, time 739.91ms, mfu 13.11%
iter 1800: loss 4.2116, time 738.94ms, mfu 13.10%
iter 1810: loss 4.2979, time 734.92ms, mfu 13.10%
iter 1820: loss 4.2498, time 742.78ms, mfu 13.09%
iter 1830: loss 4.2572, time 737.12ms, mfu 13.09%
iter 1840: loss 4.1764, time 727.10ms, mfu 13.11%
iter 1850: loss 4.3350, time 724.26ms, mfu 13.13%
iter 1860: loss 4.3027, time 713.31ms, mfu 13.17%
iter 1870: loss 4.3115, time 736.51ms, mfu 13.16%
iter 1880: loss 4.3624, time 740.38ms, mfu 13.15%
iter 1890: loss 4.3494, time 743.22ms, mfu 13.13%
iter 1900: loss 4.2901, time 729.89ms, mfu 13.14%
iter 1910: loss 4.2519, time 741.77ms, mfu 13.12%
iter 1920: loss 4.2749, time 738.96ms, mfu 13.12%
iter 1930: loss 4.2171, time 734.68ms, mfu 13.12%
iter 1940: loss 4.3296, time 733.33ms, mfu 13.12%
iter 1950: loss 4.1959, time 740.61ms, mfu 13.11%
iter 1960: loss 4.2560, time 735.37ms, mfu 13.11%
iter 1970: loss 4.2300, time 726.69ms, mfu 13.13%
iter 1980: loss 4.1933, time 741.85ms, mfu 13.11%
iter 1990: loss 4.3269, time 733.92ms, mfu 13.11%
step 2000: train loss 4.1518, val loss 4.1584
saving checkpoint to /net/scratch2/junyuren/nanoGPT-manifold/out-small-qkv-grass-r256
iter 2000: loss 4.2032, time 8084.39ms, mfu 11.92%
iter 2010: loss 4.2007, time 740.82ms, mfu 12.03%
iter 2020: loss 4.2888, time 728.97ms, mfu 12.15%
iter 2030: loss 4.2199, time 743.33ms, mfu 12.23%
iter 2040: loss 4.1666, time 737.21ms, mfu 12.32%
iter 2050: loss 4.2658, time 724.99ms, mfu 12.42%
iter 2060: loss 4.3091, time 735.23ms, mfu 12.49%
iter 2070: loss 4.0755, time 734.67ms, mfu 12.55%
iter 2080: loss 4.1982, time 733.04ms, mfu 12.61%
iter 2090: loss 4.2665, time 733.99ms, mfu 12.66%
iter 2100: loss 4.2769, time 735.87ms, mfu 12.71%
iter 2110: loss 4.2284, time 727.67ms, mfu 12.76%
iter 2120: loss 4.3031, time 729.55ms, mfu 12.81%
iter 2130: loss 4.2175, time 727.74ms, mfu 12.85%
iter 2140: loss 4.3298, time 728.39ms, mfu 12.89%
iter 2150: loss 4.2840, time 738.00ms, mfu 12.91%
iter 2160: loss 4.0947, time 742.69ms, mfu 12.91%
iter 2170: loss 4.3373, time 728.29ms, mfu 12.95%
iter 2180: loss 4.0980, time 726.59ms, mfu 12.98%
iter 2190: loss 4.2040, time 739.04ms, mfu 12.99%
iter 2200: loss 4.3498, time 738.08ms, mfu 12.99%
iter 2210: loss 4.2105, time 739.46ms, mfu 13.00%
iter 2220: loss 4.1863, time 738.41ms, mfu 13.00%
iter 2230: loss 4.1925, time 741.40ms, mfu 13.00%
iter 2240: loss 4.2757, time 729.02ms, mfu 13.03%
iter 2250: loss 4.3134, time 743.19ms, mfu 13.02%
iter 2260: loss 4.2487, time 721.77ms, mfu 13.05%
iter 2270: loss 4.1438, time 743.34ms, mfu 13.05%
iter 2280: loss 4.1892, time 742.08ms, mfu 13.04%
iter 2290: loss 4.1515, time 742.17ms, mfu 13.04%
iter 2300: loss 4.1281, time 737.88ms, mfu 13.04%
iter 2310: loss 4.1220, time 742.62ms, mfu 13.03%
iter 2320: loss 4.3089, time 742.32ms, mfu 13.03%
iter 2330: loss 4.1172, time 731.58ms, mfu 13.04%
iter 2340: loss 4.2404, time 736.73ms, mfu 13.05%
iter 2350: loss 4.2323, time 735.30ms, mfu 13.05%
iter 2360: loss 4.0921, time 740.81ms, mfu 13.05%
iter 2370: loss 4.1944, time 744.44ms, mfu 13.04%
iter 2380: loss 4.2649, time 751.05ms, mfu 13.02%
iter 2390: loss 4.1295, time 727.28ms, mfu 13.04%
iter 2400: loss 4.1733, time 739.89ms, mfu 13.04%
iter 2410: loss 4.2747, time 734.91ms, mfu 13.05%
iter 2420: loss 4.1361, time 747.70ms, mfu 13.04%
iter 2430: loss 4.2066, time 742.03ms, mfu 13.03%
iter 2440: loss 4.2996, time 726.87ms, mfu 13.05%
iter 2450: loss 4.0935, time 730.88ms, mfu 13.07%
iter 2460: loss 4.2077, time 727.58ms, mfu 13.09%
iter 2470: loss 4.2312, time 742.20ms, mfu 13.08%
iter 2480: loss 4.1325, time 733.27ms, mfu 13.08%
iter 2490: loss 4.0177, time 725.53ms, mfu 13.10%
step 2500: train loss 4.0254, val loss 4.0353
saving checkpoint to /net/scratch2/junyuren/nanoGPT-manifold/out-small-qkv-grass-r256
iter 2500: loss 4.0514, time 8111.02ms, mfu 11.91%
iter 2510: loss 4.2224, time 729.85ms, mfu 12.04%
iter 2520: loss 4.2182, time 746.40ms, mfu 12.13%
iter 2530: loss 4.1957, time 734.98ms, mfu 12.23%
iter 2540: loss 4.2246, time 737.73ms, mfu 12.31%
iter 2550: loss 4.1775, time 727.33ms, mfu 12.41%
iter 2560: loss 4.1547, time 734.27ms, mfu 12.48%
iter 2570: loss 4.0294, time 734.96ms, mfu 12.54%
iter 2580: loss 4.2553, time 729.66ms, mfu 12.61%
iter 2590: loss 3.9877, time 728.17ms, mfu 12.67%
iter 2600: loss 4.2405, time 736.64ms, mfu 12.72%
iter 2610: loss 4.1453, time 741.23ms, mfu 12.74%
iter 2620: loss 4.1818, time 733.74ms, mfu 12.78%
iter 2630: loss 4.2033, time 731.93ms, mfu 12.82%
iter 2640: loss 4.0776, time 738.24ms, mfu 12.85%
iter 2650: loss 4.1577, time 731.34ms, mfu 12.88%
iter 2660: loss 4.1284, time 718.45ms, mfu 12.93%
iter 2670: loss 4.1567, time 736.25ms, mfu 12.95%
iter 2680: loss 4.0241, time 731.01ms, mfu 12.97%
iter 2690: loss 4.1226, time 735.44ms, mfu 12.99%
iter 2700: loss 4.0896, time 728.67ms, mfu 13.01%
iter 2710: loss 4.1276, time 730.08ms, mfu 13.03%
iter 2720: loss 4.0972, time 738.47ms, mfu 13.03%
iter 2730: loss 4.0288, time 728.32ms, mfu 13.05%
iter 2740: loss 3.9905, time 729.70ms, mfu 13.07%
iter 2750: loss 4.0941, time 730.35ms, mfu 13.08%
iter 2760: loss 4.0952, time 742.55ms, mfu 13.07%
iter 2770: loss 4.0943, time 725.43ms, mfu 13.10%
iter 2780: loss 4.1512, time 743.47ms, mfu 13.08%
iter 2790: loss 4.1414, time 737.91ms, mfu 13.08%
iter 2800: loss 4.1105, time 726.29ms, mfu 13.10%
iter 2810: loss 3.9834, time 738.12ms, mfu 13.10%
iter 2820: loss 4.1551, time 728.20ms, mfu 13.11%
iter 2830: loss 4.0976, time 727.35ms, mfu 13.13%
iter 2840: loss 4.1555, time 728.27ms, mfu 13.14%
iter 2850: loss 4.0968, time 735.71ms, mfu 13.13%
iter 2860: loss 4.0156, time 724.62ms, mfu 13.15%
iter 2870: loss 4.0782, time 728.53ms, mfu 13.16%
iter 2880: loss 3.9735, time 728.19ms, mfu 13.17%
iter 2890: loss 4.1919, time 738.65ms, mfu 13.16%
iter 2900: loss 4.0228, time 731.15ms, mfu 13.16%
iter 2910: loss 4.0702, time 735.23ms, mfu 13.15%
iter 2920: loss 4.1404, time 720.47ms, mfu 13.18%
iter 2930: loss 4.1158, time 734.93ms, mfu 13.17%
iter 2940: loss 4.0709, time 743.77ms, mfu 13.15%
iter 2950: loss 4.0075, time 740.37ms, mfu 13.14%
iter 2960: loss 4.2052, time 742.60ms, mfu 13.12%
iter 2970: loss 3.9950, time 736.35ms, mfu 13.12%
iter 2980: loss 4.1248, time 741.73ms, mfu 13.11%
iter 2990: loss 4.1158, time 734.57ms, mfu 13.11%
step 3000: train loss 3.9557, val loss 3.9664
saving checkpoint to /net/scratch2/junyuren/nanoGPT-manifold/out-small-qkv-grass-r256
iter 3000: loss 4.1085, time 8038.42ms, mfu 11.92%
iter 3010: loss 4.0827, time 719.97ms, mfu 12.07%
iter 3020: loss 4.0981, time 735.47ms, mfu 12.17%
iter 3030: loss 4.1255, time 721.53ms, mfu 12.29%
iter 3040: loss 3.9972, time 747.45ms, mfu 12.35%
iter 3050: loss 4.1344, time 741.93ms, mfu 12.41%
iter 3060: loss 4.1352, time 728.12ms, mfu 12.50%
iter 3070: loss 4.0432, time 729.71ms, mfu 12.57%
iter 3080: loss 4.0711, time 732.21ms, mfu 12.63%
iter 3090: loss 4.1468, time 723.33ms, mfu 12.70%
iter 3100: loss 4.1218, time 730.54ms, mfu 12.75%
iter 3110: loss 4.0861, time 734.47ms, mfu 12.79%
iter 3120: loss 4.1345, time 731.48ms, mfu 12.83%
iter 3130: loss 4.0178, time 737.46ms, mfu 12.85%
iter 3140: loss 4.0555, time 741.56ms, mfu 12.87%
iter 3150: loss 4.1416, time 725.02ms, mfu 12.91%
iter 3160: loss 4.0146, time 738.18ms, mfu 12.92%
iter 3170: loss 4.1722, time 743.56ms, mfu 12.93%
iter 3180: loss 3.9866, time 740.13ms, mfu 12.94%
iter 3190: loss 4.1319, time 726.90ms, mfu 12.97%
iter 3200: loss 4.0609, time 738.49ms, mfu 12.98%
iter 3210: loss 4.1996, time 728.49ms, mfu 13.01%
iter 3220: loss 4.0698, time 737.19ms, mfu 13.01%
iter 3230: loss 3.9200, time 742.04ms, mfu 13.01%
iter 3240: loss 4.0193, time 749.67ms, mfu 13.00%
iter 3250: loss 4.1103, time 736.30ms, mfu 13.01%
iter 3260: loss 4.0569, time 731.81ms, mfu 13.02%
iter 3270: loss 4.0448, time 738.02ms, mfu 13.03%
iter 3280: loss 4.0936, time 738.55ms, mfu 13.03%
iter 3290: loss 4.0340, time 724.97ms, mfu 13.06%
iter 3300: loss 3.9674, time 737.32ms, mfu 13.06%
iter 3310: loss 3.9032, time 728.32ms, mfu 13.08%
iter 3320: loss 4.0777, time 750.83ms, mfu 13.05%
iter 3330: loss 4.0537, time 743.34ms, mfu 13.04%
iter 3340: loss 4.1133, time 744.95ms, mfu 13.03%
iter 3350: loss 4.0302, time 722.92ms, mfu 13.06%
iter 3360: loss 4.0741, time 736.90ms, mfu 13.07%
iter 3370: loss 4.0160, time 740.99ms, mfu 13.06%
iter 3380: loss 4.0431, time 728.20ms, mfu 13.08%
iter 3390: loss 4.1031, time 732.28ms, mfu 13.09%
iter 3400: loss 4.1036, time 736.33ms, mfu 13.09%
iter 3410: loss 4.0717, time 735.82ms, mfu 13.09%
iter 3420: loss 4.0618, time 742.66ms, mfu 13.08%
iter 3430: loss 4.0950, time 733.81ms, mfu 13.09%
iter 3440: loss 3.9695, time 745.88ms, mfu 13.07%
iter 3450: loss 4.0117, time 733.93ms, mfu 13.08%
iter 3460: loss 4.1336, time 727.57ms, mfu 13.09%
iter 3470: loss 4.0997, time 723.03ms, mfu 13.12%
iter 3480: loss 4.1276, time 731.44ms, mfu 13.12%
iter 3490: loss 4.0042, time 750.13ms, mfu 13.10%
step 3500: train loss 3.9042, val loss 3.9093
saving checkpoint to /net/scratch2/junyuren/nanoGPT-manifold/out-small-qkv-grass-r256
iter 3500: loss 4.0585, time 8089.83ms, mfu 11.91%
iter 3510: loss 4.0588, time 730.76ms, mfu 12.04%
iter 3520: loss 4.0896, time 733.39ms, mfu 12.15%
iter 3530: loss 4.2375, time 730.23ms, mfu 12.25%
iter 3540: loss 4.0355, time 718.41ms, mfu 12.37%
iter 3550: loss 3.9617, time 734.39ms, mfu 12.45%
iter 3560: loss 4.0164, time 735.22ms, mfu 12.51%
iter 3570: loss 3.9965, time 741.36ms, mfu 12.56%
iter 3580: loss 4.0145, time 742.26ms, mfu 12.60%
iter 3590: loss 4.0980, time 741.04ms, mfu 12.64%
iter 3600: loss 4.0204, time 736.62ms, mfu 12.69%
iter 3610: loss 4.0091, time 742.24ms, mfu 12.72%
iter 3620: loss 4.0757, time 739.21ms, mfu 12.75%
iter 3630: loss 4.0513, time 731.10ms, mfu 12.80%
iter 3640: loss 3.9868, time 722.05ms, mfu 12.85%
iter 3650: loss 4.0961, time 728.50ms, mfu 12.89%
iter 3660: loss 4.0060, time 735.54ms, mfu 12.91%
iter 3670: loss 3.8842, time 730.64ms, mfu 12.94%
iter 3680: loss 3.9376, time 741.33ms, mfu 12.95%
iter 3690: loss 4.0331, time 735.91ms, mfu 12.96%
iter 3700: loss 4.0060, time 729.71ms, mfu 12.99%
iter 3710: loss 3.9659, time 740.69ms, mfu 12.99%
iter 3720: loss 4.1003, time 729.64ms, mfu 13.01%
iter 3730: loss 3.8962, time 737.79ms, mfu 13.02%
iter 3740: loss 3.9538, time 743.12ms, mfu 13.01%
iter 3750: loss 3.9856, time 745.64ms, mfu 13.01%
iter 3760: loss 4.0178, time 735.58ms, mfu 13.02%
iter 3770: loss 4.2525, time 734.25ms, mfu 13.03%
iter 3780: loss 4.0931, time 730.53ms, mfu 13.04%
iter 3790: loss 3.8692, time 739.16ms, mfu 13.04%
iter 3800: loss 3.9031, time 732.91ms, mfu 13.06%
iter 3810: loss 4.0570, time 725.21ms, mfu 13.08%
iter 3820: loss 4.0796, time 734.34ms, mfu 13.08%
iter 3830: loss 3.9117, time 742.72ms, mfu 13.07%
iter 3840: loss 4.0213, time 739.34ms, mfu 13.07%
iter 3850: loss 3.9303, time 732.63ms, mfu 13.08%
iter 3860: loss 4.0880, time 742.89ms, mfu 13.07%
iter 3870: loss 4.0428, time 736.62ms, mfu 13.07%
iter 3880: loss 3.9283, time 733.44ms, mfu 13.08%
iter 3890: loss 4.0105, time 737.72ms, mfu 13.08%
iter 3900: loss 4.0394, time 729.45ms, mfu 13.09%
iter 3910: loss 4.0275, time 740.18ms, mfu 13.09%
iter 3920: loss 4.0433, time 739.75ms, mfu 13.08%
iter 3930: loss 4.0634, time 738.88ms, mfu 13.08%
iter 3940: loss 3.9965, time 715.90ms, mfu 13.12%
iter 3950: loss 4.0084, time 734.16ms, mfu 13.12%
iter 3960: loss 3.8868, time 740.38ms, mfu 13.11%
iter 3970: loss 4.0833, time 722.87ms, mfu 13.13%
iter 3980: loss 3.8676, time 740.91ms, mfu 13.12%
iter 3990: loss 3.9475, time 737.77ms, mfu 13.11%
step 4000: train loss 3.8571, val loss 3.8731
saving checkpoint to /net/scratch2/junyuren/nanoGPT-manifold/out-small-qkv-grass-r256
iter 4000: loss 3.9952, time 8017.94ms, mfu 11.92%
iter 4010: loss 3.8656, time 743.43ms, mfu 12.03%
iter 4020: loss 3.9585, time 728.24ms, mfu 12.15%
iter 4030: loss 3.9320, time 721.90ms, mfu 12.27%
iter 4040: loss 3.9049, time 731.69ms, mfu 12.36%
iter 4050: loss 4.0125, time 740.08ms, mfu 12.43%
iter 4060: loss 3.9996, time 725.48ms, mfu 12.51%
iter 4070: loss 3.9933, time 735.02ms, mfu 12.57%
iter 4080: loss 4.0631, time 720.87ms, mfu 12.65%
iter 4090: loss 4.1010, time 720.92ms, mfu 12.73%
iter 4100: loss 4.0930, time 726.19ms, mfu 12.78%
iter 4110: loss 3.9596, time 736.28ms, mfu 12.81%
iter 4120: loss 4.0260, time 730.16ms, mfu 12.85%
iter 4130: loss 4.0034, time 741.01ms, mfu 12.87%
iter 4140: loss 4.1203, time 731.78ms, mfu 12.90%
iter 4150: loss 4.0503, time 721.20ms, mfu 12.95%
iter 4160: loss 3.9564, time 740.24ms, mfu 12.95%
iter 4170: loss 4.0749, time 746.11ms, mfu 12.95%
iter 4180: loss 4.0310, time 707.64ms, mfu 13.02%
iter 4190: loss 4.0438, time 730.15ms, mfu 13.04%
iter 4200: loss 3.9700, time 728.43ms, mfu 13.06%
iter 4210: loss 4.0906, time 740.02ms, mfu 13.05%
iter 4220: loss 4.0557, time 729.21ms, mfu 13.07%
iter 4230: loss 4.0613, time 736.92ms, mfu 13.07%
iter 4240: loss 3.8566, time 726.99ms, mfu 13.09%
iter 4250: loss 3.9628, time 731.77ms, mfu 13.10%
iter 4260: loss 3.9910, time 735.17ms, mfu 13.10%
iter 4270: loss 3.9587, time 740.34ms, mfu 13.09%
iter 4280: loss 4.0600, time 741.29ms, mfu 13.08%
iter 4290: loss 3.9441, time 744.29ms, mfu 13.07%
iter 4300: loss 3.8301, time 721.27ms, mfu 13.10%
iter 4310: loss 3.9558, time 741.18ms, mfu 13.09%
iter 4320: loss 3.9048, time 737.11ms, mfu 13.09%
iter 4330: loss 3.9630, time 728.45ms, mfu 13.11%
iter 4340: loss 3.8413, time 748.29ms, mfu 13.08%
iter 4350: loss 3.9539, time 745.40ms, mfu 13.07%
iter 4360: loss 3.9794, time 741.55ms, mfu 13.06%
iter 4370: loss 3.9374, time 742.03ms, mfu 13.06%
iter 4380: loss 4.0170, time 735.28ms, mfu 13.06%
iter 4390: loss 3.9369, time 734.65ms, mfu 13.07%
iter 4400: loss 3.9304, time 737.43ms, mfu 13.07%
iter 4410: loss 4.0762, time 737.24ms, mfu 13.07%
iter 4420: loss 3.8743, time 724.84ms, mfu 13.09%
iter 4430: loss 3.9862, time 738.71ms, mfu 13.09%
iter 4440: loss 3.9620, time 735.87ms, mfu 13.09%
iter 4450: loss 3.9617, time 730.48ms, mfu 13.10%
iter 4460: loss 3.8838, time 732.94ms, mfu 13.11%
iter 4470: loss 4.0750, time 729.52ms, mfu 13.12%
iter 4480: loss 3.9661, time 736.73ms, mfu 13.11%
iter 4490: loss 3.8881, time 744.31ms, mfu 13.10%
step 4500: train loss 3.8238, val loss 3.8417
saving checkpoint to /net/scratch2/junyuren/nanoGPT-manifold/out-small-qkv-grass-r256
iter 4500: loss 3.9552, time 8111.55ms, mfu 11.91%
iter 4510: loss 3.9210, time 735.10ms, mfu 12.03%
iter 4520: loss 3.9677, time 730.51ms, mfu 12.15%
iter 4530: loss 4.0720, time 714.65ms, mfu 12.28%
iter 4540: loss 3.9329, time 727.17ms, mfu 12.38%
iter 4550: loss 3.9027, time 740.25ms, mfu 12.44%
iter 4560: loss 3.8932, time 740.23ms, mfu 12.50%
iter 4570: loss 3.9424, time 720.97ms, mfu 12.59%
iter 4580: loss 3.8736, time 718.68ms, mfu 12.67%
iter 4590: loss 3.8634, time 730.62ms, mfu 12.72%
iter 4600: loss 3.8987, time 741.03ms, mfu 12.75%
iter 4610: loss 3.9908, time 731.23ms, mfu 12.80%
iter 4620: loss 3.9603, time 726.63ms, mfu 12.84%
iter 4630: loss 3.9117, time 738.45ms, mfu 12.86%
iter 4640: loss 3.9281, time 736.25ms, mfu 12.89%
iter 4650: loss 3.9430, time 732.52ms, mfu 12.91%
iter 4660: loss 3.8895, time 738.56ms, mfu 12.93%
iter 4670: loss 3.9636, time 733.60ms, mfu 12.95%
iter 4680: loss 3.9961, time 734.59ms, mfu 12.97%
iter 4690: loss 3.9355, time 730.66ms, mfu 12.99%
iter 4700: loss 3.9481, time 734.02ms, mfu 13.01%
iter 4710: loss 3.9719, time 721.25ms, mfu 13.04%
iter 4720: loss 3.9583, time 740.58ms, mfu 13.04%
iter 4730: loss 3.9802, time 725.68ms, mfu 13.06%
iter 4740: loss 3.9939, time 732.25ms, mfu 13.07%
iter 4750: loss 3.9178, time 727.31ms, mfu 13.09%
iter 4760: loss 3.9135, time 740.05ms, mfu 13.09%
iter 4770: loss 3.7709, time 743.69ms, mfu 13.07%
iter 4780: loss 4.0057, time 729.92ms, mfu 13.09%
iter 4790: loss 3.9515, time 716.04ms, mfu 13.13%
iter 4800: loss 3.9978, time 729.96ms, mfu 13.13%
iter 4810: loss 3.9083, time 734.60ms, mfu 13.13%
iter 4820: loss 3.9578, time 718.85ms, mfu 13.16%
iter 4830: loss 3.8428, time 724.73ms, mfu 13.18%
iter 4840: loss 4.0140, time 732.39ms, mfu 13.17%
iter 4850: loss 3.9296, time 732.35ms, mfu 13.17%
iter 4860: loss 3.9065, time 732.30ms, mfu 13.17%
iter 4870: loss 3.9657, time 728.25ms, mfu 13.18%
iter 4880: loss 3.9827, time 722.53ms, mfu 13.20%
iter 4890: loss 4.0159, time 737.31ms, mfu 13.18%
iter 4900: loss 3.9890, time 726.40ms, mfu 13.19%
iter 4910: loss 3.9914, time 731.06ms, mfu 13.19%
iter 4920: loss 3.9799, time 739.12ms, mfu 13.18%
iter 4930: loss 3.9345, time 722.00ms, mfu 13.20%
iter 4940: loss 3.9745, time 731.03ms, mfu 13.19%
iter 4950: loss 4.0778, time 744.99ms, mfu 13.17%
iter 4960: loss 3.9541, time 739.96ms, mfu 13.16%
iter 4970: loss 3.9365, time 736.52ms, mfu 13.15%
iter 4980: loss 3.8981, time 730.59ms, mfu 13.15%
iter 4990: loss 4.0193, time 737.81ms, mfu 13.15%
step 5000: train loss 3.8021, val loss 3.8136
saving checkpoint to /net/scratch2/junyuren/nanoGPT-manifold/out-small-qkv-grass-r256
iter 5000: loss 3.9519, time 8089.94ms, mfu 11.95%
iter 5010: loss 3.9080, time 736.54ms, mfu 12.06%
iter 5020: loss 3.8049, time 733.82ms, mfu 12.17%
iter 5030: loss 3.9545, time 733.35ms, mfu 12.27%
iter 5040: loss 4.0229, time 737.07ms, mfu 12.35%
iter 5050: loss 3.9330, time 737.61ms, mfu 12.42%
iter 5060: loss 3.8964, time 735.25ms, mfu 12.49%
iter 5070: loss 3.9402, time 734.04ms, mfu 12.56%
iter 5080: loss 3.9037, time 730.10ms, mfu 12.62%
iter 5090: loss 3.9988, time 734.97ms, mfu 12.67%
iter 5100: loss 3.8877, time 736.86ms, mfu 12.71%
iter 5110: loss 3.8119, time 731.90ms, mfu 12.76%
iter 5120: loss 3.9078, time 729.55ms, mfu 12.80%
iter 5130: loss 3.9330, time 733.79ms, mfu 12.84%
iter 5140: loss 3.9303, time 741.69ms, mfu 12.85%
iter 5150: loss 3.9013, time 736.43ms, mfu 12.88%
iter 5160: loss 3.8712, time 735.99ms, mfu 12.90%
iter 5170: loss 3.9149, time 738.88ms, mfu 12.91%
iter 5180: loss 3.9103, time 729.56ms, mfu 12.94%
iter 5190: loss 4.0049, time 739.48ms, mfu 12.95%
iter 5200: loss 3.9144, time 745.51ms, mfu 12.95%
iter 5210: loss 3.8864, time 714.42ms, mfu 13.01%
iter 5220: loss 3.8694, time 738.84ms, mfu 13.01%
iter 5230: loss 4.0395, time 734.31ms, mfu 13.02%
iter 5240: loss 3.9288, time 736.30ms, mfu 13.03%
iter 5250: loss 4.0104, time 736.24ms, mfu 13.04%
iter 5260: loss 3.8666, time 729.89ms, mfu 13.05%
iter 5270: loss 3.9895, time 725.56ms, mfu 13.08%
iter 5280: loss 3.8702, time 727.25ms, mfu 13.10%
iter 5290: loss 3.9636, time 746.76ms, mfu 13.08%
iter 5300: loss 3.7086, time 722.07ms, mfu 13.10%
iter 5310: loss 3.9412, time 727.29ms, mfu 13.12%
iter 5320: loss 3.8603, time 737.87ms, mfu 13.11%
iter 5330: loss 3.9067, time 728.84ms, mfu 13.13%
iter 5340: loss 3.7457, time 713.37ms, mfu 13.16%
iter 5350: loss 3.9936, time 727.86ms, mfu 13.17%
iter 5360: loss 3.8891, time 730.68ms, mfu 13.18%
iter 5370: loss 3.9608, time 724.10ms, mfu 13.19%
iter 5380: loss 4.0573, time 736.78ms, mfu 13.18%
iter 5390: loss 3.9264, time 728.04ms, mfu 13.19%
iter 5400: loss 3.9934, time 735.00ms, mfu 13.18%
iter 5410: loss 3.9047, time 731.61ms, mfu 13.18%
iter 5420: loss 3.7149, time 725.69ms, mfu 13.19%
iter 5430: loss 3.9395, time 740.47ms, mfu 13.17%
iter 5440: loss 3.9287, time 746.12ms, mfu 13.15%
iter 5450: loss 3.9262, time 733.44ms, mfu 13.15%
iter 5460: loss 3.8445, time 728.86ms, mfu 13.16%
iter 5470: loss 3.9608, time 731.50ms, mfu 13.16%
iter 5480: loss 3.8308, time 741.26ms, mfu 13.14%
iter 5490: loss 3.8683, time 737.38ms, mfu 13.14%
step 5500: train loss 3.7793, val loss 3.7835
saving checkpoint to /net/scratch2/junyuren/nanoGPT-manifold/out-small-qkv-grass-r256
iter 5500: loss 3.8934, time 8128.08ms, mfu 11.94%
iter 5510: loss 3.8702, time 726.72ms, mfu 12.07%
iter 5520: loss 3.8642, time 736.86ms, mfu 12.17%
iter 5530: loss 3.9055, time 728.23ms, mfu 12.28%
iter 5540: loss 3.8823, time 702.77ms, mfu 12.43%
iter 5550: loss 3.9433, time 732.51ms, mfu 12.50%
iter 5560: loss 3.8830, time 736.53ms, mfu 12.56%
iter 5570: loss 3.8606, time 745.63ms, mfu 12.60%
iter 5580: loss 3.9059, time 730.23ms, mfu 12.66%
iter 5590: loss 3.7661, time 738.51ms, mfu 12.70%
iter 5600: loss 3.9465, time 737.65ms, mfu 12.73%
iter 5610: loss 3.8453, time 737.07ms, mfu 12.77%
iter 5620: loss 3.8662, time 732.35ms, mfu 12.81%
iter 5630: loss 3.9340, time 723.93ms, mfu 12.86%
iter 5640: loss 3.9780, time 721.25ms, mfu 12.91%
iter 5650: loss 4.0143, time 735.98ms, mfu 12.93%
iter 5660: loss 3.9781, time 734.68ms, mfu 12.95%
iter 5670: loss 3.9469, time 752.36ms, mfu 12.94%
iter 5680: loss 3.8282, time 717.82ms, mfu 12.98%
iter 5690: loss 3.8579, time 726.70ms, mfu 13.01%
iter 5700: loss 3.9733, time 733.19ms, mfu 13.03%
iter 5710: loss 3.8575, time 735.78ms, mfu 13.03%
iter 5720: loss 3.8945, time 733.76ms, mfu 13.05%
iter 5730: loss 3.8988, time 743.66ms, mfu 13.04%
iter 5740: loss 3.9682, time 727.49ms, mfu 13.06%
iter 5750: loss 3.9016, time 744.81ms, mfu 13.05%
iter 5760: loss 3.9244, time 739.78ms, mfu 13.05%
iter 5770: loss 3.9775, time 739.49ms, mfu 13.05%
iter 5780: loss 3.9836, time 712.57ms, mfu 13.09%
iter 5790: loss 3.8207, time 730.29ms, mfu 13.10%
iter 5800: loss 3.8996, time 731.55ms, mfu 13.11%
iter 5810: loss 3.7822, time 731.47ms, mfu 13.12%
iter 5820: loss 3.8225, time 743.09ms, mfu 13.10%
iter 5830: loss 3.9602, time 719.67ms, mfu 13.13%
iter 5840: loss 3.9245, time 725.89ms, mfu 13.15%
iter 5850: loss 3.9566, time 733.18ms, mfu 13.15%
iter 5860: loss 3.9412, time 735.94ms, mfu 13.14%
iter 5870: loss 3.9172, time 740.44ms, mfu 13.13%
iter 5880: loss 3.9072, time 735.32ms, mfu 13.13%
iter 5890: loss 3.9039, time 735.74ms, mfu 13.13%
iter 5900: loss 3.8239, time 733.98ms, mfu 13.13%
iter 5910: loss 4.0039, time 730.65ms, mfu 13.14%
iter 5920: loss 3.8791, time 733.86ms, mfu 13.14%
iter 5930: loss 3.8733, time 736.52ms, mfu 13.13%
iter 5940: loss 3.9451, time 746.07ms, mfu 13.11%
iter 5950: loss 3.8439, time 735.25ms, mfu 13.11%
iter 5960: loss 3.8107, time 732.19ms, mfu 13.12%
iter 5970: loss 3.9123, time 734.71ms, mfu 13.12%
iter 5980: loss 3.7513, time 727.78ms, mfu 13.13%
iter 5990: loss 3.9319, time 730.92ms, mfu 13.14%
step 6000: train loss 3.7561, val loss 3.7550
saving checkpoint to /net/scratch2/junyuren/nanoGPT-manifold/out-small-qkv-grass-r256
iter 6000: loss 3.8442, time 8015.21ms, mfu 11.94%
iter 6010: loss 3.8717, time 736.42ms, mfu 12.06%
iter 6020: loss 3.9178, time 731.02ms, mfu 12.17%
iter 6030: loss 3.8307, time 741.48ms, mfu 12.25%
iter 6040: loss 3.8714, time 729.68ms, mfu 12.35%
iter 6050: loss 3.8402, time 727.12ms, mfu 12.44%
iter 6060: loss 3.8406, time 745.75ms, mfu 12.49%
iter 6070: loss 3.8573, time 741.97ms, mfu 12.54%
iter 6080: loss 3.9163, time 727.88ms, mfu 12.61%
iter 6090: loss 3.8515, time 725.60ms, mfu 12.68%
iter 6100: loss 3.8637, time 729.29ms, mfu 12.73%
iter 6110: loss 3.8517, time 725.36ms, mfu 12.79%
iter 6120: loss 3.8569, time 733.80ms, mfu 12.82%
iter 6130: loss 3.7303, time 731.77ms, mfu 12.86%
iter 6140: loss 3.9002, time 745.98ms, mfu 12.87%
iter 6150: loss 3.8827, time 722.56ms, mfu 12.91%
iter 6160: loss 3.9480, time 735.54ms, mfu 12.93%
iter 6170: loss 3.8939, time 731.30ms, mfu 12.96%
iter 6180: loss 3.8769, time 714.92ms, mfu 13.01%
iter 6190: loss 3.7556, time 739.85ms, mfu 13.01%
iter 6200: loss 3.8589, time 731.04ms, mfu 13.03%
iter 6210: loss 3.7984, time 734.83ms, mfu 13.04%
iter 6220: loss 3.7798, time 735.86ms, mfu 13.05%
iter 6230: loss 3.8703, time 733.01ms, mfu 13.06%
iter 6240: loss 3.8281, time 727.43ms, mfu 13.08%
iter 6250: loss 3.8150, time 731.48ms, mfu 13.09%
iter 6260: loss 3.9537, time 718.17ms, mfu 13.12%
iter 6270: loss 3.7468, time 731.67ms, mfu 13.13%
iter 6280: loss 3.7905, time 733.98ms, mfu 13.13%
iter 6290: loss 3.9131, time 736.97ms, mfu 13.12%
iter 6300: loss 3.8791, time 723.94ms, mfu 13.14%
iter 6310: loss 4.0018, time 745.99ms, mfu 13.12%
iter 6320: loss 3.9466, time 736.36ms, mfu 13.12%
iter 6330: loss 3.8769, time 730.77ms, mfu 13.13%
iter 6340: loss 3.8429, time 743.06ms, mfu 13.11%
iter 6350: loss 3.9748, time 731.15ms, mfu 13.12%
iter 6360: loss 3.8666, time 726.03ms, mfu 13.13%
iter 6370: loss 3.8914, time 728.17ms, mfu 13.15%
iter 6380: loss 3.9363, time 722.58ms, mfu 13.16%
iter 6390: loss 3.8956, time 734.82ms, mfu 13.16%
iter 6400: loss 4.0258, time 728.34ms, mfu 13.17%
iter 6410: loss 3.7024, time 731.72ms, mfu 13.17%
iter 6420: loss 3.8536, time 729.94ms, mfu 13.17%
iter 6430: loss 3.7918, time 736.73ms, mfu 13.16%
iter 6440: loss 3.8831, time 737.89ms, mfu 13.15%
iter 6450: loss 3.8096, time 731.98ms, mfu 13.16%
iter 6460: loss 3.9282, time 734.19ms, mfu 13.15%
iter 6470: loss 3.8879, time 735.78ms, mfu 13.15%
iter 6480: loss 3.7895, time 729.69ms, mfu 13.16%
iter 6490: loss 3.7456, time 733.90ms, mfu 13.15%
step 6500: train loss 3.7385, val loss 3.7574
saving checkpoint to /net/scratch2/junyuren/nanoGPT-manifold/out-small-qkv-grass-r256
iter 6500: loss 3.8371, time 8041.92ms, mfu 11.96%
iter 6510: loss 3.8963, time 727.20ms, mfu 12.09%
iter 6520: loss 3.9179, time 736.13ms, mfu 12.19%
iter 6530: loss 3.9163, time 731.51ms, mfu 12.29%
iter 6540: loss 3.8514, time 734.79ms, mfu 12.37%
iter 6550: loss 3.9186, time 741.13ms, mfu 12.44%
iter 6560: loss 3.8645, time 721.77ms, mfu 12.53%
iter 6570: loss 3.7431, time 738.20ms, mfu 12.58%
iter 6580: loss 3.8826, time 727.08ms, mfu 12.65%
iter 6590: loss 3.8248, time 728.47ms, mfu 12.71%
iter 6600: loss 3.9193, time 721.72ms, mfu 12.77%
iter 6610: loss 3.7854, time 734.52ms, mfu 12.81%
iter 6620: loss 3.7452, time 727.66ms, mfu 12.85%
iter 6630: loss 3.8157, time 736.18ms, mfu 12.88%
iter 6640: loss 3.8267, time 738.59ms, mfu 12.89%
iter 6650: loss 3.9080, time 724.48ms, mfu 12.94%
iter 6660: loss 3.9030, time 731.93ms, mfu 12.96%
iter 6670: loss 3.7718, time 736.14ms, mfu 12.97%
iter 6680: loss 3.9456, time 716.71ms, mfu 13.02%
iter 6690: loss 3.5601, time 735.31ms, mfu 13.03%
iter 6700: loss 3.7613, time 733.20ms, mfu 13.04%
iter 6710: loss 3.8436, time 735.18ms, mfu 13.05%
iter 6720: loss 3.9391, time 735.97ms, mfu 13.05%
iter 6730: loss 3.7962, time 731.05ms, mfu 13.07%
iter 6740: loss 3.9251, time 727.70ms, mfu 13.09%
iter 6750: loss 3.9191, time 724.38ms, mfu 13.11%
iter 6760: loss 3.8231, time 751.96ms, mfu 13.08%
iter 6770: loss 3.9279, time 723.50ms, mfu 13.10%
iter 6780: loss 3.7943, time 727.84ms, mfu 13.12%
iter 6790: loss 3.8753, time 729.22ms, mfu 13.13%
iter 6800: loss 3.8900, time 729.38ms, mfu 13.14%
iter 6810: loss 3.8834, time 727.59ms, mfu 13.15%
iter 6820: loss 3.8682, time 726.13ms, mfu 13.16%
iter 6830: loss 3.6524, time 733.56ms, mfu 13.16%
iter 6840: loss 3.8328, time 735.19ms, mfu 13.16%
iter 6850: loss 3.8876, time 726.81ms, mfu 13.17%
iter 6860: loss 3.9247, time 728.11ms, mfu 13.17%
iter 6870: loss 3.9476, time 717.93ms, mfu 13.20%
iter 6880: loss 3.7515, time 729.51ms, mfu 13.20%
iter 6890: loss 3.9417, time 734.22ms, mfu 13.19%
iter 6900: loss 3.8997, time 724.27ms, mfu 13.21%
iter 6910: loss 3.8408, time 735.87ms, mfu 13.20%
iter 6920: loss 3.8610, time 733.79ms, mfu 13.19%
iter 6930: loss 3.8613, time 743.75ms, mfu 13.17%
iter 6940: loss 3.7533, time 734.09ms, mfu 13.16%
iter 6950: loss 3.8872, time 736.50ms, mfu 13.16%
iter 6960: loss 3.8536, time 739.13ms, mfu 13.15%
iter 6970: loss 3.8955, time 737.59ms, mfu 13.14%
iter 6980: loss 3.7820, time 720.79ms, mfu 13.16%
iter 6990: loss 3.9396, time 724.85ms, mfu 13.18%
step 7000: train loss 3.7218, val loss 3.7284
saving checkpoint to /net/scratch2/junyuren/nanoGPT-manifold/out-small-qkv-grass-r256
iter 7000: loss 3.8292, time 8178.91ms, mfu 11.98%
iter 7010: loss 3.8432, time 726.53ms, mfu 12.11%
iter 7020: loss 3.9209, time 721.44ms, mfu 12.23%
iter 7030: loss 3.9100, time 738.52ms, mfu 12.31%
iter 7040: loss 3.8646, time 733.74ms, mfu 12.40%
iter 7050: loss 3.7872, time 737.12ms, mfu 12.47%
iter 7060: loss 3.8537, time 729.79ms, mfu 12.54%
iter 7070: loss 3.9543, time 738.30ms, mfu 12.59%
iter 7080: loss 3.6851, time 735.14ms, mfu 12.64%
iter 7090: loss 3.9431, time 729.89ms, mfu 12.70%
iter 7100: loss 3.6341, time 741.07ms, mfu 12.73%
iter 7110: loss 3.8163, time 723.94ms, mfu 12.79%
iter 7120: loss 3.8255, time 736.44ms, mfu 12.82%
iter 7130: loss 3.8819, time 734.24ms, mfu 12.85%
iter 7140: loss 3.8348, time 730.28ms, mfu 12.89%
iter 7150: loss 3.8160, time 734.17ms, mfu 12.91%
iter 7160: loss 3.6694, time 726.31ms, mfu 12.95%
iter 7170: loss 3.8488, time 728.97ms, mfu 12.98%
iter 7180: loss 3.6458, time 723.37ms, mfu 13.01%
iter 7190: loss 3.9020, time 734.57ms, mfu 13.02%
iter 7200: loss 3.8601, time 742.57ms, mfu 13.02%
iter 7210: loss 3.8566, time 726.19ms, mfu 13.04%
iter 7220: loss 3.8743, time 740.60ms, mfu 13.04%
iter 7230: loss 3.7435, time 726.18ms, mfu 13.07%
iter 7240: loss 3.7901, time 731.02ms, mfu 13.08%
iter 7250: loss 3.7928, time 702.00ms, mfu 13.14%
iter 7260: loss 3.8272, time 735.27ms, mfu 13.14%
iter 7270: loss 3.6744, time 738.72ms, mfu 13.13%
iter 7280: loss 3.8671, time 732.96ms, mfu 13.13%
iter 7290: loss 3.9324, time 727.85ms, mfu 13.15%
iter 7300: loss 3.8088, time 720.90ms, mfu 13.17%
iter 7310: loss 3.8140, time 738.08ms, mfu 13.16%
iter 7320: loss 3.7266, time 716.63ms, mfu 13.19%
iter 7330: loss 3.8266, time 728.34ms, mfu 13.19%
iter 7340: loss 3.8295, time 737.74ms, mfu 13.18%
iter 7350: loss 3.9398, time 727.41ms, mfu 13.19%
iter 7360: loss 3.8434, time 746.20ms, mfu 13.16%
iter 7370: loss 3.8358, time 739.29ms, mfu 13.15%
iter 7380: loss 3.8857, time 728.43ms, mfu 13.16%
iter 7390: loss 3.8197, time 723.45ms, mfu 13.17%
iter 7400: loss 3.8168, time 728.70ms, mfu 13.18%
iter 7410: loss 3.8873, time 740.47ms, mfu 13.16%
iter 7420: loss 3.6477, time 737.26ms, mfu 13.16%
iter 7430: loss 3.8401, time 738.51ms, mfu 13.15%
iter 7440: loss 3.7578, time 735.56ms, mfu 13.14%
iter 7450: loss 3.8665, time 734.59ms, mfu 13.14%
iter 7460: loss 3.7603, time 729.35ms, mfu 13.15%
iter 7470: loss 3.7740, time 729.10ms, mfu 13.16%
iter 7480: loss 3.8386, time 722.03ms, mfu 13.18%
iter 7490: loss 3.8453, time 739.30ms, mfu 13.16%
step 7500: train loss 3.7141, val loss 3.7164
saving checkpoint to /net/scratch2/junyuren/nanoGPT-manifold/out-small-qkv-grass-r256
iter 7500: loss 3.8600, time 8045.44ms, mfu 11.97%
iter 7510: loss 3.9301, time 739.06ms, mfu 12.07%
iter 7520: loss 3.8341, time 741.85ms, mfu 12.17%
iter 7530: loss 3.6872, time 732.64ms, mfu 12.27%
iter 7540: loss 3.9097, time 736.83ms, mfu 12.35%
iter 7550: loss 3.8583, time 738.84ms, mfu 12.42%
iter 7560: loss 3.6348, time 746.28ms, mfu 12.47%
iter 7570: loss 3.9155, time 729.01ms, mfu 12.54%
iter 7580: loss 3.6591, time 733.03ms, mfu 12.60%
iter 7590: loss 3.7447, time 735.67ms, mfu 12.65%
iter 7600: loss 3.7902, time 750.32ms, mfu 12.67%
iter 7610: loss 3.9069, time 726.00ms, mfu 12.73%
iter 7620: loss 3.7337, time 734.48ms, mfu 12.77%
iter 7630: loss 3.9290, time 723.88ms, mfu 12.83%
iter 7640: loss 3.8194, time 716.13ms, mfu 12.89%
iter 7650: loss 3.8035, time 741.46ms, mfu 12.90%
iter 7660: loss 3.8474, time 725.91ms, mfu 12.94%
iter 7670: loss 3.8806, time 727.89ms, mfu 12.97%
iter 7680: loss 3.7736, time 755.50ms, mfu 12.95%
iter 7690: loss 3.9302, time 726.32ms, mfu 12.98%
iter 7700: loss 3.8461, time 738.17ms, mfu 12.99%
iter 7710: loss 3.8429, time 733.81ms, mfu 13.01%
iter 7720: loss 3.7864, time 741.81ms, mfu 13.00%
iter 7730: loss 3.7924, time 729.64ms, mfu 13.03%
iter 7740: loss 3.7474, time 735.82ms, mfu 13.03%
iter 7750: loss 3.8788, time 740.73ms, mfu 13.03%
iter 7760: loss 3.7240, time 736.71ms, mfu 13.04%
iter 7770: loss 3.8891, time 729.20ms, mfu 13.06%
iter 7780: loss 3.8807, time 742.52ms, mfu 13.05%
iter 7790: loss 3.7884, time 747.69ms, mfu 13.03%
iter 7800: loss 3.7893, time 739.16ms, mfu 13.03%
iter 7810: loss 3.8017, time 725.34ms, mfu 13.06%
iter 7820: loss 3.8284, time 739.62ms, mfu 13.06%
iter 7830: loss 3.7040, time 735.29ms, mfu 13.06%
iter 7840: loss 3.8545, time 733.27ms, mfu 13.07%
iter 7850: loss 3.8706, time 733.54ms, mfu 13.08%
iter 7860: loss 3.8748, time 742.37ms, mfu 13.07%
iter 7870: loss 3.7697, time 732.36ms, mfu 13.08%
iter 7880: loss 3.9803, time 742.74ms, mfu 13.07%
iter 7890: loss 3.8644, time 739.99ms, mfu 13.07%
iter 7900: loss 3.8482, time 739.49ms, mfu 13.06%
iter 7910: loss 3.7808, time 729.87ms, mfu 13.08%
iter 7920: loss 3.9012, time 733.53ms, mfu 13.08%
iter 7930: loss 3.9834, time 734.38ms, mfu 13.09%
iter 7940: loss 3.8798, time 734.26ms, mfu 13.09%
iter 7950: loss 3.7554, time 741.29ms, mfu 13.08%
iter 7960: loss 3.9244, time 740.02ms, mfu 13.08%
iter 7970: loss 3.8256, time 730.16ms, mfu 13.09%
iter 7980: loss 3.8417, time 733.93ms, mfu 13.10%
iter 7990: loss 3.7853, time 730.66ms, mfu 13.11%
step 8000: train loss 3.6967, val loss 3.7072
saving checkpoint to /net/scratch2/junyuren/nanoGPT-manifold/out-small-qkv-grass-r256
iter 8000: loss 3.9500, time 8007.63ms, mfu 11.92%
iter 8010: loss 3.7504, time 740.18ms, mfu 12.03%
iter 8020: loss 3.7387, time 733.08ms, mfu 12.14%
iter 8030: loss 3.8259, time 738.05ms, mfu 12.23%
iter 8040: loss 3.7847, time 726.02ms, mfu 12.34%
iter 8050: loss 3.8845, time 740.50ms, mfu 12.41%
iter 8060: loss 3.8799, time 738.07ms, mfu 12.47%
iter 8070: loss 3.7239, time 734.79ms, mfu 12.54%
iter 8080: loss 3.9068, time 734.11ms, mfu 12.60%
iter 8090: loss 3.8435, time 739.84ms, mfu 12.64%
iter 8100: loss 3.7212, time 734.25ms, mfu 12.69%
iter 8110: loss 3.7846, time 728.01ms, mfu 12.74%
iter 8120: loss 3.7529, time 733.10ms, mfu 12.78%
iter 8130: loss 3.8904, time 710.90ms, mfu 12.86%
iter 8140: loss 3.8308, time 725.61ms, mfu 12.91%
iter 8150: loss 3.7552, time 736.47ms, mfu 12.92%
iter 8160: loss 3.7819, time 735.90ms, mfu 12.94%
iter 8170: loss 3.9234, time 742.60ms, mfu 12.95%
iter 8180: loss 3.8914, time 741.66ms, mfu 12.95%
iter 8190: loss 3.8573, time 739.98ms, mfu 12.96%
iter 8200: loss 3.7752, time 733.87ms, mfu 12.98%
iter 8210: loss 3.8521, time 739.14ms, mfu 12.98%
iter 8220: loss 3.6934, time 738.82ms, mfu 12.99%
iter 8230: loss 3.8854, time 745.97ms, mfu 12.98%
iter 8240: loss 3.8087, time 730.17ms, mfu 13.01%
iter 8250: loss 3.8546, time 741.21ms, mfu 13.01%
iter 8260: loss 3.8119, time 737.46ms, mfu 13.01%
iter 8270: loss 3.7124, time 734.09ms, mfu 13.03%
iter 8280: loss 3.6333, time 746.72ms, mfu 13.01%
iter 8290: loss 3.8230, time 735.93ms, mfu 13.02%
iter 8300: loss 3.6961, time 735.60ms, mfu 13.03%
iter 8310: loss 3.8188, time 731.75ms, mfu 13.05%
iter 8320: loss 3.7972, time 733.91ms, mfu 13.05%
iter 8330: loss 3.7239, time 748.54ms, mfu 13.04%
iter 8340: loss 3.9026, time 741.80ms, mfu 13.03%
iter 8350: loss 3.7847, time 737.06ms, mfu 13.04%
iter 8360: loss 3.7820, time 734.06ms, mfu 13.05%
iter 8370: loss 3.7797, time 741.57ms, mfu 13.04%
iter 8380: loss 3.7080, time 745.65ms, mfu 13.03%
iter 8390: loss 3.8733, time 736.80ms, mfu 13.04%
iter 8400: loss 3.8851, time 735.21ms, mfu 13.05%
iter 8410: loss 3.7671, time 739.03ms, mfu 13.05%
iter 8420: loss 3.8345, time 723.16ms, mfu 13.07%
iter 8430: loss 3.8476, time 733.40ms, mfu 13.08%
iter 8440: loss 3.7717, time 734.80ms, mfu 13.09%
iter 8450: loss 3.8321, time 737.17ms, mfu 13.08%
iter 8460: loss 3.8585, time 735.18ms, mfu 13.09%
iter 8470: loss 3.7677, time 736.93ms, mfu 13.09%
iter 8480: loss 3.8404, time 736.37ms, mfu 13.09%
iter 8490: loss 3.8276, time 729.18ms, mfu 13.10%
step 8500: train loss 3.6835, val loss 3.6945
saving checkpoint to /net/scratch2/junyuren/nanoGPT-manifold/out-small-qkv-grass-r256
iter 8500: loss 3.7996, time 8380.10ms, mfu 11.91%
iter 8510: loss 3.8721, time 729.91ms, mfu 12.04%
iter 8520: loss 3.7711, time 735.69ms, mfu 12.14%
iter 8530: loss 3.7803, time 728.57ms, mfu 12.25%
iter 8540: loss 3.7254, time 739.18ms, mfu 12.33%
iter 8550: loss 3.8069, time 743.14ms, mfu 12.40%
iter 8560: loss 3.8765, time 729.39ms, mfu 12.48%
iter 8570: loss 3.7810, time 741.43ms, mfu 12.53%
iter 8580: loss 3.6799, time 731.69ms, mfu 12.60%
iter 8590: loss 3.8369, time 735.23ms, mfu 12.65%
iter 8600: loss 3.8786, time 740.01ms, mfu 12.69%
iter 8610: loss 3.7997, time 742.53ms, mfu 12.72%
iter 8620: loss 3.8103, time 738.76ms, mfu 12.75%
iter 8630: loss 3.8001, time 721.91ms, mfu 12.81%
iter 8640: loss 3.8334, time 743.45ms, mfu 12.83%
iter 8650: loss 3.7919, time 734.36ms, mfu 12.86%
iter 8660: loss 3.7802, time 741.25ms, mfu 12.87%
iter 8670: loss 3.7811, time 730.24ms, mfu 12.90%
iter 8680: loss 3.7970, time 740.85ms, mfu 12.92%
iter 8690: loss 3.7798, time 736.65ms, mfu 12.93%
iter 8700: loss 3.8357, time 723.93ms, mfu 12.97%
iter 8710: loss 3.8935, time 739.20ms, mfu 12.98%
iter 8720: loss 3.7110, time 738.42ms, mfu 12.99%
iter 8730: loss 3.8024, time 743.48ms, mfu 12.98%
iter 8740: loss 3.7862, time 737.37ms, mfu 12.99%
iter 8750: loss 3.8694, time 739.51ms, mfu 13.00%
iter 8760: loss 3.8375, time 731.39ms, mfu 13.02%
iter 8770: loss 3.8795, time 742.49ms, mfu 13.01%
iter 8780: loss 3.8394, time 737.61ms, mfu 13.02%
iter 8790: loss 3.8706, time 734.24ms, mfu 13.03%
iter 8800: loss 3.7075, time 748.57ms, mfu 13.02%
iter 8810: loss 3.6596, time 743.34ms, mfu 13.01%
iter 8820: loss 3.7724, time 750.32ms, mfu 12.99%
iter 8830: loss 3.8086, time 731.56ms, mfu 13.01%
iter 8840: loss 3.7238, time 753.12ms, mfu 12.99%
iter 8850: loss 3.8495, time 742.75ms, mfu 12.99%
iter 8860: loss 3.6788, time 746.72ms, mfu 12.98%
iter 8870: loss 3.6748, time 740.69ms, mfu 12.99%
iter 8880: loss 3.7433, time 743.16ms, mfu 12.99%
iter 8890: loss 3.7293, time 742.09ms, mfu 12.99%
iter 8900: loss 3.8965, time 746.01ms, mfu 12.98%
iter 8910: loss 3.7601, time 749.71ms, mfu 12.97%
iter 8920: loss 3.6372, time 736.96ms, mfu 12.98%
iter 8930: loss 3.7983, time 741.79ms, mfu 12.98%
iter 8940: loss 3.7189, time 749.40ms, mfu 12.97%
iter 8950: loss 3.8310, time 736.20ms, mfu 12.98%
iter 8960: loss 3.9473, time 735.94ms, mfu 12.99%
iter 8970: loss 3.8087, time 736.10ms, mfu 13.00%
iter 8980: loss 3.8353, time 742.09ms, mfu 13.00%
iter 8990: loss 3.7681, time 746.79ms, mfu 12.99%
step 9000: train loss 3.6786, val loss 3.6937
saving checkpoint to /net/scratch2/junyuren/nanoGPT-manifold/out-small-qkv-grass-r256
iter 9000: loss 3.7252, time 8047.36ms, mfu 11.81%
iter 9010: loss 3.7856, time 748.66ms, mfu 11.92%
iter 9020: loss 3.7765, time 748.83ms, mfu 12.02%
iter 9030: loss 3.8346, time 740.19ms, mfu 12.12%
iter 9040: loss 3.8868, time 735.75ms, mfu 12.22%
iter 9050: loss 3.8092, time 736.80ms, mfu 12.30%
iter 9060: loss 3.7263, time 735.18ms, mfu 12.38%
iter 9070: loss 3.7753, time 741.88ms, mfu 12.45%
iter 9080: loss 3.7880, time 760.32ms, mfu 12.47%
iter 9090: loss 3.6564, time 743.12ms, mfu 12.52%
iter 9100: loss 3.7756, time 744.51ms, mfu 12.56%
iter 9110: loss 3.7560, time 741.25ms, mfu 12.61%
iter 9120: loss 3.8330, time 743.34ms, mfu 12.64%
iter 9130: loss 3.9188, time 743.50ms, mfu 12.68%
iter 9140: loss 3.8813, time 736.50ms, mfu 12.72%
iter 9150: loss 3.7929, time 749.10ms, mfu 12.73%
iter 9160: loss 3.8957, time 743.62ms, mfu 12.76%
iter 9170: loss 3.8889, time 737.64ms, mfu 12.79%
iter 9180: loss 3.7982, time 741.52ms, mfu 12.81%
iter 9190: loss 3.7714, time 736.60ms, mfu 12.84%
iter 9200: loss 3.8021, time 739.46ms, mfu 12.86%
iter 9210: loss 3.7727, time 743.19ms, mfu 12.87%
iter 9220: loss 3.9141, time 743.39ms, mfu 12.88%
iter 9230: loss 3.8132, time 745.36ms, mfu 12.88%
iter 9240: loss 3.8511, time 737.99ms, mfu 12.90%
iter 9250: loss 3.8912, time 747.68ms, mfu 12.90%
iter 9260: loss 3.7102, time 749.50ms, mfu 12.90%
iter 9270: loss 3.6897, time 735.65ms, mfu 12.92%
iter 9280: loss 3.8639, time 743.42ms, mfu 12.92%
iter 9290: loss 3.6037, time 702.75ms, mfu 13.00%
iter 9300: loss 3.8120, time 746.90ms, mfu 12.99%
iter 9310: loss 3.7521, time 743.70ms, mfu 12.99%
iter 9320: loss 3.7267, time 749.16ms, mfu 12.98%
iter 9330: loss 3.7946, time 698.39ms, mfu 13.06%
iter 9340: loss 3.8396, time 732.81ms, mfu 13.07%
iter 9350: loss 3.7770, time 753.30ms, mfu 13.04%
iter 9360: loss 3.7294, time 748.52ms, mfu 13.03%
iter 9370: loss 3.8531, time 732.43ms, mfu 13.04%
iter 9380: loss 3.7313, time 748.39ms, mfu 13.03%
iter 9390: loss 3.8576, time 740.66ms, mfu 13.02%
iter 9400: loss 3.6645, time 737.52ms, mfu 13.03%
iter 9410: loss 3.7828, time 748.91ms, mfu 13.01%
iter 9420: loss 3.7824, time 746.24ms, mfu 13.00%
iter 9430: loss 3.7275, time 737.20ms, mfu 13.01%
iter 9440: loss 3.8292, time 738.99ms, mfu 13.02%
iter 9450: loss 3.8196, time 748.61ms, mfu 13.00%
iter 9460: loss 3.6268, time 725.34ms, mfu 13.03%
iter 9470: loss 3.7159, time 735.65ms, mfu 13.04%
iter 9480: loss 3.6970, time 738.40ms, mfu 13.04%
iter 9490: loss 3.7163, time 736.76ms, mfu 13.05%
step 9500: train loss 3.6821, val loss 3.6838
saving checkpoint to /net/scratch2/junyuren/nanoGPT-manifold/out-small-qkv-grass-r256
iter 9500: loss 3.7611, time 8055.40ms, mfu 11.86%
iter 9510: loss 3.8800, time 750.24ms, mfu 11.96%
iter 9520: loss 3.8793, time 739.39ms, mfu 12.07%
iter 9530: loss 3.6556, time 738.51ms, mfu 12.17%
iter 9540: loss 3.8594, time 737.32ms, mfu 12.26%
iter 9550: loss 3.7957, time 746.35ms, mfu 12.32%
iter 9560: loss 3.7942, time 752.21ms, mfu 12.37%
iter 9570: loss 3.9211, time 739.68ms, mfu 12.44%
iter 9580: loss 3.8556, time 745.78ms, mfu 12.49%
iter 9590: loss 3.7922, time 734.30ms, mfu 12.55%
iter 9600: loss 3.7157, time 745.06ms, mfu 12.59%
iter 9610: loss 3.8527, time 733.40ms, mfu 12.65%
iter 9620: loss 3.7992, time 747.44ms, mfu 12.67%
iter 9630: loss 3.8964, time 729.66ms, mfu 12.73%
iter 9640: loss 3.7974, time 732.34ms, mfu 12.77%
iter 9650: loss 3.9331, time 736.46ms, mfu 12.80%
iter 9660: loss 3.7054, time 740.08ms, mfu 12.82%
iter 9670: loss 3.7739, time 752.36ms, mfu 12.82%
iter 9680: loss 3.8948, time 743.34ms, mfu 12.84%
iter 9690: loss 3.7116, time 743.73ms, mfu 12.85%
iter 9700: loss 3.7753, time 745.52ms, mfu 12.86%
iter 9710: loss 3.8912, time 748.21ms, mfu 12.86%
iter 9720: loss 3.7298, time 733.46ms, mfu 12.89%
iter 9730: loss 3.8167, time 748.35ms, mfu 12.89%
iter 9740: loss 3.8316, time 752.50ms, mfu 12.88%
iter 9750: loss 3.7685, time 731.44ms, mfu 12.91%
iter 9760: loss 3.7320, time 750.97ms, mfu 12.90%
iter 9770: loss 3.7644, time 752.58ms, mfu 12.90%
iter 9780: loss 3.7971, time 746.35ms, mfu 12.90%
iter 9790: loss 3.6989, time 737.00ms, mfu 12.92%
iter 9800: loss 3.8014, time 727.75ms, mfu 12.95%
iter 9810: loss 3.7002, time 752.34ms, mfu 12.94%
iter 9820: loss 3.7623, time 740.74ms, mfu 12.94%
iter 9830: loss 3.8786, time 743.11ms, mfu 12.95%
iter 9840: loss 3.7788, time 739.47ms, mfu 12.96%
iter 9850: loss 3.7664, time 743.84ms, mfu 12.96%
iter 9860: loss 3.8445, time 744.26ms, mfu 12.96%
iter 9870: loss 3.7456, time 755.75ms, mfu 12.94%
iter 9880: loss 3.9082, time 747.65ms, mfu 12.93%
iter 9890: loss 3.6674, time 737.06ms, mfu 12.95%
iter 9900: loss 3.7549, time 744.88ms, mfu 12.95%
iter 9910: loss 3.8341, time 737.80ms, mfu 12.96%
iter 9920: loss 3.8202, time 742.01ms, mfu 12.96%
iter 9930: loss 3.8830, time 751.35ms, mfu 12.95%
iter 9940: loss 3.7992, time 751.81ms, mfu 12.94%
iter 9950: loss 3.7662, time 756.40ms, mfu 12.92%
iter 9960: loss 3.7884, time 753.54ms, mfu 12.91%
iter 9970: loss 3.8148, time 746.10ms, mfu 12.91%
iter 9980: loss 3.7197, time 746.22ms, mfu 12.91%
iter 9990: loss 3.9163, time 749.61ms, mfu 12.90%
step 10000: train loss 3.6758, val loss 3.6795
saving checkpoint to /net/scratch2/junyuren/nanoGPT-manifold/out-small-qkv-grass-r256
iter 10000: loss 3.9411, time 8533.73ms, mfu 11.73%
